Log file created at: 2017/04/18 08:08:53
Running on machine: GCRGPU-MSRA003
Log line format: [IWEF]mmdd hh:mm:ss.uuuuuu threadid file:line] msg
I0418 08:08:53.311708  7952 caffe.cpp:276] Use GPU with device ID 0
I0418 08:08:53.530468  7952 caffe.cpp:280] GPU device name: Tesla K40m
I0418 08:08:55.046151  7952 common.cpp:36] System entropy source not available, using fallback algorithm to generate seed instead.
I0418 08:08:55.327414  7952 net.cpp:51] Initializing net from parameters: 
name: "RA_CNN"
state {
  phase: TEST
  level: 0
  stage: ""
}
layer {
  name: "data"
  type: "Data"
  top: "data"
  top: "label"
  include {
    phase: TEST
  }
  transform_param {
    mirror: false
    crop_size: 448
    mean_value: 109.973
    mean_value: 127.338
    mean_value: 123.883
  }
  data_param {
    source: "\\\\6CR6228979\\D$\\data\\bird\\448_test_lmdb"
    batch_size: 1
    backend: LMDB
  }
}
layer {
  name: "conv1_1"
  type: "Convolution"
  bottom: "data"
  top: "conv1_1"
  param {
    lr_mult: 0
    decay_mult: 0
  }
  param {
    lr_mult: 0
    decay_mult: 0
  }
  convolution_param {
    num_output: 64
    pad: 1
    kernel_size: 3
    weight_filler {
      type: "gaussian"
      std: 0.01
    }
    bias_filler {
      type: "constant"
      value: 0
    }
  }
}
layer {
  name: "relu1_1"
  type: "ReLU"
  bottom: "conv1_1"
  top: "conv1_1"
}
layer {
  name: "conv1_2"
  type: "Convolution"
  bottom: "conv1_1"
  top: "conv1_2"
  param {
    lr_mult: 0
    decay_mult: 0
  }
  param {
    lr_mult: 0
    decay_mult: 0
  }
  convolution_param {
    num_output: 64
    pad: 1
    kernel_size: 3
    weight_filler {
      type: "gaussian"
      std: 0.01
    }
    bias_filler {
      type: "constant"
      value: 0
    }
  }
}
layer {
  name: "relu1_2"
  type: "ReLU"
  bottom: "conv1_2"
  top: "conv1_2"
}
layer {
  name: "pool1"
  type: "Pooling"
  bottom: "conv1_2"
  top: "pool1"
  pooling_param {
    pool: MAX
    kernel_size: 2
    stride: 2
  }
}
layer {
  name: "conv2_1"
  type: "Convolution"
  bottom: "pool1"
  top: "conv2_1"
  param {
    lr_mult: 0
    decay_mult: 0
  }
  param {
    lr_mult: 0
    decay_mult: 0
  }
  convolution_param {
    num_output: 128
    pad: 1
    kernel_size: 3
    weight_filler {
      type: "gaussian"
      std: 0.01
    }
    bias_filler {
      type: "constant"
      value: 0
    }
  }
}
layer {
  name: "relu2_1"
  type: "ReLU"
  bottom: "conv2_1"
  top: "conv2_1"
}
layer {
  name: "conv2_2"
  type: "Convolution"
  bottom: "conv2_1"
  top: "conv2_2"
  param {
    lr_mult: 0
    decay_mult: 0
  }
  param {
    lr_mult: 0
    decay_mult: 0
  }
  convolution_param {
    num_output: 128
    pad: 1
    kernel_size: 3
    weight_filler {
      type: "gaussian"
      std: 0.01
    }
    bias_filler {
      type: "constant"
      value: 0
    }
  }
}
layer {
  name: "relu2_2"
  type: "ReLU"
  bottom: "conv2_2"
  top: "conv2_2"
}
layer {
  name: "pool2"
  type: "Pooling"
  bottom: "conv2_2"
  top: "pool2"
  pooling_param {
    pool: MAX
    kernel_size: 2
    stride: 2
  }
}
layer {
  name: "conv3_1"
  type: "Convolution"
  bottom: "pool2"
  top: "conv3_1"
  param {
    lr_mult: 0
    decay_mult: 0
  }
  param {
    lr_mult: 0
    decay_mult: 0
  }
  convolution_param {
    num_output: 256
    pad: 1
    kernel_size: 3
    weight_filler {
      type: "gaussian"
      std: 0.01
    }
    bias_filler {
      type: "constant"
      value: 0
    }
  }
}
layer {
  name: "relu3_1"
  type: "ReLU"
  bottom: "conv3_1"
  top: "conv3_1"
}
layer {
  name: "conv3_2"
  type: "Convolution"
  bottom: "conv3_1"
  top: "conv3_2"
  param {
    lr_mult: 0
    decay_mult: 0
  }
  param {
    lr_mult: 0
    decay_mult: 0
  }
  convolution_param {
    num_output: 256
    pad: 1
    kernel_size: 3
    weight_filler {
      type: "gaussian"
      std: 0.01
    }
    bias_filler {
      type: "constant"
      value: 0
    }
  }
}
layer {
  name: "relu3_2"
  type: "ReLU"
  bottom: "conv3_2"
  top: "conv3_2"
}
layer {
  name: "conv3_3"
  type: "Convolution"
  bottom: "conv3_2"
  top: "conv3_3"
  param {
    lr_mult: 0
    decay_mult: 0
  }
  param {
    lr_mult: 0
    decay_mult: 0
  }
  convolution_param {
    num_output: 256
    pad: 1
    kernel_size: 3
    weight_filler {
      type: "gaussian"
      std: 0.01
    }
    bias_filler {
      type: "constant"
      value: 0
    }
  }
}
layer {
  name: "relu3_3"
  type: "ReLU"
  bottom: "conv3_3"
  top: "conv3_3"
}
layer {
  name: "conv3_4"
  type: "Convolution"
  bottom: "conv3_3"
  top: "conv3_4"
  param {
    lr_mult: 0
    decay_mult: 0
  }
  param {
    lr_mult: 0
    decay_mult: 0
  }
  convolution_param {
    num_output: 256
    pad: 1
    kernel_size: 3
    weight_filler {
      type: "gaussian"
      std: 0.01
    }
    bias_filler {
      type: "constant"
      value: 0
    }
  }
}
layer {
  name: "relu3_4"
  type: "ReLU"
  bottom: "conv3_4"
  top: "conv3_4"
}
layer {
  name: "pool3"
  type: "Pooling"
  bottom: "conv3_4"
  top: "pool3"
  pooling_param {
    pool: MAX
    kernel_size: 2
    stride: 2
  }
}
layer {
  name: "conv4_1"
  type: "Convolution"
  bottom: "pool3"
  top: "conv4_1"
  param {
    lr_mult: 0
    decay_mult: 0
  }
  param {
    lr_mult: 0
    decay_mult: 0
  }
  convolution_param {
    num_output: 512
    pad: 1
    kernel_size: 3
    weight_filler {
      type: "gaussian"
      std: 0.01
    }
    bias_filler {
      type: "constant"
      value: 0
    }
  }
}
layer {
  name: "relu4_1"
  type: "ReLU"
  bottom: "conv4_1"
  top: "conv4_1"
}
layer {
  name: "conv4_2"
  type: "Convolution"
  bottom: "conv4_1"
  top: "conv4_2"
  param {
    lr_mult: 0
    decay_mult: 0
  }
  param {
    lr_mult: 0
    decay_mult: 0
  }
  convolution_param {
    num_output: 512
    pad: 1
    kernel_size: 3
    weight_filler {
      type: "gaussian"
      std: 0.01
    }
    bias_filler {
      type: "constant"
      value: 0
    }
  }
}
layer {
  name: "relu4_2"
  type: "ReLU"
  bottom: "conv4_2"
  top: "conv4_2"
}
layer {
  name: "conv4_3"
  type: "Convolution"
  bottom: "conv4_2"
  top: "conv4_3"
  param {
    lr_mult: 0
    decay_mult: 0
  }
  param {
    lr_mult: 0
    decay_mult: 0
  }
  convolution_param {
    num_output: 512
    pad: 1
    kernel_size: 3
    weight_filler {
      type: "gaussian"
      std: 0.01
    }
    bias_filler {
      type: "constant"
      value: 0
    }
  }
}
layer {
  name: "relu4_3"
  type: "ReLU"
  bottom: "conv4_3"
  top: "conv4_3"
}
layer {
  name: "conv4_4"
  type: "Convolution"
  bottom: "conv4_3"
  top: "conv4_4"
  param {
    lr_mult: 0
    decay_mult: 0
  }
  param {
    lr_mult: 0
    decay_mult: 0
  }
  convolution_param {
    num_output: 512
    pad: 1
    kernel_size: 3
    weight_filler {
      type: "gaussian"
      std: 0.01
    }
    bias_filler {
      type: "constant"
      value: 0
    }
  }
}
layer {
  name: "relu4_4"
  type: "ReLU"
  bottom: "conv4_4"
  top: "conv4_4"
}
layer {
  name: "pool4"
  type: "Pooling"
  bottom: "conv4_4"
  top: "pool4"
  pooling_param {
    pool: MAX
    kernel_size: 2
    stride: 2
  }
}
layer {
  name: "conv5_1"
  type: "Convolution"
  bottom: "pool4"
  top: "conv5_1"
  param {
    lr_mult: 0
    decay_mult: 0
  }
  param {
    lr_mult: 0
    decay_mult: 0
  }
  convolution_param {
    num_output: 512
    pad: 1
    kernel_size: 3
    weight_filler {
      type: "gaussian"
      std: 0.01
    }
    bias_filler {
      type: "constant"
      value: 0
    }
  }
}
layer {
  name: "relu5_1"
  type: "ReLU"
  bottom: "conv5_1"
  top: "conv5_1"
}
layer {
  name: "conv5_2"
  type: "Convolution"
  bottom: "conv5_1"
  top: "conv5_2"
  param {
    lr_mult: 0
    decay_mult: 0
  }
  param {
    lr_mult: 0
    decay_mult: 0
  }
  convolution_param {
    num_output: 512
    pad: 1
    kernel_size: 3
    weight_filler {
      type: "gaussian"
      std: 0.01
    }
    bias_filler {
      type: "constant"
      value: 0
    }
  }
}
layer {
  name: "relu5_2"
  type: "ReLU"
  bottom: "conv5_2"
  top: "conv5_2"
}
layer {
  name: "conv5_3"
  type: "Convolution"
  bottom: "conv5_2"
  top: "conv5_3"
  param {
    lr_mult: 0
    decay_mult: 0
  }
  param {
    lr_mult: 0
    decay_mult: 0
  }
  convolution_param {
    num_output: 512
    pad: 1
    kernel_size: 3
    weight_filler {
      type: "gaussian"
      std: 0.01
    }
    bias_filler {
      type: "constant"
      value: 0
    }
  }
}
layer {
  name: "relu5_3"
  type: "ReLU"
  bottom: "conv5_3"
  top: "conv5_3"
}
layer {
  name: "conv5_4"
  type: "Convolution"
  bottom: "conv5_3"
  top: "conv5_4"
  param {
    lr_mult: 0
    decay_mult: 0
  }
  param {
    lr_mult: 0
    decay_mult: 0
  }
  convolution_param {
    num_output: 512
    pad: 1
    kernel_size: 3
    weight_filler {
      type: "gaussian"
      std: 0.01
    }
    bias_filler {
      type: "constant"
      value: 0
    }
  }
}
layer {
  name: "relu5_4"
  type: "ReLU"
  bottom: "conv5_4"
  top: "conv5_4"
}
layer {
  name: "pool5"
  type: "Pooling"
  bottom: "conv5_4"
  top: "pool5"
  pooling_param {
    pool: AVE
    kernel_size: 28
    stride: 28
  }
}
layer {
  name: "anp_pool"
  type: "Pooling"
  bottom: "conv5_4"
  top: "anp_pool"
  pooling_param {
    pool: MAX
    kernel_size: 2
    stride: 2
  }
}
layer {
  name: "get_abc1"
  type: "InnerProduct"
  bottom: "anp_pool"
  top: "get_abc1"
  param {
    lr_mult: 0
    decay_mult: 0
  }
  param {
    lr_mult: 0
    decay_mult: 0
  }
  inner_product_param {
    num_output: 1024
    weight_filler {
      type: "gaussian"
      std: 0.001
    }
    bias_filler {
      type: "constant"
      value: 0
    }
  }
}
layer {
  name: "tanh"
  type: "TanH"
  bottom: "get_abc1"
  top: "tanh"
}
layer {
  name: "get_abc2"
  type: "InnerProduct"
  bottom: "tanh"
  top: "get_abc2"
  param {
    lr_mult: 0
    decay_mult: 0
  }
  param {
    lr_mult: 0
    decay_mult: 0
  }
  inner_product_param {
    num_output: 3
    weight_filler {
      type: "gaussian"
      std: 0.001
    }
    bias_filler {
      type: "constant"
      value: 0
    }
  }
}
layer {
  name: "sigmoid"
  type: "Sigmoid"
  bottom: "get_abc2"
  top: "sig_abc"
}
layer {
  name: "get448"
  type: "Power"
  bottom: "sig_abc"
  top: "get448"
  power_param {
    power: 1
    scale: 448
    shift: 0
  }
}
layer {
  name: "atten_crop"
  type: "AttentionCrop"
  bottom: "data"
  bottom: "get448"
  top: "scale2_data"
}
layer {
  name: "conv1_1_A"
  type: "Convolution"
  bottom: "scale2_data"
  top: "conv1_1_A"
  param {
    lr_mult: 0
    decay_mult: 0
  }
  param {
    lr_mult: 0
    decay_mult: 0
  }
  convolution_param {
    num_output: 64
    pad: 1
    kernel_size: 3
    weight_filler {
      type: "gaussian"
      std: 0.01
    }
    bias_filler {
      type: "constant"
      value: 0
    }
  }
}
layer {
  name: "relu1_1_A"
  type: "ReLU"
  bottom: "conv1_1_A"
  top: "conv1_1_A"
}
layer {
  name: "conv1_2_A"
  type: "Convolution"
  bottom: "conv1_1_A"
  top: "conv1_2_A"
  param {
    lr_mult: 0
    decay_mult: 0
  }
  param {
    lr_mult: 0
    decay_mult: 0
  }
  convolution_param {
    num_output: 64
    pad: 1
    kernel_size: 3
    weight_filler {
      type: "gaussian"
      std: 0.01
    }
    bias_filler {
      type: "constant"
      value: 0
    }
  }
}
layer {
  name: "relu1_2_A"
  type: "ReLU"
  bottom: "conv1_2_A"
  top: "conv1_2_A"
}
layer {
  name: "pool1_A"
  type: "Pooling"
  bottom: "conv1_2_A"
  top: "pool1_A"
  pooling_param {
    pool: MAX
    kernel_size: 2
    stride: 2
  }
}
layer {
  name: "conv2_1_A"
  type: "Convolution"
  bottom: "pool1_A"
  top: "conv2_1_A"
  param {
    lr_mult: 0
    decay_mult: 0
  }
  param {
    lr_mult: 0
    decay_mult: 0
  }
  convolution_param {
    num_output: 128
    pad: 1
    kernel_size: 3
    weight_filler {
      type: "gaussian"
      std: 0.01
    }
    bias_filler {
      type: "constant"
      value: 0
    }
  }
}
layer {
  name: "relu2_1_A"
  type: "ReLU"
  bottom: "conv2_1_A"
  top: "conv2_1_A"
}
layer {
  name: "conv2_2_A"
  type: "Convolution"
  bottom: "conv2_1_A"
  top: "conv2_2_A"
  param {
    lr_mult: 0
    decay_mult: 0
  }
  param {
    lr_mult: 0
    decay_mult: 0
  }
  convolution_param {
    num_output: 128
    pad: 1
    kernel_size: 3
    weight_filler {
      type: "gaussian"
      std: 0.01
    }
    bias_filler {
      type: "constant"
      value: 0
    }
  }
}
layer {
  name: "relu2_2_A"
  type: "ReLU"
  bottom: "conv2_2_A"
  top: "conv2_2_A"
}
layer {
  name: "pool2_A"
  type: "Pooling"
  bottom: "conv2_2_A"
  top: "pool2_A"
  pooling_param {
    pool: MAX
    kernel_size: 2
    stride: 2
  }
}
layer {
  name: "conv3_1_A"
  type: "Convolution"
  bottom: "pool2_A"
  top: "conv3_1_A"
  param {
    lr_mult: 0
    decay_mult: 0
  }
  param {
    lr_mult: 0
    decay_mult: 0
  }
  convolution_param {
    num_output: 256
    pad: 1
    kernel_size: 3
    weight_filler {
      type: "gaussian"
      std: 0.01
    }
    bias_filler {
      type: "constant"
      value: 0
    }
  }
}
layer {
  name: "relu3_1_A"
  type: "ReLU"
  bottom: "conv3_1_A"
  top: "conv3_1_A"
}
layer {
  name: "conv3_2_A"
  type: "Convolution"
  bottom: "conv3_1_A"
  top: "conv3_2_A"
  param {
    lr_mult: 0
    decay_mult: 0
  }
  param {
    lr_mult: 0
    decay_mult: 0
  }
  convolution_param {
    num_output: 256
    pad: 1
    kernel_size: 3
    weight_filler {
      type: "gaussian"
      std: 0.01
    }
    bias_filler {
      type: "constant"
      value: 0
    }
  }
}
layer {
  name: "relu3_2_A"
  type: "ReLU"
  bottom: "conv3_2_A"
  top: "conv3_2_A"
}
layer {
  name: "conv3_3_A"
  type: "Convolution"
  bottom: "conv3_2_A"
  top: "conv3_3_A"
  param {
    lr_mult: 0
    decay_mult: 0
  }
  param {
    lr_mult: 0
    decay_mult: 0
  }
  convolution_param {
    num_output: 256
    pad: 1
    kernel_size: 3
    weight_filler {
      type: "gaussian"
      std: 0.01
    }
    bias_filler {
      type: "constant"
      value: 0
    }
  }
}
layer {
  name: "relu3_3_A"
  type: "ReLU"
  bottom: "conv3_3_A"
  top: "conv3_3_A"
}
layer {
  name: "conv3_4_A"
  type: "Convolution"
  bottom: "conv3_3_A"
  top: "conv3_4_A"
  param {
    lr_mult: 0
    decay_mult: 0
  }
  param {
    lr_mult: 0
    decay_mult: 0
  }
  convolution_param {
    num_output: 256
    pad: 1
    kernel_size: 3
    weight_filler {
      type: "gaussian"
      std: 0.01
    }
    bias_filler {
      type: "constant"
      value: 0
    }
  }
}
layer {
  name: "relu3_4_A"
  type: "ReLU"
  bottom: "conv3_4_A"
  top: "conv3_4_A"
}
layer {
  name: "pool3_A"
  type: "Pooling"
  bottom: "conv3_4_A"
  top: "pool3_A"
  pooling_param {
    pool: MAX
    kernel_size: 2
    stride: 2
  }
}
layer {
  name: "conv4_1_A"
  type: "Convolution"
  bottom: "pool3_A"
  top: "conv4_1_A"
  param {
    lr_mult: 0
    decay_mult: 0
  }
  param {
    lr_mult: 0
    decay_mult: 0
  }
  convolution_param {
    num_output: 512
    pad: 1
    kernel_size: 3
    weight_filler {
      type: "gaussian"
      std: 0.01
    }
    bias_filler {
      type: "constant"
      value: 0
    }
  }
}
layer {
  name: "relu4_1_A"
  type: "ReLU"
  bottom: "conv4_1_A"
  top: "conv4_1_A"
}
layer {
  name: "conv4_2_A"
  type: "Convolution"
  bottom: "conv4_1_A"
  top: "conv4_2_A"
  param {
    lr_mult: 0
    decay_mult: 0
  }
  param {
    lr_mult: 0
    decay_mult: 0
  }
  convolution_param {
    num_output: 512
    pad: 1
    kernel_size: 3
    weight_filler {
      type: "gaussian"
      std: 0.01
    }
    bias_filler {
      type: "constant"
      value: 0
    }
  }
}
layer {
  name: "relu4_2_A"
  type: "ReLU"
  bottom: "conv4_2_A"
  top: "conv4_2_A"
}
layer {
  name: "conv4_3_A"
  type: "Convolution"
  bottom: "conv4_2_A"
  top: "conv4_3_A"
  param {
    lr_mult: 0
    decay_mult: 0
  }
  param {
    lr_mult: 0
    decay_mult: 0
  }
  convolution_param {
    num_output: 512
    pad: 1
    kernel_size: 3
    weight_filler {
      type: "gaussian"
      std: 0.01
    }
    bias_filler {
      type: "constant"
      value: 0
    }
  }
}
layer {
  name: "relu4_3_A"
  type: "ReLU"
  bottom: "conv4_3_A"
  top: "conv4_3_A"
}
layer {
  name: "conv4_4_A"
  type: "Convolution"
  bottom: "conv4_3_A"
  top: "conv4_4_A"
  param {
    lr_mult: 0
    decay_mult: 0
  }
  param {
    lr_mult: 0
    decay_mult: 0
  }
  convolution_param {
    num_output: 512
    pad: 1
    kernel_size: 3
    weight_filler {
      type: "gaussian"
      std: 0.01
    }
    bias_filler {
      type: "constant"
      value: 0
    }
  }
}
layer {
  name: "relu4_4_A"
  type: "ReLU"
  bottom: "conv4_4_A"
  top: "conv4_4_A"
}
layer {
  name: "pool4_A"
  type: "Pooling"
  bottom: "conv4_4_A"
  top: "pool4_A"
  pooling_param {
    pool: MAX
    kernel_size: 2
    stride: 2
  }
}
layer {
  name: "conv5_1_A"
  type: "Convolution"
  bottom: "pool4_A"
  top: "conv5_1_A"
  param {
    lr_mult: 0
    decay_mult: 0
  }
  param {
    lr_mult: 0
    decay_mult: 0
  }
  convolution_param {
    num_output: 512
    pad: 1
    kernel_size: 3
    weight_filler {
      type: "gaussian"
      std: 0.01
    }
    bias_filler {
      type: "constant"
      value: 0
    }
  }
}
layer {
  name: "relu5_1_A"
  type: "ReLU"
  bottom: "conv5_1_A"
  top: "conv5_1_A"
}
layer {
  name: "conv5_2_A"
  type: "Convolution"
  bottom: "conv5_1_A"
  top: "conv5_2_A"
  param {
    lr_mult: 0
    decay_mult: 0
  }
  param {
    lr_mult: 0
    decay_mult: 0
  }
  convolution_param {
    num_output: 512
    pad: 1
    kernel_size: 3
    weight_filler {
      type: "gaussian"
      std: 0.01
    }
    bias_filler {
      type: "constant"
      value: 0
    }
  }
}
layer {
  name: "relu5_2_A"
  type: "ReLU"
  bottom: "conv5_2_A"
  top: "conv5_2_A"
}
layer {
  name: "conv5_3_A"
  type: "Convolution"
  bottom: "conv5_2_A"
  top: "conv5_3_A"
  param {
    lr_mult: 0
    decay_mult: 0
  }
  param {
    lr_mult: 0
    decay_mult: 0
  }
  convolution_param {
    num_output: 512
    pad: 1
    kernel_size: 3
    weight_filler {
      type: "gaussian"
      std: 0.01
    }
    bias_filler {
      type: "constant"
      value: 0
    }
  }
}
layer {
  name: "relu5_3_A"
  type: "ReLU"
  bottom: "conv5_3_A"
  top: "conv5_3_A"
}
layer {
  name: "conv5_4_A"
  type: "Convolution"
  bottom: "conv5_3_A"
  top: "conv5_4_A"
  param {
    lr_mult: 0
    decay_mult: 0
  }
  param {
    lr_mult: 0
    decay_mult: 0
  }
  convolution_param {
    num_output: 512
    pad: 1
    kernel_size: 3
    weight_filler {
      type: "gaussian"
      std: 0.01
    }
    bias_filler {
      type: "constant"
      value: 0
    }
  }
}
layer {
  name: "relu5_4_A"
  type: "ReLU"
  bottom: "conv5_4_A"
  top: "conv5_4_A"
}
layer {
  name: "pool5_A"
  type: "Pooling"
  bottom: "conv5_4_A"
  top: "pool5_A"
  pooling_param {
    pool: AVE
    kernel_size: 14
    stride: 14
  }
}
layer {
  name: "get_abc1_A"
  type: "InnerProduct"
  bottom: "conv5_4_A"
  top: "get_abc1_A"
  param {
    lr_mult: 0
    decay_mult: 0
  }
  param {
    lr_mult: 0
    decay_mult: 0
  }
  inner_product_param {
    num_output: 1024
    weight_filler {
      type: "gaussian"
      std: 0.001
    }
    bias_filler {
      type: "constant"
      value: 0
    }
  }
}
layer {
  name: "tanh_A"
  type: "TanH"
  bottom: "get_abc1_A"
  top: "tanh_A"
}
layer {
  name: "get_abc2_A"
  type: "InnerProduct"
  bottom: "tanh_A"
  top: "get_abc2_A"
  param {
    lr_mult: 0
    decay_mult: 0
  }
  param {
    lr_mult: 0
    decay_mult: 0
  }
  inner_product_param {
    num_output: 3
    weight_filler {
      type: "gaussian"
      std: 0.001
    }
    bias_filler {
      type: "constant"
      value: 0
    }
  }
}
layer {
  name: "sigmoid_A"
  type: "Sigmoid"
  bottom: "get_abc2_A"
  top: "sig_abc_A"
}
layer {
  name: "get224"
  type: "Power"
  bottom: "sig_abc_A"
  top: "get224"
  power_param {
    power: 1
    scale: 224
    shift: 0
  }
}
layer {
  name: "atten_crop_A"
  type: "AttentionCrop"
  bottom: "scale2_data"
  bottom: "get224"
  top: "scale3_data"
}
layer {
  name: "conv1_1_A_A"
  type: "Convolution"
  bottom: "scale3_data"
  top: "conv1_1_A_A"
  param {
    lr_mult: 0
    decay_mult: 0
  }
  param {
    lr_mult: 0
    decay_mult: 0
  }
  convolution_param {
    num_output: 64
    pad: 1
    kernel_size: 3
    weight_filler {
      type: "gaussian"
      std: 0.01
    }
    bias_filler {
      type: "constant"
      value: 0
    }
  }
}
layer {
  name: "relu1_1_A_A"
  type: "ReLU"
  bottom: "conv1_1_A_A"
  top: "conv1_1_A_A"
}
layer {
  name: "conv1_2_A_A"
  type: "Convolution"
  bottom: "conv1_1_A_A"
  top: "conv1_2_A_A"
  param {
    lr_mult: 0
    decay_mult: 0
  }
  param {
    lr_mult: 0
    decay_mult: 0
  }
  convolution_param {
    num_output: 64
    pad: 1
    kernel_size: 3
    weight_filler {
      type: "gaussian"
      std: 0.01
    }
    bias_filler {
      type: "constant"
      value: 0
    }
  }
}
layer {
  name: "relu1_2_A_A"
  type: "ReLU"
  bottom: "conv1_2_A_A"
  top: "conv1_2_A_A"
}
layer {
  name: "pool1_A_A"
  type: "Pooling"
  bottom: "conv1_2_A_A"
  top: "pool1_A_A"
  pooling_param {
    pool: MAX
    kernel_size: 2
    stride: 2
  }
}
layer {
  name: "conv2_1_A_A"
  type: "Convolution"
  bottom: "pool1_A_A"
  top: "conv2_1_A_A"
  param {
    lr_mult: 0
    decay_mult: 0
  }
  param {
    lr_mult: 0
    decay_mult: 0
  }
  convolution_param {
    num_output: 128
    pad: 1
    kernel_size: 3
    weight_filler {
      type: "gaussian"
      std: 0.01
    }
    bias_filler {
      type: "constant"
      value: 0
    }
  }
}
layer {
  name: "relu2_1_A_A"
  type: "ReLU"
  bottom: "conv2_1_A_A"
  top: "conv2_1_A_A"
}
layer {
  name: "conv2_2_A_A"
  type: "Convolution"
  bottom: "conv2_1_A_A"
  top: "conv2_2_A_A"
  param {
    lr_mult: 0
    decay_mult: 0
  }
  param {
    lr_mult: 0
    decay_mult: 0
  }
  convolution_param {
    num_output: 128
    pad: 1
    kernel_size: 3
    weight_filler {
      type: "gaussian"
      std: 0.01
    }
    bias_filler {
      type: "constant"
      value: 0
    }
  }
}
layer {
  name: "relu2_2_A_A"
  type: "ReLU"
  bottom: "conv2_2_A_A"
  top: "conv2_2_A_A"
}
layer {
  name: "pool2_A_A"
  type: "Pooling"
  bottom: "conv2_2_A_A"
  top: "pool2_A_A"
  pooling_param {
    pool: MAX
    kernel_size: 2
    stride: 2
  }
}
layer {
  name: "conv3_1_A_A"
  type: "Convolution"
  bottom: "pool2_A_A"
  top: "conv3_1_A_A"
  param {
    lr_mult: 0
    decay_mult: 0
  }
  param {
    lr_mult: 0
    decay_mult: 0
  }
  convolution_param {
    num_output: 256
    pad: 1
    kernel_size: 3
    weight_filler {
      type: "gaussian"
      std: 0.01
    }
    bias_filler {
      type: "constant"
      value: 0
    }
  }
}
layer {
  name: "relu3_1_A_A"
  type: "ReLU"
  bottom: "conv3_1_A_A"
  top: "conv3_1_A_A"
}
layer {
  name: "conv3_2_A_A"
  type: "Convolution"
  bottom: "conv3_1_A_A"
  top: "conv3_2_A_A"
  param {
    lr_mult: 0
    decay_mult: 0
  }
  param {
    lr_mult: 0
    decay_mult: 0
  }
  convolution_param {
    num_output: 256
    pad: 1
    kernel_size: 3
    weight_filler {
      type: "gaussian"
      std: 0.01
    }
    bias_filler {
      type: "constant"
      value: 0
    }
  }
}
layer {
  name: "relu3_2_A_A"
  type: "ReLU"
  bottom: "conv3_2_A_A"
  top: "conv3_2_A_A"
}
layer {
  name: "conv3_3_A_A"
  type: "Convolution"
  bottom: "conv3_2_A_A"
  top: "conv3_3_A_A"
  param {
    lr_mult: 0
    decay_mult: 0
  }
  param {
    lr_mult: 0
    decay_mult: 0
  }
  convolution_param {
    num_output: 256
    pad: 1
    kernel_size: 3
    weight_filler {
      type: "gaussian"
      std: 0.01
    }
    bias_filler {
      type: "constant"
      value: 0
    }
  }
}
layer {
  name: "relu3_3_A_A"
  type: "ReLU"
  bottom: "conv3_3_A_A"
  top: "conv3_3_A_A"
}
layer {
  name: "conv3_4_A_A"
  type: "Convolution"
  bottom: "conv3_3_A_A"
  top: "conv3_4_A_A"
  param {
    lr_mult: 0
    decay_mult: 0
  }
  param {
    lr_mult: 0
    decay_mult: 0
  }
  convolution_param {
    num_output: 256
    pad: 1
    kernel_size: 3
    weight_filler {
      type: "gaussian"
      std: 0.01
    }
    bias_filler {
      type: "constant"
      value: 0
    }
  }
}
layer {
  name: "relu3_4_A_A"
  type: "ReLU"
  bottom: "conv3_4_A_A"
  top: "conv3_4_A_A"
}
layer {
  name: "pool3_A_A"
  type: "Pooling"
  bottom: "conv3_4_A_A"
  top: "pool3_A_A"
  pooling_param {
    pool: MAX
    kernel_size: 2
    stride: 2
  }
}
layer {
  name: "conv4_1_A_A"
  type: "Convolution"
  bottom: "pool3_A_A"
  top: "conv4_1_A_A"
  param {
    lr_mult: 0
    decay_mult: 0
  }
  param {
    lr_mult: 0
    decay_mult: 0
  }
  convolution_param {
    num_output: 512
    pad: 1
    kernel_size: 3
    weight_filler {
      type: "gaussian"
      std: 0.01
    }
    bias_filler {
      type: "constant"
      value: 0
    }
  }
}
layer {
  name: "relu4_1_A_A"
  type: "ReLU"
  bottom: "conv4_1_A_A"
  top: "conv4_1_A_A"
}
layer {
  name: "conv4_2_A_A"
  type: "Convolution"
  bottom: "conv4_1_A_A"
  top: "conv4_2_A_A"
  param {
    lr_mult: 0
    decay_mult: 0
  }
  param {
    lr_mult: 0
    decay_mult: 0
  }
  convolution_param {
    num_output: 512
    pad: 1
    kernel_size: 3
    weight_filler {
      type: "gaussian"
      std: 0.01
    }
    bias_filler {
      type: "constant"
      value: 0
    }
  }
}
layer {
  name: "relu4_2_A_A"
  type: "ReLU"
  bottom: "conv4_2_A_A"
  top: "conv4_2_A_A"
}
layer {
  name: "conv4_3_A_A"
  type: "Convolution"
  bottom: "conv4_2_A_A"
  top: "conv4_3_A_A"
  param {
    lr_mult: 0
    decay_mult: 0
  }
  param {
    lr_mult: 0
    decay_mult: 0
  }
  convolution_param {
    num_output: 512
    pad: 1
    kernel_size: 3
    weight_filler {
      type: "gaussian"
      std: 0.01
    }
    bias_filler {
      type: "constant"
      value: 0
    }
  }
}
layer {
  name: "relu4_3_A_A"
  type: "ReLU"
  bottom: "conv4_3_A_A"
  top: "conv4_3_A_A"
}
layer {
  name: "conv4_4_A_A"
  type: "Convolution"
  bottom: "conv4_3_A_A"
  top: "conv4_4_A_A"
  param {
    lr_mult: 0
    decay_mult: 0
  }
  param {
    lr_mult: 0
    decay_mult: 0
  }
  convolution_param {
    num_output: 512
    pad: 1
    kernel_size: 3
    weight_filler {
      type: "gaussian"
      std: 0.01
    }
    bias_filler {
      type: "constant"
      value: 0
    }
  }
}
layer {
  name: "relu4_4_A_A"
  type: "ReLU"
  bottom: "conv4_4_A_A"
  top: "conv4_4_A_A"
}
layer {
  name: "pool4_A_A"
  type: "Pooling"
  bottom: "conv4_4_A_A"
  top: "pool4_A_A"
  pooling_param {
    pool: MAX
    kernel_size: 2
    stride: 2
  }
}
layer {
  name: "conv5_1_A_A"
  type: "Convolution"
  bottom: "pool4_A_A"
  top: "conv5_1_A_A"
  param {
    lr_mult: 0
    decay_mult: 0
  }
  param {
    lr_mult: 0
    decay_mult: 0
  }
  convolution_param {
    num_output: 512
    pad: 1
    kernel_size: 3
    weight_filler {
      type: "gaussian"
      std: 0.01
    }
    bias_filler {
      type: "constant"
      value: 0
    }
  }
}
layer {
  name: "relu5_1_A_A"
  type: "ReLU"
  bottom: "conv5_1_A_A"
  top: "conv5_1_A_A"
}
layer {
  name: "conv5_2_A_A"
  type: "Convolution"
  bottom: "conv5_1_A_A"
  top: "conv5_2_A_A"
  param {
    lr_mult: 0
    decay_mult: 0
  }
  param {
    lr_mult: 0
    decay_mult: 0
  }
  convolution_param {
    num_output: 512
    pad: 1
    kernel_size: 3
    weight_filler {
      type: "gaussian"
      std: 0.01
    }
    bias_filler {
      type: "constant"
      value: 0
    }
  }
}
layer {
  name: "relu5_2_A_A"
  type: "ReLU"
  bottom: "conv5_2_A_A"
  top: "conv5_2_A_A"
}
layer {
  name: "conv5_3_A_A"
  type: "Convolution"
  bottom: "conv5_2_A_A"
  top: "conv5_3_A_A"
  param {
    lr_mult: 0
    decay_mult: 0
  }
  param {
    lr_mult: 0
    decay_mult: 0
  }
  convolution_param {
    num_output: 512
    pad: 1
    kernel_size: 3
    weight_filler {
      type: "gaussian"
      std: 0.01
    }
    bias_filler {
      type: "constant"
      value: 0
    }
  }
}
layer {
  name: "relu5_3_A_A"
  type: "ReLU"
  bottom: "conv5_3_A_A"
  top: "conv5_3_A_A"
}
layer {
  name: "conv5_4_A_A"
  type: "Convolution"
  bottom: "conv5_3_A_A"
  top: "conv5_4_A_A"
  param {
    lr_mult: 0
    decay_mult: 0
  }
  param {
    lr_mult: 0
    decay_mult: 0
  }
  convolution_param {
    num_output: 512
    pad: 1
    kernel_size: 3
    weight_filler {
      type: "gaussian"
      std: 0.01
    }
    bias_filler {
      type: "constant"
      value: 0
    }
  }
}
layer {
  name: "relu5_4_A_A"
  type: "ReLU"
  bottom: "conv5_4_A_A"
  top: "conv5_4_A_A"
}
layer {
  name: "pool5_A_A"
  type: "Pooling"
  bottom: "conv5_4_A_A"
  top: "pool5_A_A"
  pooling_param {
    pool: AVE
    kernel_size: 14
    stride: 14
  }
}
layer {
  name: "reshape1"
  type: "Reshape"
  bottom: "pool5"
  top: "reshape1"
  reshape_param {
    shape {
      dim: -1
      dim: 512
    }
  }
}
layer {
  name: "reshape2"
  type: "Reshape"
  bottom: "pool5_A"
  top: "reshape2"
  reshape_param {
    shape {
      dim: -1
      dim: 512
    }
  }
}
layer {
  name: "reshape3"
  type: "Reshape"
  bottom: "pool5_A_A"
  top: "reshape3"
  reshape_param {
    shape {
      dim: -1
      dim: 512
    }
  }
}
layer {
  name: "pow1"
  type: "Power"
  bottom: "reshape1"
  top: "pow1"
  power_param {
    power: 1
    scale: 0.1
    shift: 0
  }
}
layer {
  name: "pow2"
  type: "Power"
  bottom: "reshape2"
  top: "pow2"
  power_param {
    power: 1
    scale: 0.1
    shift: 0
  }
}
layer {
  name: "pow3"
  type: "Power"
  bottom: "reshape3"
  top: "pow3"
  power_param {
    power: 1
    scale: 0.1
    shift: 0
  }
}
layer {
  name: "scale1+2+3"
  type: "Concat"
  bottom: "pow2"
  bottom: "pow1"
  bottom: "pow3"
  top: "scale1+2+3"
  concat_param {
    axis: 1
  }
}
layer {
  name: "scale1+2"
  type: "Concat"
  bottom: "pow2"
  bottom: "pow1"
  top: "scale1+2"
  concat_param {
    axis: 1
  }
}
layer {
  name: "fc1"
  type: "InnerProduct"
  bottom: "scale1+2+3"
  top: "fc1"
  param {
    lr_mult: 0
    decay_mult: 0
  }
  param {
    lr_mult: 0
    decay_mult: 0
  }
  inner_product_param {
    num_output: 200
    weight_filler {
      type: "gaussian"
      std: 0.01
    }
    bias_filler {
      type: "constant"
      value: 0
    }
  }
}
layer {
  name: "accuracy1+2+3"
  type: "Accuracy"
  bottom: "fc1"
  bottom: "label"
  top: "accuracy1+2+3"
}
layer {
  name: "fc2"
  type: "InnerProduct"
  bottom: "scale1+2"
  top: "fc2"
  param {
    lr_mult: 0
    decay_mult: 0
  }
  param {
    lr_mult: 0
    decay_mult: 0
  }
  inner_product_param {
    num_output: 200
    weight_filler {
      type: "gaussian"
      std: 0.01
    }
    bias_filler {
      type: "cons
I0418 08:08:55.358665  7952 layer_factory.cpp:58] Creating layer data
I0418 08:08:55.374289  7952 db_lmdb.cpp:40] Opened lmdb \\6CR6228979\D$\data\bird\448_test_lmdb
I0418 08:08:55.389951  7952 net.cpp:84] Creating Layer data
I0418 08:08:55.389951  7952 net.cpp:380] data -> data
I0418 08:08:55.389951  7952 net.cpp:380] data -> label
I0418 08:08:55.936811  7952 data_layer.cpp:45] output data size: 1,3,448,448
I0418 08:08:55.952437  7952 base_data_layer.cpp:72] Initializing prefetch
I0418 08:08:55.952437  7952 common.cpp:36] System entropy source not available, using fallback algorithm to generate seed instead.
I0418 08:08:55.952437  7952 base_data_layer.cpp:75] Prefetch initialized.
I0418 08:08:55.952437  7952 net.cpp:122] Setting up data
I0418 08:08:55.952437  7952 net.cpp:129] Top shape: 1 3 448 448 (602112)
I0418 08:08:55.952437  7952 net.cpp:129] Top shape: 1 (1)
I0418 08:08:55.952437  7952 net.cpp:137] Memory required for data: 2408452
I0418 08:08:55.952437  7952 layer_factory.cpp:58] Creating layer data_data_0_split
I0418 08:08:55.952437  6080 common.cpp:36] System entropy source not available, using fallback algorithm to generate seed instead.
I0418 08:08:55.968065  7952 net.cpp:84] Creating Layer data_data_0_split
I0418 08:08:55.968065  7952 net.cpp:406] data_data_0_split <- data
I0418 08:08:55.968065  7952 net.cpp:380] data_data_0_split -> data_data_0_split_0
I0418 08:08:55.968065  7952 net.cpp:380] data_data_0_split -> data_data_0_split_1
I0418 08:08:55.968065  7952 net.cpp:122] Setting up data_data_0_split
I0418 08:08:55.968065  7952 net.cpp:129] Top shape: 1 3 448 448 (602112)
I0418 08:08:55.968065  7952 net.cpp:129] Top shape: 1 3 448 448 (602112)
I0418 08:08:55.968065  7952 net.cpp:137] Memory required for data: 7225348
I0418 08:08:55.968065  7952 layer_factory.cpp:58] Creating layer label_data_1_split
I0418 08:08:55.968065  7952 net.cpp:84] Creating Layer label_data_1_split
I0418 08:08:55.968065  7952 net.cpp:406] label_data_1_split <- label
I0418 08:08:55.968065  7952 net.cpp:380] label_data_1_split -> label_data_1_split_0
I0418 08:08:55.968065  7952 net.cpp:380] label_data_1_split -> label_data_1_split_1
I0418 08:08:55.968065  7952 net.cpp:122] Setting up label_data_1_split
I0418 08:08:55.968065  7952 net.cpp:129] Top shape: 1 (1)
I0418 08:08:55.968065  7952 net.cpp:129] Top shape: 1 (1)
I0418 08:08:55.968065  7952 net.cpp:137] Memory required for data: 7225356
I0418 08:08:55.968065  7952 layer_factory.cpp:58] Creating layer conv1_1
I0418 08:08:55.968065  7952 net.cpp:84] Creating Layer conv1_1
I0418 08:08:55.968065  7952 net.cpp:406] conv1_1 <- data_data_0_split_0
I0418 08:08:55.968065  7952 net.cpp:380] conv1_1 -> conv1_1
I0418 08:08:55.983690  6080 data_layer.cpp:128] Prefetch batch: 31 ms.
I0418 08:08:55.983690  6080 data_layer.cpp:129]      Read time: 0 ms.
I0418 08:08:55.983690  6080 data_layer.cpp:130] Transform time: 31.252 ms.
I0418 08:08:56.139957  6080 data_layer.cpp:128] Prefetch batch: 156 ms.
I0418 08:08:56.139957  6080 data_layer.cpp:129]      Read time: 93.787 ms.
I0418 08:08:56.139957  6080 data_layer.cpp:130] Transform time: 62.481 ms.
I0418 08:08:56.296200  6080 data_layer.cpp:128] Prefetch batch: 156 ms.
I0418 08:08:56.296200  6080 data_layer.cpp:129]      Read time: 93.786 ms.
I0418 08:08:56.296200  6080 data_layer.cpp:130] Transform time: 62.457 ms.
I0418 08:08:56.421205  6080 data_layer.cpp:128] Prefetch batch: 125 ms.
I0418 08:08:56.421205  6080 data_layer.cpp:129]      Read time: 93.754 ms.
I0418 08:08:56.421205  6080 data_layer.cpp:130] Transform time: 31.251 ms.
I0418 08:08:58.484815  7952 net.cpp:122] Setting up conv1_1
I0418 08:08:58.484815  7952 net.cpp:129] Top shape: 1 64 448 448 (12845056)
I0418 08:08:58.484815  7952 net.cpp:137] Memory required for data: 58605580
I0418 08:08:58.484815  7952 layer_factory.cpp:58] Creating layer relu1_1
I0418 08:08:58.484815  7952 net.cpp:84] Creating Layer relu1_1
I0418 08:08:58.484815  7952 net.cpp:406] relu1_1 <- conv1_1
I0418 08:08:58.484815  7952 net.cpp:367] relu1_1 -> conv1_1 (in-place)
I0418 08:08:58.484815  7952 net.cpp:122] Setting up relu1_1
I0418 08:08:58.484815  7952 net.cpp:129] Top shape: 1 64 448 448 (12845056)
I0418 08:08:58.484815  7952 net.cpp:137] Memory required for data: 109985804
I0418 08:08:58.484815  7952 layer_factory.cpp:58] Creating layer conv1_2
I0418 08:08:58.484815  7952 net.cpp:84] Creating Layer conv1_2
I0418 08:08:58.484815  7952 net.cpp:406] conv1_2 <- conv1_1
I0418 08:08:58.484815  7952 net.cpp:380] conv1_2 -> conv1_2
I0418 08:08:58.500448  7952 net.cpp:122] Setting up conv1_2
I0418 08:08:58.500448  7952 net.cpp:129] Top shape: 1 64 448 448 (12845056)
I0418 08:08:58.500448  7952 net.cpp:137] Memory required for data: 161366028
I0418 08:08:58.500448  7952 layer_factory.cpp:58] Creating layer relu1_2
I0418 08:08:58.500448  7952 net.cpp:84] Creating Layer relu1_2
I0418 08:08:58.500448  7952 net.cpp:406] relu1_2 <- conv1_2
I0418 08:08:58.500448  7952 net.cpp:367] relu1_2 -> conv1_2 (in-place)
I0418 08:08:58.500448  7952 net.cpp:122] Setting up relu1_2
I0418 08:08:58.500448  7952 net.cpp:129] Top shape: 1 64 448 448 (12845056)
I0418 08:08:58.500448  7952 net.cpp:137] Memory required for data: 212746252
I0418 08:08:58.500448  7952 layer_factory.cpp:58] Creating layer pool1
I0418 08:08:58.500448  7952 net.cpp:84] Creating Layer pool1
I0418 08:08:58.500448  7952 net.cpp:406] pool1 <- conv1_2
I0418 08:08:58.500448  7952 net.cpp:380] pool1 -> pool1
I0418 08:08:58.500448  7952 net.cpp:122] Setting up pool1
I0418 08:08:58.500448  7952 net.cpp:129] Top shape: 1 64 224 224 (3211264)
I0418 08:08:58.500448  7952 net.cpp:137] Memory required for data: 225591308
I0418 08:08:58.500448  7952 layer_factory.cpp:58] Creating layer conv2_1
I0418 08:08:58.500448  7952 net.cpp:84] Creating Layer conv2_1
I0418 08:08:58.500448  7952 net.cpp:406] conv2_1 <- pool1
I0418 08:08:58.500448  7952 net.cpp:380] conv2_1 -> conv2_1
I0418 08:08:58.531711  7952 cudnn_conv_layer.cpp:194] Reallocating workspace storage: 6912
I0418 08:08:58.531711  7952 net.cpp:122] Setting up conv2_1
I0418 08:08:58.531711  7952 net.cpp:129] Top shape: 1 128 224 224 (6422528)
I0418 08:08:58.531711  7952 net.cpp:137] Memory required for data: 251281420
I0418 08:08:58.531711  7952 layer_factory.cpp:58] Creating layer relu2_1
I0418 08:08:58.531711  7952 net.cpp:84] Creating Layer relu2_1
I0418 08:08:58.531711  7952 net.cpp:406] relu2_1 <- conv2_1
I0418 08:08:58.531711  7952 net.cpp:367] relu2_1 -> conv2_1 (in-place)
I0418 08:08:58.531711  7952 net.cpp:122] Setting up relu2_1
I0418 08:08:58.531711  7952 net.cpp:129] Top shape: 1 128 224 224 (6422528)
I0418 08:08:58.531711  7952 net.cpp:137] Memory required for data: 276971532
I0418 08:08:58.531711  7952 layer_factory.cpp:58] Creating layer conv2_2
I0418 08:08:58.531711  7952 net.cpp:84] Creating Layer conv2_2
I0418 08:08:58.531711  7952 net.cpp:406] conv2_2 <- conv2_1
I0418 08:08:58.531711  7952 net.cpp:380] conv2_2 -> conv2_2
I0418 08:08:58.562963  7952 cudnn_conv_layer.cpp:194] Reallocating workspace storage: 13824
I0418 08:08:58.562963  7952 net.cpp:122] Setting up conv2_2
I0418 08:08:58.562963  7952 net.cpp:129] Top shape: 1 128 224 224 (6422528)
I0418 08:08:58.562963  7952 net.cpp:137] Memory required for data: 302661644
I0418 08:08:58.562963  7952 layer_factory.cpp:58] Creating layer relu2_2
I0418 08:08:58.562963  7952 net.cpp:84] Creating Layer relu2_2
I0418 08:08:58.562963  7952 net.cpp:406] relu2_2 <- conv2_2
I0418 08:08:58.562963  7952 net.cpp:367] relu2_2 -> conv2_2 (in-place)
I0418 08:08:58.562963  7952 net.cpp:122] Setting up relu2_2
I0418 08:08:58.562963  7952 net.cpp:129] Top shape: 1 128 224 224 (6422528)
I0418 08:08:58.562963  7952 net.cpp:137] Memory required for data: 328351756
I0418 08:08:58.562963  7952 layer_factory.cpp:58] Creating layer pool2
I0418 08:08:58.562963  7952 net.cpp:84] Creating Layer pool2
I0418 08:08:58.562963  7952 net.cpp:406] pool2 <- conv2_2
I0418 08:08:58.562963  7952 net.cpp:380] pool2 -> pool2
I0418 08:08:58.562963  7952 net.cpp:122] Setting up pool2
I0418 08:08:58.562963  7952 net.cpp:129] Top shape: 1 128 112 112 (1605632)
I0418 08:08:58.562963  7952 net.cpp:137] Memory required for data: 334774284
I0418 08:08:58.562963  7952 layer_factory.cpp:58] Creating layer conv3_1
I0418 08:08:58.562963  7952 net.cpp:84] Creating Layer conv3_1
I0418 08:08:58.562963  7952 net.cpp:406] conv3_1 <- pool2
I0418 08:08:58.562963  7952 net.cpp:380] conv3_1 -> conv3_1
I0418 08:08:58.641090  7952 cudnn_conv_layer.cpp:194] Reallocating workspace storage: 13824
I0418 08:08:58.641090  7952 net.cpp:122] Setting up conv3_1
I0418 08:08:58.641090  7952 net.cpp:129] Top shape: 1 256 112 112 (3211264)
I0418 08:08:58.641090  7952 net.cpp:137] Memory required for data: 347619340
I0418 08:08:58.641090  7952 layer_factory.cpp:58] Creating layer relu3_1
I0418 08:08:58.641090  7952 net.cpp:84] Creating Layer relu3_1
I0418 08:08:58.641090  7952 net.cpp:406] relu3_1 <- conv3_1
I0418 08:08:58.641090  7952 net.cpp:367] relu3_1 -> conv3_1 (in-place)
I0418 08:08:58.641090  7952 net.cpp:122] Setting up relu3_1
I0418 08:08:58.641090  7952 net.cpp:129] Top shape: 1 256 112 112 (3211264)
I0418 08:08:58.641090  7952 net.cpp:137] Memory required for data: 360464396
I0418 08:08:58.641090  7952 layer_factory.cpp:58] Creating layer conv3_2
I0418 08:08:58.641090  7952 net.cpp:84] Creating Layer conv3_2
I0418 08:08:58.641090  7952 net.cpp:406] conv3_2 <- conv3_1
I0418 08:08:58.641090  7952 net.cpp:380] conv3_2 -> conv3_2
I0418 08:08:58.781720  7952 cudnn_conv_layer.cpp:194] Reallocating workspace storage: 27648
I0418 08:08:58.781720  7952 net.cpp:122] Setting up conv3_2
I0418 08:08:58.781720  7952 net.cpp:129] Top shape: 1 256 112 112 (3211264)
I0418 08:08:58.781720  7952 net.cpp:137] Memory required for data: 373309452
I0418 08:08:58.781720  7952 layer_factory.cpp:58] Creating layer relu3_2
I0418 08:08:58.781720  7952 net.cpp:84] Creating Layer relu3_2
I0418 08:08:58.781720  7952 net.cpp:406] relu3_2 <- conv3_2
I0418 08:08:58.781720  7952 net.cpp:367] relu3_2 -> conv3_2 (in-place)
I0418 08:08:58.781720  7952 net.cpp:122] Setting up relu3_2
I0418 08:08:58.781720  7952 net.cpp:129] Top shape: 1 256 112 112 (3211264)
I0418 08:08:58.781720  7952 net.cpp:137] Memory required for data: 386154508
I0418 08:08:58.781720  7952 layer_factory.cpp:58] Creating layer conv3_3
I0418 08:08:58.781720  7952 net.cpp:84] Creating Layer conv3_3
I0418 08:08:58.781720  7952 net.cpp:406] conv3_3 <- conv3_2
I0418 08:08:58.781720  7952 net.cpp:380] conv3_3 -> conv3_3
I0418 08:08:58.922353  7952 cudnn_conv_layer.cpp:194] Reallocating workspace storage: 27648
I0418 08:08:58.922353  7952 net.cpp:122] Setting up conv3_3
I0418 08:08:58.922353  7952 net.cpp:129] Top shape: 1 256 112 112 (3211264)
I0418 08:08:58.937974  7952 net.cpp:137] Memory required for data: 398999564
I0418 08:08:58.937974  7952 layer_factory.cpp:58] Creating layer relu3_3
I0418 08:08:58.937974  7952 net.cpp:84] Creating Layer relu3_3
I0418 08:08:58.937974  7952 net.cpp:406] relu3_3 <- conv3_3
I0418 08:08:58.937974  7952 net.cpp:367] relu3_3 -> conv3_3 (in-place)
I0418 08:08:58.937974  7952 net.cpp:122] Setting up relu3_3
I0418 08:08:58.937974  7952 net.cpp:129] Top shape: 1 256 112 112 (3211264)
I0418 08:08:58.937974  7952 net.cpp:137] Memory required for data: 411844620
I0418 08:08:58.937974  7952 layer_factory.cpp:58] Creating layer conv3_4
I0418 08:08:58.937974  7952 net.cpp:84] Creating Layer conv3_4
I0418 08:08:58.937974  7952 net.cpp:406] conv3_4 <- conv3_3
I0418 08:08:58.937974  7952 net.cpp:380] conv3_4 -> conv3_4
I0418 08:08:59.078608  7952 cudnn_conv_layer.cpp:194] Reallocating workspace storage: 27648
I0418 08:08:59.078608  7952 net.cpp:122] Setting up conv3_4
I0418 08:08:59.078608  7952 net.cpp:129] Top shape: 1 256 112 112 (3211264)
I0418 08:08:59.078608  7952 net.cpp:137] Memory required for data: 424689676
I0418 08:08:59.078608  7952 layer_factory.cpp:58] Creating layer relu3_4
I0418 08:08:59.078608  7952 net.cpp:84] Creating Layer relu3_4
I0418 08:08:59.078608  7952 net.cpp:406] relu3_4 <- conv3_4
I0418 08:08:59.078608  7952 net.cpp:367] relu3_4 -> conv3_4 (in-place)
I0418 08:08:59.078608  7952 net.cpp:122] Setting up relu3_4
I0418 08:08:59.078608  7952 net.cpp:129] Top shape: 1 256 112 112 (3211264)
I0418 08:08:59.078608  7952 net.cpp:137] Memory required for data: 437534732
I0418 08:08:59.078608  7952 layer_factory.cpp:58] Creating layer pool3
I0418 08:08:59.078608  7952 net.cpp:84] Creating Layer pool3
I0418 08:08:59.078608  7952 net.cpp:406] pool3 <- conv3_4
I0418 08:08:59.078608  7952 net.cpp:380] pool3 -> pool3
I0418 08:08:59.078608  7952 net.cpp:122] Setting up pool3
I0418 08:08:59.078608  7952 net.cpp:129] Top shape: 1 256 56 56 (802816)
I0418 08:08:59.078608  7952 net.cpp:137] Memory required for data: 440745996
I0418 08:08:59.078608  7952 layer_factory.cpp:58] Creating layer conv4_1
I0418 08:08:59.078608  7952 net.cpp:84] Creating Layer conv4_1
I0418 08:08:59.078608  7952 net.cpp:406] conv4_1 <- pool3
I0418 08:08:59.078608  7952 net.cpp:380] conv4_1 -> conv4_1
I0418 08:08:59.359869  7952 cudnn_conv_layer.cpp:194] Reallocating workspace storage: 27648
I0418 08:08:59.359869  7952 net.cpp:122] Setting up conv4_1
I0418 08:08:59.359869  7952 net.cpp:129] Top shape: 1 512 56 56 (1605632)
I0418 08:08:59.359869  7952 net.cpp:137] Memory required for data: 447168524
I0418 08:08:59.359869  7952 layer_factory.cpp:58] Creating layer relu4_1
I0418 08:08:59.359869  7952 net.cpp:84] Creating Layer relu4_1
I0418 08:08:59.359869  7952 net.cpp:406] relu4_1 <- conv4_1
I0418 08:08:59.359869  7952 net.cpp:367] relu4_1 -> conv4_1 (in-place)
I0418 08:08:59.359869  7952 net.cpp:122] Setting up relu4_1
I0418 08:08:59.359869  7952 net.cpp:129] Top shape: 1 512 56 56 (1605632)
I0418 08:08:59.359869  7952 net.cpp:137] Memory required for data: 453591052
I0418 08:08:59.359869  7952 layer_factory.cpp:58] Creating layer conv4_2
I0418 08:08:59.359869  7952 net.cpp:84] Creating Layer conv4_2
I0418 08:08:59.359869  7952 net.cpp:406] conv4_2 <- conv4_1
I0418 08:08:59.359869  7952 net.cpp:380] conv4_2 -> conv4_2
I0418 08:08:59.938014  7952 cudnn_conv_layer.cpp:194] Reallocating workspace storage: 55296
I0418 08:08:59.938014  7952 net.cpp:122] Setting up conv4_2
I0418 08:08:59.938014  7952 net.cpp:129] Top shape: 1 512 56 56 (1605632)
I0418 08:08:59.938014  7952 net.cpp:137] Memory required for data: 460013580
I0418 08:08:59.938014  7952 layer_factory.cpp:58] Creating layer relu4_2
I0418 08:08:59.938014  7952 net.cpp:84] Creating Layer relu4_2
I0418 08:08:59.938014  7952 net.cpp:406] relu4_2 <- conv4_2
I0418 08:08:59.938014  7952 net.cpp:367] relu4_2 -> conv4_2 (in-place)
I0418 08:08:59.938014  7952 net.cpp:122] Setting up relu4_2
I0418 08:08:59.938014  7952 net.cpp:129] Top shape: 1 512 56 56 (1605632)
I0418 08:08:59.938014  7952 net.cpp:137] Memory required for data: 466436108
I0418 08:08:59.938014  7952 layer_factory.cpp:58] Creating layer conv4_3
I0418 08:08:59.938014  7952 net.cpp:84] Creating Layer conv4_3
I0418 08:08:59.938014  7952 net.cpp:406] conv4_3 <- conv4_2
I0418 08:08:59.938014  7952 net.cpp:380] conv4_3 -> conv4_3
I0418 08:09:00.500538  7952 cudnn_conv_layer.cpp:194] Reallocating workspace storage: 55296
I0418 08:09:00.500538  7952 net.cpp:122] Setting up conv4_3
I0418 08:09:00.500538  7952 net.cpp:129] Top shape: 1 512 56 56 (1605632)
I0418 08:09:00.500538  7952 net.cpp:137] Memory required for data: 472858636
I0418 08:09:00.500538  7952 layer_factory.cpp:58] Creating layer relu4_3
I0418 08:09:00.500538  7952 net.cpp:84] Creating Layer relu4_3
I0418 08:09:00.500538  7952 net.cpp:406] relu4_3 <- conv4_3
I0418 08:09:00.500538  7952 net.cpp:367] relu4_3 -> conv4_3 (in-place)
I0418 08:09:00.500538  7952 net.cpp:122] Setting up relu4_3
I0418 08:09:00.500538  7952 net.cpp:129] Top shape: 1 512 56 56 (1605632)
I0418 08:09:00.500538  7952 net.cpp:137] Memory required for data: 479281164
I0418 08:09:00.500538  7952 layer_factory.cpp:58] Creating layer conv4_4
I0418 08:09:00.500538  7952 net.cpp:84] Creating Layer conv4_4
I0418 08:09:00.500538  7952 net.cpp:406] conv4_4 <- conv4_3
I0418 08:09:00.500538  7952 net.cpp:380] conv4_4 -> conv4_4
I0418 08:09:01.078685  7952 cudnn_conv_layer.cpp:194] Reallocating workspace storage: 55296
I0418 08:09:01.078685  7952 net.cpp:122] Setting up conv4_4
I0418 08:09:01.078685  7952 net.cpp:129] Top shape: 1 512 56 56 (1605632)
I0418 08:09:01.078685  7952 net.cpp:137] Memory required for data: 485703692
I0418 08:09:01.078685  7952 layer_factory.cpp:58] Creating layer relu4_4
I0418 08:09:01.078685  7952 net.cpp:84] Creating Layer relu4_4
I0418 08:09:01.078685  7952 net.cpp:406] relu4_4 <- conv4_4
I0418 08:09:01.078685  7952 net.cpp:367] relu4_4 -> conv4_4 (in-place)
I0418 08:09:01.078685  7952 net.cpp:122] Setting up relu4_4
I0418 08:09:01.078685  7952 net.cpp:129] Top shape: 1 512 56 56 (1605632)
I0418 08:09:01.078685  7952 net.cpp:137] Memory required for data: 492126220
I0418 08:09:01.078685  7952 layer_factory.cpp:58] Creating layer pool4
I0418 08:09:01.078685  7952 net.cpp:84] Creating Layer pool4
I0418 08:09:01.078685  7952 net.cpp:406] pool4 <- conv4_4
I0418 08:09:01.078685  7952 net.cpp:380] pool4 -> pool4
I0418 08:09:01.078685  7952 net.cpp:122] Setting up pool4
I0418 08:09:01.078685  7952 net.cpp:129] Top shape: 1 512 28 28 (401408)
I0418 08:09:01.078685  7952 net.cpp:137] Memory required for data: 493731852
I0418 08:09:01.078685  7952 layer_factory.cpp:58] Creating layer conv5_1
I0418 08:09:01.078685  7952 net.cpp:84] Creating Layer conv5_1
I0418 08:09:01.078685  7952 net.cpp:406] conv5_1 <- pool4
I0418 08:09:01.078685  7952 net.cpp:380] conv5_1 -> conv5_1
I0418 08:09:01.641206  7952 cudnn_conv_layer.cpp:194] Reallocating workspace storage: 55296
I0418 08:09:01.641206  7952 net.cpp:122] Setting up conv5_1
I0418 08:09:01.641206  7952 net.cpp:129] Top shape: 1 512 28 28 (401408)
I0418 08:09:01.641206  7952 net.cpp:137] Memory required for data: 495337484
I0418 08:09:01.641206  7952 layer_factory.cpp:58] Creating layer relu5_1
I0418 08:09:01.641206  7952 net.cpp:84] Creating Layer relu5_1
I0418 08:09:01.641206  7952 net.cpp:406] relu5_1 <- conv5_1
I0418 08:09:01.641206  7952 net.cpp:367] relu5_1 -> conv5_1 (in-place)
I0418 08:09:01.641206  7952 net.cpp:122] Setting up relu5_1
I0418 08:09:01.641206  7952 net.cpp:129] Top shape: 1 512 28 28 (401408)
I0418 08:09:01.641206  7952 net.cpp:137] Memory required for data: 496943116
I0418 08:09:01.641206  7952 layer_factory.cpp:58] Creating layer conv5_2
I0418 08:09:01.641206  7952 net.cpp:84] Creating Layer conv5_2
I0418 08:09:01.641206  7952 net.cpp:406] conv5_2 <- conv5_1
I0418 08:09:01.641206  7952 net.cpp:380] conv5_2 -> conv5_2
I0418 08:09:02.219363  7952 cudnn_conv_layer.cpp:194] Reallocating workspace storage: 55296
I0418 08:09:02.219363  7952 net.cpp:122] Setting up conv5_2
I0418 08:09:02.219363  7952 net.cpp:129] Top shape: 1 512 28 28 (401408)
I0418 08:09:02.219363  7952 net.cpp:137] Memory required for data: 498548748
I0418 08:09:02.219363  7952 layer_factory.cpp:58] Creating layer relu5_2
I0418 08:09:02.219363  7952 net.cpp:84] Creating Layer relu5_2
I0418 08:09:02.219363  7952 net.cpp:406] relu5_2 <- conv5_2
I0418 08:09:02.219363  7952 net.cpp:367] relu5_2 -> conv5_2 (in-place)
I0418 08:09:02.219363  7952 net.cpp:122] Setting up relu5_2
I0418 08:09:02.219363  7952 net.cpp:129] Top shape: 1 512 28 28 (401408)
I0418 08:09:02.219363  7952 net.cpp:137] Memory required for data: 500154380
I0418 08:09:02.219363  7952 layer_factory.cpp:58] Creating layer conv5_3
I0418 08:09:02.219363  7952 net.cpp:84] Creating Layer conv5_3
I0418 08:09:02.219363  7952 net.cpp:406] conv5_3 <- conv5_2
I0418 08:09:02.219363  7952 net.cpp:380] conv5_3 -> conv5_3
I0418 08:09:02.797502  7952 cudnn_conv_layer.cpp:194] Reallocating workspace storage: 55296
I0418 08:09:02.797502  7952 net.cpp:122] Setting up conv5_3
I0418 08:09:02.797502  7952 net.cpp:129] Top shape: 1 512 28 28 (401408)
I0418 08:09:02.797502  7952 net.cpp:137] Memory required for data: 501760012
I0418 08:09:02.797502  7952 layer_factory.cpp:58] Creating layer relu5_3
I0418 08:09:02.797502  7952 net.cpp:84] Creating Layer relu5_3
I0418 08:09:02.797502  7952 net.cpp:406] relu5_3 <- conv5_3
I0418 08:09:02.797502  7952 net.cpp:367] relu5_3 -> conv5_3 (in-place)
I0418 08:09:02.797502  7952 net.cpp:122] Setting up relu5_3
I0418 08:09:02.797502  7952 net.cpp:129] Top shape: 1 512 28 28 (401408)
I0418 08:09:02.797502  7952 net.cpp:137] Memory required for data: 503365644
I0418 08:09:02.797502  7952 layer_factory.cpp:58] Creating layer conv5_4
I0418 08:09:02.797502  7952 net.cpp:84] Creating Layer conv5_4
I0418 08:09:02.797502  7952 net.cpp:406] conv5_4 <- conv5_3
I0418 08:09:02.797502  7952 net.cpp:380] conv5_4 -> conv5_4
I0418 08:09:03.375649  7952 cudnn_conv_layer.cpp:194] Reallocating workspace storage: 55296
I0418 08:09:03.375649  7952 net.cpp:122] Setting up conv5_4
I0418 08:09:03.375649  7952 net.cpp:129] Top shape: 1 512 28 28 (401408)
I0418 08:09:03.375649  7952 net.cpp:137] Memory required for data: 504971276
I0418 08:09:03.375649  7952 layer_factory.cpp:58] Creating layer relu5_4
I0418 08:09:03.375649  7952 net.cpp:84] Creating Layer relu5_4
I0418 08:09:03.375649  7952 net.cpp:406] relu5_4 <- conv5_4
I0418 08:09:03.375649  7952 net.cpp:367] relu5_4 -> conv5_4 (in-place)
I0418 08:09:03.375649  7952 net.cpp:122] Setting up relu5_4
I0418 08:09:03.375649  7952 net.cpp:129] Top shape: 1 512 28 28 (401408)
I0418 08:09:03.375649  7952 net.cpp:137] Memory required for data: 506576908
I0418 08:09:03.375649  7952 layer_factory.cpp:58] Creating layer conv5_4_relu5_4_0_split
I0418 08:09:03.375649  7952 net.cpp:84] Creating Layer conv5_4_relu5_4_0_split
I0418 08:09:03.375649  7952 net.cpp:406] conv5_4_relu5_4_0_split <- conv5_4
I0418 08:09:03.375649  7952 net.cpp:380] conv5_4_relu5_4_0_split -> conv5_4_relu5_4_0_split_0
I0418 08:09:03.375649  7952 net.cpp:380] conv5_4_relu5_4_0_split -> conv5_4_relu5_4_0_split_1
I0418 08:09:03.375649  7952 net.cpp:122] Setting up conv5_4_relu5_4_0_split
I0418 08:09:03.375649  7952 net.cpp:129] Top shape: 1 512 28 28 (401408)
I0418 08:09:03.375649  7952 net.cpp:129] Top shape: 1 512 28 28 (401408)
I0418 08:09:03.375649  7952 net.cpp:137] Memory required for data: 509788172
I0418 08:09:03.375649  7952 layer_factory.cpp:58] Creating layer pool5
I0418 08:09:03.375649  7952 net.cpp:84] Creating Layer pool5
I0418 08:09:03.375649  7952 net.cpp:406] pool5 <- conv5_4_relu5_4_0_split_0
I0418 08:09:03.375649  7952 net.cpp:380] pool5 -> pool5
I0418 08:09:03.375649  7952 net.cpp:122] Setting up pool5
I0418 08:09:03.375649  7952 net.cpp:129] Top shape: 1 512 1 1 (512)
I0418 08:09:03.375649  7952 net.cpp:137] Memory required for data: 509790220
I0418 08:09:03.375649  7952 layer_factory.cpp:58] Creating layer anp_pool
I0418 08:09:03.375649  7952 net.cpp:84] Creating Layer anp_pool
I0418 08:09:03.375649  7952 net.cpp:406] anp_pool <- conv5_4_relu5_4_0_split_1
I0418 08:09:03.375649  7952 net.cpp:380] anp_pool -> anp_pool
I0418 08:09:03.375649  7952 net.cpp:122] Setting up anp_pool
I0418 08:09:03.375649  7952 net.cpp:129] Top shape: 1 512 14 14 (100352)
I0418 08:09:03.375649  7952 net.cpp:137] Memory required for data: 510191628
I0418 08:09:03.375649  7952 layer_factory.cpp:58] Creating layer get_abc1
I0418 08:09:03.375649  7952 net.cpp:84] Creating Layer get_abc1
I0418 08:09:03.375649  7952 net.cpp:406] get_abc1 <- anp_pool
I0418 08:09:03.375649  7952 net.cpp:380] get_abc1 -> get_abc1
I0418 08:09:28.251626  7952 net.cpp:122] Setting up get_abc1
I0418 08:09:28.251626  7952 net.cpp:129] Top shape: 1 1024 (1024)
I0418 08:09:28.251626  7952 net.cpp:137] Memory required for data: 510195724
I0418 08:09:28.251626  7952 layer_factory.cpp:58] Creating layer tanh
I0418 08:09:28.251626  7952 net.cpp:84] Creating Layer tanh
I0418 08:09:28.251626  7952 net.cpp:406] tanh <- get_abc1
I0418 08:09:28.251626  7952 net.cpp:380] tanh -> tanh
I0418 08:09:28.251626  7952 net.cpp:122] Setting up tanh
I0418 08:09:28.251626  7952 net.cpp:129] Top shape: 1 1024 (1024)
I0418 08:09:28.251626  7952 net.cpp:137] Memory required for data: 510199820
I0418 08:09:28.251626  7952 layer_factory.cpp:58] Creating layer get_abc2
I0418 08:09:28.251626  7952 net.cpp:84] Creating Layer get_abc2
I0418 08:09:28.251626  7952 net.cpp:406] get_abc2 <- tanh
I0418 08:09:28.251626  7952 net.cpp:380] get_abc2 -> get_abc2
I0418 08:09:28.267251  7952 net.cpp:122] Setting up get_abc2
I0418 08:09:28.267251  7952 net.cpp:129] Top shape: 1 3 (3)
I0418 08:09:28.267251  7952 net.cpp:137] Memory required for data: 510199832
I0418 08:09:28.267251  7952 layer_factory.cpp:58] Creating layer sigmoid
I0418 08:09:28.267251  7952 net.cpp:84] Creating Layer sigmoid
I0418 08:09:28.267251  7952 net.cpp:406] sigmoid <- get_abc2
I0418 08:09:28.267251  7952 net.cpp:380] sigmoid -> sig_abc
I0418 08:09:28.267251  7952 net.cpp:122] Setting up sigmoid
I0418 08:09:28.267251  7952 net.cpp:129] Top shape: 1 3 (3)
I0418 08:09:28.267251  7952 net.cpp:137] Memory required for data: 510199844
I0418 08:09:28.267251  7952 layer_factory.cpp:58] Creating layer get448
I0418 08:09:28.267251  7952 net.cpp:84] Creating Layer get448
I0418 08:09:28.267251  7952 net.cpp:406] get448 <- sig_abc
I0418 08:09:28.267251  7952 net.cpp:380] get448 -> get448
I0418 08:09:28.267251  7952 net.cpp:122] Setting up get448
I0418 08:09:28.267251  7952 net.cpp:129] Top shape: 1 3 (3)
I0418 08:09:28.267251  7952 net.cpp:137] Memory required for data: 510199856
I0418 08:09:28.267251  7952 layer_factory.cpp:58] Creating layer atten_crop
I0418 08:09:28.267251  7952 net.cpp:84] Creating Layer atten_crop
I0418 08:09:28.267251  7952 net.cpp:406] atten_crop <- data_data_0_split_1
I0418 08:09:28.267251  7952 net.cpp:406] atten_crop <- get448
I0418 08:09:28.267251  7952 net.cpp:380] atten_crop -> scale2_data
I0418 08:09:28.267251  7952 net.cpp:122] Setting up atten_crop
I0418 08:09:28.267251  7952 net.cpp:129] Top shape: 1 3 224 224 (150528)
I0418 08:09:28.267251  7952 net.cpp:137] Memory required for data: 510801968
I0418 08:09:28.267251  7952 layer_factory.cpp:58] Creating layer scale2_data_atten_crop_0_split
I0418 08:09:28.267251  7952 net.cpp:84] Creating Layer scale2_data_atten_crop_0_split
I0418 08:09:28.267251  7952 net.cpp:406] scale2_data_atten_crop_0_split <- scale2_data
I0418 08:09:28.267251  7952 net.cpp:380] scale2_data_atten_crop_0_split -> scale2_data_atten_crop_0_split_0
I0418 08:09:28.267251  7952 net.cpp:380] scale2_data_atten_crop_0_split -> scale2_data_atten_crop_0_split_1
I0418 08:09:28.267251  7952 net.cpp:122] Setting up scale2_data_atten_crop_0_split
I0418 08:09:28.267251  7952 net.cpp:129] Top shape: 1 3 224 224 (150528)
I0418 08:09:28.267251  7952 net.cpp:129] Top shape: 1 3 224 224 (150528)
I0418 08:09:28.267251  7952 net.cpp:137] Memory required for data: 512006192
I0418 08:09:28.267251  7952 layer_factory.cpp:58] Creating layer conv1_1_A
I0418 08:09:28.267251  7952 net.cpp:84] Creating Layer conv1_1_A
I0418 08:09:28.267251  7952 net.cpp:406] conv1_1_A <- scale2_data_atten_crop_0_split_0
I0418 08:09:28.267251  7952 net.cpp:380] conv1_1_A -> conv1_1_A
I0418 08:09:28.267251  7952 net.cpp:122] Setting up conv1_1_A
I0418 08:09:28.267251  7952 net.cpp:129] Top shape: 1 64 224 224 (3211264)
I0418 08:09:28.267251  7952 net.cpp:137] Memory required for data: 524851248
I0418 08:09:28.267251  7952 layer_factory.cpp:58] Creating layer relu1_1_A
I0418 08:09:28.267251  7952 net.cpp:84] Creating Layer relu1_1_A
I0418 08:09:28.267251  7952 net.cpp:406] relu1_1_A <- conv1_1_A
I0418 08:09:28.267251  7952 net.cpp:367] relu1_1_A -> conv1_1_A (in-place)
I0418 08:09:28.267251  7952 net.cpp:122] Setting up relu1_1_A
I0418 08:09:28.267251  7952 net.cpp:129] Top shape: 1 64 224 224 (3211264)
I0418 08:09:28.267251  7952 net.cpp:137] Memory required for data: 537696304
I0418 08:09:28.267251  7952 layer_factory.cpp:58] Creating layer conv1_2_A
I0418 08:09:28.267251  7952 net.cpp:84] Creating Layer conv1_2_A
I0418 08:09:28.267251  7952 net.cpp:406] conv1_2_A <- conv1_1_A
I0418 08:09:28.267251  7952 net.cpp:380] conv1_2_A -> conv1_2_A
I0418 08:09:28.282876  7952 cudnn_conv_layer.cpp:194] Reallocating workspace storage: 6912
I0418 08:09:28.282876  7952 net.cpp:122] Setting up conv1_2_A
I0418 08:09:28.282876  7952 net.cpp:129] Top shape: 1 64 224 224 (3211264)
I0418 08:09:28.282876  7952 net.cpp:137] Memory required for data: 550541360
I0418 08:09:28.282876  7952 layer_factory.cpp:58] Creating layer relu1_2_A
I0418 08:09:28.282876  7952 net.cpp:84] Creating Layer relu1_2_A
I0418 08:09:28.282876  7952 net.cpp:406] relu1_2_A <- conv1_2_A
I0418 08:09:28.282876  7952 net.cpp:367] relu1_2_A -> conv1_2_A (in-place)
I0418 08:09:28.282876  7952 net.cpp:122] Setting up relu1_2_A
I0418 08:09:28.282876  7952 net.cpp:129] Top shape: 1 64 224 224 (3211264)
I0418 08:09:28.282876  7952 net.cpp:137] Memory required for data: 563386416
I0418 08:09:28.282876  7952 layer_factory.cpp:58] Creating layer pool1_A
I0418 08:09:28.282876  7952 net.cpp:84] Creating Layer pool1_A
I0418 08:09:28.282876  7952 net.cpp:406] pool1_A <- conv1_2_A
I0418 08:09:28.282876  7952 net.cpp:380] pool1_A -> pool1_A
I0418 08:09:28.282876  7952 net.cpp:122] Setting up pool1_A
I0418 08:09:28.282876  7952 net.cpp:129] Top shape: 1 64 112 112 (802816)
I0418 08:09:28.282876  7952 net.cpp:137] Memory required for data: 566597680
I0418 08:09:28.282876  7952 layer_factory.cpp:58] Creating layer conv2_1_A
I0418 08:09:28.282876  7952 net.cpp:84] Creating Layer conv2_1_A
I0418 08:09:28.282876  7952 net.cpp:406] conv2_1_A <- pool1_A
I0418 08:09:28.282876  7952 net.cpp:380] conv2_1_A -> conv2_1_A
I0418 08:09:28.298502  7952 cudnn_conv_layer.cpp:194] Reallocating workspace storage: 6912
I0418 08:09:28.298502  7952 net.cpp:122] Setting up conv2_1_A
I0418 08:09:28.298502  7952 net.cpp:129] Top shape: 1 128 112 112 (1605632)
I0418 08:09:28.298502  7952 net.cpp:137] Memory required for data: 573020208
I0418 08:09:28.298502  7952 layer_factory.cpp:58] Creating layer relu2_1_A
I0418 08:09:28.298502  7952 net.cpp:84] Creating Layer relu2_1_A
I0418 08:09:28.298502  7952 net.cpp:406] relu2_1_A <- conv2_1_A
I0418 08:09:28.298502  7952 net.cpp:367] relu2_1_A -> conv2_1_A (in-place)
I0418 08:09:28.298502  7952 net.cpp:122] Setting up relu2_1_A
I0418 08:09:28.298502  7952 net.cpp:129] Top shape: 1 128 112 112 (1605632)
I0418 08:09:28.298502  7952 net.cpp:137] Memory required for data: 579442736
I0418 08:09:28.298502  7952 layer_factory.cpp:58] Creating layer conv2_2_A
I0418 08:09:28.298502  7952 net.cpp:84] Creating Layer conv2_2_A
I0418 08:09:28.298502  7952 net.cpp:406] conv2_2_A <- conv2_1_A
I0418 08:09:28.298502  7952 net.cpp:380] conv2_2_A -> conv2_2_A
I0418 08:09:28.329756  7952 cudnn_conv_layer.cpp:194] Reallocating workspace storage: 13824
I0418 08:09:28.329756  7952 net.cpp:122] Setting up conv2_2_A
I0418 08:09:28.329756  7952 net.cpp:129] Top shape: 1 128 112 112 (1605632)
I0418 08:09:28.329756  7952 net.cpp:137] Memory required for data: 585865264
I0418 08:09:28.345379  7952 layer_factory.cpp:58] Creating layer relu2_2_A
I0418 08:09:28.345379  7952 net.cpp:84] Creating Layer relu2_2_A
I0418 08:09:28.345379  7952 net.cpp:406] relu2_2_A <- conv2_2_A
I0418 08:09:28.345379  7952 net.cpp:367] relu2_2_A -> conv2_2_A (in-place)
I0418 08:09:28.345379  7952 net.cpp:122] Setting up relu2_2_A
I0418 08:09:28.345379  7952 net.cpp:129] Top shape: 1 128 112 112 (1605632)
I0418 08:09:28.345379  7952 net.cpp:137] Memory required for data: 592287792
I0418 08:09:28.345379  7952 layer_factory.cpp:58] Creating layer pool2_A
I0418 08:09:28.345379  7952 net.cpp:84] Creating Layer pool2_A
I0418 08:09:28.345379  7952 net.cpp:406] pool2_A <- conv2_2_A
I0418 08:09:28.345379  7952 net.cpp:380] pool2_A -> pool2_A
I0418 08:09:28.345379  7952 net.cpp:122] Setting up pool2_A
I0418 08:09:28.345379  7952 net.cpp:129] Top shape: 1 128 56 56 (401408)
I0418 08:09:28.345379  7952 net.cpp:137] Memory required for data: 593893424
I0418 08:09:28.345379  7952 layer_factory.cpp:58] Creating layer conv3_1_A
I0418 08:09:28.345379  7952 net.cpp:84] Creating Layer conv3_1_A
I0418 08:09:28.345379  7952 net.cpp:406] conv3_1_A <- pool2_A
I0418 08:09:28.345379  7952 net.cpp:380] conv3_1_A -> conv3_1_A
I0418 08:09:28.407882  7952 cudnn_conv_layer.cpp:194] Reallocating workspace storage: 13824
I0418 08:09:28.407882  7952 net.cpp:122] Setting up conv3_1_A
I0418 08:09:28.407882  7952 net.cpp:129] Top shape: 1 256 56 56 (802816)
I0418 08:09:28.407882  7952 net.cpp:137] Memory required for data: 597104688
I0418 08:09:28.407882  7952 layer_factory.cpp:58] Creating layer relu3_1_A
I0418 08:09:28.407882  7952 net.cpp:84] Creating Layer relu3_1_A
I0418 08:09:28.407882  7952 net.cpp:406] relu3_1_A <- conv3_1_A
I0418 08:09:28.407882  7952 net.cpp:367] relu3_1_A -> conv3_1_A (in-place)
I0418 08:09:28.407882  7952 net.cpp:122] Setting up relu3_1_A
I0418 08:09:28.407882  7952 net.cpp:129] Top shape: 1 256 56 56 (802816)
I0418 08:09:28.407882  7952 net.cpp:137] Memory required for data: 600315952
I0418 08:09:28.407882  7952 layer_factory.cpp:58] Creating layer conv3_2_A
I0418 08:09:28.407882  7952 net.cpp:84] Creating Layer conv3_2_A
I0418 08:09:28.407882  7952 net.cpp:406] conv3_2_A <- conv3_1_A
I0418 08:09:28.407882  7952 net.cpp:380] conv3_2_A -> conv3_2_A
I0418 08:09:28.564137  7952 cudnn_conv_layer.cpp:194] Reallocating workspace storage: 27648
I0418 08:09:28.564137  7952 net.cpp:122] Setting up conv3_2_A
I0418 08:09:28.564137  7952 net.cpp:129] Top shape: 1 256 56 56 (802816)
I0418 08:09:28.564137  7952 net.cpp:137] Memory required for data: 603527216
I0418 08:09:28.564137  7952 layer_factory.cpp:58] Creating layer relu3_2_A
I0418 08:09:28.564137  7952 net.cpp:84] Creating Layer relu3_2_A
I0418 08:09:28.564137  7952 net.cpp:406] relu3_2_A <- conv3_2_A
I0418 08:09:28.564137  7952 net.cpp:367] relu3_2_A -> conv3_2_A (in-place)
I0418 08:09:28.564137  7952 net.cpp:122] Setting up relu3_2_A
I0418 08:09:28.564137  7952 net.cpp:129] Top shape: 1 256 56 56 (802816)
I0418 08:09:28.564137  7952 net.cpp:137] Memory required for data: 606738480
I0418 08:09:28.564137  7952 layer_factory.cpp:58] Creating layer conv3_3_A
I0418 08:09:28.564137  7952 net.cpp:84] Creating Layer conv3_3_A
I0418 08:09:28.564137  7952 net.cpp:406] conv3_3_A <- conv3_2_A
I0418 08:09:28.564137  7952 net.cpp:380] conv3_3_A -> conv3_3_A
I0418 08:09:28.704769  7952 cudnn_conv_layer.cpp:194] Reallocating workspace storage: 27648
I0418 08:09:28.704769  7952 net.cpp:122] Setting up conv3_3_A
I0418 08:09:28.704769  7952 net.cpp:129] Top shape: 1 256 56 56 (802816)
I0418 08:09:28.704769  7952 net.cpp:137] Memory required for data: 609949744
I0418 08:09:28.704769  7952 layer_factory.cpp:58] Creating layer relu3_3_A
I0418 08:09:28.704769  7952 net.cpp:84] Creating Layer relu3_3_A
I0418 08:09:28.704769  7952 net.cpp:406] relu3_3_A <- conv3_3_A
I0418 08:09:28.704769  7952 net.cpp:367] relu3_3_A -> conv3_3_A (in-place)
I0418 08:09:28.704769  7952 net.cpp:122] Setting up relu3_3_A
I0418 08:09:28.704769  7952 net.cpp:129] Top shape: 1 256 56 56 (802816)
I0418 08:09:28.704769  7952 net.cpp:137] Memory required for data: 613161008
I0418 08:09:28.704769  7952 layer_factory.cpp:58] Creating layer conv3_4_A
I0418 08:09:28.704769  7952 net.cpp:84] Creating Layer conv3_4_A
I0418 08:09:28.704769  7952 net.cpp:406] conv3_4_A <- conv3_3_A
I0418 08:09:28.704769  7952 net.cpp:380] conv3_4_A -> conv3_4_A
I0418 08:09:28.845401  7952 cudnn_conv_layer.cpp:194] Reallocating workspace storage: 27648
I0418 08:09:28.845401  7952 net.cpp:122] Setting up conv3_4_A
I0418 08:09:28.845401  7952 net.cpp:129] Top shape: 1 256 56 56 (802816)
I0418 08:09:28.845401  7952 net.cpp:137] Memory required for data: 616372272
I0418 08:09:28.845401  7952 layer_factory.cpp:58] Creating layer relu3_4_A
I0418 08:09:28.845401  7952 net.cpp:84] Creating Layer relu3_4_A
I0418 08:09:28.845401  7952 net.cpp:406] relu3_4_A <- conv3_4_A
I0418 08:09:28.845401  7952 net.cpp:367] relu3_4_A -> conv3_4_A (in-place)
I0418 08:09:28.845401  7952 net.cpp:122] Setting up relu3_4_A
I0418 08:09:28.845401  7952 net.cpp:129] Top shape: 1 256 56 56 (802816)
I0418 08:09:28.845401  7952 net.cpp:137] Memory required for data: 619583536
I0418 08:09:28.845401  7952 layer_factory.cpp:58] Creating layer pool3_A
I0418 08:09:28.845401  7952 net.cpp:84] Creating Layer pool3_A
I0418 08:09:28.845401  7952 net.cpp:406] pool3_A <- conv3_4_A
I0418 08:09:28.845401  7952 net.cpp:380] pool3_A -> pool3_A
I0418 08:09:28.845401  7952 net.cpp:122] Setting up pool3_A
I0418 08:09:28.845401  7952 net.cpp:129] Top shape: 1 256 28 28 (200704)
I0418 08:09:28.845401  7952 net.cpp:137] Memory required for data: 620386352
I0418 08:09:28.845401  7952 layer_factory.cpp:58] Creating layer conv4_1_A
I0418 08:09:28.845401  7952 net.cpp:84] Creating Layer conv4_1_A
I0418 08:09:28.845401  7952 net.cpp:406] conv4_1_A <- pool3_A
I0418 08:09:28.845401  7952 net.cpp:380] conv4_1_A -> conv4_1_A
I0418 08:09:29.142285  7952 cudnn_conv_layer.cpp:194] Reallocating workspace storage: 27648
I0418 08:09:29.142285  7952 net.cpp:122] Setting up conv4_1_A
I0418 08:09:29.142285  7952 net.cpp:129] Top shape: 1 512 28 28 (401408)
I0418 08:09:29.142285  7952 net.cpp:137] Memory required for data: 621991984
I0418 08:09:29.142285  7952 layer_factory.cpp:58] Creating layer relu4_1_A
I0418 08:09:29.142285  7952 net.cpp:84] Creating Layer relu4_1_A
I0418 08:09:29.142285  7952 net.cpp:406] relu4_1_A <- conv4_1_A
I0418 08:09:29.142285  7952 net.cpp:367] relu4_1_A -> conv4_1_A (in-place)
I0418 08:09:29.142285  7952 net.cpp:122] Setting up relu4_1_A
I0418 08:09:29.142285  7952 net.cpp:129] Top shape: 1 512 28 28 (401408)
I0418 08:09:29.142285  7952 net.cpp:137] Memory required for data: 623597616
I0418 08:09:29.142285  7952 layer_factory.cpp:58] Creating layer conv4_2_A
I0418 08:09:29.142285  7952 net.cpp:84] Creating Layer conv4_2_A
I0418 08:09:29.142285  7952 net.cpp:406] conv4_2_A <- conv4_1_A
I0418 08:09:29.142285  7952 net.cpp:380] conv4_2_A -> conv4_2_A
I0418 08:09:29.704807  7952 cudnn_conv_layer.cpp:194] Reallocating workspace storage: 55296
I0418 08:09:29.704807  7952 net.cpp:122] Setting up conv4_2_A
I0418 08:09:29.704807  7952 net.cpp:129] Top shape: 1 512 28 28 (401408)
I0418 08:09:29.704807  7952 net.cpp:137] Memory required for data: 625203248
I0418 08:09:29.704807  7952 layer_factory.cpp:58] Creating layer relu4_2_A
I0418 08:09:29.704807  7952 net.cpp:84] Creating Layer relu4_2_A
I0418 08:09:29.704807  7952 net.cpp:406] relu4_2_A <- conv4_2_A
I0418 08:09:29.704807  7952 net.cpp:367] relu4_2_A -> conv4_2_A (in-place)
I0418 08:09:29.704807  7952 net.cpp:122] Setting up relu4_2_A
I0418 08:09:29.704807  7952 net.cpp:129] Top shape: 1 512 28 28 (401408)
I0418 08:09:29.704807  7952 net.cpp:137] Memory required for data: 626808880
I0418 08:09:29.704807  7952 layer_factory.cpp:58] Creating layer conv4_3_A
I0418 08:09:29.704807  7952 net.cpp:84] Creating Layer conv4_3_A
I0418 08:09:29.704807  7952 net.cpp:406] conv4_3_A <- conv4_2_A
I0418 08:09:29.704807  7952 net.cpp:380] conv4_3_A -> conv4_3_A
I0418 08:09:30.282955  7952 cudnn_conv_layer.cpp:194] Reallocating workspace storage: 55296
I0418 08:09:30.282955  7952 net.cpp:122] Setting up conv4_3_A
I0418 08:09:30.282955  7952 net.cpp:129] Top shape: 1 512 28 28 (401408)
I0418 08:09:30.282955  7952 net.cpp:137] Memory required for data: 628414512
I0418 08:09:30.282955  7952 layer_factory.cpp:58] Creating layer relu4_3_A
I0418 08:09:30.282955  7952 net.cpp:84] Creating Layer relu4_3_A
I0418 08:09:30.282955  7952 net.cpp:406] relu4_3_A <- conv4_3_A
I0418 08:09:30.282955  7952 net.cpp:367] relu4_3_A -> conv4_3_A (in-place)
I0418 08:09:30.282955  7952 net.cpp:122] Setting up relu4_3_A
I0418 08:09:30.282955  7952 net.cpp:129] Top shape: 1 512 28 28 (401408)
I0418 08:09:30.282955  7952 net.cpp:137] Memory required for data: 630020144
I0418 08:09:30.282955  7952 layer_factory.cpp:58] Creating layer conv4_4_A
I0418 08:09:30.282955  7952 net.cpp:84] Creating Layer conv4_4_A
I0418 08:09:30.282955  7952 net.cpp:406] conv4_4_A <- conv4_3_A
I0418 08:09:30.282955  7952 net.cpp:380] conv4_4_A -> conv4_4_A
I0418 08:09:30.845479  7952 cudnn_conv_layer.cpp:194] Reallocating workspace storage: 55296
I0418 08:09:30.845479  7952 net.cpp:122] Setting up conv4_4_A
I0418 08:09:30.845479  7952 net.cpp:129] Top shape: 1 512 28 28 (401408)
I0418 08:09:30.845479  7952 net.cpp:137] Memory required for data: 631625776
I0418 08:09:30.845479  7952 layer_factory.cpp:58] Creating layer relu4_4_A
I0418 08:09:30.845479  7952 net.cpp:84] Creating Layer relu4_4_A
I0418 08:09:30.845479  7952 net.cpp:406] relu4_4_A <- conv4_4_A
I0418 08:09:30.845479  7952 net.cpp:367] relu4_4_A -> conv4_4_A (in-place)
I0418 08:09:30.845479  7952 net.cpp:122] Setting up relu4_4_A
I0418 08:09:30.845479  7952 net.cpp:129] Top shape: 1 512 28 28 (401408)
I0418 08:09:30.845479  7952 net.cpp:137] Memory required for data: 633231408
I0418 08:09:30.845479  7952 layer_factory.cpp:58] Creating layer pool4_A
I0418 08:09:30.845479  7952 net.cpp:84] Creating Layer pool4_A
I0418 08:09:30.845479  7952 net.cpp:406] pool4_A <- conv4_4_A
I0418 08:09:30.845479  7952 net.cpp:380] pool4_A -> pool4_A
I0418 08:09:30.845479  7952 net.cpp:122] Setting up pool4_A
I0418 08:09:30.845479  7952 net.cpp:129] Top shape: 1 512 14 14 (100352)
I0418 08:09:30.845479  7952 net.cpp:137] Memory required for data: 633632816
I0418 08:09:30.845479  7952 layer_factory.cpp:58] Creating layer conv5_1_A
I0418 08:09:30.845479  7952 net.cpp:84] Creating Layer conv5_1_A
I0418 08:09:30.845479  7952 net.cpp:406] conv5_1_A <- pool4_A
I0418 08:09:30.845479  7952 net.cpp:380] conv5_1_A -> conv5_1_A
I0418 08:09:31.423626  7952 cudnn_conv_layer.cpp:194] Reallocating workspace storage: 10838016
I0418 08:09:31.423626  7952 net.cpp:122] Setting up conv5_1_A
I0418 08:09:31.423626  7952 net.cpp:129] Top shape: 1 512 14 14 (100352)
I0418 08:09:31.423626  7952 net.cpp:137] Memory required for data: 634034224
I0418 08:09:31.423626  7952 layer_factory.cpp:58] Creating layer relu5_1_A
I0418 08:09:31.423626  7952 net.cpp:84] Creating Layer relu5_1_A
I0418 08:09:31.423626  7952 net.cpp:406] relu5_1_A <- conv5_1_A
I0418 08:09:31.423626  7952 net.cpp:367] relu5_1_A -> conv5_1_A (in-place)
I0418 08:09:31.423626  7952 net.cpp:122] Setting up relu5_1_A
I0418 08:09:31.423626  7952 net.cpp:129] Top shape: 1 512 14 14 (100352)
I0418 08:09:31.423626  7952 net.cpp:137] Memory required for data: 634435632
I0418 08:09:31.423626  7952 layer_factory.cpp:58] Creating layer conv5_2_A
I0418 08:09:31.423626  7952 net.cpp:84] Creating Layer conv5_2_A
I0418 08:09:31.423626  7952 net.cpp:406] conv5_2_A <- conv5_1_A
I0418 08:09:31.423626  7952 net.cpp:380] conv5_2_A -> conv5_2_A
I0418 08:09:31.986146  7952 cudnn_conv_layer.cpp:194] Reallocating workspace storage: 10838016
I0418 08:09:31.986146  7952 net.cpp:122] Setting up conv5_2_A
I0418 08:09:31.986146  7952 net.cpp:129] Top shape: 1 512 14 14 (100352)
I0418 08:09:31.986146  7952 net.cpp:137] Memory required for data: 634837040
I0418 08:09:31.986146  7952 layer_factory.cpp:58] Creating layer relu5_2_A
I0418 08:09:31.986146  7952 net.cpp:84] Creating Layer relu5_2_A
I0418 08:09:31.986146  7952 net.cpp:406] relu5_2_A <- conv5_2_A
I0418 08:09:31.986146  7952 net.cpp:367] relu5_2_A -> conv5_2_A (in-place)
I0418 08:09:31.986146  7952 net.cpp:122] Setting up relu5_2_A
I0418 08:09:31.986146  7952 net.cpp:129] Top shape: 1 512 14 14 (100352)
I0418 08:09:31.986146  7952 net.cpp:137] Memory required for data: 635238448
I0418 08:09:31.986146  7952 layer_factory.cpp:58] Creating layer conv5_3_A
I0418 08:09:31.986146  7952 net.cpp:84] Creating Layer conv5_3_A
I0418 08:09:31.986146  7952 net.cpp:406] conv5_3_A <- conv5_2_A
I0418 08:09:31.986146  7952 net.cpp:380] conv5_3_A -> conv5_3_A
I0418 08:09:32.564294  7952 cudnn_conv_layer.cpp:194] Reallocating workspace storage: 10838016
I0418 08:09:32.564294  7952 net.cpp:122] Setting up conv5_3_A
I0418 08:09:32.564294  7952 net.cpp:129] Top shape: 1 512 14 14 (100352)
I0418 08:09:32.564294  7952 net.cpp:137] Memory required for data: 635639856
I0418 08:09:32.564294  7952 layer_factory.cpp:58] Creating layer relu5_3_A
I0418 08:09:32.564294  7952 net.cpp:84] Creating Layer relu5_3_A
I0418 08:09:32.564294  7952 net.cpp:406] relu5_3_A <- conv5_3_A
I0418 08:09:32.564294  7952 net.cpp:367] relu5_3_A -> conv5_3_A (in-place)
I0418 08:09:32.564294  7952 net.cpp:122] Setting up relu5_3_A
I0418 08:09:32.564294  7952 net.cpp:129] Top shape: 1 512 14 14 (100352)
I0418 08:09:32.564294  7952 net.cpp:137] Memory required for data: 636041264
I0418 08:09:32.564294  7952 layer_factory.cpp:58] Creating layer conv5_4_A
I0418 08:09:32.564294  7952 net.cpp:84] Creating Layer conv5_4_A
I0418 08:09:32.564294  7952 net.cpp:406] conv5_4_A <- conv5_3_A
I0418 08:09:32.564294  7952 net.cpp:380] conv5_4_A -> conv5_4_A
I0418 08:09:33.126816  7952 cudnn_conv_layer.cpp:194] Reallocating workspace storage: 10838016
I0418 08:09:33.126816  7952 net.cpp:122] Setting up conv5_4_A
I0418 08:09:33.126816  7952 net.cpp:129] Top shape: 1 512 14 14 (100352)
I0418 08:09:33.126816  7952 net.cpp:137] Memory required for data: 636442672
I0418 08:09:33.126816  7952 layer_factory.cpp:58] Creating layer relu5_4_A
I0418 08:09:33.126816  7952 net.cpp:84] Creating Layer relu5_4_A
I0418 08:09:33.126816  7952 net.cpp:406] relu5_4_A <- conv5_4_A
I0418 08:09:33.126816  7952 net.cpp:367] relu5_4_A -> conv5_4_A (in-place)
I0418 08:09:33.126816  7952 net.cpp:122] Setting up relu5_4_A
I0418 08:09:33.142442  7952 net.cpp:129] Top shape: 1 512 14 14 (100352)
I0418 08:09:33.142442  7952 net.cpp:137] Memory required for data: 636844080
I0418 08:09:33.142442  7952 layer_factory.cpp:58] Creating layer conv5_4_A_relu5_4_A_0_split
I0418 08:09:33.142442  7952 net.cpp:84] Creating Layer conv5_4_A_relu5_4_A_0_split
I0418 08:09:33.142442  7952 net.cpp:406] conv5_4_A_relu5_4_A_0_split <- conv5_4_A
I0418 08:09:33.142442  7952 net.cpp:380] conv5_4_A_relu5_4_A_0_split -> conv5_4_A_relu5_4_A_0_split_0
I0418 08:09:33.142442  7952 net.cpp:380] conv5_4_A_relu5_4_A_0_split -> conv5_4_A_relu5_4_A_0_split_1
I0418 08:09:33.142442  7952 net.cpp:122] Setting up conv5_4_A_relu5_4_A_0_split
I0418 08:09:33.142442  7952 net.cpp:129] Top shape: 1 512 14 14 (100352)
I0418 08:09:33.142442  7952 net.cpp:129] Top shape: 1 512 14 14 (100352)
I0418 08:09:33.142442  7952 net.cpp:137] Memory required for data: 637646896
I0418 08:09:33.142442  7952 layer_factory.cpp:58] Creating layer pool5_A
I0418 08:09:33.142442  7952 net.cpp:84] Creating Layer pool5_A
I0418 08:09:33.142442  7952 net.cpp:406] pool5_A <- conv5_4_A_relu5_4_A_0_split_0
I0418 08:09:33.142442  7952 net.cpp:380] pool5_A -> pool5_A
I0418 08:09:33.142442  7952 net.cpp:122] Setting up pool5_A
I0418 08:09:33.142442  7952 net.cpp:129] Top shape: 1 512 1 1 (512)
I0418 08:09:33.142442  7952 net.cpp:137] Memory required for data: 637648944
I0418 08:09:33.142442  7952 layer_factory.cpp:58] Creating layer get_abc1_A
I0418 08:09:33.142442  7952 net.cpp:84] Creating Layer get_abc1_A
I0418 08:09:33.142442  7952 net.cpp:406] get_abc1_A <- conv5_4_A_relu5_4_A_0_split_1
I0418 08:09:33.142442  7952 net.cpp:380] get_abc1_A -> get_abc1_A
I0418 08:09:57.924664  7952 net.cpp:122] Setting up get_abc1_A
I0418 08:09:57.924664  7952 net.cpp:129] Top shape: 1 1024 (1024)
I0418 08:09:57.924664  7952 net.cpp:137] Memory required for data: 637653040
I0418 08:09:57.924664  7952 layer_factory.cpp:58] Creating layer tanh_A
I0418 08:09:57.924664  7952 net.cpp:84] Creating Layer tanh_A
I0418 08:09:57.924664  7952 net.cpp:406] tanh_A <- get_abc1_A
I0418 08:09:57.924664  7952 net.cpp:380] tanh_A -> tanh_A
I0418 08:09:57.924664  7952 net.cpp:122] Setting up tanh_A
I0418 08:09:57.924664  7952 net.cpp:129] Top shape: 1 1024 (1024)
I0418 08:09:57.924664  7952 net.cpp:137] Memory required for data: 637657136
I0418 08:09:57.924664  7952 layer_factory.cpp:58] Creating layer get_abc2_A
I0418 08:09:57.924664  7952 net.cpp:84] Creating Layer get_abc2_A
I0418 08:09:57.924664  7952 net.cpp:406] get_abc2_A <- tanh_A
I0418 08:09:57.924664  7952 net.cpp:380] get_abc2_A -> get_abc2_A
I0418 08:09:57.924664  7952 net.cpp:122] Setting up get_abc2_A
I0418 08:09:57.924664  7952 net.cpp:129] Top shape: 1 3 (3)
I0418 08:09:57.924664  7952 net.cpp:137] Memory required for data: 637657148
I0418 08:09:57.924664  7952 layer_factory.cpp:58] Creating layer sigmoid_A
I0418 08:09:57.924664  7952 net.cpp:84] Creating Layer sigmoid_A
I0418 08:09:57.924664  7952 net.cpp:406] sigmoid_A <- get_abc2_A
I0418 08:09:57.924664  7952 net.cpp:380] sigmoid_A -> sig_abc_A
I0418 08:09:57.924664  7952 net.cpp:122] Setting up sigmoid_A
I0418 08:09:57.924664  7952 net.cpp:129] Top shape: 1 3 (3)
I0418 08:09:57.924664  7952 net.cpp:137] Memory required for data: 637657160
I0418 08:09:57.924664  7952 layer_factory.cpp:58] Creating layer get224
I0418 08:09:57.924664  7952 net.cpp:84] Creating Layer get224
I0418 08:09:57.924664  7952 net.cpp:406] get224 <- sig_abc_A
I0418 08:09:57.924664  7952 net.cpp:380] get224 -> get224
I0418 08:09:57.924664  7952 net.cpp:122] Setting up get224
I0418 08:09:57.924664  7952 net.cpp:129] Top shape: 1 3 (3)
I0418 08:09:57.924664  7952 net.cpp:137] Memory required for data: 637657172
I0418 08:09:57.924664  7952 layer_factory.cpp:58] Creating layer atten_crop_A
I0418 08:09:57.924664  7952 net.cpp:84] Creating Layer atten_crop_A
I0418 08:09:57.924664  7952 net.cpp:406] atten_crop_A <- scale2_data_atten_crop_0_split_1
I0418 08:09:57.924664  7952 net.cpp:406] atten_crop_A <- get224
I0418 08:09:57.924664  7952 net.cpp:380] atten_crop_A -> scale3_data
I0418 08:09:57.924664  7952 net.cpp:122] Setting up atten_crop_A
I0418 08:09:57.924664  7952 net.cpp:129] Top shape: 1 3 224 224 (150528)
I0418 08:09:57.924664  7952 net.cpp:137] Memory required for data: 638259284
I0418 08:09:57.924664  7952 layer_factory.cpp:58] Creating layer conv1_1_A_A
I0418 08:09:57.924664  7952 net.cpp:84] Creating Layer conv1_1_A_A
I0418 08:09:57.924664  7952 net.cpp:406] conv1_1_A_A <- scale3_data
I0418 08:09:57.924664  7952 net.cpp:380] conv1_1_A_A -> conv1_1_A_A
I0418 08:09:57.924664  7952 net.cpp:122] Setting up conv1_1_A_A
I0418 08:09:57.924664  7952 net.cpp:129] Top shape: 1 64 224 224 (3211264)
I0418 08:09:57.924664  7952 net.cpp:137] Memory required for data: 651104340
I0418 08:09:57.924664  7952 layer_factory.cpp:58] Creating layer relu1_1_A_A
I0418 08:09:57.924664  7952 net.cpp:84] Creating Layer relu1_1_A_A
I0418 08:09:57.924664  7952 net.cpp:406] relu1_1_A_A <- conv1_1_A_A
I0418 08:09:57.924664  7952 net.cpp:367] relu1_1_A_A -> conv1_1_A_A (in-place)
I0418 08:09:57.924664  7952 net.cpp:122] Setting up relu1_1_A_A
I0418 08:09:57.924664  7952 net.cpp:129] Top shape: 1 64 224 224 (3211264)
I0418 08:09:57.924664  7952 net.cpp:137] Memory required for data: 663949396
I0418 08:09:57.924664  7952 layer_factory.cpp:58] Creating layer conv1_2_A_A
I0418 08:09:57.924664  7952 net.cpp:84] Creating Layer conv1_2_A_A
I0418 08:09:57.924664  7952 net.cpp:406] conv1_2_A_A <- conv1_1_A_A
I0418 08:09:57.924664  7952 net.cpp:380] conv1_2_A_A -> conv1_2_A_A
I0418 08:09:57.940289  7952 cudnn_conv_layer.cpp:194] Reallocating workspace storage: 6912
I0418 08:09:57.940289  7952 net.cpp:122] Setting up conv1_2_A_A
I0418 08:09:57.940289  7952 net.cpp:129] Top shape: 1 64 224 224 (3211264)
I0418 08:09:57.940289  7952 net.cpp:137] Memory required for data: 676794452
I0418 08:09:57.940289  7952 layer_factory.cpp:58] Creating layer relu1_2_A_A
I0418 08:09:57.940289  7952 net.cpp:84] Creating Layer relu1_2_A_A
I0418 08:09:57.940289  7952 net.cpp:406] relu1_2_A_A <- conv1_2_A_A
I0418 08:09:57.940289  7952 net.cpp:367] relu1_2_A_A -> conv1_2_A_A (in-place)
I0418 08:09:57.940289  7952 net.cpp:122] Setting up relu1_2_A_A
I0418 08:09:57.940289  7952 net.cpp:129] Top shape: 1 64 224 224 (3211264)
I0418 08:09:57.940289  7952 net.cpp:137] Memory required for data: 689639508
I0418 08:09:57.940289  7952 layer_factory.cpp:58] Creating layer pool1_A_A
I0418 08:09:57.940289  7952 net.cpp:84] Creating Layer pool1_A_A
I0418 08:09:57.940289  7952 net.cpp:406] pool1_A_A <- conv1_2_A_A
I0418 08:09:57.940289  7952 net.cpp:380] pool1_A_A -> pool1_A_A
I0418 08:09:57.940289  7952 net.cpp:122] Setting up pool1_A_A
I0418 08:09:57.940289  7952 net.cpp:129] Top shape: 1 64 112 112 (802816)
I0418 08:09:57.940289  7952 net.cpp:137] Memory required for data: 692850772
I0418 08:09:57.940289  7952 layer_factory.cpp:58] Creating layer conv2_1_A_A
I0418 08:09:57.940289  7952 net.cpp:84] Creating Layer conv2_1_A_A
I0418 08:09:57.940289  7952 net.cpp:406] conv2_1_A_A <- pool1_A_A
I0418 08:09:57.940289  7952 net.cpp:380] conv2_1_A_A -> conv2_1_A_A
I0418 08:09:57.955915  7952 cudnn_conv_layer.cpp:194] Reallocating workspace storage: 6912
I0418 08:09:57.955915  7952 net.cpp:122] Setting up conv2_1_A_A
I0418 08:09:57.971541  7952 net.cpp:129] Top shape: 1 128 112 112 (1605632)
I0418 08:09:57.971541  7952 net.cpp:137] Memory required for data: 699273300
I0418 08:09:57.971541  7952 layer_factory.cpp:58] Creating layer relu2_1_A_A
I0418 08:09:57.971541  7952 net.cpp:84] Creating Layer relu2_1_A_A
I0418 08:09:57.971541  7952 net.cpp:406] relu2_1_A_A <- conv2_1_A_A
I0418 08:09:57.971541  7952 net.cpp:367] relu2_1_A_A -> conv2_1_A_A (in-place)
I0418 08:09:57.971541  7952 net.cpp:122] Setting up relu2_1_A_A
I0418 08:09:57.971541  7952 net.cpp:129] Top shape: 1 128 112 112 (1605632)
I0418 08:09:57.971541  7952 net.cpp:137] Memory required for data: 705695828
I0418 08:09:57.971541  7952 layer_factory.cpp:58] Creating layer conv2_2_A_A
I0418 08:09:57.971541  7952 net.cpp:84] Creating Layer conv2_2_A_A
I0418 08:09:57.971541  7952 net.cpp:406] conv2_2_A_A <- conv2_1_A_A
I0418 08:09:57.971541  7952 net.cpp:380] conv2_2_A_A -> conv2_2_A_A
I0418 08:09:58.002792  7952 cudnn_conv_layer.cpp:194] Reallocating workspace storage: 13824
I0418 08:09:58.002792  7952 net.cpp:122] Setting up conv2_2_A_A
I0418 08:09:58.002792  7952 net.cpp:129] Top shape: 1 128 112 112 (1605632)
I0418 08:09:58.002792  7952 net.cpp:137] Memory required for data: 712118356
I0418 08:09:58.002792  7952 layer_factory.cpp:58] Creating layer relu2_2_A_A
I0418 08:09:58.002792  7952 net.cpp:84] Creating Layer relu2_2_A_A
I0418 08:09:58.002792  7952 net.cpp:406] relu2_2_A_A <- conv2_2_A_A
I0418 08:09:58.002792  7952 net.cpp:367] relu2_2_A_A -> conv2_2_A_A (in-place)
I0418 08:09:58.002792  7952 net.cpp:122] Setting up relu2_2_A_A
I0418 08:09:58.002792  7952 net.cpp:129] Top shape: 1 128 112 112 (1605632)
I0418 08:09:58.002792  7952 net.cpp:137] Memory required for data: 718540884
I0418 08:09:58.002792  7952 layer_factory.cpp:58] Creating layer pool2_A_A
I0418 08:09:58.002792  7952 net.cpp:84] Creating Layer pool2_A_A
I0418 08:09:58.002792  7952 net.cpp:406] pool2_A_A <- conv2_2_A_A
I0418 08:09:58.002792  7952 net.cpp:380] pool2_A_A -> pool2_A_A
I0418 08:09:58.002792  7952 net.cpp:122] Setting up pool2_A_A
I0418 08:09:58.002792  7952 net.cpp:129] Top shape: 1 128 56 56 (401408)
I0418 08:09:58.002792  7952 net.cpp:137] Memory required for data: 720146516
I0418 08:09:58.002792  7952 layer_factory.cpp:58] Creating layer conv3_1_A_A
I0418 08:09:58.002792  7952 net.cpp:84] Creating Layer conv3_1_A_A
I0418 08:09:58.002792  7952 net.cpp:406] conv3_1_A_A <- pool2_A_A
I0418 08:09:58.002792  7952 net.cpp:380] conv3_1_A_A -> conv3_1_A_A
I0418 08:09:58.080920  7952 cudnn_conv_layer.cpp:194] Reallocating workspace storage: 13824
I0418 08:09:58.080920  7952 net.cpp:122] Setting up conv3_1_A_A
I0418 08:09:58.080920  7952 net.cpp:129] Top shape: 1 256 56 56 (802816)
I0418 08:09:58.080920  7952 net.cpp:137] Memory required for data: 723357780
I0418 08:09:58.080920  7952 layer_factory.cpp:58] Creating layer relu3_1_A_A
I0418 08:09:58.080920  7952 net.cpp:84] Creating Layer relu3_1_A_A
I0418 08:09:58.080920  7952 net.cpp:406] relu3_1_A_A <- conv3_1_A_A
I0418 08:09:58.080920  7952 net.cpp:367] relu3_1_A_A -> conv3_1_A_A (in-place)
I0418 08:09:58.080920  7952 net.cpp:122] Setting up relu3_1_A_A
I0418 08:09:58.080920  7952 net.cpp:129] Top shape: 1 256 56 56 (802816)
I0418 08:09:58.080920  7952 net.cpp:137] Memory required for data: 726569044
I0418 08:09:58.080920  7952 layer_factory.cpp:58] Creating layer conv3_2_A_A
I0418 08:09:58.080920  7952 net.cpp:84] Creating Layer conv3_2_A_A
I0418 08:09:58.080920  7952 net.cpp:406] conv3_2_A_A <- conv3_1_A_A
I0418 08:09:58.080920  7952 net.cpp:380] conv3_2_A_A -> conv3_2_A_A
I0418 08:09:58.221552  7952 cudnn_conv_layer.cpp:194] Reallocating workspace storage: 27648
I0418 08:09:58.221552  7952 net.cpp:122] Setting up conv3_2_A_A
I0418 08:09:58.221552  7952 net.cpp:129] Top shape: 1 256 56 56 (802816)
I0418 08:09:58.221552  7952 net.cpp:137] Memory required for data: 729780308
I0418 08:09:58.221552  7952 layer_factory.cpp:58] Creating layer relu3_2_A_A
I0418 08:09:58.221552  7952 net.cpp:84] Creating Layer relu3_2_A_A
I0418 08:09:58.221552  7952 net.cpp:406] relu3_2_A_A <- conv3_2_A_A
I0418 08:09:58.221552  7952 net.cpp:367] relu3_2_A_A -> conv3_2_A_A (in-place)
I0418 08:09:58.221552  7952 net.cpp:122] Setting up relu3_2_A_A
I0418 08:09:58.221552  7952 net.cpp:129] Top shape: 1 256 56 56 (802816)
I0418 08:09:58.221552  7952 net.cpp:137] Memory required for data: 732991572
I0418 08:09:58.221552  7952 layer_factory.cpp:58] Creating layer conv3_3_A_A
I0418 08:09:58.221552  7952 net.cpp:84] Creating Layer conv3_3_A_A
I0418 08:09:58.221552  7952 net.cpp:406] conv3_3_A_A <- conv3_2_A_A
I0418 08:09:58.221552  7952 net.cpp:380] conv3_3_A_A -> conv3_3_A_A
I0418 08:09:58.362184  7952 cudnn_conv_layer.cpp:194] Reallocating workspace storage: 27648
I0418 08:09:58.362184  7952 net.cpp:122] Setting up conv3_3_A_A
I0418 08:09:58.362184  7952 net.cpp:129] Top shape: 1 256 56 56 (802816)
I0418 08:09:58.362184  7952 net.cpp:137] Memory required for data: 736202836
I0418 08:09:58.362184  7952 layer_factory.cpp:58] Creating layer relu3_3_A_A
I0418 08:09:58.362184  7952 net.cpp:84] Creating Layer relu3_3_A_A
I0418 08:09:58.362184  7952 net.cpp:406] relu3_3_A_A <- conv3_3_A_A
I0418 08:09:58.377807  7952 net.cpp:367] relu3_3_A_A -> conv3_3_A_A (in-place)
I0418 08:09:58.377807  7952 net.cpp:122] Setting up relu3_3_A_A
I0418 08:09:58.377807  7952 net.cpp:129] Top shape: 1 256 56 56 (802816)
I0418 08:09:58.377807  7952 net.cpp:137] Memory required for data: 739414100
I0418 08:09:58.377807  7952 layer_factory.cpp:58] Creating layer conv3_4_A_A
I0418 08:09:58.377807  7952 net.cpp:84] Creating Layer conv3_4_A_A
I0418 08:09:58.377807  7952 net.cpp:406] conv3_4_A_A <- conv3_3_A_A
I0418 08:09:58.377807  7952 net.cpp:380] conv3_4_A_A -> conv3_4_A_A
I0418 08:09:58.518440  7952 cudnn_conv_layer.cpp:194] Reallocating workspace storage: 27648
I0418 08:09:58.518440  7952 net.cpp:122] Setting up conv3_4_A_A
I0418 08:09:58.518440  7952 net.cpp:129] Top shape: 1 256 56 56 (802816)
I0418 08:09:58.518440  7952 net.cpp:137] Memory required for data: 742625364
I0418 08:09:58.518440  7952 layer_factory.cpp:58] Creating layer relu3_4_A_A
I0418 08:09:58.518440  7952 net.cpp:84] Creating Layer relu3_4_A_A
I0418 08:09:58.518440  7952 net.cpp:406] relu3_4_A_A <- conv3_4_A_A
I0418 08:09:58.518440  7952 net.cpp:367] relu3_4_A_A -> conv3_4_A_A (in-place)
I0418 08:09:58.518440  7952 net.cpp:122] Setting up relu3_4_A_A
I0418 08:09:58.518440  7952 net.cpp:129] Top shape: 1 256 56 56 (802816)
I0418 08:09:58.518440  7952 net.cpp:137] Memory required for data: 745836628
I0418 08:09:58.518440  7952 layer_factory.cpp:58] Creating layer pool3_A_A
I0418 08:09:58.518440  7952 net.cpp:84] Creating Layer pool3_A_A
I0418 08:09:58.518440  7952 net.cpp:406] pool3_A_A <- conv3_4_A_A
I0418 08:09:58.518440  7952 net.cpp:380] pool3_A_A -> pool3_A_A
I0418 08:09:58.518440  7952 net.cpp:122] Setting up pool3_A_A
I0418 08:09:58.518440  7952 net.cpp:129] Top shape: 1 256 28 28 (200704)
I0418 08:09:58.518440  7952 net.cpp:137] Memory required for data: 746639444
I0418 08:09:58.518440  7952 layer_factory.cpp:58] Creating layer conv4_1_A_A
I0418 08:09:58.518440  7952 net.cpp:84] Creating Layer conv4_1_A_A
I0418 08:09:58.518440  7952 net.cpp:406] conv4_1_A_A <- pool3_A_A
I0418 08:09:58.518440  7952 net.cpp:380] conv4_1_A_A -> conv4_1_A_A
I0418 08:09:58.799700  7952 cudnn_conv_layer.cpp:194] Reallocating workspace storage: 27648
I0418 08:09:58.799700  7952 net.cpp:122] Setting up conv4_1_A_A
I0418 08:09:58.799700  7952 net.cpp:129] Top shape: 1 512 28 28 (401408)
I0418 08:09:58.799700  7952 net.cpp:137] Memory required for data: 748245076
I0418 08:09:58.799700  7952 layer_factory.cpp:58] Creating layer relu4_1_A_A
I0418 08:09:58.799700  7952 net.cpp:84] Creating Layer relu4_1_A_A
I0418 08:09:58.799700  7952 net.cpp:406] relu4_1_A_A <- conv4_1_A_A
I0418 08:09:58.799700  7952 net.cpp:367] relu4_1_A_A -> conv4_1_A_A (in-place)
I0418 08:09:58.799700  7952 net.cpp:122] Setting up relu4_1_A_A
I0418 08:09:58.799700  7952 net.cpp:129] Top shape: 1 512 28 28 (401408)
I0418 08:09:58.799700  7952 net.cpp:137] Memory required for data: 749850708
I0418 08:09:58.799700  7952 layer_factory.cpp:58] Creating layer conv4_2_A_A
I0418 08:09:58.799700  7952 net.cpp:84] Creating Layer conv4_2_A_A
I0418 08:09:58.799700  7952 net.cpp:406] conv4_2_A_A <- conv4_1_A_A
I0418 08:09:58.799700  7952 net.cpp:380] conv4_2_A_A -> conv4_2_A_A
I0418 08:09:59.377848  7952 cudnn_conv_layer.cpp:194] Reallocating workspace storage: 55296
I0418 08:09:59.377848  7952 net.cpp:122] Setting up conv4_2_A_A
I0418 08:09:59.377848  7952 net.cpp:129] Top shape: 1 512 28 28 (401408)
I0418 08:09:59.377848  7952 net.cpp:137] Memory required for data: 751456340
I0418 08:09:59.377848  7952 layer_factory.cpp:58] Creating layer relu4_2_A_A
I0418 08:09:59.377848  7952 net.cpp:84] Creating Layer relu4_2_A_A
I0418 08:09:59.380990  7952 net.cpp:406] relu4_2_A_A <- conv4_2_A_A
I0418 08:09:59.380990  7952 net.cpp:367] relu4_2_A_A -> conv4_2_A_A (in-place)
I0418 08:09:59.380990  7952 net.cpp:122] Setting up relu4_2_A_A
I0418 08:09:59.380990  7952 net.cpp:129] Top shape: 1 512 28 28 (401408)
I0418 08:09:59.380990  7952 net.cpp:137] Memory required for data: 753061972
I0418 08:09:59.380990  7952 layer_factory.cpp:58] Creating layer conv4_3_A_A
I0418 08:09:59.380990  7952 net.cpp:84] Creating Layer conv4_3_A_A
I0418 08:09:59.380990  7952 net.cpp:406] conv4_3_A_A <- conv4_2_A_A
I0418 08:09:59.380990  7952 net.cpp:380] conv4_3_A_A -> conv4_3_A_A
I0418 08:09:59.943516  7952 cudnn_conv_layer.cpp:194] Reallocating workspace storage: 55296
I0418 08:09:59.943516  7952 net.cpp:122] Setting up conv4_3_A_A
I0418 08:09:59.943516  7952 net.cpp:129] Top shape: 1 512 28 28 (401408)
I0418 08:09:59.943516  7952 net.cpp:137] Memory required for data: 754667604
I0418 08:09:59.943516  7952 layer_factory.cpp:58] Creating layer relu4_3_A_A
I0418 08:09:59.943516  7952 net.cpp:84] Creating Layer relu4_3_A_A
I0418 08:09:59.943516  7952 net.cpp:406] relu4_3_A_A <- conv4_3_A_A
I0418 08:09:59.943516  7952 net.cpp:367] relu4_3_A_A -> conv4_3_A_A (in-place)
I0418 08:09:59.943516  7952 net.cpp:122] Setting up relu4_3_A_A
I0418 08:09:59.943516  7952 net.cpp:129] Top shape: 1 512 28 28 (401408)
I0418 08:09:59.943516  7952 net.cpp:137] Memory required for data: 756273236
I0418 08:09:59.943516  7952 layer_factory.cpp:58] Creating layer conv4_4_A_A
I0418 08:09:59.943516  7952 net.cpp:84] Creating Layer conv4_4_A_A
I0418 08:09:59.943516  7952 net.cpp:406] conv4_4_A_A <- conv4_3_A_A
I0418 08:09:59.943516  7952 net.cpp:380] conv4_4_A_A -> conv4_4_A_A
I0418 08:10:00.506038  7952 cudnn_conv_layer.cpp:194] Reallocating workspace storage: 55296
I0418 08:10:00.506038  7952 net.cpp:122] Setting up conv4_4_A_A
I0418 08:10:00.506038  7952 net.cpp:129] Top shape: 1 512 28 28 (401408)
I0418 08:10:00.506038  7952 net.cpp:137] Memory required for data: 757878868
I0418 08:10:00.521663  7952 layer_factory.cpp:58] Creating layer relu4_4_A_A
I0418 08:10:00.521663  7952 net.cpp:84] Creating Layer relu4_4_A_A
I0418 08:10:00.521663  7952 net.cpp:406] relu4_4_A_A <- conv4_4_A_A
I0418 08:10:00.521663  7952 net.cpp:367] relu4_4_A_A -> conv4_4_A_A (in-place)
I0418 08:10:00.521663  7952 net.cpp:122] Setting up relu4_4_A_A
I0418 08:10:00.521663  7952 net.cpp:129] Top shape: 1 512 28 28 (401408)
I0418 08:10:00.521663  7952 net.cpp:137] Memory required for data: 759484500
I0418 08:10:00.521663  7952 layer_factory.cpp:58] Creating layer pool4_A_A
I0418 08:10:00.521663  7952 net.cpp:84] Creating Layer pool4_A_A
I0418 08:10:00.521663  7952 net.cpp:406] pool4_A_A <- conv4_4_A_A
I0418 08:10:00.521663  7952 net.cpp:380] pool4_A_A -> pool4_A_A
I0418 08:10:00.521663  7952 net.cpp:122] Setting up pool4_A_A
I0418 08:10:00.521663  7952 net.cpp:129] Top shape: 1 512 14 14 (100352)
I0418 08:10:00.521663  7952 net.cpp:137] Memory required for data: 759885908
I0418 08:10:00.521663  7952 layer_factory.cpp:58] Creating layer conv5_1_A_A
I0418 08:10:00.521663  7952 net.cpp:84] Creating Layer conv5_1_A_A
I0418 08:10:00.521663  7952 net.cpp:406] conv5_1_A_A <- pool4_A_A
I0418 08:10:00.521663  7952 net.cpp:380] conv5_1_A_A -> conv5_1_A_A
I0418 08:10:01.084187  7952 cudnn_conv_layer.cpp:194] Reallocating workspace storage: 10838016
I0418 08:10:01.084187  7952 net.cpp:122] Setting up conv5_1_A_A
I0418 08:10:01.084187  7952 net.cpp:129] Top shape: 1 512 14 14 (100352)
I0418 08:10:01.084187  7952 net.cpp:137] Memory required for data: 760287316
I0418 08:10:01.084187  7952 layer_factory.cpp:58] Creating layer relu5_1_A_A
I0418 08:10:01.084187  7952 net.cpp:84] Creating Layer relu5_1_A_A
I0418 08:10:01.084187  7952 net.cpp:406] relu5_1_A_A <- conv5_1_A_A
I0418 08:10:01.084187  7952 net.cpp:367] relu5_1_A_A -> conv5_1_A_A (in-place)
I0418 08:10:01.084187  7952 net.cpp:122] Setting up relu5_1_A_A
I0418 08:10:01.084187  7952 net.cpp:129] Top shape: 1 512 14 14 (100352)
I0418 08:10:01.084187  7952 net.cpp:137] Memory required for data: 760688724
I0418 08:10:01.084187  7952 layer_factory.cpp:58] Creating layer conv5_2_A_A
I0418 08:10:01.084187  7952 net.cpp:84] Creating Layer conv5_2_A_A
I0418 08:10:01.084187  7952 net.cpp:406] conv5_2_A_A <- conv5_1_A_A
I0418 08:10:01.084187  7952 net.cpp:380] conv5_2_A_A -> conv5_2_A_A
I0418 08:10:01.662334  7952 cudnn_conv_layer.cpp:194] Reallocating workspace storage: 10838016
I0418 08:10:01.662334  7952 net.cpp:122] Setting up conv5_2_A_A
I0418 08:10:01.662334  7952 net.cpp:129] Top shape: 1 512 14 14 (100352)
I0418 08:10:01.662334  7952 net.cpp:137] Memory required for data: 761090132
I0418 08:10:01.662334  7952 layer_factory.cpp:58] Creating layer relu5_2_A_A
I0418 08:10:01.662334  7952 net.cpp:84] Creating Layer relu5_2_A_A
I0418 08:10:01.662334  7952 net.cpp:406] relu5_2_A_A <- conv5_2_A_A
I0418 08:10:01.662334  7952 net.cpp:367] relu5_2_A_A -> conv5_2_A_A (in-place)
I0418 08:10:01.662334  7952 net.cpp:122] Setting up relu5_2_A_A
I0418 08:10:01.662334  7952 net.cpp:129] Top shape: 1 512 14 14 (100352)
I0418 08:10:01.662334  7952 net.cpp:137] Memory required for data: 761491540
I0418 08:10:01.662334  7952 layer_factory.cpp:58] Creating layer conv5_3_A_A
I0418 08:10:01.662334  7952 net.cpp:84] Creating Layer conv5_3_A_A
I0418 08:10:01.662334  7952 net.cpp:406] conv5_3_A_A <- conv5_2_A_A
I0418 08:10:01.662334  7952 net.cpp:380] conv5_3_A_A -> conv5_3_A_A
I0418 08:10:02.224856  7952 cudnn_conv_layer.cpp:194] Reallocating workspace storage: 10838016
I0418 08:10:02.224856  7952 net.cpp:122] Setting up conv5_3_A_A
I0418 08:10:02.224856  7952 net.cpp:129] Top shape: 1 512 14 14 (100352)
I0418 08:10:02.224856  7952 net.cpp:137] Memory required for data: 761892948
I0418 08:10:02.224856  7952 layer_factory.cpp:58] Creating layer relu5_3_A_A
I0418 08:10:02.224856  7952 net.cpp:84] Creating Layer relu5_3_A_A
I0418 08:10:02.224856  7952 net.cpp:406] relu5_3_A_A <- conv5_3_A_A
I0418 08:10:02.224856  7952 net.cpp:367] relu5_3_A_A -> conv5_3_A_A (in-place)
I0418 08:10:02.224856  7952 net.cpp:122] Setting up relu5_3_A_A
I0418 08:10:02.224856  7952 net.cpp:129] Top shape: 1 512 14 14 (100352)
I0418 08:10:02.224856  7952 net.cpp:137] Memory required for data: 762294356
I0418 08:10:02.224856  7952 layer_factory.cpp:58] Creating layer conv5_4_A_A
I0418 08:10:02.224856  7952 net.cpp:84] Creating Layer conv5_4_A_A
I0418 08:10:02.224856  7952 net.cpp:406] conv5_4_A_A <- conv5_3_A_A
I0418 08:10:02.224856  7952 net.cpp:380] conv5_4_A_A -> conv5_4_A_A
I0418 08:10:02.803004  7952 cudnn_conv_layer.cpp:194] Reallocating workspace storage: 10838016
I0418 08:10:02.803004  7952 net.cpp:122] Setting up conv5_4_A_A
I0418 08:10:02.803004  7952 net.cpp:129] Top shape: 1 512 14 14 (100352)
I0418 08:10:02.803004  7952 net.cpp:137] Memory required for data: 762695764
I0418 08:10:02.803004  7952 layer_factory.cpp:58] Creating layer relu5_4_A_A
I0418 08:10:02.803004  7952 net.cpp:84] Creating Layer relu5_4_A_A
I0418 08:10:02.803004  7952 net.cpp:406] relu5_4_A_A <- conv5_4_A_A
I0418 08:10:02.803004  7952 net.cpp:367] relu5_4_A_A -> conv5_4_A_A (in-place)
I0418 08:10:02.803004  7952 net.cpp:122] Setting up relu5_4_A_A
I0418 08:10:02.803004  7952 net.cpp:129] Top shape: 1 512 14 14 (100352)
I0418 08:10:02.803004  7952 net.cpp:137] Memory required for data: 763097172
I0418 08:10:02.803004  7952 layer_factory.cpp:58] Creating layer pool5_A_A
I0418 08:10:02.803004  7952 net.cpp:84] Creating Layer pool5_A_A
I0418 08:10:02.803004  7952 net.cpp:406] pool5_A_A <- conv5_4_A_A
I0418 08:10:02.803004  7952 net.cpp:380] pool5_A_A -> pool5_A_A
I0418 08:10:02.803004  7952 net.cpp:122] Setting up pool5_A_A
I0418 08:10:02.803004  7952 net.cpp:129] Top shape: 1 512 1 1 (512)
I0418 08:10:02.803004  7952 net.cpp:137] Memory required for data: 763099220
I0418 08:10:02.803004  7952 layer_factory.cpp:58] Creating layer reshape1
I0418 08:10:02.803004  7952 net.cpp:84] Creating Layer reshape1
I0418 08:10:02.803004  7952 net.cpp:406] reshape1 <- pool5
I0418 08:10:02.803004  7952 net.cpp:380] reshape1 -> reshape1
I0418 08:10:02.803004  7952 net.cpp:122] Setting up reshape1
I0418 08:10:02.803004  7952 net.cpp:129] Top shape: 1 512 (512)
I0418 08:10:02.803004  7952 net.cpp:137] Memory required for data: 763101268
I0418 08:10:02.803004  7952 layer_factory.cpp:58] Creating layer reshape2
I0418 08:10:02.803004  7952 net.cpp:84] Creating Layer reshape2
I0418 08:10:02.803004  7952 net.cpp:406] reshape2 <- pool5_A
I0418 08:10:02.803004  7952 net.cpp:380] reshape2 -> reshape2
I0418 08:10:02.803004  7952 net.cpp:122] Setting up reshape2
I0418 08:10:02.803004  7952 net.cpp:129] Top shape: 1 512 (512)
I0418 08:10:02.803004  7952 net.cpp:137] Memory required for data: 763103316
I0418 08:10:02.803004  7952 layer_factory.cpp:58] Creating layer reshape3
I0418 08:10:02.803004  7952 net.cpp:84] Creating Layer reshape3
I0418 08:10:02.803004  7952 net.cpp:406] reshape3 <- pool5_A_A
I0418 08:10:02.803004  7952 net.cpp:380] reshape3 -> reshape3
I0418 08:10:02.803004  7952 net.cpp:122] Setting up reshape3
I0418 08:10:02.803004  7952 net.cpp:129] Top shape: 1 512 (512)
I0418 08:10:02.803004  7952 net.cpp:137] Memory required for data: 763105364
I0418 08:10:02.803004  7952 layer_factory.cpp:58] Creating layer pow1
I0418 08:10:02.803004  7952 net.cpp:84] Creating Layer pow1
I0418 08:10:02.803004  7952 net.cpp:406] pow1 <- reshape1
I0418 08:10:02.803004  7952 net.cpp:380] pow1 -> pow1
I0418 08:10:02.803004  7952 net.cpp:122] Setting up pow1
I0418 08:10:02.803004  7952 net.cpp:129] Top shape: 1 512 (512)
I0418 08:10:02.803004  7952 net.cpp:137] Memory required for data: 763107412
I0418 08:10:02.803004  7952 layer_factory.cpp:58] Creating layer pow1_pow1_0_split
I0418 08:10:02.803004  7952 net.cpp:84] Creating Layer pow1_pow1_0_split
I0418 08:10:02.803004  7952 net.cpp:406] pow1_pow1_0_split <- pow1
I0418 08:10:02.803004  7952 net.cpp:380] pow1_pow1_0_split -> pow1_pow1_0_split_0
I0418 08:10:02.803004  7952 net.cpp:380] pow1_pow1_0_split -> pow1_pow1_0_split_1
I0418 08:10:02.803004  7952 net.cpp:122] Setting up pow1_pow1_0_split
I0418 08:10:02.803004  7952 net.cpp:129] Top shape: 1 512 (512)
I0418 08:10:02.803004  7952 net.cpp:129] Top shape: 1 512 (512)
I0418 08:10:02.803004  7952 net.cpp:137] Memory required for data: 763111508
I0418 08:10:02.803004  7952 layer_factory.cpp:58] Creating layer pow2
I0418 08:10:02.803004  7952 net.cpp:84] Creating Layer pow2
I0418 08:10:02.803004  7952 net.cpp:406] pow2 <- reshape2
I0418 08:10:02.803004  7952 net.cpp:380] pow2 -> pow2
I0418 08:10:02.803004  7952 net.cpp:122] Setting up pow2
I0418 08:10:02.803004  7952 net.cpp:129] Top shape: 1 512 (512)
I0418 08:10:02.803004  7952 net.cpp:137] Memory required for data: 763113556
I0418 08:10:02.803004  7952 layer_factory.cpp:58] Creating layer pow2_pow2_0_split
I0418 08:10:02.803004  7952 net.cpp:84] Creating Layer pow2_pow2_0_split
I0418 08:10:02.803004  7952 net.cpp:406] pow2_pow2_0_split <- pow2
I0418 08:10:02.803004  7952 net.cpp:380] pow2_pow2_0_split -> pow2_pow2_0_split_0
I0418 08:10:02.803004  7952 net.cpp:380] pow2_pow2_0_split -> pow2_pow2_0_split_1
I0418 08:10:02.803004  7952 net.cpp:122] Setting up pow2_pow2_0_split
I0418 08:10:02.803004  7952 net.cpp:129] Top shape: 1 512 (512)
I0418 08:10:02.803004  7952 net.cpp:129] Top shape: 1 512 (512)
I0418 08:10:02.803004  7952 net.cpp:137] Memory required for data: 763117652
I0418 08:10:02.803004  7952 layer_factory.cpp:58] Creating layer pow3
I0418 08:10:02.803004  7952 net.cpp:84] Creating Layer pow3
I0418 08:10:02.803004  7952 net.cpp:406] pow3 <- reshape3
I0418 08:10:02.803004  7952 net.cpp:380] pow3 -> pow3
I0418 08:10:02.803004  7952 net.cpp:122] Setting up pow3
I0418 08:10:02.803004  7952 net.cpp:129] Top shape: 1 512 (512)
I0418 08:10:02.803004  7952 net.cpp:137] Memory required for data: 763119700
I0418 08:10:02.803004  7952 layer_factory.cpp:58] Creating layer scale1+2+3
I0418 08:10:02.803004  7952 net.cpp:84] Creating Layer scale1+2+3
I0418 08:10:02.803004  7952 net.cpp:406] scale1+2+3 <- pow2_pow2_0_split_0
I0418 08:10:02.803004  7952 net.cpp:406] scale1+2+3 <- pow1_pow1_0_split_0
I0418 08:10:02.803004  7952 net.cpp:406] scale1+2+3 <- pow3
I0418 08:10:02.803004  7952 net.cpp:380] scale1+2+3 -> scale1+2+3
I0418 08:10:02.818641  7952 net.cpp:122] Setting up scale1+2+3
I0418 08:10:02.818641  7952 net.cpp:129] Top shape: 1 1536 (1536)
I0418 08:10:02.818641  7952 net.cpp:137] Memory required for data: 763125844
I0418 08:10:02.818641  7952 layer_factory.cpp:58] Creating layer scale1+2
I0418 08:10:02.818641  7952 net.cpp:84] Creating Layer scale1+2
I0418 08:10:02.818641  7952 net.cpp:406] scale1+2 <- pow2_pow2_0_split_1
I0418 08:10:02.818641  7952 net.cpp:406] scale1+2 <- pow1_pow1_0_split_1
I0418 08:10:02.818641  7952 net.cpp:380] scale1+2 -> scale1+2
I0418 08:10:02.818641  7952 net.cpp:122] Setting up scale1+2
I0418 08:10:02.818641  7952 net.cpp:129] Top shape: 1 1024 (1024)
I0418 08:10:02.818641  7952 net.cpp:137] Memory required for data: 763129940
I0418 08:10:02.818641  7952 layer_factory.cpp:58] Creating layer fc1
I0418 08:10:02.818641  7952 net.cpp:84] Creating Layer fc1
I0418 08:10:02.818641  7952 net.cpp:406] fc1 <- scale1+2+3
I0418 08:10:02.818641  7952 net.cpp:380] fc1 -> fc1
I0418 08:10:02.881132  7952 net.cpp:122] Setting up fc1
I0418 08:10:02.881132  7952 net.cpp:129] Top shape: 1 200 (200)
I0418 08:10:02.881132  7952 net.cpp:137] Memory required for data: 763130740
I0418 08:10:02.881132  7952 layer_factory.cpp:58] Creating layer accuracy1+2+3
I0418 08:10:02.881132  7952 net.cpp:84] Creating Layer accuracy1+2+3
I0418 08:10:02.881132  7952 net.cpp:406] accuracy1+2+3 <- fc1
I0418 08:10:02.881132  7952 net.cpp:406] accuracy1+2+3 <- label_data_1_split_0
I0418 08:10:02.881132  7952 net.cpp:380] accuracy1+2+3 -> accuracy1+2+3
I0418 08:10:02.896760  7952 net.cpp:122] Setting up accuracy1+2+3
I0418 08:10:02.896760  7952 net.cpp:129] Top shape: (1)
I0418 08:10:02.896760  7952 net.cpp:137] Memory required for data: 763130744
I0418 08:10:02.896760  7952 layer_factory.cpp:58] Creating layer fc2
I0418 08:10:02.896760  7952 net.cpp:84] Creating Layer fc2
I0418 08:10:02.896760  7952 net.cpp:406] fc2 <- scale1+2
I0418 08:10:02.896760  7952 net.cpp:380] fc2 -> fc2
I0418 08:10:02.943634  7952 net.cpp:122] Setting up fc2
I0418 08:10:02.943634  7952 net.cpp:129] Top shape: 1 200 (200)
I0418 08:10:02.943634  7952 net.cpp:137] Memory required for data: 763131544
I0418 08:10:02.943634  7952 layer_factory.cpp:58] Creating layer accuracy1+2
I0418 08:10:02.943634  7952 net.cpp:84] Creating Layer accuracy1+2
I0418 08:10:02.943634  7952 net.cpp:406] accuracy1+2 <- fc2
I0418 08:10:02.943634  7952 net.cpp:406] accuracy1+2 <- label_data_1_split_1
I0418 08:10:02.943634  7952 net.cpp:380] accuracy1+2 -> accuracy1+2
I0418 08:10:02.943634  7952 net.cpp:122] Setting up accuracy1+2
I0418 08:10:02.943634  7952 net.cpp:129] Top shape: (1)
I0418 08:10:02.943634  7952 net.cpp:137] Memory required for data: 763131548
I0418 08:10:02.943634  7952 net.cpp:200] accuracy1+2 does not need backward computation.
I0418 08:10:02.943634  7952 net.cpp:200] fc2 does not need backward computation.
I0418 08:10:02.943634  7952 net.cpp:200] accuracy1+2+3 does not need backward computation.
I0418 08:10:02.943634  7952 net.cpp:200] fc1 does not need backward computation.
I0418 08:10:02.943634  7952 net.cpp:200] scale1+2 does not need backward computation.
I0418 08:10:02.943634  7952 net.cpp:200] scale1+2+3 does not need backward computation.
I0418 08:10:02.943634  7952 net.cpp:200] pow3 does not need backward computation.
I0418 08:10:02.943634  7952 net.cpp:200] pow2_pow2_0_split does not need backward computation.
I0418 08:10:02.943634  7952 net.cpp:200] pow2 does not need backward computation.
I0418 08:10:02.943634  7952 net.cpp:200] pow1_pow1_0_split does not need backward computation.
I0418 08:10:02.943634  7952 net.cpp:200] pow1 does not need backward computation.
I0418 08:10:02.943634  7952 net.cpp:200] reshape3 does not need backward computation.
I0418 08:10:02.943634  7952 net.cpp:200] reshape2 does not need backward computation.
I0418 08:10:02.943634  7952 net.cpp:200] reshape1 does not need backward computation.
I0418 08:10:02.943634  7952 net.cpp:200] pool5_A_A does not need backward computation.
I0418 08:10:02.943634  7952 net.cpp:200] relu5_4_A_A does not need backward computation.
I0418 08:10:02.943634  7952 net.cpp:200] conv5_4_A_A does not need backward computation.
I0418 08:10:02.943634  7952 net.cpp:200] relu5_3_A_A does not need backward computation.
I0418 08:10:02.943634  7952 net.cpp:200] conv5_3_A_A does not need backward computation.
I0418 08:10:02.943634  7952 net.cpp:200] relu5_2_A_A does not need backward computation.
I0418 08:10:02.943634  7952 net.cpp:200] conv5_2_A_A does not need backward computation.
I0418 08:10:02.943634  7952 net.cpp:200] relu5_1_A_A does not need backward computation.
I0418 08:10:02.943634  7952 net.cpp:200] conv5_1_A_A does not need backward computation.
I0418 08:10:02.943634  7952 net.cpp:200] pool4_A_A does not need backward computation.
I0418 08:10:02.943634  7952 net.cpp:200] relu4_4_A_A does not need backward computation.
I0418 08:10:02.943634  7952 net.cpp:200] conv4_4_A_A does not need backward computation.
I0418 08:10:02.943634  7952 net.cpp:200] relu4_3_A_A does not need backward computation.
I0418 08:10:02.943634  7952 net.cpp:200] conv4_3_A_A does not need backward computation.
I0418 08:10:02.943634  7952 net.cpp:200] relu4_2_A_A does not need backward computation.
I0418 08:10:02.943634  7952 net.cpp:200] conv4_2_A_A does not need backward computation.
I0418 08:10:02.943634  7952 net.cpp:200] relu4_1_A_A does not need backward computation.
I0418 08:10:02.943634  7952 net.cpp:200] conv4_1_A_A does not need backward computation.
I0418 08:10:02.943634  7952 net.cpp:200] pool3_A_A does not need backward computation.
I0418 08:10:02.943634  7952 net.cpp:200] relu3_4_A_A does not need backward computation.
I0418 08:10:02.943634  7952 net.cpp:200] conv3_4_A_A does not need backward computation.
I0418 08:10:02.943634  7952 net.cpp:200] relu3_3_A_A does not need backward computation.
I0418 08:10:02.943634  7952 net.cpp:200] conv3_3_A_A does not need backward computation.
I0418 08:10:02.943634  7952 net.cpp:200] relu3_2_A_A does not need backward computation.
I0418 08:10:02.943634  7952 net.cpp:200] conv3_2_A_A does not need backward computation.
I0418 08:10:02.943634  7952 net.cpp:200] relu3_1_A_A does not need backward computation.
I0418 08:10:02.943634  7952 net.cpp:200] conv3_1_A_A does not need backward computation.
I0418 08:10:02.943634  7952 net.cpp:200] pool2_A_A does not need backward computation.
I0418 08:10:02.943634  7952 net.cpp:200] relu2_2_A_A does not need backward computation.
I0418 08:10:02.943634  7952 net.cpp:200] conv2_2_A_A does not need backward computation.
I0418 08:10:02.943634  7952 net.cpp:200] relu2_1_A_A does not need backward computation.
I0418 08:10:02.943634  7952 net.cpp:200] conv2_1_A_A does not need backward computation.
I0418 08:10:02.943634  7952 net.cpp:200] pool1_A_A does not need backward computation.
I0418 08:10:02.943634  7952 net.cpp:200] relu1_2_A_A does not need backward computation.
I0418 08:10:02.943634  7952 net.cpp:200] conv1_2_A_A does not need backward computation.
I0418 08:10:02.943634  7952 net.cpp:200] relu1_1_A_A does not need backward computation.
I0418 08:10:02.943634  7952 net.cpp:200] conv1_1_A_A does not need backward computation.
I0418 08:10:02.943634  7952 net.cpp:200] atten_crop_A does not need backward computation.
I0418 08:10:02.943634  7952 net.cpp:200] get224 does not need backward computation.
I0418 08:10:02.943634  7952 net.cpp:200] sigmoid_A does not need backward computation.
I0418 08:10:02.943634  7952 net.cpp:200] get_abc2_A does not need backward computation.
I0418 08:10:02.943634  7952 net.cpp:200] tanh_A does not need backward computation.
I0418 08:10:02.943634  7952 net.cpp:200] get_abc1_A does not need backward computation.
I0418 08:10:02.943634  7952 net.cpp:200] pool5_A does not need backward computation.
I0418 08:10:02.943634  7952 net.cpp:200] conv5_4_A_relu5_4_A_0_split does not need backward computation.
I0418 08:10:02.943634  7952 net.cpp:200] relu5_4_A does not need backward computation.
I0418 08:10:02.943634  7952 net.cpp:200] conv5_4_A does not need backward computation.
I0418 08:10:02.943634  7952 net.cpp:200] relu5_3_A does not need backward computation.
I0418 08:10:02.943634  7952 net.cpp:200] conv5_3_A does not need backward computation.
I0418 08:10:02.943634  7952 net.cpp:200] relu5_2_A does not need backward computation.
I0418 08:10:02.943634  7952 net.cpp:200] conv5_2_A does not need backward computation.
I0418 08:10:02.943634  7952 net.cpp:200] relu5_1_A does not need backward computation.
I0418 08:10:02.943634  7952 net.cpp:200] conv5_1_A does not need backward computation.
I0418 08:10:02.943634  7952 net.cpp:200] pool4_A does not need backward computation.
I0418 08:10:02.943634  7952 net.cpp:200] relu4_4_A does not need backward computation.
I0418 08:10:02.943634  7952 net.cpp:200] conv4_4_A does not need backward computation.
I0418 08:10:02.943634  7952 net.cpp:200] relu4_3_A does not need backward computation.
I0418 08:10:02.943634  7952 net.cpp:200] conv4_3_A does not need backward computation.
I0418 08:10:02.943634  7952 net.cpp:200] relu4_2_A does not need backward computation.
I0418 08:10:02.943634  7952 net.cpp:200] conv4_2_A does not need backward computation.
I0418 08:10:02.943634  7952 net.cpp:200] relu4_1_A does not need backward computation.
I0418 08:10:02.943634  7952 net.cpp:200] conv4_1_A does not need backward computation.
I0418 08:10:02.943634  7952 net.cpp:200] pool3_A does not need backward computation.
I0418 08:10:02.943634  7952 net.cpp:200] relu3_4_A does not need backward computation.
I0418 08:10:02.943634  7952 net.cpp:200] conv3_4_A does not need backward computation.
I0418 08:10:02.943634  7952 net.cpp:200] relu3_3_A does not need backward computation.
I0418 08:10:02.943634  7952 net.cpp:200] conv3_3_A does not need backward computation.
I0418 08:10:02.943634  7952 net.cpp:200] relu3_2_A does not need backward computation.
I0418 08:10:02.943634  7952 net.cpp:200] conv3_2_A does not need backward computation.
I0418 08:10:02.943634  7952 net.cpp:200] relu3_1_A does not need backward computation.
I0418 08:10:02.943634  7952 net.cpp:200] conv3_1_A does not need backward computation.
I0418 08:10:02.943634  7952 net.cpp:200] pool2_A does not need backward computation.
I0418 08:10:02.943634  7952 net.cpp:200] relu2_2_A does not need backward computation.
I0418 08:10:02.943634  7952 net.cpp:200] conv2_2_A does not need backward computation.
I0418 08:10:02.943634  7952 net.cpp:200] relu2_1_A does not need backward computation.
I0418 08:10:02.943634  7952 net.cpp:200] conv2_1_A does not need backward computation.
I0418 08:10:02.943634  7952 net.cpp:200] pool1_A does not need backward computation.
I0418 08:10:02.943634  7952 net.cpp:200] relu1_2_A does not need backward computation.
I0418 08:10:02.943634  7952 net.cpp:200] conv1_2_A does not need backward computation.
I0418 08:10:02.943634  7952 net.cpp:200] relu1_1_A does not need backward computation.
I0418 08:10:02.943634  7952 net.cpp:200] conv1_1_A does not need backward computation.
I0418 08:10:02.943634  7952 net.cpp:200] scale2_data_atten_crop_0_split does not need backward computation.
I0418 08:10:02.943634  7952 net.cpp:200] atten_crop does not need backward computation.
I0418 08:10:02.943634  7952 net.cpp:200] get448 does not need backward computation.
I0418 08:10:02.943634  7952 net.cpp:200] sigmoid does not need backward computation.
I0418 08:10:02.943634  7952 net.cpp:200] get_abc2 does not need backward computation.
I0418 08:10:02.943634  7952 net.cpp:200] tanh does not need backward computation.
I0418 08:10:02.943634  7952 net.cpp:200] get_abc1 does not need backward computation.
I0418 08:10:02.943634  7952 net.cpp:200] anp_pool does not need backward computation.
I0418 08:10:02.943634  7952 net.cpp:200] pool5 does not need backward computation.
I0418 08:10:02.943634  7952 net.cpp:200] conv5_4_relu5_4_0_split does not need backward computation.
I0418 08:10:02.943634  7952 net.cpp:200] relu5_4 does not need backward computation.
I0418 08:10:02.943634  7952 net.cpp:200] conv5_4 does not need backward computation.
I0418 08:10:02.943634  7952 net.cpp:200] relu5_3 does not need backward computation.
I0418 08:10:02.943634  7952 net.cpp:200] conv5_3 does not need backward computation.
I0418 08:10:02.943634  7952 net.cpp:200] relu5_2 does not need backward computation.
I0418 08:10:02.943634  7952 net.cpp:200] conv5_2 does not need backward computation.
I0418 08:10:02.943634  7952 net.cpp:200] relu5_1 does not need backward computation.
I0418 08:10:02.943634  7952 net.cpp:200] conv5_1 does not need backward computation.
I0418 08:10:02.943634  7952 net.cpp:200] pool4 does not need backward computation.
I0418 08:10:02.943634  7952 net.cpp:200] relu4_4 does not need backward computation.
I0418 08:10:02.943634  7952 net.cpp:200] conv4_4 does not need backward computation.
I0418 08:10:02.943634  7952 net.cpp:200] relu4_3 does not need backward computation.
I0418 08:10:02.943634  7952 net.cpp:200] conv4_3 does not need backward computation.
I0418 08:10:02.959259  7952 net.cpp:200] relu4_2 does not need backward computation.
I0418 08:10:02.959259  7952 net.cpp:200] conv4_2 does not need backward computation.
I0418 08:10:02.959259  7952 net.cpp:200] relu4_1 does not need backward computation.
I0418 08:10:02.959259  7952 net.cpp:200] conv4_1 does not need backward computation.
I0418 08:10:02.959259  7952 net.cpp:200] pool3 does not need backward computation.
I0418 08:10:02.959259  7952 net.cpp:200] relu3_4 does not need backward computation.
I0418 08:10:02.959259  7952 net.cpp:200] conv3_4 does not need backward computation.
I0418 08:10:02.959259  7952 net.cpp:200] relu3_3 does not need backward computation.
I0418 08:10:02.959259  7952 net.cpp:200] conv3_3 does not need backward computation.
I0418 08:10:02.959259  7952 net.cpp:200] relu3_2 does not need backward computation.
I0418 08:10:02.959259  7952 net.cpp:200] conv3_2 does not need backward computation.
I0418 08:10:02.959259  7952 net.cpp:200] relu3_1 does not need backward computation.
I0418 08:10:02.959259  7952 net.cpp:200] conv3_1 does not need backward computation.
I0418 08:10:02.959259  7952 net.cpp:200] pool2 does not need backward computation.
I0418 08:10:02.959259  7952 net.cpp:200] relu2_2 does not need backward computation.
I0418 08:10:02.959259  7952 net.cpp:200] conv2_2 does not need backward computation.
I0418 08:10:02.959259  7952 net.cpp:200] relu2_1 does not need backward computation.
I0418 08:10:02.959259  7952 net.cpp:200] conv2_1 does not need backward computation.
I0418 08:10:02.959259  7952 net.cpp:200] pool1 does not need backward computation.
I0418 08:10:02.959259  7952 net.cpp:200] relu1_2 does not need backward computation.
I0418 08:10:02.959259  7952 net.cpp:200] conv1_2 does not need backward computation.
I0418 08:10:02.959259  7952 net.cpp:200] relu1_1 does not need backward computation.
I0418 08:10:02.959259  7952 net.cpp:200] conv1_1 does not need backward computation.
I0418 08:10:02.959259  7952 net.cpp:200] label_data_1_split does not need backward computation.
I0418 08:10:02.959259  7952 net.cpp:200] data_data_0_split does not need backward computation.
I0418 08:10:02.959259  7952 net.cpp:200] data does not need backward computation.
I0418 08:10:02.959259  7952 net.cpp:242] This network produces output accuracy1+2
I0418 08:10:02.959259  7952 net.cpp:242] This network produces output accuracy1+2+3
I0418 08:10:02.959259  7952 net.cpp:255] Network initialization done.
I0418 08:11:49.538975  7952 net.cpp:747] Copying source layer data
I0418 08:11:49.538975  7952 net.cpp:747] Copying source layer data_data_0_split
I0418 08:11:49.538975  7952 net.cpp:747] Copying source layer label_data_1_split
I0418 08:11:49.538975  7952 net.cpp:747] Copying source layer conv1_1
I0418 08:11:49.538975  7952 net.cpp:747] Copying source layer relu1_1
I0418 08:11:49.538975  7952 net.cpp:747] Copying source layer conv1_2
I0418 08:11:49.554597  7952 net.cpp:747] Copying source layer relu1_2
I0418 08:11:49.554597  7952 net.cpp:747] Copying source layer pool1
I0418 08:11:49.554597  7952 net.cpp:747] Copying source layer conv2_1
I0418 08:11:49.554597  7952 net.cpp:747] Copying source layer relu2_1
I0418 08:11:49.554597  7952 net.cpp:747] Copying source layer conv2_2
I0418 08:11:49.554597  7952 net.cpp:747] Copying source layer relu2_2
I0418 08:11:49.554597  7952 net.cpp:747] Copying source layer pool2
I0418 08:11:49.554597  7952 net.cpp:747] Copying source layer conv3_1
I0418 08:11:49.570227  7952 net.cpp:747] Copying source layer relu3_1
I0418 08:11:49.570227  7952 net.cpp:747] Copying source layer conv3_2
I0418 08:11:49.585851  7952 net.cpp:747] Copying source layer relu3_2
I0418 08:11:49.585851  7952 net.cpp:747] Copying source layer conv3_3
I0418 08:11:49.617102  7952 net.cpp:747] Copying source layer relu3_3
I0418 08:11:49.617102  7952 net.cpp:747] Copying source layer conv3_4
I0418 08:11:49.632724  7952 net.cpp:747] Copying source layer relu3_4
I0418 08:11:49.632724  7952 net.cpp:747] Copying source layer pool3
I0418 08:11:49.632724  7952 net.cpp:747] Copying source layer conv4_1
I0418 08:11:49.679602  7952 net.cpp:747] Copying source layer relu4_1
I0418 08:11:49.679602  7952 net.cpp:747] Copying source layer conv4_2
I0418 08:11:49.773358  7952 net.cpp:747] Copying source layer relu4_2
I0418 08:11:49.773358  7952 net.cpp:747] Copying source layer conv4_3
I0418 08:11:49.867113  7952 net.cpp:747] Copying source layer relu4_3
I0418 08:11:49.867113  7952 net.cpp:747] Copying source layer conv4_4
I0418 08:11:49.945240  7952 net.cpp:747] Copying source layer relu4_4
I0418 08:11:49.945240  7952 net.cpp:747] Copying source layer pool4
I0418 08:11:49.945240  7952 net.cpp:747] Copying source layer conv5_1
I0418 08:11:50.038993  7952 net.cpp:747] Copying source layer relu5_1
I0418 08:11:50.038993  7952 net.cpp:747] Copying source layer conv5_2
I0418 08:11:50.132750  7952 net.cpp:747] Copying source layer relu5_2
I0418 08:11:50.132750  7952 net.cpp:747] Copying source layer conv5_3
I0418 08:11:50.226500  7952 net.cpp:747] Copying source layer relu5_3
I0418 08:11:50.226500  7952 net.cpp:747] Copying source layer conv5_4
I0418 08:11:50.304630  7952 net.cpp:747] Copying source layer relu5_4
I0418 08:11:50.304630  7952 net.cpp:747] Copying source layer conv5_4_relu5_4_0_split
I0418 08:11:50.304630  7952 net.cpp:747] Copying source layer pool5
I0418 08:11:50.304630  7952 net.cpp:747] Copying source layer anp_pool
I0418 08:11:50.304630  7952 net.cpp:747] Copying source layer get_abc1
I0418 08:11:54.226657  7952 net.cpp:747] Copying source layer tanh
I0418 08:11:54.226657  7952 net.cpp:747] Copying source layer get_abc2
I0418 08:11:54.226657  7952 net.cpp:747] Copying source layer sigmoid
I0418 08:11:54.226657  7952 net.cpp:747] Copying source layer get448
I0418 08:11:54.226657  7952 net.cpp:747] Copying source layer atten_crop
I0418 08:11:54.226657  7952 net.cpp:747] Copying source layer scale2_data_atten_crop_0_split
I0418 08:11:54.226657  7952 net.cpp:747] Copying source layer conv1_1_A
I0418 08:11:54.226657  7952 net.cpp:747] Copying source layer relu1_1_A
I0418 08:11:54.226657  7952 net.cpp:747] Copying source layer conv1_2_A
I0418 08:11:54.226657  7952 net.cpp:747] Copying source layer relu1_2_A
I0418 08:11:54.226657  7952 net.cpp:747] Copying source layer pool1_A
I0418 08:11:54.226657  7952 net.cpp:747] Copying source layer conv2_1_A
I0418 08:11:54.226657  7952 net.cpp:747] Copying source layer relu2_1_A
I0418 08:11:54.226657  7952 net.cpp:747] Copying source layer conv2_2_A
I0418 08:11:54.226657  7952 net.cpp:747] Copying source layer relu2_2_A
I0418 08:11:54.226657  7952 net.cpp:747] Copying source layer pool2_A
I0418 08:11:54.226657  7952 net.cpp:747] Copying source layer conv3_1_A
I0418 08:11:54.242280  7952 net.cpp:747] Copying source layer relu3_1_A
I0418 08:11:54.242280  7952 net.cpp:747] Copying source layer conv3_2_A
I0418 08:11:54.273532  7952 net.cpp:747] Copying source layer relu3_2_A
I0418 08:11:54.273532  7952 net.cpp:747] Copying source layer conv3_3_A
I0418 08:11:54.289153  7952 net.cpp:747] Copying source layer relu3_3_A
I0418 08:11:54.289153  7952 net.cpp:747] Copying source layer conv3_4_A
I0418 08:11:54.304786  7952 net.cpp:747] Copying source layer relu3_4_A
I0418 08:11:54.304786  7952 net.cpp:747] Copying source layer pool3_A
I0418 08:11:54.304786  7952 net.cpp:747] Copying source layer conv4_1_A
I0418 08:11:54.351660  7952 net.cpp:747] Copying source layer relu4_1_A
I0418 08:11:54.351660  7952 net.cpp:747] Copying source layer conv4_2_A
I0418 08:11:54.445412  7952 net.cpp:747] Copying source layer relu4_2_A
I0418 08:11:54.445412  7952 net.cpp:747] Copying source layer conv4_3_A
I0418 08:11:54.539170  7952 net.cpp:747] Copying source layer relu4_3_A
I0418 08:11:54.539170  7952 net.cpp:747] Copying source layer conv4_4_A
I0418 08:11:54.632916  7952 net.cpp:747] Copying source layer relu4_4_A
I0418 08:11:54.632916  7952 net.cpp:747] Copying source layer pool4_A
I0418 08:11:54.632916  7952 net.cpp:747] Copying source layer conv5_1_A
I0418 08:11:54.711053  7952 net.cpp:747] Copying source layer relu5_1_A
I0418 08:11:54.711053  7952 net.cpp:747] Copying source layer conv5_2_A
I0418 08:11:54.804806  7952 net.cpp:747] Copying source layer relu5_2_A
I0418 08:11:54.804806  7952 net.cpp:747] Copying source layer conv5_3_A
I0418 08:11:54.898560  7952 net.cpp:747] Copying source layer relu5_3_A
I0418 08:11:54.898560  7952 net.cpp:747] Copying source layer conv5_4_A
I0418 08:11:54.992310  7952 net.cpp:747] Copying source layer relu5_4_A
I0418 08:11:54.992310  7952 net.cpp:747] Copying source layer conv5_4_A_relu5_4_A_0_split
I0418 08:11:54.992310  7952 net.cpp:747] Copying source layer pool5_A
I0418 08:11:54.992310  7952 net.cpp:747] Copying source layer get_abc1_A
I0418 08:11:58.992477  7952 net.cpp:747] Copying source layer tanh_A
I0418 08:11:58.992477  7952 net.cpp:747] Copying source layer get_abc2_A
I0418 08:11:58.992477  7952 net.cpp:747] Copying source layer sigmoid_A
I0418 08:11:58.992477  7952 net.cpp:747] Copying source layer get224
I0418 08:11:58.992477  7952 net.cpp:747] Copying source layer atten_crop_A
I0418 08:11:58.992477  7952 net.cpp:747] Copying source layer conv1_1_A_A
I0418 08:11:58.992477  7952 net.cpp:747] Copying source layer relu1_1_A_A
I0418 08:11:58.992477  7952 net.cpp:747] Copying source layer conv1_2_A_A
I0418 08:11:59.008093  7952 net.cpp:747] Copying source layer relu1_2_A_A
I0418 08:11:59.008093  7952 net.cpp:747] Copying source layer pool1_A_A
I0418 08:11:59.008093  7952 net.cpp:747] Copying source layer conv2_1_A_A
I0418 08:11:59.008093  7952 net.cpp:747] Copying source layer relu2_1_A_A
I0418 08:11:59.008093  7952 net.cpp:747] Copying source layer conv2_2_A_A
I0418 08:11:59.008093  7952 net.cpp:747] Copying source layer relu2_2_A_A
I0418 08:11:59.008093  7952 net.cpp:747] Copying source layer pool2_A_A
I0418 08:11:59.008093  7952 net.cpp:747] Copying source layer conv3_1_A_A
I0418 08:11:59.023715  7952 net.cpp:747] Copying source layer relu3_1_A_A
I0418 08:11:59.023715  7952 net.cpp:747] Copying source layer conv3_2_A_A
I0418 08:11:59.039347  7952 net.cpp:747] Copying source layer relu3_2_A_A
I0418 08:11:59.039347  7952 net.cpp:747] Copying source layer conv3_3_A_A
I0418 08:11:59.070590  7952 net.cpp:747] Copying source layer relu3_3_A_A
I0418 08:11:59.070590  7952 net.cpp:747] Copying source layer conv3_4_A_A
I0418 08:11:59.086221  7952 net.cpp:747] Copying source layer relu3_4_A_A
I0418 08:11:59.086221  7952 net.cpp:747] Copying source layer pool3_A_A
I0418 08:11:59.086221  7952 net.cpp:747] Copying source layer conv4_1_A_A
I0418 08:11:59.133095  7952 net.cpp:747] Copying source layer relu4_1_A_A
I0418 08:11:59.133095  7952 net.cpp:747] Copying source layer conv4_2_A_A
I0418 08:11:59.226856  7952 net.cpp:747] Copying source layer relu4_2_A_A
I0418 08:11:59.226856  7952 net.cpp:747] Copying source layer conv4_3_A_A
I0418 08:11:59.320610  7952 net.cpp:747] Copying source layer relu4_3_A_A
I0418 08:11:59.320610  7952 net.cpp:747] Copying source layer conv4_4_A_A
I0418 08:11:59.398730  7952 net.cpp:747] Copying source layer relu4_4_A_A
I0418 08:11:59.398730  7952 net.cpp:747] Copying source layer pool4_A_A
I0418 08:11:59.398730  7952 net.cpp:747] Copying source layer conv5_1_A_A
I0418 08:11:59.492487  7952 net.cpp:747] Copying source layer relu5_1_A_A
I0418 08:11:59.492487  7952 net.cpp:747] Copying source layer conv5_2_A_A
I0418 08:11:59.586236  7952 net.cpp:747] Copying source layer relu5_2_A_A
I0418 08:11:59.586236  7952 net.cpp:747] Copying source layer conv5_3_A_A
I0418 08:11:59.679991  7952 net.cpp:747] Copying source layer relu5_3_A_A
I0418 08:11:59.679991  7952 net.cpp:747] Copying source layer conv5_4_A_A
I0418 08:11:59.758118  7952 net.cpp:747] Copying source layer relu5_4_A_A
I0418 08:11:59.758118  7952 net.cpp:747] Copying source layer pool5_A_A
I0418 08:11:59.758118  7952 net.cpp:747] Copying source layer reshape1
I0418 08:11:59.758118  7952 net.cpp:747] Copying source layer reshape2
I0418 08:11:59.758118  7952 net.cpp:747] Copying source layer reshape3
I0418 08:11:59.758118  7952 net.cpp:747] Copying source layer pow1
I0418 08:11:59.758118  7952 net.cpp:747] Copying source layer pow1_pow1_0_split
I0418 08:11:59.758118  7952 net.cpp:747] Copying source layer pow2
I0418 08:11:59.758118  7952 net.cpp:747] Copying source layer pow2_pow2_0_split
I0418 08:11:59.758118  7952 net.cpp:747] Copying source layer pow3
I0418 08:11:59.758118  7952 net.cpp:747] Copying source layer scale1+2+3
I0418 08:11:59.758118  7952 net.cpp:747] Copying source layer scale1+2
I0418 08:11:59.758118  7952 net.cpp:747] Copying source layer fc1
I0418 08:11:59.773749  7952 net.cpp:747] Copying source layer accuracy1+2+3
I0418 08:11:59.773749  7952 net.cpp:747] Copying source layer fc2
I0418 08:11:59.789376  7952 net.cpp:747] Copying source layer accuracy1+2
I0418 08:12:00.008132  7952 caffe.cpp:291] Running for 5794 iterations.
I0418 08:12:01.195682  7952 caffe.cpp:314] Batch 0, accuracy1+2 = 1
I0418 08:12:01.195682  7952 caffe.cpp:314] Batch 0, accuracy1+2+3 = 1
I0418 08:12:01.305048  6080 data_layer.cpp:128] Prefetch batch: 109 ms.
I0418 08:12:01.305048  6080 data_layer.cpp:129]      Read time: 0 ms.
I0418 08:12:01.305048  6080 data_layer.cpp:130] Transform time: 109.367 ms.
I0418 08:12:02.180094  7952 caffe.cpp:314] Batch 1, accuracy1+2 = 1
I0418 08:12:02.180094  7952 caffe.cpp:314] Batch 1, accuracy1+2+3 = 1
I0418 08:12:02.320724  6080 data_layer.cpp:128] Prefetch batch: 140 ms.
I0418 08:12:02.320724  6080 data_layer.cpp:129]      Read time: 124.994 ms.
I0418 08:12:02.320724  6080 data_layer.cpp:130] Transform time: 15.636 ms.
I0418 08:12:03.148880  7952 caffe.cpp:314] Batch 2, accuracy1+2 = 1
I0418 08:12:03.148880  7952 caffe.cpp:314] Batch 2, accuracy1+2+3 = 1
I0418 08:12:03.289508  6080 data_layer.cpp:128] Prefetch batch: 125 ms.
I0418 08:12:03.289508  6080 data_layer.cpp:129]      Read time: 78.128 ms.
I0418 08:12:03.289508  6080 data_layer.cpp:130] Transform time: 46.873 ms.
I0418 08:12:04.133297  7952 caffe.cpp:314] Batch 3, accuracy1+2 = 0
I0418 08:12:04.133297  7952 caffe.cpp:314] Batch 3, accuracy1+2+3 = 0
I0418 08:12:04.258301  6080 data_layer.cpp:128] Prefetch batch: 125 ms.
I0418 08:12:04.258301  6080 data_layer.cpp:129]      Read time: 93.752 ms.
I0418 08:12:04.258301  6080 data_layer.cpp:130] Transform time: 31.251 ms.
I0418 08:12:05.102077  7952 caffe.cpp:314] Batch 4, accuracy1+2 = 1
I0418 08:12:05.102077  7952 caffe.cpp:314] Batch 4, accuracy1+2+3 = 1
I0418 08:12:05.211459  6080 data_layer.cpp:128] Prefetch batch: 109 ms.
I0418 08:12:05.211459  6080 data_layer.cpp:129]      Read time: 0 ms.
I0418 08:12:05.211459  6080 data_layer.cpp:130] Transform time: 109.382 ms.
I0418 08:12:06.086499  7952 caffe.cpp:314] Batch 5, accuracy1+2 = 0
I0418 08:12:06.086499  7952 caffe.cpp:314] Batch 5, accuracy1+2+3 = 0
I0418 08:12:06.211499  6080 data_layer.cpp:128] Prefetch batch: 125 ms.
I0418 08:12:06.211499  6080 data_layer.cpp:129]      Read time: 93.761 ms.
I0418 08:12:06.211499  6080 data_layer.cpp:130] Transform time: 31.239 ms.
I0418 08:12:07.055282  7952 caffe.cpp:314] Batch 6, accuracy1+2 = 1
I0418 08:12:07.055282  7952 caffe.cpp:314] Batch 6, accuracy1+2+3 = 1
I0418 08:12:07.180289  6080 data_layer.cpp:128] Prefetch batch: 125 ms.
I0418 08:12:07.180289  6080 data_layer.cpp:129]      Read time: 93.757 ms.
I0418 08:12:07.180289  6080 data_layer.cpp:130] Transform time: 31.249 ms.
I0418 08:12:08.024070  7952 caffe.cpp:314] Batch 7, accuracy1+2 = 1
I0418 08:12:08.024070  7952 caffe.cpp:314] Batch 7, accuracy1+2+3 = 1
I0418 08:12:08.149080  6080 data_layer.cpp:128] Prefetch batch: 125 ms.
I0418 08:12:08.149080  6080 data_layer.cpp:129]      Read time: 93.753 ms.
I0418 08:12:08.149080  6080 data_layer.cpp:130] Transform time: 31.258 ms.
I0418 08:12:09.008486  7952 caffe.cpp:314] Batch 8, accuracy1+2 = 1
I0418 08:12:09.008486  7952 caffe.cpp:314] Batch 8, accuracy1+2+3 = 1
I0418 08:12:09.133488  6080 data_layer.cpp:128] Prefetch batch: 125 ms.
I0418 08:12:09.133488  6080 data_layer.cpp:129]      Read time: 78.125 ms.
I0418 08:12:09.133488  6080 data_layer.cpp:130] Transform time: 46.878 ms.
I0418 08:12:09.977268  7952 caffe.cpp:314] Batch 9, accuracy1+2 = 1
I0418 08:12:09.977268  7952 caffe.cpp:314] Batch 9, accuracy1+2+3 = 1
I0418 08:12:10.086652  6080 data_layer.cpp:128] Prefetch batch: 109 ms.
I0418 08:12:10.086652  6080 data_layer.cpp:129]      Read time: 0 ms.
I0418 08:12:10.086652  6080 data_layer.cpp:130] Transform time: 109.384 ms.
I0418 08:12:10.961690  7952 caffe.cpp:314] Batch 10, accuracy1+2 = 1
I0418 08:12:10.961690  7952 caffe.cpp:314] Batch 10, accuracy1+2+3 = 1
I0418 08:12:11.086694  6080 data_layer.cpp:128] Prefetch batch: 125 ms.
I0418 08:12:11.086694  6080 data_layer.cpp:129]      Read time: 93.754 ms.
I0418 08:12:11.086694  6080 data_layer.cpp:130] Transform time: 31.249 ms.
I0418 08:12:11.930485  7952 caffe.cpp:314] Batch 11, accuracy1+2 = 1
I0418 08:12:11.930485  7952 caffe.cpp:314] Batch 11, accuracy1+2+3 = 1
I0418 08:12:12.055470  6080 data_layer.cpp:128] Prefetch batch: 124 ms.
I0418 08:12:12.055470  6080 data_layer.cpp:129]      Read time: 93.735 ms.
I0418 08:12:12.055470  6080 data_layer.cpp:130] Transform time: 31.251 ms.
I0418 08:12:12.930519  7952 caffe.cpp:314] Batch 12, accuracy1+2 = 1
I0418 08:12:12.930519  7952 caffe.cpp:314] Batch 12, accuracy1+2+3 = 1
I0418 08:12:13.055515  6080 data_layer.cpp:128] Prefetch batch: 124 ms.
I0418 08:12:13.055515  6080 data_layer.cpp:129]      Read time: 78.119 ms.
I0418 08:12:13.055515  6080 data_layer.cpp:130] Transform time: 46.876 ms.
I0418 08:12:13.899298  7952 caffe.cpp:314] Batch 13, accuracy1+2 = 1
I0418 08:12:13.899298  7952 caffe.cpp:314] Batch 13, accuracy1+2+3 = 1
I0418 08:12:14.008677  6080 data_layer.cpp:128] Prefetch batch: 109 ms.
I0418 08:12:14.008677  6080 data_layer.cpp:129]      Read time: 0 ms.
I0418 08:12:14.008677  6080 data_layer.cpp:130] Transform time: 109.379 ms.
I0418 08:12:14.883710  7952 caffe.cpp:314] Batch 14, accuracy1+2 = 1
I0418 08:12:14.883710  7952 caffe.cpp:314] Batch 14, accuracy1+2+3 = 1
I0418 08:12:15.008716  6080 data_layer.cpp:128] Prefetch batch: 125 ms.
I0418 08:12:15.008716  6080 data_layer.cpp:129]      Read time: 93.756 ms.
I0418 08:12:15.008716  6080 data_layer.cpp:130] Transform time: 31.25 ms.
I0418 08:12:15.868139  7952 caffe.cpp:314] Batch 15, accuracy1+2 = 1
I0418 08:12:15.868139  7952 caffe.cpp:314] Batch 15, accuracy1+2+3 = 1
I0418 08:12:16.008759  6080 data_layer.cpp:128] Prefetch batch: 140 ms.
I0418 08:12:16.008759  6080 data_layer.cpp:129]      Read time: 93.741 ms.
I0418 08:12:16.008759  6080 data_layer.cpp:130] Transform time: 46.879 ms.
I0418 08:12:16.852545  7952 caffe.cpp:314] Batch 16, accuracy1+2 = 0
I0418 08:12:16.852545  7952 caffe.cpp:314] Batch 16, accuracy1+2+3 = 0
I0418 08:12:16.961932  6080 data_layer.cpp:128] Prefetch batch: 109 ms.
I0418 08:12:16.961932  6080 data_layer.cpp:129]      Read time: 0 ms.
I0418 08:12:16.961932  6080 data_layer.cpp:130] Transform time: 109.388 ms.
I0418 08:12:17.836956  7952 caffe.cpp:314] Batch 17, accuracy1+2 = 1
I0418 08:12:17.836956  7952 caffe.cpp:314] Batch 17, accuracy1+2+3 = 1
I0418 08:12:17.961961  6080 data_layer.cpp:128] Prefetch batch: 125 ms.
I0418 08:12:17.961961  6080 data_layer.cpp:129]      Read time: 93.756 ms.
I0418 08:12:17.961961  6080 data_layer.cpp:130] Transform time: 31.249 ms.
I0418 08:12:18.805744  7952 caffe.cpp:314] Batch 18, accuracy1+2 = 1
I0418 08:12:18.805744  7952 caffe.cpp:314] Batch 18, accuracy1+2+3 = 1
I0418 08:12:18.930749  6080 data_layer.cpp:128] Prefetch batch: 125 ms.
I0418 08:12:18.930749  6080 data_layer.cpp:129]      Read time: 93.757 ms.
I0418 08:12:18.930749  6080 data_layer.cpp:130] Transform time: 31.248 ms.
I0418 08:12:19.790163  7952 caffe.cpp:314] Batch 19, accuracy1+2 = 0
I0418 08:12:19.790163  7952 caffe.cpp:314] Batch 19, accuracy1+2+3 = 0
I0418 08:12:19.915166  6080 data_layer.cpp:128] Prefetch batch: 125 ms.
I0418 08:12:19.915166  6080 data_layer.cpp:129]      Read time: 78.123 ms.
I0418 08:12:19.915166  6080 data_layer.cpp:130] Transform time: 46.881 ms.
I0418 08:12:20.758946  7952 caffe.cpp:314] Batch 20, accuracy1+2 = 1
I0418 08:12:20.758946  7952 caffe.cpp:314] Batch 20, accuracy1+2+3 = 1
I0418 08:12:20.883955  6080 data_layer.cpp:128] Prefetch batch: 125 ms.
I0418 08:12:20.883955  6080 data_layer.cpp:129]      Read time: 93.757 ms.
I0418 08:12:20.883955  6080 data_layer.cpp:130] Transform time: 31.251 ms.
I0418 08:12:21.743356  7952 caffe.cpp:314] Batch 21, accuracy1+2 = 1
I0418 08:12:21.743356  7952 caffe.cpp:314] Batch 21, accuracy1+2+3 = 1
I0418 08:12:21.868367  6080 data_layer.cpp:128] Prefetch batch: 125 ms.
I0418 08:12:21.868367  6080 data_layer.cpp:129]      Read time: 78.131 ms.
I0418 08:12:21.868367  6080 data_layer.cpp:130] Transform time: 46.88 ms.
I0418 08:12:22.712152  7952 caffe.cpp:314] Batch 22, accuracy1+2 = 1
I0418 08:12:22.712152  7952 caffe.cpp:314] Batch 22, accuracy1+2+3 = 1
I0418 08:12:22.837153  6080 data_layer.cpp:128] Prefetch batch: 125 ms.
I0418 08:12:22.837153  6080 data_layer.cpp:129]      Read time: 93.753 ms.
I0418 08:12:22.837153  6080 data_layer.cpp:130] Transform time: 31.248 ms.
I0418 08:12:23.696561  7952 caffe.cpp:314] Batch 23, accuracy1+2 = 0
I0418 08:12:23.696561  7952 caffe.cpp:314] Batch 23, accuracy1+2+3 = 0
I0418 08:12:23.790313  6080 data_layer.cpp:128] Prefetch batch: 93 ms.
I0418 08:12:23.790313  6080 data_layer.cpp:129]      Read time: 0 ms.
I0418 08:12:23.790313  6080 data_layer.cpp:130] Transform time: 93.751 ms.
I0418 08:12:24.665354  7952 caffe.cpp:314] Batch 24, accuracy1+2 = 0
I0418 08:12:24.665354  7952 caffe.cpp:314] Batch 24, accuracy1+2+3 = 0
I0418 08:12:24.790354  6080 data_layer.cpp:128] Prefetch batch: 125 ms.
I0418 08:12:24.790354  6080 data_layer.cpp:129]      Read time: 93.747 ms.
I0418 08:12:24.790354  6080 data_layer.cpp:130] Transform time: 31.254 ms.
I0418 08:12:25.649761  7952 caffe.cpp:314] Batch 25, accuracy1+2 = 1
I0418 08:12:25.649761  7952 caffe.cpp:314] Batch 25, accuracy1+2+3 = 1
I0418 08:12:25.774770  6080 data_layer.cpp:128] Prefetch batch: 125 ms.
I0418 08:12:25.774770  6080 data_layer.cpp:129]      Read time: 93.754 ms.
I0418 08:12:25.774770  6080 data_layer.cpp:130] Transform time: 31.255 ms.
I0418 08:12:26.618554  7952 caffe.cpp:314] Batch 26, accuracy1+2 = 0
I0418 08:12:26.618554  7952 caffe.cpp:314] Batch 26, accuracy1+2+3 = 0
I0418 08:12:26.743563  6080 data_layer.cpp:128] Prefetch batch: 125 ms.
I0418 08:12:26.743563  6080 data_layer.cpp:129]      Read time: 93.756 ms.
I0418 08:12:26.743563  6080 data_layer.cpp:130] Transform time: 31.253 ms.
I0418 08:12:27.602970  7952 caffe.cpp:314] Batch 27, accuracy1+2 = 1
I0418 08:12:27.602970  7952 caffe.cpp:314] Batch 27, accuracy1+2+3 = 1
I0418 08:12:27.727973  6080 data_layer.cpp:128] Prefetch batch: 125 ms.
I0418 08:12:27.727973  6080 data_layer.cpp:129]      Read time: 93.75 ms.
I0418 08:12:27.727973  6080 data_layer.cpp:130] Transform time: 31.253 ms.
I0418 08:12:28.571755  7952 caffe.cpp:314] Batch 28, accuracy1+2 = 1
I0418 08:12:28.571755  7952 caffe.cpp:314] Batch 28, accuracy1+2+3 = 1
I0418 08:12:28.681135  6080 data_layer.cpp:128] Prefetch batch: 109 ms.
I0418 08:12:28.681135  6080 data_layer.cpp:129]      Read time: 0 ms.
I0418 08:12:28.681135  6080 data_layer.cpp:130] Transform time: 109.38 ms.
I0418 08:12:29.540544  7952 caffe.cpp:314] Batch 29, accuracy1+2 = 1
I0418 08:12:29.540544  7952 caffe.cpp:314] Batch 29, accuracy1+2+3 = 1
I0418 08:12:29.665549  6080 data_layer.cpp:128] Prefetch batch: 125 ms.
I0418 08:12:29.665549  6080 data_layer.cpp:129]      Read time: 93.748 ms.
I0418 08:12:29.665549  6080 data_layer.cpp:130] Transform time: 31.257 ms.
I0418 08:12:30.524956  7952 caffe.cpp:314] Batch 30, accuracy1+2 = 1
I0418 08:12:30.524956  7952 caffe.cpp:314] Batch 30, accuracy1+2+3 = 1
I0418 08:12:30.649962  6080 data_layer.cpp:128] Prefetch batch: 125 ms.
I0418 08:12:30.649962  6080 data_layer.cpp:129]      Read time: 78.129 ms.
I0418 08:12:30.649962  6080 data_layer.cpp:130] Transform time: 46.877 ms.
I0418 08:12:31.509374  7952 caffe.cpp:314] Batch 31, accuracy1+2 = 1
I0418 08:12:31.509374  7952 caffe.cpp:314] Batch 31, accuracy1+2+3 = 1
I0418 08:12:31.634373  6080 data_layer.cpp:128] Prefetch batch: 124 ms.
I0418 08:12:31.634373  6080 data_layer.cpp:129]      Read time: 78.119 ms.
I0418 08:12:31.634373  6080 data_layer.cpp:130] Transform time: 46.88 ms.
I0418 08:12:32.478155  7952 caffe.cpp:314] Batch 32, accuracy1+2 = 1
I0418 08:12:32.478155  7952 caffe.cpp:314] Batch 32, accuracy1+2+3 = 1
I0418 08:12:32.603157  6080 data_layer.cpp:128] Prefetch batch: 125 ms.
I0418 08:12:32.603157  6080 data_layer.cpp:129]      Read time: 93.757 ms.
I0418 08:12:32.603157  6080 data_layer.cpp:130] Transform time: 31.245 ms.
I0418 08:12:33.478199  7952 caffe.cpp:314] Batch 33, accuracy1+2 = 1
I0418 08:12:33.478199  7952 caffe.cpp:314] Batch 33, accuracy1+2+3 = 1
I0418 08:12:33.603204  6080 data_layer.cpp:128] Prefetch batch: 125 ms.
I0418 08:12:33.603204  6080 data_layer.cpp:129]      Read time: 93.748 ms.
I0418 08:12:33.603204  6080 data_layer.cpp:130] Transform time: 31.257 ms.
I0418 08:12:34.493860  7952 caffe.cpp:314] Batch 34, accuracy1+2 = 1
I0418 08:12:34.493860  7952 caffe.cpp:314] Batch 34, accuracy1+2+3 = 1
I0418 08:12:34.587604  6080 data_layer.cpp:128] Prefetch batch: 93 ms.
I0418 08:12:34.587604  6080 data_layer.cpp:129]      Read time: 0 ms.
I0418 08:12:34.587604  6080 data_layer.cpp:130] Transform time: 93.744 ms.
I0418 08:12:35.462649  7952 caffe.cpp:314] Batch 35, accuracy1+2 = 1
I0418 08:12:35.462649  7952 caffe.cpp:314] Batch 35, accuracy1+2+3 = 1
I0418 08:12:35.603269  6080 data_layer.cpp:128] Prefetch batch: 140 ms.
I0418 08:12:35.603269  6080 data_layer.cpp:129]      Read time: 93.753 ms.
I0418 08:12:35.603269  6080 data_layer.cpp:130] Transform time: 46.867 ms.
I0418 08:12:36.447059  7952 caffe.cpp:314] Batch 36, accuracy1+2 = 1
I0418 08:12:36.447059  7952 caffe.cpp:314] Batch 36, accuracy1+2+3 = 1
I0418 08:12:36.572065  6080 data_layer.cpp:128] Prefetch batch: 125 ms.
I0418 08:12:36.572065  6080 data_layer.cpp:129]      Read time: 93.756 ms.
I0418 08:12:36.572065  6080 data_layer.cpp:130] Transform time: 31.25 ms.
I0418 08:12:37.431479  7952 caffe.cpp:314] Batch 37, accuracy1+2 = 1
I0418 08:12:37.431479  7952 caffe.cpp:314] Batch 37, accuracy1+2+3 = 1
I0418 08:12:37.525228  6080 data_layer.cpp:128] Prefetch batch: 93 ms.
I0418 08:12:37.525228  6080 data_layer.cpp:129]      Read time: 0 ms.
I0418 08:12:37.525228  6080 data_layer.cpp:130] Transform time: 93.749 ms.
I0418 08:12:38.400261  7952 caffe.cpp:314] Batch 38, accuracy1+2 = 1
I0418 08:12:38.400261  7952 caffe.cpp:314] Batch 38, accuracy1+2+3 = 1
I0418 08:12:38.525274  6080 data_layer.cpp:128] Prefetch batch: 125 ms.
I0418 08:12:38.525274  6080 data_layer.cpp:129]      Read time: 93.76 ms.
I0418 08:12:38.525274  6080 data_layer.cpp:130] Transform time: 31.252 ms.
I0418 08:12:39.369053  7952 caffe.cpp:314] Batch 39, accuracy1+2 = 1
I0418 08:12:39.369053  7952 caffe.cpp:314] Batch 39, accuracy1+2+3 = 1
I0418 08:12:39.494057  6080 data_layer.cpp:128] Prefetch batch: 125 ms.
I0418 08:12:39.494057  6080 data_layer.cpp:129]      Read time: 93.755 ms.
I0418 08:12:39.494057  6080 data_layer.cpp:130] Transform time: 31.249 ms.
I0418 08:12:40.337838  7952 caffe.cpp:314] Batch 40, accuracy1+2 = 1
I0418 08:12:40.337838  7952 caffe.cpp:314] Batch 40, accuracy1+2+3 = 1
I0418 08:12:40.478469  6080 data_layer.cpp:128] Prefetch batch: 140 ms.
I0418 08:12:40.478469  6080 data_layer.cpp:129]      Read time: 93.759 ms.
I0418 08:12:40.478469  6080 data_layer.cpp:130] Transform time: 46.872 ms.
I0418 08:12:41.322257  7952 caffe.cpp:314] Batch 41, accuracy1+2 = 0
I0418 08:12:41.322257  7952 caffe.cpp:314] Batch 41, accuracy1+2+3 = 0
I0418 08:12:41.447260  6080 data_layer.cpp:128] Prefetch batch: 125 ms.
I0418 08:12:41.447260  6080 data_layer.cpp:129]      Read time: 93.753 ms.
I0418 08:12:41.447260  6080 data_layer.cpp:130] Transform time: 31.25 ms.
I0418 08:12:42.291041  7952 caffe.cpp:314] Batch 42, accuracy1+2 = 0
I0418 08:12:42.291041  7952 caffe.cpp:314] Batch 42, accuracy1+2+3 = 0
I0418 08:12:42.416046  6080 data_layer.cpp:128] Prefetch batch: 125 ms.
I0418 08:12:42.416046  6080 data_layer.cpp:129]      Read time: 93.751 ms.
I0418 08:12:42.416046  6080 data_layer.cpp:130] Transform time: 31.254 ms.
I0418 08:12:43.275459  7952 caffe.cpp:314] Batch 43, accuracy1+2 = 1
I0418 08:12:43.275459  7952 caffe.cpp:314] Batch 43, accuracy1+2+3 = 1
I0418 08:12:43.400460  6080 data_layer.cpp:128] Prefetch batch: 125 ms.
I0418 08:12:43.400460  6080 data_layer.cpp:129]      Read time: 78.134 ms.
I0418 08:12:43.400460  6080 data_layer.cpp:130] Transform time: 46.867 ms.
I0418 08:12:44.244246  7952 caffe.cpp:314] Batch 44, accuracy1+2 = 0
I0418 08:12:44.244246  7952 caffe.cpp:314] Batch 44, accuracy1+2+3 = 0
I0418 08:12:44.353623  6080 data_layer.cpp:128] Prefetch batch: 109 ms.
I0418 08:12:44.353623  6080 data_layer.cpp:129]      Read time: 0 ms.
I0418 08:12:44.353623  6080 data_layer.cpp:130] Transform time: 109.377 ms.
I0418 08:12:45.213032  7952 caffe.cpp:314] Batch 45, accuracy1+2 = 1
I0418 08:12:45.213032  7952 caffe.cpp:314] Batch 45, accuracy1+2+3 = 1
I0418 08:12:45.338037  6080 data_layer.cpp:128] Prefetch batch: 125 ms.
I0418 08:12:45.338037  6080 data_layer.cpp:129]      Read time: 93.752 ms.
I0418 08:12:45.338037  6080 data_layer.cpp:130] Transform time: 31.253 ms.
I0418 08:12:46.181821  7952 caffe.cpp:314] Batch 46, accuracy1+2 = 1
I0418 08:12:46.181821  7952 caffe.cpp:314] Batch 46, accuracy1+2+3 = 1
I0418 08:12:46.306824  6080 data_layer.cpp:128] Prefetch batch: 125 ms.
I0418 08:12:46.306824  6080 data_layer.cpp:129]      Read time: 93.754 ms.
I0418 08:12:46.306824  6080 data_layer.cpp:130] Transform time: 31.249 ms.
I0418 08:12:47.166236  7952 caffe.cpp:314] Batch 47, accuracy1+2 = 1
I0418 08:12:47.166236  7952 caffe.cpp:314] Batch 47, accuracy1+2+3 = 1
I0418 08:12:47.291237  6080 data_layer.cpp:128] Prefetch batch: 125 ms.
I0418 08:12:47.291237  6080 data_layer.cpp:129]      Read time: 78.125 ms.
I0418 08:12:47.291237  6080 data_layer.cpp:130] Transform time: 46.876 ms.
I0418 08:12:48.135023  7952 caffe.cpp:314] Batch 48, accuracy1+2 = 0
I0418 08:12:48.135023  7952 caffe.cpp:314] Batch 48, accuracy1+2+3 = 0
I0418 08:12:48.260025  6080 data_layer.cpp:128] Prefetch batch: 125 ms.
I0418 08:12:48.260025  6080 data_layer.cpp:129]      Read time: 93.748 ms.
I0418 08:12:48.260025  6080 data_layer.cpp:130] Transform time: 31.253 ms.
I0418 08:12:49.103809  7952 caffe.cpp:314] Batch 49, accuracy1+2 = 1
I0418 08:12:49.103809  7952 caffe.cpp:314] Batch 49, accuracy1+2+3 = 1
I0418 08:12:49.228811  6080 data_layer.cpp:128] Prefetch batch: 125 ms.
I0418 08:12:49.228811  6080 data_layer.cpp:129]      Read time: 93.75 ms.
I0418 08:12:49.228811  6080 data_layer.cpp:130] Transform time: 31.252 ms.
I0418 08:12:50.088225  7952 caffe.cpp:314] Batch 50, accuracy1+2 = 1
I0418 08:12:50.088225  7952 caffe.cpp:314] Batch 50, accuracy1+2+3 = 1
I0418 08:12:50.213225  6080 data_layer.cpp:128] Prefetch batch: 125 ms.
I0418 08:12:50.213225  6080 data_layer.cpp:129]      Read time: 78.129 ms.
I0418 08:12:50.213225  6080 data_layer.cpp:130] Transform time: 46.871 ms.
I0418 08:12:51.057008  7952 caffe.cpp:314] Batch 51, accuracy1+2 = 1
I0418 08:12:51.057008  7952 caffe.cpp:314] Batch 51, accuracy1+2+3 = 1
I0418 08:12:51.166386  6080 data_layer.cpp:128] Prefetch batch: 109 ms.
I0418 08:12:51.166386  6080 data_layer.cpp:129]      Read time: 0 ms.
I0418 08:12:51.166386  6080 data_layer.cpp:130] Transform time: 109.378 ms.
I0418 08:12:52.025799  7952 caffe.cpp:314] Batch 52, accuracy1+2 = 1
I0418 08:12:52.025799  7952 caffe.cpp:314] Batch 52, accuracy1+2+3 = 1
I0418 08:12:52.150804  6080 data_layer.cpp:128] Prefetch batch: 125 ms.
I0418 08:12:52.150804  6080 data_layer.cpp:129]      Read time: 93.744 ms.
I0418 08:12:52.150804  6080 data_layer.cpp:130] Transform time: 31.261 ms.
I0418 08:12:53.010211  7952 caffe.cpp:314] Batch 53, accuracy1+2 = 0
I0418 08:12:53.010211  7952 caffe.cpp:314] Batch 53, accuracy1+2+3 = 0
I0418 08:12:53.135216  6080 data_layer.cpp:128] Prefetch batch: 125 ms.
I0418 08:12:53.135216  6080 data_layer.cpp:129]      Read time: 78.131 ms.
I0418 08:12:53.135216  6080 data_layer.cpp:130] Transform time: 46.874 ms.
I0418 08:12:53.979002  7952 caffe.cpp:314] Batch 54, accuracy1+2 = 1
I0418 08:12:53.979002  7952 caffe.cpp:314] Batch 54, accuracy1+2+3 = 1
I0418 08:12:54.104003  6080 data_layer.cpp:128] Prefetch batch: 125 ms.
I0418 08:12:54.104003  6080 data_layer.cpp:129]      Read time: 93.754 ms.
I0418 08:12:54.104003  6080 data_layer.cpp:130] Transform time: 31.247 ms.
I0418 08:12:54.947787  7952 caffe.cpp:314] Batch 55, accuracy1+2 = 1
I0418 08:12:54.947787  7952 caffe.cpp:314] Batch 55, accuracy1+2+3 = 1
I0418 08:12:55.072795  6080 data_layer.cpp:128] Prefetch batch: 125 ms.
I0418 08:12:55.072795  6080 data_layer.cpp:129]      Read time: 93.754 ms.
I0418 08:12:55.072795  6080 data_layer.cpp:130] Transform time: 31.255 ms.
I0418 08:12:55.916575  7952 caffe.cpp:314] Batch 56, accuracy1+2 = 1
I0418 08:12:55.916575  7952 caffe.cpp:314] Batch 56, accuracy1+2+3 = 1
I0418 08:12:56.025949  6080 data_layer.cpp:128] Prefetch batch: 109 ms.
I0418 08:12:56.025949  6080 data_layer.cpp:129]      Read time: 0 ms.
I0418 08:12:56.025949  6080 data_layer.cpp:130] Transform time: 109.374 ms.
I0418 08:12:56.900993  7952 caffe.cpp:314] Batch 57, accuracy1+2 = 1
I0418 08:12:56.900993  7952 caffe.cpp:314] Batch 57, accuracy1+2+3 = 1
I0418 08:12:57.026005  6080 data_layer.cpp:128] Prefetch batch: 125 ms.
I0418 08:12:57.026005  6080 data_layer.cpp:129]      Read time: 78.114 ms.
I0418 08:12:57.026005  6080 data_layer.cpp:130] Transform time: 46.898 ms.
I0418 08:12:57.869776  7952 caffe.cpp:314] Batch 58, accuracy1+2 = 1
I0418 08:12:57.869776  7952 caffe.cpp:314] Batch 58, accuracy1+2+3 = 1
I0418 08:12:57.994781  6080 data_layer.cpp:128] Prefetch batch: 125 ms.
I0418 08:12:57.994781  6080 data_layer.cpp:129]      Read time: 78.127 ms.
I0418 08:12:57.994781  6080 data_layer.cpp:130] Transform time: 46.878 ms.
I0418 08:12:58.838567  7952 caffe.cpp:314] Batch 59, accuracy1+2 = 1
I0418 08:12:58.838567  7952 caffe.cpp:314] Batch 59, accuracy1+2+3 = 1
I0418 08:12:58.963568  6080 data_layer.cpp:128] Prefetch batch: 125 ms.
I0418 08:12:58.963568  6080 data_layer.cpp:129]      Read time: 46.873 ms.
I0418 08:12:58.963568  6080 data_layer.cpp:130] Transform time: 78.128 ms.
I0418 08:12:59.807358  7952 caffe.cpp:314] Batch 60, accuracy1+2 = 1
I0418 08:12:59.822978  7952 caffe.cpp:314] Batch 60, accuracy1+2+3 = 1
I0418 08:12:59.979235  6080 data_layer.cpp:128] Prefetch batch: 156 ms.
I0418 08:12:59.979235  6080 data_layer.cpp:129]      Read time: 140.628 ms.
I0418 08:12:59.979235  6080 data_layer.cpp:130] Transform time: 15.629 ms.
I0418 08:13:00.791761  7952 caffe.cpp:314] Batch 61, accuracy1+2 = 1
I0418 08:13:00.791761  7952 caffe.cpp:314] Batch 61, accuracy1+2+3 = 1
I0418 08:13:00.901159  6080 data_layer.cpp:128] Prefetch batch: 109 ms.
I0418 08:13:00.901159  6080 data_layer.cpp:129]      Read time: 0 ms.
I0418 08:13:00.901159  6080 data_layer.cpp:130] Transform time: 109.397 ms.
I0418 08:13:01.760551  7952 caffe.cpp:314] Batch 62, accuracy1+2 = 1
I0418 08:13:01.760551  7952 caffe.cpp:314] Batch 62, accuracy1+2+3 = 1
I0418 08:13:01.885555  6080 data_layer.cpp:128] Prefetch batch: 125 ms.
I0418 08:13:01.885555  6080 data_layer.cpp:129]      Read time: 93.759 ms.
I0418 08:13:01.885555  6080 data_layer.cpp:130] Transform time: 31.244 ms.
I0418 08:13:02.729343  7952 caffe.cpp:314] Batch 63, accuracy1+2 = 1
I0418 08:13:02.729343  7952 caffe.cpp:314] Batch 63, accuracy1+2+3 = 1
I0418 08:13:02.854346  6080 data_layer.cpp:128] Prefetch batch: 125 ms.
I0418 08:13:02.854346  6080 data_layer.cpp:129]      Read time: 93.754 ms.
I0418 08:13:02.854346  6080 data_layer.cpp:130] Transform time: 31.249 ms.
I0418 08:13:03.713757  7952 caffe.cpp:314] Batch 64, accuracy1+2 = 1
I0418 08:13:03.713757  7952 caffe.cpp:314] Batch 64, accuracy1+2+3 = 1
I0418 08:13:03.838762  6080 data_layer.cpp:128] Prefetch batch: 125 ms.
I0418 08:13:03.838762  6080 data_layer.cpp:129]      Read time: 93.756 ms.
I0418 08:13:03.838762  6080 data_layer.cpp:130] Transform time: 31.249 ms.
I0418 08:13:04.682534  7952 caffe.cpp:314] Batch 65, accuracy1+2 = 1
I0418 08:13:04.682534  7952 caffe.cpp:314] Batch 65, accuracy1+2+3 = 1
I0418 08:13:04.807544  6080 data_layer.cpp:128] Prefetch batch: 125 ms.
I0418 08:13:04.807544  6080 data_layer.cpp:129]      Read time: 93.771 ms.
I0418 08:13:04.807544  6080 data_layer.cpp:130] Transform time: 31.239 ms.
I0418 08:13:05.651335  7952 caffe.cpp:314] Batch 66, accuracy1+2 = 1
I0418 08:13:05.651335  7952 caffe.cpp:314] Batch 66, accuracy1+2+3 = 1
I0418 08:13:05.776338  6080 data_layer.cpp:128] Prefetch batch: 125 ms.
I0418 08:13:05.776338  6080 data_layer.cpp:129]      Read time: 93.751 ms.
I0418 08:13:05.776338  6080 data_layer.cpp:130] Transform time: 31.253 ms.
I0418 08:13:06.635743  7952 caffe.cpp:314] Batch 67, accuracy1+2 = 1
I0418 08:13:06.635743  7952 caffe.cpp:314] Batch 67, accuracy1+2+3 = 1
I0418 08:13:06.729499  6080 data_layer.cpp:128] Prefetch batch: 93 ms.
I0418 08:13:06.729499  6080 data_layer.cpp:129]      Read time: 0 ms.
I0418 08:13:06.729499  6080 data_layer.cpp:130] Transform time: 93.756 ms.
I0418 08:13:07.604532  7952 caffe.cpp:314] Batch 68, accuracy1+2 = 1
I0418 08:13:07.604532  7952 caffe.cpp:314] Batch 68, accuracy1+2+3 = 1
I0418 08:13:07.729539  6080 data_layer.cpp:128] Prefetch batch: 125 ms.
I0418 08:13:07.729539  6080 data_layer.cpp:129]      Read time: 93.76 ms.
I0418 08:13:07.729539  6080 data_layer.cpp:130] Transform time: 31.247 ms.
I0418 08:13:08.573319  7952 caffe.cpp:314] Batch 69, accuracy1+2 = 1
I0418 08:13:08.573319  7952 caffe.cpp:314] Batch 69, accuracy1+2+3 = 1
I0418 08:13:08.698335  6080 data_layer.cpp:128] Prefetch batch: 125 ms.
I0418 08:13:08.698335  6080 data_layer.cpp:129]      Read time: 93.761 ms.
I0418 08:13:08.698335  6080 data_layer.cpp:130] Transform time: 31.255 ms.
I0418 08:13:09.557735  7952 caffe.cpp:314] Batch 70, accuracy1+2 = 1
I0418 08:13:09.557735  7952 caffe.cpp:314] Batch 70, accuracy1+2+3 = 1
I0418 08:13:09.682744  6080 data_layer.cpp:128] Prefetch batch: 125 ms.
I0418 08:13:09.682744  6080 data_layer.cpp:129]      Read time: 78.127 ms.
I0418 08:13:09.682744  6080 data_layer.cpp:130] Transform time: 46.881 ms.
I0418 08:13:10.557763  7952 caffe.cpp:314] Batch 71, accuracy1+2 = 1
I0418 08:13:10.557763  7952 caffe.cpp:314] Batch 71, accuracy1+2+3 = 1
I0418 08:13:10.682785  6080 data_layer.cpp:128] Prefetch batch: 125 ms.
I0418 08:13:10.682785  6080 data_layer.cpp:129]      Read time: 93.755 ms.
I0418 08:13:10.682785  6080 data_layer.cpp:130] Transform time: 31.266 ms.
I0418 08:13:11.573431  7952 caffe.cpp:314] Batch 72, accuracy1+2 = 1
I0418 08:13:11.573431  7952 caffe.cpp:314] Batch 72, accuracy1+2+3 = 1
I0418 08:13:11.682816  6080 data_layer.cpp:128] Prefetch batch: 109 ms.
I0418 08:13:11.682816  6080 data_layer.cpp:129]      Read time: 0 ms.
I0418 08:13:11.682816  6080 data_layer.cpp:130] Transform time: 109.386 ms.
I0418 08:13:12.542232  7952 caffe.cpp:314] Batch 73, accuracy1+2 = 1
I0418 08:13:12.542232  7952 caffe.cpp:314] Batch 73, accuracy1+2+3 = 1
I0418 08:13:12.682857  6080 data_layer.cpp:128] Prefetch batch: 140 ms.
I0418 08:13:12.682857  6080 data_layer.cpp:129]      Read time: 93.753 ms.
I0418 08:13:12.682857  6080 data_layer.cpp:130] Transform time: 46.873 ms.
I0418 08:13:13.526645  7952 caffe.cpp:314] Batch 74, accuracy1+2 = 1
I0418 08:13:13.526645  7952 caffe.cpp:314] Batch 74, accuracy1+2+3 = 1
I0418 08:13:13.651650  6080 data_layer.cpp:128] Prefetch batch: 125 ms.
I0418 08:13:13.651650  6080 data_layer.cpp:129]      Read time: 93.747 ms.
I0418 08:13:13.651650  6080 data_layer.cpp:130] Transform time: 31.258 ms.
I0418 08:13:14.495431  7952 caffe.cpp:314] Batch 75, accuracy1+2 = 1
I0418 08:13:14.495431  7952 caffe.cpp:314] Batch 75, accuracy1+2+3 = 1
I0418 08:13:14.604806  6080 data_layer.cpp:128] Prefetch batch: 109 ms.
I0418 08:13:14.604806  6080 data_layer.cpp:129]      Read time: 0 ms.
I0418 08:13:14.604806  6080 data_layer.cpp:130] Transform time: 109.375 ms.
I0418 08:13:15.479846  7952 caffe.cpp:314] Batch 76, accuracy1+2 = 1
I0418 08:13:15.479846  7952 caffe.cpp:314] Batch 76, accuracy1+2+3 = 1
I0418 08:13:15.604851  6080 data_layer.cpp:128] Prefetch batch: 125 ms.
I0418 08:13:15.604851  6080 data_layer.cpp:129]      Read time: 78.128 ms.
I0418 08:13:15.604851  6080 data_layer.cpp:130] Transform time: 46.876 ms.
I0418 08:13:16.448635  7952 caffe.cpp:314] Batch 77, accuracy1+2 = 1
I0418 08:13:16.448635  7952 caffe.cpp:314] Batch 77, accuracy1+2+3 = 1
I0418 08:13:16.573637  6080 data_layer.cpp:128] Prefetch batch: 125 ms.
I0418 08:13:16.573637  6080 data_layer.cpp:129]      Read time: 93.748 ms.
I0418 08:13:16.573637  6080 data_layer.cpp:130] Transform time: 31.254 ms.
I0418 08:13:17.417423  7952 caffe.cpp:314] Batch 78, accuracy1+2 = 1
I0418 08:13:17.417423  7952 caffe.cpp:314] Batch 78, accuracy1+2+3 = 1
I0418 08:13:17.542423  6080 data_layer.cpp:128] Prefetch batch: 124 ms.
I0418 08:13:17.542423  6080 data_layer.cpp:129]      Read time: 93.752 ms.
I0418 08:13:17.542423  6080 data_layer.cpp:130] Transform time: 31.247 ms.
I0418 08:13:18.386205  7952 caffe.cpp:314] Batch 79, accuracy1+2 = 1
I0418 08:13:18.386205  7952 caffe.cpp:314] Batch 79, accuracy1+2+3 = 1
I0418 08:13:18.511215  6080 data_layer.cpp:128] Prefetch batch: 125 ms.
I0418 08:13:18.511215  6080 data_layer.cpp:129]      Read time: 93.757 ms.
I0418 08:13:18.511215  6080 data_layer.cpp:130] Transform time: 31.253 ms.
I0418 08:13:19.370618  7952 caffe.cpp:314] Batch 80, accuracy1+2 = 1
I0418 08:13:19.370618  7952 caffe.cpp:314] Batch 80, accuracy1+2+3 = 1
I0418 08:13:19.495625  6080 data_layer.cpp:128] Prefetch batch: 125 ms.
I0418 08:13:19.495625  6080 data_layer.cpp:129]      Read time: 93.752 ms.
I0418 08:13:19.495625  6080 data_layer.cpp:130] Transform time: 31.254 ms.
I0418 08:13:20.339409  7952 caffe.cpp:314] Batch 81, accuracy1+2 = 1
I0418 08:13:20.339409  7952 caffe.cpp:314] Batch 81, accuracy1+2+3 = 1
I0418 08:13:20.448784  6080 data_layer.cpp:128] Prefetch batch: 109 ms.
I0418 08:13:20.448784  6080 data_layer.cpp:129]      Read time: 0 ms.
I0418 08:13:20.448784  6080 data_layer.cpp:130] Transform time: 109.375 ms.
I0418 08:13:21.308197  7952 caffe.cpp:314] Batch 82, accuracy1+2 = 1
I0418 08:13:21.308197  7952 caffe.cpp:314] Batch 82, accuracy1+2+3 = 1
I0418 08:13:21.433202  6080 data_layer.cpp:128] Prefetch batch: 125 ms.
I0418 08:13:21.433202  6080 data_layer.cpp:129]      Read time: 93.75 ms.
I0418 08:13:21.433202  6080 data_layer.cpp:130] Transform time: 31.254 ms.
I0418 08:13:22.292614  7952 caffe.cpp:314] Batch 83, accuracy1+2 = 1
I0418 08:13:22.292614  7952 caffe.cpp:314] Batch 83, accuracy1+2+3 = 1
I0418 08:13:22.417621  6080 data_layer.cpp:128] Prefetch batch: 125 ms.
I0418 08:13:22.417621  6080 data_layer.cpp:129]      Read time: 78.123 ms.
I0418 08:13:22.417621  6080 data_layer.cpp:130] Transform time: 46.884 ms.
I0418 08:13:23.261399  7952 caffe.cpp:314] Batch 84, accuracy1+2 = 1
I0418 08:13:23.261399  7952 caffe.cpp:314] Batch 84, accuracy1+2+3 = 1
I0418 08:13:23.386409  6080 data_layer.cpp:128] Prefetch batch: 125 ms.
I0418 08:13:23.386409  6080 data_layer.cpp:129]      Read time: 93.757 ms.
I0418 08:13:23.386409  6080 data_layer.cpp:130] Transform time: 31.253 ms.
I0418 08:13:24.230185  7952 caffe.cpp:314] Batch 85, accuracy1+2 = 1
I0418 08:13:24.230185  7952 caffe.cpp:314] Batch 85, accuracy1+2+3 = 1
I0418 08:13:24.355195  6080 data_layer.cpp:128] Prefetch batch: 125 ms.
I0418 08:13:24.355195  6080 data_layer.cpp:129]      Read time: 93.754 ms.
I0418 08:13:24.355195  6080 data_layer.cpp:130] Transform time: 31.256 ms.
I0418 08:13:25.198977  7952 caffe.cpp:314] Batch 86, accuracy1+2 = 1
I0418 08:13:25.198977  7952 caffe.cpp:314] Batch 86, accuracy1+2+3 = 1
I0418 08:13:25.308352  6080 data_layer.cpp:128] Prefetch batch: 109 ms.
I0418 08:13:25.308352  6080 data_layer.cpp:129]      Read time: 0 ms.
I0418 08:13:25.308352  6080 data_layer.cpp:130] Transform time: 109.375 ms.
I0418 08:13:26.183387  7952 caffe.cpp:314] Batch 87, accuracy1+2 = 1
I0418 08:13:26.183387  7952 caffe.cpp:314] Batch 87, accuracy1+2+3 = 1
I0418 08:13:26.308395  6080 data_layer.cpp:128] Prefetch batch: 125 ms.
I0418 08:13:26.308395  6080 data_layer.cpp:129]      Read time: 78.128 ms.
I0418 08:13:26.308395  6080 data_layer.cpp:130] Transform time: 46.881 ms.
I0418 08:13:27.152176  7952 caffe.cpp:314] Batch 88, accuracy1+2 = 1
I0418 08:13:27.152176  7952 caffe.cpp:314] Batch 88, accuracy1+2+3 = 1
I0418 08:13:27.277179  6080 data_layer.cpp:128] Prefetch batch: 125 ms.
I0418 08:13:27.277179  6080 data_layer.cpp:129]      Read time: 93.75 ms.
I0418 08:13:27.277179  6080 data_layer.cpp:130] Transform time: 31.252 ms.
I0418 08:13:28.120960  7952 caffe.cpp:314] Batch 89, accuracy1+2 = 1
I0418 08:13:28.120960  7952 caffe.cpp:314] Batch 89, accuracy1+2+3 = 1
I0418 08:13:28.245970  6080 data_layer.cpp:128] Prefetch batch: 125 ms.
I0418 08:13:28.245970  6080 data_layer.cpp:129]      Read time: 93.756 ms.
I0418 08:13:28.245970  6080 data_layer.cpp:130] Transform time: 31.253 ms.
I0418 08:13:29.089754  7952 caffe.cpp:314] Batch 90, accuracy1+2 = 1
I0418 08:13:29.089754  7952 caffe.cpp:314] Batch 90, accuracy1+2+3 = 1
I0418 08:13:29.214756  6080 data_layer.cpp:128] Prefetch batch: 125 ms.
I0418 08:13:29.214756  6080 data_layer.cpp:129]      Read time: 93.753 ms.
I0418 08:13:29.214756  6080 data_layer.cpp:130] Transform time: 31.249 ms.
I0418 08:13:30.074167  7952 caffe.cpp:314] Batch 91, accuracy1+2 = 1
I0418 08:13:30.074167  7952 caffe.cpp:314] Batch 91, accuracy1+2+3 = 1
I0418 08:13:30.167917  6080 data_layer.cpp:128] Prefetch batch: 93 ms.
I0418 08:13:30.167917  6080 data_layer.cpp:129]      Read time: 0 ms.
I0418 08:13:30.167917  6080 data_layer.cpp:130] Transform time: 93.75 ms.
I0418 08:13:31.042948  7952 caffe.cpp:314] Batch 92, accuracy1+2 = 1
I0418 08:13:31.042948  7952 caffe.cpp:314] Batch 92, accuracy1+2+3 = 1
I0418 08:13:31.167961  6080 data_layer.cpp:128] Prefetch batch: 125 ms.
I0418 08:13:31.167961  6080 data_layer.cpp:129]      Read time: 93.755 ms.
I0418 08:13:31.167961  6080 data_layer.cpp:130] Transform time: 31.258 ms.
I0418 08:13:32.011745  7952 caffe.cpp:314] Batch 93, accuracy1+2 = 1
I0418 08:13:32.011745  7952 caffe.cpp:314] Batch 93, accuracy1+2+3 = 1
I0418 08:13:32.136745  6080 data_layer.cpp:128] Prefetch batch: 125 ms.
I0418 08:13:32.136745  6080 data_layer.cpp:129]      Read time: 93.752 ms.
I0418 08:13:32.136745  6080 data_layer.cpp:130] Transform time: 31.248 ms.
I0418 08:13:32.996156  7952 caffe.cpp:314] Batch 94, accuracy1+2 = 0
I0418 08:13:32.996156  7952 caffe.cpp:314] Batch 94, accuracy1+2+3 = 0
I0418 08:13:33.121160  6080 data_layer.cpp:128] Prefetch batch: 125 ms.
I0418 08:13:33.121160  6080 data_layer.cpp:129]      Read time: 78.129 ms.
I0418 08:13:33.121160  6080 data_layer.cpp:130] Transform time: 46.874 ms.
I0418 08:13:33.964946  7952 caffe.cpp:314] Batch 95, accuracy1+2 = 1
I0418 08:13:33.964946  7952 caffe.cpp:314] Batch 95, accuracy1+2+3 = 1
I0418 08:13:34.058697  6080 data_layer.cpp:128] Prefetch batch: 93 ms.
I0418 08:13:34.058697  6080 data_layer.cpp:129]      Read time: 0 ms.
I0418 08:13:34.058697  6080 data_layer.cpp:130] Transform time: 93.752 ms.
I0418 08:13:34.933733  7952 caffe.cpp:314] Batch 96, accuracy1+2 = 1
I0418 08:13:34.933733  7952 caffe.cpp:314] Batch 96, accuracy1+2+3 = 1
I0418 08:13:35.058738  6080 data_layer.cpp:128] Prefetch batch: 125 ms.
I0418 08:13:35.058738  6080 data_layer.cpp:129]      Read time: 93.749 ms.
I0418 08:13:35.058738  6080 data_layer.cpp:130] Transform time: 31.256 ms.
I0418 08:13:35.918146  7952 caffe.cpp:314] Batch 97, accuracy1+2 = 1
I0418 08:13:35.918146  7952 caffe.cpp:314] Batch 97, accuracy1+2+3 = 1
I0418 08:13:36.043153  6080 data_layer.cpp:128] Prefetch batch: 125 ms.
I0418 08:13:36.043153  6080 data_layer.cpp:129]      Read time: 78.127 ms.
I0418 08:13:36.043153  6080 data_layer.cpp:130] Transform time: 46.879 ms.
I0418 08:13:36.886935  7952 caffe.cpp:314] Batch 98, accuracy1+2 = 1
I0418 08:13:36.886935  7952 caffe.cpp:314] Batch 98, accuracy1+2+3 = 1
I0418 08:13:36.996302  6080 data_layer.cpp:128] Prefetch batch: 109 ms.
I0418 08:13:36.996302  6080 data_layer.cpp:129]      Read time: 0 ms.
I0418 08:13:36.996302  6080 data_layer.cpp:130] Transform time: 109.367 ms.
I0418 08:13:37.855718  7952 caffe.cpp:314] Batch 99, accuracy1+2 = 1
I0418 08:13:37.855718  7952 caffe.cpp:314] Batch 99, accuracy1+2+3 = 1
I0418 08:13:37.996348  6080 data_layer.cpp:128] Prefetch batch: 140 ms.
I0418 08:13:37.996348  6080 data_layer.cpp:129]      Read time: 93.753 ms.
I0418 08:13:37.996348  6080 data_layer.cpp:130] Transform time: 46.877 ms.
I0418 08:13:38.840139  7952 caffe.cpp:314] Batch 100, accuracy1+2 = 1
I0418 08:13:38.840139  7952 caffe.cpp:314] Batch 100, accuracy1+2+3 = 1
I0418 08:13:38.965138  6080 data_layer.cpp:128] Prefetch batch: 124 ms.
I0418 08:13:38.965138  6080 data_layer.cpp:129]      Read time: 78.123 ms.
I0418 08:13:38.965138  6080 data_layer.cpp:130] Transform time: 46.876 ms.
I0418 08:13:39.808925  7952 caffe.cpp:314] Batch 101, accuracy1+2 = 1
I0418 08:13:39.808925  7952 caffe.cpp:314] Batch 101, accuracy1+2+3 = 1
I0418 08:13:39.933928  6080 data_layer.cpp:128] Prefetch batch: 125 ms.
I0418 08:13:39.933928  6080 data_layer.cpp:129]      Read time: 93.754 ms.
I0418 08:13:39.933928  6080 data_layer.cpp:130] Transform time: 31.248 ms.
I0418 08:13:40.777714  7952 caffe.cpp:314] Batch 102, accuracy1+2 = 1
I0418 08:13:40.777714  7952 caffe.cpp:314] Batch 102, accuracy1+2+3 = 1
I0418 08:13:40.902717  6080 data_layer.cpp:128] Prefetch batch: 125 ms.
I0418 08:13:40.902717  6080 data_layer.cpp:129]      Read time: 93.75 ms.
I0418 08:13:40.902717  6080 data_layer.cpp:130] Transform time: 31.254 ms.
I0418 08:13:41.762115  7952 caffe.cpp:314] Batch 103, accuracy1+2 = 1
I0418 08:13:41.762115  7952 caffe.cpp:314] Batch 103, accuracy1+2+3 = 1
I0418 08:13:41.871493  6080 data_layer.cpp:128] Prefetch batch: 109 ms.
I0418 08:13:41.871493  6080 data_layer.cpp:129]      Read time: 0 ms.
I0418 08:13:41.871493  6080 data_layer.cpp:130] Transform time: 109.379 ms.
I0418 08:13:42.762172  7952 caffe.cpp:314] Batch 104, accuracy1+2 = 0
I0418 08:13:42.762172  7952 caffe.cpp:314] Batch 104, accuracy1+2+3 = 0
I0418 08:13:42.887171  6080 data_layer.cpp:128] Prefetch batch: 124 ms.
I0418 08:13:42.887171  6080 data_layer.cpp:129]      Read time: 93.743 ms.
I0418 08:13:42.887171  6080 data_layer.cpp:130] Transform time: 31.256 ms.
I0418 08:13:43.730954  7952 caffe.cpp:314] Batch 105, accuracy1+2 = 1
I0418 08:13:43.730954  7952 caffe.cpp:314] Batch 105, accuracy1+2+3 = 1
I0418 08:13:43.855960  6080 data_layer.cpp:128] Prefetch batch: 125 ms.
I0418 08:13:43.855960  6080 data_layer.cpp:129]      Read time: 93.755 ms.
I0418 08:13:43.855960  6080 data_layer.cpp:130] Transform time: 31.251 ms.
I0418 08:13:44.715363  7952 caffe.cpp:314] Batch 106, accuracy1+2 = 1
I0418 08:13:44.715363  7952 caffe.cpp:314] Batch 106, accuracy1+2+3 = 1
I0418 08:13:44.840366  6080 data_layer.cpp:128] Prefetch batch: 125 ms.
I0418 08:13:44.840366  6080 data_layer.cpp:129]      Read time: 78.13 ms.
I0418 08:13:44.840366  6080 data_layer.cpp:130] Transform time: 46.873 ms.
I0418 08:13:45.684156  7952 caffe.cpp:314] Batch 107, accuracy1+2 = 1
I0418 08:13:45.684156  7952 caffe.cpp:314] Batch 107, accuracy1+2+3 = 1
I0418 08:13:45.793537  6080 data_layer.cpp:128] Prefetch batch: 109 ms.
I0418 08:13:45.793537  6080 data_layer.cpp:129]      Read time: 0 ms.
I0418 08:13:45.793537  6080 data_layer.cpp:130] Transform time: 109.381 ms.
I0418 08:13:46.652940  7952 caffe.cpp:314] Batch 108, accuracy1+2 = 1
I0418 08:13:46.652940  7952 caffe.cpp:314] Batch 108, accuracy1+2+3 = 1
I0418 08:13:46.777948  6080 data_layer.cpp:128] Prefetch batch: 125 ms.
I0418 08:13:46.777948  6080 data_layer.cpp:129]      Read time: 93.754 ms.
I0418 08:13:46.777948  6080 data_layer.cpp:130] Transform time: 31.255 ms.
I0418 08:13:47.637344  7952 caffe.cpp:314] Batch 109, accuracy1+2 = 1
I0418 08:13:47.637344  7952 caffe.cpp:314] Batch 109, accuracy1+2+3 = 1
I0418 08:13:47.762349  6080 data_layer.cpp:128] Prefetch batch: 125 ms.
I0418 08:13:47.762349  6080 data_layer.cpp:129]      Read time: 93.754 ms.
I0418 08:13:47.762349  6080 data_layer.cpp:130] Transform time: 31.251 ms.
I0418 08:13:48.653010  7952 caffe.cpp:314] Batch 110, accuracy1+2 = 0
I0418 08:13:48.653010  7952 caffe.cpp:314] Batch 110, accuracy1+2+3 = 0
I0418 08:13:48.778026  6080 data_layer.cpp:128] Prefetch batch: 125 ms.
I0418 08:13:48.778026  6080 data_layer.cpp:129]      Read time: 93.757 ms.
I0418 08:13:48.778026  6080 data_layer.cpp:130] Transform time: 31.259 ms.
I0418 08:13:49.653055  7952 caffe.cpp:314] Batch 111, accuracy1+2 = 1
I0418 08:13:49.653055  7952 caffe.cpp:314] Batch 111, accuracy1+2+3 = 1
I0418 08:13:49.762428  6080 data_layer.cpp:128] Prefetch batch: 109 ms.
I0418 08:13:49.762428  6080 data_layer.cpp:129]      Read time: 0 ms.
I0418 08:13:49.762428  6080 data_layer.cpp:130] Transform time: 109.373 ms.
I0418 08:13:50.637471  7952 caffe.cpp:314] Batch 112, accuracy1+2 = 1
I0418 08:13:50.637471  7952 caffe.cpp:314] Batch 112, accuracy1+2+3 = 1
I0418 08:13:50.762475  6080 data_layer.cpp:128] Prefetch batch: 125 ms.
I0418 08:13:50.762475  6080 data_layer.cpp:129]      Read time: 93.764 ms.
I0418 08:13:50.762475  6080 data_layer.cpp:130] Transform time: 31.24 ms.
I0418 08:13:51.621886  7952 caffe.cpp:314] Batch 113, accuracy1+2 = 1
I0418 08:13:51.621886  7952 caffe.cpp:314] Batch 113, accuracy1+2+3 = 1
I0418 08:13:51.746889  6080 data_layer.cpp:128] Prefetch batch: 125 ms.
I0418 08:13:51.746889  6080 data_layer.cpp:129]      Read time: 93.754 ms.
I0418 08:13:51.746889  6080 data_layer.cpp:130] Transform time: 31.25 ms.
I0418 08:13:52.590672  7952 caffe.cpp:314] Batch 114, accuracy1+2 = 1
I0418 08:13:52.590672  7952 caffe.cpp:314] Batch 114, accuracy1+2+3 = 1
I0418 08:13:52.700057  6080 data_layer.cpp:128] Prefetch batch: 109 ms.
I0418 08:13:52.700057  6080 data_layer.cpp:129]      Read time: 0 ms.
I0418 08:13:52.700057  6080 data_layer.cpp:130] Transform time: 109.385 ms.
I0418 08:13:53.559463  7952 caffe.cpp:314] Batch 115, accuracy1+2 = 1
I0418 08:13:53.559463  7952 caffe.cpp:314] Batch 115, accuracy1+2+3 = 1
I0418 08:13:53.684469  6080 data_layer.cpp:128] Prefetch batch: 125 ms.
I0418 08:13:53.684469  6080 data_layer.cpp:129]      Read time: 93.757 ms.
I0418 08:13:53.684469  6080 data_layer.cpp:130] Transform time: 31.25 ms.
I0418 08:13:54.528252  7952 caffe.cpp:314] Batch 116, accuracy1+2 = 0
I0418 08:13:54.528252  7952 caffe.cpp:314] Batch 116, accuracy1+2+3 = 0
I0418 08:13:54.653251  6080 data_layer.cpp:128] Prefetch batch: 124 ms.
I0418 08:13:54.653251  6080 data_layer.cpp:129]      Read time: 93.759 ms.
I0418 08:13:54.653251  6080 data_layer.cpp:130] Transform time: 31.24 ms.
I0418 08:13:55.512661  7952 caffe.cpp:314] Batch 117, accuracy1+2 = 1
I0418 08:13:55.512661  7952 caffe.cpp:314] Batch 117, accuracy1+2+3 = 1
I0418 08:13:55.637672  6080 data_layer.cpp:128] Prefetch batch: 125 ms.
I0418 08:13:55.637672  6080 data_layer.cpp:129]      Read time: 93.756 ms.
I0418 08:13:55.637672  6080 data_layer.cpp:130] Transform time: 31.255 ms.
I0418 08:13:56.481448  7952 caffe.cpp:314] Batch 118, accuracy1+2 = 1
I0418 08:13:56.481448  7952 caffe.cpp:314] Batch 118, accuracy1+2+3 = 1
I0418 08:13:56.590834  6080 data_layer.cpp:128] Prefetch batch: 109 ms.
I0418 08:13:56.590834  6080 data_layer.cpp:129]      Read time: 0 ms.
I0418 08:13:56.590834  6080 data_layer.cpp:130] Transform time: 109.386 ms.
I0418 08:13:57.450239  7952 caffe.cpp:314] Batch 119, accuracy1+2 = 1
I0418 08:13:57.450239  7952 caffe.cpp:314] Batch 119, accuracy1+2+3 = 1
I0418 08:13:57.575245  6080 data_layer.cpp:128] Prefetch batch: 125 ms.
I0418 08:13:57.575245  6080 data_layer.cpp:129]      Read time: 93.751 ms.
I0418 08:13:57.575245  6080 data_layer.cpp:130] Transform time: 31.255 ms.
I0418 08:13:58.434651  7952 caffe.cpp:314] Batch 120, accuracy1+2 = 0
I0418 08:13:58.434651  7952 caffe.cpp:314] Batch 120, accuracy1+2+3 = 0
I0418 08:13:58.559661  6080 data_layer.cpp:128] Prefetch batch: 125 ms.
I0418 08:13:58.559661  6080 data_layer.cpp:129]      Read time: 78.128 ms.
I0418 08:13:58.559661  6080 data_layer.cpp:130] Transform time: 46.882 ms.
I0418 08:13:59.403445  7952 caffe.cpp:314] Batch 121, accuracy1+2 = 1
I0418 08:13:59.403445  7952 caffe.cpp:314] Batch 121, accuracy1+2+3 = 1
I0418 08:13:59.528450  6080 data_layer.cpp:128] Prefetch batch: 125 ms.
I0418 08:13:59.528450  6080 data_layer.cpp:129]      Read time: 93.75 ms.
I0418 08:13:59.528450  6080 data_layer.cpp:130] Transform time: 31.255 ms.
I0418 08:14:00.372231  7952 caffe.cpp:314] Batch 122, accuracy1+2 = 1
I0418 08:14:00.372231  7952 caffe.cpp:314] Batch 122, accuracy1+2+3 = 1
I0418 08:14:00.497231  6080 data_layer.cpp:128] Prefetch batch: 125 ms.
I0418 08:14:00.497231  6080 data_layer.cpp:129]      Read time: 93.754 ms.
I0418 08:14:00.497231  6080 data_layer.cpp:130] Transform time: 31.247 ms.
I0418 08:14:01.341027  7952 caffe.cpp:314] Batch 123, accuracy1+2 = 0
I0418 08:14:01.341027  7952 caffe.cpp:314] Batch 123, accuracy1+2+3 = 0
I0418 08:14:01.450397  6080 data_layer.cpp:128] Prefetch batch: 109 ms.
I0418 08:14:01.450397  6080 data_layer.cpp:129]      Read time: 0 ms.
I0418 08:14:01.450397  6080 data_layer.cpp:130] Transform time: 109.371 ms.
I0418 08:14:02.325431  7952 caffe.cpp:314] Batch 124, accuracy1+2 = 0
I0418 08:14:02.325431  7952 caffe.cpp:314] Batch 124, accuracy1+2+3 = 0
I0418 08:14:02.450431  6080 data_layer.cpp:128] Prefetch batch: 125 ms.
I0418 08:14:02.450431  6080 data_layer.cpp:129]      Read time: 93.753 ms.
I0418 08:14:02.450431  6080 data_layer.cpp:130] Transform time: 31.247 ms.
I0418 08:14:03.294229  7952 caffe.cpp:314] Batch 125, accuracy1+2 = 1
I0418 08:14:03.294229  7952 caffe.cpp:314] Batch 125, accuracy1+2+3 = 1
I0418 08:14:03.419225  6080 data_layer.cpp:128] Prefetch batch: 124 ms.
I0418 08:14:03.419225  6080 data_layer.cpp:129]      Read time: 93.743 ms.
I0418 08:14:03.419225  6080 data_layer.cpp:130] Transform time: 31.254 ms.
I0418 08:14:04.278631  7952 caffe.cpp:314] Batch 126, accuracy1+2 = 1
I0418 08:14:04.278631  7952 caffe.cpp:314] Batch 126, accuracy1+2+3 = 1
I0418 08:14:04.403638  6080 data_layer.cpp:128] Prefetch batch: 125 ms.
I0418 08:14:04.403638  6080 data_layer.cpp:129]      Read time: 78.137 ms.
I0418 08:14:04.403638  6080 data_layer.cpp:130] Transform time: 46.87 ms.
I0418 08:14:05.247421  7952 caffe.cpp:314] Batch 127, accuracy1+2 = 1
I0418 08:14:05.247421  7952 caffe.cpp:314] Batch 127, accuracy1+2+3 = 1
I0418 08:14:05.372428  6080 data_layer.cpp:128] Prefetch batch: 125 ms.
I0418 08:14:05.372428  6080 data_layer.cpp:129]      Read time: 93.751 ms.
I0418 08:14:05.372428  6080 data_layer.cpp:130] Transform time: 31.256 ms.
I0418 08:14:06.216207  7952 caffe.cpp:314] Batch 128, accuracy1+2 = 0
I0418 08:14:06.216207  7952 caffe.cpp:314] Batch 128, accuracy1+2+3 = 0
I0418 08:14:06.325592  6080 data_layer.cpp:128] Prefetch batch: 93 ms.
I0418 08:14:06.325592  6080 data_layer.cpp:129]      Read time: 0 ms.
I0418 08:14:06.325592  6080 data_layer.cpp:130] Transform time: 93.753 ms.
I0418 08:14:07.200621  7952 caffe.cpp:314] Batch 129, accuracy1+2 = 1
I0418 08:14:07.200621  7952 caffe.cpp:314] Batch 129, accuracy1+2+3 = 1
I0418 08:14:07.325630  6080 data_layer.cpp:128] Prefetch batch: 125 ms.
I0418 08:14:07.325630  6080 data_layer.cpp:129]      Read time: 93.753 ms.
I0418 08:14:07.325630  6080 data_layer.cpp:130] Transform time: 31.256 ms.
I0418 08:14:08.169414  7952 caffe.cpp:314] Batch 130, accuracy1+2 = 0
I0418 08:14:08.169414  7952 caffe.cpp:314] Batch 130, accuracy1+2+3 = 0
I0418 08:14:08.294417  6080 data_layer.cpp:128] Prefetch batch: 125 ms.
I0418 08:14:08.294417  6080 data_layer.cpp:129]      Read time: 93.753 ms.
I0418 08:14:08.294417  6080 data_layer.cpp:130] Transform time: 31.251 ms.
I0418 08:14:09.138197  7952 caffe.cpp:314] Batch 131, accuracy1+2 = 1
I0418 08:14:09.138197  7952 caffe.cpp:314] Batch 131, accuracy1+2+3 = 1
I0418 08:14:09.263202  6080 data_layer.cpp:128] Prefetch batch: 125 ms.
I0418 08:14:09.263202  6080 data_layer.cpp:129]      Read time: 93.758 ms.
I0418 08:14:09.263202  6080 data_layer.cpp:130] Transform time: 31.247 ms.
I0418 08:14:10.122615  7952 caffe.cpp:314] Batch 132, accuracy1+2 = 1
I0418 08:14:10.122615  7952 caffe.cpp:314] Batch 132, accuracy1+2+3 = 1
I0418 08:14:10.216367  6080 data_layer.cpp:128] Prefetch batch: 93 ms.
I0418 08:14:10.216367  6080 data_layer.cpp:129]      Read time: 0 ms.
I0418 08:14:10.216367  6080 data_layer.cpp:130] Transform time: 93.751 ms.
I0418 08:14:11.091399  7952 caffe.cpp:314] Batch 133, accuracy1+2 = 1
I0418 08:14:11.091399  7952 caffe.cpp:314] Batch 133, accuracy1+2+3 = 1
I0418 08:14:11.216403  6080 data_layer.cpp:128] Prefetch batch: 125 ms.
I0418 08:14:11.216403  6080 data_layer.cpp:129]      Read time: 93.755 ms.
I0418 08:14:11.216403  6080 data_layer.cpp:130] Transform time: 31.248 ms.
I0418 08:14:12.060184  7952 caffe.cpp:314] Batch 134, accuracy1+2 = 1
I0418 08:14:12.075816  7952 caffe.cpp:314] Batch 134, accuracy1+2+3 = 1
I0418 08:14:12.200820  6080 data_layer.cpp:128] Prefetch batch: 125 ms.
I0418 08:14:12.200820  6080 data_layer.cpp:129]      Read time: 78.122 ms.
I0418 08:14:12.200820  6080 data_layer.cpp:130] Transform time: 46.882 ms.
I0418 08:14:13.044605  7952 caffe.cpp:314] Batch 135, accuracy1+2 = 1
I0418 08:14:13.044605  7952 caffe.cpp:314] Batch 135, accuracy1+2+3 = 1
I0418 08:14:13.138352  6080 data_layer.cpp:128] Prefetch batch: 93 ms.
I0418 08:14:13.138352  6080 data_layer.cpp:129]      Read time: 0 ms.
I0418 08:14:13.138352  6080 data_layer.cpp:130] Transform time: 93.748 ms.
I0418 08:14:14.013386  7952 caffe.cpp:314] Batch 136, accuracy1+2 = 1
I0418 08:14:14.013386  7952 caffe.cpp:314] Batch 136, accuracy1+2+3 = 1
I0418 08:14:14.138397  6080 data_layer.cpp:128] Prefetch batch: 125 ms.
I0418 08:14:14.138397  6080 data_layer.cpp:129]      Read time: 93.758 ms.
I0418 08:14:14.138397  6080 data_layer.cpp:130] Transform time: 31.253 ms.
I0418 08:14:14.997812  7952 caffe.cpp:314] Batch 137, accuracy1+2 = 1
I0418 08:14:14.997812  7952 caffe.cpp:314] Batch 137, accuracy1+2+3 = 1
I0418 08:14:15.122808  6080 data_layer.cpp:128] Prefetch batch: 124 ms.
I0418 08:14:15.122808  6080 data_layer.cpp:129]      Read time: 78.121 ms.
I0418 08:14:15.122808  6080 data_layer.cpp:130] Transform time: 46.875 ms.
I0418 08:14:15.966591  7952 caffe.cpp:314] Batch 138, accuracy1+2 = 1
I0418 08:14:15.966591  7952 caffe.cpp:314] Batch 138, accuracy1+2+3 = 1
I0418 08:14:16.091600  6080 data_layer.cpp:128] Prefetch batch: 125 ms.
I0418 08:14:16.091600  6080 data_layer.cpp:129]      Read time: 93.75 ms.
I0418 08:14:16.091600  6080 data_layer.cpp:130] Transform time: 31.259 ms.
I0418 08:14:16.935382  7952 caffe.cpp:314] Batch 139, accuracy1+2 = 1
I0418 08:14:16.935382  7952 caffe.cpp:314] Batch 139, accuracy1+2+3 = 0
I0418 08:14:17.060382  6080 data_layer.cpp:128] Prefetch batch: 125 ms.
I0418 08:14:17.060382  6080 data_layer.cpp:129]      Read time: 93.747 ms.
I0418 08:14:17.060382  6080 data_layer.cpp:130] Transform time: 31.253 ms.
I0418 08:14:17.904165  7952 caffe.cpp:314] Batch 140, accuracy1+2 = 1
I0418 08:14:17.904165  7952 caffe.cpp:314] Batch 140, accuracy1+2+3 = 1
I0418 08:14:18.013546  6080 data_layer.cpp:128] Prefetch batch: 109 ms.
I0418 08:14:18.013546  6080 data_layer.cpp:129]      Read time: 15.631 ms.
I0418 08:14:18.013546  6080 data_layer.cpp:130] Transform time: 93.75 ms.
I0418 08:14:18.888577  7952 caffe.cpp:314] Batch 141, accuracy1+2 = 1
I0418 08:14:18.888577  7952 caffe.cpp:314] Batch 141, accuracy1+2+3 = 1
I0418 08:14:19.013588  6080 data_layer.cpp:128] Prefetch batch: 125 ms.
I0418 08:14:19.013588  6080 data_layer.cpp:129]      Read time: 78.136 ms.
I0418 08:14:19.013588  6080 data_layer.cpp:130] Transform time: 46.875 ms.
I0418 08:14:19.857370  7952 caffe.cpp:314] Batch 142, accuracy1+2 = 1
I0418 08:14:19.857370  7952 caffe.cpp:314] Batch 142, accuracy1+2+3 = 1
I0418 08:14:19.982363  6080 data_layer.cpp:128] Prefetch batch: 124 ms.
I0418 08:14:19.982363  6080 data_layer.cpp:129]      Read time: 93.756 ms.
I0418 08:14:19.982363  6080 data_layer.cpp:130] Transform time: 31.237 ms.
I0418 08:14:20.826159  7952 caffe.cpp:314] Batch 143, accuracy1+2 = 1
I0418 08:14:20.826159  7952 caffe.cpp:314] Batch 143, accuracy1+2+3 = 1
I0418 08:14:20.966789  6080 data_layer.cpp:128] Prefetch batch: 140 ms.
I0418 08:14:20.966789  6080 data_layer.cpp:129]      Read time: 93.752 ms.
I0418 08:14:20.966789  6080 data_layer.cpp:130] Transform time: 46.877 ms.
I0418 08:14:21.810570  7952 caffe.cpp:314] Batch 144, accuracy1+2 = 1
I0418 08:14:21.810570  7952 caffe.cpp:314] Batch 144, accuracy1+2+3 = 1
I0418 08:14:21.935575  6080 data_layer.cpp:128] Prefetch batch: 125 ms.
I0418 08:14:21.935575  6080 data_layer.cpp:129]      Read time: 93.753 ms.
I0418 08:14:21.935575  6080 data_layer.cpp:130] Transform time: 31.252 ms.
I0418 08:14:22.779359  7952 caffe.cpp:314] Batch 145, accuracy1+2 = 1
I0418 08:14:22.779359  7952 caffe.cpp:314] Batch 145, accuracy1+2+3 = 1
I0418 08:14:22.888741  6080 data_layer.cpp:128] Prefetch batch: 109 ms.
I0418 08:14:22.888741  6080 data_layer.cpp:129]      Read time: 0 ms.
I0418 08:14:22.888741  6080 data_layer.cpp:130] Transform time: 109.382 ms.
I0418 08:14:23.748149  7952 caffe.cpp:314] Batch 146, accuracy1+2 = 1
I0418 08:14:23.748149  7952 caffe.cpp:314] Batch 146, accuracy1+2+3 = 1
I0418 08:14:23.873152  6080 data_layer.cpp:128] Prefetch batch: 125 ms.
I0418 08:14:23.873152  6080 data_layer.cpp:129]      Read time: 93.747 ms.
I0418 08:14:23.873152  6080 data_layer.cpp:130] Transform time: 31.256 ms.
I0418 08:14:24.732563  7952 caffe.cpp:314] Batch 147, accuracy1+2 = 1
I0418 08:14:24.732563  7952 caffe.cpp:314] Batch 147, accuracy1+2+3 = 1
I0418 08:14:24.857563  6080 data_layer.cpp:128] Prefetch batch: 124 ms.
I0418 08:14:24.857563  6080 data_layer.cpp:129]      Read time: 78.121 ms.
I0418 08:14:24.857563  6080 data_layer.cpp:130] Transform time: 46.878 ms.
I0418 08:14:25.732589  7952 caffe.cpp:314] Batch 148, accuracy1+2 = 1
I0418 08:14:25.732589  7952 caffe.cpp:314] Batch 148, accuracy1+2+3 = 1
I0418 08:14:25.857594  6080 data_layer.cpp:128] Prefetch batch: 125 ms.
I0418 08:14:25.857594  6080 data_layer.cpp:129]      Read time: 93.753 ms.
I0418 08:14:25.857594  6080 data_layer.cpp:130] Transform time: 31.252 ms.
I0418 08:14:26.748253  7952 caffe.cpp:314] Batch 149, accuracy1+2 = 1
I0418 08:14:26.748253  7952 caffe.cpp:314] Batch 149, accuracy1+2+3 = 1
I0418 08:14:26.873260  6080 data_layer.cpp:128] Prefetch batch: 125 ms.
I0418 08:14:26.873260  6080 data_layer.cpp:129]      Read time: 93.754 ms.
I0418 08:14:26.873260  6080 data_layer.cpp:130] Transform time: 31.252 ms.
I0418 08:14:27.717056  7952 caffe.cpp:314] Batch 150, accuracy1+2 = 1
I0418 08:14:27.717056  7952 caffe.cpp:314] Batch 150, accuracy1+2+3 = 1
I0418 08:14:27.857684  6080 data_layer.cpp:128] Prefetch batch: 140 ms.
I0418 08:14:27.857684  6080 data_layer.cpp:129]      Read time: 93.75 ms.
I0418 08:14:27.857684  6080 data_layer.cpp:130] Transform time: 46.879 ms.
I0418 08:14:28.701462  7952 caffe.cpp:314] Batch 151, accuracy1+2 = 1
I0418 08:14:28.701462  7952 caffe.cpp:314] Batch 151, accuracy1+2+3 = 1
I0418 08:14:28.810844  6080 data_layer.cpp:128] Prefetch batch: 109 ms.
I0418 08:14:28.810844  6080 data_layer.cpp:129]      Read time: 0 ms.
I0418 08:14:28.810844  6080 data_layer.cpp:130] Transform time: 109.382 ms.
I0418 08:14:29.670255  7952 caffe.cpp:314] Batch 152, accuracy1+2 = 1
I0418 08:14:29.670255  7952 caffe.cpp:314] Batch 152, accuracy1+2+3 = 1
I0418 08:14:29.795256  6080 data_layer.cpp:128] Prefetch batch: 125 ms.
I0418 08:14:29.795256  6080 data_layer.cpp:129]      Read time: 93.755 ms.
I0418 08:14:29.795256  6080 data_layer.cpp:130] Transform time: 31.246 ms.
I0418 08:14:30.654670  7952 caffe.cpp:314] Batch 153, accuracy1+2 = 1
I0418 08:14:30.654670  7952 caffe.cpp:314] Batch 153, accuracy1+2+3 = 1
I0418 08:14:30.779671  6080 data_layer.cpp:128] Prefetch batch: 125 ms.
I0418 08:14:30.779671  6080 data_layer.cpp:129]      Read time: 78.126 ms.
I0418 08:14:30.779671  6080 data_layer.cpp:130] Transform time: 46.876 ms.
I0418 08:14:31.623456  7952 caffe.cpp:314] Batch 154, accuracy1+2 = 1
I0418 08:14:31.623456  7952 caffe.cpp:314] Batch 154, accuracy1+2+3 = 1
I0418 08:14:31.748458  6080 data_layer.cpp:128] Prefetch batch: 125 ms.
I0418 08:14:31.748458  6080 data_layer.cpp:129]      Read time: 93.752 ms.
I0418 08:14:31.748458  6080 data_layer.cpp:130] Transform time: 31.25 ms.
I0418 08:14:32.592242  7952 caffe.cpp:314] Batch 155, accuracy1+2 = 1
I0418 08:14:32.592242  7952 caffe.cpp:314] Batch 155, accuracy1+2+3 = 1
I0418 08:14:32.701619  6080 data_layer.cpp:128] Prefetch batch: 109 ms.
I0418 08:14:32.701619  6080 data_layer.cpp:129]      Read time: 0 ms.
I0418 08:14:32.701619  6080 data_layer.cpp:130] Transform time: 109.378 ms.
I0418 08:14:33.576658  7952 caffe.cpp:314] Batch 156, accuracy1+2 = 1
I0418 08:14:33.576658  7952 caffe.cpp:314] Batch 156, accuracy1+2+3 = 1
I0418 08:14:33.701664  6080 data_layer.cpp:128] Prefetch batch: 125 ms.
I0418 08:14:33.701664  6080 data_layer.cpp:129]      Read time: 78.128 ms.
I0418 08:14:33.701664  6080 data_layer.cpp:130] Transform time: 46.878 ms.
I0418 08:14:34.545444  7952 caffe.cpp:314] Batch 157, accuracy1+2 = 1
I0418 08:14:34.545444  7952 caffe.cpp:314] Batch 157, accuracy1+2+3 = 1
I0418 08:14:34.670452  6080 data_layer.cpp:128] Prefetch batch: 125 ms.
I0418 08:14:34.670452  6080 data_layer.cpp:129]      Read time: 93.755 ms.
I0418 08:14:34.670452  6080 data_layer.cpp:130] Transform time: 31.254 ms.
I0418 08:14:35.529860  7952 caffe.cpp:314] Batch 158, accuracy1+2 = 1
I0418 08:14:35.529860  7952 caffe.cpp:314] Batch 158, accuracy1+2+3 = 1
I0418 08:14:35.623610  6080 data_layer.cpp:128] Prefetch batch: 93 ms.
I0418 08:14:35.623610  6080 data_layer.cpp:129]      Read time: 0 ms.
I0418 08:14:35.623610  6080 data_layer.cpp:130] Transform time: 93.75 ms.
I0418 08:14:36.498646  7952 caffe.cpp:314] Batch 159, accuracy1+2 = 1
I0418 08:14:36.498646  7952 caffe.cpp:314] Batch 159, accuracy1+2+3 = 1
I0418 08:14:36.623656  6080 data_layer.cpp:128] Prefetch batch: 125 ms.
I0418 08:14:36.623656  6080 data_layer.cpp:129]      Read time: 93.754 ms.
I0418 08:14:36.623656  6080 data_layer.cpp:130] Transform time: 31.256 ms.
I0418 08:14:37.467435  7952 caffe.cpp:314] Batch 160, accuracy1+2 = 1
I0418 08:14:37.467435  7952 caffe.cpp:314] Batch 160, accuracy1+2+3 = 1
I0418 08:14:37.592442  6080 data_layer.cpp:128] Prefetch batch: 125 ms.
I0418 08:14:37.592442  6080 data_layer.cpp:129]      Read time: 93.751 ms.
I0418 08:14:37.592442  6080 data_layer.cpp:130] Transform time: 31.256 ms.
I0418 08:14:38.451846  7952 caffe.cpp:314] Batch 161, accuracy1+2 = 1
I0418 08:14:38.451846  7952 caffe.cpp:314] Batch 161, accuracy1+2+3 = 1
I0418 08:14:38.576849  6080 data_layer.cpp:128] Prefetch batch: 125 ms.
I0418 08:14:38.576849  6080 data_layer.cpp:129]      Read time: 78.133 ms.
I0418 08:14:38.576849  6080 data_layer.cpp:130] Transform time: 46.87 ms.
I0418 08:14:39.420632  7952 caffe.cpp:314] Batch 162, accuracy1+2 = 1
I0418 08:14:39.420632  7952 caffe.cpp:314] Batch 162, accuracy1+2+3 = 1
I0418 08:14:39.545644  6080 data_layer.cpp:128] Prefetch batch: 125 ms.
I0418 08:14:39.545644  6080 data_layer.cpp:129]      Read time: 93.761 ms.
I0418 08:14:39.545644  6080 data_layer.cpp:130] Transform time: 31.251 ms.
I0418 08:14:40.389427  7952 caffe.cpp:314] Batch 163, accuracy1+2 = 1
I0418 08:14:40.389427  7952 caffe.cpp:314] Batch 163, accuracy1+2+3 = 1
I0418 08:14:40.498803  6080 data_layer.cpp:128] Prefetch batch: 109 ms.
I0418 08:14:40.498803  6080 data_layer.cpp:129]      Read time: 0 ms.
I0418 08:14:40.498803  6080 data_layer.cpp:130] Transform time: 109.376 ms.
I0418 08:14:41.373836  7952 caffe.cpp:314] Batch 164, accuracy1+2 = 1
I0418 08:14:41.373836  7952 caffe.cpp:314] Batch 164, accuracy1+2+3 = 1
I0418 08:14:41.498844  6080 data_layer.cpp:128] Prefetch batch: 125 ms.
I0418 08:14:41.498844  6080 data_layer.cpp:129]      Read time: 78.132 ms.
I0418 08:14:41.498844  6080 data_layer.cpp:130] Transform time: 46.876 ms.
I0418 08:14:42.342622  7952 caffe.cpp:314] Batch 165, accuracy1+2 = 1
I0418 08:14:42.342622  7952 caffe.cpp:314] Batch 165, accuracy1+2+3 = 1
I0418 08:14:42.467628  6080 data_layer.cpp:128] Prefetch batch: 125 ms.
I0418 08:14:42.467628  6080 data_layer.cpp:129]      Read time: 93.761 ms.
I0418 08:14:42.467628  6080 data_layer.cpp:130] Transform time: 31.244 ms.
I0418 08:14:43.311411  7952 caffe.cpp:314] Batch 166, accuracy1+2 = 1
I0418 08:14:43.311411  7952 caffe.cpp:314] Batch 166, accuracy1+2+3 = 1
I0418 08:14:43.436420  6080 data_layer.cpp:128] Prefetch batch: 125 ms.
I0418 08:14:43.436420  6080 data_layer.cpp:129]      Read time: 93.756 ms.
I0418 08:14:43.436420  6080 data_layer.cpp:130] Transform time: 31.253 ms.
I0418 08:14:44.295824  7952 caffe.cpp:314] Batch 167, accuracy1+2 = 1
I0418 08:14:44.295824  7952 caffe.cpp:314] Batch 167, accuracy1+2+3 = 1
I0418 08:14:44.420833  6080 data_layer.cpp:128] Prefetch batch: 125 ms.
I0418 08:14:44.420833  6080 data_layer.cpp:129]      Read time: 78.133 ms.
I0418 08:14:44.420833  6080 data_layer.cpp:130] Transform time: 46.877 ms.
I0418 08:14:45.264616  7952 caffe.cpp:314] Batch 168, accuracy1+2 = 1
I0418 08:14:45.264616  7952 caffe.cpp:314] Batch 168, accuracy1+2+3 = 1
I0418 08:14:45.373998  6080 data_layer.cpp:128] Prefetch batch: 109 ms.
I0418 08:14:45.373998  6080 data_layer.cpp:129]      Read time: 0 ms.
I0418 08:14:45.373998  6080 data_layer.cpp:130] Transform time: 109.382 ms.
I0418 08:14:46.233399  7952 caffe.cpp:314] Batch 169, accuracy1+2 = 1
I0418 08:14:46.233399  7952 caffe.cpp:314] Batch 169, accuracy1+2+3 = 1
I0418 08:14:46.358408  6080 data_layer.cpp:128] Prefetch batch: 125 ms.
I0418 08:14:46.358408  6080 data_layer.cpp:129]      Read time: 93.762 ms.
I0418 08:14:46.358408  6080 data_layer.cpp:130] Transform time: 31.247 ms.
I0418 08:14:47.217818  7952 caffe.cpp:314] Batch 170, accuracy1+2 = 1
I0418 08:14:47.217818  7952 caffe.cpp:314] Batch 170, accuracy1+2+3 = 1
I0418 08:14:47.342818  6080 data_layer.cpp:128] Prefetch batch: 125 ms.
I0418 08:14:47.342818  6080 data_layer.cpp:129]      Read time: 78.136 ms.
I0418 08:14:47.342818  6080 data_layer.cpp:130] Transform time: 46.864 ms.
I0418 08:14:48.186609  7952 caffe.cpp:314] Batch 171, accuracy1+2 = 1
I0418 08:14:48.186609  7952 caffe.cpp:314] Batch 171, accuracy1+2+3 = 1
I0418 08:14:48.311609  6080 data_layer.cpp:128] Prefetch batch: 125 ms.
I0418 08:14:48.311609  6080 data_layer.cpp:129]      Read time: 93.747 ms.
I0418 08:14:48.311609  6080 data_layer.cpp:130] Transform time: 31.253 ms.
I0418 08:14:49.155392  7952 caffe.cpp:314] Batch 172, accuracy1+2 = 1
I0418 08:14:49.155392  7952 caffe.cpp:314] Batch 172, accuracy1+2+3 = 1
I0418 08:14:49.280395  6080 data_layer.cpp:128] Prefetch batch: 125 ms.
I0418 08:14:49.280395  6080 data_layer.cpp:129]      Read time: 93.757 ms.
I0418 08:14:49.280395  6080 data_layer.cpp:130] Transform time: 31.246 ms.
I0418 08:14:50.139804  7952 caffe.cpp:314] Batch 173, accuracy1+2 = 0
I0418 08:14:50.139804  7952 caffe.cpp:314] Batch 173, accuracy1+2+3 = 0
I0418 08:14:50.233558  6080 data_layer.cpp:128] Prefetch batch: 93 ms.
I0418 08:14:50.233558  6080 data_layer.cpp:129]      Read time: 0 ms.
I0418 08:14:50.233558  6080 data_layer.cpp:130] Transform time: 93.754 ms.
I0418 08:14:51.108592  7952 caffe.cpp:314] Batch 174, accuracy1+2 = 1
I0418 08:14:51.108592  7952 caffe.cpp:314] Batch 174, accuracy1+2+3 = 1
I0418 08:14:51.233600  6080 data_layer.cpp:128] Prefetch batch: 125 ms.
I0418 08:14:51.233600  6080 data_layer.cpp:129]      Read time: 93.751 ms.
I0418 08:14:51.233600  6080 data_layer.cpp:130] Transform time: 31.258 ms.
I0418 08:14:52.077383  7952 caffe.cpp:314] Batch 175, accuracy1+2 = 1
I0418 08:14:52.077383  7952 caffe.cpp:314] Batch 175, accuracy1+2+3 = 1
I0418 08:14:52.202389  6080 data_layer.cpp:128] Prefetch batch: 125 ms.
I0418 08:14:52.202389  6080 data_layer.cpp:129]      Read time: 93.753 ms.
I0418 08:14:52.202389  6080 data_layer.cpp:130] Transform time: 31.252 ms.
I0418 08:14:53.061794  7952 caffe.cpp:314] Batch 176, accuracy1+2 = 1
I0418 08:14:53.061794  7952 caffe.cpp:314] Batch 176, accuracy1+2+3 = 1
I0418 08:14:53.186801  6080 data_layer.cpp:128] Prefetch batch: 125 ms.
I0418 08:14:53.186801  6080 data_layer.cpp:129]      Read time: 78.133 ms.
I0418 08:14:53.186801  6080 data_layer.cpp:130] Transform time: 46.874 ms.
I0418 08:14:54.030583  7952 caffe.cpp:314] Batch 177, accuracy1+2 = 1
I0418 08:14:54.030583  7952 caffe.cpp:314] Batch 177, accuracy1+2+3 = 1
I0418 08:14:54.155587  6080 data_layer.cpp:128] Prefetch batch: 125 ms.
I0418 08:14:54.155587  6080 data_layer.cpp:129]      Read time: 93.755 ms.
I0418 08:14:54.155587  6080 data_layer.cpp:130] Transform time: 31.249 ms.
I0418 08:14:54.999380  7952 caffe.cpp:314] Batch 178, accuracy1+2 = 1
I0418 08:14:54.999380  7952 caffe.cpp:314] Batch 178, accuracy1+2+3 = 1
I0418 08:14:55.108747  6080 data_layer.cpp:128] Prefetch batch: 109 ms.
I0418 08:14:55.108747  6080 data_layer.cpp:129]      Read time: 0 ms.
I0418 08:14:55.108747  6080 data_layer.cpp:130] Transform time: 109.367 ms.
I0418 08:14:55.968158  7952 caffe.cpp:314] Batch 179, accuracy1+2 = 1
I0418 08:14:55.968158  7952 caffe.cpp:314] Batch 179, accuracy1+2+3 = 1
I0418 08:14:56.093170  6080 data_layer.cpp:128] Prefetch batch: 125 ms.
I0418 08:14:56.093170  6080 data_layer.cpp:129]      Read time: 93.754 ms.
I0418 08:14:56.093170  6080 data_layer.cpp:130] Transform time: 31.258 ms.
I0418 08:14:56.952564  7952 caffe.cpp:314] Batch 180, accuracy1+2 = 1
I0418 08:14:56.952564  7952 caffe.cpp:314] Batch 180, accuracy1+2+3 = 1
I0418 08:14:57.077581  6080 data_layer.cpp:128] Prefetch batch: 125 ms.
I0418 08:14:57.077581  6080 data_layer.cpp:129]      Read time: 78.142 ms.
I0418 08:14:57.077581  6080 data_layer.cpp:130] Transform time: 46.876 ms.
I0418 08:14:57.921360  7952 caffe.cpp:314] Batch 181, accuracy1+2 = 1
I0418 08:14:57.921360  7952 caffe.cpp:314] Batch 181, accuracy1+2+3 = 1
I0418 08:14:58.046370  6080 data_layer.cpp:128] Prefetch batch: 125 ms.
I0418 08:14:58.046370  6080 data_layer.cpp:129]      Read time: 93.759 ms.
I0418 08:14:58.046370  6080 data_layer.cpp:130] Transform time: 31.25 ms.
I0418 08:14:58.890153  7952 caffe.cpp:314] Batch 182, accuracy1+2 = 1
I0418 08:14:58.890153  7952 caffe.cpp:314] Batch 182, accuracy1+2+3 = 1
I0418 08:14:59.015151  6080 data_layer.cpp:128] Prefetch batch: 124 ms.
I0418 08:14:59.015151  6080 data_layer.cpp:129]      Read time: 93.751 ms.
I0418 08:14:59.015151  6080 data_layer.cpp:130] Transform time: 31.247 ms.
I0418 08:14:59.874560  7952 caffe.cpp:314] Batch 183, accuracy1+2 = 1
I0418 08:14:59.874560  7952 caffe.cpp:314] Batch 183, accuracy1+2+3 = 1
I0418 08:14:59.968319  6080 data_layer.cpp:128] Prefetch batch: 93 ms.
I0418 08:14:59.968319  6080 data_layer.cpp:129]      Read time: 0 ms.
I0418 08:14:59.968319  6080 data_layer.cpp:130] Transform time: 93.759 ms.
I0418 08:15:00.843350  7952 caffe.cpp:314] Batch 184, accuracy1+2 = 1
I0418 08:15:00.843350  7952 caffe.cpp:314] Batch 184, accuracy1+2+3 = 1
I0418 08:15:00.968359  6080 data_layer.cpp:128] Prefetch batch: 125 ms.
I0418 08:15:00.968359  6080 data_layer.cpp:129]      Read time: 93.754 ms.
I0418 08:15:00.968359  6080 data_layer.cpp:130] Transform time: 31.255 ms.
I0418 08:15:01.812142  7952 caffe.cpp:314] Batch 185, accuracy1+2 = 0
I0418 08:15:01.812142  7952 caffe.cpp:314] Batch 185, accuracy1+2+3 = 0
I0418 08:15:01.937142  6080 data_layer.cpp:128] Prefetch batch: 125 ms.
I0418 08:15:01.937142  6080 data_layer.cpp:129]      Read time: 93.752 ms.
I0418 08:15:01.937142  6080 data_layer.cpp:130] Transform time: 31.248 ms.
I0418 08:15:02.812168  7952 caffe.cpp:314] Batch 186, accuracy1+2 = 0
I0418 08:15:02.812168  7952 caffe.cpp:314] Batch 186, accuracy1+2+3 = 0
I0418 08:15:02.921547  6080 data_layer.cpp:128] Prefetch batch: 109 ms.
I0418 08:15:02.921547  6080 data_layer.cpp:129]      Read time: 0 ms.
I0418 08:15:02.921547  6080 data_layer.cpp:130] Transform time: 109.379 ms.
I0418 08:15:03.827846  7952 caffe.cpp:314] Batch 187, accuracy1+2 = 0
I0418 08:15:03.827846  7952 caffe.cpp:314] Batch 187, accuracy1+2+3 = 0
I0418 08:15:03.952848  6080 data_layer.cpp:128] Prefetch batch: 125 ms.
I0418 08:15:03.952848  6080 data_layer.cpp:129]      Read time: 93.755 ms.
I0418 08:15:03.952848  6080 data_layer.cpp:130] Transform time: 31.248 ms.
I0418 08:15:04.812254  7952 caffe.cpp:314] Batch 188, accuracy1+2 = 1
I0418 08:15:04.812254  7952 caffe.cpp:314] Batch 188, accuracy1+2+3 = 1
I0418 08:15:04.937263  6080 data_layer.cpp:128] Prefetch batch: 125 ms.
I0418 08:15:04.937263  6080 data_layer.cpp:129]      Read time: 78.13 ms.
I0418 08:15:04.937263  6080 data_layer.cpp:130] Transform time: 46.879 ms.
I0418 08:15:05.781041  7952 caffe.cpp:314] Batch 189, accuracy1+2 = 0
I0418 08:15:05.781041  7952 caffe.cpp:314] Batch 189, accuracy1+2+3 = 0
I0418 08:15:05.906049  6080 data_layer.cpp:128] Prefetch batch: 125 ms.
I0418 08:15:05.906049  6080 data_layer.cpp:129]      Read time: 93.755 ms.
I0418 08:15:05.906049  6080 data_layer.cpp:130] Transform time: 31.253 ms.
I0418 08:15:06.749832  7952 caffe.cpp:314] Batch 190, accuracy1+2 = 0
I0418 08:15:06.749832  7952 caffe.cpp:314] Batch 190, accuracy1+2+3 = 0
I0418 08:15:06.859215  6080 data_layer.cpp:128] Prefetch batch: 109 ms.
I0418 08:15:06.859215  6080 data_layer.cpp:129]      Read time: 0 ms.
I0418 08:15:06.859215  6080 data_layer.cpp:130] Transform time: 109.382 ms.
I0418 08:15:07.734248  7952 caffe.cpp:314] Batch 191, accuracy1+2 = 0
I0418 08:15:07.734248  7952 caffe.cpp:314] Batch 191, accuracy1+2+3 = 0
I0418 08:15:07.859249  6080 data_layer.cpp:128] Prefetch batch: 125 ms.
I0418 08:15:07.859249  6080 data_layer.cpp:129]      Read time: 78.128 ms.
I0418 08:15:07.859249  6080 data_layer.cpp:130] Transform time: 46.873 ms.
I0418 08:15:08.703037  7952 caffe.cpp:314] Batch 192, accuracy1+2 = 0
I0418 08:15:08.703037  7952 caffe.cpp:314] Batch 192, accuracy1+2+3 = 0
I0418 08:15:08.828037  6080 data_layer.cpp:128] Prefetch batch: 125 ms.
I0418 08:15:08.828037  6080 data_layer.cpp:129]      Read time: 93.75 ms.
I0418 08:15:08.828037  6080 data_layer.cpp:130] Transform time: 31.25 ms.
I0418 08:15:09.671818  7952 caffe.cpp:314] Batch 193, accuracy1+2 = 0
I0418 08:15:09.671818  7952 caffe.cpp:314] Batch 193, accuracy1+2+3 = 0
I0418 08:15:09.796828  6080 data_layer.cpp:128] Prefetch batch: 125 ms.
I0418 08:15:09.796828  6080 data_layer.cpp:129]      Read time: 93.76 ms.
I0418 08:15:09.796828  6080 data_layer.cpp:130] Transform time: 31.249 ms.
I0418 08:15:10.656236  7952 caffe.cpp:314] Batch 194, accuracy1+2 = 1
I0418 08:15:10.656236  7952 caffe.cpp:314] Batch 194, accuracy1+2+3 = 0
I0418 08:15:10.749987  6080 data_layer.cpp:128] Prefetch batch: 93 ms.
I0418 08:15:10.749987  6080 data_layer.cpp:129]      Read time: 0 ms.
I0418 08:15:10.749987  6080 data_layer.cpp:130] Transform time: 93.751 ms.
I0418 08:15:11.625025  7952 caffe.cpp:314] Batch 195, accuracy1+2 = 1
I0418 08:15:11.625025  7952 caffe.cpp:314] Batch 195, accuracy1+2+3 = 1
I0418 08:15:11.750030  6080 data_layer.cpp:128] Prefetch batch: 125 ms.
I0418 08:15:11.750030  6080 data_layer.cpp:129]      Read time: 93.752 ms.
I0418 08:15:11.750030  6080 data_layer.cpp:130] Transform time: 31.252 ms.
I0418 08:15:12.593813  7952 caffe.cpp:314] Batch 196, accuracy1+2 = 1
I0418 08:15:12.593813  7952 caffe.cpp:314] Batch 196, accuracy1+2+3 = 1
I0418 08:15:12.718818  6080 data_layer.cpp:128] Prefetch batch: 125 ms.
I0418 08:15:12.718818  6080 data_layer.cpp:129]      Read time: 93.755 ms.
I0418 08:15:12.734439  6080 data_layer.cpp:130] Transform time: 31.25 ms.
I0418 08:15:13.578230  7952 caffe.cpp:314] Batch 197, accuracy1+2 = 1
I0418 08:15:13.578230  7952 caffe.cpp:314] Batch 197, accuracy1+2+3 = 1
I0418 08:15:13.703233  6080 data_layer.cpp:128] Prefetch batch: 125 ms.
I0418 08:15:13.703233  6080 data_layer.cpp:129]      Read time: 93.746 ms.
I0418 08:15:13.703233  6080 data_layer.cpp:130] Transform time: 31.257 ms.
I0418 08:15:14.547016  7952 caffe.cpp:314] Batch 198, accuracy1+2 = 0
I0418 08:15:14.547016  7952 caffe.cpp:314] Batch 198, accuracy1+2+3 = 0
I0418 08:15:14.672021  6080 data_layer.cpp:128] Prefetch batch: 125 ms.
I0418 08:15:14.672021  6080 data_layer.cpp:129]      Read time: 93.748 ms.
I0418 08:15:14.672021  6080 data_layer.cpp:130] Transform time: 31.257 ms.
I0418 08:15:15.531427  7952 caffe.cpp:314] Batch 199, accuracy1+2 = 1
I0418 08:15:15.531427  7952 caffe.cpp:314] Batch 199, accuracy1+2+3 = 1
I0418 08:15:15.625185  6080 data_layer.cpp:128] Prefetch batch: 93 ms.
I0418 08:15:15.625185  6080 data_layer.cpp:129]      Read time: 0 ms.
I0418 08:15:15.625185  6080 data_layer.cpp:130] Transform time: 93.758 ms.
I0418 08:15:16.500213  7952 caffe.cpp:314] Batch 200, accuracy1+2 = 1
I0418 08:15:16.500213  7952 caffe.cpp:314] Batch 200, accuracy1+2+3 = 1
I0418 08:15:16.625222  6080 data_layer.cpp:128] Prefetch batch: 125 ms.
I0418 08:15:16.625222  6080 data_layer.cpp:129]      Read time: 93.757 ms.
I0418 08:15:16.625222  6080 data_layer.cpp:130] Transform time: 31.252 ms.
I0418 08:15:17.469003  7952 caffe.cpp:314] Batch 201, accuracy1+2 = 0
I0418 08:15:17.469003  7952 caffe.cpp:314] Batch 201, accuracy1+2+3 = 0
I0418 08:15:17.594007  6080 data_layer.cpp:128] Prefetch batch: 125 ms.
I0418 08:15:17.594007  6080 data_layer.cpp:129]      Read time: 93.752 ms.
I0418 08:15:17.594007  6080 data_layer.cpp:130] Transform time: 31.251 ms.
I0418 08:15:18.453420  7952 caffe.cpp:314] Batch 202, accuracy1+2 = 1
I0418 08:15:18.453420  7952 caffe.cpp:314] Batch 202, accuracy1+2+3 = 1
I0418 08:15:18.578423  6080 data_layer.cpp:128] Prefetch batch: 125 ms.
I0418 08:15:18.578423  6080 data_layer.cpp:129]      Read time: 78.129 ms.
I0418 08:15:18.578423  6080 data_layer.cpp:130] Transform time: 46.874 ms.
I0418 08:15:19.422201  7952 caffe.cpp:314] Batch 203, accuracy1+2 = 1
I0418 08:15:19.422201  7952 caffe.cpp:314] Batch 203, accuracy1+2+3 = 1
I0418 08:15:19.531586  6080 data_layer.cpp:128] Prefetch batch: 109 ms.
I0418 08:15:19.531586  6080 data_layer.cpp:129]      Read time: 0 ms.
I0418 08:15:19.531586  6080 data_layer.cpp:130] Transform time: 109.385 ms.
I0418 08:15:20.390993  7952 caffe.cpp:314] Batch 204, accuracy1+2 = 1
I0418 08:15:20.390993  7952 caffe.cpp:314] Batch 204, accuracy1+2+3 = 1
I0418 08:15:20.516005  6080 data_layer.cpp:128] Prefetch batch: 125 ms.
I0418 08:15:20.516005  6080 data_layer.cpp:129]      Read time: 93.756 ms.
I0418 08:15:20.516005  6080 data_layer.cpp:130] Transform time: 31.255 ms.
I0418 08:15:21.375411  7952 caffe.cpp:314] Batch 205, accuracy1+2 = 1
I0418 08:15:21.375411  7952 caffe.cpp:314] Batch 205, accuracy1+2+3 = 1
I0418 08:15:21.500413  6080 data_layer.cpp:128] Prefetch batch: 125 ms.
I0418 08:15:21.500413  6080 data_layer.cpp:129]      Read time: 78.126 ms.
I0418 08:15:21.500413  6080 data_layer.cpp:130] Transform time: 46.877 ms.
I0418 08:15:22.344198  7952 caffe.cpp:314] Batch 206, accuracy1+2 = 1
I0418 08:15:22.344198  7952 caffe.cpp:314] Batch 206, accuracy1+2+3 = 1
I0418 08:15:22.469202  6080 data_layer.cpp:128] Prefetch batch: 125 ms.
I0418 08:15:22.469202  6080 data_layer.cpp:129]      Read time: 93.752 ms.
I0418 08:15:22.469202  6080 data_layer.cpp:130] Transform time: 31.252 ms.
I0418 08:15:23.312983  7952 caffe.cpp:314] Batch 207, accuracy1+2 = 0
I0418 08:15:23.312983  7952 caffe.cpp:314] Batch 207, accuracy1+2+3 = 0
I0418 08:15:23.437984  6080 data_layer.cpp:128] Prefetch batch: 125 ms.
I0418 08:15:23.437984  6080 data_layer.cpp:129]      Read time: 93.758 ms.
I0418 08:15:23.437984  6080 data_layer.cpp:130] Transform time: 31.244 ms.
I0418 08:15:24.297396  7952 caffe.cpp:314] Batch 208, accuracy1+2 = 0
I0418 08:15:24.297396  7952 caffe.cpp:314] Batch 208, accuracy1+2+3 = 0
I0418 08:15:24.391150  6080 data_layer.cpp:128] Prefetch batch: 93 ms.
I0418 08:15:24.391150  6080 data_layer.cpp:129]      Read time: 0 ms.
I0418 08:15:24.391150  6080 data_layer.cpp:130] Transform time: 93.754 ms.
I0418 08:15:25.266186  7952 caffe.cpp:314] Batch 209, accuracy1+2 = 1
I0418 08:15:25.266186  7952 caffe.cpp:314] Batch 209, accuracy1+2+3 = 1
I0418 08:15:25.391187  6080 data_layer.cpp:128] Prefetch batch: 125 ms.
I0418 08:15:25.391187  6080 data_layer.cpp:129]      Read time: 93.756 ms.
I0418 08:15:25.391187  6080 data_layer.cpp:130] Transform time: 31.245 ms.
I0418 08:15:26.234972  7952 caffe.cpp:314] Batch 210, accuracy1+2 = 1
I0418 08:15:26.234972  7952 caffe.cpp:314] Batch 210, accuracy1+2+3 = 1
I0418 08:15:26.359982  6080 data_layer.cpp:128] Prefetch batch: 125 ms.
I0418 08:15:26.359982  6080 data_layer.cpp:129]      Read time: 93.754 ms.
I0418 08:15:26.359982  6080 data_layer.cpp:130] Transform time: 31.255 ms.
I0418 08:15:27.203763  7952 caffe.cpp:314] Batch 211, accuracy1+2 = 1
I0418 08:15:27.203763  7952 caffe.cpp:314] Batch 211, accuracy1+2+3 = 1
I0418 08:15:27.313143  6080 data_layer.cpp:128] Prefetch batch: 109 ms.
I0418 08:15:27.313143  6080 data_layer.cpp:129]      Read time: 0 ms.
I0418 08:15:27.313143  6080 data_layer.cpp:130] Transform time: 109.379 ms.
I0418 08:15:28.172549  7952 caffe.cpp:314] Batch 212, accuracy1+2 = 1
I0418 08:15:28.172549  7952 caffe.cpp:314] Batch 212, accuracy1+2+3 = 1
I0418 08:15:28.297554  6080 data_layer.cpp:128] Prefetch batch: 125 ms.
I0418 08:15:28.297554  6080 data_layer.cpp:129]      Read time: 93.749 ms.
I0418 08:15:28.297554  6080 data_layer.cpp:130] Transform time: 31.256 ms.
I0418 08:15:29.156962  7952 caffe.cpp:314] Batch 213, accuracy1+2 = 1
I0418 08:15:29.156962  7952 caffe.cpp:314] Batch 213, accuracy1+2+3 = 1
I0418 08:15:29.281965  6080 data_layer.cpp:128] Prefetch batch: 125 ms.
I0418 08:15:29.281965  6080 data_layer.cpp:129]      Read time: 78.128 ms.
I0418 08:15:29.281965  6080 data_layer.cpp:130] Transform time: 46.875 ms.
I0418 08:15:30.125746  7952 caffe.cpp:314] Batch 214, accuracy1+2 = 1
I0418 08:15:30.125746  7952 caffe.cpp:314] Batch 214, accuracy1+2+3 = 1
I0418 08:15:30.250757  6080 data_layer.cpp:128] Prefetch batch: 125 ms.
I0418 08:15:30.250757  6080 data_layer.cpp:129]      Read time: 93.753 ms.
I0418 08:15:30.250757  6080 data_layer.cpp:130] Transform time: 31.258 ms.
I0418 08:15:31.094537  7952 caffe.cpp:314] Batch 215, accuracy1+2 = 1
I0418 08:15:31.094537  7952 caffe.cpp:314] Batch 215, accuracy1+2+3 = 1
I0418 08:15:31.219547  6080 data_layer.cpp:128] Prefetch batch: 125 ms.
I0418 08:15:31.219547  6080 data_layer.cpp:129]      Read time: 93.751 ms.
I0418 08:15:31.219547  6080 data_layer.cpp:130] Transform time: 31.258 ms.
I0418 08:15:32.078954  7952 caffe.cpp:314] Batch 216, accuracy1+2 = 1
I0418 08:15:32.078954  7952 caffe.cpp:314] Batch 216, accuracy1+2+3 = 1
I0418 08:15:32.203959  6080 data_layer.cpp:128] Prefetch batch: 125 ms.
I0418 08:15:32.203959  6080 data_layer.cpp:129]      Read time: 78.13 ms.
I0418 08:15:32.203959  6080 data_layer.cpp:130] Transform time: 46.875 ms.
I0418 08:15:33.047744  7952 caffe.cpp:314] Batch 217, accuracy1+2 = 1
I0418 08:15:33.047744  7952 caffe.cpp:314] Batch 217, accuracy1+2+3 = 1
I0418 08:15:33.172741  6080 data_layer.cpp:128] Prefetch batch: 124 ms.
I0418 08:15:33.172741  6080 data_layer.cpp:129]      Read time: 93.747 ms.
I0418 08:15:33.172741  6080 data_layer.cpp:130] Transform time: 31.251 ms.
I0418 08:15:34.016531  7952 caffe.cpp:314] Batch 218, accuracy1+2 = 1
I0418 08:15:34.016531  7952 caffe.cpp:314] Batch 218, accuracy1+2+3 = 1
I0418 08:15:34.125910  6080 data_layer.cpp:128] Prefetch batch: 109 ms.
I0418 08:15:34.125910  6080 data_layer.cpp:129]      Read time: 0 ms.
I0418 08:15:34.125910  6080 data_layer.cpp:130] Transform time: 109.378 ms.
I0418 08:15:34.985317  7952 caffe.cpp:314] Batch 219, accuracy1+2 = 1
I0418 08:15:34.985317  7952 caffe.cpp:314] Batch 219, accuracy1+2+3 = 1
I0418 08:15:35.125946  6080 data_layer.cpp:128] Prefetch batch: 140 ms.
I0418 08:15:35.125946  6080 data_layer.cpp:129]      Read time: 93.756 ms.
I0418 08:15:35.125946  6080 data_layer.cpp:130] Transform time: 46.873 ms.
I0418 08:15:35.969733  7952 caffe.cpp:314] Batch 220, accuracy1+2 = 0
I0418 08:15:35.969733  7952 caffe.cpp:314] Batch 220, accuracy1+2+3 = 0
I0418 08:15:36.094732  6080 data_layer.cpp:128] Prefetch batch: 124 ms.
I0418 08:15:36.094732  6080 data_layer.cpp:129]      Read time: 93.747 ms.
I0418 08:15:36.094732  6080 data_layer.cpp:130] Transform time: 31.251 ms.
I0418 08:15:36.954139  7952 caffe.cpp:314] Batch 221, accuracy1+2 = 1
I0418 08:15:36.954139  7952 caffe.cpp:314] Batch 221, accuracy1+2+3 = 1
I0418 08:15:37.079146  6080 data_layer.cpp:128] Prefetch batch: 125 ms.
I0418 08:15:37.079146  6080 data_layer.cpp:129]      Read time: 78.131 ms.
I0418 08:15:37.079146  6080 data_layer.cpp:130] Transform time: 46.876 ms.
I0418 08:15:37.922930  7952 caffe.cpp:314] Batch 222, accuracy1+2 = 1
I0418 08:15:37.922930  7952 caffe.cpp:314] Batch 222, accuracy1+2+3 = 1
I0418 08:15:38.047935  6080 data_layer.cpp:128] Prefetch batch: 125 ms.
I0418 08:15:38.047935  6080 data_layer.cpp:129]      Read time: 93.754 ms.
I0418 08:15:38.047935  6080 data_layer.cpp:130] Transform time: 31.25 ms.
I0418 08:15:38.907341  7952 caffe.cpp:314] Batch 223, accuracy1+2 = 1
I0418 08:15:38.907341  7952 caffe.cpp:314] Batch 223, accuracy1+2+3 = 1
I0418 08:15:39.001101  6080 data_layer.cpp:128] Prefetch batch: 93 ms.
I0418 08:15:39.001101  6080 data_layer.cpp:129]      Read time: 0 ms.
I0418 08:15:39.001101  6080 data_layer.cpp:130] Transform time: 93.76 ms.
I0418 08:15:39.907373  7952 caffe.cpp:314] Batch 224, accuracy1+2 = 1
I0418 08:15:39.907373  7952 caffe.cpp:314] Batch 224, accuracy1+2+3 = 1
I0418 08:15:40.048017  6080 data_layer.cpp:128] Prefetch batch: 140 ms.
I0418 08:15:40.048017  6080 data_layer.cpp:129]      Read time: 93.765 ms.
I0418 08:15:40.048017  6080 data_layer.cpp:130] Transform time: 46.879 ms.
I0418 08:15:40.923050  7952 caffe.cpp:314] Batch 225, accuracy1+2 = 1
I0418 08:15:40.923050  7952 caffe.cpp:314] Batch 225, accuracy1+2+3 = 1
I0418 08:15:41.048053  6080 data_layer.cpp:128] Prefetch batch: 125 ms.
I0418 08:15:41.048053  6080 data_layer.cpp:129]      Read time: 93.755 ms.
I0418 08:15:41.048053  6080 data_layer.cpp:130] Transform time: 31.248 ms.
I0418 08:15:41.891839  7952 caffe.cpp:314] Batch 226, accuracy1+2 = 1
I0418 08:15:41.891839  7952 caffe.cpp:314] Batch 226, accuracy1+2+3 = 1
I0418 08:15:42.016839  6080 data_layer.cpp:128] Prefetch batch: 125 ms.
I0418 08:15:42.016839  6080 data_layer.cpp:129]      Read time: 93.753 ms.
I0418 08:15:42.016839  6080 data_layer.cpp:130] Transform time: 31.248 ms.
I0418 08:15:42.876246  7952 caffe.cpp:314] Batch 227, accuracy1+2 = 1
I0418 08:15:42.876246  7952 caffe.cpp:314] Batch 227, accuracy1+2+3 = 1
I0418 08:15:43.001255  6080 data_layer.cpp:128] Prefetch batch: 125 ms.
I0418 08:15:43.001255  6080 data_layer.cpp:129]      Read time: 78.134 ms.
I0418 08:15:43.001255  6080 data_layer.cpp:130] Transform time: 46.875 ms.
I0418 08:15:43.845034  7952 caffe.cpp:314] Batch 228, accuracy1+2 = 1
I0418 08:15:43.845034  7952 caffe.cpp:314] Batch 228, accuracy1+2+3 = 1
I0418 08:15:43.954417  6080 data_layer.cpp:128] Prefetch batch: 109 ms.
I0418 08:15:43.954417  6080 data_layer.cpp:129]      Read time: 0 ms.
I0418 08:15:43.954417  6080 data_layer.cpp:130] Transform time: 109.383 ms.
I0418 08:15:44.813827  7952 caffe.cpp:314] Batch 229, accuracy1+2 = 1
I0418 08:15:44.829455  7952 caffe.cpp:314] Batch 229, accuracy1+2+3 = 1
I0418 08:15:44.954457  6080 data_layer.cpp:128] Prefetch batch: 125 ms.
I0418 08:15:44.954457  6080 data_layer.cpp:129]      Read time: 78.123 ms.
I0418 08:15:44.954457  6080 data_layer.cpp:130] Transform time: 46.878 ms.
I0418 08:15:45.798238  7952 caffe.cpp:314] Batch 230, accuracy1+2 = 1
I0418 08:15:45.798238  7952 caffe.cpp:314] Batch 230, accuracy1+2+3 = 1
I0418 08:15:45.923245  6080 data_layer.cpp:128] Prefetch batch: 125 ms.
I0418 08:15:45.923245  6080 data_layer.cpp:129]      Read time: 93.754 ms.
I0418 08:15:45.923245  6080 data_layer.cpp:130] Transform time: 31.253 ms.
I0418 08:15:46.767026  7952 caffe.cpp:314] Batch 231, accuracy1+2 = 1
I0418 08:15:46.767026  7952 caffe.cpp:314] Batch 231, accuracy1+2+3 = 1
I0418 08:15:46.892030  6080 data_layer.cpp:128] Prefetch batch: 125 ms.
I0418 08:15:46.892030  6080 data_layer.cpp:129]      Read time: 93.752 ms.
I0418 08:15:46.892030  6080 data_layer.cpp:130] Transform time: 31.252 ms.
I0418 08:15:47.751441  7952 caffe.cpp:314] Batch 232, accuracy1+2 = 1
I0418 08:15:47.751441  7952 caffe.cpp:314] Batch 232, accuracy1+2+3 = 1
I0418 08:15:47.845193  6080 data_layer.cpp:128] Prefetch batch: 93 ms.
I0418 08:15:47.845193  6080 data_layer.cpp:129]      Read time: 0 ms.
I0418 08:15:47.845193  6080 data_layer.cpp:130] Transform time: 93.752 ms.
I0418 08:15:48.720227  7952 caffe.cpp:314] Batch 233, accuracy1+2 = 1
I0418 08:15:48.720227  7952 caffe.cpp:314] Batch 233, accuracy1+2+3 = 1
I0418 08:15:48.845237  6080 data_layer.cpp:128] Prefetch batch: 125 ms.
I0418 08:15:48.845237  6080 data_layer.cpp:129]      Read time: 93.746 ms.
I0418 08:15:48.845237  6080 data_layer.cpp:130] Transform time: 31.263 ms.
I0418 08:15:49.689018  7952 caffe.cpp:314] Batch 234, accuracy1+2 = 1
I0418 08:15:49.689018  7952 caffe.cpp:314] Batch 234, accuracy1+2+3 = 1
I0418 08:15:49.814018  6080 data_layer.cpp:128] Prefetch batch: 125 ms.
I0418 08:15:49.814018  6080 data_layer.cpp:129]      Read time: 93.758 ms.
I0418 08:15:49.814018  6080 data_layer.cpp:130] Transform time: 31.243 ms.
I0418 08:15:50.657804  7952 caffe.cpp:314] Batch 235, accuracy1+2 = 1
I0418 08:15:50.657804  7952 caffe.cpp:314] Batch 235, accuracy1+2+3 = 1
I0418 08:15:50.782814  6080 data_layer.cpp:128] Prefetch batch: 125 ms.
I0418 08:15:50.782814  6080 data_layer.cpp:129]      Read time: 93.753 ms.
I0418 08:15:50.782814  6080 data_layer.cpp:130] Transform time: 31.256 ms.
I0418 08:15:51.642215  7952 caffe.cpp:314] Batch 236, accuracy1+2 = 1
I0418 08:15:51.642215  7952 caffe.cpp:314] Batch 236, accuracy1+2+3 = 1
I0418 08:15:51.767227  6080 data_layer.cpp:128] Prefetch batch: 125 ms.
I0418 08:15:51.767227  6080 data_layer.cpp:129]      Read time: 93.758 ms.
I0418 08:15:51.767227  6080 data_layer.cpp:130] Transform time: 31.254 ms.
I0418 08:15:52.611008  7952 caffe.cpp:314] Batch 237, accuracy1+2 = 1
I0418 08:15:52.611008  7952 caffe.cpp:314] Batch 237, accuracy1+2+3 = 1
I0418 08:15:52.736009  6080 data_layer.cpp:128] Prefetch batch: 125 ms.
I0418 08:15:52.736009  6080 data_layer.cpp:129]      Read time: 93.752 ms.
I0418 08:15:52.736009  6080 data_layer.cpp:130] Transform time: 31.249 ms.
I0418 08:15:53.579795  7952 caffe.cpp:314] Batch 238, accuracy1+2 = 1
I0418 08:15:53.579795  7952 caffe.cpp:314] Batch 238, accuracy1+2+3 = 1
I0418 08:15:53.689172  6080 data_layer.cpp:128] Prefetch batch: 109 ms.
I0418 08:15:53.689172  6080 data_layer.cpp:129]      Read time: 0 ms.
I0418 08:15:53.689172  6080 data_layer.cpp:130] Transform time: 109.376 ms.
I0418 08:15:54.548584  7952 caffe.cpp:314] Batch 239, accuracy1+2 = 1
I0418 08:15:54.548584  7952 caffe.cpp:314] Batch 239, accuracy1+2+3 = 1
I0418 08:15:54.673588  6080 data_layer.cpp:128] Prefetch batch: 125 ms.
I0418 08:15:54.673588  6080 data_layer.cpp:129]      Read time: 93.755 ms.
I0418 08:15:54.673588  6080 data_layer.cpp:130] Transform time: 31.248 ms.
I0418 08:15:55.532999  7952 caffe.cpp:314] Batch 240, accuracy1+2 = 1
I0418 08:15:55.532999  7952 caffe.cpp:314] Batch 240, accuracy1+2+3 = 1
I0418 08:15:55.658006  6080 data_layer.cpp:128] Prefetch batch: 125 ms.
I0418 08:15:55.658006  6080 data_layer.cpp:129]      Read time: 78.128 ms.
I0418 08:15:55.658006  6080 data_layer.cpp:130] Transform time: 46.879 ms.
I0418 08:15:56.501788  7952 caffe.cpp:314] Batch 241, accuracy1+2 = 1
I0418 08:15:56.501788  7952 caffe.cpp:314] Batch 241, accuracy1+2+3 = 1
I0418 08:15:56.626786  6080 data_layer.cpp:128] Prefetch batch: 124 ms.
I0418 08:15:56.626786  6080 data_layer.cpp:129]      Read time: 93.754 ms.
I0418 08:15:56.626786  6080 data_layer.cpp:130] Transform time: 31.244 ms.
I0418 08:15:57.470577  7952 caffe.cpp:314] Batch 242, accuracy1+2 = 1
I0418 08:15:57.470577  7952 caffe.cpp:314] Batch 242, accuracy1+2+3 = 1
I0418 08:15:57.579954  6080 data_layer.cpp:128] Prefetch batch: 109 ms.
I0418 08:15:57.579954  6080 data_layer.cpp:129]      Read time: 0 ms.
I0418 08:15:57.579954  6080 data_layer.cpp:130] Transform time: 109.378 ms.
I0418 08:15:58.439357  7952 caffe.cpp:314] Batch 243, accuracy1+2 = 0
I0418 08:15:58.439357  7952 caffe.cpp:314] Batch 243, accuracy1+2+3 = 0
I0418 08:15:58.564373  6080 data_layer.cpp:128] Prefetch batch: 125 ms.
I0418 08:15:58.564373  6080 data_layer.cpp:129]      Read time: 93.758 ms.
I0418 08:15:58.564373  6080 data_layer.cpp:130] Transform time: 31.258 ms.
I0418 08:15:59.423776  7952 caffe.cpp:314] Batch 244, accuracy1+2 = 1
I0418 08:15:59.423776  7952 caffe.cpp:314] Batch 244, accuracy1+2+3 = 1
I0418 08:15:59.548779  6080 data_layer.cpp:128] Prefetch batch: 125 ms.
I0418 08:15:59.548779  6080 data_layer.cpp:129]      Read time: 78.13 ms.
I0418 08:15:59.548779  6080 data_layer.cpp:130] Transform time: 46.872 ms.
I0418 08:16:00.392568  7952 caffe.cpp:314] Batch 245, accuracy1+2 = 1
I0418 08:16:00.392568  7952 caffe.cpp:314] Batch 245, accuracy1+2+3 = 1
I0418 08:16:00.517566  6080 data_layer.cpp:128] Prefetch batch: 124 ms.
I0418 08:16:00.517566  6080 data_layer.cpp:129]      Read time: 93.744 ms.
I0418 08:16:00.517566  6080 data_layer.cpp:130] Transform time: 31.254 ms.
I0418 08:16:01.361347  7952 caffe.cpp:314] Batch 246, accuracy1+2 = 0
I0418 08:16:01.361347  7952 caffe.cpp:314] Batch 246, accuracy1+2+3 = 0
I0418 08:16:01.486359  6080 data_layer.cpp:128] Prefetch batch: 125 ms.
I0418 08:16:01.486359  6080 data_layer.cpp:129]      Read time: 93.759 ms.
I0418 08:16:01.486359  6080 data_layer.cpp:130] Transform time: 31.253 ms.
I0418 08:16:02.330138  7952 caffe.cpp:314] Batch 247, accuracy1+2 = 0
I0418 08:16:02.330138  7952 caffe.cpp:314] Batch 247, accuracy1+2+3 = 0
I0418 08:16:02.470772  6080 data_layer.cpp:128] Prefetch batch: 125 ms.
I0418 08:16:02.470772  6080 data_layer.cpp:129]      Read time: 78.134 ms.
I0418 08:16:02.470772  6080 data_layer.cpp:130] Transform time: 46.875 ms.
I0418 08:16:03.314548  7952 caffe.cpp:314] Batch 248, accuracy1+2 = 0
I0418 08:16:03.314548  7952 caffe.cpp:314] Batch 248, accuracy1+2+3 = 0
I0418 08:16:03.423930  6080 data_layer.cpp:128] Prefetch batch: 109 ms.
I0418 08:16:03.423930  6080 data_layer.cpp:129]      Read time: 0 ms.
I0418 08:16:03.423930  6080 data_layer.cpp:130] Transform time: 109.382 ms.
I0418 08:16:04.283344  7952 caffe.cpp:314] Batch 249, accuracy1+2 = 1
I0418 08:16:04.283344  7952 caffe.cpp:314] Batch 249, accuracy1+2+3 = 1
I0418 08:16:04.423969  6080 data_layer.cpp:128] Prefetch batch: 140 ms.
I0418 08:16:04.423969  6080 data_layer.cpp:129]      Read time: 93.747 ms.
I0418 08:16:04.423969  6080 data_layer.cpp:130] Transform time: 31.251 ms.
I0418 08:16:05.267757  7952 caffe.cpp:314] Batch 250, accuracy1+2 = 1
I0418 08:16:05.267757  7952 caffe.cpp:314] Batch 250, accuracy1+2+3 = 1
I0418 08:16:05.392758  6080 data_layer.cpp:128] Prefetch batch: 125 ms.
I0418 08:16:05.392758  6080 data_layer.cpp:129]      Read time: 31.244 ms.
I0418 08:16:05.392758  6080 data_layer.cpp:130] Transform time: 93.757 ms.
I0418 08:16:06.236539  7952 caffe.cpp:314] Batch 251, accuracy1+2 = 0
I0418 08:16:06.236539  7952 caffe.cpp:314] Batch 251, accuracy1+2+3 = 0
I0418 08:16:06.377169  6080 data_layer.cpp:128] Prefetch batch: 140 ms.
I0418 08:16:06.377169  6080 data_layer.cpp:129]      Read time: 109.385 ms.
I0418 08:16:06.377169  6080 data_layer.cpp:130] Transform time: 31.245 ms.
I0418 08:16:07.205329  7952 caffe.cpp:314] Batch 252, accuracy1+2 = 1
I0418 08:16:07.205329  7952 caffe.cpp:314] Batch 252, accuracy1+2+3 = 1
I0418 08:16:07.330332  6080 data_layer.cpp:128] Prefetch batch: 125 ms.
I0418 08:16:07.330332  6080 data_layer.cpp:129]      Read time: 31.249 ms.
I0418 08:16:07.330332  6080 data_layer.cpp:130] Transform time: 93.753 ms.
I0418 08:16:08.189741  7952 caffe.cpp:314] Batch 253, accuracy1+2 = 1
I0418 08:16:08.189741  7952 caffe.cpp:314] Batch 253, accuracy1+2+3 = 1
I0418 08:16:08.314748  6080 data_layer.cpp:128] Prefetch batch: 125 ms.
I0418 08:16:08.314748  6080 data_layer.cpp:129]      Read time: 78.131 ms.
I0418 08:16:08.314748  6080 data_layer.cpp:130] Transform time: 46.875 ms.
I0418 08:16:09.158525  7952 caffe.cpp:314] Batch 254, accuracy1+2 = 1
I0418 08:16:09.158525  7952 caffe.cpp:314] Batch 254, accuracy1+2+3 = 1
I0418 08:16:09.283534  6080 data_layer.cpp:128] Prefetch batch: 125 ms.
I0418 08:16:09.283534  6080 data_layer.cpp:129]      Read time: 93.758 ms.
I0418 08:16:09.283534  6080 data_layer.cpp:130] Transform time: 31.25 ms.
I0418 08:16:10.127317  7952 caffe.cpp:314] Batch 255, accuracy1+2 = 1
I0418 08:16:10.127317  7952 caffe.cpp:314] Batch 255, accuracy1+2+3 = 1
I0418 08:16:10.252322  6080 data_layer.cpp:128] Prefetch batch: 125 ms.
I0418 08:16:10.252322  6080 data_layer.cpp:129]      Read time: 93.752 ms.
I0418 08:16:10.252322  6080 data_layer.cpp:130] Transform time: 31.253 ms.
I0418 08:16:11.111722  7952 caffe.cpp:314] Batch 256, accuracy1+2 = 1
I0418 08:16:11.111722  7952 caffe.cpp:314] Batch 256, accuracy1+2+3 = 1
I0418 08:16:11.236727  6080 data_layer.cpp:128] Prefetch batch: 125 ms.
I0418 08:16:11.236727  6080 data_layer.cpp:129]      Read time: 93.754 ms.
I0418 08:16:11.236727  6080 data_layer.cpp:130] Transform time: 31.251 ms.
I0418 08:16:12.111770  7952 caffe.cpp:314] Batch 257, accuracy1+2 = 1
I0418 08:16:12.111770  7952 caffe.cpp:314] Batch 257, accuracy1+2+3 = 1
I0418 08:16:12.205528  6080 data_layer.cpp:128] Prefetch batch: 93 ms.
I0418 08:16:12.205528  6080 data_layer.cpp:129]      Read time: 0 ms.
I0418 08:16:12.205528  6080 data_layer.cpp:130] Transform time: 93.757 ms.
I0418 08:16:13.080560  7952 caffe.cpp:314] Batch 258, accuracy1+2 = 1
I0418 08:16:13.080560  7952 caffe.cpp:314] Batch 258, accuracy1+2+3 = 1
I0418 08:16:13.205567  6080 data_layer.cpp:128] Prefetch batch: 125 ms.
I0418 08:16:13.205567  6080 data_layer.cpp:129]      Read time: 93.757 ms.
I0418 08:16:13.205567  6080 data_layer.cpp:130] Transform time: 31.25 ms.
I0418 08:16:14.049345  7952 caffe.cpp:314] Batch 259, accuracy1+2 = 0
I0418 08:16:14.049345  7952 caffe.cpp:314] Batch 259, accuracy1+2+3 = 0
I0418 08:16:14.189977  6080 data_layer.cpp:128] Prefetch batch: 140 ms.
I0418 08:16:14.189977  6080 data_layer.cpp:129]      Read time: 93.76 ms.
I0418 08:16:14.189977  6080 data_layer.cpp:130] Transform time: 46.873 ms.
I0418 08:16:15.033763  7952 caffe.cpp:314] Batch 260, accuracy1+2 = 0
I0418 08:16:15.033763  7952 caffe.cpp:314] Batch 260, accuracy1+2+3 = 0
I0418 08:16:15.158766  6080 data_layer.cpp:128] Prefetch batch: 125 ms.
I0418 08:16:15.158766  6080 data_layer.cpp:129]      Read time: 93.751 ms.
I0418 08:16:15.158766  6080 data_layer.cpp:130] Transform time: 31.252 ms.
I0418 08:16:16.002549  7952 caffe.cpp:314] Batch 261, accuracy1+2 = 1
I0418 08:16:16.002549  7952 caffe.cpp:314] Batch 261, accuracy1+2+3 = 1
I0418 08:16:16.111932  6080 data_layer.cpp:128] Prefetch batch: 109 ms.
I0418 08:16:16.111932  6080 data_layer.cpp:129]      Read time: 0 ms.
I0418 08:16:16.111932  6080 data_layer.cpp:130] Transform time: 109.382 ms.
I0418 08:16:16.986953  7952 caffe.cpp:314] Batch 262, accuracy1+2 = 0
I0418 08:16:16.986953  7952 caffe.cpp:314] Batch 262, accuracy1+2+3 = 0
I0418 08:16:17.111958  6080 data_layer.cpp:128] Prefetch batch: 125 ms.
I0418 08:16:17.111958  6080 data_layer.cpp:129]      Read time: 93.753 ms.
I0418 08:16:17.111958  6080 data_layer.cpp:130] Transform time: 31.251 ms.
I0418 08:16:18.002617  7952 caffe.cpp:314] Batch 263, accuracy1+2 = 1
I0418 08:16:18.002617  7952 caffe.cpp:314] Batch 263, accuracy1+2+3 = 1
I0418 08:16:18.127635  6080 data_layer.cpp:128] Prefetch batch: 125 ms.
I0418 08:16:18.127635  6080 data_layer.cpp:129]      Read time: 78.138 ms.
I0418 08:16:18.127635  6080 data_layer.cpp:130] Transform time: 46.879 ms.
I0418 08:16:19.002678  7952 caffe.cpp:314] Batch 264, accuracy1+2 = 0
I0418 08:16:19.002678  7952 caffe.cpp:314] Batch 264, accuracy1+2+3 = 0
I0418 08:16:19.127674  6080 data_layer.cpp:128] Prefetch batch: 124 ms.
I0418 08:16:19.127674  6080 data_layer.cpp:129]      Read time: 93.742 ms.
I0418 08:16:19.127674  6080 data_layer.cpp:130] Transform time: 31.254 ms.
I0418 08:16:19.987082  7952 caffe.cpp:314] Batch 265, accuracy1+2 = 1
I0418 08:16:19.987082  7952 caffe.cpp:314] Batch 265, accuracy1+2+3 = 1
I0418 08:16:20.096462  6080 data_layer.cpp:128] Prefetch batch: 109 ms.
I0418 08:16:20.096462  6080 data_layer.cpp:129]      Read time: 0 ms.
I0418 08:16:20.096462  6080 data_layer.cpp:130] Transform time: 109.38 ms.
I0418 08:16:20.955871  7952 caffe.cpp:314] Batch 266, accuracy1+2 = 1
I0418 08:16:20.955871  7952 caffe.cpp:314] Batch 266, accuracy1+2+3 = 1
I0418 08:16:21.080871  6080 data_layer.cpp:128] Prefetch batch: 125 ms.
I0418 08:16:21.080871  6080 data_layer.cpp:129]      Read time: 93.755 ms.
I0418 08:16:21.080871  6080 data_layer.cpp:130] Transform time: 31.245 ms.
I0418 08:16:21.940282  7952 caffe.cpp:314] Batch 267, accuracy1+2 = 0
I0418 08:16:21.940282  7952 caffe.cpp:314] Batch 267, accuracy1+2+3 = 0
I0418 08:16:22.065285  6080 data_layer.cpp:128] Prefetch batch: 125 ms.
I0418 08:16:22.065285  6080 data_layer.cpp:129]      Read time: 93.754 ms.
I0418 08:16:22.065285  6080 data_layer.cpp:130] Transform time: 31.249 ms.
I0418 08:16:22.909067  7952 caffe.cpp:314] Batch 268, accuracy1+2 = 1
I0418 08:16:22.909067  7952 caffe.cpp:314] Batch 268, accuracy1+2+3 = 1
I0418 08:16:23.034080  6080 data_layer.cpp:128] Prefetch batch: 125 ms.
I0418 08:16:23.034080  6080 data_layer.cpp:129]      Read time: 93.767 ms.
I0418 08:16:23.034080  6080 data_layer.cpp:130] Transform time: 31.245 ms.
I0418 08:16:23.877862  7952 caffe.cpp:314] Batch 269, accuracy1+2 = 0
I0418 08:16:23.877862  7952 caffe.cpp:314] Batch 269, accuracy1+2+3 = 0
I0418 08:16:24.002863  6080 data_layer.cpp:128] Prefetch batch: 125 ms.
I0418 08:16:24.002863  6080 data_layer.cpp:129]      Read time: 93.746 ms.
I0418 08:16:24.002863  6080 data_layer.cpp:130] Transform time: 31.255 ms.
I0418 08:16:24.862275  7952 caffe.cpp:314] Batch 270, accuracy1+2 = 1
I0418 08:16:24.862275  7952 caffe.cpp:314] Batch 270, accuracy1+2+3 = 1
I0418 08:16:24.987279  6080 data_layer.cpp:128] Prefetch batch: 125 ms.
I0418 08:16:24.987279  6080 data_layer.cpp:129]      Read time: 78.126 ms.
I0418 08:16:24.987279  6080 data_layer.cpp:130] Transform time: 46.878 ms.
I0418 08:16:25.831049  7952 caffe.cpp:314] Batch 271, accuracy1+2 = 0
I0418 08:16:25.831049  7952 caffe.cpp:314] Batch 271, accuracy1+2+3 = 0
I0418 08:16:25.940436  6080 data_layer.cpp:128] Prefetch batch: 109 ms.
I0418 08:16:25.940436  6080 data_layer.cpp:129]      Read time: 0 ms.
I0418 08:16:25.940436  6080 data_layer.cpp:130] Transform time: 109.387 ms.
I0418 08:16:26.799849  7952 caffe.cpp:314] Batch 272, accuracy1+2 = 1
I0418 08:16:26.799849  7952 caffe.cpp:314] Batch 272, accuracy1+2+3 = 1
I0418 08:16:26.924849  6080 data_layer.cpp:128] Prefetch batch: 125 ms.
I0418 08:16:26.924849  6080 data_layer.cpp:129]      Read time: 93.754 ms.
I0418 08:16:26.924849  6080 data_layer.cpp:130] Transform time: 31.247 ms.
I0418 08:16:27.784271  7952 caffe.cpp:314] Batch 273, accuracy1+2 = 1
I0418 08:16:27.784271  7952 caffe.cpp:314] Batch 273, accuracy1+2+3 = 1
I0418 08:16:27.909263  6080 data_layer.cpp:128] Prefetch batch: 124 ms.
I0418 08:16:27.909263  6080 data_layer.cpp:129]      Read time: 78.122 ms.
I0418 08:16:27.909263  6080 data_layer.cpp:130] Transform time: 46.87 ms.
I0418 08:16:28.753051  7952 caffe.cpp:314] Batch 274, accuracy1+2 = 1
I0418 08:16:28.753051  7952 caffe.cpp:314] Batch 274, accuracy1+2+3 = 1
I0418 08:16:28.878052  6080 data_layer.cpp:128] Prefetch batch: 125 ms.
I0418 08:16:28.878052  6080 data_layer.cpp:129]      Read time: 93.759 ms.
I0418 08:16:28.878052  6080 data_layer.cpp:130] Transform time: 31.243 ms.
I0418 08:16:29.721834  7952 caffe.cpp:314] Batch 275, accuracy1+2 = 1
I0418 08:16:29.721834  7952 caffe.cpp:314] Batch 275, accuracy1+2+3 = 1
I0418 08:16:29.846840  6080 data_layer.cpp:128] Prefetch batch: 125 ms.
I0418 08:16:29.846840  6080 data_layer.cpp:129]      Read time: 93.755 ms.
I0418 08:16:29.846840  6080 data_layer.cpp:130] Transform time: 31.251 ms.
I0418 08:16:30.690629  7952 caffe.cpp:314] Batch 276, accuracy1+2 = 1
I0418 08:16:30.690629  7952 caffe.cpp:314] Batch 276, accuracy1+2+3 = 1
I0418 08:16:30.815631  6080 data_layer.cpp:128] Prefetch batch: 125 ms.
I0418 08:16:30.815631  6080 data_layer.cpp:129]      Read time: 93.753 ms.
I0418 08:16:30.815631  6080 data_layer.cpp:130] Transform time: 31.25 ms.
I0418 08:16:31.675036  7952 caffe.cpp:314] Batch 277, accuracy1+2 = 1
I0418 08:16:31.675036  7952 caffe.cpp:314] Batch 277, accuracy1+2+3 = 1
I0418 08:16:31.800046  6080 data_layer.cpp:128] Prefetch batch: 125 ms.
I0418 08:16:31.800046  6080 data_layer.cpp:129]      Read time: 78.127 ms.
I0418 08:16:31.800046  6080 data_layer.cpp:130] Transform time: 46.883 ms.
I0418 08:16:32.643826  7952 caffe.cpp:314] Batch 278, accuracy1+2 = 1
I0418 08:16:32.643826  7952 caffe.cpp:314] Batch 278, accuracy1+2+3 = 1
I0418 08:16:32.737578  6080 data_layer.cpp:128] Prefetch batch: 93 ms.
I0418 08:16:32.753204  6080 data_layer.cpp:129]      Read time: 0 ms.
I0418 08:16:32.753204  6080 data_layer.cpp:130] Transform time: 93.753 ms.
I0418 08:16:33.612606  7952 caffe.cpp:314] Batch 279, accuracy1+2 = 1
I0418 08:16:33.612606  7952 caffe.cpp:314] Batch 279, accuracy1+2+3 = 1
I0418 08:16:33.737623  6080 data_layer.cpp:128] Prefetch batch: 125 ms.
I0418 08:16:33.737623  6080 data_layer.cpp:129]      Read time: 93.764 ms.
I0418 08:16:33.737623  6080 data_layer.cpp:130] Transform time: 31.254 ms.
I0418 08:16:34.581403  7952 caffe.cpp:314] Batch 280, accuracy1+2 = 1
I0418 08:16:34.581403  7952 caffe.cpp:314] Batch 280, accuracy1+2+3 = 1
I0418 08:16:34.706406  6080 data_layer.cpp:128] Prefetch batch: 125 ms.
I0418 08:16:34.706406  6080 data_layer.cpp:129]      Read time: 93.757 ms.
I0418 08:16:34.706406  6080 data_layer.cpp:130] Transform time: 31.247 ms.
I0418 08:16:35.565820  7952 caffe.cpp:314] Batch 281, accuracy1+2 = 1
I0418 08:16:35.565820  7952 caffe.cpp:314] Batch 281, accuracy1+2+3 = 1
I0418 08:16:35.659571  6080 data_layer.cpp:128] Prefetch batch: 93 ms.
I0418 08:16:35.659571  6080 data_layer.cpp:129]      Read time: 0 ms.
I0418 08:16:35.659571  6080 data_layer.cpp:130] Transform time: 93.751 ms.
I0418 08:16:36.534611  7952 caffe.cpp:314] Batch 282, accuracy1+2 = 1
I0418 08:16:36.534611  7952 caffe.cpp:314] Batch 282, accuracy1+2+3 = 1
I0418 08:16:36.659610  6080 data_layer.cpp:128] Prefetch batch: 124 ms.
I0418 08:16:36.659610  6080 data_layer.cpp:129]      Read time: 93.75 ms.
I0418 08:16:36.659610  6080 data_layer.cpp:130] Transform time: 31.248 ms.
I0418 08:16:37.519023  7952 caffe.cpp:314] Batch 283, accuracy1+2 = 1
I0418 08:16:37.519023  7952 caffe.cpp:314] Batch 283, accuracy1+2+3 = 1
I0418 08:16:37.644026  6080 data_layer.cpp:128] Prefetch batch: 125 ms.
I0418 08:16:37.644026  6080 data_layer.cpp:129]      Read time: 78.12 ms.
I0418 08:16:37.644026  6080 data_layer.cpp:130] Transform time: 46.883 ms.
I0418 08:16:38.487802  7952 caffe.cpp:314] Batch 284, accuracy1+2 = 0
I0418 08:16:38.487802  7952 caffe.cpp:314] Batch 284, accuracy1+2+3 = 0
I0418 08:16:38.612814  6080 data_layer.cpp:128] Prefetch batch: 125 ms.
I0418 08:16:38.612814  6080 data_layer.cpp:129]      Read time: 93.762 ms.
I0418 08:16:38.612814  6080 data_layer.cpp:130] Transform time: 31.25 ms.
I0418 08:16:39.456594  7952 caffe.cpp:314] Batch 285, accuracy1+2 = 1
I0418 08:16:39.456594  7952 caffe.cpp:314] Batch 285, accuracy1+2+3 = 1
I0418 08:16:39.581603  6080 data_layer.cpp:128] Prefetch batch: 125 ms.
I0418 08:16:39.581603  6080 data_layer.cpp:129]      Read time: 93.758 ms.
I0418 08:16:39.581603  6080 data_layer.cpp:130] Transform time: 31.25 ms.
I0418 08:16:40.441011  7952 caffe.cpp:314] Batch 286, accuracy1+2 = 1
I0418 08:16:40.441011  7952 caffe.cpp:314] Batch 286, accuracy1+2+3 = 1
I0418 08:16:40.566009  6080 data_layer.cpp:128] Prefetch batch: 124 ms.
I0418 08:16:40.566009  6080 data_layer.cpp:129]      Read time: 78.123 ms.
I0418 08:16:40.566009  6080 data_layer.cpp:130] Transform time: 46.875 ms.
I0418 08:16:41.409801  7952 caffe.cpp:314] Batch 287, accuracy1+2 = 1
I0418 08:16:41.409801  7952 caffe.cpp:314] Batch 287, accuracy1+2+3 = 1
I0418 08:16:41.519176  6080 data_layer.cpp:128] Prefetch batch: 109 ms.
I0418 08:16:41.519176  6080 data_layer.cpp:129]      Read time: 0 ms.
I0418 08:16:41.519176  6080 data_layer.cpp:130] Transform time: 109.376 ms.
I0418 08:16:42.378587  7952 caffe.cpp:314] Batch 288, accuracy1+2 = 1
I0418 08:16:42.378587  7952 caffe.cpp:314] Batch 288, accuracy1+2+3 = 1
I0418 08:16:42.503593  6080 data_layer.cpp:128] Prefetch batch: 125 ms.
I0418 08:16:42.503593  6080 data_layer.cpp:129]      Read time: 93.749 ms.
I0418 08:16:42.503593  6080 data_layer.cpp:130] Transform time: 31.257 ms.
I0418 08:16:43.363003  7952 caffe.cpp:314] Batch 289, accuracy1+2 = 1
I0418 08:16:43.363003  7952 caffe.cpp:314] Batch 289, accuracy1+2+3 = 1
I0418 08:16:43.488000  6080 data_layer.cpp:128] Prefetch batch: 124 ms.
I0418 08:16:43.488000  6080 data_layer.cpp:129]      Read time: 78.126 ms.
I0418 08:16:43.488000  6080 data_layer.cpp:130] Transform time: 46.872 ms.
I0418 08:16:44.331787  7952 caffe.cpp:314] Batch 290, accuracy1+2 = 1
I0418 08:16:44.331787  7952 caffe.cpp:314] Batch 290, accuracy1+2+3 = 1
I0418 08:16:44.456791  6080 data_layer.cpp:128] Prefetch batch: 125 ms.
I0418 08:16:44.456791  6080 data_layer.cpp:129]      Read time: 93.75 ms.
I0418 08:16:44.456791  6080 data_layer.cpp:130] Transform time: 31.254 ms.
I0418 08:16:45.300576  7952 caffe.cpp:314] Batch 291, accuracy1+2 = 1
I0418 08:16:45.300576  7952 caffe.cpp:314] Batch 291, accuracy1+2+3 = 1
I0418 08:16:45.425576  6080 data_layer.cpp:128] Prefetch batch: 125 ms.
I0418 08:16:45.425576  6080 data_layer.cpp:129]      Read time: 93.747 ms.
I0418 08:16:45.425576  6080 data_layer.cpp:130] Transform time: 31.253 ms.
I0418 08:16:46.284988  7952 caffe.cpp:314] Batch 292, accuracy1+2 = 1
I0418 08:16:46.284988  7952 caffe.cpp:314] Batch 292, accuracy1+2+3 = 1
I0418 08:16:46.378741  6080 data_layer.cpp:128] Prefetch batch: 93 ms.
I0418 08:16:46.378741  6080 data_layer.cpp:129]      Read time: 0 ms.
I0418 08:16:46.378741  6080 data_layer.cpp:130] Transform time: 93.753 ms.
I0418 08:16:47.253777  7952 caffe.cpp:314] Batch 293, accuracy1+2 = 1
I0418 08:16:47.253777  7952 caffe.cpp:314] Batch 293, accuracy1+2+3 = 1
I0418 08:16:47.378782  6080 data_layer.cpp:128] Prefetch batch: 125 ms.
I0418 08:16:47.378782  6080 data_layer.cpp:129]      Read time: 93.755 ms.
I0418 08:16:47.378782  6080 data_layer.cpp:130] Transform time: 31.25 ms.
I0418 08:16:48.222564  7952 caffe.cpp:314] Batch 294, accuracy1+2 = 1
I0418 08:16:48.222564  7952 caffe.cpp:314] Batch 294, accuracy1+2+3 = 1
I0418 08:16:48.347568  6080 data_layer.cpp:128] Prefetch batch: 125 ms.
I0418 08:16:48.347568  6080 data_layer.cpp:129]      Read time: 93.757 ms.
I0418 08:16:48.347568  6080 data_layer.cpp:130] Transform time: 31.246 ms.
I0418 08:16:49.191351  7952 caffe.cpp:314] Batch 295, accuracy1+2 = 1
I0418 08:16:49.191351  7952 caffe.cpp:314] Batch 295, accuracy1+2+3 = 1
I0418 08:16:49.331985  6080 data_layer.cpp:128] Prefetch batch: 140 ms.
I0418 08:16:49.331985  6080 data_layer.cpp:129]      Read time: 93.743 ms.
I0418 08:16:49.331985  6080 data_layer.cpp:130] Transform time: 46.891 ms.
I0418 08:16:50.175761  7952 caffe.cpp:314] Batch 296, accuracy1+2 = 1
I0418 08:16:50.175761  7952 caffe.cpp:314] Batch 296, accuracy1+2+3 = 1
I0418 08:16:50.300772  6080 data_layer.cpp:128] Prefetch batch: 125 ms.
I0418 08:16:50.300772  6080 data_layer.cpp:129]      Read time: 93.757 ms.
I0418 08:16:50.300772  6080 data_layer.cpp:130] Transform time: 31.254 ms.
I0418 08:16:51.144556  7952 caffe.cpp:314] Batch 297, accuracy1+2 = 1
I0418 08:16:51.144556  7952 caffe.cpp:314] Batch 297, accuracy1+2+3 = 1
I0418 08:16:51.253932  6080 data_layer.cpp:128] Prefetch batch: 109 ms.
I0418 08:16:51.253932  6080 data_layer.cpp:129]      Read time: 0 ms.
I0418 08:16:51.253932  6080 data_layer.cpp:130] Transform time: 109.377 ms.
I0418 08:16:52.113337  7952 caffe.cpp:314] Batch 298, accuracy1+2 = 1
I0418 08:16:52.113337  7952 caffe.cpp:314] Batch 298, accuracy1+2+3 = 1
I0418 08:16:52.238349  6080 data_layer.cpp:128] Prefetch batch: 125 ms.
I0418 08:16:52.238349  6080 data_layer.cpp:129]      Read time: 93.759 ms.
I0418 08:16:52.238349  6080 data_layer.cpp:130] Transform time: 31.253 ms.
I0418 08:16:53.082118  7952 caffe.cpp:314] Batch 299, accuracy1+2 = 1
I0418 08:16:53.082118  7952 caffe.cpp:314] Batch 299, accuracy1+2+3 = 1
I0418 08:16:53.222761  6080 data_layer.cpp:128] Prefetch batch: 125 ms.
I0418 08:16:53.222761  6080 data_layer.cpp:129]      Read time: 78.131 ms.
I0418 08:16:53.222761  6080 data_layer.cpp:130] Transform time: 46.881 ms.
I0418 08:16:54.066540  7952 caffe.cpp:314] Batch 300, accuracy1+2 = 0
I0418 08:16:54.066540  7952 caffe.cpp:314] Batch 300, accuracy1+2+3 = 0
I0418 08:16:54.191546  6080 data_layer.cpp:128] Prefetch batch: 125 ms.
I0418 08:16:54.191546  6080 data_layer.cpp:129]      Read time: 93.755 ms.
I0418 08:16:54.191546  6080 data_layer.cpp:130] Transform time: 31.251 ms.
I0418 08:16:55.082196  7952 caffe.cpp:314] Batch 301, accuracy1+2 = 1
I0418 08:16:55.082196  7952 caffe.cpp:314] Batch 301, accuracy1+2+3 = 1
I0418 08:16:55.207202  6080 data_layer.cpp:128] Prefetch batch: 125 ms.
I0418 08:16:55.207202  6080 data_layer.cpp:129]      Read time: 78.129 ms.
I0418 08:16:55.207202  6080 data_layer.cpp:130] Transform time: 46.877 ms.
I0418 08:16:56.082237  7952 caffe.cpp:314] Batch 302, accuracy1+2 = 1
I0418 08:16:56.082237  7952 caffe.cpp:314] Batch 302, accuracy1+2+3 = 1
I0418 08:16:56.191620  6080 data_layer.cpp:128] Prefetch batch: 109 ms.
I0418 08:16:56.191620  6080 data_layer.cpp:129]      Read time: 15.626 ms.
I0418 08:16:56.191620  6080 data_layer.cpp:130] Transform time: 93.758 ms.
I0418 08:16:57.066659  7952 caffe.cpp:314] Batch 303, accuracy1+2 = 0
I0418 08:16:57.066659  7952 caffe.cpp:314] Batch 303, accuracy1+2+3 = 0
I0418 08:16:57.191663  6080 data_layer.cpp:128] Prefetch batch: 125 ms.
I0418 08:16:57.191663  6080 data_layer.cpp:129]      Read time: 93.755 ms.
I0418 08:16:57.191663  6080 data_layer.cpp:130] Transform time: 31.248 ms.
I0418 08:16:58.035446  7952 caffe.cpp:314] Batch 304, accuracy1+2 = 1
I0418 08:16:58.035446  7952 caffe.cpp:314] Batch 304, accuracy1+2+3 = 1
I0418 08:16:58.160455  6080 data_layer.cpp:128] Prefetch batch: 125 ms.
I0418 08:16:58.160455  6080 data_layer.cpp:129]      Read time: 93.757 ms.
I0418 08:16:58.160455  6080 data_layer.cpp:130] Transform time: 31.252 ms.
I0418 08:16:59.019862  7952 caffe.cpp:314] Batch 305, accuracy1+2 = 1
I0418 08:16:59.019862  7952 caffe.cpp:314] Batch 305, accuracy1+2+3 = 1
I0418 08:16:59.144870  6080 data_layer.cpp:128] Prefetch batch: 125 ms.
I0418 08:16:59.144870  6080 data_layer.cpp:129]      Read time: 78.124 ms.
I0418 08:16:59.144870  6080 data_layer.cpp:130] Transform time: 46.883 ms.
I0418 08:16:59.988651  7952 caffe.cpp:314] Batch 306, accuracy1+2 = 1
I0418 08:16:59.988651  7952 caffe.cpp:314] Batch 306, accuracy1+2+3 = 1
I0418 08:17:00.082402  6080 data_layer.cpp:128] Prefetch batch: 93 ms.
I0418 08:17:00.082402  6080 data_layer.cpp:129]      Read time: 0 ms.
I0418 08:17:00.082402  6080 data_layer.cpp:130] Transform time: 93.752 ms.
I0418 08:17:00.957434  7952 caffe.cpp:314] Batch 307, accuracy1+2 = 1
I0418 08:17:00.957434  7952 caffe.cpp:314] Batch 307, accuracy1+2+3 = 1
I0418 08:17:01.082432  6080 data_layer.cpp:128] Prefetch batch: 124 ms.
I0418 08:17:01.082432  6080 data_layer.cpp:129]      Read time: 93.754 ms.
I0418 08:17:01.082432  6080 data_layer.cpp:130] Transform time: 31.244 ms.
I0418 08:17:01.926229  7952 caffe.cpp:314] Batch 308, accuracy1+2 = 1
I0418 08:17:01.926229  7952 caffe.cpp:314] Batch 308, accuracy1+2+3 = 1
I0418 08:17:02.051236  6080 data_layer.cpp:128] Prefetch batch: 125 ms.
I0418 08:17:02.051236  6080 data_layer.cpp:129]      Read time: 93.753 ms.
I0418 08:17:02.051236  6080 data_layer.cpp:130] Transform time: 31.254 ms.
I0418 08:17:02.910643  7952 caffe.cpp:314] Batch 309, accuracy1+2 = 1
I0418 08:17:02.910643  7952 caffe.cpp:314] Batch 309, accuracy1+2+3 = 1
I0418 08:17:03.035642  6080 data_layer.cpp:128] Prefetch batch: 124 ms.
I0418 08:17:03.035642  6080 data_layer.cpp:129]      Read time: 78.125 ms.
I0418 08:17:03.035642  6080 data_layer.cpp:130] Transform time: 46.874 ms.
I0418 08:17:03.879428  7952 caffe.cpp:314] Batch 310, accuracy1+2 = 1
I0418 08:17:03.879428  7952 caffe.cpp:314] Batch 310, accuracy1+2+3 = 1
I0418 08:17:04.004429  6080 data_layer.cpp:128] Prefetch batch: 125 ms.
I0418 08:17:04.004429  6080 data_layer.cpp:129]      Read time: 93.751 ms.
I0418 08:17:04.004429  6080 data_layer.cpp:130] Transform time: 31.25 ms.
I0418 08:17:04.848206  7952 caffe.cpp:314] Batch 311, accuracy1+2 = 1
I0418 08:17:04.848206  7952 caffe.cpp:314] Batch 311, accuracy1+2+3 = 1
I0418 08:17:04.973218  6080 data_layer.cpp:128] Prefetch batch: 125 ms.
I0418 08:17:04.973218  6080 data_layer.cpp:129]      Read time: 93.759 ms.
I0418 08:17:04.973218  6080 data_layer.cpp:130] Transform time: 31.254 ms.
I0418 08:17:05.832631  7952 caffe.cpp:314] Batch 312, accuracy1+2 = 1
I0418 08:17:05.832631  7952 caffe.cpp:314] Batch 312, accuracy1+2+3 = 1
I0418 08:17:05.957634  6080 data_layer.cpp:128] Prefetch batch: 125 ms.
I0418 08:17:05.957634  6080 data_layer.cpp:129]      Read time: 78.125 ms.
I0418 08:17:05.957634  6080 data_layer.cpp:130] Transform time: 46.878 ms.
I0418 08:17:06.801414  7952 caffe.cpp:314] Batch 313, accuracy1+2 = 1
I0418 08:17:06.801414  7952 caffe.cpp:314] Batch 313, accuracy1+2+3 = 1
I0418 08:17:06.910797  6080 data_layer.cpp:128] Prefetch batch: 109 ms.
I0418 08:17:06.910797  6080 data_layer.cpp:129]      Read time: 0 ms.
I0418 08:17:06.910797  6080 data_layer.cpp:130] Transform time: 109.384 ms.
I0418 08:17:07.770205  7952 caffe.cpp:314] Batch 314, accuracy1+2 = 1
I0418 08:17:07.770205  7952 caffe.cpp:314] Batch 314, accuracy1+2+3 = 1
I0418 08:17:07.895212  6080 data_layer.cpp:128] Prefetch batch: 125 ms.
I0418 08:17:07.895212  6080 data_layer.cpp:129]      Read time: 93.754 ms.
I0418 08:17:07.895212  6080 data_layer.cpp:130] Transform time: 31.253 ms.
I0418 08:17:08.738991  7952 caffe.cpp:314] Batch 315, accuracy1+2 = 1
I0418 08:17:08.738991  7952 caffe.cpp:314] Batch 315, accuracy1+2+3 = 1
I0418 08:17:08.863998  6080 data_layer.cpp:128] Prefetch batch: 125 ms.
I0418 08:17:08.863998  6080 data_layer.cpp:129]      Read time: 46.879 ms.
I0418 08:17:08.863998  6080 data_layer.cpp:130] Transform time: 78.128 ms.
I0418 08:17:09.723412  7952 caffe.cpp:314] Batch 316, accuracy1+2 = 1
I0418 08:17:09.723412  7952 caffe.cpp:314] Batch 316, accuracy1+2+3 = 1
I0418 08:17:09.848413  6080 data_layer.cpp:128] Prefetch batch: 125 ms.
I0418 08:17:09.848413  6080 data_layer.cpp:129]      Read time: 62.499 ms.
I0418 08:17:09.848413  6080 data_layer.cpp:130] Transform time: 62.502 ms.
I0418 08:17:10.707823  7952 caffe.cpp:314] Batch 317, accuracy1+2 = 1
I0418 08:17:10.707823  7952 caffe.cpp:314] Batch 317, accuracy1+2+3 = 1
I0418 08:17:10.832823  6080 data_layer.cpp:128] Prefetch batch: 125 ms.
I0418 08:17:10.832823  6080 data_layer.cpp:129]      Read time: 62.496 ms.
I0418 08:17:10.832823  6080 data_layer.cpp:130] Transform time: 62.504 ms.
I0418 08:17:11.676607  7952 caffe.cpp:314] Batch 318, accuracy1+2 = 1
I0418 08:17:11.676607  7952 caffe.cpp:314] Batch 318, accuracy1+2+3 = 1
I0418 08:17:11.801614  6080 data_layer.cpp:128] Prefetch batch: 125 ms.
I0418 08:17:11.801614  6080 data_layer.cpp:129]      Read time: 109.379 ms.
I0418 08:17:11.801614  6080 data_layer.cpp:130] Transform time: 15.627 ms.
I0418 08:17:12.645398  7952 caffe.cpp:314] Batch 319, accuracy1+2 = 1
I0418 08:17:12.645398  7952 caffe.cpp:314] Batch 319, accuracy1+2+3 = 1
I0418 08:17:12.770403  6080 data_layer.cpp:128] Prefetch batch: 125 ms.
I0418 08:17:12.770403  6080 data_layer.cpp:129]      Read time: 93.751 ms.
I0418 08:17:12.770403  6080 data_layer.cpp:130] Transform time: 31.254 ms.
I0418 08:17:13.629812  7952 caffe.cpp:314] Batch 320, accuracy1+2 = 1
I0418 08:17:13.629812  7952 caffe.cpp:314] Batch 320, accuracy1+2+3 = 1
I0418 08:17:13.754813  6080 data_layer.cpp:128] Prefetch batch: 125 ms.
I0418 08:17:13.754813  6080 data_layer.cpp:129]      Read time: 93.752 ms.
I0418 08:17:13.754813  6080 data_layer.cpp:130] Transform time: 31.25 ms.
I0418 08:17:14.598594  7952 caffe.cpp:314] Batch 321, accuracy1+2 = 1
I0418 08:17:14.598594  7952 caffe.cpp:314] Batch 321, accuracy1+2+3 = 1
I0418 08:17:14.707979  6080 data_layer.cpp:128] Prefetch batch: 109 ms.
I0418 08:17:14.707979  6080 data_layer.cpp:129]      Read time: 0 ms.
I0418 08:17:14.707979  6080 data_layer.cpp:130] Transform time: 109.385 ms.
I0418 08:17:15.598640  7952 caffe.cpp:314] Batch 322, accuracy1+2 = 1
I0418 08:17:15.598640  7952 caffe.cpp:314] Batch 322, accuracy1+2+3 = 1
I0418 08:17:15.723639  6080 data_layer.cpp:128] Prefetch batch: 124 ms.
I0418 08:17:15.723639  6080 data_layer.cpp:129]      Read time: 93.754 ms.
I0418 08:17:15.723639  6080 data_layer.cpp:130] Transform time: 31.244 ms.
I0418 08:17:16.583053  7952 caffe.cpp:314] Batch 323, accuracy1+2 = 1
I0418 08:17:16.583053  7952 caffe.cpp:314] Batch 323, accuracy1+2+3 = 1
I0418 08:17:16.723670  6080 data_layer.cpp:128] Prefetch batch: 140 ms.
I0418 08:17:16.723670  6080 data_layer.cpp:129]      Read time: 93.755 ms.
I0418 08:17:16.723670  6080 data_layer.cpp:130] Transform time: 46.862 ms.
I0418 08:17:17.583086  7952 caffe.cpp:314] Batch 324, accuracy1+2 = 1
I0418 08:17:17.583086  7952 caffe.cpp:314] Batch 324, accuracy1+2+3 = 1
I0418 08:17:17.708082  6080 data_layer.cpp:128] Prefetch batch: 124 ms.
I0418 08:17:17.708082  6080 data_layer.cpp:129]      Read time: 78.13 ms.
I0418 08:17:17.708082  6080 data_layer.cpp:130] Transform time: 46.866 ms.
I0418 08:17:18.567502  7952 caffe.cpp:314] Batch 325, accuracy1+2 = 1
I0418 08:17:18.567502  7952 caffe.cpp:314] Batch 325, accuracy1+2+3 = 1
I0418 08:17:18.692507  6080 data_layer.cpp:128] Prefetch batch: 125 ms.
I0418 08:17:18.692507  6080 data_layer.cpp:129]      Read time: 78.134 ms.
I0418 08:17:18.692507  6080 data_layer.cpp:130] Transform time: 46.871 ms.
I0418 08:17:19.551916  7952 caffe.cpp:314] Batch 326, accuracy1+2 = 1
I0418 08:17:19.551916  7952 caffe.cpp:314] Batch 326, accuracy1+2+3 = 1
I0418 08:17:19.645668  6080 data_layer.cpp:128] Prefetch batch: 93 ms.
I0418 08:17:19.645668  6080 data_layer.cpp:129]      Read time: 0 ms.
I0418 08:17:19.645668  6080 data_layer.cpp:130] Transform time: 93.752 ms.
I0418 08:17:20.520709  7952 caffe.cpp:314] Batch 327, accuracy1+2 = 1
I0418 08:17:20.520709  7952 caffe.cpp:314] Batch 327, accuracy1+2+3 = 1
I0418 08:17:20.645714  6080 data_layer.cpp:128] Prefetch batch: 125 ms.
I0418 08:17:20.645714  6080 data_layer.cpp:129]      Read time: 93.752 ms.
I0418 08:17:20.645714  6080 data_layer.cpp:130] Transform time: 31.252 ms.
I0418 08:17:21.505116  7952 caffe.cpp:314] Batch 328, accuracy1+2 = 1
I0418 08:17:21.505116  7952 caffe.cpp:314] Batch 328, accuracy1+2+3 = 1
I0418 08:17:21.630112  6080 data_layer.cpp:128] Prefetch batch: 124 ms.
I0418 08:17:21.630112  6080 data_layer.cpp:129]      Read time: 93.753 ms.
I0418 08:17:21.630112  6080 data_layer.cpp:130] Transform time: 31.243 ms.
I0418 08:17:22.489529  7952 caffe.cpp:314] Batch 329, accuracy1+2 = 1
I0418 08:17:22.489529  7952 caffe.cpp:314] Batch 329, accuracy1+2+3 = 1
I0418 08:17:22.614537  6080 data_layer.cpp:128] Prefetch batch: 125 ms.
I0418 08:17:22.614537  6080 data_layer.cpp:129]      Read time: 93.745 ms.
I0418 08:17:22.614537  6080 data_layer.cpp:130] Transform time: 31.263 ms.
I0418 08:17:23.473945  7952 caffe.cpp:314] Batch 330, accuracy1+2 = 1
I0418 08:17:23.473945  7952 caffe.cpp:314] Batch 330, accuracy1+2+3 = 1
I0418 08:17:23.598945  6080 data_layer.cpp:128] Prefetch batch: 125 ms.
I0418 08:17:23.598945  6080 data_layer.cpp:129]      Read time: 93.756 ms.
I0418 08:17:23.598945  6080 data_layer.cpp:130] Transform time: 31.244 ms.
I0418 08:17:24.458348  7952 caffe.cpp:314] Batch 331, accuracy1+2 = 1
I0418 08:17:24.458348  7952 caffe.cpp:314] Batch 331, accuracy1+2+3 = 1
I0418 08:17:24.567728  6080 data_layer.cpp:128] Prefetch batch: 109 ms.
I0418 08:17:24.567728  6080 data_layer.cpp:129]      Read time: 0 ms.
I0418 08:17:24.567728  6080 data_layer.cpp:130] Transform time: 109.38 ms.
I0418 08:17:25.474020  7952 caffe.cpp:314] Batch 332, accuracy1+2 = 0
I0418 08:17:25.474020  7952 caffe.cpp:314] Batch 332, accuracy1+2+3 = 1
I0418 08:17:25.599030  6080 data_layer.cpp:128] Prefetch batch: 125 ms.
I0418 08:17:25.599030  6080 data_layer.cpp:129]      Read time: 93.763 ms.
I0418 08:17:25.599030  6080 data_layer.cpp:130] Transform time: 31.248 ms.
I0418 08:17:26.442811  7952 caffe.cpp:314] Batch 333, accuracy1+2 = 1
I0418 08:17:26.442811  7952 caffe.cpp:314] Batch 333, accuracy1+2+3 = 1
I0418 08:17:26.567811  6080 data_layer.cpp:128] Prefetch batch: 125 ms.
I0418 08:17:26.567811  6080 data_layer.cpp:129]      Read time: 93.755 ms.
I0418 08:17:26.567811  6080 data_layer.cpp:130] Transform time: 31.245 ms.
I0418 08:17:27.427229  7952 caffe.cpp:314] Batch 334, accuracy1+2 = 1
I0418 08:17:27.427229  7952 caffe.cpp:314] Batch 334, accuracy1+2+3 = 1
I0418 08:17:27.552235  6080 data_layer.cpp:128] Prefetch batch: 125 ms.
I0418 08:17:27.552235  6080 data_layer.cpp:129]      Read time: 78.115 ms.
I0418 08:17:27.552235  6080 data_layer.cpp:130] Transform time: 46.891 ms.
I0418 08:17:28.396015  7952 caffe.cpp:314] Batch 335, accuracy1+2 = 1
I0418 08:17:28.396015  7952 caffe.cpp:314] Batch 335, accuracy1+2+3 = 1
I0418 08:17:28.521020  6080 data_layer.cpp:128] Prefetch batch: 125 ms.
I0418 08:17:28.521020  6080 data_layer.cpp:129]      Read time: 93.749 ms.
I0418 08:17:28.521020  6080 data_layer.cpp:130] Transform time: 31.256 ms.
I0418 08:17:29.364801  7952 caffe.cpp:314] Batch 336, accuracy1+2 = 0
I0418 08:17:29.364801  7952 caffe.cpp:314] Batch 336, accuracy1+2+3 = 0
I0418 08:17:29.474184  6080 data_layer.cpp:128] Prefetch batch: 109 ms.
I0418 08:17:29.474184  6080 data_layer.cpp:129]      Read time: 0 ms.
I0418 08:17:29.474184  6080 data_layer.cpp:130] Transform time: 109.382 ms.
I0418 08:17:30.333586  7952 caffe.cpp:314] Batch 337, accuracy1+2 = 1
I0418 08:17:30.333586  7952 caffe.cpp:314] Batch 337, accuracy1+2+3 = 1
I0418 08:17:30.458595  6080 data_layer.cpp:128] Prefetch batch: 125 ms.
I0418 08:17:30.458595  6080 data_layer.cpp:129]      Read time: 93.756 ms.
I0418 08:17:30.458595  6080 data_layer.cpp:130] Transform time: 31.252 ms.
I0418 08:17:31.317993  7952 caffe.cpp:314] Batch 338, accuracy1+2 = 1
I0418 08:17:31.317993  7952 caffe.cpp:314] Batch 338, accuracy1+2+3 = 1
I0418 08:17:31.442998  6080 data_layer.cpp:128] Prefetch batch: 125 ms.
I0418 08:17:31.442998  6080 data_layer.cpp:129]      Read time: 93.754 ms.
I0418 08:17:31.442998  6080 data_layer.cpp:130] Transform time: 31.251 ms.
I0418 08:17:32.318035  7952 caffe.cpp:314] Batch 339, accuracy1+2 = 1
I0418 08:17:32.318035  7952 caffe.cpp:314] Batch 339, accuracy1+2+3 = 1
I0418 08:17:32.443038  6080 data_layer.cpp:128] Prefetch batch: 125 ms.
I0418 08:17:32.443038  6080 data_layer.cpp:129]      Read time: 93.751 ms.
I0418 08:17:32.443038  6080 data_layer.cpp:130] Transform time: 31.252 ms.
I0418 08:17:33.349335  7952 caffe.cpp:314] Batch 340, accuracy1+2 = 1
I0418 08:17:33.349335  7952 caffe.cpp:314] Batch 340, accuracy1+2+3 = 1
I0418 08:17:33.443084  6080 data_layer.cpp:128] Prefetch batch: 93 ms.
I0418 08:17:33.443084  6080 data_layer.cpp:129]      Read time: 0 ms.
I0418 08:17:33.443084  6080 data_layer.cpp:130] Transform time: 93.749 ms.
I0418 08:17:34.318120  7952 caffe.cpp:314] Batch 341, accuracy1+2 = 1
I0418 08:17:34.318120  7952 caffe.cpp:314] Batch 341, accuracy1+2+3 = 1
I0418 08:17:34.443127  6080 data_layer.cpp:128] Prefetch batch: 125 ms.
I0418 08:17:34.443127  6080 data_layer.cpp:129]      Read time: 93.755 ms.
I0418 08:17:34.443127  6080 data_layer.cpp:130] Transform time: 31.253 ms.
I0418 08:17:35.302538  7952 caffe.cpp:314] Batch 342, accuracy1+2 = 1
I0418 08:17:35.302538  7952 caffe.cpp:314] Batch 342, accuracy1+2+3 = 1
I0418 08:17:35.427539  6080 data_layer.cpp:128] Prefetch batch: 125 ms.
I0418 08:17:35.427539  6080 data_layer.cpp:129]      Read time: 78.125 ms.
I0418 08:17:35.427539  6080 data_layer.cpp:130] Transform time: 46.876 ms.
I0418 08:17:36.271319  7952 caffe.cpp:314] Batch 343, accuracy1+2 = 1
I0418 08:17:36.271319  7952 caffe.cpp:314] Batch 343, accuracy1+2+3 = 1
I0418 08:17:36.396327  6080 data_layer.cpp:128] Prefetch batch: 125 ms.
I0418 08:17:36.396327  6080 data_layer.cpp:129]      Read time: 93.759 ms.
I0418 08:17:36.396327  6080 data_layer.cpp:130] Transform time: 31.248 ms.
I0418 08:17:37.271363  7952 caffe.cpp:314] Batch 344, accuracy1+2 = 1
I0418 08:17:37.271363  7952 caffe.cpp:314] Batch 344, accuracy1+2+3 = 1
I0418 08:17:37.365115  6080 data_layer.cpp:128] Prefetch batch: 93 ms.
I0418 08:17:37.365115  6080 data_layer.cpp:129]      Read time: 0 ms.
I0418 08:17:37.365115  6080 data_layer.cpp:130] Transform time: 93.752 ms.
I0418 08:17:38.240140  7952 caffe.cpp:314] Batch 345, accuracy1+2 = 1
I0418 08:17:38.240140  7952 caffe.cpp:314] Batch 345, accuracy1+2+3 = 1
I0418 08:17:38.380770  6080 data_layer.cpp:128] Prefetch batch: 140 ms.
I0418 08:17:38.380770  6080 data_layer.cpp:129]      Read time: 109.379 ms.
I0418 08:17:38.380770  6080 data_layer.cpp:130] Transform time: 31.251 ms.
I0418 08:17:39.224553  7952 caffe.cpp:314] Batch 346, accuracy1+2 = 1
I0418 08:17:39.224553  7952 caffe.cpp:314] Batch 346, accuracy1+2+3 = 1
I0418 08:17:39.380810  6080 data_layer.cpp:128] Prefetch batch: 156 ms.
I0418 08:17:39.380810  6080 data_layer.cpp:129]      Read time: 125.005 ms.
I0418 08:17:39.380810  6080 data_layer.cpp:130] Transform time: 31.251 ms.
I0418 08:17:40.208967  7952 caffe.cpp:314] Batch 347, accuracy1+2 = 1
I0418 08:17:40.208967  7952 caffe.cpp:314] Batch 347, accuracy1+2+3 = 1
I0418 08:17:40.380849  6080 data_layer.cpp:128] Prefetch batch: 171 ms.
I0418 08:17:40.380849  6080 data_layer.cpp:129]      Read time: 140.63 ms.
I0418 08:17:40.380849  6080 data_layer.cpp:130] Transform time: 31.252 ms.
I0418 08:17:41.193387  7952 caffe.cpp:314] Batch 348, accuracy1+2 = 1
I0418 08:17:41.193387  7952 caffe.cpp:314] Batch 348, accuracy1+2+3 = 1
I0418 08:17:41.287140  6080 data_layer.cpp:128] Prefetch batch: 93 ms.
I0418 08:17:41.287140  6080 data_layer.cpp:129]      Read time: 0 ms.
I0418 08:17:41.287140  6080 data_layer.cpp:130] Transform time: 93.753 ms.
I0418 08:17:42.162180  7952 caffe.cpp:314] Batch 349, accuracy1+2 = 1
I0418 08:17:42.162180  7952 caffe.cpp:314] Batch 349, accuracy1+2+3 = 1
I0418 08:17:42.287180  6080 data_layer.cpp:128] Prefetch batch: 125 ms.
I0418 08:17:42.287180  6080 data_layer.cpp:129]      Read time: 93.752 ms.
I0418 08:17:42.287180  6080 data_layer.cpp:130] Transform time: 31.248 ms.
I0418 08:17:43.146594  7952 caffe.cpp:314] Batch 350, accuracy1+2 = 1
I0418 08:17:43.146594  7952 caffe.cpp:314] Batch 350, accuracy1+2+3 = 1
I0418 08:17:43.271596  6080 data_layer.cpp:128] Prefetch batch: 125 ms.
I0418 08:17:43.271596  6080 data_layer.cpp:129]      Read time: 78.129 ms.
I0418 08:17:43.271596  6080 data_layer.cpp:130] Transform time: 46.874 ms.
I0418 08:17:44.115380  7952 caffe.cpp:314] Batch 351, accuracy1+2 = 1
I0418 08:17:44.115380  7952 caffe.cpp:314] Batch 351, accuracy1+2+3 = 1
I0418 08:17:44.240388  6080 data_layer.cpp:128] Prefetch batch: 125 ms.
I0418 08:17:44.240388  6080 data_layer.cpp:129]      Read time: 93.759 ms.
I0418 08:17:44.240388  6080 data_layer.cpp:130] Transform time: 31.25 ms.
I0418 08:17:45.099797  7952 caffe.cpp:314] Batch 352, accuracy1+2 = 1
I0418 08:17:45.099797  7952 caffe.cpp:314] Batch 352, accuracy1+2+3 = 1
I0418 08:17:45.224800  6080 data_layer.cpp:128] Prefetch batch: 125 ms.
I0418 08:17:45.224800  6080 data_layer.cpp:129]      Read time: 93.754 ms.
I0418 08:17:45.224800  6080 data_layer.cpp:130] Transform time: 31.249 ms.
I0418 08:17:46.084204  7952 caffe.cpp:314] Batch 353, accuracy1+2 = 1
I0418 08:17:46.084204  7952 caffe.cpp:314] Batch 353, accuracy1+2+3 = 1
I0418 08:17:46.209213  6080 data_layer.cpp:128] Prefetch batch: 125 ms.
I0418 08:17:46.209213  6080 data_layer.cpp:129]      Read time: 78.133 ms.
I0418 08:17:46.209213  6080 data_layer.cpp:130] Transform time: 46.876 ms.
I0418 08:17:47.052994  7952 caffe.cpp:314] Batch 354, accuracy1+2 = 1
I0418 08:17:47.052994  7952 caffe.cpp:314] Batch 354, accuracy1+2+3 = 1
I0418 08:17:47.178005  6080 data_layer.cpp:128] Prefetch batch: 125 ms.
I0418 08:17:47.178005  6080 data_layer.cpp:129]      Read time: 93.758 ms.
I0418 08:17:47.178005  6080 data_layer.cpp:130] Transform time: 31.253 ms.
I0418 08:17:48.037412  7952 caffe.cpp:314] Batch 355, accuracy1+2 = 1
I0418 08:17:48.037412  7952 caffe.cpp:314] Batch 355, accuracy1+2+3 = 1
I0418 08:17:48.131160  6080 data_layer.cpp:128] Prefetch batch: 93 ms.
I0418 08:17:48.131160  6080 data_layer.cpp:129]      Read time: 0 ms.
I0418 08:17:48.131160  6080 data_layer.cpp:130] Transform time: 93.747 ms.
I0418 08:17:49.006199  7952 caffe.cpp:314] Batch 356, accuracy1+2 = 1
I0418 08:17:49.006199  7952 caffe.cpp:314] Batch 356, accuracy1+2+3 = 1
I0418 08:17:49.131201  6080 data_layer.cpp:128] Prefetch batch: 125 ms.
I0418 08:17:49.131201  6080 data_layer.cpp:129]      Read time: 93.75 ms.
I0418 08:17:49.131201  6080 data_layer.cpp:130] Transform time: 31.252 ms.
I0418 08:17:49.990610  7952 caffe.cpp:314] Batch 357, accuracy1+2 = 1
I0418 08:17:49.990610  7952 caffe.cpp:314] Batch 357, accuracy1+2+3 = 1
I0418 08:17:50.115624  6080 data_layer.cpp:128] Prefetch batch: 125 ms.
I0418 08:17:50.115624  6080 data_layer.cpp:129]      Read time: 93.756 ms.
I0418 08:17:50.115624  6080 data_layer.cpp:130] Transform time: 31.258 ms.
I0418 08:17:50.959401  7952 caffe.cpp:314] Batch 358, accuracy1+2 = 1
I0418 08:17:50.959401  7952 caffe.cpp:314] Batch 358, accuracy1+2+3 = 1
I0418 08:17:51.084408  6080 data_layer.cpp:128] Prefetch batch: 125 ms.
I0418 08:17:51.084408  6080 data_layer.cpp:129]      Read time: 93.754 ms.
I0418 08:17:51.084408  6080 data_layer.cpp:130] Transform time: 31.252 ms.
I0418 08:17:51.928184  7952 caffe.cpp:314] Batch 359, accuracy1+2 = 1
I0418 08:17:51.928184  7952 caffe.cpp:314] Batch 359, accuracy1+2+3 = 1
I0418 08:17:52.053190  6080 data_layer.cpp:128] Prefetch batch: 125 ms.
I0418 08:17:52.053190  6080 data_layer.cpp:129]      Read time: 93.756 ms.
I0418 08:17:52.053190  6080 data_layer.cpp:130] Transform time: 31.25 ms.
I0418 08:17:52.912605  7952 caffe.cpp:314] Batch 360, accuracy1+2 = 1
I0418 08:17:52.912605  7952 caffe.cpp:314] Batch 360, accuracy1+2+3 = 1
I0418 08:17:53.006345  6080 data_layer.cpp:128] Prefetch batch: 93 ms.
I0418 08:17:53.006345  6080 data_layer.cpp:129]      Read time: 0 ms.
I0418 08:17:53.006345  6080 data_layer.cpp:130] Transform time: 93.74 ms.
I0418 08:17:53.897013  7952 caffe.cpp:314] Batch 361, accuracy1+2 = 1
I0418 08:17:53.897013  7952 caffe.cpp:314] Batch 361, accuracy1+2+3 = 1
I0418 08:17:54.022017  6080 data_layer.cpp:128] Prefetch batch: 125 ms.
I0418 08:17:54.022017  6080 data_layer.cpp:129]      Read time: 78.132 ms.
I0418 08:17:54.022017  6080 data_layer.cpp:130] Transform time: 46.872 ms.
I0418 08:17:54.865808  7952 caffe.cpp:314] Batch 362, accuracy1+2 = 1
I0418 08:17:54.865808  7952 caffe.cpp:314] Batch 362, accuracy1+2+3 = 1
I0418 08:17:54.990803  6080 data_layer.cpp:128] Prefetch batch: 124 ms.
I0418 08:17:54.990803  6080 data_layer.cpp:129]      Read time: 93.747 ms.
I0418 08:17:54.990803  6080 data_layer.cpp:130] Transform time: 31.249 ms.
I0418 08:17:55.850217  7952 caffe.cpp:314] Batch 363, accuracy1+2 = 1
I0418 08:17:55.850217  7952 caffe.cpp:314] Batch 363, accuracy1+2+3 = 1
I0418 08:17:55.975221  6080 data_layer.cpp:128] Prefetch batch: 125 ms.
I0418 08:17:55.975221  6080 data_layer.cpp:129]      Read time: 93.756 ms.
I0418 08:17:55.975221  6080 data_layer.cpp:130] Transform time: 31.248 ms.
I0418 08:17:56.819005  7952 caffe.cpp:314] Batch 364, accuracy1+2 = 1
I0418 08:17:56.819005  7952 caffe.cpp:314] Batch 364, accuracy1+2+3 = 1
I0418 08:17:56.928380  6080 data_layer.cpp:128] Prefetch batch: 109 ms.
I0418 08:17:56.928380  6080 data_layer.cpp:129]      Read time: 0 ms.
I0418 08:17:56.928380  6080 data_layer.cpp:130] Transform time: 109.375 ms.
I0418 08:17:57.803414  7952 caffe.cpp:314] Batch 365, accuracy1+2 = 1
I0418 08:17:57.803414  7952 caffe.cpp:314] Batch 365, accuracy1+2+3 = 1
I0418 08:17:57.928426  6080 data_layer.cpp:128] Prefetch batch: 125 ms.
I0418 08:17:57.928426  6080 data_layer.cpp:129]      Read time: 93.754 ms.
I0418 08:17:57.928426  6080 data_layer.cpp:130] Transform time: 31.257 ms.
I0418 08:17:58.772204  7952 caffe.cpp:314] Batch 366, accuracy1+2 = 1
I0418 08:17:58.772204  7952 caffe.cpp:314] Batch 366, accuracy1+2+3 = 1
I0418 08:17:58.912844  6080 data_layer.cpp:128] Prefetch batch: 140 ms.
I0418 08:17:58.912844  6080 data_layer.cpp:129]      Read time: 93.752 ms.
I0418 08:17:58.912844  6080 data_layer.cpp:130] Transform time: 46.888 ms.
I0418 08:17:59.756616  7952 caffe.cpp:314] Batch 367, accuracy1+2 = 1
I0418 08:17:59.756616  7952 caffe.cpp:314] Batch 367, accuracy1+2+3 = 1
I0418 08:17:59.881625  6080 data_layer.cpp:128] Prefetch batch: 125 ms.
I0418 08:17:59.881625  6080 data_layer.cpp:129]      Read time: 93.755 ms.
I0418 08:17:59.881625  6080 data_layer.cpp:130] Transform time: 31.254 ms.
I0418 08:18:00.725417  7952 caffe.cpp:314] Batch 368, accuracy1+2 = 1
I0418 08:18:00.725417  7952 caffe.cpp:314] Batch 368, accuracy1+2+3 = 1
I0418 08:18:00.850410  6080 data_layer.cpp:128] Prefetch batch: 124 ms.
I0418 08:18:00.850410  6080 data_layer.cpp:129]      Read time: 93.744 ms.
I0418 08:18:00.850410  6080 data_layer.cpp:130] Transform time: 31.249 ms.
I0418 08:18:01.694196  7952 caffe.cpp:314] Batch 369, accuracy1+2 = 1
I0418 08:18:01.694196  7952 caffe.cpp:314] Batch 369, accuracy1+2+3 = 1
I0418 08:18:01.819206  6080 data_layer.cpp:128] Prefetch batch: 125 ms.
I0418 08:18:01.819206  6080 data_layer.cpp:129]      Read time: 93.755 ms.
I0418 08:18:01.819206  6080 data_layer.cpp:130] Transform time: 31.255 ms.
I0418 08:18:02.678611  7952 caffe.cpp:314] Batch 370, accuracy1+2 = 1
I0418 08:18:02.678611  7952 caffe.cpp:314] Batch 370, accuracy1+2+3 = 1
I0418 08:18:02.803611  6080 data_layer.cpp:128] Prefetch batch: 124 ms.
I0418 08:18:02.803611  6080 data_layer.cpp:129]      Read time: 93.749 ms.
I0418 08:18:02.803611  6080 data_layer.cpp:130] Transform time: 31.25 ms.
I0418 08:18:03.647394  7952 caffe.cpp:314] Batch 371, accuracy1+2 = 1
I0418 08:18:03.647394  7952 caffe.cpp:314] Batch 371, accuracy1+2+3 = 1
I0418 08:18:03.772404  6080 data_layer.cpp:128] Prefetch batch: 125 ms.
I0418 08:18:03.772404  6080 data_layer.cpp:129]      Read time: 93.76 ms.
I0418 08:18:03.772404  6080 data_layer.cpp:130] Transform time: 31.25 ms.
I0418 08:18:04.631810  7952 caffe.cpp:314] Batch 372, accuracy1+2 = 1
I0418 08:18:04.631810  7952 caffe.cpp:314] Batch 372, accuracy1+2+3 = 1
I0418 08:18:04.756811  6080 data_layer.cpp:128] Prefetch batch: 125 ms.
I0418 08:18:04.756811  6080 data_layer.cpp:129]      Read time: 78.134 ms.
I0418 08:18:04.756811  6080 data_layer.cpp:130] Transform time: 46.867 ms.
I0418 08:18:05.600600  7952 caffe.cpp:314] Batch 373, accuracy1+2 = 1
I0418 08:18:05.600600  7952 caffe.cpp:314] Batch 373, accuracy1+2+3 = 1
I0418 08:18:05.694352  6080 data_layer.cpp:128] Prefetch batch: 93 ms.
I0418 08:18:05.694352  6080 data_layer.cpp:129]      Read time: 0 ms.
I0418 08:18:05.694352  6080 data_layer.cpp:130] Transform time: 93.753 ms.
I0418 08:18:06.569382  7952 caffe.cpp:314] Batch 374, accuracy1+2 = 1
I0418 08:18:06.569382  7952 caffe.cpp:314] Batch 374, accuracy1+2+3 = 1
I0418 08:18:06.694392  6080 data_layer.cpp:128] Prefetch batch: 125 ms.
I0418 08:18:06.694392  6080 data_layer.cpp:129]      Read time: 93.759 ms.
I0418 08:18:06.694392  6080 data_layer.cpp:130] Transform time: 31.251 ms.
I0418 08:18:07.553799  7952 caffe.cpp:314] Batch 375, accuracy1+2 = 0
I0418 08:18:07.553799  7952 caffe.cpp:314] Batch 375, accuracy1+2+3 = 0
I0418 08:18:07.678807  6080 data_layer.cpp:128] Prefetch batch: 125 ms.
I0418 08:18:07.678807  6080 data_layer.cpp:129]      Read time: 93.757 ms.
I0418 08:18:07.678807  6080 data_layer.cpp:130] Transform time: 31.25 ms.
I0418 08:18:08.538203  7952 caffe.cpp:314] Batch 376, accuracy1+2 = 1
I0418 08:18:08.538203  7952 caffe.cpp:314] Batch 376, accuracy1+2+3 = 1
I0418 08:18:08.663208  6080 data_layer.cpp:128] Prefetch batch: 125 ms.
I0418 08:18:08.663208  6080 data_layer.cpp:129]      Read time: 93.754 ms.
I0418 08:18:08.663208  6080 data_layer.cpp:130] Transform time: 31.251 ms.
I0418 08:18:09.553869  7952 caffe.cpp:314] Batch 377, accuracy1+2 = 1
I0418 08:18:09.553869  7952 caffe.cpp:314] Batch 377, accuracy1+2+3 = 1
I0418 08:18:09.678874  6080 data_layer.cpp:128] Prefetch batch: 125 ms.
I0418 08:18:09.678874  6080 data_layer.cpp:129]      Read time: 78.128 ms.
I0418 08:18:09.678874  6080 data_layer.cpp:130] Transform time: 46.877 ms.
I0418 08:18:10.553916  7952 caffe.cpp:314] Batch 378, accuracy1+2 = 1
I0418 08:18:10.553916  7952 caffe.cpp:314] Batch 378, accuracy1+2+3 = 1
I0418 08:18:10.678918  6080 data_layer.cpp:128] Prefetch batch: 125 ms.
I0418 08:18:10.678918  6080 data_layer.cpp:129]      Read time: 93.753 ms.
I0418 08:18:10.678918  6080 data_layer.cpp:130] Transform time: 31.249 ms.
I0418 08:18:11.522706  7952 caffe.cpp:314] Batch 379, accuracy1+2 = 1
I0418 08:18:11.522706  7952 caffe.cpp:314] Batch 379, accuracy1+2+3 = 1
I0418 08:18:11.632088  6080 data_layer.cpp:128] Prefetch batch: 109 ms.
I0418 08:18:11.632088  6080 data_layer.cpp:129]      Read time: 0 ms.
I0418 08:18:11.632088  6080 data_layer.cpp:130] Transform time: 109.383 ms.
I0418 08:18:12.491490  7952 caffe.cpp:314] Batch 380, accuracy1+2 = 1
I0418 08:18:12.491490  7952 caffe.cpp:314] Batch 380, accuracy1+2+3 = 1
I0418 08:18:12.616499  6080 data_layer.cpp:128] Prefetch batch: 125 ms.
I0418 08:18:12.616499  6080 data_layer.cpp:129]      Read time: 93.76 ms.
I0418 08:18:12.616499  6080 data_layer.cpp:130] Transform time: 31.249 ms.
I0418 08:18:13.475910  7952 caffe.cpp:314] Batch 381, accuracy1+2 = 1
I0418 08:18:13.475910  7952 caffe.cpp:314] Batch 381, accuracy1+2+3 = 1
I0418 08:18:13.600908  6080 data_layer.cpp:128] Prefetch batch: 124 ms.
I0418 08:18:13.600908  6080 data_layer.cpp:129]      Read time: 78.125 ms.
I0418 08:18:13.600908  6080 data_layer.cpp:130] Transform time: 46.873 ms.
I0418 08:18:14.444694  7952 caffe.cpp:314] Batch 382, accuracy1+2 = 1
I0418 08:18:14.444694  7952 caffe.cpp:314] Batch 382, accuracy1+2+3 = 1
I0418 08:18:14.554075  6080 data_layer.cpp:128] Prefetch batch: 109 ms.
I0418 08:18:14.554075  6080 data_layer.cpp:129]      Read time: 0 ms.
I0418 08:18:14.554075  6080 data_layer.cpp:130] Transform time: 109.382 ms.
I0418 08:18:15.429108  7952 caffe.cpp:314] Batch 383, accuracy1+2 = 1
I0418 08:18:15.429108  7952 caffe.cpp:314] Batch 383, accuracy1+2+3 = 1
I0418 08:18:15.554111  6080 data_layer.cpp:128] Prefetch batch: 125 ms.
I0418 08:18:15.554111  6080 data_layer.cpp:129]      Read time: 93.757 ms.
I0418 08:18:15.554111  6080 data_layer.cpp:130] Transform time: 31.245 ms.
I0418 08:18:16.397899  7952 caffe.cpp:314] Batch 384, accuracy1+2 = 1
I0418 08:18:16.397899  7952 caffe.cpp:314] Batch 384, accuracy1+2+3 = 1
I0418 08:18:16.522904  6080 data_layer.cpp:128] Prefetch batch: 125 ms.
I0418 08:18:16.522904  6080 data_layer.cpp:129]      Read time: 78.125 ms.
I0418 08:18:16.522904  6080 data_layer.cpp:130] Transform time: 46.88 ms.
I0418 08:18:17.366683  7952 caffe.cpp:314] Batch 385, accuracy1+2 = 1
I0418 08:18:17.366683  7952 caffe.cpp:314] Batch 385, accuracy1+2+3 = 1
I0418 08:18:17.491693  6080 data_layer.cpp:128] Prefetch batch: 125 ms.
I0418 08:18:17.491693  6080 data_layer.cpp:129]      Read time: 93.759 ms.
I0418 08:18:17.491693  6080 data_layer.cpp:130] Transform time: 31.251 ms.
I0418 08:18:18.351096  7952 caffe.cpp:314] Batch 386, accuracy1+2 = 1
I0418 08:18:18.351096  7952 caffe.cpp:314] Batch 386, accuracy1+2+3 = 1
I0418 08:18:18.476102  6080 data_layer.cpp:128] Prefetch batch: 125 ms.
I0418 08:18:18.476102  6080 data_layer.cpp:129]      Read time: 78.129 ms.
I0418 08:18:18.476102  6080 data_layer.cpp:130] Transform time: 46.877 ms.
I0418 08:18:19.319890  7952 caffe.cpp:314] Batch 387, accuracy1+2 = 1
I0418 08:18:19.319890  7952 caffe.cpp:314] Batch 387, accuracy1+2+3 = 1
I0418 08:18:19.429268  6080 data_layer.cpp:128] Prefetch batch: 109 ms.
I0418 08:18:19.429268  6080 data_layer.cpp:129]      Read time: 0 ms.
I0418 08:18:19.429268  6080 data_layer.cpp:130] Transform time: 109.378 ms.
I0418 08:18:20.288672  7952 caffe.cpp:314] Batch 388, accuracy1+2 = 1
I0418 08:18:20.288672  7952 caffe.cpp:314] Batch 388, accuracy1+2+3 = 1
I0418 08:18:20.413679  6080 data_layer.cpp:128] Prefetch batch: 125 ms.
I0418 08:18:20.413679  6080 data_layer.cpp:129]      Read time: 93.757 ms.
I0418 08:18:20.413679  6080 data_layer.cpp:130] Transform time: 31.25 ms.
I0418 08:18:21.257462  7952 caffe.cpp:314] Batch 389, accuracy1+2 = 1
I0418 08:18:21.257462  7952 caffe.cpp:314] Batch 389, accuracy1+2+3 = 1
I0418 08:18:21.398092  6080 data_layer.cpp:128] Prefetch batch: 140 ms.
I0418 08:18:21.398092  6080 data_layer.cpp:129]      Read time: 93.756 ms.
I0418 08:18:21.398092  6080 data_layer.cpp:130] Transform time: 46.874 ms.
I0418 08:18:22.241873  7952 caffe.cpp:314] Batch 390, accuracy1+2 = 1
I0418 08:18:22.241873  7952 caffe.cpp:314] Batch 390, accuracy1+2+3 = 1
I0418 08:18:22.366883  6080 data_layer.cpp:128] Prefetch batch: 125 ms.
I0418 08:18:22.366883  6080 data_layer.cpp:129]      Read time: 78.134 ms.
I0418 08:18:22.366883  6080 data_layer.cpp:130] Transform time: 46.876 ms.
I0418 08:18:23.210660  7952 caffe.cpp:314] Batch 391, accuracy1+2 = 1
I0418 08:18:23.210660  7952 caffe.cpp:314] Batch 391, accuracy1+2+3 = 1
I0418 08:18:23.320044  6080 data_layer.cpp:128] Prefetch batch: 109 ms.
I0418 08:18:23.320044  6080 data_layer.cpp:129]      Read time: 0 ms.
I0418 08:18:23.320044  6080 data_layer.cpp:130] Transform time: 109.384 ms.
I0418 08:18:24.179448  7952 caffe.cpp:314] Batch 392, accuracy1+2 = 1
I0418 08:18:24.179448  7952 caffe.cpp:314] Batch 392, accuracy1+2+3 = 1
I0418 08:18:24.304460  6080 data_layer.cpp:128] Prefetch batch: 125 ms.
I0418 08:18:24.304460  6080 data_layer.cpp:129]      Read time: 93.76 ms.
I0418 08:18:24.304460  6080 data_layer.cpp:130] Transform time: 31.251 ms.
I0418 08:18:25.163862  7952 caffe.cpp:314] Batch 393, accuracy1+2 = 1
I0418 08:18:25.163862  7952 caffe.cpp:314] Batch 393, accuracy1+2+3 = 1
I0418 08:18:25.288871  6080 data_layer.cpp:128] Prefetch batch: 125 ms.
I0418 08:18:25.288871  6080 data_layer.cpp:129]      Read time: 78.133 ms.
I0418 08:18:25.288871  6080 data_layer.cpp:130] Transform time: 46.875 ms.
I0418 08:18:26.132652  7952 caffe.cpp:314] Batch 394, accuracy1+2 = 1
I0418 08:18:26.132652  7952 caffe.cpp:314] Batch 394, accuracy1+2+3 = 1
I0418 08:18:26.257663  6080 data_layer.cpp:128] Prefetch batch: 125 ms.
I0418 08:18:26.257663  6080 data_layer.cpp:129]      Read time: 93.754 ms.
I0418 08:18:26.257663  6080 data_layer.cpp:130] Transform time: 31.257 ms.
I0418 08:18:27.101438  7952 caffe.cpp:314] Batch 395, accuracy1+2 = 0
I0418 08:18:27.101438  7952 caffe.cpp:314] Batch 395, accuracy1+2+3 = 0
I0418 08:18:27.210824  6080 data_layer.cpp:128] Prefetch batch: 109 ms.
I0418 08:18:27.210824  6080 data_layer.cpp:129]      Read time: 0 ms.
I0418 08:18:27.210824  6080 data_layer.cpp:130] Transform time: 109.385 ms.
I0418 08:18:28.070225  7952 caffe.cpp:314] Batch 396, accuracy1+2 = 1
I0418 08:18:28.070225  7952 caffe.cpp:314] Batch 396, accuracy1+2+3 = 1
I0418 08:18:28.195231  6080 data_layer.cpp:128] Prefetch batch: 125 ms.
I0418 08:18:28.195231  6080 data_layer.cpp:129]      Read time: 93.763 ms.
I0418 08:18:28.195231  6080 data_layer.cpp:130] Transform time: 31.244 ms.
I0418 08:18:29.039019  7952 caffe.cpp:314] Batch 397, accuracy1+2 = 1
I0418 08:18:29.039019  7952 caffe.cpp:314] Batch 397, accuracy1+2+3 = 1
I0418 08:18:29.164021  6080 data_layer.cpp:128] Prefetch batch: 125 ms.
I0418 08:18:29.164021  6080 data_layer.cpp:129]      Read time: 93.748 ms.
I0418 08:18:29.164021  6080 data_layer.cpp:130] Transform time: 31.254 ms.
I0418 08:18:30.023435  7952 caffe.cpp:314] Batch 398, accuracy1+2 = 1
I0418 08:18:30.023435  7952 caffe.cpp:314] Batch 398, accuracy1+2+3 = 1
I0418 08:18:30.148437  6080 data_layer.cpp:128] Prefetch batch: 125 ms.
I0418 08:18:30.148437  6080 data_layer.cpp:129]      Read time: 93.755 ms.
I0418 08:18:30.148437  6080 data_layer.cpp:130] Transform time: 31.247 ms.
I0418 08:18:30.992216  7952 caffe.cpp:314] Batch 399, accuracy1+2 = 1
I0418 08:18:30.992216  7952 caffe.cpp:314] Batch 399, accuracy1+2+3 = 1
I0418 08:18:31.117226  6080 data_layer.cpp:128] Prefetch batch: 125 ms.
I0418 08:18:31.117226  6080 data_layer.cpp:129]      Read time: 93.761 ms.
I0418 08:18:31.117226  6080 data_layer.cpp:130] Transform time: 31.249 ms.
I0418 08:18:31.961004  7952 caffe.cpp:314] Batch 400, accuracy1+2 = 1
I0418 08:18:31.961004  7952 caffe.cpp:314] Batch 400, accuracy1+2+3 = 1
I0418 08:18:32.070390  6080 data_layer.cpp:128] Prefetch batch: 109 ms.
I0418 08:18:32.070390  6080 data_layer.cpp:129]      Read time: 0 ms.
I0418 08:18:32.070390  6080 data_layer.cpp:130] Transform time: 109.386 ms.
I0418 08:18:32.945420  7952 caffe.cpp:314] Batch 401, accuracy1+2 = 1
I0418 08:18:32.945420  7952 caffe.cpp:314] Batch 401, accuracy1+2+3 = 1
I0418 08:18:33.070428  6080 data_layer.cpp:128] Prefetch batch: 125 ms.
I0418 08:18:33.070428  6080 data_layer.cpp:129]      Read time: 78.139 ms.
I0418 08:18:33.070428  6080 data_layer.cpp:130] Transform time: 46.87 ms.
I0418 08:18:33.914206  7952 caffe.cpp:314] Batch 402, accuracy1+2 = 1
I0418 08:18:33.914206  7952 caffe.cpp:314] Batch 402, accuracy1+2+3 = 1
I0418 08:18:34.039216  6080 data_layer.cpp:128] Prefetch batch: 125 ms.
I0418 08:18:34.039216  6080 data_layer.cpp:129]      Read time: 93.754 ms.
I0418 08:18:34.039216  6080 data_layer.cpp:130] Transform time: 31.257 ms.
I0418 08:18:34.882997  7952 caffe.cpp:314] Batch 403, accuracy1+2 = 1
I0418 08:18:34.882997  7952 caffe.cpp:314] Batch 403, accuracy1+2+3 = 1
I0418 08:18:35.008005  6080 data_layer.cpp:128] Prefetch batch: 125 ms.
I0418 08:18:35.008005  6080 data_layer.cpp:129]      Read time: 93.754 ms.
I0418 08:18:35.008005  6080 data_layer.cpp:130] Transform time: 31.254 ms.
I0418 08:18:35.851783  7952 caffe.cpp:314] Batch 404, accuracy1+2 = 1
I0418 08:18:35.851783  7952 caffe.cpp:314] Batch 404, accuracy1+2+3 = 1
I0418 08:18:35.961160  6080 data_layer.cpp:128] Prefetch batch: 109 ms.
I0418 08:18:35.961160  6080 data_layer.cpp:129]      Read time: 0 ms.
I0418 08:18:35.961160  6080 data_layer.cpp:130] Transform time: 109.378 ms.
I0418 08:18:36.836202  7952 caffe.cpp:314] Batch 405, accuracy1+2 = 1
I0418 08:18:36.836202  7952 caffe.cpp:314] Batch 405, accuracy1+2+3 = 1
I0418 08:18:36.961206  6080 data_layer.cpp:128] Prefetch batch: 125 ms.
I0418 08:18:36.961206  6080 data_layer.cpp:129]      Read time: 93.749 ms.
I0418 08:18:36.961206  6080 data_layer.cpp:130] Transform time: 31.255 ms.
I0418 08:18:37.804986  7952 caffe.cpp:314] Batch 406, accuracy1+2 = 1
I0418 08:18:37.820616  7952 caffe.cpp:314] Batch 406, accuracy1+2+3 = 1
I0418 08:18:37.945614  6080 data_layer.cpp:128] Prefetch batch: 124 ms.
I0418 08:18:37.945614  6080 data_layer.cpp:129]      Read time: 78.12 ms.
I0418 08:18:37.945614  6080 data_layer.cpp:130] Transform time: 46.878 ms.
I0418 08:18:38.789398  7952 caffe.cpp:314] Batch 407, accuracy1+2 = 0
I0418 08:18:38.789398  7952 caffe.cpp:314] Batch 407, accuracy1+2+3 = 1
I0418 08:18:38.914407  6080 data_layer.cpp:128] Prefetch batch: 125 ms.
I0418 08:18:38.914407  6080 data_layer.cpp:129]      Read time: 93.759 ms.
I0418 08:18:38.914407  6080 data_layer.cpp:130] Transform time: 31.25 ms.
I0418 08:18:39.758191  7952 caffe.cpp:314] Batch 408, accuracy1+2 = 1
I0418 08:18:39.758191  7952 caffe.cpp:314] Batch 408, accuracy1+2+3 = 1
I0418 08:18:39.883191  6080 data_layer.cpp:128] Prefetch batch: 125 ms.
I0418 08:18:39.883191  6080 data_layer.cpp:129]      Read time: 93.746 ms.
I0418 08:18:39.883191  6080 data_layer.cpp:130] Transform time: 31.254 ms.
I0418 08:18:40.758224  7952 caffe.cpp:314] Batch 409, accuracy1+2 = 1
I0418 08:18:40.758224  7952 caffe.cpp:314] Batch 409, accuracy1+2+3 = 1
I0418 08:18:40.867640  6080 data_layer.cpp:128] Prefetch batch: 109 ms.
I0418 08:18:40.867640  6080 data_layer.cpp:129]      Read time: 0 ms.
I0418 08:18:40.867640  6080 data_layer.cpp:130] Transform time: 109.416 ms.
I0418 08:18:41.742645  7952 caffe.cpp:314] Batch 410, accuracy1+2 = 1
I0418 08:18:41.742645  7952 caffe.cpp:314] Batch 410, accuracy1+2+3 = 1
I0418 08:18:41.867635  6080 data_layer.cpp:128] Prefetch batch: 124 ms.
I0418 08:18:41.867635  6080 data_layer.cpp:129]      Read time: 78.125 ms.
I0418 08:18:41.867635  6080 data_layer.cpp:130] Transform time: 46.866 ms.
I0418 08:18:42.711431  7952 caffe.cpp:314] Batch 411, accuracy1+2 = 1
I0418 08:18:42.711431  7952 caffe.cpp:314] Batch 411, accuracy1+2+3 = 1
I0418 08:18:42.836438  6080 data_layer.cpp:128] Prefetch batch: 125 ms.
I0418 08:18:42.836438  6080 data_layer.cpp:129]      Read time: 93.761 ms.
I0418 08:18:42.836438  6080 data_layer.cpp:130] Transform time: 31.247 ms.
I0418 08:18:43.680218  7952 caffe.cpp:314] Batch 412, accuracy1+2 = 1
I0418 08:18:43.680218  7952 caffe.cpp:314] Batch 412, accuracy1+2+3 = 1
I0418 08:18:43.805222  6080 data_layer.cpp:128] Prefetch batch: 125 ms.
I0418 08:18:43.805222  6080 data_layer.cpp:129]      Read time: 93.76 ms.
I0418 08:18:43.805222  6080 data_layer.cpp:130] Transform time: 31.244 ms.
I0418 08:18:44.664628  7952 caffe.cpp:314] Batch 413, accuracy1+2 = 0
I0418 08:18:44.664628  7952 caffe.cpp:314] Batch 413, accuracy1+2+3 = 0
I0418 08:18:44.789635  6080 data_layer.cpp:128] Prefetch batch: 125 ms.
I0418 08:18:44.789635  6080 data_layer.cpp:129]      Read time: 78.13 ms.
I0418 08:18:44.789635  6080 data_layer.cpp:130] Transform time: 46.878 ms.
I0418 08:18:45.633421  7952 caffe.cpp:314] Batch 414, accuracy1+2 = 1
I0418 08:18:45.633421  7952 caffe.cpp:314] Batch 414, accuracy1+2+3 = 1
I0418 08:18:45.742796  6080 data_layer.cpp:128] Prefetch batch: 109 ms.
I0418 08:18:45.742796  6080 data_layer.cpp:129]      Read time: 0 ms.
I0418 08:18:45.742796  6080 data_layer.cpp:130] Transform time: 109.375 ms.
I0418 08:18:46.633447  7952 caffe.cpp:314] Batch 415, accuracy1+2 = 1
I0418 08:18:46.633447  7952 caffe.cpp:314] Batch 415, accuracy1+2+3 = 1
I0418 08:18:46.758487  6080 data_layer.cpp:128] Prefetch batch: 125 ms.
I0418 08:18:46.758487  6080 data_layer.cpp:129]      Read time: 78.128 ms.
I0418 08:18:46.758487  6080 data_layer.cpp:130] Transform time: 46.912 ms.
I0418 08:18:47.649111  7952 caffe.cpp:314] Batch 416, accuracy1+2 = 1
I0418 08:18:47.649111  7952 caffe.cpp:314] Batch 416, accuracy1+2+3 = 1
I0418 08:18:47.774117  6080 data_layer.cpp:128] Prefetch batch: 125 ms.
I0418 08:18:47.774117  6080 data_layer.cpp:129]      Read time: 78.129 ms.
I0418 08:18:47.774117  6080 data_layer.cpp:130] Transform time: 46.877 ms.
I0418 08:18:48.649152  7952 caffe.cpp:314] Batch 417, accuracy1+2 = 1
I0418 08:18:48.649152  7952 caffe.cpp:314] Batch 417, accuracy1+2+3 = 1
I0418 08:18:48.758532  6080 data_layer.cpp:128] Prefetch batch: 109 ms.
I0418 08:18:48.758532  6080 data_layer.cpp:129]      Read time: 15.626 ms.
I0418 08:18:48.758532  6080 data_layer.cpp:130] Transform time: 93.754 ms.
I0418 08:18:49.633576  7952 caffe.cpp:314] Batch 418, accuracy1+2 = 1
I0418 08:18:49.633576  7952 caffe.cpp:314] Batch 418, accuracy1+2+3 = 1
I0418 08:18:49.758579  6080 data_layer.cpp:128] Prefetch batch: 125 ms.
I0418 08:18:49.758579  6080 data_layer.cpp:129]      Read time: 93.749 ms.
I0418 08:18:49.758579  6080 data_layer.cpp:130] Transform time: 31.254 ms.
I0418 08:18:50.602360  7952 caffe.cpp:314] Batch 419, accuracy1+2 = 1
I0418 08:18:50.602360  7952 caffe.cpp:314] Batch 419, accuracy1+2+3 = 1
I0418 08:18:50.727370  6080 data_layer.cpp:128] Prefetch batch: 125 ms.
I0418 08:18:50.727370  6080 data_layer.cpp:129]      Read time: 93.758 ms.
I0418 08:18:50.727370  6080 data_layer.cpp:130] Transform time: 31.252 ms.
I0418 08:18:51.586779  7952 caffe.cpp:314] Batch 420, accuracy1+2 = 1
I0418 08:18:51.586779  7952 caffe.cpp:314] Batch 420, accuracy1+2+3 = 1
I0418 08:18:51.680529  6080 data_layer.cpp:128] Prefetch batch: 93 ms.
I0418 08:18:51.680529  6080 data_layer.cpp:129]      Read time: 0 ms.
I0418 08:18:51.680529  6080 data_layer.cpp:130] Transform time: 93.75 ms.
I0418 08:18:52.555567  7952 caffe.cpp:314] Batch 421, accuracy1+2 = 1
I0418 08:18:52.555567  7952 caffe.cpp:314] Batch 421, accuracy1+2+3 = 1
I0418 08:18:52.680572  6080 data_layer.cpp:128] Prefetch batch: 125 ms.
I0418 08:18:52.680572  6080 data_layer.cpp:129]      Read time: 93.761 ms.
I0418 08:18:52.680572  6080 data_layer.cpp:130] Transform time: 31.244 ms.
I0418 08:18:53.524358  7952 caffe.cpp:314] Batch 422, accuracy1+2 = 1
I0418 08:18:53.524358  7952 caffe.cpp:314] Batch 422, accuracy1+2+3 = 1
I0418 08:18:53.649356  6080 data_layer.cpp:128] Prefetch batch: 124 ms.
I0418 08:18:53.649356  6080 data_layer.cpp:129]      Read time: 93.75 ms.
I0418 08:18:53.649356  6080 data_layer.cpp:130] Transform time: 31.249 ms.
I0418 08:18:54.508765  7952 caffe.cpp:314] Batch 423, accuracy1+2 = 1
I0418 08:18:54.508765  7952 caffe.cpp:314] Batch 423, accuracy1+2+3 = 1
I0418 08:18:54.633769  6080 data_layer.cpp:128] Prefetch batch: 125 ms.
I0418 08:18:54.633769  6080 data_layer.cpp:129]      Read time: 93.754 ms.
I0418 08:18:54.633769  6080 data_layer.cpp:130] Transform time: 31.25 ms.
I0418 08:18:55.477551  7952 caffe.cpp:314] Batch 424, accuracy1+2 = 1
I0418 08:18:55.477551  7952 caffe.cpp:314] Batch 424, accuracy1+2+3 = 1
I0418 08:18:55.586936  6080 data_layer.cpp:128] Prefetch batch: 93 ms.
I0418 08:18:55.586936  6080 data_layer.cpp:129]      Read time: 0 ms.
I0418 08:18:55.586936  6080 data_layer.cpp:130] Transform time: 93.766 ms.
I0418 08:18:56.446346  7952 caffe.cpp:314] Batch 425, accuracy1+2 = 1
I0418 08:18:56.446346  7952 caffe.cpp:314] Batch 425, accuracy1+2+3 = 1
I0418 08:18:56.571347  6080 data_layer.cpp:128] Prefetch batch: 125 ms.
I0418 08:18:56.571347  6080 data_layer.cpp:129]      Read time: 93.755 ms.
I0418 08:18:56.571347  6080 data_layer.cpp:130] Transform time: 31.247 ms.
I0418 08:18:57.415132  7952 caffe.cpp:314] Batch 426, accuracy1+2 = 1
I0418 08:18:57.415132  7952 caffe.cpp:314] Batch 426, accuracy1+2+3 = 1
I0418 08:18:57.540139  6080 data_layer.cpp:128] Prefetch batch: 125 ms.
I0418 08:18:57.540139  6080 data_layer.cpp:129]      Read time: 93.754 ms.
I0418 08:18:57.540139  6080 data_layer.cpp:130] Transform time: 31.253 ms.
I0418 08:18:58.399546  7952 caffe.cpp:314] Batch 427, accuracy1+2 = 1
I0418 08:18:58.399546  7952 caffe.cpp:314] Batch 427, accuracy1+2+3 = 1
I0418 08:18:58.524546  6080 data_layer.cpp:128] Prefetch batch: 125 ms.
I0418 08:18:58.524546  6080 data_layer.cpp:129]      Read time: 78.129 ms.
I0418 08:18:58.524546  6080 data_layer.cpp:130] Transform time: 46.871 ms.
I0418 08:18:59.368335  7952 caffe.cpp:314] Batch 428, accuracy1+2 = 1
I0418 08:18:59.368335  7952 caffe.cpp:314] Batch 428, accuracy1+2+3 = 1
I0418 08:18:59.477707  6080 data_layer.cpp:128] Prefetch batch: 109 ms.
I0418 08:18:59.477707  6080 data_layer.cpp:129]      Read time: 0 ms.
I0418 08:18:59.477707  6080 data_layer.cpp:130] Transform time: 109.372 ms.
I0418 08:19:00.337123  7952 caffe.cpp:314] Batch 429, accuracy1+2 = 1
I0418 08:19:00.337123  7952 caffe.cpp:314] Batch 429, accuracy1+2+3 = 1
I0418 08:19:00.462127  6080 data_layer.cpp:128] Prefetch batch: 125 ms.
I0418 08:19:00.462127  6080 data_layer.cpp:129]      Read time: 93.752 ms.
I0418 08:19:00.462127  6080 data_layer.cpp:130] Transform time: 31.252 ms.
I0418 08:19:01.305908  7952 caffe.cpp:314] Batch 430, accuracy1+2 = 1
I0418 08:19:01.305908  7952 caffe.cpp:314] Batch 430, accuracy1+2+3 = 1
I0418 08:19:01.430912  6080 data_layer.cpp:128] Prefetch batch: 125 ms.
I0418 08:19:01.430912  6080 data_layer.cpp:129]      Read time: 93.753 ms.
I0418 08:19:01.430912  6080 data_layer.cpp:130] Transform time: 31.25 ms.
I0418 08:19:02.274696  7952 caffe.cpp:314] Batch 431, accuracy1+2 = 1
I0418 08:19:02.274696  7952 caffe.cpp:314] Batch 431, accuracy1+2+3 = 1
I0418 08:19:02.384078  6080 data_layer.cpp:128] Prefetch batch: 93 ms.
I0418 08:19:02.384078  6080 data_layer.cpp:129]      Read time: 0 ms.
I0418 08:19:02.384078  6080 data_layer.cpp:130] Transform time: 93.745 ms.
I0418 08:19:03.259114  7952 caffe.cpp:314] Batch 432, accuracy1+2 = 1
I0418 08:19:03.259114  7952 caffe.cpp:314] Batch 432, accuracy1+2+3 = 1
I0418 08:19:03.384119  6080 data_layer.cpp:128] Prefetch batch: 125 ms.
I0418 08:19:03.384119  6080 data_layer.cpp:129]      Read time: 93.748 ms.
I0418 08:19:03.384119  6080 data_layer.cpp:130] Transform time: 31.257 ms.
I0418 08:19:04.227897  7952 caffe.cpp:314] Batch 433, accuracy1+2 = 1
I0418 08:19:04.227897  7952 caffe.cpp:314] Batch 433, accuracy1+2+3 = 1
I0418 08:19:04.352905  6080 data_layer.cpp:128] Prefetch batch: 125 ms.
I0418 08:19:04.352905  6080 data_layer.cpp:129]      Read time: 93.751 ms.
I0418 08:19:04.352905  6080 data_layer.cpp:130] Transform time: 31.256 ms.
I0418 08:19:05.196691  7952 caffe.cpp:314] Batch 434, accuracy1+2 = 1
I0418 08:19:05.196691  7952 caffe.cpp:314] Batch 434, accuracy1+2+3 = 1
I0418 08:19:05.321691  6080 data_layer.cpp:128] Prefetch batch: 125 ms.
I0418 08:19:05.321691  6080 data_layer.cpp:129]      Read time: 93.748 ms.
I0418 08:19:05.321691  6080 data_layer.cpp:130] Transform time: 31.253 ms.
I0418 08:19:06.181098  7952 caffe.cpp:314] Batch 435, accuracy1+2 = 1
I0418 08:19:06.181098  7952 caffe.cpp:314] Batch 435, accuracy1+2+3 = 1
I0418 08:19:06.306102  6080 data_layer.cpp:128] Prefetch batch: 125 ms.
I0418 08:19:06.306102  6080 data_layer.cpp:129]      Read time: 78.133 ms.
I0418 08:19:06.306102  6080 data_layer.cpp:130] Transform time: 46.871 ms.
I0418 08:19:07.149888  7952 caffe.cpp:314] Batch 436, accuracy1+2 = 1
I0418 08:19:07.149888  7952 caffe.cpp:314] Batch 436, accuracy1+2+3 = 1
I0418 08:19:07.243640  6080 data_layer.cpp:128] Prefetch batch: 93 ms.
I0418 08:19:07.243640  6080 data_layer.cpp:129]      Read time: 0 ms.
I0418 08:19:07.243640  6080 data_layer.cpp:130] Transform time: 93.752 ms.
I0418 08:19:08.118679  7952 caffe.cpp:314] Batch 437, accuracy1+2 = 1
I0418 08:19:08.118679  7952 caffe.cpp:314] Batch 437, accuracy1+2+3 = 1
I0418 08:19:08.243677  6080 data_layer.cpp:128] Prefetch batch: 124 ms.
I0418 08:19:08.243677  6080 data_layer.cpp:129]      Read time: 93.75 ms.
I0418 08:19:08.243677  6080 data_layer.cpp:130] Transform time: 31.249 ms.
I0418 08:19:09.103093  7952 caffe.cpp:314] Batch 438, accuracy1+2 = 1
I0418 08:19:09.103093  7952 caffe.cpp:314] Batch 438, accuracy1+2+3 = 1
I0418 08:19:09.228096  6080 data_layer.cpp:128] Prefetch batch: 125 ms.
I0418 08:19:09.228096  6080 data_layer.cpp:129]      Read time: 78.128 ms.
I0418 08:19:09.228096  6080 data_layer.cpp:130] Transform time: 46.875 ms.
I0418 08:19:10.071887  7952 caffe.cpp:314] Batch 439, accuracy1+2 = 1
I0418 08:19:10.071887  7952 caffe.cpp:314] Batch 439, accuracy1+2+3 = 1
I0418 08:19:10.196882  6080 data_layer.cpp:128] Prefetch batch: 124 ms.
I0418 08:19:10.196882  6080 data_layer.cpp:129]      Read time: 93.747 ms.
I0418 08:19:10.196882  6080 data_layer.cpp:130] Transform time: 31.247 ms.
I0418 08:19:11.040670  7952 caffe.cpp:314] Batch 440, accuracy1+2 = 1
I0418 08:19:11.040670  7952 caffe.cpp:314] Batch 440, accuracy1+2+3 = 1
I0418 08:19:11.150048  6080 data_layer.cpp:128] Prefetch batch: 109 ms.
I0418 08:19:11.150048  6080 data_layer.cpp:129]      Read time: 0 ms.
I0418 08:19:11.150048  6080 data_layer.cpp:130] Transform time: 109.377 ms.
I0418 08:19:12.009454  7952 caffe.cpp:314] Batch 441, accuracy1+2 = 1
I0418 08:19:12.009454  7952 caffe.cpp:314] Batch 441, accuracy1+2+3 = 1
I0418 08:19:12.150085  6080 data_layer.cpp:128] Prefetch batch: 125 ms.
I0418 08:19:12.150085  6080 data_layer.cpp:129]      Read time: 78.129 ms.
I0418 08:19:12.150085  6080 data_layer.cpp:130] Transform time: 46.877 ms.
I0418 08:19:12.993868  7952 caffe.cpp:314] Batch 442, accuracy1+2 = 1
I0418 08:19:12.993868  7952 caffe.cpp:314] Batch 442, accuracy1+2+3 = 1
I0418 08:19:13.118875  6080 data_layer.cpp:128] Prefetch batch: 125 ms.
I0418 08:19:13.118875  6080 data_layer.cpp:129]      Read time: 93.755 ms.
I0418 08:19:13.118875  6080 data_layer.cpp:130] Transform time: 31.251 ms.
I0418 08:19:13.962653  7952 caffe.cpp:314] Batch 443, accuracy1+2 = 1
I0418 08:19:13.962653  7952 caffe.cpp:314] Batch 443, accuracy1+2+3 = 1
I0418 08:19:14.087669  6080 data_layer.cpp:128] Prefetch batch: 125 ms.
I0418 08:19:14.087669  6080 data_layer.cpp:129]      Read time: 93.752 ms.
I0418 08:19:14.087669  6080 data_layer.cpp:130] Transform time: 31.264 ms.
I0418 08:19:14.931439  7952 caffe.cpp:314] Batch 444, accuracy1+2 = 1
I0418 08:19:14.931439  7952 caffe.cpp:314] Batch 444, accuracy1+2+3 = 1
I0418 08:19:15.072073  6080 data_layer.cpp:128] Prefetch batch: 140 ms.
I0418 08:19:15.072073  6080 data_layer.cpp:129]      Read time: 93.757 ms.
I0418 08:19:15.072073  6080 data_layer.cpp:130] Transform time: 46.877 ms.
I0418 08:19:15.915855  7952 caffe.cpp:314] Batch 445, accuracy1+2 = 1
I0418 08:19:15.915855  7952 caffe.cpp:314] Batch 445, accuracy1+2+3 = 1
I0418 08:19:16.040864  6080 data_layer.cpp:128] Prefetch batch: 125 ms.
I0418 08:19:16.040864  6080 data_layer.cpp:129]      Read time: 78.134 ms.
I0418 08:19:16.040864  6080 data_layer.cpp:130] Transform time: 46.875 ms.
I0418 08:19:16.884647  7952 caffe.cpp:314] Batch 446, accuracy1+2 = 1
I0418 08:19:16.884647  7952 caffe.cpp:314] Batch 446, accuracy1+2+3 = 1
I0418 08:19:16.994022  6080 data_layer.cpp:128] Prefetch batch: 109 ms.
I0418 08:19:16.994022  6080 data_layer.cpp:129]      Read time: 0 ms.
I0418 08:19:16.994022  6080 data_layer.cpp:130] Transform time: 109.375 ms.
I0418 08:19:17.853431  7952 caffe.cpp:314] Batch 447, accuracy1+2 = 1
I0418 08:19:17.853431  7952 caffe.cpp:314] Batch 447, accuracy1+2+3 = 1
I0418 08:19:17.978437  6080 data_layer.cpp:128] Prefetch batch: 125 ms.
I0418 08:19:17.978437  6080 data_layer.cpp:129]      Read time: 93.753 ms.
I0418 08:19:17.978437  6080 data_layer.cpp:130] Transform time: 31.253 ms.
I0418 08:19:18.822227  7952 caffe.cpp:314] Batch 448, accuracy1+2 = 1
I0418 08:19:18.822227  7952 caffe.cpp:314] Batch 448, accuracy1+2+3 = 1
I0418 08:19:18.947223  6080 data_layer.cpp:128] Prefetch batch: 124 ms.
I0418 08:19:18.947223  6080 data_layer.cpp:129]      Read time: 93.746 ms.
I0418 08:19:18.947223  6080 data_layer.cpp:130] Transform time: 31.251 ms.
I0418 08:19:19.806634  7952 caffe.cpp:314] Batch 449, accuracy1+2 = 1
I0418 08:19:19.806634  7952 caffe.cpp:314] Batch 449, accuracy1+2+3 = 1
I0418 08:19:19.931640  6080 data_layer.cpp:128] Prefetch batch: 125 ms.
I0418 08:19:19.931640  6080 data_layer.cpp:129]      Read time: 78.131 ms.
I0418 08:19:19.931640  6080 data_layer.cpp:130] Transform time: 46.875 ms.
I0418 08:19:20.775420  7952 caffe.cpp:314] Batch 450, accuracy1+2 = 1
I0418 08:19:20.775420  7952 caffe.cpp:314] Batch 450, accuracy1+2+3 = 1
I0418 08:19:20.900429  6080 data_layer.cpp:128] Prefetch batch: 125 ms.
I0418 08:19:20.900429  6080 data_layer.cpp:129]      Read time: 62.507 ms.
I0418 08:19:20.900429  6080 data_layer.cpp:130] Transform time: 62.501 ms.
I0418 08:19:21.744210  7952 caffe.cpp:314] Batch 451, accuracy1+2 = 1
I0418 08:19:21.744210  7952 caffe.cpp:314] Batch 451, accuracy1+2+3 = 1
I0418 08:19:21.869211  6080 data_layer.cpp:128] Prefetch batch: 125 ms.
I0418 08:19:21.869211  6080 data_layer.cpp:129]      Read time: 93.751 ms.
I0418 08:19:21.869211  6080 data_layer.cpp:130] Transform time: 31.251 ms.
I0418 08:19:22.728621  7952 caffe.cpp:314] Batch 452, accuracy1+2 = 1
I0418 08:19:22.728621  7952 caffe.cpp:314] Batch 452, accuracy1+2+3 = 1
I0418 08:19:22.822379  6080 data_layer.cpp:128] Prefetch batch: 93 ms.
I0418 08:19:22.822379  6080 data_layer.cpp:129]      Read time: 0 ms.
I0418 08:19:22.822379  6080 data_layer.cpp:130] Transform time: 93.758 ms.
I0418 08:19:23.697408  7952 caffe.cpp:314] Batch 453, accuracy1+2 = 1
I0418 08:19:23.697408  7952 caffe.cpp:314] Batch 453, accuracy1+2+3 = 1
I0418 08:19:23.838044  6080 data_layer.cpp:128] Prefetch batch: 140 ms.
I0418 08:19:23.838044  6080 data_layer.cpp:129]      Read time: 125.005 ms.
I0418 08:19:23.838044  6080 data_layer.cpp:130] Transform time: 15.631 ms.
I0418 08:19:24.697448  7952 caffe.cpp:314] Batch 454, accuracy1+2 = 1
I0418 08:19:24.697448  7952 caffe.cpp:314] Batch 454, accuracy1+2+3 = 1
I0418 08:19:24.822458  6080 data_layer.cpp:128] Prefetch batch: 125 ms.
I0418 08:19:24.822458  6080 data_layer.cpp:129]      Read time: 93.752 ms.
I0418 08:19:24.822458  6080 data_layer.cpp:130] Transform time: 31.257 ms.
I0418 08:19:25.713170  7952 caffe.cpp:314] Batch 455, accuracy1+2 = 1
I0418 08:19:25.713170  7952 caffe.cpp:314] Batch 455, accuracy1+2+3 = 1
I0418 08:19:25.806866  6080 data_layer.cpp:128] Prefetch batch: 93 ms.
I0418 08:19:25.806866  6080 data_layer.cpp:129]      Read time: 0 ms.
I0418 08:19:25.806866  6080 data_layer.cpp:130] Transform time: 93.697 ms.
I0418 08:19:26.681905  7952 caffe.cpp:314] Batch 456, accuracy1+2 = 1
I0418 08:19:26.681905  7952 caffe.cpp:314] Batch 456, accuracy1+2+3 = 1
I0418 08:19:26.806907  6080 data_layer.cpp:128] Prefetch batch: 125 ms.
I0418 08:19:26.806907  6080 data_layer.cpp:129]      Read time: 93.749 ms.
I0418 08:19:26.806907  6080 data_layer.cpp:130] Transform time: 31.253 ms.
I0418 08:19:27.650688  7952 caffe.cpp:314] Batch 457, accuracy1+2 = 1
I0418 08:19:27.650688  7952 caffe.cpp:314] Batch 457, accuracy1+2+3 = 1
I0418 08:19:27.775699  6080 data_layer.cpp:128] Prefetch batch: 125 ms.
I0418 08:19:27.775699  6080 data_layer.cpp:129]      Read time: 93.76 ms.
I0418 08:19:27.775699  6080 data_layer.cpp:130] Transform time: 31.251 ms.
I0418 08:19:28.635105  7952 caffe.cpp:314] Batch 458, accuracy1+2 = 1
I0418 08:19:28.635105  7952 caffe.cpp:314] Batch 458, accuracy1+2+3 = 1
I0418 08:19:28.729117  6080 data_layer.cpp:128] Prefetch batch: 94 ms.
I0418 08:19:28.729117  6080 data_layer.cpp:129]      Read time: 0 ms.
I0418 08:19:28.729117  6080 data_layer.cpp:130] Transform time: 94.012 ms.
I0418 08:19:29.604152  7952 caffe.cpp:314] Batch 459, accuracy1+2 = 1
I0418 08:19:29.604152  7952 caffe.cpp:314] Batch 459, accuracy1+2+3 = 1
I0418 08:19:29.729154  6080 data_layer.cpp:128] Prefetch batch: 125 ms.
I0418 08:19:29.729154  6080 data_layer.cpp:129]      Read time: 77.874 ms.
I0418 08:19:29.729154  6080 data_layer.cpp:130] Transform time: 47.128 ms.
I0418 08:19:30.572681  7952 caffe.cpp:314] Batch 460, accuracy1+2 = 1
I0418 08:19:30.572681  7952 caffe.cpp:314] Batch 460, accuracy1+2+3 = 1
I0418 08:19:30.697688  6080 data_layer.cpp:128] Prefetch batch: 125 ms.
I0418 08:19:30.697688  6080 data_layer.cpp:129]      Read time: 93.757 ms.
I0418 08:19:30.697688  6080 data_layer.cpp:130] Transform time: 31.25 ms.
I0418 08:19:31.541468  7952 caffe.cpp:314] Batch 461, accuracy1+2 = 1
I0418 08:19:31.541468  7952 caffe.cpp:314] Batch 461, accuracy1+2+3 = 1
I0418 08:19:31.650846  6080 data_layer.cpp:128] Prefetch batch: 109 ms.
I0418 08:19:31.650846  6080 data_layer.cpp:129]      Read time: 0 ms.
I0418 08:19:31.650846  6080 data_layer.cpp:130] Transform time: 109.377 ms.
I0418 08:19:32.510254  7952 caffe.cpp:314] Batch 462, accuracy1+2 = 1
I0418 08:19:32.510254  7952 caffe.cpp:314] Batch 462, accuracy1+2+3 = 1
I0418 08:19:32.635263  6080 data_layer.cpp:128] Prefetch batch: 125 ms.
I0418 08:19:32.635263  6080 data_layer.cpp:129]      Read time: 93.986 ms.
I0418 08:19:32.635263  6080 data_layer.cpp:130] Transform time: 31.023 ms.
I0418 08:19:33.494669  7952 caffe.cpp:314] Batch 463, accuracy1+2 = 1
I0418 08:19:33.494669  7952 caffe.cpp:314] Batch 463, accuracy1+2+3 = 1
I0418 08:19:33.619671  6080 data_layer.cpp:128] Prefetch batch: 125 ms.
I0418 08:19:33.619671  6080 data_layer.cpp:129]      Read time: 78.131 ms.
I0418 08:19:33.619671  6080 data_layer.cpp:130] Transform time: 46.871 ms.
I0418 08:19:34.463462  7952 caffe.cpp:314] Batch 464, accuracy1+2 = 1
I0418 08:19:34.463462  7952 caffe.cpp:314] Batch 464, accuracy1+2+3 = 1
I0418 08:19:34.588464  6080 data_layer.cpp:128] Prefetch batch: 125 ms.
I0418 08:19:34.588464  6080 data_layer.cpp:129]      Read time: 93.752 ms.
I0418 08:19:34.588464  6080 data_layer.cpp:130] Transform time: 31.249 ms.
I0418 08:19:35.432248  7952 caffe.cpp:314] Batch 465, accuracy1+2 = 1
I0418 08:19:35.432248  7952 caffe.cpp:314] Batch 465, accuracy1+2+3 = 1
I0418 08:19:35.557250  6080 data_layer.cpp:128] Prefetch batch: 125 ms.
I0418 08:19:35.557250  6080 data_layer.cpp:129]      Read time: 93.751 ms.
I0418 08:19:35.557250  6080 data_layer.cpp:130] Transform time: 31.25 ms.
I0418 08:19:36.416659  7952 caffe.cpp:314] Batch 466, accuracy1+2 = 0
I0418 08:19:36.416659  7952 caffe.cpp:314] Batch 466, accuracy1+2+3 = 0
I0418 08:19:36.510416  6080 data_layer.cpp:128] Prefetch batch: 93 ms.
I0418 08:19:36.510416  6080 data_layer.cpp:129]      Read time: 0 ms.
I0418 08:19:36.510416  6080 data_layer.cpp:130] Transform time: 93.757 ms.
I0418 08:19:37.385438  7952 caffe.cpp:314] Batch 467, accuracy1+2 = 1
I0418 08:19:37.385438  7952 caffe.cpp:314] Batch 467, accuracy1+2+3 = 1
I0418 08:19:37.510457  6080 data_layer.cpp:128] Prefetch batch: 125 ms.
I0418 08:19:37.510457  6080 data_layer.cpp:129]      Read time: 93.97 ms.
I0418 08:19:37.510457  6080 data_layer.cpp:130] Transform time: 31.049 ms.
I0418 08:19:38.369865  7952 caffe.cpp:314] Batch 468, accuracy1+2 = 1
I0418 08:19:38.369865  7952 caffe.cpp:314] Batch 468, accuracy1+2+3 = 1
I0418 08:19:38.494864  6080 data_layer.cpp:128] Prefetch batch: 124 ms.
I0418 08:19:38.494864  6080 data_layer.cpp:129]      Read time: 93.75 ms.
I0418 08:19:38.494864  6080 data_layer.cpp:130] Transform time: 31.249 ms.
I0418 08:19:39.338647  7952 caffe.cpp:314] Batch 469, accuracy1+2 = 1
I0418 08:19:39.338647  7952 caffe.cpp:314] Batch 469, accuracy1+2+3 = 1
I0418 08:19:39.463657  6080 data_layer.cpp:128] Prefetch batch: 125 ms.
I0418 08:19:39.463657  6080 data_layer.cpp:129]      Read time: 93.753 ms.
I0418 08:19:39.463657  6080 data_layer.cpp:130] Transform time: 31.257 ms.
I0418 08:19:40.307441  7952 caffe.cpp:314] Batch 470, accuracy1+2 = 1
I0418 08:19:40.307441  7952 caffe.cpp:314] Batch 470, accuracy1+2+3 = 1
I0418 08:19:40.432440  6080 data_layer.cpp:128] Prefetch batch: 124 ms.
I0418 08:19:40.432440  6080 data_layer.cpp:129]      Read time: 93.751 ms.
I0418 08:19:40.432440  6080 data_layer.cpp:130] Transform time: 31.248 ms.
I0418 08:19:41.291848  7952 caffe.cpp:314] Batch 471, accuracy1+2 = 1
I0418 08:19:41.291848  7952 caffe.cpp:314] Batch 471, accuracy1+2+3 = 1
I0418 08:19:41.401227  6080 data_layer.cpp:128] Prefetch batch: 109 ms.
I0418 08:19:41.401227  6080 data_layer.cpp:129]      Read time: 0 ms.
I0418 08:19:41.401227  6080 data_layer.cpp:130] Transform time: 109.379 ms.
I0418 08:19:42.276259  7952 caffe.cpp:314] Batch 472, accuracy1+2 = 1
I0418 08:19:42.276259  7952 caffe.cpp:314] Batch 472, accuracy1+2+3 = 1
I0418 08:19:42.401268  6080 data_layer.cpp:128] Prefetch batch: 125 ms.
I0418 08:19:42.401268  6080 data_layer.cpp:129]      Read time: 78.294 ms.
I0418 08:19:42.401268  6080 data_layer.cpp:130] Transform time: 46.715 ms.
I0418 08:19:43.245048  7952 caffe.cpp:314] Batch 473, accuracy1+2 = 1
I0418 08:19:43.245048  7952 caffe.cpp:314] Batch 473, accuracy1+2+3 = 1
I0418 08:19:43.370056  6080 data_layer.cpp:128] Prefetch batch: 125 ms.
I0418 08:19:43.370056  6080 data_layer.cpp:129]      Read time: 93.763 ms.
I0418 08:19:43.370056  6080 data_layer.cpp:130] Transform time: 31.245 ms.
I0418 08:19:44.213840  7952 caffe.cpp:314] Batch 474, accuracy1+2 = 1
I0418 08:19:44.213840  7952 caffe.cpp:314] Batch 474, accuracy1+2+3 = 1
I0418 08:19:44.338848  6080 data_layer.cpp:128] Prefetch batch: 125 ms.
I0418 08:19:44.338848  6080 data_layer.cpp:129]      Read time: 93.76 ms.
I0418 08:19:44.338848  6080 data_layer.cpp:130] Transform time: 31.248 ms.
I0418 08:19:45.198258  7952 caffe.cpp:314] Batch 475, accuracy1+2 = 1
I0418 08:19:45.198258  7952 caffe.cpp:314] Batch 475, accuracy1+2+3 = 1
I0418 08:19:45.323264  6080 data_layer.cpp:128] Prefetch batch: 125 ms.
I0418 08:19:45.323264  6080 data_layer.cpp:129]      Read time: 93.749 ms.
I0418 08:19:45.323264  6080 data_layer.cpp:130] Transform time: 31.257 ms.
I0418 08:19:46.167045  7952 caffe.cpp:314] Batch 476, accuracy1+2 = 1
I0418 08:19:46.167045  7952 caffe.cpp:314] Batch 476, accuracy1+2+3 = 1
I0418 08:19:46.292047  6080 data_layer.cpp:128] Prefetch batch: 125 ms.
I0418 08:19:46.292047  6080 data_layer.cpp:129]      Read time: 93.751 ms.
I0418 08:19:46.292047  6080 data_layer.cpp:130] Transform time: 31.251 ms.
I0418 08:19:47.135833  7952 caffe.cpp:314] Batch 477, accuracy1+2 = 1
I0418 08:19:47.135833  7952 caffe.cpp:314] Batch 477, accuracy1+2+3 = 1
I0418 08:19:47.260838  6080 data_layer.cpp:128] Prefetch batch: 125 ms.
I0418 08:19:47.260838  6080 data_layer.cpp:129]      Read time: 93.89 ms.
I0418 08:19:47.260838  6080 data_layer.cpp:130] Transform time: 31.115 ms.
I0418 08:19:48.120249  7952 caffe.cpp:314] Batch 478, accuracy1+2 = 1
I0418 08:19:48.120249  7952 caffe.cpp:314] Batch 478, accuracy1+2+3 = 1
I0418 08:19:48.214001  6080 data_layer.cpp:128] Prefetch batch: 93 ms.
I0418 08:19:48.214001  6080 data_layer.cpp:129]      Read time: 0 ms.
I0418 08:19:48.214001  6080 data_layer.cpp:130] Transform time: 93.753 ms.
I0418 08:19:49.089031  7952 caffe.cpp:314] Batch 479, accuracy1+2 = 1
I0418 08:19:49.089031  7952 caffe.cpp:314] Batch 479, accuracy1+2+3 = 1
I0418 08:19:49.214037  6080 data_layer.cpp:128] Prefetch batch: 125 ms.
I0418 08:19:49.214037  6080 data_layer.cpp:129]      Read time: 93.757 ms.
I0418 08:19:49.214037  6080 data_layer.cpp:130] Transform time: 31.249 ms.
I0418 08:19:50.057821  7952 caffe.cpp:314] Batch 480, accuracy1+2 = 1
I0418 08:19:50.057821  7952 caffe.cpp:314] Batch 480, accuracy1+2+3 = 1
I0418 08:19:50.182831  6080 data_layer.cpp:128] Prefetch batch: 125 ms.
I0418 08:19:50.182831  6080 data_layer.cpp:129]      Read time: 93.754 ms.
I0418 08:19:50.182831  6080 data_layer.cpp:130] Transform time: 31.256 ms.
I0418 08:19:51.026607  7952 caffe.cpp:314] Batch 481, accuracy1+2 = 1
I0418 08:19:51.026607  7952 caffe.cpp:314] Batch 481, accuracy1+2+3 = 1
I0418 08:19:51.167239  6080 data_layer.cpp:128] Prefetch batch: 140 ms.
I0418 08:19:51.167239  6080 data_layer.cpp:129]      Read time: 93.758 ms.
I0418 08:19:51.167239  6080 data_layer.cpp:130] Transform time: 46.875 ms.
I0418 08:19:52.011018  7952 caffe.cpp:314] Batch 482, accuracy1+2 = 0
I0418 08:19:52.011018  7952 caffe.cpp:314] Batch 482, accuracy1+2+3 = 0
I0418 08:19:52.104879  6080 data_layer.cpp:128] Prefetch batch: 93 ms.
I0418 08:19:52.104879  6080 data_layer.cpp:129]      Read time: 0 ms.
I0418 08:19:52.104879  6080 data_layer.cpp:130] Transform time: 93.861 ms.
I0418 08:19:52.979907  7952 caffe.cpp:314] Batch 483, accuracy1+2 = 1
I0418 08:19:52.979907  7952 caffe.cpp:314] Batch 483, accuracy1+2+3 = 1
I0418 08:19:53.104912  6080 data_layer.cpp:128] Prefetch batch: 125 ms.
I0418 08:19:53.104912  6080 data_layer.cpp:129]      Read time: 93.658 ms.
I0418 08:19:53.104912  6080 data_layer.cpp:130] Transform time: 31.346 ms.
I0418 08:19:53.948601  7952 caffe.cpp:314] Batch 484, accuracy1+2 = 1
I0418 08:19:53.948601  7952 caffe.cpp:314] Batch 484, accuracy1+2+3 = 1
I0418 08:19:54.073601  6080 data_layer.cpp:128] Prefetch batch: 125 ms.
I0418 08:19:54.073601  6080 data_layer.cpp:129]      Read time: 93.752 ms.
I0418 08:19:54.073601  6080 data_layer.cpp:130] Transform time: 31.248 ms.
I0418 08:19:54.933017  7952 caffe.cpp:314] Batch 485, accuracy1+2 = 1
I0418 08:19:54.933017  7952 caffe.cpp:314] Batch 485, accuracy1+2+3 = 1
I0418 08:19:55.058019  6080 data_layer.cpp:128] Prefetch batch: 125 ms.
I0418 08:19:55.058019  6080 data_layer.cpp:129]      Read time: 78.12 ms.
I0418 08:19:55.058019  6080 data_layer.cpp:130] Transform time: 46.883 ms.
I0418 08:19:55.901801  7952 caffe.cpp:314] Batch 486, accuracy1+2 = 1
I0418 08:19:55.901801  7952 caffe.cpp:314] Batch 486, accuracy1+2+3 = 1
I0418 08:19:56.011181  6080 data_layer.cpp:128] Prefetch batch: 109 ms.
I0418 08:19:56.011181  6080 data_layer.cpp:129]      Read time: 0 ms.
I0418 08:19:56.011181  6080 data_layer.cpp:130] Transform time: 109.38 ms.
I0418 08:19:56.870585  7952 caffe.cpp:314] Batch 487, accuracy1+2 = 1
I0418 08:19:56.870585  7952 caffe.cpp:314] Batch 487, accuracy1+2+3 = 1
I0418 08:19:56.995589  6080 data_layer.cpp:128] Prefetch batch: 125 ms.
I0418 08:19:56.995589  6080 data_layer.cpp:129]      Read time: 93.755 ms.
I0418 08:19:56.995589  6080 data_layer.cpp:130] Transform time: 31.249 ms.
I0418 08:19:57.839380  7952 caffe.cpp:314] Batch 488, accuracy1+2 = 0
I0418 08:19:57.839380  7952 caffe.cpp:314] Batch 488, accuracy1+2+3 = 0
I0418 08:19:57.964383  6080 data_layer.cpp:128] Prefetch batch: 125 ms.
I0418 08:19:57.964383  6080 data_layer.cpp:129]      Read time: 93.746 ms.
I0418 08:19:57.964383  6080 data_layer.cpp:130] Transform time: 31.257 ms.
I0418 08:19:58.808166  7952 caffe.cpp:314] Batch 489, accuracy1+2 = 1
I0418 08:19:58.808166  7952 caffe.cpp:314] Batch 489, accuracy1+2+3 = 1
I0418 08:19:58.948797  6080 data_layer.cpp:128] Prefetch batch: 140 ms.
I0418 08:19:58.948797  6080 data_layer.cpp:129]      Read time: 93.754 ms.
I0418 08:19:58.948797  6080 data_layer.cpp:130] Transform time: 46.877 ms.
I0418 08:19:59.792578  7952 caffe.cpp:314] Batch 490, accuracy1+2 = 1
I0418 08:19:59.792578  7952 caffe.cpp:314] Batch 490, accuracy1+2+3 = 1
I0418 08:19:59.917579  6080 data_layer.cpp:128] Prefetch batch: 125 ms.
I0418 08:19:59.917579  6080 data_layer.cpp:129]      Read time: 93.752 ms.
I0418 08:19:59.917579  6080 data_layer.cpp:130] Transform time: 31.249 ms.
I0418 08:20:00.761368  7952 caffe.cpp:314] Batch 491, accuracy1+2 = 1
I0418 08:20:00.761368  7952 caffe.cpp:314] Batch 491, accuracy1+2+3 = 1
I0418 08:20:00.870739  6080 data_layer.cpp:128] Prefetch batch: 109 ms.
I0418 08:20:00.870739  6080 data_layer.cpp:129]      Read time: 0 ms.
I0418 08:20:00.870739  6080 data_layer.cpp:130] Transform time: 109.371 ms.
I0418 08:20:01.777020  7952 caffe.cpp:314] Batch 492, accuracy1+2 = 1
I0418 08:20:01.777020  7952 caffe.cpp:314] Batch 492, accuracy1+2+3 = 1
I0418 08:20:01.902035  6080 data_layer.cpp:128] Prefetch batch: 125 ms.
I0418 08:20:01.902035  6080 data_layer.cpp:129]      Read time: 78.154 ms.
I0418 08:20:01.902035  6080 data_layer.cpp:130] Transform time: 46.861 ms.
I0418 08:20:02.777065  7952 caffe.cpp:314] Batch 493, accuracy1+2 = 1
I0418 08:20:02.777065  7952 caffe.cpp:314] Batch 493, accuracy1+2+3 = 1
I0418 08:20:02.902070  6080 data_layer.cpp:128] Prefetch batch: 125 ms.
I0418 08:20:02.902070  6080 data_layer.cpp:129]      Read time: 93.76 ms.
I0418 08:20:02.902070  6080 data_layer.cpp:130] Transform time: 31.246 ms.
I0418 08:20:03.761479  7952 caffe.cpp:314] Batch 494, accuracy1+2 = 1
I0418 08:20:03.761479  7952 caffe.cpp:314] Batch 494, accuracy1+2+3 = 1
I0418 08:20:03.886489  6080 data_layer.cpp:128] Prefetch batch: 125 ms.
I0418 08:20:03.886489  6080 data_layer.cpp:129]      Read time: 78.136 ms.
I0418 08:20:03.886489  6080 data_layer.cpp:130] Transform time: 46.874 ms.
I0418 08:20:04.730288  7952 caffe.cpp:314] Batch 495, accuracy1+2 = 1
I0418 08:20:04.730288  7952 caffe.cpp:314] Batch 495, accuracy1+2+3 = 1
I0418 08:20:04.824021  6080 data_layer.cpp:128] Prefetch batch: 93 ms.
I0418 08:20:04.824021  6080 data_layer.cpp:129]      Read time: 0 ms.
I0418 08:20:04.824021  6080 data_layer.cpp:130] Transform time: 93.734 ms.
I0418 08:20:05.699056  7952 caffe.cpp:314] Batch 496, accuracy1+2 = 1
I0418 08:20:05.699056  7952 caffe.cpp:314] Batch 496, accuracy1+2+3 = 1
I0418 08:20:05.824067  6080 data_layer.cpp:128] Prefetch batch: 125 ms.
I0418 08:20:05.824067  6080 data_layer.cpp:129]      Read time: 93.755 ms.
I0418 08:20:05.824067  6080 data_layer.cpp:130] Transform time: 31.256 ms.
I0418 08:20:06.667845  7952 caffe.cpp:314] Batch 497, accuracy1+2 = 1
I0418 08:20:06.667845  7952 caffe.cpp:314] Batch 497, accuracy1+2+3 = 1
I0418 08:20:06.792853  6080 data_layer.cpp:128] Prefetch batch: 125 ms.
I0418 08:20:06.792853  6080 data_layer.cpp:129]      Read time: 93.767 ms.
I0418 08:20:06.792853  6080 data_layer.cpp:130] Transform time: 31.241 ms.
I0418 08:20:07.636633  7952 caffe.cpp:314] Batch 498, accuracy1+2 = 1
I0418 08:20:07.636633  7952 caffe.cpp:314] Batch 498, accuracy1+2+3 = 1
I0418 08:20:07.761643  6080 data_layer.cpp:128] Prefetch batch: 125 ms.
I0418 08:20:07.761643  6080 data_layer.cpp:129]      Read time: 93.751 ms.
I0418 08:20:07.761643  6080 data_layer.cpp:130] Transform time: 31.259 ms.
I0418 08:20:08.621045  7952 caffe.cpp:314] Batch 499, accuracy1+2 = 1
I0418 08:20:08.621045  7952 caffe.cpp:314] Batch 499, accuracy1+2+3 = 1
I0418 08:20:08.730419  6080 data_layer.cpp:128] Prefetch batch: 109 ms.
I0418 08:20:08.730419  6080 data_layer.cpp:129]      Read time: 0 ms.
I0418 08:20:08.730419  6080 data_layer.cpp:130] Transform time: 109.374 ms.
I0418 08:20:09.589834  7952 caffe.cpp:314] Batch 500, accuracy1+2 = 1
I0418 08:20:09.589834  7952 caffe.cpp:314] Batch 500, accuracy1+2+3 = 1
I0418 08:20:09.714843  6080 data_layer.cpp:128] Prefetch batch: 125 ms.
I0418 08:20:09.714843  6080 data_layer.cpp:129]      Read time: 93.755 ms.
I0418 08:20:09.714843  6080 data_layer.cpp:130] Transform time: 31.254 ms.
I0418 08:20:10.574247  7952 caffe.cpp:314] Batch 501, accuracy1+2 = 1
I0418 08:20:10.574247  7952 caffe.cpp:314] Batch 501, accuracy1+2+3 = 1
I0418 08:20:10.699257  6080 data_layer.cpp:128] Prefetch batch: 125 ms.
I0418 08:20:10.699257  6080 data_layer.cpp:129]      Read time: 78.134 ms.
I0418 08:20:10.699257  6080 data_layer.cpp:130] Transform time: 46.876 ms.
I0418 08:20:11.543035  7952 caffe.cpp:314] Batch 502, accuracy1+2 = 1
I0418 08:20:11.543035  7952 caffe.cpp:314] Batch 502, accuracy1+2+3 = 1
I0418 08:20:11.668040  6080 data_layer.cpp:128] Prefetch batch: 125 ms.
I0418 08:20:11.668040  6080 data_layer.cpp:129]      Read time: 93.759 ms.
I0418 08:20:11.668040  6080 data_layer.cpp:130] Transform time: 31.246 ms.
I0418 08:20:12.511823  7952 caffe.cpp:314] Batch 503, accuracy1+2 = 1
I0418 08:20:12.511823  7952 caffe.cpp:314] Batch 503, accuracy1+2+3 = 1
I0418 08:20:12.621204  6080 data_layer.cpp:128] Prefetch batch: 109 ms.
I0418 08:20:12.621204  6080 data_layer.cpp:129]      Read time: 0 ms.
I0418 08:20:12.621204  6080 data_layer.cpp:130] Transform time: 109.381 ms.
I0418 08:20:13.480603  7952 caffe.cpp:314] Batch 504, accuracy1+2 = 1
I0418 08:20:13.480603  7952 caffe.cpp:314] Batch 504, accuracy1+2+3 = 1
I0418 08:20:13.605608  6080 data_layer.cpp:128] Prefetch batch: 125 ms.
I0418 08:20:13.605608  6080 data_layer.cpp:129]      Read time: 93.77 ms.
I0418 08:20:13.605608  6080 data_layer.cpp:130] Transform time: 31.235 ms.
I0418 08:20:14.465023  7952 caffe.cpp:314] Batch 505, accuracy1+2 = 1
I0418 08:20:14.465023  7952 caffe.cpp:314] Batch 505, accuracy1+2+3 = 1
I0418 08:20:14.590036  6080 data_layer.cpp:128] Prefetch batch: 125 ms.
I0418 08:20:14.590036  6080 data_layer.cpp:129]      Read time: 93.759 ms.
I0418 08:20:14.590036  6080 data_layer.cpp:130] Transform time: 31.255 ms.
I0418 08:20:15.433810  7952 caffe.cpp:314] Batch 506, accuracy1+2 = 1
I0418 08:20:15.433810  7952 caffe.cpp:314] Batch 506, accuracy1+2+3 = 1
I0418 08:20:15.558818  6080 data_layer.cpp:128] Prefetch batch: 125 ms.
I0418 08:20:15.558818  6080 data_layer.cpp:129]      Read time: 93.756 ms.
I0418 08:20:15.558818  6080 data_layer.cpp:130] Transform time: 31.252 ms.
I0418 08:20:16.402602  7952 caffe.cpp:314] Batch 507, accuracy1+2 = 1
I0418 08:20:16.402602  7952 caffe.cpp:314] Batch 507, accuracy1+2+3 = 1
I0418 08:20:16.527606  6080 data_layer.cpp:128] Prefetch batch: 125 ms.
I0418 08:20:16.527606  6080 data_layer.cpp:129]      Read time: 93.754 ms.
I0418 08:20:16.527606  6080 data_layer.cpp:130] Transform time: 31.25 ms.
I0418 08:20:17.387017  7952 caffe.cpp:314] Batch 508, accuracy1+2 = 1
I0418 08:20:17.387017  7952 caffe.cpp:314] Batch 508, accuracy1+2+3 = 1
I0418 08:20:17.512017  6080 data_layer.cpp:128] Prefetch batch: 125 ms.
I0418 08:20:17.512017  6080 data_layer.cpp:129]      Read time: 78.124 ms.
I0418 08:20:17.512017  6080 data_layer.cpp:130] Transform time: 46.876 ms.
I0418 08:20:18.355794  7952 caffe.cpp:314] Batch 509, accuracy1+2 = 1
I0418 08:20:18.355794  7952 caffe.cpp:314] Batch 509, accuracy1+2+3 = 1
I0418 08:20:18.480799  6080 data_layer.cpp:128] Prefetch batch: 125 ms.
I0418 08:20:18.480799  6080 data_layer.cpp:129]      Read time: 93.761 ms.
I0418 08:20:18.480799  6080 data_layer.cpp:130] Transform time: 31.244 ms.
I0418 08:20:19.324592  7952 caffe.cpp:314] Batch 510, accuracy1+2 = 1
I0418 08:20:19.324592  7952 caffe.cpp:314] Batch 510, accuracy1+2+3 = 1
I0418 08:20:19.433974  6080 data_layer.cpp:128] Prefetch batch: 109 ms.
I0418 08:20:19.433974  6080 data_layer.cpp:129]      Read time: 0 ms.
I0418 08:20:19.433974  6080 data_layer.cpp:130] Transform time: 109.381 ms.
I0418 08:20:20.293382  7952 caffe.cpp:314] Batch 511, accuracy1+2 = 1
I0418 08:20:20.293382  7952 caffe.cpp:314] Batch 511, accuracy1+2+3 = 1
I0418 08:20:20.418383  6080 data_layer.cpp:128] Prefetch batch: 125 ms.
I0418 08:20:20.418383  6080 data_layer.cpp:129]      Read time: 93.753 ms.
I0418 08:20:20.418383  6080 data_layer.cpp:130] Transform time: 31.248 ms.
I0418 08:20:21.277798  7952 caffe.cpp:314] Batch 512, accuracy1+2 = 1
I0418 08:20:21.277798  7952 caffe.cpp:314] Batch 512, accuracy1+2+3 = 1
I0418 08:20:21.402801  6080 data_layer.cpp:128] Prefetch batch: 125 ms.
I0418 08:20:21.402801  6080 data_layer.cpp:129]      Read time: 78.114 ms.
I0418 08:20:21.402801  6080 data_layer.cpp:130] Transform time: 46.889 ms.
I0418 08:20:22.246582  7952 caffe.cpp:314] Batch 513, accuracy1+2 = 0
I0418 08:20:22.246582  7952 caffe.cpp:314] Batch 513, accuracy1+2+3 = 0
I0418 08:20:22.355952  6080 data_layer.cpp:128] Prefetch batch: 109 ms.
I0418 08:20:22.355952  6080 data_layer.cpp:129]      Read time: 0 ms.
I0418 08:20:22.355952  6080 data_layer.cpp:130] Transform time: 93.751 ms.
I0418 08:20:23.215371  7952 caffe.cpp:314] Batch 514, accuracy1+2 = 1
I0418 08:20:23.215371  7952 caffe.cpp:314] Batch 514, accuracy1+2+3 = 1
I0418 08:20:23.340374  6080 data_layer.cpp:128] Prefetch batch: 125 ms.
I0418 08:20:23.340374  6080 data_layer.cpp:129]      Read time: 78.127 ms.
I0418 08:20:23.340374  6080 data_layer.cpp:130] Transform time: 46.876 ms.
I0418 08:20:24.199787  7952 caffe.cpp:314] Batch 515, accuracy1+2 = 1
I0418 08:20:24.199787  7952 caffe.cpp:314] Batch 515, accuracy1+2+3 = 1
I0418 08:20:24.324787  6080 data_layer.cpp:128] Prefetch batch: 125 ms.
I0418 08:20:24.324787  6080 data_layer.cpp:129]      Read time: 93.748 ms.
I0418 08:20:24.324787  6080 data_layer.cpp:130] Transform time: 31.252 ms.
I0418 08:20:25.168570  7952 caffe.cpp:314] Batch 516, accuracy1+2 = 1
I0418 08:20:25.168570  7952 caffe.cpp:314] Batch 516, accuracy1+2+3 = 1
I0418 08:20:25.293581  6080 data_layer.cpp:128] Prefetch batch: 125 ms.
I0418 08:20:25.293581  6080 data_layer.cpp:129]      Read time: 93.755 ms.
I0418 08:20:25.293581  6080 data_layer.cpp:130] Transform time: 31.256 ms.
I0418 08:20:26.137364  7952 caffe.cpp:314] Batch 517, accuracy1+2 = 1
I0418 08:20:26.137364  7952 caffe.cpp:314] Batch 517, accuracy1+2+3 = 1
I0418 08:20:26.246740  6080 data_layer.cpp:128] Prefetch batch: 109 ms.
I0418 08:20:26.246740  6080 data_layer.cpp:129]      Read time: 0 ms.
I0418 08:20:26.246740  6080 data_layer.cpp:130] Transform time: 109.376 ms.
I0418 08:20:27.106137  7952 caffe.cpp:314] Batch 518, accuracy1+2 = 1
I0418 08:20:27.106137  7952 caffe.cpp:314] Batch 518, accuracy1+2+3 = 1
I0418 08:20:27.231142  6080 data_layer.cpp:128] Prefetch batch: 125 ms.
I0418 08:20:27.231142  6080 data_layer.cpp:129]      Read time: 93.766 ms.
I0418 08:20:27.231142  6080 data_layer.cpp:130] Transform time: 31.239 ms.
I0418 08:20:28.074934  7952 caffe.cpp:314] Batch 519, accuracy1+2 = 1
I0418 08:20:28.074934  7952 caffe.cpp:314] Batch 519, accuracy1+2+3 = 1
I0418 08:20:28.199944  6080 data_layer.cpp:128] Prefetch batch: 125 ms.
I0418 08:20:28.199944  6080 data_layer.cpp:129]      Read time: 93.755 ms.
I0418 08:20:28.199944  6080 data_layer.cpp:130] Transform time: 31.256 ms.
I0418 08:20:29.059345  7952 caffe.cpp:314] Batch 520, accuracy1+2 = 1
I0418 08:20:29.059345  7952 caffe.cpp:314] Batch 520, accuracy1+2+3 = 1
I0418 08:20:29.184358  6080 data_layer.cpp:128] Prefetch batch: 125 ms.
I0418 08:20:29.184358  6080 data_layer.cpp:129]      Read time: 93.759 ms.
I0418 08:20:29.184358  6080 data_layer.cpp:130] Transform time: 31.254 ms.
I0418 08:20:30.028139  7952 caffe.cpp:314] Batch 521, accuracy1+2 = 1
I0418 08:20:30.028139  7952 caffe.cpp:314] Batch 521, accuracy1+2+3 = 1
I0418 08:20:30.153153  6080 data_layer.cpp:128] Prefetch batch: 125 ms.
I0418 08:20:30.153153  6080 data_layer.cpp:129]      Read time: 93.75 ms.
I0418 08:20:30.153153  6080 data_layer.cpp:130] Transform time: 31.264 ms.
I0418 08:20:30.996929  7952 caffe.cpp:314] Batch 522, accuracy1+2 = 1
I0418 08:20:30.996929  7952 caffe.cpp:314] Batch 522, accuracy1+2+3 = 1
I0418 08:20:31.106294  6080 data_layer.cpp:128] Prefetch batch: 109 ms.
I0418 08:20:31.106294  6080 data_layer.cpp:129]      Read time: 0 ms.
I0418 08:20:31.106294  6080 data_layer.cpp:130] Transform time: 109.365 ms.
I0418 08:20:31.965715  7952 caffe.cpp:314] Batch 523, accuracy1+2 = 1
I0418 08:20:31.965715  7952 caffe.cpp:314] Batch 523, accuracy1+2+3 = 1
I0418 08:20:32.090715  6080 data_layer.cpp:128] Prefetch batch: 125 ms.
I0418 08:20:32.090715  6080 data_layer.cpp:129]      Read time: 93.757 ms.
I0418 08:20:32.090715  6080 data_layer.cpp:130] Transform time: 31.243 ms.
I0418 08:20:32.950129  7952 caffe.cpp:314] Batch 524, accuracy1+2 = 1
I0418 08:20:32.950129  7952 caffe.cpp:314] Batch 524, accuracy1+2+3 = 1
I0418 08:20:33.075134  6080 data_layer.cpp:128] Prefetch batch: 125 ms.
I0418 08:20:33.075134  6080 data_layer.cpp:129]      Read time: 93.749 ms.
I0418 08:20:33.075134  6080 data_layer.cpp:130] Transform time: 31.256 ms.
I0418 08:20:33.918912  7952 caffe.cpp:314] Batch 525, accuracy1+2 = 1
I0418 08:20:33.918912  7952 caffe.cpp:314] Batch 525, accuracy1+2+3 = 1
I0418 08:20:34.043918  6080 data_layer.cpp:128] Prefetch batch: 125 ms.
I0418 08:20:34.043918  6080 data_layer.cpp:129]      Read time: 93.757 ms.
I0418 08:20:34.043918  6080 data_layer.cpp:130] Transform time: 31.249 ms.
I0418 08:20:34.887703  7952 caffe.cpp:314] Batch 526, accuracy1+2 = 1
I0418 08:20:34.887703  7952 caffe.cpp:314] Batch 526, accuracy1+2+3 = 1
I0418 08:20:35.028333  6080 data_layer.cpp:128] Prefetch batch: 140 ms.
I0418 08:20:35.028333  6080 data_layer.cpp:129]      Read time: 93.743 ms.
I0418 08:20:35.028333  6080 data_layer.cpp:130] Transform time: 46.887 ms.
I0418 08:20:35.872122  7952 caffe.cpp:314] Batch 527, accuracy1+2 = 1
I0418 08:20:35.872122  7952 caffe.cpp:314] Batch 527, accuracy1+2+3 = 1
I0418 08:20:35.997122  6080 data_layer.cpp:128] Prefetch batch: 125 ms.
I0418 08:20:35.997122  6080 data_layer.cpp:129]      Read time: 93.757 ms.
I0418 08:20:35.997122  6080 data_layer.cpp:130] Transform time: 31.243 ms.
I0418 08:20:36.840901  7952 caffe.cpp:314] Batch 528, accuracy1+2 = 1
I0418 08:20:36.840901  7952 caffe.cpp:314] Batch 528, accuracy1+2+3 = 1
I0418 08:20:36.950281  6080 data_layer.cpp:128] Prefetch batch: 109 ms.
I0418 08:20:36.950281  6080 data_layer.cpp:129]      Read time: 0 ms.
I0418 08:20:36.950281  6080 data_layer.cpp:130] Transform time: 109.38 ms.
I0418 08:20:37.809693  7952 caffe.cpp:314] Batch 529, accuracy1+2 = 1
I0418 08:20:37.809693  7952 caffe.cpp:314] Batch 529, accuracy1+2+3 = 1
I0418 08:20:37.950322  6080 data_layer.cpp:128] Prefetch batch: 140 ms.
I0418 08:20:37.950322  6080 data_layer.cpp:129]      Read time: 93.753 ms.
I0418 08:20:37.950322  6080 data_layer.cpp:130] Transform time: 46.876 ms.
I0418 08:20:38.825359  7952 caffe.cpp:314] Batch 530, accuracy1+2 = 1
I0418 08:20:38.825359  7952 caffe.cpp:314] Batch 530, accuracy1+2+3 = 1
I0418 08:20:38.950358  6080 data_layer.cpp:128] Prefetch batch: 124 ms.
I0418 08:20:38.950358  6080 data_layer.cpp:129]      Read time: 93.754 ms.
I0418 08:20:38.950358  6080 data_layer.cpp:130] Transform time: 31.245 ms.
I0418 08:20:39.825395  7952 caffe.cpp:314] Batch 531, accuracy1+2 = 1
I0418 08:20:39.841022  7952 caffe.cpp:314] Batch 531, accuracy1+2+3 = 1
I0418 08:20:39.966028  6080 data_layer.cpp:128] Prefetch batch: 125 ms.
I0418 08:20:39.966028  6080 data_layer.cpp:129]      Read time: 78.128 ms.
I0418 08:20:39.966028  6080 data_layer.cpp:130] Transform time: 46.878 ms.
I0418 08:20:40.809813  7952 caffe.cpp:314] Batch 532, accuracy1+2 = 1
I0418 08:20:40.809813  7952 caffe.cpp:314] Batch 532, accuracy1+2+3 = 1
I0418 08:20:40.903563  6080 data_layer.cpp:128] Prefetch batch: 93 ms.
I0418 08:20:40.903563  6080 data_layer.cpp:129]      Read time: 0 ms.
I0418 08:20:40.903563  6080 data_layer.cpp:130] Transform time: 93.75 ms.
I0418 08:20:41.778595  7952 caffe.cpp:314] Batch 533, accuracy1+2 = 1
I0418 08:20:41.778595  7952 caffe.cpp:314] Batch 533, accuracy1+2+3 = 1
I0418 08:20:41.903605  6080 data_layer.cpp:128] Prefetch batch: 125 ms.
I0418 08:20:41.903605  6080 data_layer.cpp:129]      Read time: 93.757 ms.
I0418 08:20:41.903605  6080 data_layer.cpp:130] Transform time: 31.253 ms.
I0418 08:20:42.747390  7952 caffe.cpp:314] Batch 534, accuracy1+2 = 1
I0418 08:20:42.747390  7952 caffe.cpp:314] Batch 534, accuracy1+2+3 = 1
I0418 08:20:42.872390  6080 data_layer.cpp:128] Prefetch batch: 124 ms.
I0418 08:20:42.872390  6080 data_layer.cpp:129]      Read time: 93.747 ms.
I0418 08:20:42.872390  6080 data_layer.cpp:130] Transform time: 31.252 ms.
I0418 08:20:43.731789  7952 caffe.cpp:314] Batch 535, accuracy1+2 = 1
I0418 08:20:43.731789  7952 caffe.cpp:314] Batch 535, accuracy1+2+3 = 1
I0418 08:20:43.856794  6080 data_layer.cpp:128] Prefetch batch: 125 ms.
I0418 08:20:43.856794  6080 data_layer.cpp:129]      Read time: 78.143 ms.
I0418 08:20:43.856794  6080 data_layer.cpp:130] Transform time: 46.862 ms.
I0418 08:20:44.700594  7952 caffe.cpp:314] Batch 536, accuracy1+2 = 1
I0418 08:20:44.700594  7952 caffe.cpp:314] Batch 536, accuracy1+2+3 = 1
I0418 08:20:44.809968  6080 data_layer.cpp:128] Prefetch batch: 109 ms.
I0418 08:20:44.809968  6080 data_layer.cpp:129]      Read time: 0 ms.
I0418 08:20:44.809968  6080 data_layer.cpp:130] Transform time: 109.374 ms.
I0418 08:20:45.669378  7952 caffe.cpp:314] Batch 537, accuracy1+2 = 1
I0418 08:20:45.669378  7952 caffe.cpp:314] Batch 537, accuracy1+2+3 = 1
I0418 08:20:45.794381  6080 data_layer.cpp:128] Prefetch batch: 125 ms.
I0418 08:20:45.794381  6080 data_layer.cpp:129]      Read time: 93.752 ms.
I0418 08:20:45.794381  6080 data_layer.cpp:130] Transform time: 31.252 ms.
I0418 08:20:46.638164  7952 caffe.cpp:314] Batch 538, accuracy1+2 = 1
I0418 08:20:46.638164  7952 caffe.cpp:314] Batch 538, accuracy1+2+3 = 1
I0418 08:20:46.778801  6080 data_layer.cpp:128] Prefetch batch: 140 ms.
I0418 08:20:46.778801  6080 data_layer.cpp:129]      Read time: 93.744 ms.
I0418 08:20:46.778801  6080 data_layer.cpp:130] Transform time: 46.894 ms.
I0418 08:20:47.622578  7952 caffe.cpp:314] Batch 539, accuracy1+2 = 1
I0418 08:20:47.622578  7952 caffe.cpp:314] Batch 539, accuracy1+2+3 = 1
I0418 08:20:47.747581  6080 data_layer.cpp:128] Prefetch batch: 125 ms.
I0418 08:20:47.747581  6080 data_layer.cpp:129]      Read time: 93.755 ms.
I0418 08:20:47.747581  6080 data_layer.cpp:130] Transform time: 31.248 ms.
I0418 08:20:48.591365  7952 caffe.cpp:314] Batch 540, accuracy1+2 = 1
I0418 08:20:48.591365  7952 caffe.cpp:314] Batch 540, accuracy1+2+3 = 1
I0418 08:20:48.716373  6080 data_layer.cpp:128] Prefetch batch: 125 ms.
I0418 08:20:48.716373  6080 data_layer.cpp:129]      Read time: 93.755 ms.
I0418 08:20:48.716373  6080 data_layer.cpp:130] Transform time: 31.253 ms.
I0418 08:20:49.560155  7952 caffe.cpp:314] Batch 541, accuracy1+2 = 0
I0418 08:20:49.560155  7952 caffe.cpp:314] Batch 541, accuracy1+2+3 = 0
I0418 08:20:49.685164  6080 data_layer.cpp:128] Prefetch batch: 125 ms.
I0418 08:20:49.685164  6080 data_layer.cpp:129]      Read time: 93.755 ms.
I0418 08:20:49.685164  6080 data_layer.cpp:130] Transform time: 31.254 ms.
I0418 08:20:50.544569  7952 caffe.cpp:314] Batch 542, accuracy1+2 = 1
I0418 08:20:50.544569  7952 caffe.cpp:314] Batch 542, accuracy1+2+3 = 1
I0418 08:20:50.638322  6080 data_layer.cpp:128] Prefetch batch: 93 ms.
I0418 08:20:50.638322  6080 data_layer.cpp:129]      Read time: 0 ms.
I0418 08:20:50.638322  6080 data_layer.cpp:130] Transform time: 93.753 ms.
I0418 08:20:51.513356  7952 caffe.cpp:314] Batch 543, accuracy1+2 = 1
I0418 08:20:51.513356  7952 caffe.cpp:314] Batch 543, accuracy1+2+3 = 1
I0418 08:20:51.638360  6080 data_layer.cpp:128] Prefetch batch: 125 ms.
I0418 08:20:51.638360  6080 data_layer.cpp:129]      Read time: 93.75 ms.
I0418 08:20:51.638360  6080 data_layer.cpp:130] Transform time: 31.253 ms.
I0418 08:20:52.482134  7952 caffe.cpp:314] Batch 544, accuracy1+2 = 1
I0418 08:20:52.482134  7952 caffe.cpp:314] Batch 544, accuracy1+2+3 = 1
I0418 08:20:52.607141  6080 data_layer.cpp:128] Prefetch batch: 125 ms.
I0418 08:20:52.607141  6080 data_layer.cpp:129]      Read time: 93.767 ms.
I0418 08:20:52.607141  6080 data_layer.cpp:130] Transform time: 31.24 ms.
I0418 08:20:53.450932  7952 caffe.cpp:314] Batch 545, accuracy1+2 = 1
I0418 08:20:53.450932  7952 caffe.cpp:314] Batch 545, accuracy1+2+3 = 1
I0418 08:20:53.575938  6080 data_layer.cpp:128] Prefetch batch: 125 ms.
I0418 08:20:53.591559  6080 data_layer.cpp:129]      Read time: 93.754 ms.
I0418 08:20:53.591559  6080 data_layer.cpp:130] Transform time: 31.253 ms.
I0418 08:20:54.435343  7952 caffe.cpp:314] Batch 546, accuracy1+2 = 1
I0418 08:20:54.435343  7952 caffe.cpp:314] Batch 546, accuracy1+2+3 = 1
I0418 08:20:54.560349  6080 data_layer.cpp:128] Prefetch batch: 125 ms.
I0418 08:20:54.560349  6080 data_layer.cpp:129]      Read time: 93.754 ms.
I0418 08:20:54.560349  6080 data_layer.cpp:130] Transform time: 31.253 ms.
I0418 08:20:55.404130  7952 caffe.cpp:314] Batch 547, accuracy1+2 = 1
I0418 08:20:55.404130  7952 caffe.cpp:314] Batch 547, accuracy1+2+3 = 1
I0418 08:20:55.529141  6080 data_layer.cpp:128] Prefetch batch: 125 ms.
I0418 08:20:55.529141  6080 data_layer.cpp:129]      Read time: 93.757 ms.
I0418 08:20:55.529141  6080 data_layer.cpp:130] Transform time: 31.254 ms.
I0418 08:20:56.372921  7952 caffe.cpp:314] Batch 548, accuracy1+2 = 0
I0418 08:20:56.372921  7952 caffe.cpp:314] Batch 548, accuracy1+2+3 = 0
I0418 08:20:56.482295  6080 data_layer.cpp:128] Prefetch batch: 109 ms.
I0418 08:20:56.482295  6080 data_layer.cpp:129]      Read time: 0 ms.
I0418 08:20:56.482295  6080 data_layer.cpp:130] Transform time: 109.374 ms.
I0418 08:20:57.357369  7952 caffe.cpp:314] Batch 549, accuracy1+2 = 0
I0418 08:20:57.357369  7952 caffe.cpp:314] Batch 549, accuracy1+2+3 = 1
I0418 08:20:57.482334  6080 data_layer.cpp:128] Prefetch batch: 124 ms.
I0418 08:20:57.482334  6080 data_layer.cpp:129]      Read time: 78.096 ms.
I0418 08:20:57.482334  6080 data_layer.cpp:130] Transform time: 46.869 ms.
I0418 08:20:58.326123  7952 caffe.cpp:314] Batch 550, accuracy1+2 = 0
I0418 08:20:58.326123  7952 caffe.cpp:314] Batch 550, accuracy1+2+3 = 0
I0418 08:20:58.451136  6080 data_layer.cpp:128] Prefetch batch: 125 ms.
I0418 08:20:58.451136  6080 data_layer.cpp:129]      Read time: 93.756 ms.
I0418 08:20:58.451136  6080 data_layer.cpp:130] Transform time: 31.257 ms.
I0418 08:20:59.294914  7952 caffe.cpp:314] Batch 551, accuracy1+2 = 1
I0418 08:20:59.294914  7952 caffe.cpp:314] Batch 551, accuracy1+2+3 = 1
I0418 08:20:59.419914  6080 data_layer.cpp:128] Prefetch batch: 125 ms.
I0418 08:20:59.419914  6080 data_layer.cpp:129]      Read time: 93.752 ms.
I0418 08:20:59.419914  6080 data_layer.cpp:130] Transform time: 31.249 ms.
I0418 08:21:00.279326  7952 caffe.cpp:314] Batch 552, accuracy1+2 = 1
I0418 08:21:00.279326  7952 caffe.cpp:314] Batch 552, accuracy1+2+3 = 1
I0418 08:21:00.404330  6080 data_layer.cpp:128] Prefetch batch: 125 ms.
I0418 08:21:00.404330  6080 data_layer.cpp:129]      Read time: 78.127 ms.
I0418 08:21:00.404330  6080 data_layer.cpp:130] Transform time: 46.877 ms.
I0418 08:21:01.248108  7952 caffe.cpp:314] Batch 553, accuracy1+2 = 1
I0418 08:21:01.248108  7952 caffe.cpp:314] Batch 553, accuracy1+2+3 = 1
I0418 08:21:01.357514  6080 data_layer.cpp:128] Prefetch batch: 109 ms.
I0418 08:21:01.357514  6080 data_layer.cpp:129]      Read time: 0 ms.
I0418 08:21:01.357514  6080 data_layer.cpp:130] Transform time: 109.406 ms.
I0418 08:21:02.216900  7952 caffe.cpp:314] Batch 554, accuracy1+2 = 0
I0418 08:21:02.216900  7952 caffe.cpp:314] Batch 554, accuracy1+2+3 = 1
I0418 08:21:02.341909  6080 data_layer.cpp:128] Prefetch batch: 125 ms.
I0418 08:21:02.341909  6080 data_layer.cpp:129]      Read time: 93.755 ms.
I0418 08:21:02.341909  6080 data_layer.cpp:130] Transform time: 31.254 ms.
I0418 08:21:03.201318  7952 caffe.cpp:314] Batch 555, accuracy1+2 = 1
I0418 08:21:03.201318  7952 caffe.cpp:314] Batch 555, accuracy1+2+3 = 1
I0418 08:21:03.326321  6080 data_layer.cpp:128] Prefetch batch: 125 ms.
I0418 08:21:03.326321  6080 data_layer.cpp:129]      Read time: 78.125 ms.
I0418 08:21:03.326321  6080 data_layer.cpp:130] Transform time: 46.878 ms.
I0418 08:21:04.170099  7952 caffe.cpp:314] Batch 556, accuracy1+2 = 1
I0418 08:21:04.170099  7952 caffe.cpp:314] Batch 556, accuracy1+2+3 = 1
I0418 08:21:04.295101  6080 data_layer.cpp:128] Prefetch batch: 125 ms.
I0418 08:21:04.295101  6080 data_layer.cpp:129]      Read time: 93.759 ms.
I0418 08:21:04.295101  6080 data_layer.cpp:130] Transform time: 31.243 ms.
I0418 08:21:05.138890  7952 caffe.cpp:314] Batch 557, accuracy1+2 = 0
I0418 08:21:05.138890  7952 caffe.cpp:314] Batch 557, accuracy1+2+3 = 0
I0418 08:21:05.263898  6080 data_layer.cpp:128] Prefetch batch: 125 ms.
I0418 08:21:05.263898  6080 data_layer.cpp:129]      Read time: 93.748 ms.
I0418 08:21:05.279517  6080 data_layer.cpp:130] Transform time: 31.26 ms.
I0418 08:21:06.123304  7952 caffe.cpp:314] Batch 558, accuracy1+2 = 1
I0418 08:21:06.123304  7952 caffe.cpp:314] Batch 558, accuracy1+2+3 = 1
I0418 08:21:06.217061  6080 data_layer.cpp:128] Prefetch batch: 93 ms.
I0418 08:21:06.217061  6080 data_layer.cpp:129]      Read time: 0 ms.
I0418 08:21:06.217061  6080 data_layer.cpp:130] Transform time: 93.757 ms.
I0418 08:21:07.092095  7952 caffe.cpp:314] Batch 559, accuracy1+2 = 1
I0418 08:21:07.092095  7952 caffe.cpp:314] Batch 559, accuracy1+2+3 = 1
I0418 08:21:07.217097  6080 data_layer.cpp:128] Prefetch batch: 125 ms.
I0418 08:21:07.217097  6080 data_layer.cpp:129]      Read time: 93.752 ms.
I0418 08:21:07.217097  6080 data_layer.cpp:130] Transform time: 31.25 ms.
I0418 08:21:08.060880  7952 caffe.cpp:314] Batch 560, accuracy1+2 = 1
I0418 08:21:08.060880  7952 caffe.cpp:314] Batch 560, accuracy1+2+3 = 1
I0418 08:21:08.185881  6080 data_layer.cpp:128] Prefetch batch: 125 ms.
I0418 08:21:08.185881  6080 data_layer.cpp:129]      Read time: 93.756 ms.
I0418 08:21:08.185881  6080 data_layer.cpp:130] Transform time: 31.245 ms.
I0418 08:21:09.045290  7952 caffe.cpp:314] Batch 561, accuracy1+2 = 0
I0418 08:21:09.045290  7952 caffe.cpp:314] Batch 561, accuracy1+2+3 = 0
I0418 08:21:09.170295  6080 data_layer.cpp:128] Prefetch batch: 125 ms.
I0418 08:21:09.170295  6080 data_layer.cpp:129]      Read time: 93.76 ms.
I0418 08:21:09.170295  6080 data_layer.cpp:130] Transform time: 31.245 ms.
I0418 08:21:10.029711  7952 caffe.cpp:314] Batch 562, accuracy1+2 = 1
I0418 08:21:10.029711  7952 caffe.cpp:314] Batch 562, accuracy1+2+3 = 1
I0418 08:21:10.139076  6080 data_layer.cpp:128] Prefetch batch: 109 ms.
I0418 08:21:10.139076  6080 data_layer.cpp:129]      Read time: 0 ms.
I0418 08:21:10.139076  6080 data_layer.cpp:130] Transform time: 109.365 ms.
I0418 08:21:11.029743  7952 caffe.cpp:314] Batch 563, accuracy1+2 = 1
I0418 08:21:11.029743  7952 caffe.cpp:314] Batch 563, accuracy1+2+3 = 1
I0418 08:21:11.154753  6080 data_layer.cpp:128] Prefetch batch: 125 ms.
I0418 08:21:11.154753  6080 data_layer.cpp:129]      Read time: 93.759 ms.
I0418 08:21:11.154753  6080 data_layer.cpp:130] Transform time: 31.251 ms.
I0418 08:21:11.998531  7952 caffe.cpp:314] Batch 564, accuracy1+2 = 1
I0418 08:21:11.998531  7952 caffe.cpp:314] Batch 564, accuracy1+2+3 = 1
I0418 08:21:12.123536  6080 data_layer.cpp:128] Prefetch batch: 125 ms.
I0418 08:21:12.123536  6080 data_layer.cpp:129]      Read time: 93.754 ms.
I0418 08:21:12.123536  6080 data_layer.cpp:130] Transform time: 31.251 ms.
I0418 08:21:12.982950  7952 caffe.cpp:314] Batch 565, accuracy1+2 = 0
I0418 08:21:12.982950  7952 caffe.cpp:314] Batch 565, accuracy1+2+3 = 0
I0418 08:21:13.107949  6080 data_layer.cpp:128] Prefetch batch: 124 ms.
I0418 08:21:13.107949  6080 data_layer.cpp:129]      Read time: 78.127 ms.
I0418 08:21:13.107949  6080 data_layer.cpp:130] Transform time: 46.872 ms.
I0418 08:21:13.951735  7952 caffe.cpp:314] Batch 566, accuracy1+2 = 1
I0418 08:21:13.951735  7952 caffe.cpp:314] Batch 566, accuracy1+2+3 = 1
I0418 08:21:14.076742  6080 data_layer.cpp:128] Prefetch batch: 125 ms.
I0418 08:21:14.076742  6080 data_layer.cpp:129]      Read time: 93.745 ms.
I0418 08:21:14.076742  6080 data_layer.cpp:130] Transform time: 31.262 ms.
I0418 08:21:14.920524  7952 caffe.cpp:314] Batch 567, accuracy1+2 = 1
I0418 08:21:14.920524  7952 caffe.cpp:314] Batch 567, accuracy1+2+3 = 1
I0418 08:21:15.045527  6080 data_layer.cpp:128] Prefetch batch: 125 ms.
I0418 08:21:15.045527  6080 data_layer.cpp:129]      Read time: 93.756 ms.
I0418 08:21:15.045527  6080 data_layer.cpp:130] Transform time: 31.247 ms.
I0418 08:21:15.904927  7952 caffe.cpp:314] Batch 568, accuracy1+2 = 1
I0418 08:21:15.904927  7952 caffe.cpp:314] Batch 568, accuracy1+2+3 = 1
I0418 08:21:16.014348  6080 data_layer.cpp:128] Prefetch batch: 109 ms.
I0418 08:21:16.014348  6080 data_layer.cpp:129]      Read time: 0 ms.
I0418 08:21:16.014348  6080 data_layer.cpp:130] Transform time: 109.421 ms.
I0418 08:21:16.904975  7952 caffe.cpp:314] Batch 569, accuracy1+2 = 0
I0418 08:21:16.904975  7952 caffe.cpp:314] Batch 569, accuracy1+2+3 = 0
I0418 08:21:17.045610  6080 data_layer.cpp:128] Prefetch batch: 140 ms.
I0418 08:21:17.045610  6080 data_layer.cpp:129]      Read time: 93.752 ms.
I0418 08:21:17.045610  6080 data_layer.cpp:130] Transform time: 46.883 ms.
I0418 08:21:17.920632  7952 caffe.cpp:314] Batch 570, accuracy1+2 = 0
I0418 08:21:17.920632  7952 caffe.cpp:314] Batch 570, accuracy1+2+3 = 0
I0418 08:21:18.045636  6080 data_layer.cpp:128] Prefetch batch: 125 ms.
I0418 08:21:18.045636  6080 data_layer.cpp:129]      Read time: 93.768 ms.
I0418 08:21:18.045636  6080 data_layer.cpp:130] Transform time: 31.236 ms.
I0418 08:21:18.905058  7952 caffe.cpp:314] Batch 571, accuracy1+2 = 0
I0418 08:21:18.905058  7952 caffe.cpp:314] Batch 571, accuracy1+2+3 = 0
I0418 08:21:19.045683  6080 data_layer.cpp:128] Prefetch batch: 140 ms.
I0418 08:21:19.045683  6080 data_layer.cpp:129]      Read time: 93.752 ms.
I0418 08:21:19.045683  6080 data_layer.cpp:130] Transform time: 46.873 ms.
I0418 08:21:19.889470  7952 caffe.cpp:314] Batch 572, accuracy1+2 = 1
I0418 08:21:19.889470  7952 caffe.cpp:314] Batch 572, accuracy1+2+3 = 1
I0418 08:21:20.014472  6080 data_layer.cpp:128] Prefetch batch: 125 ms.
I0418 08:21:20.014472  6080 data_layer.cpp:129]      Read time: 93.756 ms.
I0418 08:21:20.014472  6080 data_layer.cpp:130] Transform time: 31.245 ms.
I0418 08:21:20.858253  7952 caffe.cpp:314] Batch 573, accuracy1+2 = 0
I0418 08:21:20.858253  7952 caffe.cpp:314] Batch 573, accuracy1+2+3 = 0
I0418 08:21:20.983265  6080 data_layer.cpp:128] Prefetch batch: 125 ms.
I0418 08:21:20.983265  6080 data_layer.cpp:129]      Read time: 93.76 ms.
I0418 08:21:20.983265  6080 data_layer.cpp:130] Transform time: 31.252 ms.
I0418 08:21:21.827049  7952 caffe.cpp:314] Batch 574, accuracy1+2 = 0
I0418 08:21:21.827049  7952 caffe.cpp:314] Batch 574, accuracy1+2+3 = 0
I0418 08:21:21.952054  6080 data_layer.cpp:128] Prefetch batch: 125 ms.
I0418 08:21:21.952054  6080 data_layer.cpp:129]      Read time: 93.75 ms.
I0418 08:21:21.967676  6080 data_layer.cpp:130] Transform time: 31.254 ms.
I0418 08:21:22.811456  7952 caffe.cpp:314] Batch 575, accuracy1+2 = 1
I0418 08:21:22.811456  7952 caffe.cpp:314] Batch 575, accuracy1+2+3 = 1
I0418 08:21:22.905215  6080 data_layer.cpp:128] Prefetch batch: 93 ms.
I0418 08:21:22.905215  6080 data_layer.cpp:129]      Read time: 0 ms.
I0418 08:21:22.905215  6080 data_layer.cpp:130] Transform time: 93.759 ms.
I0418 08:21:23.780251  7952 caffe.cpp:314] Batch 576, accuracy1+2 = 0
I0418 08:21:23.780251  7952 caffe.cpp:314] Batch 576, accuracy1+2+3 = 0
I0418 08:21:23.905251  6080 data_layer.cpp:128] Prefetch batch: 125 ms.
I0418 08:21:23.905251  6080 data_layer.cpp:129]      Read time: 93.745 ms.
I0418 08:21:23.905251  6080 data_layer.cpp:130] Transform time: 31.256 ms.
I0418 08:21:24.749032  7952 caffe.cpp:314] Batch 577, accuracy1+2 = 0
I0418 08:21:24.764649  7952 caffe.cpp:314] Batch 577, accuracy1+2+3 = 1
I0418 08:21:24.889662  6080 data_layer.cpp:128] Prefetch batch: 125 ms.
I0418 08:21:24.889662  6080 data_layer.cpp:129]      Read time: 78.135 ms.
I0418 08:21:24.889662  6080 data_layer.cpp:130] Transform time: 46.878 ms.
I0418 08:21:25.733448  7952 caffe.cpp:314] Batch 578, accuracy1+2 = 1
I0418 08:21:25.733448  7952 caffe.cpp:314] Batch 578, accuracy1+2+3 = 1
I0418 08:21:25.858456  6080 data_layer.cpp:128] Prefetch batch: 125 ms.
I0418 08:21:25.858456  6080 data_layer.cpp:129]      Read time: 78.13 ms.
I0418 08:21:25.858456  6080 data_layer.cpp:130] Transform time: 46.878 ms.
I0418 08:21:26.702226  7952 caffe.cpp:314] Batch 579, accuracy1+2 = 0
I0418 08:21:26.702226  7952 caffe.cpp:314] Batch 579, accuracy1+2+3 = 0
I0418 08:21:26.827239  6080 data_layer.cpp:128] Prefetch batch: 125 ms.
I0418 08:21:26.827239  6080 data_layer.cpp:129]      Read time: 62.513 ms.
I0418 08:21:26.827239  6080 data_layer.cpp:130] Transform time: 62.499 ms.
I0418 08:21:27.671025  7952 caffe.cpp:314] Batch 580, accuracy1+2 = 0
I0418 08:21:27.671025  7952 caffe.cpp:314] Batch 580, accuracy1+2+3 = 0
I0418 08:21:27.796026  6080 data_layer.cpp:128] Prefetch batch: 125 ms.
I0418 08:21:27.796026  6080 data_layer.cpp:129]      Read time: 93.758 ms.
I0418 08:21:27.796026  6080 data_layer.cpp:130] Transform time: 31.244 ms.
I0418 08:21:28.655442  7952 caffe.cpp:314] Batch 581, accuracy1+2 = 1
I0418 08:21:28.655442  7952 caffe.cpp:314] Batch 581, accuracy1+2+3 = 1
I0418 08:21:28.780439  6080 data_layer.cpp:128] Prefetch batch: 124 ms.
I0418 08:21:28.780439  6080 data_layer.cpp:129]      Read time: 31.251 ms.
I0418 08:21:28.780439  6080 data_layer.cpp:130] Transform time: 93.746 ms.
I0418 08:21:29.624228  7952 caffe.cpp:314] Batch 582, accuracy1+2 = 1
I0418 08:21:29.624228  7952 caffe.cpp:314] Batch 582, accuracy1+2+3 = 1
I0418 08:21:29.749231  6080 data_layer.cpp:128] Prefetch batch: 125 ms.
I0418 08:21:29.749231  6080 data_layer.cpp:129]      Read time: 93.749 ms.
I0418 08:21:29.749231  6080 data_layer.cpp:130] Transform time: 31.254 ms.
I0418 08:21:30.593013  7952 caffe.cpp:314] Batch 583, accuracy1+2 = 1
I0418 08:21:30.593013  7952 caffe.cpp:314] Batch 583, accuracy1+2+3 = 1
I0418 08:21:30.733649  6080 data_layer.cpp:128] Prefetch batch: 140 ms.
I0418 08:21:30.733649  6080 data_layer.cpp:129]      Read time: 93.752 ms.
I0418 08:21:30.733649  6080 data_layer.cpp:130] Transform time: 46.884 ms.
I0418 08:21:31.577430  7952 caffe.cpp:314] Batch 584, accuracy1+2 = 1
I0418 08:21:31.577430  7952 caffe.cpp:314] Batch 584, accuracy1+2+3 = 1
I0418 08:21:31.702435  6080 data_layer.cpp:128] Prefetch batch: 125 ms.
I0418 08:21:31.702435  6080 data_layer.cpp:129]      Read time: 93.754 ms.
I0418 08:21:31.702435  6080 data_layer.cpp:130] Transform time: 31.25 ms.
I0418 08:21:32.546218  7952 caffe.cpp:314] Batch 585, accuracy1+2 = 1
I0418 08:21:32.546218  7952 caffe.cpp:314] Batch 585, accuracy1+2+3 = 1
I0418 08:21:32.671223  6080 data_layer.cpp:128] Prefetch batch: 125 ms.
I0418 08:21:32.671223  6080 data_layer.cpp:129]      Read time: 93.752 ms.
I0418 08:21:32.671223  6080 data_layer.cpp:130] Transform time: 31.253 ms.
I0418 08:21:33.530625  7952 caffe.cpp:314] Batch 586, accuracy1+2 = 1
I0418 08:21:33.530625  7952 caffe.cpp:314] Batch 586, accuracy1+2+3 = 1
I0418 08:21:33.624383  6080 data_layer.cpp:128] Prefetch batch: 93 ms.
I0418 08:21:33.624383  6080 data_layer.cpp:129]      Read time: 0 ms.
I0418 08:21:33.624383  6080 data_layer.cpp:130] Transform time: 93.758 ms.
I0418 08:21:34.499413  7952 caffe.cpp:314] Batch 587, accuracy1+2 = 1
I0418 08:21:34.499413  7952 caffe.cpp:314] Batch 587, accuracy1+2+3 = 1
I0418 08:21:34.624420  6080 data_layer.cpp:128] Prefetch batch: 125 ms.
I0418 08:21:34.624420  6080 data_layer.cpp:129]      Read time: 93.756 ms.
I0418 08:21:34.624420  6080 data_layer.cpp:130] Transform time: 31.251 ms.
I0418 08:21:35.468204  7952 caffe.cpp:314] Batch 588, accuracy1+2 = 1
I0418 08:21:35.468204  7952 caffe.cpp:314] Batch 588, accuracy1+2+3 = 1
I0418 08:21:35.593214  6080 data_layer.cpp:128] Prefetch batch: 125 ms.
I0418 08:21:35.593214  6080 data_layer.cpp:129]      Read time: 93.756 ms.
I0418 08:21:35.593214  6080 data_layer.cpp:130] Transform time: 31.254 ms.
I0418 08:21:36.436990  7952 caffe.cpp:314] Batch 589, accuracy1+2 = 0
I0418 08:21:36.452617  7952 caffe.cpp:314] Batch 589, accuracy1+2+3 = 0
I0418 08:21:36.577621  6080 data_layer.cpp:128] Prefetch batch: 125 ms.
I0418 08:21:36.577621  6080 data_layer.cpp:129]      Read time: 78.131 ms.
I0418 08:21:36.577621  6080 data_layer.cpp:130] Transform time: 46.873 ms.
I0418 08:21:37.421407  7952 caffe.cpp:314] Batch 590, accuracy1+2 = 1
I0418 08:21:37.421407  7952 caffe.cpp:314] Batch 590, accuracy1+2+3 = 1
I0418 08:21:37.546411  6080 data_layer.cpp:128] Prefetch batch: 125 ms.
I0418 08:21:37.546411  6080 data_layer.cpp:129]      Read time: 93.748 ms.
I0418 08:21:37.546411  6080 data_layer.cpp:130] Transform time: 31.256 ms.
I0418 08:21:38.390198  7952 caffe.cpp:314] Batch 591, accuracy1+2 = 1
I0418 08:21:38.390198  7952 caffe.cpp:314] Batch 591, accuracy1+2+3 = 1
I0418 08:21:38.499570  6080 data_layer.cpp:128] Prefetch batch: 109 ms.
I0418 08:21:38.499570  6080 data_layer.cpp:129]      Read time: 0 ms.
I0418 08:21:38.499570  6080 data_layer.cpp:130] Transform time: 109.372 ms.
I0418 08:21:39.374608  7952 caffe.cpp:314] Batch 592, accuracy1+2 = 1
I0418 08:21:39.374608  7952 caffe.cpp:314] Batch 592, accuracy1+2+3 = 1
I0418 08:21:39.499610  6080 data_layer.cpp:128] Prefetch batch: 125 ms.
I0418 08:21:39.499610  6080 data_layer.cpp:129]      Read time: 93.758 ms.
I0418 08:21:39.499610  6080 data_layer.cpp:130] Transform time: 31.245 ms.
I0418 08:21:40.343399  7952 caffe.cpp:314] Batch 593, accuracy1+2 = 1
I0418 08:21:40.343399  7952 caffe.cpp:314] Batch 593, accuracy1+2+3 = 1
I0418 08:21:40.468405  6080 data_layer.cpp:128] Prefetch batch: 125 ms.
I0418 08:21:40.468405  6080 data_layer.cpp:129]      Read time: 93.748 ms.
I0418 08:21:40.468405  6080 data_layer.cpp:130] Transform time: 31.258 ms.
I0418 08:21:41.327806  7952 caffe.cpp:314] Batch 594, accuracy1+2 = 0
I0418 08:21:41.327806  7952 caffe.cpp:314] Batch 594, accuracy1+2+3 = 0
I0418 08:21:41.452812  6080 data_layer.cpp:128] Prefetch batch: 125 ms.
I0418 08:21:41.452812  6080 data_layer.cpp:129]      Read time: 78.13 ms.
I0418 08:21:41.452812  6080 data_layer.cpp:130] Transform time: 46.876 ms.
I0418 08:21:42.296602  7952 caffe.cpp:314] Batch 595, accuracy1+2 = 1
I0418 08:21:42.296602  7952 caffe.cpp:314] Batch 595, accuracy1+2+3 = 1
I0418 08:21:42.421607  6080 data_layer.cpp:128] Prefetch batch: 125 ms.
I0418 08:21:42.421607  6080 data_layer.cpp:129]      Read time: 93.753 ms.
I0418 08:21:42.421607  6080 data_layer.cpp:130] Transform time: 31.252 ms.
I0418 08:21:43.265388  7952 caffe.cpp:314] Batch 596, accuracy1+2 = 0
I0418 08:21:43.265388  7952 caffe.cpp:314] Batch 596, accuracy1+2+3 = 0
I0418 08:21:43.374765  6080 data_layer.cpp:128] Prefetch batch: 109 ms.
I0418 08:21:43.374765  6080 data_layer.cpp:129]      Read time: 0 ms.
I0418 08:21:43.374765  6080 data_layer.cpp:130] Transform time: 109.377 ms.
I0418 08:21:44.249799  7952 caffe.cpp:314] Batch 597, accuracy1+2 = 1
I0418 08:21:44.249799  7952 caffe.cpp:314] Batch 597, accuracy1+2+3 = 1
I0418 08:21:44.374804  6080 data_layer.cpp:128] Prefetch batch: 125 ms.
I0418 08:21:44.374804  6080 data_layer.cpp:129]      Read time: 93.758 ms.
I0418 08:21:44.374804  6080 data_layer.cpp:130] Transform time: 31.248 ms.
I0418 08:21:45.218588  7952 caffe.cpp:314] Batch 598, accuracy1+2 = 1
I0418 08:21:45.218588  7952 caffe.cpp:314] Batch 598, accuracy1+2+3 = 1
I0418 08:21:45.343596  6080 data_layer.cpp:128] Prefetch batch: 125 ms.
I0418 08:21:45.343596  6080 data_layer.cpp:129]      Read time: 93.756 ms.
I0418 08:21:45.343596  6080 data_layer.cpp:130] Transform time: 31.252 ms.
I0418 08:21:46.202999  7952 caffe.cpp:314] Batch 599, accuracy1+2 = 0
I0418 08:21:46.202999  7952 caffe.cpp:314] Batch 599, accuracy1+2+3 = 0
I0418 08:21:46.328009  6080 data_layer.cpp:128] Prefetch batch: 125 ms.
I0418 08:21:46.328009  6080 data_layer.cpp:129]      Read time: 78.128 ms.
I0418 08:21:46.328009  6080 data_layer.cpp:130] Transform time: 46.882 ms.
I0418 08:21:47.171794  7952 caffe.cpp:314] Batch 600, accuracy1+2 = 0
I0418 08:21:47.171794  7952 caffe.cpp:314] Batch 600, accuracy1+2+3 = 0
I0418 08:21:47.296794  6080 data_layer.cpp:128] Prefetch batch: 125 ms.
I0418 08:21:47.296794  6080 data_layer.cpp:129]      Read time: 93.752 ms.
I0418 08:21:47.296794  6080 data_layer.cpp:130] Transform time: 31.248 ms.
I0418 08:21:48.140574  7952 caffe.cpp:314] Batch 601, accuracy1+2 = 1
I0418 08:21:48.140574  7952 caffe.cpp:314] Batch 601, accuracy1+2+3 = 1
I0418 08:21:48.249956  6080 data_layer.cpp:128] Prefetch batch: 109 ms.
I0418 08:21:48.249956  6080 data_layer.cpp:129]      Read time: 0 ms.
I0418 08:21:48.249956  6080 data_layer.cpp:130] Transform time: 109.382 ms.
I0418 08:21:49.109362  7952 caffe.cpp:314] Batch 602, accuracy1+2 = 1
I0418 08:21:49.124989  7952 caffe.cpp:314] Batch 602, accuracy1+2+3 = 1
I0418 08:21:49.249996  6080 data_layer.cpp:128] Prefetch batch: 125 ms.
I0418 08:21:49.249996  6080 data_layer.cpp:129]      Read time: 78.131 ms.
I0418 08:21:49.249996  6080 data_layer.cpp:130] Transform time: 46.876 ms.
I0418 08:21:50.093780  7952 caffe.cpp:314] Batch 603, accuracy1+2 = 1
I0418 08:21:50.093780  7952 caffe.cpp:314] Batch 603, accuracy1+2+3 = 1
I0418 08:21:50.218782  6080 data_layer.cpp:128] Prefetch batch: 125 ms.
I0418 08:21:50.218782  6080 data_layer.cpp:129]      Read time: 93.756 ms.
I0418 08:21:50.218782  6080 data_layer.cpp:130] Transform time: 31.247 ms.
I0418 08:21:51.062571  7952 caffe.cpp:314] Batch 604, accuracy1+2 = 1
I0418 08:21:51.062571  7952 caffe.cpp:314] Batch 604, accuracy1+2+3 = 1
I0418 08:21:51.187572  6080 data_layer.cpp:128] Prefetch batch: 125 ms.
I0418 08:21:51.187572  6080 data_layer.cpp:129]      Read time: 93.748 ms.
I0418 08:21:51.187572  6080 data_layer.cpp:130] Transform time: 31.254 ms.
I0418 08:21:52.031357  7952 caffe.cpp:314] Batch 605, accuracy1+2 = 1
I0418 08:21:52.031357  7952 caffe.cpp:314] Batch 605, accuracy1+2+3 = 1
I0418 08:21:52.156358  6080 data_layer.cpp:128] Prefetch batch: 125 ms.
I0418 08:21:52.156358  6080 data_layer.cpp:129]      Read time: 93.752 ms.
I0418 08:21:52.156358  6080 data_layer.cpp:130] Transform time: 31.25 ms.
I0418 08:21:53.015772  7952 caffe.cpp:314] Batch 606, accuracy1+2 = 1
I0418 08:21:53.015772  7952 caffe.cpp:314] Batch 606, accuracy1+2+3 = 1
I0418 08:21:53.140777  6080 data_layer.cpp:128] Prefetch batch: 125 ms.
I0418 08:21:53.140777  6080 data_layer.cpp:129]      Read time: 78.119 ms.
I0418 08:21:53.140777  6080 data_layer.cpp:130] Transform time: 46.886 ms.
I0418 08:21:54.000177  7952 caffe.cpp:314] Batch 607, accuracy1+2 = 1
I0418 08:21:54.000177  7952 caffe.cpp:314] Batch 607, accuracy1+2+3 = 1
I0418 08:21:54.093938  6080 data_layer.cpp:128] Prefetch batch: 93 ms.
I0418 08:21:54.093938  6080 data_layer.cpp:129]      Read time: 0 ms.
I0418 08:21:54.093938  6080 data_layer.cpp:130] Transform time: 93.761 ms.
I0418 08:21:55.015841  7952 caffe.cpp:314] Batch 608, accuracy1+2 = 1
I0418 08:21:55.015841  7952 caffe.cpp:314] Batch 608, accuracy1+2+3 = 1
I0418 08:21:55.140848  6080 data_layer.cpp:128] Prefetch batch: 125 ms.
I0418 08:21:55.140848  6080 data_layer.cpp:129]      Read time: 78.134 ms.
I0418 08:21:55.140848  6080 data_layer.cpp:130] Transform time: 46.873 ms.
I0418 08:21:56.000258  7952 caffe.cpp:314] Batch 609, accuracy1+2 = 0
I0418 08:21:56.000258  7952 caffe.cpp:314] Batch 609, accuracy1+2+3 = 0
I0418 08:21:56.125270  6080 data_layer.cpp:128] Prefetch batch: 125 ms.
I0418 08:21:56.125270  6080 data_layer.cpp:129]      Read time: 93.752 ms.
I0418 08:21:56.125270  6080 data_layer.cpp:130] Transform time: 31.26 ms.
I0418 08:21:56.969049  7952 caffe.cpp:314] Batch 610, accuracy1+2 = 1
I0418 08:21:56.969049  7952 caffe.cpp:314] Batch 610, accuracy1+2+3 = 1
I0418 08:21:57.094054  6080 data_layer.cpp:128] Prefetch batch: 125 ms.
I0418 08:21:57.094054  6080 data_layer.cpp:129]      Read time: 93.753 ms.
I0418 08:21:57.094054  6080 data_layer.cpp:130] Transform time: 31.252 ms.
I0418 08:21:57.953461  7952 caffe.cpp:314] Batch 611, accuracy1+2 = 1
I0418 08:21:57.953461  7952 caffe.cpp:314] Batch 611, accuracy1+2+3 = 1
I0418 08:21:58.078466  6080 data_layer.cpp:128] Prefetch batch: 125 ms.
I0418 08:21:58.078466  6080 data_layer.cpp:129]      Read time: 78.13 ms.
I0418 08:21:58.078466  6080 data_layer.cpp:130] Transform time: 46.875 ms.
I0418 08:21:58.922248  7952 caffe.cpp:314] Batch 612, accuracy1+2 = 1
I0418 08:21:58.922248  7952 caffe.cpp:314] Batch 612, accuracy1+2+3 = 1
I0418 08:21:59.016001  6080 data_layer.cpp:128] Prefetch batch: 93 ms.
I0418 08:21:59.016001  6080 data_layer.cpp:129]      Read time: 0 ms.
I0418 08:21:59.016001  6080 data_layer.cpp:130] Transform time: 93.753 ms.
I0418 08:21:59.891037  7952 caffe.cpp:314] Batch 613, accuracy1+2 = 1
I0418 08:21:59.891037  7952 caffe.cpp:314] Batch 613, accuracy1+2+3 = 1
I0418 08:22:00.016046  6080 data_layer.cpp:128] Prefetch batch: 125 ms.
I0418 08:22:00.016046  6080 data_layer.cpp:129]      Read time: 93.751 ms.
I0418 08:22:00.016046  6080 data_layer.cpp:130] Transform time: 31.257 ms.
I0418 08:22:00.875455  7952 caffe.cpp:314] Batch 614, accuracy1+2 = 0
I0418 08:22:00.875455  7952 caffe.cpp:314] Batch 614, accuracy1+2+3 = 0
I0418 08:22:01.000458  6080 data_layer.cpp:128] Prefetch batch: 125 ms.
I0418 08:22:01.000458  6080 data_layer.cpp:129]      Read time: 78.121 ms.
I0418 08:22:01.000458  6080 data_layer.cpp:130] Transform time: 46.881 ms.
I0418 08:22:01.844238  7952 caffe.cpp:314] Batch 615, accuracy1+2 = 1
I0418 08:22:01.844238  7952 caffe.cpp:314] Batch 615, accuracy1+2+3 = 1
I0418 08:22:01.969241  6080 data_layer.cpp:128] Prefetch batch: 125 ms.
I0418 08:22:01.969241  6080 data_layer.cpp:129]      Read time: 93.755 ms.
I0418 08:22:01.969241  6080 data_layer.cpp:130] Transform time: 31.248 ms.
I0418 08:22:02.813030  7952 caffe.cpp:314] Batch 616, accuracy1+2 = 1
I0418 08:22:02.813030  7952 caffe.cpp:314] Batch 616, accuracy1+2+3 = 1
I0418 08:22:02.938036  6080 data_layer.cpp:128] Prefetch batch: 125 ms.
I0418 08:22:02.938036  6080 data_layer.cpp:129]      Read time: 93.753 ms.
I0418 08:22:02.938036  6080 data_layer.cpp:130] Transform time: 31.253 ms.
I0418 08:22:03.781816  7952 caffe.cpp:314] Batch 617, accuracy1+2 = 1
I0418 08:22:03.781816  7952 caffe.cpp:314] Batch 617, accuracy1+2+3 = 1
I0418 08:22:03.891194  6080 data_layer.cpp:128] Prefetch batch: 109 ms.
I0418 08:22:03.891194  6080 data_layer.cpp:129]      Read time: 0 ms.
I0418 08:22:03.891194  6080 data_layer.cpp:130] Transform time: 109.378 ms.
I0418 08:22:04.766227  7952 caffe.cpp:314] Batch 618, accuracy1+2 = 1
I0418 08:22:04.766227  7952 caffe.cpp:314] Batch 618, accuracy1+2+3 = 1
I0418 08:22:04.891235  6080 data_layer.cpp:128] Prefetch batch: 125 ms.
I0418 08:22:04.891235  6080 data_layer.cpp:129]      Read time: 78.132 ms.
I0418 08:22:04.891235  6080 data_layer.cpp:130] Transform time: 46.877 ms.
I0418 08:22:05.735021  7952 caffe.cpp:314] Batch 619, accuracy1+2 = 1
I0418 08:22:05.735021  7952 caffe.cpp:314] Batch 619, accuracy1+2+3 = 1
I0418 08:22:05.860028  6080 data_layer.cpp:128] Prefetch batch: 125 ms.
I0418 08:22:05.860028  6080 data_layer.cpp:129]      Read time: 93.753 ms.
I0418 08:22:05.860028  6080 data_layer.cpp:130] Transform time: 31.254 ms.
I0418 08:22:06.703806  7952 caffe.cpp:314] Batch 620, accuracy1+2 = 1
I0418 08:22:06.703806  7952 caffe.cpp:314] Batch 620, accuracy1+2+3 = 1
I0418 08:22:06.828809  6080 data_layer.cpp:128] Prefetch batch: 125 ms.
I0418 08:22:06.828809  6080 data_layer.cpp:129]      Read time: 93.754 ms.
I0418 08:22:06.828809  6080 data_layer.cpp:130] Transform time: 31.248 ms.
I0418 08:22:07.672595  7952 caffe.cpp:314] Batch 621, accuracy1+2 = 1
I0418 08:22:07.672595  7952 caffe.cpp:314] Batch 621, accuracy1+2+3 = 1
I0418 08:22:07.813226  6080 data_layer.cpp:128] Prefetch batch: 140 ms.
I0418 08:22:07.813226  6080 data_layer.cpp:129]      Read time: 93.748 ms.
I0418 08:22:07.813226  6080 data_layer.cpp:130] Transform time: 46.884 ms.
I0418 08:22:08.657007  7952 caffe.cpp:314] Batch 622, accuracy1+2 = 1
I0418 08:22:08.657007  7952 caffe.cpp:314] Batch 622, accuracy1+2+3 = 1
I0418 08:22:08.750757  6080 data_layer.cpp:128] Prefetch batch: 93 ms.
I0418 08:22:08.750757  6080 data_layer.cpp:129]      Read time: 0 ms.
I0418 08:22:08.750757  6080 data_layer.cpp:130] Transform time: 93.75 ms.
I0418 08:22:09.641417  7952 caffe.cpp:314] Batch 623, accuracy1+2 = 1
I0418 08:22:09.641417  7952 caffe.cpp:314] Batch 623, accuracy1+2+3 = 1
I0418 08:22:09.766428  6080 data_layer.cpp:128] Prefetch batch: 125 ms.
I0418 08:22:09.766428  6080 data_layer.cpp:129]      Read time: 78.133 ms.
I0418 08:22:09.766428  6080 data_layer.cpp:130] Transform time: 46.878 ms.
I0418 08:22:10.610209  7952 caffe.cpp:314] Batch 624, accuracy1+2 = 0
I0418 08:22:10.610209  7952 caffe.cpp:314] Batch 624, accuracy1+2+3 = 0
I0418 08:22:10.735213  6080 data_layer.cpp:128] Prefetch batch: 125 ms.
I0418 08:22:10.735213  6080 data_layer.cpp:129]      Read time: 93.755 ms.
I0418 08:22:10.735213  6080 data_layer.cpp:130] Transform time: 31.249 ms.
I0418 08:22:11.579000  7952 caffe.cpp:314] Batch 625, accuracy1+2 = 1
I0418 08:22:11.579000  7952 caffe.cpp:314] Batch 625, accuracy1+2+3 = 1
I0418 08:22:11.704005  6080 data_layer.cpp:128] Prefetch batch: 125 ms.
I0418 08:22:11.719625  6080 data_layer.cpp:129]      Read time: 93.749 ms.
I0418 08:22:11.719625  6080 data_layer.cpp:130] Transform time: 31.256 ms.
I0418 08:22:12.563411  7952 caffe.cpp:314] Batch 626, accuracy1+2 = 1
I0418 08:22:12.563411  7952 caffe.cpp:314] Batch 626, accuracy1+2+3 = 1
I0418 08:22:12.688411  6080 data_layer.cpp:128] Prefetch batch: 125 ms.
I0418 08:22:12.688411  6080 data_layer.cpp:129]      Read time: 93.75 ms.
I0418 08:22:12.688411  6080 data_layer.cpp:130] Transform time: 31.25 ms.
I0418 08:22:13.532196  7952 caffe.cpp:314] Batch 627, accuracy1+2 = 1
I0418 08:22:13.532196  7952 caffe.cpp:314] Batch 627, accuracy1+2+3 = 1
I0418 08:22:13.641582  6080 data_layer.cpp:128] Prefetch batch: 109 ms.
I0418 08:22:13.641582  6080 data_layer.cpp:129]      Read time: 0 ms.
I0418 08:22:13.641582  6080 data_layer.cpp:130] Transform time: 109.385 ms.
I0418 08:22:14.516608  7952 caffe.cpp:314] Batch 628, accuracy1+2 = 0
I0418 08:22:14.516608  7952 caffe.cpp:314] Batch 628, accuracy1+2+3 = 0
I0418 08:22:14.641618  6080 data_layer.cpp:128] Prefetch batch: 125 ms.
I0418 08:22:14.641618  6080 data_layer.cpp:129]      Read time: 93.76 ms.
I0418 08:22:14.641618  6080 data_layer.cpp:130] Transform time: 31.25 ms.
I0418 08:22:15.501024  7952 caffe.cpp:314] Batch 629, accuracy1+2 = 1
I0418 08:22:15.501024  7952 caffe.cpp:314] Batch 629, accuracy1+2+3 = 1
I0418 08:22:15.626030  6080 data_layer.cpp:128] Prefetch batch: 125 ms.
I0418 08:22:15.626030  6080 data_layer.cpp:129]      Read time: 93.775 ms.
I0418 08:22:15.626030  6080 data_layer.cpp:130] Transform time: 31.232 ms.
I0418 08:22:16.485440  7952 caffe.cpp:314] Batch 630, accuracy1+2 = 1
I0418 08:22:16.485440  7952 caffe.cpp:314] Batch 630, accuracy1+2+3 = 1
I0418 08:22:16.610445  6080 data_layer.cpp:128] Prefetch batch: 125 ms.
I0418 08:22:16.610445  6080 data_layer.cpp:129]      Read time: 93.751 ms.
I0418 08:22:16.610445  6080 data_layer.cpp:130] Transform time: 31.253 ms.
I0418 08:22:17.454231  7952 caffe.cpp:314] Batch 631, accuracy1+2 = 1
I0418 08:22:17.454231  7952 caffe.cpp:314] Batch 631, accuracy1+2+3 = 1
I0418 08:22:17.563604  6080 data_layer.cpp:128] Prefetch batch: 109 ms.
I0418 08:22:17.563604  6080 data_layer.cpp:129]      Read time: 0 ms.
I0418 08:22:17.563604  6080 data_layer.cpp:130] Transform time: 109.374 ms.
I0418 08:22:18.423017  7952 caffe.cpp:314] Batch 632, accuracy1+2 = 0
I0418 08:22:18.423017  7952 caffe.cpp:314] Batch 632, accuracy1+2+3 = 0
I0418 08:22:18.548018  6080 data_layer.cpp:128] Prefetch batch: 125 ms.
I0418 08:22:18.548018  6080 data_layer.cpp:129]      Read time: 93.754 ms.
I0418 08:22:18.548018  6080 data_layer.cpp:130] Transform time: 31.247 ms.
I0418 08:22:19.407428  7952 caffe.cpp:314] Batch 633, accuracy1+2 = 0
I0418 08:22:19.407428  7952 caffe.cpp:314] Batch 633, accuracy1+2+3 = 0
I0418 08:22:19.532438  6080 data_layer.cpp:128] Prefetch batch: 125 ms.
I0418 08:22:19.532438  6080 data_layer.cpp:129]      Read time: 93.759 ms.
I0418 08:22:19.532438  6080 data_layer.cpp:130] Transform time: 31.251 ms.
I0418 08:22:20.376217  7952 caffe.cpp:314] Batch 634, accuracy1+2 = 0
I0418 08:22:20.376217  7952 caffe.cpp:314] Batch 634, accuracy1+2+3 = 0
I0418 08:22:20.501225  6080 data_layer.cpp:128] Prefetch batch: 125 ms.
I0418 08:22:20.501225  6080 data_layer.cpp:129]      Read time: 93.75 ms.
I0418 08:22:20.501225  6080 data_layer.cpp:130] Transform time: 31.258 ms.
I0418 08:22:21.345012  7952 caffe.cpp:314] Batch 635, accuracy1+2 = 0
I0418 08:22:21.345012  7952 caffe.cpp:314] Batch 635, accuracy1+2+3 = 0
I0418 08:22:21.485633  6080 data_layer.cpp:128] Prefetch batch: 140 ms.
I0418 08:22:21.485633  6080 data_layer.cpp:129]      Read time: 93.746 ms.
I0418 08:22:21.485633  6080 data_layer.cpp:130] Transform time: 46.875 ms.
I0418 08:22:22.329417  7952 caffe.cpp:314] Batch 636, accuracy1+2 = 0
I0418 08:22:22.329417  7952 caffe.cpp:314] Batch 636, accuracy1+2+3 = 0
I0418 08:22:22.423176  6080 data_layer.cpp:128] Prefetch batch: 93 ms.
I0418 08:22:22.423176  6080 data_layer.cpp:129]      Read time: 0 ms.
I0418 08:22:22.423176  6080 data_layer.cpp:130] Transform time: 93.758 ms.
I0418 08:22:23.298210  7952 caffe.cpp:314] Batch 637, accuracy1+2 = 0
I0418 08:22:23.298210  7952 caffe.cpp:314] Batch 637, accuracy1+2+3 = 1
I0418 08:22:23.423213  6080 data_layer.cpp:128] Prefetch batch: 125 ms.
I0418 08:22:23.423213  6080 data_layer.cpp:129]      Read time: 93.747 ms.
I0418 08:22:23.423213  6080 data_layer.cpp:130] Transform time: 31.256 ms.
I0418 08:22:24.266997  7952 caffe.cpp:314] Batch 638, accuracy1+2 = 0
I0418 08:22:24.266997  7952 caffe.cpp:314] Batch 638, accuracy1+2+3 = 0
I0418 08:22:24.407624  6080 data_layer.cpp:128] Prefetch batch: 140 ms.
I0418 08:22:24.407624  6080 data_layer.cpp:129]      Read time: 93.755 ms.
I0418 08:22:24.407624  6080 data_layer.cpp:130] Transform time: 46.871 ms.
I0418 08:22:25.251406  7952 caffe.cpp:314] Batch 639, accuracy1+2 = 0
I0418 08:22:25.251406  7952 caffe.cpp:314] Batch 639, accuracy1+2+3 = 1
I0418 08:22:25.376415  6080 data_layer.cpp:128] Prefetch batch: 125 ms.
I0418 08:22:25.376415  6080 data_layer.cpp:129]      Read time: 93.753 ms.
I0418 08:22:25.376415  6080 data_layer.cpp:130] Transform time: 31.256 ms.
I0418 08:22:26.220191  7952 caffe.cpp:314] Batch 640, accuracy1+2 = 1
I0418 08:22:26.220191  7952 caffe.cpp:314] Batch 640, accuracy1+2+3 = 1
I0418 08:22:26.345197  6080 data_layer.cpp:128] Prefetch batch: 125 ms.
I0418 08:22:26.345197  6080 data_layer.cpp:129]      Read time: 93.758 ms.
I0418 08:22:26.345197  6080 data_layer.cpp:130] Transform time: 31.249 ms.
I0418 08:22:27.204609  7952 caffe.cpp:314] Batch 641, accuracy1+2 = 0
I0418 08:22:27.204609  7952 caffe.cpp:314] Batch 641, accuracy1+2+3 = 1
I0418 08:22:27.298362  6080 data_layer.cpp:128] Prefetch batch: 93 ms.
I0418 08:22:27.298362  6080 data_layer.cpp:129]      Read time: 0 ms.
I0418 08:22:27.298362  6080 data_layer.cpp:130] Transform time: 93.752 ms.
I0418 08:22:28.173398  7952 caffe.cpp:314] Batch 642, accuracy1+2 = 1
I0418 08:22:28.173398  7952 caffe.cpp:314] Batch 642, accuracy1+2+3 = 1
I0418 08:22:28.298406  6080 data_layer.cpp:128] Prefetch batch: 125 ms.
I0418 08:22:28.298406  6080 data_layer.cpp:129]      Read time: 93.754 ms.
I0418 08:22:28.298406  6080 data_layer.cpp:130] Transform time: 31.254 ms.
I0418 08:22:29.142189  7952 caffe.cpp:314] Batch 643, accuracy1+2 = 1
I0418 08:22:29.142189  7952 caffe.cpp:314] Batch 643, accuracy1+2+3 = 1
I0418 08:22:29.267194  6080 data_layer.cpp:128] Prefetch batch: 125 ms.
I0418 08:22:29.267194  6080 data_layer.cpp:129]      Read time: 78.122 ms.
I0418 08:22:29.267194  6080 data_layer.cpp:130] Transform time: 46.883 ms.
I0418 08:22:30.110972  7952 caffe.cpp:314] Batch 644, accuracy1+2 = 0
I0418 08:22:30.110972  7952 caffe.cpp:314] Batch 644, accuracy1+2+3 = 1
I0418 08:22:30.235983  6080 data_layer.cpp:128] Prefetch batch: 125 ms.
I0418 08:22:30.235983  6080 data_layer.cpp:129]      Read time: 93.756 ms.
I0418 08:22:30.235983  6080 data_layer.cpp:130] Transform time: 31.255 ms.
I0418 08:22:31.126626  7952 caffe.cpp:314] Batch 645, accuracy1+2 = 0
I0418 08:22:31.126626  7952 caffe.cpp:314] Batch 645, accuracy1+2+3 = 0
I0418 08:22:31.251633  6080 data_layer.cpp:128] Prefetch batch: 125 ms.
I0418 08:22:31.251633  6080 data_layer.cpp:129]      Read time: 93.756 ms.
I0418 08:22:31.251633  6080 data_layer.cpp:130] Transform time: 31.251 ms.
I0418 08:22:32.142344  7952 caffe.cpp:314] Batch 646, accuracy1+2 = 0
I0418 08:22:32.142344  7952 caffe.cpp:314] Batch 646, accuracy1+2+3 = 0
I0418 08:22:32.251672  6080 data_layer.cpp:128] Prefetch batch: 109 ms.
I0418 08:22:32.251672  6080 data_layer.cpp:129]      Read time: 0 ms.
I0418 08:22:32.251672  6080 data_layer.cpp:130] Transform time: 109.328 ms.
I0418 08:22:33.126718  7952 caffe.cpp:314] Batch 647, accuracy1+2 = 0
I0418 08:22:33.126718  7952 caffe.cpp:314] Batch 647, accuracy1+2+3 = 0
I0418 08:22:33.251724  6080 data_layer.cpp:128] Prefetch batch: 125 ms.
I0418 08:22:33.251724  6080 data_layer.cpp:129]      Read time: 78.127 ms.
I0418 08:22:33.251724  6080 data_layer.cpp:130] Transform time: 46.88 ms.
I0418 08:22:34.095510  7952 caffe.cpp:314] Batch 648, accuracy1+2 = 1
I0418 08:22:34.095510  7952 caffe.cpp:314] Batch 648, accuracy1+2+3 = 1
I0418 08:22:34.220512  6080 data_layer.cpp:128] Prefetch batch: 125 ms.
I0418 08:22:34.220512  6080 data_layer.cpp:129]      Read time: 93.753 ms.
I0418 08:22:34.220512  6080 data_layer.cpp:130] Transform time: 31.25 ms.
I0418 08:22:35.064293  7952 caffe.cpp:314] Batch 649, accuracy1+2 = 1
I0418 08:22:35.064293  7952 caffe.cpp:314] Batch 649, accuracy1+2+3 = 1
I0418 08:22:35.173671  6080 data_layer.cpp:128] Prefetch batch: 109 ms.
I0418 08:22:35.173671  6080 data_layer.cpp:129]      Read time: 0 ms.
I0418 08:22:35.173671  6080 data_layer.cpp:130] Transform time: 109.378 ms.
I0418 08:22:36.048709  7952 caffe.cpp:314] Batch 650, accuracy1+2 = 0
I0418 08:22:36.048709  7952 caffe.cpp:314] Batch 650, accuracy1+2+3 = 0
I0418 08:22:36.173708  6080 data_layer.cpp:128] Prefetch batch: 124 ms.
I0418 08:22:36.173708  6080 data_layer.cpp:129]      Read time: 78.122 ms.
I0418 08:22:36.173708  6080 data_layer.cpp:130] Transform time: 46.877 ms.
I0418 08:22:37.017498  7952 caffe.cpp:314] Batch 651, accuracy1+2 = 0
I0418 08:22:37.017498  7952 caffe.cpp:314] Batch 651, accuracy1+2+3 = 0
I0418 08:22:37.142496  6080 data_layer.cpp:128] Prefetch batch: 124 ms.
I0418 08:22:37.142496  6080 data_layer.cpp:129]      Read time: 93.747 ms.
I0418 08:22:37.142496  6080 data_layer.cpp:130] Transform time: 31.252 ms.
I0418 08:22:37.986279  7952 caffe.cpp:314] Batch 652, accuracy1+2 = 0
I0418 08:22:37.986279  7952 caffe.cpp:314] Batch 652, accuracy1+2+3 = 0
I0418 08:22:38.111285  6080 data_layer.cpp:128] Prefetch batch: 125 ms.
I0418 08:22:38.111285  6080 data_layer.cpp:129]      Read time: 93.755 ms.
I0418 08:22:38.126912  6080 data_layer.cpp:130] Transform time: 31.251 ms.
I0418 08:22:38.970696  7952 caffe.cpp:314] Batch 653, accuracy1+2 = 1
I0418 08:22:38.970696  7952 caffe.cpp:314] Batch 653, accuracy1+2+3 = 1
I0418 08:22:39.095710  6080 data_layer.cpp:128] Prefetch batch: 125 ms.
I0418 08:22:39.095710  6080 data_layer.cpp:129]      Read time: 93.754 ms.
I0418 08:22:39.095710  6080 data_layer.cpp:130] Transform time: 31.259 ms.
I0418 08:22:39.955108  7952 caffe.cpp:314] Batch 654, accuracy1+2 = 1
I0418 08:22:39.955108  7952 caffe.cpp:314] Batch 654, accuracy1+2+3 = 1
I0418 08:22:40.048862  6080 data_layer.cpp:128] Prefetch batch: 93 ms.
I0418 08:22:40.048862  6080 data_layer.cpp:129]      Read time: 0 ms.
I0418 08:22:40.048862  6080 data_layer.cpp:130] Transform time: 93.754 ms.
I0418 08:22:40.923895  7952 caffe.cpp:314] Batch 655, accuracy1+2 = 1
I0418 08:22:40.923895  7952 caffe.cpp:314] Batch 655, accuracy1+2+3 = 1
I0418 08:22:41.048899  6080 data_layer.cpp:128] Prefetch batch: 125 ms.
I0418 08:22:41.048899  6080 data_layer.cpp:129]      Read time: 93.758 ms.
I0418 08:22:41.048899  6080 data_layer.cpp:130] Transform time: 31.246 ms.
I0418 08:22:41.892685  7952 caffe.cpp:314] Batch 656, accuracy1+2 = 1
I0418 08:22:41.892685  7952 caffe.cpp:314] Batch 656, accuracy1+2+3 = 1
I0418 08:22:42.017693  6080 data_layer.cpp:128] Prefetch batch: 125 ms.
I0418 08:22:42.017693  6080 data_layer.cpp:129]      Read time: 93.758 ms.
I0418 08:22:42.017693  6080 data_layer.cpp:130] Transform time: 31.25 ms.
I0418 08:22:42.861479  7952 caffe.cpp:314] Batch 657, accuracy1+2 = 1
I0418 08:22:42.861479  7952 caffe.cpp:314] Batch 657, accuracy1+2+3 = 1
I0418 08:22:42.986477  6080 data_layer.cpp:128] Prefetch batch: 124 ms.
I0418 08:22:42.986477  6080 data_layer.cpp:129]      Read time: 93.751 ms.
I0418 08:22:42.986477  6080 data_layer.cpp:130] Transform time: 31.248 ms.
I0418 08:22:43.845885  7952 caffe.cpp:314] Batch 658, accuracy1+2 = 1
I0418 08:22:43.845885  7952 caffe.cpp:314] Batch 658, accuracy1+2+3 = 1
I0418 08:22:43.970896  6080 data_layer.cpp:128] Prefetch batch: 125 ms.
I0418 08:22:43.970896  6080 data_layer.cpp:129]      Read time: 78.13 ms.
I0418 08:22:43.970896  6080 data_layer.cpp:130] Transform time: 46.88 ms.
I0418 08:22:44.814673  7952 caffe.cpp:314] Batch 659, accuracy1+2 = 1
I0418 08:22:44.814673  7952 caffe.cpp:314] Batch 659, accuracy1+2+3 = 1
I0418 08:22:44.924051  6080 data_layer.cpp:128] Prefetch batch: 109 ms.
I0418 08:22:44.924051  6080 data_layer.cpp:129]      Read time: 0 ms.
I0418 08:22:44.924051  6080 data_layer.cpp:130] Transform time: 109.377 ms.
I0418 08:22:45.783458  7952 caffe.cpp:314] Batch 660, accuracy1+2 = 1
I0418 08:22:45.783458  7952 caffe.cpp:314] Batch 660, accuracy1+2+3 = 1
I0418 08:22:45.924094  6080 data_layer.cpp:128] Prefetch batch: 125 ms.
I0418 08:22:45.924094  6080 data_layer.cpp:129]      Read time: 78.126 ms.
I0418 08:22:45.924094  6080 data_layer.cpp:130] Transform time: 46.881 ms.
I0418 08:22:46.767877  7952 caffe.cpp:314] Batch 661, accuracy1+2 = 1
I0418 08:22:46.767877  7952 caffe.cpp:314] Batch 661, accuracy1+2+3 = 1
I0418 08:22:46.892886  6080 data_layer.cpp:128] Prefetch batch: 125 ms.
I0418 08:22:46.892886  6080 data_layer.cpp:129]      Read time: 93.76 ms.
I0418 08:22:46.892886  6080 data_layer.cpp:130] Transform time: 31.249 ms.
I0418 08:22:47.736666  7952 caffe.cpp:314] Batch 662, accuracy1+2 = 1
I0418 08:22:47.736666  7952 caffe.cpp:314] Batch 662, accuracy1+2+3 = 1
I0418 08:22:47.846040  6080 data_layer.cpp:128] Prefetch batch: 109 ms.
I0418 08:22:47.846040  6080 data_layer.cpp:129]      Read time: 0 ms.
I0418 08:22:47.846040  6080 data_layer.cpp:130] Transform time: 109.373 ms.
I0418 08:22:48.705449  7952 caffe.cpp:314] Batch 663, accuracy1+2 = 1
I0418 08:22:48.705449  7952 caffe.cpp:314] Batch 663, accuracy1+2+3 = 1
I0418 08:22:48.830461  6080 data_layer.cpp:128] Prefetch batch: 125 ms.
I0418 08:22:48.830461  6080 data_layer.cpp:129]      Read time: 93.758 ms.
I0418 08:22:48.830461  6080 data_layer.cpp:130] Transform time: 31.254 ms.
I0418 08:22:49.689865  7952 caffe.cpp:314] Batch 664, accuracy1+2 = 1
I0418 08:22:49.689865  7952 caffe.cpp:314] Batch 664, accuracy1+2+3 = 1
I0418 08:22:49.814877  6080 data_layer.cpp:128] Prefetch batch: 125 ms.
I0418 08:22:49.814877  6080 data_layer.cpp:129]      Read time: 78.128 ms.
I0418 08:22:49.814877  6080 data_layer.cpp:130] Transform time: 46.883 ms.
I0418 08:22:50.658658  7952 caffe.cpp:314] Batch 665, accuracy1+2 = 1
I0418 08:22:50.658658  7952 caffe.cpp:314] Batch 665, accuracy1+2+3 = 1
I0418 08:22:50.783661  6080 data_layer.cpp:128] Prefetch batch: 125 ms.
I0418 08:22:50.783661  6080 data_layer.cpp:129]      Read time: 93.75 ms.
I0418 08:22:50.783661  6080 data_layer.cpp:130] Transform time: 31.254 ms.
I0418 08:22:51.627440  7952 caffe.cpp:314] Batch 666, accuracy1+2 = 1
I0418 08:22:51.627440  7952 caffe.cpp:314] Batch 666, accuracy1+2+3 = 1
I0418 08:22:51.752442  6080 data_layer.cpp:128] Prefetch batch: 125 ms.
I0418 08:22:51.752442  6080 data_layer.cpp:129]      Read time: 93.762 ms.
I0418 08:22:51.752442  6080 data_layer.cpp:130] Transform time: 31.24 ms.
I0418 08:22:52.596233  7952 caffe.cpp:314] Batch 667, accuracy1+2 = 1
I0418 08:22:52.596233  7952 caffe.cpp:314] Batch 667, accuracy1+2+3 = 1
I0418 08:22:52.705606  6080 data_layer.cpp:128] Prefetch batch: 109 ms.
I0418 08:22:52.705606  6080 data_layer.cpp:129]      Read time: 15.622 ms.
I0418 08:22:52.705606  6080 data_layer.cpp:130] Transform time: 93.751 ms.
I0418 08:22:53.580641  7952 caffe.cpp:314] Batch 668, accuracy1+2 = 1
I0418 08:22:53.580641  7952 caffe.cpp:314] Batch 668, accuracy1+2+3 = 1
I0418 08:22:53.705653  6080 data_layer.cpp:128] Prefetch batch: 125 ms.
I0418 08:22:53.705653  6080 data_layer.cpp:129]      Read time: 78.13 ms.
I0418 08:22:53.705653  6080 data_layer.cpp:130] Transform time: 46.882 ms.
I0418 08:22:54.580680  7952 caffe.cpp:314] Batch 669, accuracy1+2 = 1
I0418 08:22:54.580680  7952 caffe.cpp:314] Batch 669, accuracy1+2+3 = 1
I0418 08:22:54.705687  6080 data_layer.cpp:128] Prefetch batch: 125 ms.
I0418 08:22:54.705687  6080 data_layer.cpp:129]      Read time: 78.13 ms.
I0418 08:22:54.705687  6080 data_layer.cpp:130] Transform time: 46.876 ms.
I0418 08:22:55.549471  7952 caffe.cpp:314] Batch 670, accuracy1+2 = 1
I0418 08:22:55.549471  7952 caffe.cpp:314] Batch 670, accuracy1+2+3 = 1
I0418 08:22:55.674474  6080 data_layer.cpp:128] Prefetch batch: 125 ms.
I0418 08:22:55.674474  6080 data_layer.cpp:129]      Read time: 93.754 ms.
I0418 08:22:55.674474  6080 data_layer.cpp:130] Transform time: 31.249 ms.
I0418 08:22:56.518260  7952 caffe.cpp:314] Batch 671, accuracy1+2 = 1
I0418 08:22:56.518260  7952 caffe.cpp:314] Batch 671, accuracy1+2+3 = 1
I0418 08:22:56.627640  6080 data_layer.cpp:128] Prefetch batch: 109 ms.
I0418 08:22:56.627640  6080 data_layer.cpp:129]      Read time: 0 ms.
I0418 08:22:56.627640  6080 data_layer.cpp:130] Transform time: 109.38 ms.
I0418 08:22:57.502672  7952 caffe.cpp:314] Batch 672, accuracy1+2 = 1
I0418 08:22:57.502672  7952 caffe.cpp:314] Batch 672, accuracy1+2+3 = 1
I0418 08:22:57.627682  6080 data_layer.cpp:128] Prefetch batch: 125 ms.
I0418 08:22:57.627682  6080 data_layer.cpp:129]      Read time: 78.126 ms.
I0418 08:22:57.627682  6080 data_layer.cpp:130] Transform time: 46.884 ms.
I0418 08:22:58.471462  7952 caffe.cpp:314] Batch 673, accuracy1+2 = 1
I0418 08:22:58.471462  7952 caffe.cpp:314] Batch 673, accuracy1+2+3 = 1
I0418 08:22:58.596463  6080 data_layer.cpp:128] Prefetch batch: 125 ms.
I0418 08:22:58.596463  6080 data_layer.cpp:129]      Read time: 93.757 ms.
I0418 08:22:58.596463  6080 data_layer.cpp:130] Transform time: 31.244 ms.
I0418 08:22:59.455875  7952 caffe.cpp:314] Batch 674, accuracy1+2 = 1
I0418 08:22:59.455875  7952 caffe.cpp:314] Batch 674, accuracy1+2+3 = 1
I0418 08:22:59.580878  6080 data_layer.cpp:128] Prefetch batch: 125 ms.
I0418 08:22:59.580878  6080 data_layer.cpp:129]      Read time: 78.131 ms.
I0418 08:22:59.580878  6080 data_layer.cpp:130] Transform time: 46.871 ms.
I0418 08:23:00.424661  7952 caffe.cpp:314] Batch 675, accuracy1+2 = 1
I0418 08:23:00.424661  7952 caffe.cpp:314] Batch 675, accuracy1+2+3 = 1
I0418 08:23:00.549664  6080 data_layer.cpp:128] Prefetch batch: 125 ms.
I0418 08:23:00.549664  6080 data_layer.cpp:129]      Read time: 93.757 ms.
I0418 08:23:00.549664  6080 data_layer.cpp:130] Transform time: 31.246 ms.
I0418 08:23:01.409075  7952 caffe.cpp:314] Batch 676, accuracy1+2 = 0
I0418 08:23:01.409075  7952 caffe.cpp:314] Batch 676, accuracy1+2+3 = 0
I0418 08:23:01.534080  6080 data_layer.cpp:128] Prefetch batch: 125 ms.
I0418 08:23:01.534080  6080 data_layer.cpp:129]      Read time: 78.133 ms.
I0418 08:23:01.534080  6080 data_layer.cpp:130] Transform time: 46.872 ms.
I0418 08:23:02.377863  7952 caffe.cpp:314] Batch 677, accuracy1+2 = 1
I0418 08:23:02.377863  7952 caffe.cpp:314] Batch 677, accuracy1+2+3 = 1
I0418 08:23:02.471616  6080 data_layer.cpp:128] Prefetch batch: 93 ms.
I0418 08:23:02.471616  6080 data_layer.cpp:129]      Read time: 0 ms.
I0418 08:23:02.471616  6080 data_layer.cpp:130] Transform time: 93.752 ms.
I0418 08:23:03.362278  7952 caffe.cpp:314] Batch 678, accuracy1+2 = 1
I0418 08:23:03.362278  7952 caffe.cpp:314] Batch 678, accuracy1+2+3 = 1
I0418 08:23:03.487280  6080 data_layer.cpp:128] Prefetch batch: 125 ms.
I0418 08:23:03.487280  6080 data_layer.cpp:129]      Read time: 93.756 ms.
I0418 08:23:03.487280  6080 data_layer.cpp:130] Transform time: 31.246 ms.
I0418 08:23:04.346693  7952 caffe.cpp:314] Batch 679, accuracy1+2 = 1
I0418 08:23:04.346693  7952 caffe.cpp:314] Batch 679, accuracy1+2+3 = 1
I0418 08:23:04.471695  6080 data_layer.cpp:128] Prefetch batch: 125 ms.
I0418 08:23:04.471695  6080 data_layer.cpp:129]      Read time: 78.13 ms.
I0418 08:23:04.471695  6080 data_layer.cpp:130] Transform time: 46.873 ms.
I0418 08:23:05.315482  7952 caffe.cpp:314] Batch 680, accuracy1+2 = 1
I0418 08:23:05.315482  7952 caffe.cpp:314] Batch 680, accuracy1+2+3 = 1
I0418 08:23:05.440486  6080 data_layer.cpp:128] Prefetch batch: 125 ms.
I0418 08:23:05.440486  6080 data_layer.cpp:129]      Read time: 93.75 ms.
I0418 08:23:05.440486  6080 data_layer.cpp:130] Transform time: 31.254 ms.
I0418 08:23:06.299895  7952 caffe.cpp:314] Batch 681, accuracy1+2 = 1
I0418 08:23:06.299895  7952 caffe.cpp:314] Batch 681, accuracy1+2+3 = 1
I0418 08:23:06.424896  6080 data_layer.cpp:128] Prefetch batch: 125 ms.
I0418 08:23:06.424896  6080 data_layer.cpp:129]      Read time: 93.752 ms.
I0418 08:23:06.424896  6080 data_layer.cpp:130] Transform time: 31.249 ms.
I0418 08:23:07.268681  7952 caffe.cpp:314] Batch 682, accuracy1+2 = 1
I0418 08:23:07.268681  7952 caffe.cpp:314] Batch 682, accuracy1+2+3 = 1
I0418 08:23:07.409315  6080 data_layer.cpp:128] Prefetch batch: 140 ms.
I0418 08:23:07.409315  6080 data_layer.cpp:129]      Read time: 93.755 ms.
I0418 08:23:07.409315  6080 data_layer.cpp:130] Transform time: 46.88 ms.
I0418 08:23:08.284343  7952 caffe.cpp:314] Batch 683, accuracy1+2 = 1
I0418 08:23:08.284343  7952 caffe.cpp:314] Batch 683, accuracy1+2+3 = 1
I0418 08:23:08.378103  6080 data_layer.cpp:128] Prefetch batch: 93 ms.
I0418 08:23:08.378103  6080 data_layer.cpp:129]      Read time: 0 ms.
I0418 08:23:08.378103  6080 data_layer.cpp:130] Transform time: 93.759 ms.
I0418 08:23:09.284381  7952 caffe.cpp:314] Batch 684, accuracy1+2 = 0
I0418 08:23:09.284381  7952 caffe.cpp:314] Batch 684, accuracy1+2+3 = 0
I0418 08:23:09.425012  6080 data_layer.cpp:128] Prefetch batch: 140 ms.
I0418 08:23:09.425012  6080 data_layer.cpp:129]      Read time: 93.756 ms.
I0418 08:23:09.425012  6080 data_layer.cpp:130] Transform time: 46.875 ms.
I0418 08:23:10.268797  7952 caffe.cpp:314] Batch 685, accuracy1+2 = 1
I0418 08:23:10.268797  7952 caffe.cpp:314] Batch 685, accuracy1+2+3 = 1
I0418 08:23:10.393805  6080 data_layer.cpp:128] Prefetch batch: 125 ms.
I0418 08:23:10.393805  6080 data_layer.cpp:129]      Read time: 93.757 ms.
I0418 08:23:10.393805  6080 data_layer.cpp:130] Transform time: 31.251 ms.
I0418 08:23:11.253212  7952 caffe.cpp:314] Batch 686, accuracy1+2 = 0
I0418 08:23:11.253212  7952 caffe.cpp:314] Batch 686, accuracy1+2+3 = 0
I0418 08:23:11.378207  6080 data_layer.cpp:128] Prefetch batch: 124 ms.
I0418 08:23:11.378207  6080 data_layer.cpp:129]      Read time: 78.133 ms.
I0418 08:23:11.378207  6080 data_layer.cpp:130] Transform time: 46.862 ms.
I0418 08:23:12.221998  7952 caffe.cpp:314] Batch 687, accuracy1+2 = 1
I0418 08:23:12.221998  7952 caffe.cpp:314] Batch 687, accuracy1+2+3 = 1
I0418 08:23:12.347004  6080 data_layer.cpp:128] Prefetch batch: 125 ms.
I0418 08:23:12.347004  6080 data_layer.cpp:129]      Read time: 93.761 ms.
I0418 08:23:12.347004  6080 data_layer.cpp:130] Transform time: 31.245 ms.
I0418 08:23:13.190793  7952 caffe.cpp:314] Batch 688, accuracy1+2 = 0
I0418 08:23:13.190793  7952 caffe.cpp:314] Batch 688, accuracy1+2+3 = 0
I0418 08:23:13.300170  6080 data_layer.cpp:128] Prefetch batch: 109 ms.
I0418 08:23:13.300170  6080 data_layer.cpp:129]      Read time: 0 ms.
I0418 08:23:13.300170  6080 data_layer.cpp:130] Transform time: 109.378 ms.
I0418 08:23:14.175205  7952 caffe.cpp:314] Batch 689, accuracy1+2 = 0
I0418 08:23:14.175205  7952 caffe.cpp:314] Batch 689, accuracy1+2+3 = 0
I0418 08:23:14.300210  6080 data_layer.cpp:128] Prefetch batch: 125 ms.
I0418 08:23:14.300210  6080 data_layer.cpp:129]      Read time: 93.753 ms.
I0418 08:23:14.300210  6080 data_layer.cpp:130] Transform time: 31.252 ms.
I0418 08:23:15.159615  7952 caffe.cpp:314] Batch 690, accuracy1+2 = 1
I0418 08:23:15.159615  7952 caffe.cpp:314] Batch 690, accuracy1+2+3 = 1
I0418 08:23:15.284623  6080 data_layer.cpp:128] Prefetch batch: 125 ms.
I0418 08:23:15.284623  6080 data_layer.cpp:129]      Read time: 93.751 ms.
I0418 08:23:15.284623  6080 data_layer.cpp:130] Transform time: 31.258 ms.
I0418 08:23:16.128410  7952 caffe.cpp:314] Batch 691, accuracy1+2 = 0
I0418 08:23:16.128410  7952 caffe.cpp:314] Batch 691, accuracy1+2+3 = 0
I0418 08:23:16.253406  6080 data_layer.cpp:128] Prefetch batch: 124 ms.
I0418 08:23:16.253406  6080 data_layer.cpp:129]      Read time: 93.751 ms.
I0418 08:23:16.253406  6080 data_layer.cpp:130] Transform time: 31.244 ms.
I0418 08:23:17.112813  7952 caffe.cpp:314] Batch 692, accuracy1+2 = 0
I0418 08:23:17.112813  7952 caffe.cpp:314] Batch 692, accuracy1+2+3 = 0
I0418 08:23:17.222199  6080 data_layer.cpp:128] Prefetch batch: 109 ms.
I0418 08:23:17.222199  6080 data_layer.cpp:129]      Read time: 0 ms.
I0418 08:23:17.222199  6080 data_layer.cpp:130] Transform time: 109.386 ms.
I0418 08:23:18.097234  7952 caffe.cpp:314] Batch 693, accuracy1+2 = 1
I0418 08:23:18.097234  7952 caffe.cpp:314] Batch 693, accuracy1+2+3 = 1
I0418 08:23:18.222239  6080 data_layer.cpp:128] Prefetch batch: 125 ms.
I0418 08:23:18.222239  6080 data_layer.cpp:129]      Read time: 78.124 ms.
I0418 08:23:18.222239  6080 data_layer.cpp:130] Transform time: 46.882 ms.
I0418 08:23:19.066020  7952 caffe.cpp:314] Batch 694, accuracy1+2 = 0
I0418 08:23:19.066020  7952 caffe.cpp:314] Batch 694, accuracy1+2+3 = 0
I0418 08:23:19.191025  6080 data_layer.cpp:128] Prefetch batch: 125 ms.
I0418 08:23:19.191025  6080 data_layer.cpp:129]      Read time: 93.757 ms.
I0418 08:23:19.191025  6080 data_layer.cpp:130] Transform time: 31.248 ms.
I0418 08:23:20.034801  7952 caffe.cpp:314] Batch 695, accuracy1+2 = 0
I0418 08:23:20.034801  7952 caffe.cpp:314] Batch 695, accuracy1+2+3 = 0
I0418 08:23:20.159811  6080 data_layer.cpp:128] Prefetch batch: 125 ms.
I0418 08:23:20.159811  6080 data_layer.cpp:129]      Read time: 93.76 ms.
I0418 08:23:20.175434  6080 data_layer.cpp:130] Transform time: 31.249 ms.
I0418 08:23:21.019220  7952 caffe.cpp:314] Batch 696, accuracy1+2 = 0
I0418 08:23:21.019220  7952 caffe.cpp:314] Batch 696, accuracy1+2+3 = 0
I0418 08:23:21.112977  6080 data_layer.cpp:128] Prefetch batch: 93 ms.
I0418 08:23:21.112977  6080 data_layer.cpp:129]      Read time: 0 ms.
I0418 08:23:21.112977  6080 data_layer.cpp:130] Transform time: 93.756 ms.
I0418 08:23:21.988006  7952 caffe.cpp:314] Batch 697, accuracy1+2 = 0
I0418 08:23:21.988006  7952 caffe.cpp:314] Batch 697, accuracy1+2+3 = 0
I0418 08:23:22.113014  6080 data_layer.cpp:128] Prefetch batch: 125 ms.
I0418 08:23:22.113014  6080 data_layer.cpp:129]      Read time: 93.756 ms.
I0418 08:23:22.113014  6080 data_layer.cpp:130] Transform time: 31.252 ms.
I0418 08:23:22.956799  7952 caffe.cpp:314] Batch 698, accuracy1+2 = 1
I0418 08:23:22.956799  7952 caffe.cpp:314] Batch 698, accuracy1+2+3 = 1
I0418 08:23:23.081799  6080 data_layer.cpp:128] Prefetch batch: 124 ms.
I0418 08:23:23.081799  6080 data_layer.cpp:129]      Read time: 93.751 ms.
I0418 08:23:23.081799  6080 data_layer.cpp:130] Transform time: 31.248 ms.
I0418 08:23:23.941206  7952 caffe.cpp:314] Batch 699, accuracy1+2 = 1
I0418 08:23:23.941206  7952 caffe.cpp:314] Batch 699, accuracy1+2+3 = 1
I0418 08:23:24.034963  6080 data_layer.cpp:128] Prefetch batch: 93 ms.
I0418 08:23:24.034963  6080 data_layer.cpp:129]      Read time: 0 ms.
I0418 08:23:24.034963  6080 data_layer.cpp:130] Transform time: 93.757 ms.
I0418 08:23:24.910001  7952 caffe.cpp:314] Batch 700, accuracy1+2 = 1
I0418 08:23:24.910001  7952 caffe.cpp:314] Batch 700, accuracy1+2+3 = 1
I0418 08:23:25.035004  6080 data_layer.cpp:128] Prefetch batch: 125 ms.
I0418 08:23:25.035004  6080 data_layer.cpp:129]      Read time: 93.751 ms.
I0418 08:23:25.035004  6080 data_layer.cpp:130] Transform time: 31.252 ms.
I0418 08:23:25.878788  7952 caffe.cpp:314] Batch 701, accuracy1+2 = 1
I0418 08:23:25.878788  7952 caffe.cpp:314] Batch 701, accuracy1+2+3 = 1
I0418 08:23:26.003788  6080 data_layer.cpp:128] Prefetch batch: 125 ms.
I0418 08:23:26.003788  6080 data_layer.cpp:129]      Read time: 93.762 ms.
I0418 08:23:26.003788  6080 data_layer.cpp:130] Transform time: 31.238 ms.
I0418 08:23:26.863198  7952 caffe.cpp:314] Batch 702, accuracy1+2 = 1
I0418 08:23:26.863198  7952 caffe.cpp:314] Batch 702, accuracy1+2+3 = 1
I0418 08:23:26.988206  6080 data_layer.cpp:128] Prefetch batch: 125 ms.
I0418 08:23:26.988206  6080 data_layer.cpp:129]      Read time: 78.132 ms.
I0418 08:23:26.988206  6080 data_layer.cpp:130] Transform time: 46.877 ms.
I0418 08:23:27.831987  7952 caffe.cpp:314] Batch 703, accuracy1+2 = 0
I0418 08:23:27.831987  7952 caffe.cpp:314] Batch 703, accuracy1+2+3 = 0
I0418 08:23:27.956992  6080 data_layer.cpp:128] Prefetch batch: 125 ms.
I0418 08:23:27.956992  6080 data_layer.cpp:129]      Read time: 93.752 ms.
I0418 08:23:27.956992  6080 data_layer.cpp:130] Transform time: 31.253 ms.
I0418 08:23:28.800778  7952 caffe.cpp:314] Batch 704, accuracy1+2 = 0
I0418 08:23:28.800778  7952 caffe.cpp:314] Batch 704, accuracy1+2+3 = 0
I0418 08:23:28.925779  6080 data_layer.cpp:128] Prefetch batch: 125 ms.
I0418 08:23:28.925779  6080 data_layer.cpp:129]      Read time: 93.753 ms.
I0418 08:23:28.925779  6080 data_layer.cpp:130] Transform time: 31.248 ms.
I0418 08:23:29.769565  7952 caffe.cpp:314] Batch 705, accuracy1+2 = 0
I0418 08:23:29.769565  7952 caffe.cpp:314] Batch 705, accuracy1+2+3 = 0
I0418 08:23:29.878940  6080 data_layer.cpp:128] Prefetch batch: 109 ms.
I0418 08:23:29.878940  6080 data_layer.cpp:129]      Read time: 0 ms.
I0418 08:23:29.878940  6080 data_layer.cpp:130] Transform time: 109.375 ms.
I0418 08:23:30.753980  7952 caffe.cpp:314] Batch 706, accuracy1+2 = 0
I0418 08:23:30.753980  7952 caffe.cpp:314] Batch 706, accuracy1+2+3 = 0
I0418 08:23:30.894608  6080 data_layer.cpp:128] Prefetch batch: 140 ms.
I0418 08:23:30.894608  6080 data_layer.cpp:129]      Read time: 125.007 ms.
I0418 08:23:30.894608  6080 data_layer.cpp:130] Transform time: 15.62 ms.
I0418 08:23:31.722769  7952 caffe.cpp:314] Batch 707, accuracy1+2 = 0
I0418 08:23:31.722769  7952 caffe.cpp:314] Batch 707, accuracy1+2+3 = 0
I0418 08:23:31.847769  6080 data_layer.cpp:128] Prefetch batch: 125 ms.
I0418 08:23:31.847769  6080 data_layer.cpp:129]      Read time: 62.509 ms.
I0418 08:23:31.847769  6080 data_layer.cpp:130] Transform time: 62.492 ms.
I0418 08:23:32.691556  7952 caffe.cpp:314] Batch 708, accuracy1+2 = 1
I0418 08:23:32.691556  7952 caffe.cpp:314] Batch 708, accuracy1+2+3 = 1
I0418 08:23:32.816556  6080 data_layer.cpp:128] Prefetch batch: 125 ms.
I0418 08:23:32.816556  6080 data_layer.cpp:129]      Read time: 93.748 ms.
I0418 08:23:32.816556  6080 data_layer.cpp:130] Transform time: 31.252 ms.
I0418 08:23:33.675962  7952 caffe.cpp:314] Batch 709, accuracy1+2 = 0
I0418 08:23:33.675962  7952 caffe.cpp:314] Batch 709, accuracy1+2+3 = 0
I0418 08:23:33.800974  6080 data_layer.cpp:128] Prefetch batch: 125 ms.
I0418 08:23:33.800974  6080 data_layer.cpp:129]      Read time: 78.142 ms.
I0418 08:23:33.800974  6080 data_layer.cpp:130] Transform time: 46.87 ms.
I0418 08:23:34.644752  7952 caffe.cpp:314] Batch 710, accuracy1+2 = 1
I0418 08:23:34.644752  7952 caffe.cpp:314] Batch 710, accuracy1+2+3 = 1
I0418 08:23:34.754138  6080 data_layer.cpp:128] Prefetch batch: 109 ms.
I0418 08:23:34.754138  6080 data_layer.cpp:129]      Read time: 0 ms.
I0418 08:23:34.754138  6080 data_layer.cpp:130] Transform time: 109.387 ms.
I0418 08:23:35.613548  7952 caffe.cpp:314] Batch 711, accuracy1+2 = 1
I0418 08:23:35.613548  7952 caffe.cpp:314] Batch 711, accuracy1+2+3 = 1
I0418 08:23:35.738538  6080 data_layer.cpp:128] Prefetch batch: 124 ms.
I0418 08:23:35.738538  6080 data_layer.cpp:129]      Read time: 93.747 ms.
I0418 08:23:35.738538  6080 data_layer.cpp:130] Transform time: 31.243 ms.
I0418 08:23:36.597954  7952 caffe.cpp:314] Batch 712, accuracy1+2 = 1
I0418 08:23:36.597954  7952 caffe.cpp:314] Batch 712, accuracy1+2+3 = 1
I0418 08:23:36.722961  6080 data_layer.cpp:128] Prefetch batch: 125 ms.
I0418 08:23:36.722961  6080 data_layer.cpp:129]      Read time: 78.134 ms.
I0418 08:23:36.722961  6080 data_layer.cpp:130] Transform time: 46.874 ms.
I0418 08:23:37.566741  7952 caffe.cpp:314] Batch 713, accuracy1+2 = 1
I0418 08:23:37.566741  7952 caffe.cpp:314] Batch 713, accuracy1+2+3 = 1
I0418 08:23:37.691752  6080 data_layer.cpp:128] Prefetch batch: 125 ms.
I0418 08:23:37.691752  6080 data_layer.cpp:129]      Read time: 93.756 ms.
I0418 08:23:37.691752  6080 data_layer.cpp:130] Transform time: 31.255 ms.
I0418 08:23:38.551157  7952 caffe.cpp:314] Batch 714, accuracy1+2 = 1
I0418 08:23:38.551157  7952 caffe.cpp:314] Batch 714, accuracy1+2+3 = 1
I0418 08:23:38.676165  6080 data_layer.cpp:128] Prefetch batch: 125 ms.
I0418 08:23:38.676165  6080 data_layer.cpp:129]      Read time: 78.132 ms.
I0418 08:23:38.676165  6080 data_layer.cpp:130] Transform time: 46.876 ms.
I0418 08:23:39.519937  7952 caffe.cpp:314] Batch 715, accuracy1+2 = 1
I0418 08:23:39.519937  7952 caffe.cpp:314] Batch 715, accuracy1+2+3 = 1
I0418 08:23:39.629356  6080 data_layer.cpp:128] Prefetch batch: 109 ms.
I0418 08:23:39.629356  6080 data_layer.cpp:129]      Read time: 0 ms.
I0418 08:23:39.629356  6080 data_layer.cpp:130] Transform time: 109.42 ms.
I0418 08:23:40.519991  7952 caffe.cpp:314] Batch 716, accuracy1+2 = 1
I0418 08:23:40.519991  7952 caffe.cpp:314] Batch 716, accuracy1+2+3 = 1
I0418 08:23:40.644991  6080 data_layer.cpp:128] Prefetch batch: 125 ms.
I0418 08:23:40.644991  6080 data_layer.cpp:129]      Read time: 93.75 ms.
I0418 08:23:40.644991  6080 data_layer.cpp:130] Transform time: 31.25 ms.
I0418 08:23:41.504402  7952 caffe.cpp:314] Batch 717, accuracy1+2 = 0
I0418 08:23:41.504402  7952 caffe.cpp:314] Batch 717, accuracy1+2+3 = 0
I0418 08:23:41.629406  6080 data_layer.cpp:128] Prefetch batch: 125 ms.
I0418 08:23:41.629406  6080 data_layer.cpp:129]      Read time: 78.121 ms.
I0418 08:23:41.629406  6080 data_layer.cpp:130] Transform time: 46.883 ms.
I0418 08:23:42.473189  7952 caffe.cpp:314] Batch 718, accuracy1+2 = 1
I0418 08:23:42.473189  7952 caffe.cpp:314] Batch 718, accuracy1+2+3 = 1
I0418 08:23:42.598192  6080 data_layer.cpp:128] Prefetch batch: 125 ms.
I0418 08:23:42.598192  6080 data_layer.cpp:129]      Read time: 93.751 ms.
I0418 08:23:42.598192  6080 data_layer.cpp:130] Transform time: 31.252 ms.
I0418 08:23:43.441973  7952 caffe.cpp:314] Batch 719, accuracy1+2 = 1
I0418 08:23:43.441973  7952 caffe.cpp:314] Batch 719, accuracy1+2+3 = 1
I0418 08:23:43.566983  6080 data_layer.cpp:128] Prefetch batch: 125 ms.
I0418 08:23:43.566983  6080 data_layer.cpp:129]      Read time: 93.757 ms.
I0418 08:23:43.566983  6080 data_layer.cpp:130] Transform time: 31.253 ms.
I0418 08:23:44.426390  7952 caffe.cpp:314] Batch 720, accuracy1+2 = 1
I0418 08:23:44.426390  7952 caffe.cpp:314] Batch 720, accuracy1+2+3 = 1
I0418 08:23:44.535766  6080 data_layer.cpp:128] Prefetch batch: 109 ms.
I0418 08:23:44.535766  6080 data_layer.cpp:129]      Read time: 0 ms.
I0418 08:23:44.535766  6080 data_layer.cpp:130] Transform time: 109.376 ms.
I0418 08:23:45.395166  7952 caffe.cpp:314] Batch 721, accuracy1+2 = 1
I0418 08:23:45.395166  7952 caffe.cpp:314] Batch 721, accuracy1+2+3 = 1
I0418 08:23:45.535807  6080 data_layer.cpp:128] Prefetch batch: 140 ms.
I0418 08:23:45.535807  6080 data_layer.cpp:129]      Read time: 93.767 ms.
I0418 08:23:45.535807  6080 data_layer.cpp:130] Transform time: 46.874 ms.
I0418 08:23:46.410841  7952 caffe.cpp:314] Batch 722, accuracy1+2 = 1
I0418 08:23:46.410841  7952 caffe.cpp:314] Batch 722, accuracy1+2+3 = 1
I0418 08:23:46.535847  6080 data_layer.cpp:128] Prefetch batch: 125 ms.
I0418 08:23:46.535847  6080 data_layer.cpp:129]      Read time: 93.756 ms.
I0418 08:23:46.535847  6080 data_layer.cpp:130] Transform time: 31.25 ms.
I0418 08:23:47.426501  7952 caffe.cpp:314] Batch 723, accuracy1+2 = 1
I0418 08:23:47.426501  7952 caffe.cpp:314] Batch 723, accuracy1+2+3 = 1
I0418 08:23:47.551501  6080 data_layer.cpp:128] Prefetch batch: 125 ms.
I0418 08:23:47.551501  6080 data_layer.cpp:129]      Read time: 78.126 ms.
I0418 08:23:47.551501  6080 data_layer.cpp:130] Transform time: 46.875 ms.
I0418 08:23:48.426543  7952 caffe.cpp:314] Batch 724, accuracy1+2 = 1
I0418 08:23:48.426543  7952 caffe.cpp:314] Batch 724, accuracy1+2+3 = 1
I0418 08:23:48.520299  6080 data_layer.cpp:128] Prefetch batch: 93 ms.
I0418 08:23:48.520299  6080 data_layer.cpp:129]      Read time: 0 ms.
I0418 08:23:48.520299  6080 data_layer.cpp:130] Transform time: 93.756 ms.
I0418 08:23:49.395339  7952 caffe.cpp:314] Batch 725, accuracy1+2 = 1
I0418 08:23:49.395339  7952 caffe.cpp:314] Batch 725, accuracy1+2+3 = 1
I0418 08:23:49.520340  6080 data_layer.cpp:128] Prefetch batch: 125 ms.
I0418 08:23:49.520340  6080 data_layer.cpp:129]      Read time: 93.743 ms.
I0418 08:23:49.520340  6080 data_layer.cpp:130] Transform time: 31.258 ms.
I0418 08:23:50.364120  7952 caffe.cpp:314] Batch 726, accuracy1+2 = 1
I0418 08:23:50.364120  7952 caffe.cpp:314] Batch 726, accuracy1+2+3 = 1
I0418 08:23:50.489130  6080 data_layer.cpp:128] Prefetch batch: 125 ms.
I0418 08:23:50.489130  6080 data_layer.cpp:129]      Read time: 93.762 ms.
I0418 08:23:50.489130  6080 data_layer.cpp:130] Transform time: 31.248 ms.
I0418 08:23:51.332911  7952 caffe.cpp:314] Batch 727, accuracy1+2 = 1
I0418 08:23:51.332911  7952 caffe.cpp:314] Batch 727, accuracy1+2+3 = 1
I0418 08:23:51.473538  6080 data_layer.cpp:128] Prefetch batch: 125 ms.
I0418 08:23:51.473538  6080 data_layer.cpp:129]      Read time: 78.129 ms.
I0418 08:23:51.473538  6080 data_layer.cpp:130] Transform time: 46.876 ms.
I0418 08:23:52.317320  7952 caffe.cpp:314] Batch 728, accuracy1+2 = 1
I0418 08:23:52.317320  7952 caffe.cpp:314] Batch 728, accuracy1+2+3 = 1
I0418 08:23:52.411074  6080 data_layer.cpp:128] Prefetch batch: 93 ms.
I0418 08:23:52.411074  6080 data_layer.cpp:129]      Read time: 0 ms.
I0418 08:23:52.411074  6080 data_layer.cpp:130] Transform time: 93.754 ms.
I0418 08:23:53.286113  7952 caffe.cpp:314] Batch 729, accuracy1+2 = 1
I0418 08:23:53.286113  7952 caffe.cpp:314] Batch 729, accuracy1+2+3 = 1
I0418 08:23:53.411123  6080 data_layer.cpp:128] Prefetch batch: 125 ms.
I0418 08:23:53.411123  6080 data_layer.cpp:129]      Read time: 93.754 ms.
I0418 08:23:53.411123  6080 data_layer.cpp:130] Transform time: 31.257 ms.
I0418 08:23:54.254900  7952 caffe.cpp:314] Batch 730, accuracy1+2 = 1
I0418 08:23:54.254900  7952 caffe.cpp:314] Batch 730, accuracy1+2+3 = 1
I0418 08:23:54.379904  6080 data_layer.cpp:128] Prefetch batch: 125 ms.
I0418 08:23:54.379904  6080 data_layer.cpp:129]      Read time: 93.75 ms.
I0418 08:23:54.379904  6080 data_layer.cpp:130] Transform time: 31.253 ms.
I0418 08:23:55.239315  7952 caffe.cpp:314] Batch 731, accuracy1+2 = 0
I0418 08:23:55.239315  7952 caffe.cpp:314] Batch 731, accuracy1+2+3 = 0
I0418 08:23:55.364320  6080 data_layer.cpp:128] Prefetch batch: 125 ms.
I0418 08:23:55.364320  6080 data_layer.cpp:129]      Read time: 78.122 ms.
I0418 08:23:55.364320  6080 data_layer.cpp:130] Transform time: 46.882 ms.
I0418 08:23:56.208103  7952 caffe.cpp:314] Batch 732, accuracy1+2 = 1
I0418 08:23:56.208103  7952 caffe.cpp:314] Batch 732, accuracy1+2+3 = 1
I0418 08:23:56.317484  6080 data_layer.cpp:128] Prefetch batch: 109 ms.
I0418 08:23:56.317484  6080 data_layer.cpp:129]      Read time: 0 ms.
I0418 08:23:56.317484  6080 data_layer.cpp:130] Transform time: 109.381 ms.
I0418 08:23:57.176892  7952 caffe.cpp:314] Batch 733, accuracy1+2 = 1
I0418 08:23:57.176892  7952 caffe.cpp:314] Batch 733, accuracy1+2+3 = 1
I0418 08:23:57.301888  6080 data_layer.cpp:128] Prefetch batch: 124 ms.
I0418 08:23:57.301888  6080 data_layer.cpp:129]      Read time: 93.755 ms.
I0418 08:23:57.301888  6080 data_layer.cpp:130] Transform time: 31.242 ms.
I0418 08:23:58.161305  7952 caffe.cpp:314] Batch 734, accuracy1+2 = 1
I0418 08:23:58.161305  7952 caffe.cpp:314] Batch 734, accuracy1+2+3 = 1
I0418 08:23:58.286309  6080 data_layer.cpp:128] Prefetch batch: 125 ms.
I0418 08:23:58.286309  6080 data_layer.cpp:129]      Read time: 78.125 ms.
I0418 08:23:58.286309  6080 data_layer.cpp:130] Transform time: 46.879 ms.
I0418 08:23:59.130085  7952 caffe.cpp:314] Batch 735, accuracy1+2 = 1
I0418 08:23:59.130085  7952 caffe.cpp:314] Batch 735, accuracy1+2+3 = 1
I0418 08:23:59.255100  6080 data_layer.cpp:128] Prefetch batch: 125 ms.
I0418 08:23:59.255100  6080 data_layer.cpp:129]      Read time: 93.761 ms.
I0418 08:23:59.255100  6080 data_layer.cpp:130] Transform time: 31.254 ms.
I0418 08:24:00.098875  7952 caffe.cpp:314] Batch 736, accuracy1+2 = 1
I0418 08:24:00.098875  7952 caffe.cpp:314] Batch 736, accuracy1+2+3 = 1
I0418 08:24:00.223883  6080 data_layer.cpp:128] Prefetch batch: 125 ms.
I0418 08:24:00.223883  6080 data_layer.cpp:129]      Read time: 93.76 ms.
I0418 08:24:00.223883  6080 data_layer.cpp:130] Transform time: 31.249 ms.
I0418 08:24:01.083295  7952 caffe.cpp:314] Batch 737, accuracy1+2 = 1
I0418 08:24:01.083295  7952 caffe.cpp:314] Batch 737, accuracy1+2+3 = 1
I0418 08:24:01.208299  6080 data_layer.cpp:128] Prefetch batch: 125 ms.
I0418 08:24:01.208299  6080 data_layer.cpp:129]      Read time: 78.125 ms.
I0418 08:24:01.208299  6080 data_layer.cpp:130] Transform time: 46.879 ms.
I0418 08:24:02.052076  7952 caffe.cpp:314] Batch 738, accuracy1+2 = 1
I0418 08:24:02.052076  7952 caffe.cpp:314] Batch 738, accuracy1+2+3 = 1
I0418 08:24:02.161458  6080 data_layer.cpp:128] Prefetch batch: 109 ms.
I0418 08:24:02.161458  6080 data_layer.cpp:129]      Read time: 0 ms.
I0418 08:24:02.161458  6080 data_layer.cpp:130] Transform time: 109.382 ms.
I0418 08:24:03.020865  7952 caffe.cpp:314] Batch 739, accuracy1+2 = 1
I0418 08:24:03.020865  7952 caffe.cpp:314] Batch 739, accuracy1+2+3 = 1
I0418 08:24:03.145872  6080 data_layer.cpp:128] Prefetch batch: 125 ms.
I0418 08:24:03.145872  6080 data_layer.cpp:129]      Read time: 93.752 ms.
I0418 08:24:03.145872  6080 data_layer.cpp:130] Transform time: 31.255 ms.
I0418 08:24:04.005276  7952 caffe.cpp:314] Batch 740, accuracy1+2 = 1
I0418 08:24:04.005276  7952 caffe.cpp:314] Batch 740, accuracy1+2+3 = 1
I0418 08:24:04.130280  6080 data_layer.cpp:128] Prefetch batch: 125 ms.
I0418 08:24:04.130280  6080 data_layer.cpp:129]      Read time: 78.138 ms.
I0418 08:24:04.130280  6080 data_layer.cpp:130] Transform time: 46.866 ms.
I0418 08:24:04.974071  7952 caffe.cpp:314] Batch 741, accuracy1+2 = 1
I0418 08:24:04.974071  7952 caffe.cpp:314] Batch 741, accuracy1+2+3 = 1
I0418 08:24:05.099074  6080 data_layer.cpp:128] Prefetch batch: 125 ms.
I0418 08:24:05.099074  6080 data_layer.cpp:129]      Read time: 93.75 ms.
I0418 08:24:05.099074  6080 data_layer.cpp:130] Transform time: 31.253 ms.
I0418 08:24:05.942858  7952 caffe.cpp:314] Batch 742, accuracy1+2 = 0
I0418 08:24:05.942858  7952 caffe.cpp:314] Batch 742, accuracy1+2+3 = 0
I0418 08:24:06.083484  6080 data_layer.cpp:128] Prefetch batch: 140 ms.
I0418 08:24:06.083484  6080 data_layer.cpp:129]      Read time: 93.754 ms.
I0418 08:24:06.083484  6080 data_layer.cpp:130] Transform time: 46.872 ms.
I0418 08:24:06.927275  7952 caffe.cpp:314] Batch 743, accuracy1+2 = 1
I0418 08:24:06.927275  7952 caffe.cpp:314] Batch 743, accuracy1+2+3 = 1
I0418 08:24:07.052279  6080 data_layer.cpp:128] Prefetch batch: 125 ms.
I0418 08:24:07.052279  6080 data_layer.cpp:129]      Read time: 93.748 ms.
I0418 08:24:07.052279  6080 data_layer.cpp:130] Transform time: 31.256 ms.
I0418 08:24:07.896059  7952 caffe.cpp:314] Batch 744, accuracy1+2 = 1
I0418 08:24:07.896059  7952 caffe.cpp:314] Batch 744, accuracy1+2+3 = 1
I0418 08:24:08.005439  6080 data_layer.cpp:128] Prefetch batch: 109 ms.
I0418 08:24:08.005439  6080 data_layer.cpp:129]      Read time: 0 ms.
I0418 08:24:08.005439  6080 data_layer.cpp:130] Transform time: 109.38 ms.
I0418 08:24:08.864845  7952 caffe.cpp:314] Batch 745, accuracy1+2 = 1
I0418 08:24:08.864845  7952 caffe.cpp:314] Batch 745, accuracy1+2+3 = 1
I0418 08:24:08.989853  6080 data_layer.cpp:128] Prefetch batch: 125 ms.
I0418 08:24:08.989853  6080 data_layer.cpp:129]      Read time: 93.757 ms.
I0418 08:24:08.989853  6080 data_layer.cpp:130] Transform time: 31.251 ms.
I0418 08:24:09.849257  7952 caffe.cpp:314] Batch 746, accuracy1+2 = 1
I0418 08:24:09.849257  7952 caffe.cpp:314] Batch 746, accuracy1+2+3 = 1
I0418 08:24:09.974267  6080 data_layer.cpp:128] Prefetch batch: 125 ms.
I0418 08:24:09.974267  6080 data_layer.cpp:129]      Read time: 93.754 ms.
I0418 08:24:09.974267  6080 data_layer.cpp:130] Transform time: 31.255 ms.
I0418 08:24:10.818047  7952 caffe.cpp:314] Batch 747, accuracy1+2 = 1
I0418 08:24:10.818047  7952 caffe.cpp:314] Batch 747, accuracy1+2+3 = 1
I0418 08:24:10.943053  6080 data_layer.cpp:128] Prefetch batch: 125 ms.
I0418 08:24:10.943053  6080 data_layer.cpp:129]      Read time: 93.76 ms.
I0418 08:24:10.943053  6080 data_layer.cpp:130] Transform time: 31.246 ms.
I0418 08:24:11.802464  7952 caffe.cpp:314] Batch 748, accuracy1+2 = 1
I0418 08:24:11.802464  7952 caffe.cpp:314] Batch 748, accuracy1+2+3 = 1
I0418 08:24:11.896217  6080 data_layer.cpp:128] Prefetch batch: 93 ms.
I0418 08:24:11.896217  6080 data_layer.cpp:129]      Read time: 0 ms.
I0418 08:24:11.896217  6080 data_layer.cpp:130] Transform time: 93.753 ms.
I0418 08:24:12.771250  7952 caffe.cpp:314] Batch 749, accuracy1+2 = 0
I0418 08:24:12.771250  7952 caffe.cpp:314] Batch 749, accuracy1+2+3 = 0
I0418 08:24:12.896252  6080 data_layer.cpp:128] Prefetch batch: 125 ms.
I0418 08:24:12.896252  6080 data_layer.cpp:129]      Read time: 93.757 ms.
I0418 08:24:12.896252  6080 data_layer.cpp:130] Transform time: 31.245 ms.
I0418 08:24:13.755664  7952 caffe.cpp:314] Batch 750, accuracy1+2 = 0
I0418 08:24:13.755664  7952 caffe.cpp:314] Batch 750, accuracy1+2+3 = 0
I0418 08:24:13.880667  6080 data_layer.cpp:128] Prefetch batch: 125 ms.
I0418 08:24:13.880667  6080 data_layer.cpp:129]      Read time: 78.131 ms.
I0418 08:24:13.880667  6080 data_layer.cpp:130] Transform time: 46.872 ms.
I0418 08:24:14.724452  7952 caffe.cpp:314] Batch 751, accuracy1+2 = 1
I0418 08:24:14.724452  7952 caffe.cpp:314] Batch 751, accuracy1+2+3 = 1
I0418 08:24:14.849458  6080 data_layer.cpp:128] Prefetch batch: 125 ms.
I0418 08:24:14.849458  6080 data_layer.cpp:129]      Read time: 93.753 ms.
I0418 08:24:14.849458  6080 data_layer.cpp:130] Transform time: 31.253 ms.
I0418 08:24:15.693244  7952 caffe.cpp:314] Batch 752, accuracy1+2 = 0
I0418 08:24:15.693244  7952 caffe.cpp:314] Batch 752, accuracy1+2+3 = 0
I0418 08:24:15.802616  6080 data_layer.cpp:128] Prefetch batch: 109 ms.
I0418 08:24:15.802616  6080 data_layer.cpp:129]      Read time: 0 ms.
I0418 08:24:15.802616  6080 data_layer.cpp:130] Transform time: 109.372 ms.
I0418 08:24:16.677656  7952 caffe.cpp:314] Batch 753, accuracy1+2 = 0
I0418 08:24:16.677656  7952 caffe.cpp:314] Batch 753, accuracy1+2+3 = 0
I0418 08:24:16.802659  6080 data_layer.cpp:128] Prefetch batch: 125 ms.
I0418 08:24:16.802659  6080 data_layer.cpp:129]      Read time: 78.134 ms.
I0418 08:24:16.802659  6080 data_layer.cpp:130] Transform time: 46.868 ms.
I0418 08:24:17.646443  7952 caffe.cpp:314] Batch 754, accuracy1+2 = 1
I0418 08:24:17.646443  7952 caffe.cpp:314] Batch 754, accuracy1+2+3 = 1
I0418 08:24:17.771445  6080 data_layer.cpp:128] Prefetch batch: 125 ms.
I0418 08:24:17.771445  6080 data_layer.cpp:129]      Read time: 93.754 ms.
I0418 08:24:17.771445  6080 data_layer.cpp:130] Transform time: 31.248 ms.
I0418 08:24:18.615231  7952 caffe.cpp:314] Batch 755, accuracy1+2 = 0
I0418 08:24:18.615231  7952 caffe.cpp:314] Batch 755, accuracy1+2+3 = 0
I0418 08:24:18.740232  6080 data_layer.cpp:128] Prefetch batch: 125 ms.
I0418 08:24:18.740232  6080 data_layer.cpp:129]      Read time: 93.751 ms.
I0418 08:24:18.740232  6080 data_layer.cpp:130] Transform time: 31.251 ms.
I0418 08:24:19.599642  7952 caffe.cpp:314] Batch 756, accuracy1+2 = 0
I0418 08:24:19.599642  7952 caffe.cpp:314] Batch 756, accuracy1+2+3 = 0
I0418 08:24:19.724647  6080 data_layer.cpp:128] Prefetch batch: 125 ms.
I0418 08:24:19.724647  6080 data_layer.cpp:129]      Read time: 93.761 ms.
I0418 08:24:19.724647  6080 data_layer.cpp:130] Transform time: 31.245 ms.
I0418 08:24:20.568431  7952 caffe.cpp:314] Batch 757, accuracy1+2 = 1
I0418 08:24:20.568431  7952 caffe.cpp:314] Batch 757, accuracy1+2+3 = 1
I0418 08:24:20.693439  6080 data_layer.cpp:128] Prefetch batch: 125 ms.
I0418 08:24:20.693439  6080 data_layer.cpp:129]      Read time: 93.756 ms.
I0418 08:24:20.693439  6080 data_layer.cpp:130] Transform time: 31.252 ms.
I0418 08:24:21.537222  7952 caffe.cpp:314] Batch 758, accuracy1+2 = 0
I0418 08:24:21.537222  7952 caffe.cpp:314] Batch 758, accuracy1+2+3 = 0
I0418 08:24:21.646601  6080 data_layer.cpp:128] Prefetch batch: 109 ms.
I0418 08:24:21.646601  6080 data_layer.cpp:129]      Read time: 15.628 ms.
I0418 08:24:21.646601  6080 data_layer.cpp:130] Transform time: 93.751 ms.
I0418 08:24:22.521630  7952 caffe.cpp:314] Batch 759, accuracy1+2 = 1
I0418 08:24:22.521630  7952 caffe.cpp:314] Batch 759, accuracy1+2+3 = 1
I0418 08:24:22.646634  6080 data_layer.cpp:128] Prefetch batch: 125 ms.
I0418 08:24:22.646634  6080 data_layer.cpp:129]      Read time: 93.76 ms.
I0418 08:24:22.646634  6080 data_layer.cpp:130] Transform time: 31.245 ms.
I0418 08:24:23.506036  7952 caffe.cpp:314] Batch 760, accuracy1+2 = 1
I0418 08:24:23.506036  7952 caffe.cpp:314] Batch 760, accuracy1+2+3 = 1
I0418 08:24:23.631042  6080 data_layer.cpp:128] Prefetch batch: 125 ms.
I0418 08:24:23.631042  6080 data_layer.cpp:129]      Read time: 78.133 ms.
I0418 08:24:23.631042  6080 data_layer.cpp:130] Transform time: 46.872 ms.
I0418 08:24:24.506078  7952 caffe.cpp:314] Batch 761, accuracy1+2 = 1
I0418 08:24:24.506078  7952 caffe.cpp:314] Batch 761, accuracy1+2+3 = 1
I0418 08:24:24.631085  6080 data_layer.cpp:128] Prefetch batch: 125 ms.
I0418 08:24:24.631085  6080 data_layer.cpp:129]      Read time: 93.749 ms.
I0418 08:24:24.631085  6080 data_layer.cpp:130] Transform time: 31.258 ms.
I0418 08:24:25.506124  7952 caffe.cpp:314] Batch 762, accuracy1+2 = 1
I0418 08:24:25.506124  7952 caffe.cpp:314] Batch 762, accuracy1+2+3 = 1
I0418 08:24:25.631129  6080 data_layer.cpp:128] Prefetch batch: 125 ms.
I0418 08:24:25.631129  6080 data_layer.cpp:129]      Read time: 93.751 ms.
I0418 08:24:25.631129  6080 data_layer.cpp:130] Transform time: 31.254 ms.
I0418 08:24:26.490535  7952 caffe.cpp:314] Batch 763, accuracy1+2 = 1
I0418 08:24:26.490535  7952 caffe.cpp:314] Batch 763, accuracy1+2+3 = 1
I0418 08:24:26.584288  6080 data_layer.cpp:128] Prefetch batch: 93 ms.
I0418 08:24:26.584288  6080 data_layer.cpp:129]      Read time: 0 ms.
I0418 08:24:26.584288  6080 data_layer.cpp:130] Transform time: 93.753 ms.
I0418 08:24:27.459331  7952 caffe.cpp:314] Batch 764, accuracy1+2 = 1
I0418 08:24:27.459331  7952 caffe.cpp:314] Batch 764, accuracy1+2+3 = 1
I0418 08:24:27.584321  6080 data_layer.cpp:128] Prefetch batch: 124 ms.
I0418 08:24:27.584321  6080 data_layer.cpp:129]      Read time: 93.753 ms.
I0418 08:24:27.584321  6080 data_layer.cpp:130] Transform time: 31.238 ms.
I0418 08:24:28.428115  7952 caffe.cpp:314] Batch 765, accuracy1+2 = 1
I0418 08:24:28.428115  7952 caffe.cpp:314] Batch 765, accuracy1+2+3 = 1
I0418 08:24:28.553119  6080 data_layer.cpp:128] Prefetch batch: 125 ms.
I0418 08:24:28.553119  6080 data_layer.cpp:129]      Read time: 93.756 ms.
I0418 08:24:28.553119  6080 data_layer.cpp:130] Transform time: 31.248 ms.
I0418 08:24:29.412525  7952 caffe.cpp:314] Batch 766, accuracy1+2 = 0
I0418 08:24:29.412525  7952 caffe.cpp:314] Batch 766, accuracy1+2+3 = 0
I0418 08:24:29.537538  6080 data_layer.cpp:128] Prefetch batch: 125 ms.
I0418 08:24:29.537538  6080 data_layer.cpp:129]      Read time: 78.13 ms.
I0418 08:24:29.537538  6080 data_layer.cpp:130] Transform time: 46.882 ms.
I0418 08:24:30.381316  7952 caffe.cpp:314] Batch 767, accuracy1+2 = 1
I0418 08:24:30.381316  7952 caffe.cpp:314] Batch 767, accuracy1+2+3 = 1
I0418 08:24:30.506317  6080 data_layer.cpp:128] Prefetch batch: 125 ms.
I0418 08:24:30.506317  6080 data_layer.cpp:129]      Read time: 93.756 ms.
I0418 08:24:30.506317  6080 data_layer.cpp:130] Transform time: 31.245 ms.
I0418 08:24:31.350108  7952 caffe.cpp:314] Batch 768, accuracy1+2 = 1
I0418 08:24:31.350108  7952 caffe.cpp:314] Batch 768, accuracy1+2+3 = 1
I0418 08:24:31.475111  6080 data_layer.cpp:128] Prefetch batch: 125 ms.
I0418 08:24:31.475111  6080 data_layer.cpp:129]      Read time: 93.748 ms.
I0418 08:24:31.475111  6080 data_layer.cpp:130] Transform time: 31.255 ms.
I0418 08:24:32.334522  7952 caffe.cpp:314] Batch 769, accuracy1+2 = 1
I0418 08:24:32.334522  7952 caffe.cpp:314] Batch 769, accuracy1+2+3 = 1
I0418 08:24:32.428272  6080 data_layer.cpp:128] Prefetch batch: 93 ms.
I0418 08:24:32.428272  6080 data_layer.cpp:129]      Read time: 0 ms.
I0418 08:24:32.428272  6080 data_layer.cpp:130] Transform time: 93.75 ms.
I0418 08:24:33.303309  7952 caffe.cpp:314] Batch 770, accuracy1+2 = 0
I0418 08:24:33.303309  7952 caffe.cpp:314] Batch 770, accuracy1+2+3 = 0
I0418 08:24:33.428308  6080 data_layer.cpp:128] Prefetch batch: 124 ms.
I0418 08:24:33.428308  6080 data_layer.cpp:129]      Read time: 93.752 ms.
I0418 08:24:33.428308  6080 data_layer.cpp:130] Transform time: 31.246 ms.
I0418 08:24:34.272095  7952 caffe.cpp:314] Batch 771, accuracy1+2 = 0
I0418 08:24:34.272095  7952 caffe.cpp:314] Batch 771, accuracy1+2+3 = 0
I0418 08:24:34.397099  6080 data_layer.cpp:128] Prefetch batch: 125 ms.
I0418 08:24:34.397099  6080 data_layer.cpp:129]      Read time: 93.751 ms.
I0418 08:24:34.397099  6080 data_layer.cpp:130] Transform time: 31.253 ms.
I0418 08:24:35.240880  7952 caffe.cpp:314] Batch 772, accuracy1+2 = 1
I0418 08:24:35.240880  7952 caffe.cpp:314] Batch 772, accuracy1+2+3 = 1
I0418 08:24:35.365886  6080 data_layer.cpp:128] Prefetch batch: 125 ms.
I0418 08:24:35.365886  6080 data_layer.cpp:129]      Read time: 93.76 ms.
I0418 08:24:35.365886  6080 data_layer.cpp:130] Transform time: 31.247 ms.
I0418 08:24:36.225296  7952 caffe.cpp:314] Batch 773, accuracy1+2 = 1
I0418 08:24:36.225296  7952 caffe.cpp:314] Batch 773, accuracy1+2+3 = 1
I0418 08:24:36.319052  6080 data_layer.cpp:128] Prefetch batch: 93 ms.
I0418 08:24:36.319052  6080 data_layer.cpp:129]      Read time: 0 ms.
I0418 08:24:36.319052  6080 data_layer.cpp:130] Transform time: 93.756 ms.
I0418 08:24:37.194087  7952 caffe.cpp:314] Batch 774, accuracy1+2 = 0
I0418 08:24:37.194087  7952 caffe.cpp:314] Batch 774, accuracy1+2+3 = 0
I0418 08:24:37.319092  6080 data_layer.cpp:128] Prefetch batch: 125 ms.
I0418 08:24:37.319092  6080 data_layer.cpp:129]      Read time: 109.374 ms.
I0418 08:24:37.319092  6080 data_layer.cpp:130] Transform time: 15.63 ms.
I0418 08:24:38.178498  7952 caffe.cpp:314] Batch 775, accuracy1+2 = 1
I0418 08:24:38.178498  7952 caffe.cpp:314] Batch 775, accuracy1+2+3 = 1
I0418 08:24:38.303504  6080 data_layer.cpp:128] Prefetch batch: 125 ms.
I0418 08:24:38.303504  6080 data_layer.cpp:129]      Read time: 62.502 ms.
I0418 08:24:38.303504  6080 data_layer.cpp:130] Transform time: 62.505 ms.
I0418 08:24:39.147285  7952 caffe.cpp:314] Batch 776, accuracy1+2 = 1
I0418 08:24:39.147285  7952 caffe.cpp:314] Batch 776, accuracy1+2+3 = 1
I0418 08:24:39.272292  6080 data_layer.cpp:128] Prefetch batch: 125 ms.
I0418 08:24:39.272292  6080 data_layer.cpp:129]      Read time: 93.756 ms.
I0418 08:24:39.272292  6080 data_layer.cpp:130] Transform time: 31.251 ms.
I0418 08:24:40.116075  7952 caffe.cpp:314] Batch 777, accuracy1+2 = 0
I0418 08:24:40.116075  7952 caffe.cpp:314] Batch 777, accuracy1+2+3 = 0
I0418 08:24:40.241080  6080 data_layer.cpp:128] Prefetch batch: 125 ms.
I0418 08:24:40.241080  6080 data_layer.cpp:129]      Read time: 93.748 ms.
I0418 08:24:40.241080  6080 data_layer.cpp:130] Transform time: 31.257 ms.
I0418 08:24:41.100487  7952 caffe.cpp:314] Batch 778, accuracy1+2 = 1
I0418 08:24:41.100487  7952 caffe.cpp:314] Batch 778, accuracy1+2+3 = 1
I0418 08:24:41.209867  6080 data_layer.cpp:128] Prefetch batch: 109 ms.
I0418 08:24:41.209867  6080 data_layer.cpp:129]      Read time: 0 ms.
I0418 08:24:41.209867  6080 data_layer.cpp:130] Transform time: 109.379 ms.
I0418 08:24:42.069274  7952 caffe.cpp:314] Batch 779, accuracy1+2 = 0
I0418 08:24:42.069274  7952 caffe.cpp:314] Batch 779, accuracy1+2+3 = 0
I0418 08:24:42.209909  6080 data_layer.cpp:128] Prefetch batch: 140 ms.
I0418 08:24:42.209909  6080 data_layer.cpp:129]      Read time: 93.755 ms.
I0418 08:24:42.209909  6080 data_layer.cpp:130] Transform time: 46.88 ms.
I0418 08:24:43.053689  7952 caffe.cpp:314] Batch 780, accuracy1+2 = 0
I0418 08:24:43.053689  7952 caffe.cpp:314] Batch 780, accuracy1+2+3 = 0
I0418 08:24:43.178689  6080 data_layer.cpp:128] Prefetch batch: 125 ms.
I0418 08:24:43.178689  6080 data_layer.cpp:129]      Read time: 93.75 ms.
I0418 08:24:43.178689  6080 data_layer.cpp:130] Transform time: 31.251 ms.
I0418 08:24:44.022466  7952 caffe.cpp:314] Batch 781, accuracy1+2 = 1
I0418 08:24:44.022466  7952 caffe.cpp:314] Batch 781, accuracy1+2+3 = 1
I0418 08:24:44.147478  6080 data_layer.cpp:128] Prefetch batch: 125 ms.
I0418 08:24:44.147478  6080 data_layer.cpp:129]      Read time: 93.767 ms.
I0418 08:24:44.147478  6080 data_layer.cpp:130] Transform time: 31.245 ms.
I0418 08:24:45.006891  7952 caffe.cpp:314] Batch 782, accuracy1+2 = 0
I0418 08:24:45.006891  7952 caffe.cpp:314] Batch 782, accuracy1+2+3 = 0
I0418 08:24:45.100646  6080 data_layer.cpp:128] Prefetch batch: 93 ms.
I0418 08:24:45.100646  6080 data_layer.cpp:129]      Read time: 0 ms.
I0418 08:24:45.100646  6080 data_layer.cpp:130] Transform time: 93.754 ms.
I0418 08:24:45.975677  7952 caffe.cpp:314] Batch 783, accuracy1+2 = 0
I0418 08:24:45.975677  7952 caffe.cpp:314] Batch 783, accuracy1+2+3 = 0
I0418 08:24:46.100680  6080 data_layer.cpp:128] Prefetch batch: 125 ms.
I0418 08:24:46.100680  6080 data_layer.cpp:129]      Read time: 93.751 ms.
I0418 08:24:46.100680  6080 data_layer.cpp:130] Transform time: 31.252 ms.
I0418 08:24:46.944465  7952 caffe.cpp:314] Batch 784, accuracy1+2 = 1
I0418 08:24:46.944465  7952 caffe.cpp:314] Batch 784, accuracy1+2+3 = 1
I0418 08:24:47.069471  6080 data_layer.cpp:128] Prefetch batch: 125 ms.
I0418 08:24:47.069471  6080 data_layer.cpp:129]      Read time: 93.755 ms.
I0418 08:24:47.069471  6080 data_layer.cpp:130] Transform time: 31.251 ms.
I0418 08:24:47.913250  7952 caffe.cpp:314] Batch 785, accuracy1+2 = 1
I0418 08:24:47.913250  7952 caffe.cpp:314] Batch 785, accuracy1+2+3 = 1
I0418 08:24:48.038259  6080 data_layer.cpp:128] Prefetch batch: 125 ms.
I0418 08:24:48.038259  6080 data_layer.cpp:129]      Read time: 93.757 ms.
I0418 08:24:48.053881  6080 data_layer.cpp:130] Transform time: 31.252 ms.
I0418 08:24:48.897665  7952 caffe.cpp:314] Batch 786, accuracy1+2 = 0
I0418 08:24:48.897665  7952 caffe.cpp:314] Batch 786, accuracy1+2+3 = 0
I0418 08:24:49.022670  6080 data_layer.cpp:128] Prefetch batch: 125 ms.
I0418 08:24:49.022670  6080 data_layer.cpp:129]      Read time: 78.13 ms.
I0418 08:24:49.022670  6080 data_layer.cpp:130] Transform time: 46.875 ms.
I0418 08:24:49.866446  7952 caffe.cpp:314] Batch 787, accuracy1+2 = 1
I0418 08:24:49.866446  7952 caffe.cpp:314] Batch 787, accuracy1+2+3 = 1
I0418 08:24:49.991462  6080 data_layer.cpp:128] Prefetch batch: 125 ms.
I0418 08:24:49.991462  6080 data_layer.cpp:129]      Read time: 93.761 ms.
I0418 08:24:49.991462  6080 data_layer.cpp:130] Transform time: 31.256 ms.
I0418 08:24:50.850872  7952 caffe.cpp:314] Batch 788, accuracy1+2 = 1
I0418 08:24:50.850872  7952 caffe.cpp:314] Batch 788, accuracy1+2+3 = 1
I0418 08:24:50.944622  6080 data_layer.cpp:128] Prefetch batch: 93 ms.
I0418 08:24:50.944622  6080 data_layer.cpp:129]      Read time: 0 ms.
I0418 08:24:50.944622  6080 data_layer.cpp:130] Transform time: 93.75 ms.
I0418 08:24:51.819653  7952 caffe.cpp:314] Batch 789, accuracy1+2 = 1
I0418 08:24:51.819653  7952 caffe.cpp:314] Batch 789, accuracy1+2+3 = 1
I0418 08:24:51.944663  6080 data_layer.cpp:128] Prefetch batch: 125 ms.
I0418 08:24:51.944663  6080 data_layer.cpp:129]      Read time: 93.755 ms.
I0418 08:24:51.944663  6080 data_layer.cpp:130] Transform time: 31.254 ms.
I0418 08:24:52.788445  7952 caffe.cpp:314] Batch 790, accuracy1+2 = 0
I0418 08:24:52.788445  7952 caffe.cpp:314] Batch 790, accuracy1+2+3 = 0
I0418 08:24:52.913452  6080 data_layer.cpp:128] Prefetch batch: 125 ms.
I0418 08:24:52.913452  6080 data_layer.cpp:129]      Read time: 93.752 ms.
I0418 08:24:52.913452  6080 data_layer.cpp:130] Transform time: 31.255 ms.
I0418 08:24:53.757237  7952 caffe.cpp:314] Batch 791, accuracy1+2 = 0
I0418 08:24:53.757237  7952 caffe.cpp:314] Batch 791, accuracy1+2+3 = 0
I0418 08:24:53.897866  6080 data_layer.cpp:128] Prefetch batch: 140 ms.
I0418 08:24:53.897866  6080 data_layer.cpp:129]      Read time: 93.75 ms.
I0418 08:24:53.897866  6080 data_layer.cpp:130] Transform time: 46.879 ms.
I0418 08:24:54.741649  7952 caffe.cpp:314] Batch 792, accuracy1+2 = 0
I0418 08:24:54.741649  7952 caffe.cpp:314] Batch 792, accuracy1+2+3 = 0
I0418 08:24:54.866648  6080 data_layer.cpp:128] Prefetch batch: 124 ms.
I0418 08:24:54.866648  6080 data_layer.cpp:129]      Read time: 78.126 ms.
I0418 08:24:54.866648  6080 data_layer.cpp:130] Transform time: 31.245 ms.
I0418 08:24:55.710436  7952 caffe.cpp:314] Batch 793, accuracy1+2 = 1
I0418 08:24:55.710436  7952 caffe.cpp:314] Batch 793, accuracy1+2+3 = 1
I0418 08:24:55.835429  6080 data_layer.cpp:128] Prefetch batch: 124 ms.
I0418 08:24:55.835429  6080 data_layer.cpp:129]      Read time: 93.749 ms.
I0418 08:24:55.835429  6080 data_layer.cpp:130] Transform time: 31.244 ms.
I0418 08:24:56.694850  7952 caffe.cpp:314] Batch 794, accuracy1+2 = 0
I0418 08:24:56.694850  7952 caffe.cpp:314] Batch 794, accuracy1+2+3 = 0
I0418 08:24:56.788605  6080 data_layer.cpp:128] Prefetch batch: 93 ms.
I0418 08:24:56.788605  6080 data_layer.cpp:129]      Read time: 0 ms.
I0418 08:24:56.788605  6080 data_layer.cpp:130] Transform time: 93.755 ms.
I0418 08:24:57.663635  7952 caffe.cpp:314] Batch 795, accuracy1+2 = 1
I0418 08:24:57.663635  7952 caffe.cpp:314] Batch 795, accuracy1+2+3 = 1
I0418 08:24:57.788641  6080 data_layer.cpp:128] Prefetch batch: 125 ms.
I0418 08:24:57.788641  6080 data_layer.cpp:129]      Read time: 93.752 ms.
I0418 08:24:57.788641  6080 data_layer.cpp:130] Transform time: 31.254 ms.
I0418 08:24:58.632421  7952 caffe.cpp:314] Batch 796, accuracy1+2 = 1
I0418 08:24:58.632421  7952 caffe.cpp:314] Batch 796, accuracy1+2+3 = 1
I0418 08:24:58.757431  6080 data_layer.cpp:128] Prefetch batch: 125 ms.
I0418 08:24:58.757431  6080 data_layer.cpp:129]      Read time: 93.76 ms.
I0418 08:24:58.757431  6080 data_layer.cpp:130] Transform time: 31.249 ms.
I0418 08:24:59.601209  7952 caffe.cpp:314] Batch 797, accuracy1+2 = 1
I0418 08:24:59.601209  7952 caffe.cpp:314] Batch 797, accuracy1+2+3 = 1
I0418 08:24:59.726213  6080 data_layer.cpp:128] Prefetch batch: 125 ms.
I0418 08:24:59.726213  6080 data_layer.cpp:129]      Read time: 93.753 ms.
I0418 08:24:59.726213  6080 data_layer.cpp:130] Transform time: 31.251 ms.
I0418 08:25:00.601258  7952 caffe.cpp:314] Batch 798, accuracy1+2 = 1
I0418 08:25:00.601258  7952 caffe.cpp:314] Batch 798, accuracy1+2+3 = 1
I0418 08:25:00.726253  6080 data_layer.cpp:128] Prefetch batch: 124 ms.
I0418 08:25:00.726253  6080 data_layer.cpp:129]      Read time: 78.123 ms.
I0418 08:25:00.726253  6080 data_layer.cpp:130] Transform time: 46.873 ms.
I0418 08:25:01.601289  7952 caffe.cpp:314] Batch 799, accuracy1+2 = 1
I0418 08:25:01.601289  7952 caffe.cpp:314] Batch 799, accuracy1+2+3 = 1
I0418 08:25:01.710687  6080 data_layer.cpp:128] Prefetch batch: 109 ms.
I0418 08:25:01.710687  6080 data_layer.cpp:129]      Read time: 0 ms.
I0418 08:25:01.710687  6080 data_layer.cpp:130] Transform time: 109.398 ms.
I0418 08:25:02.585703  7952 caffe.cpp:314] Batch 800, accuracy1+2 = 1
I0418 08:25:02.585703  7952 caffe.cpp:314] Batch 800, accuracy1+2+3 = 1
I0418 08:25:02.710711  6080 data_layer.cpp:128] Prefetch batch: 125 ms.
I0418 08:25:02.710711  6080 data_layer.cpp:129]      Read time: 93.756 ms.
I0418 08:25:02.710711  6080 data_layer.cpp:130] Transform time: 31.251 ms.
I0418 08:25:03.570122  7952 caffe.cpp:314] Batch 801, accuracy1+2 = 1
I0418 08:25:03.570122  7952 caffe.cpp:314] Batch 801, accuracy1+2+3 = 1
I0418 08:25:03.695125  6080 data_layer.cpp:128] Prefetch batch: 125 ms.
I0418 08:25:03.695125  6080 data_layer.cpp:129]      Read time: 93.753 ms.
I0418 08:25:03.695125  6080 data_layer.cpp:130] Transform time: 31.25 ms.
I0418 08:25:04.538904  7952 caffe.cpp:314] Batch 802, accuracy1+2 = 1
I0418 08:25:04.538904  7952 caffe.cpp:314] Batch 802, accuracy1+2+3 = 1
I0418 08:25:04.663914  6080 data_layer.cpp:128] Prefetch batch: 125 ms.
I0418 08:25:04.663914  6080 data_layer.cpp:129]      Read time: 93.756 ms.
I0418 08:25:04.663914  6080 data_layer.cpp:130] Transform time: 31.254 ms.
I0418 08:25:05.507695  7952 caffe.cpp:314] Batch 803, accuracy1+2 = 1
I0418 08:25:05.507695  7952 caffe.cpp:314] Batch 803, accuracy1+2+3 = 1
I0418 08:25:05.617072  6080 data_layer.cpp:128] Prefetch batch: 109 ms.
I0418 08:25:05.617072  6080 data_layer.cpp:129]      Read time: 0 ms.
I0418 08:25:05.617072  6080 data_layer.cpp:130] Transform time: 109.377 ms.
I0418 08:25:06.476478  7952 caffe.cpp:314] Batch 804, accuracy1+2 = 1
I0418 08:25:06.476478  7952 caffe.cpp:314] Batch 804, accuracy1+2+3 = 1
I0418 08:25:06.617115  6080 data_layer.cpp:128] Prefetch batch: 140 ms.
I0418 08:25:06.617115  6080 data_layer.cpp:129]      Read time: 93.76 ms.
I0418 08:25:06.617115  6080 data_layer.cpp:130] Transform time: 46.877 ms.
I0418 08:25:07.460901  7952 caffe.cpp:314] Batch 805, accuracy1+2 = 0
I0418 08:25:07.460901  7952 caffe.cpp:314] Batch 805, accuracy1+2+3 = 0
I0418 08:25:07.585898  6080 data_layer.cpp:128] Prefetch batch: 124 ms.
I0418 08:25:07.585898  6080 data_layer.cpp:129]      Read time: 78.125 ms.
I0418 08:25:07.585898  6080 data_layer.cpp:130] Transform time: 46.873 ms.
I0418 08:25:08.429685  7952 caffe.cpp:314] Batch 806, accuracy1+2 = 1
I0418 08:25:08.429685  7952 caffe.cpp:314] Batch 806, accuracy1+2+3 = 1
I0418 08:25:08.554692  6080 data_layer.cpp:128] Prefetch batch: 125 ms.
I0418 08:25:08.554692  6080 data_layer.cpp:129]      Read time: 93.752 ms.
I0418 08:25:08.554692  6080 data_layer.cpp:130] Transform time: 31.255 ms.
I0418 08:25:09.398468  7952 caffe.cpp:314] Batch 807, accuracy1+2 = 1
I0418 08:25:09.398468  7952 caffe.cpp:314] Batch 807, accuracy1+2+3 = 1
I0418 08:25:09.507848  6080 data_layer.cpp:128] Prefetch batch: 109 ms.
I0418 08:25:09.507848  6080 data_layer.cpp:129]      Read time: 0 ms.
I0418 08:25:09.507848  6080 data_layer.cpp:130] Transform time: 109.379 ms.
I0418 08:25:10.367259  7952 caffe.cpp:314] Batch 808, accuracy1+2 = 1
I0418 08:25:10.367259  7952 caffe.cpp:314] Batch 808, accuracy1+2+3 = 1
I0418 08:25:10.492261  6080 data_layer.cpp:128] Prefetch batch: 125 ms.
I0418 08:25:10.492261  6080 data_layer.cpp:129]      Read time: 93.757 ms.
I0418 08:25:10.492261  6080 data_layer.cpp:130] Transform time: 31.246 ms.
I0418 08:25:11.351680  7952 caffe.cpp:314] Batch 809, accuracy1+2 = 1
I0418 08:25:11.351680  7952 caffe.cpp:314] Batch 809, accuracy1+2+3 = 1
I0418 08:25:11.476675  6080 data_layer.cpp:128] Prefetch batch: 124 ms.
I0418 08:25:11.476675  6080 data_layer.cpp:129]      Read time: 93.75 ms.
I0418 08:25:11.476675  6080 data_layer.cpp:130] Transform time: 31.246 ms.
I0418 08:25:12.320461  7952 caffe.cpp:314] Batch 810, accuracy1+2 = 1
I0418 08:25:12.320461  7952 caffe.cpp:314] Batch 810, accuracy1+2+3 = 1
I0418 08:25:12.445471  6080 data_layer.cpp:128] Prefetch batch: 125 ms.
I0418 08:25:12.445471  6080 data_layer.cpp:129]      Read time: 93.751 ms.
I0418 08:25:12.445471  6080 data_layer.cpp:130] Transform time: 31.258 ms.
I0418 08:25:13.289253  7952 caffe.cpp:314] Batch 811, accuracy1+2 = 1
I0418 08:25:13.289253  7952 caffe.cpp:314] Batch 811, accuracy1+2+3 = 1
I0418 08:25:13.414252  6080 data_layer.cpp:128] Prefetch batch: 124 ms.
I0418 08:25:13.414252  6080 data_layer.cpp:129]      Read time: 93.748 ms.
I0418 08:25:13.414252  6080 data_layer.cpp:130] Transform time: 31.25 ms.
I0418 08:25:14.273666  7952 caffe.cpp:314] Batch 812, accuracy1+2 = 1
I0418 08:25:14.273666  7952 caffe.cpp:314] Batch 812, accuracy1+2+3 = 1
I0418 08:25:14.398669  6080 data_layer.cpp:128] Prefetch batch: 125 ms.
I0418 08:25:14.398669  6080 data_layer.cpp:129]      Read time: 93.747 ms.
I0418 08:25:14.398669  6080 data_layer.cpp:130] Transform time: 31.255 ms.
I0418 08:25:15.242449  7952 caffe.cpp:314] Batch 813, accuracy1+2 = 1
I0418 08:25:15.242449  7952 caffe.cpp:314] Batch 813, accuracy1+2+3 = 1
I0418 08:25:15.351831  6080 data_layer.cpp:128] Prefetch batch: 109 ms.
I0418 08:25:15.351831  6080 data_layer.cpp:129]      Read time: 0 ms.
I0418 08:25:15.351831  6080 data_layer.cpp:130] Transform time: 109.383 ms.
I0418 08:25:16.211236  7952 caffe.cpp:314] Batch 814, accuracy1+2 = 0
I0418 08:25:16.211236  7952 caffe.cpp:314] Batch 814, accuracy1+2+3 = 0
I0418 08:25:16.351871  6080 data_layer.cpp:128] Prefetch batch: 125 ms.
I0418 08:25:16.351871  6080 data_layer.cpp:129]      Read time: 93.76 ms.
I0418 08:25:16.351871  6080 data_layer.cpp:130] Transform time: 31.251 ms.
I0418 08:25:17.195655  7952 caffe.cpp:314] Batch 815, accuracy1+2 = 1
I0418 08:25:17.195655  7952 caffe.cpp:314] Batch 815, accuracy1+2+3 = 1
I0418 08:25:17.320659  6080 data_layer.cpp:128] Prefetch batch: 125 ms.
I0418 08:25:17.320659  6080 data_layer.cpp:129]      Read time: 93.753 ms.
I0418 08:25:17.320659  6080 data_layer.cpp:130] Transform time: 31.251 ms.
I0418 08:25:18.164443  7952 caffe.cpp:314] Batch 816, accuracy1+2 = 1
I0418 08:25:18.164443  7952 caffe.cpp:314] Batch 816, accuracy1+2+3 = 1
I0418 08:25:18.289441  6080 data_layer.cpp:128] Prefetch batch: 124 ms.
I0418 08:25:18.289441  6080 data_layer.cpp:129]      Read time: 93.749 ms.
I0418 08:25:18.289441  6080 data_layer.cpp:130] Transform time: 31.249 ms.
I0418 08:25:19.133224  7952 caffe.cpp:314] Batch 817, accuracy1+2 = 1
I0418 08:25:19.133224  7952 caffe.cpp:314] Batch 817, accuracy1+2+3 = 1
I0418 08:25:19.258244  6080 data_layer.cpp:128] Prefetch batch: 125 ms.
I0418 08:25:19.258244  6080 data_layer.cpp:129]      Read time: 93.757 ms.
I0418 08:25:19.258244  6080 data_layer.cpp:130] Transform time: 31.262 ms.
I0418 08:25:20.117641  7952 caffe.cpp:314] Batch 818, accuracy1+2 = 1
I0418 08:25:20.117641  7952 caffe.cpp:314] Batch 818, accuracy1+2+3 = 0
I0418 08:25:20.211392  6080 data_layer.cpp:128] Prefetch batch: 93 ms.
I0418 08:25:20.211392  6080 data_layer.cpp:129]      Read time: 0 ms.
I0418 08:25:20.211392  6080 data_layer.cpp:130] Transform time: 93.751 ms.
I0418 08:25:21.086426  7952 caffe.cpp:314] Batch 819, accuracy1+2 = 1
I0418 08:25:21.086426  7952 caffe.cpp:314] Batch 819, accuracy1+2+3 = 1
I0418 08:25:21.211434  6080 data_layer.cpp:128] Prefetch batch: 125 ms.
I0418 08:25:21.211434  6080 data_layer.cpp:129]      Read time: 93.761 ms.
I0418 08:25:21.211434  6080 data_layer.cpp:130] Transform time: 31.247 ms.
I0418 08:25:22.055222  7952 caffe.cpp:314] Batch 820, accuracy1+2 = 1
I0418 08:25:22.055222  7952 caffe.cpp:314] Batch 820, accuracy1+2+3 = 1
I0418 08:25:22.180222  6080 data_layer.cpp:128] Prefetch batch: 125 ms.
I0418 08:25:22.180222  6080 data_layer.cpp:129]      Read time: 93.751 ms.
I0418 08:25:22.180222  6080 data_layer.cpp:130] Transform time: 31.249 ms.
I0418 08:25:23.024006  7952 caffe.cpp:314] Batch 821, accuracy1+2 = 0
I0418 08:25:23.024006  7952 caffe.cpp:314] Batch 821, accuracy1+2+3 = 0
I0418 08:25:23.164643  6080 data_layer.cpp:128] Prefetch batch: 125 ms.
I0418 08:25:23.164643  6080 data_layer.cpp:129]      Read time: 78.127 ms.
I0418 08:25:23.164643  6080 data_layer.cpp:130] Transform time: 46.884 ms.
I0418 08:25:24.008416  7952 caffe.cpp:314] Batch 822, accuracy1+2 = 1
I0418 08:25:24.008416  7952 caffe.cpp:314] Batch 822, accuracy1+2+3 = 1
I0418 08:25:24.133427  6080 data_layer.cpp:128] Prefetch batch: 125 ms.
I0418 08:25:24.133427  6080 data_layer.cpp:129]      Read time: 93.758 ms.
I0418 08:25:24.133427  6080 data_layer.cpp:130] Transform time: 31.253 ms.
I0418 08:25:24.977208  7952 caffe.cpp:314] Batch 823, accuracy1+2 = 1
I0418 08:25:24.977208  7952 caffe.cpp:314] Batch 823, accuracy1+2+3 = 1
I0418 08:25:25.086588  6080 data_layer.cpp:128] Prefetch batch: 109 ms.
I0418 08:25:25.086588  6080 data_layer.cpp:129]      Read time: 0 ms.
I0418 08:25:25.086588  6080 data_layer.cpp:130] Transform time: 109.38 ms.
I0418 08:25:25.945993  7952 caffe.cpp:314] Batch 824, accuracy1+2 = 1
I0418 08:25:25.945993  7952 caffe.cpp:314] Batch 824, accuracy1+2+3 = 1
I0418 08:25:26.070998  6080 data_layer.cpp:128] Prefetch batch: 125 ms.
I0418 08:25:26.070998  6080 data_layer.cpp:129]      Read time: 93.76 ms.
I0418 08:25:26.070998  6080 data_layer.cpp:130] Transform time: 31.245 ms.
I0418 08:25:26.930408  7952 caffe.cpp:314] Batch 825, accuracy1+2 = 1
I0418 08:25:26.930408  7952 caffe.cpp:314] Batch 825, accuracy1+2+3 = 1
I0418 08:25:27.055418  6080 data_layer.cpp:128] Prefetch batch: 125 ms.
I0418 08:25:27.055418  6080 data_layer.cpp:129]      Read time: 78.128 ms.
I0418 08:25:27.055418  6080 data_layer.cpp:130] Transform time: 46.882 ms.
I0418 08:25:27.899193  7952 caffe.cpp:314] Batch 826, accuracy1+2 = 1
I0418 08:25:27.899193  7952 caffe.cpp:314] Batch 826, accuracy1+2+3 = 1
I0418 08:25:28.024204  6080 data_layer.cpp:128] Prefetch batch: 125 ms.
I0418 08:25:28.024204  6080 data_layer.cpp:129]      Read time: 93.761 ms.
I0418 08:25:28.024204  6080 data_layer.cpp:130] Transform time: 31.25 ms.
I0418 08:25:28.867985  7952 caffe.cpp:314] Batch 827, accuracy1+2 = 1
I0418 08:25:28.867985  7952 caffe.cpp:314] Batch 827, accuracy1+2+3 = 1
I0418 08:25:28.992996  6080 data_layer.cpp:128] Prefetch batch: 125 ms.
I0418 08:25:28.992996  6080 data_layer.cpp:129]      Read time: 93.751 ms.
I0418 08:25:28.992996  6080 data_layer.cpp:130] Transform time: 31.261 ms.
I0418 08:25:29.852399  7952 caffe.cpp:314] Batch 828, accuracy1+2 = 1
I0418 08:25:29.852399  7952 caffe.cpp:314] Batch 828, accuracy1+2+3 = 1
I0418 08:25:29.977403  6080 data_layer.cpp:128] Prefetch batch: 125 ms.
I0418 08:25:29.977403  6080 data_layer.cpp:129]      Read time: 78.128 ms.
I0418 08:25:29.977403  6080 data_layer.cpp:130] Transform time: 46.876 ms.
I0418 08:25:30.821183  7952 caffe.cpp:314] Batch 829, accuracy1+2 = 1
I0418 08:25:30.821183  7952 caffe.cpp:314] Batch 829, accuracy1+2+3 = 1
I0418 08:25:30.914940  6080 data_layer.cpp:128] Prefetch batch: 93 ms.
I0418 08:25:30.914940  6080 data_layer.cpp:129]      Read time: 0 ms.
I0418 08:25:30.930567  6080 data_layer.cpp:130] Transform time: 93.757 ms.
I0418 08:25:31.789974  7952 caffe.cpp:314] Batch 830, accuracy1+2 = 1
I0418 08:25:31.789974  7952 caffe.cpp:314] Batch 830, accuracy1+2+3 = 1
I0418 08:25:31.914978  6080 data_layer.cpp:128] Prefetch batch: 125 ms.
I0418 08:25:31.914978  6080 data_layer.cpp:129]      Read time: 93.757 ms.
I0418 08:25:31.914978  6080 data_layer.cpp:130] Transform time: 31.247 ms.
I0418 08:25:32.774390  7952 caffe.cpp:314] Batch 831, accuracy1+2 = 1
I0418 08:25:32.774390  7952 caffe.cpp:314] Batch 831, accuracy1+2+3 = 1
I0418 08:25:32.899394  6080 data_layer.cpp:128] Prefetch batch: 125 ms.
I0418 08:25:32.899394  6080 data_layer.cpp:129]      Read time: 78.127 ms.
I0418 08:25:32.899394  6080 data_layer.cpp:130] Transform time: 46.877 ms.
I0418 08:25:33.743173  7952 caffe.cpp:314] Batch 832, accuracy1+2 = 1
I0418 08:25:33.743173  7952 caffe.cpp:314] Batch 832, accuracy1+2+3 = 1
I0418 08:25:33.868180  6080 data_layer.cpp:128] Prefetch batch: 125 ms.
I0418 08:25:33.868180  6080 data_layer.cpp:129]      Read time: 93.758 ms.
I0418 08:25:33.868180  6080 data_layer.cpp:130] Transform time: 31.248 ms.
I0418 08:25:34.711964  7952 caffe.cpp:314] Batch 833, accuracy1+2 = 0
I0418 08:25:34.711964  7952 caffe.cpp:314] Batch 833, accuracy1+2+3 = 0
I0418 08:25:34.821344  6080 data_layer.cpp:128] Prefetch batch: 109 ms.
I0418 08:25:34.821344  6080 data_layer.cpp:129]      Read time: 0 ms.
I0418 08:25:34.821344  6080 data_layer.cpp:130] Transform time: 109.38 ms.
I0418 08:25:35.680757  7952 caffe.cpp:314] Batch 834, accuracy1+2 = 1
I0418 08:25:35.680757  7952 caffe.cpp:314] Batch 834, accuracy1+2+3 = 1
I0418 08:25:35.821385  6080 data_layer.cpp:128] Prefetch batch: 140 ms.
I0418 08:25:35.821385  6080 data_layer.cpp:129]      Read time: 93.744 ms.
I0418 08:25:35.821385  6080 data_layer.cpp:130] Transform time: 46.884 ms.
I0418 08:25:36.665166  7952 caffe.cpp:314] Batch 835, accuracy1+2 = 1
I0418 08:25:36.665166  7952 caffe.cpp:314] Batch 835, accuracy1+2+3 = 1
I0418 08:25:36.790181  6080 data_layer.cpp:128] Prefetch batch: 125 ms.
I0418 08:25:36.790181  6080 data_layer.cpp:129]      Read time: 93.753 ms.
I0418 08:25:36.790181  6080 data_layer.cpp:130] Transform time: 31.262 ms.
I0418 08:25:37.649569  7952 caffe.cpp:314] Batch 836, accuracy1+2 = 1
I0418 08:25:37.649569  7952 caffe.cpp:314] Batch 836, accuracy1+2+3 = 1
I0418 08:25:37.774585  6080 data_layer.cpp:128] Prefetch batch: 125 ms.
I0418 08:25:37.774585  6080 data_layer.cpp:129]      Read time: 93.764 ms.
I0418 08:25:37.774585  6080 data_layer.cpp:130] Transform time: 31.252 ms.
I0418 08:25:38.618365  7952 caffe.cpp:314] Batch 837, accuracy1+2 = 0
I0418 08:25:38.618365  7952 caffe.cpp:314] Batch 837, accuracy1+2+3 = 0
I0418 08:25:38.727751  6080 data_layer.cpp:128] Prefetch batch: 109 ms.
I0418 08:25:38.727751  6080 data_layer.cpp:129]      Read time: 0 ms.
I0418 08:25:38.727751  6080 data_layer.cpp:130] Transform time: 109.386 ms.
I0418 08:25:39.602787  7952 caffe.cpp:314] Batch 838, accuracy1+2 = 1
I0418 08:25:39.602787  7952 caffe.cpp:314] Batch 838, accuracy1+2+3 = 1
I0418 08:25:39.727787  6080 data_layer.cpp:128] Prefetch batch: 124 ms.
I0418 08:25:39.727787  6080 data_layer.cpp:129]      Read time: 93.744 ms.
I0418 08:25:39.727787  6080 data_layer.cpp:130] Transform time: 31.255 ms.
I0418 08:25:40.571568  7952 caffe.cpp:314] Batch 839, accuracy1+2 = 1
I0418 08:25:40.571568  7952 caffe.cpp:314] Batch 839, accuracy1+2+3 = 1
I0418 08:25:40.696574  6080 data_layer.cpp:128] Prefetch batch: 125 ms.
I0418 08:25:40.696574  6080 data_layer.cpp:129]      Read time: 93.757 ms.
I0418 08:25:40.696574  6080 data_layer.cpp:130] Transform time: 31.249 ms.
I0418 08:25:41.555984  7952 caffe.cpp:314] Batch 840, accuracy1+2 = 1
I0418 08:25:41.555984  7952 caffe.cpp:314] Batch 840, accuracy1+2+3 = 1
I0418 08:25:41.680991  6080 data_layer.cpp:128] Prefetch batch: 125 ms.
I0418 08:25:41.680991  6080 data_layer.cpp:129]      Read time: 78.129 ms.
I0418 08:25:41.680991  6080 data_layer.cpp:130] Transform time: 46.878 ms.
I0418 08:25:42.524770  7952 caffe.cpp:314] Batch 841, accuracy1+2 = 1
I0418 08:25:42.524770  7952 caffe.cpp:314] Batch 841, accuracy1+2+3 = 1
I0418 08:25:42.634153  6080 data_layer.cpp:128] Prefetch batch: 109 ms.
I0418 08:25:42.634153  6080 data_layer.cpp:129]      Read time: 0 ms.
I0418 08:25:42.634153  6080 data_layer.cpp:130] Transform time: 109.383 ms.
I0418 08:25:43.493558  7952 caffe.cpp:314] Batch 842, accuracy1+2 = 1
I0418 08:25:43.493558  7952 caffe.cpp:314] Batch 842, accuracy1+2+3 = 1
I0418 08:25:43.618562  6080 data_layer.cpp:128] Prefetch batch: 125 ms.
I0418 08:25:43.618562  6080 data_layer.cpp:129]      Read time: 93.757 ms.
I0418 08:25:43.618562  6080 data_layer.cpp:130] Transform time: 31.247 ms.
I0418 08:25:44.477977  7952 caffe.cpp:314] Batch 843, accuracy1+2 = 1
I0418 08:25:44.477977  7952 caffe.cpp:314] Batch 843, accuracy1+2+3 = 1
I0418 08:25:44.602979  6080 data_layer.cpp:128] Prefetch batch: 125 ms.
I0418 08:25:44.602979  6080 data_layer.cpp:129]      Read time: 93.755 ms.
I0418 08:25:44.602979  6080 data_layer.cpp:130] Transform time: 31.248 ms.
I0418 08:25:45.446763  7952 caffe.cpp:314] Batch 844, accuracy1+2 = 0
I0418 08:25:45.446763  7952 caffe.cpp:314] Batch 844, accuracy1+2+3 = 0
I0418 08:25:45.571763  6080 data_layer.cpp:128] Prefetch batch: 125 ms.
I0418 08:25:45.571763  6080 data_layer.cpp:129]      Read time: 93.76 ms.
I0418 08:25:45.571763  6080 data_layer.cpp:130] Transform time: 31.24 ms.
I0418 08:25:46.431174  7952 caffe.cpp:314] Batch 845, accuracy1+2 = 0
I0418 08:25:46.431174  7952 caffe.cpp:314] Batch 845, accuracy1+2+3 = 0
I0418 08:25:46.524927  6080 data_layer.cpp:128] Prefetch batch: 93 ms.
I0418 08:25:46.524927  6080 data_layer.cpp:129]      Read time: 0 ms.
I0418 08:25:46.524927  6080 data_layer.cpp:130] Transform time: 93.753 ms.
I0418 08:25:47.399966  7952 caffe.cpp:314] Batch 846, accuracy1+2 = 1
I0418 08:25:47.399966  7952 caffe.cpp:314] Batch 846, accuracy1+2+3 = 1
I0418 08:25:47.524972  6080 data_layer.cpp:128] Prefetch batch: 125 ms.
I0418 08:25:47.524972  6080 data_layer.cpp:129]      Read time: 93.753 ms.
I0418 08:25:47.524972  6080 data_layer.cpp:130] Transform time: 31.254 ms.
I0418 08:25:48.399991  7952 caffe.cpp:314] Batch 847, accuracy1+2 = 1
I0418 08:25:48.399991  7952 caffe.cpp:314] Batch 847, accuracy1+2+3 = 1
I0418 08:25:48.524996  6080 data_layer.cpp:128] Prefetch batch: 125 ms.
I0418 08:25:48.524996  6080 data_layer.cpp:129]      Read time: 93.766 ms.
I0418 08:25:48.524996  6080 data_layer.cpp:130] Transform time: 31.239 ms.
I0418 08:25:49.415663  7952 caffe.cpp:314] Batch 848, accuracy1+2 = 1
I0418 08:25:49.415663  7952 caffe.cpp:314] Batch 848, accuracy1+2+3 = 1
I0418 08:25:49.540673  6080 data_layer.cpp:128] Prefetch batch: 125 ms.
I0418 08:25:49.540673  6080 data_layer.cpp:129]      Read time: 78.131 ms.
I0418 08:25:49.540673  6080 data_layer.cpp:130] Transform time: 46.879 ms.
I0418 08:25:50.384449  7952 caffe.cpp:314] Batch 849, accuracy1+2 = 1
I0418 08:25:50.384449  7952 caffe.cpp:314] Batch 849, accuracy1+2+3 = 1
I0418 08:25:50.509461  6080 data_layer.cpp:128] Prefetch batch: 125 ms.
I0418 08:25:50.509461  6080 data_layer.cpp:129]      Read time: 93.76 ms.
I0418 08:25:50.509461  6080 data_layer.cpp:130] Transform time: 31.252 ms.
I0418 08:25:51.353238  7952 caffe.cpp:314] Batch 850, accuracy1+2 = 1
I0418 08:25:51.353238  7952 caffe.cpp:314] Batch 850, accuracy1+2+3 = 1
I0418 08:25:51.478246  6080 data_layer.cpp:128] Prefetch batch: 125 ms.
I0418 08:25:51.478246  6080 data_layer.cpp:129]      Read time: 93.757 ms.
I0418 08:25:51.478246  6080 data_layer.cpp:130] Transform time: 31.251 ms.
I0418 08:25:52.322031  7952 caffe.cpp:314] Batch 851, accuracy1+2 = 1
I0418 08:25:52.322031  7952 caffe.cpp:314] Batch 851, accuracy1+2+3 = 1
I0418 08:25:52.431411  6080 data_layer.cpp:128] Prefetch batch: 109 ms.
I0418 08:25:52.431411  6080 data_layer.cpp:129]      Read time: 0 ms.
I0418 08:25:52.431411  6080 data_layer.cpp:130] Transform time: 109.381 ms.
I0418 08:25:53.306454  7952 caffe.cpp:314] Batch 852, accuracy1+2 = 1
I0418 08:25:53.306454  7952 caffe.cpp:314] Batch 852, accuracy1+2+3 = 1
I0418 08:25:53.431449  6080 data_layer.cpp:128] Prefetch batch: 124 ms.
I0418 08:25:53.431449  6080 data_layer.cpp:129]      Read time: 78.115 ms.
I0418 08:25:53.431449  6080 data_layer.cpp:130] Transform time: 46.88 ms.
I0418 08:25:54.275231  7952 caffe.cpp:314] Batch 853, accuracy1+2 = 0
I0418 08:25:54.275231  7952 caffe.cpp:314] Batch 853, accuracy1+2+3 = 0
I0418 08:25:54.400240  6080 data_layer.cpp:128] Prefetch batch: 125 ms.
I0418 08:25:54.400240  6080 data_layer.cpp:129]      Read time: 93.753 ms.
I0418 08:25:54.400240  6080 data_layer.cpp:130] Transform time: 31.256 ms.
I0418 08:25:55.244024  7952 caffe.cpp:314] Batch 854, accuracy1+2 = 1
I0418 08:25:55.244024  7952 caffe.cpp:314] Batch 854, accuracy1+2+3 = 0
I0418 08:25:55.369029  6080 data_layer.cpp:128] Prefetch batch: 125 ms.
I0418 08:25:55.369029  6080 data_layer.cpp:129]      Read time: 93.754 ms.
I0418 08:25:55.369029  6080 data_layer.cpp:130] Transform time: 31.251 ms.
I0418 08:25:56.228430  7952 caffe.cpp:314] Batch 855, accuracy1+2 = 1
I0418 08:25:56.228430  7952 caffe.cpp:314] Batch 855, accuracy1+2+3 = 1
I0418 08:25:56.322190  6080 data_layer.cpp:128] Prefetch batch: 93 ms.
I0418 08:25:56.322190  6080 data_layer.cpp:129]      Read time: 0 ms.
I0418 08:25:56.322190  6080 data_layer.cpp:130] Transform time: 93.76 ms.
I0418 08:25:57.197221  7952 caffe.cpp:314] Batch 856, accuracy1+2 = 1
I0418 08:25:57.197221  7952 caffe.cpp:314] Batch 856, accuracy1+2+3 = 1
I0418 08:25:57.322224  6080 data_layer.cpp:128] Prefetch batch: 125 ms.
I0418 08:25:57.322224  6080 data_layer.cpp:129]      Read time: 93.757 ms.
I0418 08:25:57.322224  6080 data_layer.cpp:130] Transform time: 31.246 ms.
I0418 08:25:58.166009  7952 caffe.cpp:314] Batch 857, accuracy1+2 = 1
I0418 08:25:58.166009  7952 caffe.cpp:314] Batch 857, accuracy1+2+3 = 1
I0418 08:25:58.291018  6080 data_layer.cpp:128] Prefetch batch: 125 ms.
I0418 08:25:58.291018  6080 data_layer.cpp:129]      Read time: 93.756 ms.
I0418 08:25:58.291018  6080 data_layer.cpp:130] Transform time: 31.253 ms.
I0418 08:25:59.150427  7952 caffe.cpp:314] Batch 858, accuracy1+2 = 1
I0418 08:25:59.150427  7952 caffe.cpp:314] Batch 858, accuracy1+2+3 = 1
I0418 08:25:59.275423  6080 data_layer.cpp:128] Prefetch batch: 124 ms.
I0418 08:25:59.275423  6080 data_layer.cpp:129]      Read time: 78.12 ms.
I0418 08:25:59.275423  6080 data_layer.cpp:130] Transform time: 46.875 ms.
I0418 08:26:00.119206  7952 caffe.cpp:314] Batch 859, accuracy1+2 = 1
I0418 08:26:00.119206  7952 caffe.cpp:314] Batch 859, accuracy1+2+3 = 1
I0418 08:26:00.244210  6080 data_layer.cpp:128] Prefetch batch: 125 ms.
I0418 08:26:00.244210  6080 data_layer.cpp:129]      Read time: 93.758 ms.
I0418 08:26:00.244210  6080 data_layer.cpp:130] Transform time: 31.246 ms.
I0418 08:26:01.088003  7952 caffe.cpp:314] Batch 860, accuracy1+2 = 1
I0418 08:26:01.088003  7952 caffe.cpp:314] Batch 860, accuracy1+2+3 = 1
I0418 08:26:01.213006  6080 data_layer.cpp:128] Prefetch batch: 125 ms.
I0418 08:26:01.213006  6080 data_layer.cpp:129]      Read time: 93.746 ms.
I0418 08:26:01.213006  6080 data_layer.cpp:130] Transform time: 31.256 ms.
I0418 08:26:02.056784  7952 caffe.cpp:314] Batch 861, accuracy1+2 = 1
I0418 08:26:02.056784  7952 caffe.cpp:314] Batch 861, accuracy1+2+3 = 1
I0418 08:26:02.166170  6080 data_layer.cpp:128] Prefetch batch: 109 ms.
I0418 08:26:02.166170  6080 data_layer.cpp:129]      Read time: 0 ms.
I0418 08:26:02.166170  6080 data_layer.cpp:130] Transform time: 109.386 ms.
I0418 08:26:03.041203  7952 caffe.cpp:314] Batch 862, accuracy1+2 = 1
I0418 08:26:03.041203  7952 caffe.cpp:314] Batch 862, accuracy1+2+3 = 1
I0418 08:26:03.166205  6080 data_layer.cpp:128] Prefetch batch: 125 ms.
I0418 08:26:03.166205  6080 data_layer.cpp:129]      Read time: 78.127 ms.
I0418 08:26:03.166205  6080 data_layer.cpp:130] Transform time: 46.875 ms.
I0418 08:26:04.009985  7952 caffe.cpp:314] Batch 863, accuracy1+2 = 1
I0418 08:26:04.009985  7952 caffe.cpp:314] Batch 863, accuracy1+2+3 = 1
I0418 08:26:04.134995  6080 data_layer.cpp:128] Prefetch batch: 125 ms.
I0418 08:26:04.134995  6080 data_layer.cpp:129]      Read time: 93.76 ms.
I0418 08:26:04.134995  6080 data_layer.cpp:130] Transform time: 31.25 ms.
I0418 08:26:04.978777  7952 caffe.cpp:314] Batch 864, accuracy1+2 = 1
I0418 08:26:04.978777  7952 caffe.cpp:314] Batch 864, accuracy1+2+3 = 1
I0418 08:26:05.103786  6080 data_layer.cpp:128] Prefetch batch: 125 ms.
I0418 08:26:05.103786  6080 data_layer.cpp:129]      Read time: 93.755 ms.
I0418 08:26:05.103786  6080 data_layer.cpp:130] Transform time: 31.254 ms.
I0418 08:26:05.963188  7952 caffe.cpp:314] Batch 865, accuracy1+2 = 1
I0418 08:26:05.963188  7952 caffe.cpp:314] Batch 865, accuracy1+2+3 = 1
I0418 08:26:06.088196  6080 data_layer.cpp:128] Prefetch batch: 125 ms.
I0418 08:26:06.088196  6080 data_layer.cpp:129]      Read time: 78.128 ms.
I0418 08:26:06.088196  6080 data_layer.cpp:130] Transform time: 46.879 ms.
I0418 08:26:06.931982  7952 caffe.cpp:314] Batch 866, accuracy1+2 = 1
I0418 08:26:06.931982  7952 caffe.cpp:314] Batch 866, accuracy1+2+3 = 1
I0418 08:26:07.025728  6080 data_layer.cpp:128] Prefetch batch: 93 ms.
I0418 08:26:07.025728  6080 data_layer.cpp:129]      Read time: 0 ms.
I0418 08:26:07.025728  6080 data_layer.cpp:130] Transform time: 93.747 ms.
I0418 08:26:07.900763  7952 caffe.cpp:314] Batch 867, accuracy1+2 = 1
I0418 08:26:07.900763  7952 caffe.cpp:314] Batch 867, accuracy1+2+3 = 1
I0418 08:26:08.025769  6080 data_layer.cpp:128] Prefetch batch: 125 ms.
I0418 08:26:08.025769  6080 data_layer.cpp:129]      Read time: 93.757 ms.
I0418 08:26:08.025769  6080 data_layer.cpp:130] Transform time: 31.249 ms.
I0418 08:26:08.869550  7952 caffe.cpp:314] Batch 868, accuracy1+2 = 0
I0418 08:26:08.869550  7952 caffe.cpp:314] Batch 868, accuracy1+2+3 = 0
I0418 08:26:08.994560  6080 data_layer.cpp:128] Prefetch batch: 125 ms.
I0418 08:26:08.994560  6080 data_layer.cpp:129]      Read time: 93.77 ms.
I0418 08:26:08.994560  6080 data_layer.cpp:130] Transform time: 31.24 ms.
I0418 08:26:09.853962  7952 caffe.cpp:314] Batch 869, accuracy1+2 = 1
I0418 08:26:09.853962  7952 caffe.cpp:314] Batch 869, accuracy1+2+3 = 1
I0418 08:26:09.978977  6080 data_layer.cpp:128] Prefetch batch: 125 ms.
I0418 08:26:09.978977  6080 data_layer.cpp:129]      Read time: 78.133 ms.
I0418 08:26:09.978977  6080 data_layer.cpp:130] Transform time: 46.882 ms.
I0418 08:26:10.822755  7952 caffe.cpp:314] Batch 870, accuracy1+2 = 1
I0418 08:26:10.822755  7952 caffe.cpp:314] Batch 870, accuracy1+2+3 = 1
I0418 08:26:10.916522  6080 data_layer.cpp:128] Prefetch batch: 93 ms.
I0418 08:26:10.916522  6080 data_layer.cpp:129]      Read time: 0 ms.
I0418 08:26:10.916522  6080 data_layer.cpp:130] Transform time: 93.766 ms.
I0418 08:26:11.807169  7952 caffe.cpp:314] Batch 871, accuracy1+2 = 1
I0418 08:26:11.807169  7952 caffe.cpp:314] Batch 871, accuracy1+2+3 = 1
I0418 08:26:11.932173  6080 data_layer.cpp:128] Prefetch batch: 125 ms.
I0418 08:26:11.932173  6080 data_layer.cpp:129]      Read time: 78.125 ms.
I0418 08:26:11.932173  6080 data_layer.cpp:130] Transform time: 46.878 ms.
I0418 08:26:12.775956  7952 caffe.cpp:314] Batch 872, accuracy1+2 = 0
I0418 08:26:12.775956  7952 caffe.cpp:314] Batch 872, accuracy1+2+3 = 0
I0418 08:26:12.900959  6080 data_layer.cpp:128] Prefetch batch: 125 ms.
I0418 08:26:12.900959  6080 data_layer.cpp:129]      Read time: 93.76 ms.
I0418 08:26:12.900959  6080 data_layer.cpp:130] Transform time: 31.243 ms.
I0418 08:26:13.744748  7952 caffe.cpp:314] Batch 873, accuracy1+2 = 1
I0418 08:26:13.744748  7952 caffe.cpp:314] Batch 873, accuracy1+2+3 = 1
I0418 08:26:13.869748  6080 data_layer.cpp:128] Prefetch batch: 125 ms.
I0418 08:26:13.869748  6080 data_layer.cpp:129]      Read time: 93.751 ms.
I0418 08:26:13.869748  6080 data_layer.cpp:130] Transform time: 31.249 ms.
I0418 08:26:14.729156  7952 caffe.cpp:314] Batch 874, accuracy1+2 = 1
I0418 08:26:14.729156  7952 caffe.cpp:314] Batch 874, accuracy1+2+3 = 1
I0418 08:26:14.854163  6080 data_layer.cpp:128] Prefetch batch: 125 ms.
I0418 08:26:14.854163  6080 data_layer.cpp:129]      Read time: 78.135 ms.
I0418 08:26:14.854163  6080 data_layer.cpp:130] Transform time: 46.873 ms.
I0418 08:26:15.697950  7952 caffe.cpp:314] Batch 875, accuracy1+2 = 0
I0418 08:26:15.697950  7952 caffe.cpp:314] Batch 875, accuracy1+2+3 = 0
I0418 08:26:15.822949  6080 data_layer.cpp:128] Prefetch batch: 124 ms.
I0418 08:26:15.822949  6080 data_layer.cpp:129]      Read time: 93.75 ms.
I0418 08:26:15.822949  6080 data_layer.cpp:130] Transform time: 31.249 ms.
I0418 08:26:16.666738  7952 caffe.cpp:314] Batch 876, accuracy1+2 = 1
I0418 08:26:16.666738  7952 caffe.cpp:314] Batch 876, accuracy1+2+3 = 1
I0418 08:26:16.776109  6080 data_layer.cpp:128] Prefetch batch: 109 ms.
I0418 08:26:16.776109  6080 data_layer.cpp:129]      Read time: 0 ms.
I0418 08:26:16.776109  6080 data_layer.cpp:130] Transform time: 109.371 ms.
I0418 08:26:17.635519  7952 caffe.cpp:314] Batch 877, accuracy1+2 = 1
I0418 08:26:17.635519  7952 caffe.cpp:314] Batch 877, accuracy1+2+3 = 1
I0418 08:26:17.760526  6080 data_layer.cpp:128] Prefetch batch: 125 ms.
I0418 08:26:17.760526  6080 data_layer.cpp:129]      Read time: 93.755 ms.
I0418 08:26:17.760526  6080 data_layer.cpp:130] Transform time: 31.252 ms.
I0418 08:26:18.619940  7952 caffe.cpp:314] Batch 878, accuracy1+2 = 1
I0418 08:26:18.619940  7952 caffe.cpp:314] Batch 878, accuracy1+2+3 = 1
I0418 08:26:18.744938  6080 data_layer.cpp:128] Prefetch batch: 124 ms.
I0418 08:26:18.744938  6080 data_layer.cpp:129]      Read time: 78.125 ms.
I0418 08:26:18.744938  6080 data_layer.cpp:130] Transform time: 46.873 ms.
I0418 08:26:19.604344  7952 caffe.cpp:314] Batch 879, accuracy1+2 = 1
I0418 08:26:19.604344  7952 caffe.cpp:314] Batch 879, accuracy1+2+3 = 1
I0418 08:26:19.744995  6080 data_layer.cpp:128] Prefetch batch: 140 ms.
I0418 08:26:19.744995  6080 data_layer.cpp:129]      Read time: 93.754 ms.
I0418 08:26:19.744995  6080 data_layer.cpp:130] Transform time: 46.897 ms.
I0418 08:26:20.588764  7952 caffe.cpp:314] Batch 880, accuracy1+2 = 1
I0418 08:26:20.588764  7952 caffe.cpp:314] Batch 880, accuracy1+2+3 = 1
I0418 08:26:20.698145  6080 data_layer.cpp:128] Prefetch batch: 109 ms.
I0418 08:26:20.698145  6080 data_layer.cpp:129]      Read time: 0 ms.
I0418 08:26:20.698145  6080 data_layer.cpp:130] Transform time: 109.381 ms.
I0418 08:26:21.573177  7952 caffe.cpp:314] Batch 881, accuracy1+2 = 1
I0418 08:26:21.573177  7952 caffe.cpp:314] Batch 881, accuracy1+2+3 = 1
I0418 08:26:21.698185  6080 data_layer.cpp:128] Prefetch batch: 125 ms.
I0418 08:26:21.698185  6080 data_layer.cpp:129]      Read time: 78.127 ms.
I0418 08:26:21.698185  6080 data_layer.cpp:130] Transform time: 46.881 ms.
I0418 08:26:22.541970  7952 caffe.cpp:314] Batch 882, accuracy1+2 = 1
I0418 08:26:22.541970  7952 caffe.cpp:314] Batch 882, accuracy1+2+3 = 1
I0418 08:26:22.666970  6080 data_layer.cpp:128] Prefetch batch: 125 ms.
I0418 08:26:22.666970  6080 data_layer.cpp:129]      Read time: 93.745 ms.
I0418 08:26:22.666970  6080 data_layer.cpp:130] Transform time: 31.255 ms.
I0418 08:26:23.510752  7952 caffe.cpp:314] Batch 883, accuracy1+2 = 1
I0418 08:26:23.510752  7952 caffe.cpp:314] Batch 883, accuracy1+2+3 = 1
I0418 08:26:23.620134  6080 data_layer.cpp:128] Prefetch batch: 109 ms.
I0418 08:26:23.620134  6080 data_layer.cpp:129]      Read time: 0 ms.
I0418 08:26:23.620134  6080 data_layer.cpp:130] Transform time: 109.382 ms.
I0418 08:26:24.479540  7952 caffe.cpp:314] Batch 884, accuracy1+2 = 1
I0418 08:26:24.479540  7952 caffe.cpp:314] Batch 884, accuracy1+2+3 = 1
I0418 08:26:24.604549  6080 data_layer.cpp:128] Prefetch batch: 125 ms.
I0418 08:26:24.604549  6080 data_layer.cpp:129]      Read time: 93.756 ms.
I0418 08:26:24.604549  6080 data_layer.cpp:130] Transform time: 31.253 ms.
I0418 08:26:25.479620  7952 caffe.cpp:314] Batch 885, accuracy1+2 = 1
I0418 08:26:25.479620  7952 caffe.cpp:314] Batch 885, accuracy1+2+3 = 1
I0418 08:26:25.604632  6080 data_layer.cpp:128] Prefetch batch: 125 ms.
I0418 08:26:25.604632  6080 data_layer.cpp:129]      Read time: 93.717 ms.
I0418 08:26:25.604632  6080 data_layer.cpp:130] Transform time: 31.295 ms.
I0418 08:26:26.495235  7952 caffe.cpp:314] Batch 886, accuracy1+2 = 1
I0418 08:26:26.495235  7952 caffe.cpp:314] Batch 886, accuracy1+2+3 = 1
I0418 08:26:26.620240  6080 data_layer.cpp:128] Prefetch batch: 125 ms.
I0418 08:26:26.620240  6080 data_layer.cpp:129]      Read time: 78.128 ms.
I0418 08:26:26.620240  6080 data_layer.cpp:130] Transform time: 46.877 ms.
I0418 08:26:27.495275  7952 caffe.cpp:314] Batch 887, accuracy1+2 = 1
I0418 08:26:27.495275  7952 caffe.cpp:314] Batch 887, accuracy1+2+3 = 1
I0418 08:26:27.604655  6080 data_layer.cpp:128] Prefetch batch: 109 ms.
I0418 08:26:27.604655  6080 data_layer.cpp:129]      Read time: 0 ms.
I0418 08:26:27.604655  6080 data_layer.cpp:130] Transform time: 109.379 ms.
I0418 08:26:28.479702  7952 caffe.cpp:314] Batch 888, accuracy1+2 = 1
I0418 08:26:28.479702  7952 caffe.cpp:314] Batch 888, accuracy1+2+3 = 1
I0418 08:26:28.604704  6080 data_layer.cpp:128] Prefetch batch: 125 ms.
I0418 08:26:28.604704  6080 data_layer.cpp:129]      Read time: 93.752 ms.
I0418 08:26:28.604704  6080 data_layer.cpp:130] Transform time: 31.25 ms.
I0418 08:26:29.464114  7952 caffe.cpp:314] Batch 889, accuracy1+2 = 1
I0418 08:26:29.464114  7952 caffe.cpp:314] Batch 889, accuracy1+2+3 = 1
I0418 08:26:29.589117  6080 data_layer.cpp:128] Prefetch batch: 125 ms.
I0418 08:26:29.589117  6080 data_layer.cpp:129]      Read time: 78.124 ms.
I0418 08:26:29.589117  6080 data_layer.cpp:130] Transform time: 46.878 ms.
I0418 08:26:30.432896  7952 caffe.cpp:314] Batch 890, accuracy1+2 = 1
I0418 08:26:30.432896  7952 caffe.cpp:314] Batch 890, accuracy1+2+3 = 1
I0418 08:26:30.557901  6080 data_layer.cpp:128] Prefetch batch: 125 ms.
I0418 08:26:30.557901  6080 data_layer.cpp:129]      Read time: 93.761 ms.
I0418 08:26:30.557901  6080 data_layer.cpp:130] Transform time: 31.244 ms.
I0418 08:26:31.401688  7952 caffe.cpp:314] Batch 891, accuracy1+2 = 1
I0418 08:26:31.401688  7952 caffe.cpp:314] Batch 891, accuracy1+2+3 = 1
I0418 08:26:31.526692  6080 data_layer.cpp:128] Prefetch batch: 125 ms.
I0418 08:26:31.526692  6080 data_layer.cpp:129]      Read time: 93.758 ms.
I0418 08:26:31.526692  6080 data_layer.cpp:130] Transform time: 31.246 ms.
I0418 08:26:32.386096  7952 caffe.cpp:314] Batch 892, accuracy1+2 = 1
I0418 08:26:32.386096  7952 caffe.cpp:314] Batch 892, accuracy1+2+3 = 1
I0418 08:26:32.511107  6080 data_layer.cpp:128] Prefetch batch: 125 ms.
I0418 08:26:32.511107  6080 data_layer.cpp:129]      Read time: 78.138 ms.
I0418 08:26:32.511107  6080 data_layer.cpp:130] Transform time: 46.873 ms.
I0418 08:26:33.354887  7952 caffe.cpp:314] Batch 893, accuracy1+2 = 1
I0418 08:26:33.354887  7952 caffe.cpp:314] Batch 893, accuracy1+2+3 = 1
I0418 08:26:33.448647  6080 data_layer.cpp:128] Prefetch batch: 93 ms.
I0418 08:26:33.448647  6080 data_layer.cpp:129]      Read time: 0 ms.
I0418 08:26:33.448647  6080 data_layer.cpp:130] Transform time: 93.76 ms.
I0418 08:26:34.323679  7952 caffe.cpp:314] Batch 894, accuracy1+2 = 1
I0418 08:26:34.323679  7952 caffe.cpp:314] Batch 894, accuracy1+2+3 = 1
I0418 08:26:34.448680  6080 data_layer.cpp:128] Prefetch batch: 125 ms.
I0418 08:26:34.448680  6080 data_layer.cpp:129]      Read time: 93.754 ms.
I0418 08:26:34.448680  6080 data_layer.cpp:130] Transform time: 31.247 ms.
I0418 08:26:35.292466  7952 caffe.cpp:314] Batch 895, accuracy1+2 = 1
I0418 08:26:35.292466  7952 caffe.cpp:314] Batch 895, accuracy1+2+3 = 1
I0418 08:26:35.417467  6080 data_layer.cpp:128] Prefetch batch: 125 ms.
I0418 08:26:35.417467  6080 data_layer.cpp:129]      Read time: 93.757 ms.
I0418 08:26:35.417467  6080 data_layer.cpp:130] Transform time: 31.244 ms.
I0418 08:26:36.276882  7952 caffe.cpp:314] Batch 896, accuracy1+2 = 1
I0418 08:26:36.276882  7952 caffe.cpp:314] Batch 896, accuracy1+2+3 = 1
I0418 08:26:36.401883  6080 data_layer.cpp:128] Prefetch batch: 125 ms.
I0418 08:26:36.401883  6080 data_layer.cpp:129]      Read time: 78.129 ms.
I0418 08:26:36.401883  6080 data_layer.cpp:130] Transform time: 46.872 ms.
I0418 08:26:37.245667  7952 caffe.cpp:314] Batch 897, accuracy1+2 = 1
I0418 08:26:37.245667  7952 caffe.cpp:314] Batch 897, accuracy1+2+3 = 1
I0418 08:26:37.370671  6080 data_layer.cpp:128] Prefetch batch: 125 ms.
I0418 08:26:37.370671  6080 data_layer.cpp:129]      Read time: 93.754 ms.
I0418 08:26:37.370671  6080 data_layer.cpp:130] Transform time: 31.25 ms.
I0418 08:26:38.214457  7952 caffe.cpp:314] Batch 898, accuracy1+2 = 1
I0418 08:26:38.214457  7952 caffe.cpp:314] Batch 898, accuracy1+2+3 = 1
I0418 08:26:38.323834  6080 data_layer.cpp:128] Prefetch batch: 109 ms.
I0418 08:26:38.323834  6080 data_layer.cpp:129]      Read time: 0 ms.
I0418 08:26:38.323834  6080 data_layer.cpp:130] Transform time: 109.378 ms.
I0418 08:26:39.198871  7952 caffe.cpp:314] Batch 899, accuracy1+2 = 1
I0418 08:26:39.198871  7952 caffe.cpp:314] Batch 899, accuracy1+2+3 = 1
I0418 08:26:39.323878  6080 data_layer.cpp:128] Prefetch batch: 125 ms.
I0418 08:26:39.323878  6080 data_layer.cpp:129]      Read time: 62.506 ms.
I0418 08:26:39.323878  6080 data_layer.cpp:130] Transform time: 62.5 ms.
I0418 08:26:40.167654  7952 caffe.cpp:314] Batch 900, accuracy1+2 = 1
I0418 08:26:40.167654  7952 caffe.cpp:314] Batch 900, accuracy1+2+3 = 1
I0418 08:26:40.308286  6080 data_layer.cpp:128] Prefetch batch: 140 ms.
I0418 08:26:40.308286  6080 data_layer.cpp:129]      Read time: 125.015 ms.
I0418 08:26:40.308286  6080 data_layer.cpp:130] Transform time: 15.618 ms.
I0418 08:26:41.136443  7952 caffe.cpp:314] Batch 901, accuracy1+2 = 1
I0418 08:26:41.136443  7952 caffe.cpp:314] Batch 901, accuracy1+2+3 = 1
I0418 08:26:41.261452  6080 data_layer.cpp:128] Prefetch batch: 125 ms.
I0418 08:26:41.261452  6080 data_layer.cpp:129]      Read time: 93.754 ms.
I0418 08:26:41.261452  6080 data_layer.cpp:130] Transform time: 31.255 ms.
I0418 08:26:42.120859  7952 caffe.cpp:314] Batch 902, accuracy1+2 = 1
I0418 08:26:42.120859  7952 caffe.cpp:314] Batch 902, accuracy1+2+3 = 1
I0418 08:26:42.230240  6080 data_layer.cpp:128] Prefetch batch: 109 ms.
I0418 08:26:42.230240  6080 data_layer.cpp:129]      Read time: 0 ms.
I0418 08:26:42.230240  6080 data_layer.cpp:130] Transform time: 109.381 ms.
I0418 08:26:43.089645  7952 caffe.cpp:314] Batch 903, accuracy1+2 = 1
I0418 08:26:43.089645  7952 caffe.cpp:314] Batch 903, accuracy1+2+3 = 1
I0418 08:26:43.214648  6080 data_layer.cpp:128] Prefetch batch: 125 ms.
I0418 08:26:43.214648  6080 data_layer.cpp:129]      Read time: 93.753 ms.
I0418 08:26:43.214648  6080 data_layer.cpp:130] Transform time: 31.25 ms.
I0418 08:26:44.074062  7952 caffe.cpp:314] Batch 904, accuracy1+2 = 1
I0418 08:26:44.074062  7952 caffe.cpp:314] Batch 904, accuracy1+2+3 = 1
I0418 08:26:44.199064  6080 data_layer.cpp:128] Prefetch batch: 125 ms.
I0418 08:26:44.199064  6080 data_layer.cpp:129]      Read time: 93.753 ms.
I0418 08:26:44.199064  6080 data_layer.cpp:130] Transform time: 31.249 ms.
I0418 08:26:45.042852  7952 caffe.cpp:314] Batch 905, accuracy1+2 = 1
I0418 08:26:45.042852  7952 caffe.cpp:314] Batch 905, accuracy1+2+3 = 1
I0418 08:26:45.167856  6080 data_layer.cpp:128] Prefetch batch: 125 ms.
I0418 08:26:45.167856  6080 data_layer.cpp:129]      Read time: 93.75 ms.
I0418 08:26:45.167856  6080 data_layer.cpp:130] Transform time: 31.254 ms.
I0418 08:26:46.027261  7952 caffe.cpp:314] Batch 906, accuracy1+2 = 1
I0418 08:26:46.027261  7952 caffe.cpp:314] Batch 906, accuracy1+2+3 = 1
I0418 08:26:46.152264  6080 data_layer.cpp:128] Prefetch batch: 125 ms.
I0418 08:26:46.152264  6080 data_layer.cpp:129]      Read time: 78.133 ms.
I0418 08:26:46.152264  6080 data_layer.cpp:130] Transform time: 46.87 ms.
I0418 08:26:46.996062  7952 caffe.cpp:314] Batch 907, accuracy1+2 = 0
I0418 08:26:46.996062  7952 caffe.cpp:314] Batch 907, accuracy1+2+3 = 0
I0418 08:26:47.089802  6080 data_layer.cpp:128] Prefetch batch: 93 ms.
I0418 08:26:47.089802  6080 data_layer.cpp:129]      Read time: 0 ms.
I0418 08:26:47.089802  6080 data_layer.cpp:130] Transform time: 93.74 ms.
I0418 08:26:47.964836  7952 caffe.cpp:314] Batch 908, accuracy1+2 = 1
I0418 08:26:47.964836  7952 caffe.cpp:314] Batch 908, accuracy1+2+3 = 1
I0418 08:26:48.089848  6080 data_layer.cpp:128] Prefetch batch: 125 ms.
I0418 08:26:48.089848  6080 data_layer.cpp:129]      Read time: 93.768 ms.
I0418 08:26:48.089848  6080 data_layer.cpp:130] Transform time: 31.243 ms.
I0418 08:26:48.933629  7952 caffe.cpp:314] Batch 909, accuracy1+2 = 1
I0418 08:26:48.933629  7952 caffe.cpp:314] Batch 909, accuracy1+2+3 = 1
I0418 08:26:49.058631  6080 data_layer.cpp:128] Prefetch batch: 125 ms.
I0418 08:26:49.058631  6080 data_layer.cpp:129]      Read time: 93.752 ms.
I0418 08:26:49.074257  6080 data_layer.cpp:130] Transform time: 31.251 ms.
I0418 08:26:49.918040  7952 caffe.cpp:314] Batch 910, accuracy1+2 = 1
I0418 08:26:49.918040  7952 caffe.cpp:314] Batch 910, accuracy1+2+3 = 1
I0418 08:26:50.043048  6080 data_layer.cpp:128] Prefetch batch: 125 ms.
I0418 08:26:50.043048  6080 data_layer.cpp:129]      Read time: 93.757 ms.
I0418 08:26:50.043048  6080 data_layer.cpp:130] Transform time: 31.252 ms.
I0418 08:26:50.886826  7952 caffe.cpp:314] Batch 911, accuracy1+2 = 1
I0418 08:26:50.886826  7952 caffe.cpp:314] Batch 911, accuracy1+2+3 = 1
I0418 08:26:51.011835  6080 data_layer.cpp:128] Prefetch batch: 125 ms.
I0418 08:26:51.011835  6080 data_layer.cpp:129]      Read time: 93.752 ms.
I0418 08:26:51.011835  6080 data_layer.cpp:130] Transform time: 31.257 ms.
I0418 08:26:51.871245  7952 caffe.cpp:314] Batch 912, accuracy1+2 = 1
I0418 08:26:51.871245  7952 caffe.cpp:314] Batch 912, accuracy1+2+3 = 1
I0418 08:26:51.964996  6080 data_layer.cpp:128] Prefetch batch: 93 ms.
I0418 08:26:51.964996  6080 data_layer.cpp:129]      Read time: 0 ms.
I0418 08:26:51.964996  6080 data_layer.cpp:130] Transform time: 93.751 ms.
I0418 08:26:52.840028  7952 caffe.cpp:314] Batch 913, accuracy1+2 = 1
I0418 08:26:52.840028  7952 caffe.cpp:314] Batch 913, accuracy1+2+3 = 1
I0418 08:26:52.965031  6080 data_layer.cpp:128] Prefetch batch: 125 ms.
I0418 08:26:52.965031  6080 data_layer.cpp:129]      Read time: 78.132 ms.
I0418 08:26:52.965031  6080 data_layer.cpp:130] Transform time: 46.872 ms.
I0418 08:26:53.808814  7952 caffe.cpp:314] Batch 914, accuracy1+2 = 1
I0418 08:26:53.808814  7952 caffe.cpp:314] Batch 914, accuracy1+2+3 = 1
I0418 08:26:53.933825  6080 data_layer.cpp:128] Prefetch batch: 125 ms.
I0418 08:26:53.933825  6080 data_layer.cpp:129]      Read time: 93.757 ms.
I0418 08:26:53.933825  6080 data_layer.cpp:130] Transform time: 31.254 ms.
I0418 08:26:54.777603  7952 caffe.cpp:314] Batch 915, accuracy1+2 = 1
I0418 08:26:54.777603  7952 caffe.cpp:314] Batch 915, accuracy1+2+3 = 1
I0418 08:26:54.902612  6080 data_layer.cpp:128] Prefetch batch: 125 ms.
I0418 08:26:54.902612  6080 data_layer.cpp:129]      Read time: 93.755 ms.
I0418 08:26:54.902612  6080 data_layer.cpp:130] Transform time: 31.254 ms.
I0418 08:26:55.762017  7952 caffe.cpp:314] Batch 916, accuracy1+2 = 1
I0418 08:26:55.762017  7952 caffe.cpp:314] Batch 916, accuracy1+2+3 = 1
I0418 08:26:55.887022  6080 data_layer.cpp:128] Prefetch batch: 125 ms.
I0418 08:26:55.887022  6080 data_layer.cpp:129]      Read time: 78.127 ms.
I0418 08:26:55.887022  6080 data_layer.cpp:130] Transform time: 46.879 ms.
I0418 08:26:56.730803  7952 caffe.cpp:314] Batch 917, accuracy1+2 = 1
I0418 08:26:56.730803  7952 caffe.cpp:314] Batch 917, accuracy1+2+3 = 1
I0418 08:26:56.840191  6080 data_layer.cpp:128] Prefetch batch: 109 ms.
I0418 08:26:56.840191  6080 data_layer.cpp:129]      Read time: 0 ms.
I0418 08:26:56.840191  6080 data_layer.cpp:130] Transform time: 109.388 ms.
I0418 08:26:57.699599  7952 caffe.cpp:314] Batch 918, accuracy1+2 = 1
I0418 08:26:57.715209  7952 caffe.cpp:314] Batch 918, accuracy1+2+3 = 1
I0418 08:26:57.840227  6080 data_layer.cpp:128] Prefetch batch: 125 ms.
I0418 08:26:57.840227  6080 data_layer.cpp:129]      Read time: 78.14 ms.
I0418 08:26:57.840227  6080 data_layer.cpp:130] Transform time: 46.879 ms.
I0418 08:26:58.684010  7952 caffe.cpp:314] Batch 919, accuracy1+2 = 1
I0418 08:26:58.684010  7952 caffe.cpp:314] Batch 919, accuracy1+2+3 = 1
I0418 08:26:58.809017  6080 data_layer.cpp:128] Prefetch batch: 125 ms.
I0418 08:26:58.809017  6080 data_layer.cpp:129]      Read time: 93.756 ms.
I0418 08:26:58.809017  6080 data_layer.cpp:130] Transform time: 31.252 ms.
I0418 08:26:59.652801  7952 caffe.cpp:314] Batch 920, accuracy1+2 = 1
I0418 08:26:59.652801  7952 caffe.cpp:314] Batch 920, accuracy1+2+3 = 1
I0418 08:26:59.777798  6080 data_layer.cpp:128] Prefetch batch: 124 ms.
I0418 08:26:59.777798  6080 data_layer.cpp:129]      Read time: 93.752 ms.
I0418 08:26:59.777798  6080 data_layer.cpp:130] Transform time: 31.245 ms.
I0418 08:27:00.621594  7952 caffe.cpp:314] Batch 921, accuracy1+2 = 1
I0418 08:27:00.621594  7952 caffe.cpp:314] Batch 921, accuracy1+2+3 = 1
I0418 08:27:00.746588  6080 data_layer.cpp:128] Prefetch batch: 124 ms.
I0418 08:27:00.746588  6080 data_layer.cpp:129]      Read time: 93.746 ms.
I0418 08:27:00.746588  6080 data_layer.cpp:130] Transform time: 31.248 ms.
I0418 08:27:01.605995  7952 caffe.cpp:314] Batch 922, accuracy1+2 = 1
I0418 08:27:01.605995  7952 caffe.cpp:314] Batch 922, accuracy1+2+3 = 1
I0418 08:27:01.731000  6080 data_layer.cpp:128] Prefetch batch: 125 ms.
I0418 08:27:01.731000  6080 data_layer.cpp:129]      Read time: 78.132 ms.
I0418 08:27:01.731000  6080 data_layer.cpp:130] Transform time: 46.873 ms.
I0418 08:27:02.574785  7952 caffe.cpp:314] Batch 923, accuracy1+2 = 0
I0418 08:27:02.574785  7952 caffe.cpp:314] Batch 923, accuracy1+2+3 = 1
I0418 08:27:02.699795  6080 data_layer.cpp:128] Prefetch batch: 125 ms.
I0418 08:27:02.699795  6080 data_layer.cpp:129]      Read time: 93.754 ms.
I0418 08:27:02.699795  6080 data_layer.cpp:130] Transform time: 31.255 ms.
I0418 08:27:03.574820  7952 caffe.cpp:314] Batch 924, accuracy1+2 = 1
I0418 08:27:03.574820  7952 caffe.cpp:314] Batch 924, accuracy1+2+3 = 1
I0418 08:27:03.668586  6080 data_layer.cpp:128] Prefetch batch: 93 ms.
I0418 08:27:03.668586  6080 data_layer.cpp:129]      Read time: 0 ms.
I0418 08:27:03.668586  6080 data_layer.cpp:130] Transform time: 93.767 ms.
I0418 08:27:04.590487  7952 caffe.cpp:314] Batch 925, accuracy1+2 = 1
I0418 08:27:04.590487  7952 caffe.cpp:314] Batch 925, accuracy1+2+3 = 1
I0418 08:27:04.715494  6080 data_layer.cpp:128] Prefetch batch: 125 ms.
I0418 08:27:04.715494  6080 data_layer.cpp:129]      Read time: 93.746 ms.
I0418 08:27:04.715494  6080 data_layer.cpp:130] Transform time: 31.261 ms.
I0418 08:27:05.559279  7952 caffe.cpp:314] Batch 926, accuracy1+2 = 1
I0418 08:27:05.559279  7952 caffe.cpp:314] Batch 926, accuracy1+2+3 = 1
I0418 08:27:05.684286  6080 data_layer.cpp:128] Prefetch batch: 125 ms.
I0418 08:27:05.684286  6080 data_layer.cpp:129]      Read time: 93.753 ms.
I0418 08:27:05.684286  6080 data_layer.cpp:130] Transform time: 31.254 ms.
I0418 08:27:06.528064  7952 caffe.cpp:314] Batch 927, accuracy1+2 = 1
I0418 08:27:06.528064  7952 caffe.cpp:314] Batch 927, accuracy1+2+3 = 1
I0418 08:27:06.653069  6080 data_layer.cpp:128] Prefetch batch: 125 ms.
I0418 08:27:06.653069  6080 data_layer.cpp:129]      Read time: 93.757 ms.
I0418 08:27:06.653069  6080 data_layer.cpp:130] Transform time: 31.248 ms.
I0418 08:27:07.512480  7952 caffe.cpp:314] Batch 928, accuracy1+2 = 1
I0418 08:27:07.512480  7952 caffe.cpp:314] Batch 928, accuracy1+2+3 = 1
I0418 08:27:07.606236  6080 data_layer.cpp:128] Prefetch batch: 93 ms.
I0418 08:27:07.606236  6080 data_layer.cpp:129]      Read time: 0 ms.
I0418 08:27:07.606236  6080 data_layer.cpp:130] Transform time: 93.757 ms.
I0418 08:27:08.481263  7952 caffe.cpp:314] Batch 929, accuracy1+2 = 1
I0418 08:27:08.481263  7952 caffe.cpp:314] Batch 929, accuracy1+2+3 = 1
I0418 08:27:08.606272  6080 data_layer.cpp:128] Prefetch batch: 125 ms.
I0418 08:27:08.606272  6080 data_layer.cpp:129]      Read time: 93.763 ms.
I0418 08:27:08.606272  6080 data_layer.cpp:130] Transform time: 31.246 ms.
I0418 08:27:09.450053  7952 caffe.cpp:314] Batch 930, accuracy1+2 = 1
I0418 08:27:09.450053  7952 caffe.cpp:314] Batch 930, accuracy1+2+3 = 1
I0418 08:27:09.575060  6080 data_layer.cpp:128] Prefetch batch: 125 ms.
I0418 08:27:09.575060  6080 data_layer.cpp:129]      Read time: 93.757 ms.
I0418 08:27:09.575060  6080 data_layer.cpp:130] Transform time: 31.25 ms.
I0418 08:27:10.418843  7952 caffe.cpp:314] Batch 931, accuracy1+2 = 1
I0418 08:27:10.418843  7952 caffe.cpp:314] Batch 931, accuracy1+2+3 = 1
I0418 08:27:10.559474  6080 data_layer.cpp:128] Prefetch batch: 140 ms.
I0418 08:27:10.559474  6080 data_layer.cpp:129]      Read time: 93.752 ms.
I0418 08:27:10.559474  6080 data_layer.cpp:130] Transform time: 46.879 ms.
I0418 08:27:11.403260  7952 caffe.cpp:314] Batch 932, accuracy1+2 = 1
I0418 08:27:11.403260  7952 caffe.cpp:314] Batch 932, accuracy1+2+3 = 1
I0418 08:27:11.512635  6080 data_layer.cpp:128] Prefetch batch: 109 ms.
I0418 08:27:11.512635  6080 data_layer.cpp:129]      Read time: 0 ms.
I0418 08:27:11.512635  6080 data_layer.cpp:130] Transform time: 109.375 ms.
I0418 08:27:12.387672  7952 caffe.cpp:314] Batch 933, accuracy1+2 = 1
I0418 08:27:12.387672  7952 caffe.cpp:314] Batch 933, accuracy1+2+3 = 1
I0418 08:27:12.512676  6080 data_layer.cpp:128] Prefetch batch: 125 ms.
I0418 08:27:12.512676  6080 data_layer.cpp:129]      Read time: 78.125 ms.
I0418 08:27:12.512676  6080 data_layer.cpp:130] Transform time: 46.879 ms.
I0418 08:27:13.356458  7952 caffe.cpp:314] Batch 934, accuracy1+2 = 1
I0418 08:27:13.356458  7952 caffe.cpp:314] Batch 934, accuracy1+2+3 = 1
I0418 08:27:13.481461  6080 data_layer.cpp:128] Prefetch batch: 125 ms.
I0418 08:27:13.481461  6080 data_layer.cpp:129]      Read time: 93.753 ms.
I0418 08:27:13.481461  6080 data_layer.cpp:130] Transform time: 31.249 ms.
I0418 08:27:14.325249  7952 caffe.cpp:314] Batch 935, accuracy1+2 = 1
I0418 08:27:14.325249  7952 caffe.cpp:314] Batch 935, accuracy1+2+3 = 1
I0418 08:27:14.450248  6080 data_layer.cpp:128] Prefetch batch: 124 ms.
I0418 08:27:14.450248  6080 data_layer.cpp:129]      Read time: 93.751 ms.
I0418 08:27:14.450248  6080 data_layer.cpp:130] Transform time: 31.248 ms.
I0418 08:27:15.309664  7952 caffe.cpp:314] Batch 936, accuracy1+2 = 1
I0418 08:27:15.309664  7952 caffe.cpp:314] Batch 936, accuracy1+2+3 = 1
I0418 08:27:15.434661  6080 data_layer.cpp:128] Prefetch batch: 124 ms.
I0418 08:27:15.434661  6080 data_layer.cpp:129]      Read time: 93.748 ms.
I0418 08:27:15.434661  6080 data_layer.cpp:130] Transform time: 31.25 ms.
I0418 08:27:16.294073  7952 caffe.cpp:314] Batch 937, accuracy1+2 = 1
I0418 08:27:16.294073  7952 caffe.cpp:314] Batch 937, accuracy1+2+3 = 1
I0418 08:27:16.419078  6080 data_layer.cpp:128] Prefetch batch: 125 ms.
I0418 08:27:16.419078  6080 data_layer.cpp:129]      Read time: 93.754 ms.
I0418 08:27:16.419078  6080 data_layer.cpp:130] Transform time: 31.251 ms.
I0418 08:27:17.278491  7952 caffe.cpp:314] Batch 938, accuracy1+2 = 1
I0418 08:27:17.278491  7952 caffe.cpp:314] Batch 938, accuracy1+2+3 = 1
I0418 08:27:17.403489  6080 data_layer.cpp:128] Prefetch batch: 124 ms.
I0418 08:27:17.403489  6080 data_layer.cpp:129]      Read time: 78.125 ms.
I0418 08:27:17.403489  6080 data_layer.cpp:130] Transform time: 46.874 ms.
I0418 08:27:18.247278  7952 caffe.cpp:314] Batch 939, accuracy1+2 = 1
I0418 08:27:18.247278  7952 caffe.cpp:314] Batch 939, accuracy1+2+3 = 1
I0418 08:27:18.372277  6080 data_layer.cpp:128] Prefetch batch: 124 ms.
I0418 08:27:18.372277  6080 data_layer.cpp:129]      Read time: 93.75 ms.
I0418 08:27:18.372277  6080 data_layer.cpp:130] Transform time: 31.249 ms.
I0418 08:27:19.216063  7952 caffe.cpp:314] Batch 940, accuracy1+2 = 1
I0418 08:27:19.216063  7952 caffe.cpp:314] Batch 940, accuracy1+2+3 = 1
I0418 08:27:19.341079  6080 data_layer.cpp:128] Prefetch batch: 125 ms.
I0418 08:27:19.341079  6080 data_layer.cpp:129]      Read time: 93.759 ms.
I0418 08:27:19.341079  6080 data_layer.cpp:130] Transform time: 31.258 ms.
I0418 08:27:20.200479  7952 caffe.cpp:314] Batch 941, accuracy1+2 = 1
I0418 08:27:20.200479  7952 caffe.cpp:314] Batch 941, accuracy1+2+3 = 1
I0418 08:27:20.294229  6080 data_layer.cpp:128] Prefetch batch: 93 ms.
I0418 08:27:20.294229  6080 data_layer.cpp:129]      Read time: 0 ms.
I0418 08:27:20.294229  6080 data_layer.cpp:130] Transform time: 93.75 ms.
I0418 08:27:21.169262  7952 caffe.cpp:314] Batch 942, accuracy1+2 = 1
I0418 08:27:21.169262  7952 caffe.cpp:314] Batch 942, accuracy1+2+3 = 1
I0418 08:27:21.294273  6080 data_layer.cpp:128] Prefetch batch: 125 ms.
I0418 08:27:21.294273  6080 data_layer.cpp:129]      Read time: 93.758 ms.
I0418 08:27:21.294273  6080 data_layer.cpp:130] Transform time: 31.253 ms.
I0418 08:27:22.138054  7952 caffe.cpp:314] Batch 943, accuracy1+2 = 1
I0418 08:27:22.138054  7952 caffe.cpp:314] Batch 943, accuracy1+2+3 = 1
I0418 08:27:22.263059  6080 data_layer.cpp:128] Prefetch batch: 125 ms.
I0418 08:27:22.263059  6080 data_layer.cpp:129]      Read time: 93.756 ms.
I0418 08:27:22.263059  6080 data_layer.cpp:130] Transform time: 31.249 ms.
I0418 08:27:23.122469  7952 caffe.cpp:314] Batch 944, accuracy1+2 = 1
I0418 08:27:23.122469  7952 caffe.cpp:314] Batch 944, accuracy1+2+3 = 1
I0418 08:27:23.247473  6080 data_layer.cpp:128] Prefetch batch: 125 ms.
I0418 08:27:23.247473  6080 data_layer.cpp:129]      Read time: 78.129 ms.
I0418 08:27:23.247473  6080 data_layer.cpp:130] Transform time: 46.875 ms.
I0418 08:27:24.091253  7952 caffe.cpp:314] Batch 945, accuracy1+2 = 1
I0418 08:27:24.091253  7952 caffe.cpp:314] Batch 945, accuracy1+2+3 = 1
I0418 08:27:24.216258  6080 data_layer.cpp:128] Prefetch batch: 125 ms.
I0418 08:27:24.216258  6080 data_layer.cpp:129]      Read time: 93.755 ms.
I0418 08:27:24.216258  6080 data_layer.cpp:130] Transform time: 31.249 ms.
I0418 08:27:25.060047  7952 caffe.cpp:314] Batch 946, accuracy1+2 = 1
I0418 08:27:25.060047  7952 caffe.cpp:314] Batch 946, accuracy1+2+3 = 1
I0418 08:27:25.185046  6080 data_layer.cpp:128] Prefetch batch: 124 ms.
I0418 08:27:25.185046  6080 data_layer.cpp:129]      Read time: 93.747 ms.
I0418 08:27:25.185046  6080 data_layer.cpp:130] Transform time: 31.252 ms.
I0418 08:27:26.044456  7952 caffe.cpp:314] Batch 947, accuracy1+2 = 1
I0418 08:27:26.044456  7952 caffe.cpp:314] Batch 947, accuracy1+2+3 = 1
I0418 08:27:26.138205  6080 data_layer.cpp:128] Prefetch batch: 93 ms.
I0418 08:27:26.138205  6080 data_layer.cpp:129]      Read time: 0 ms.
I0418 08:27:26.138205  6080 data_layer.cpp:130] Transform time: 93.749 ms.
I0418 08:27:27.013242  7952 caffe.cpp:314] Batch 948, accuracy1+2 = 1
I0418 08:27:27.013242  7952 caffe.cpp:314] Batch 948, accuracy1+2+3 = 1
I0418 08:27:27.138243  6080 data_layer.cpp:128] Prefetch batch: 125 ms.
I0418 08:27:27.138243  6080 data_layer.cpp:129]      Read time: 93.755 ms.
I0418 08:27:27.138243  6080 data_layer.cpp:130] Transform time: 31.247 ms.
I0418 08:27:27.982035  7952 caffe.cpp:314] Batch 949, accuracy1+2 = 1
I0418 08:27:27.982035  7952 caffe.cpp:314] Batch 949, accuracy1+2+3 = 1
I0418 08:27:28.107038  6080 data_layer.cpp:128] Prefetch batch: 125 ms.
I0418 08:27:28.107038  6080 data_layer.cpp:129]      Read time: 93.749 ms.
I0418 08:27:28.107038  6080 data_layer.cpp:130] Transform time: 31.254 ms.
I0418 08:27:28.966447  7952 caffe.cpp:314] Batch 950, accuracy1+2 = 1
I0418 08:27:28.966447  7952 caffe.cpp:314] Batch 950, accuracy1+2+3 = 1
I0418 08:27:29.091462  6080 data_layer.cpp:128] Prefetch batch: 125 ms.
I0418 08:27:29.091462  6080 data_layer.cpp:129]      Read time: 78.123 ms.
I0418 08:27:29.091462  6080 data_layer.cpp:130] Transform time: 46.892 ms.
I0418 08:27:29.935235  7952 caffe.cpp:314] Batch 951, accuracy1+2 = 1
I0418 08:27:29.935235  7952 caffe.cpp:314] Batch 951, accuracy1+2+3 = 1
I0418 08:27:30.060240  6080 data_layer.cpp:128] Prefetch batch: 125 ms.
I0418 08:27:30.060240  6080 data_layer.cpp:129]      Read time: 93.751 ms.
I0418 08:27:30.060240  6080 data_layer.cpp:130] Transform time: 31.253 ms.
I0418 08:27:30.904018  7952 caffe.cpp:314] Batch 952, accuracy1+2 = 1
I0418 08:27:30.904018  7952 caffe.cpp:314] Batch 952, accuracy1+2+3 = 1
I0418 08:27:31.044656  6080 data_layer.cpp:128] Prefetch batch: 140 ms.
I0418 08:27:31.044656  6080 data_layer.cpp:129]      Read time: 93.76 ms.
I0418 08:27:31.044656  6080 data_layer.cpp:130] Transform time: 46.878 ms.
I0418 08:27:31.888438  7952 caffe.cpp:314] Batch 953, accuracy1+2 = 1
I0418 08:27:31.888438  7952 caffe.cpp:314] Batch 953, accuracy1+2+3 = 1
I0418 08:27:31.982187  6080 data_layer.cpp:128] Prefetch batch: 93 ms.
I0418 08:27:31.982187  6080 data_layer.cpp:129]      Read time: 0 ms.
I0418 08:27:31.982187  6080 data_layer.cpp:130] Transform time: 93.749 ms.
I0418 08:27:32.857220  7952 caffe.cpp:314] Batch 954, accuracy1+2 = 1
I0418 08:27:32.857220  7952 caffe.cpp:314] Batch 954, accuracy1+2+3 = 1
I0418 08:27:32.982225  6080 data_layer.cpp:128] Prefetch batch: 125 ms.
I0418 08:27:32.982225  6080 data_layer.cpp:129]      Read time: 93.757 ms.
I0418 08:27:32.982225  6080 data_layer.cpp:130] Transform time: 31.248 ms.
I0418 08:27:33.826012  7952 caffe.cpp:314] Batch 955, accuracy1+2 = 0
I0418 08:27:33.826012  7952 caffe.cpp:314] Batch 955, accuracy1+2+3 = 0
I0418 08:27:33.951019  6080 data_layer.cpp:128] Prefetch batch: 125 ms.
I0418 08:27:33.951019  6080 data_layer.cpp:129]      Read time: 93.753 ms.
I0418 08:27:33.951019  6080 data_layer.cpp:130] Transform time: 31.253 ms.
I0418 08:27:34.810426  7952 caffe.cpp:314] Batch 956, accuracy1+2 = 1
I0418 08:27:34.810426  7952 caffe.cpp:314] Batch 956, accuracy1+2+3 = 1
I0418 08:27:34.935430  6080 data_layer.cpp:128] Prefetch batch: 125 ms.
I0418 08:27:34.935430  6080 data_layer.cpp:129]      Read time: 78.117 ms.
I0418 08:27:34.935430  6080 data_layer.cpp:130] Transform time: 46.886 ms.
I0418 08:27:35.779216  7952 caffe.cpp:314] Batch 957, accuracy1+2 = 1
I0418 08:27:35.779216  7952 caffe.cpp:314] Batch 957, accuracy1+2+3 = 1
I0418 08:27:35.904218  6080 data_layer.cpp:128] Prefetch batch: 125 ms.
I0418 08:27:35.904218  6080 data_layer.cpp:129]      Read time: 93.75 ms.
I0418 08:27:35.904218  6080 data_layer.cpp:130] Transform time: 31.253 ms.
I0418 08:27:36.748003  7952 caffe.cpp:314] Batch 958, accuracy1+2 = 1
I0418 08:27:36.748003  7952 caffe.cpp:314] Batch 958, accuracy1+2+3 = 1
I0418 08:27:36.857378  6080 data_layer.cpp:128] Prefetch batch: 109 ms.
I0418 08:27:36.857378  6080 data_layer.cpp:129]      Read time: 0 ms.
I0418 08:27:36.857378  6080 data_layer.cpp:130] Transform time: 109.376 ms.
I0418 08:27:37.716789  7952 caffe.cpp:314] Batch 959, accuracy1+2 = 1
I0418 08:27:37.716789  7952 caffe.cpp:314] Batch 959, accuracy1+2+3 = 1
I0418 08:27:37.857422  6080 data_layer.cpp:128] Prefetch batch: 140 ms.
I0418 08:27:37.857422  6080 data_layer.cpp:129]      Read time: 93.755 ms.
I0418 08:27:37.857422  6080 data_layer.cpp:130] Transform time: 46.879 ms.
I0418 08:27:38.701201  7952 caffe.cpp:314] Batch 960, accuracy1+2 = 1
I0418 08:27:38.701201  7952 caffe.cpp:314] Batch 960, accuracy1+2+3 = 1
I0418 08:27:38.826215  6080 data_layer.cpp:128] Prefetch batch: 125 ms.
I0418 08:27:38.826215  6080 data_layer.cpp:129]      Read time: 93.757 ms.
I0418 08:27:38.826215  6080 data_layer.cpp:130] Transform time: 31.256 ms.
I0418 08:27:39.669994  7952 caffe.cpp:314] Batch 961, accuracy1+2 = 1
I0418 08:27:39.669994  7952 caffe.cpp:314] Batch 961, accuracy1+2+3 = 1
I0418 08:27:39.779391  6080 data_layer.cpp:128] Prefetch batch: 109 ms.
I0418 08:27:39.779391  6080 data_layer.cpp:129]      Read time: 0 ms.
I0418 08:27:39.779391  6080 data_layer.cpp:130] Transform time: 109.396 ms.
I0418 08:27:40.685650  7952 caffe.cpp:314] Batch 962, accuracy1+2 = 1
I0418 08:27:40.685650  7952 caffe.cpp:314] Batch 962, accuracy1+2+3 = 1
I0418 08:27:40.810657  6080 data_layer.cpp:128] Prefetch batch: 125 ms.
I0418 08:27:40.810657  6080 data_layer.cpp:129]      Read time: 93.837 ms.
I0418 08:27:40.810657  6080 data_layer.cpp:130] Transform time: 31.17 ms.
I0418 08:27:41.701323  7952 caffe.cpp:314] Batch 963, accuracy1+2 = 1
I0418 08:27:41.701323  7952 caffe.cpp:314] Batch 963, accuracy1+2+3 = 1
I0418 08:27:41.826328  6080 data_layer.cpp:128] Prefetch batch: 125 ms.
I0418 08:27:41.826328  6080 data_layer.cpp:129]      Read time: 62.503 ms.
I0418 08:27:41.826328  6080 data_layer.cpp:130] Transform time: 62.502 ms.
I0418 08:27:42.685734  7952 caffe.cpp:314] Batch 964, accuracy1+2 = 1
I0418 08:27:42.685734  7952 caffe.cpp:314] Batch 964, accuracy1+2+3 = 1
I0418 08:27:42.826361  6080 data_layer.cpp:128] Prefetch batch: 140 ms.
I0418 08:27:42.826361  6080 data_layer.cpp:129]      Read time: 125.003 ms.
I0418 08:27:42.826361  6080 data_layer.cpp:130] Transform time: 15.625 ms.
I0418 08:27:43.654520  7952 caffe.cpp:314] Batch 965, accuracy1+2 = 1
I0418 08:27:43.654520  7952 caffe.cpp:314] Batch 965, accuracy1+2+3 = 1
I0418 08:27:43.779531  6080 data_layer.cpp:128] Prefetch batch: 125 ms.
I0418 08:27:43.779531  6080 data_layer.cpp:129]      Read time: 78.133 ms.
I0418 08:27:43.779531  6080 data_layer.cpp:130] Transform time: 46.877 ms.
I0418 08:27:44.638936  7952 caffe.cpp:314] Batch 966, accuracy1+2 = 1
I0418 08:27:44.638936  7952 caffe.cpp:314] Batch 966, accuracy1+2+3 = 1
I0418 08:27:44.763941  6080 data_layer.cpp:128] Prefetch batch: 125 ms.
I0418 08:27:44.763941  6080 data_layer.cpp:129]      Read time: 78.126 ms.
I0418 08:27:44.763941  6080 data_layer.cpp:130] Transform time: 46.878 ms.
I0418 08:27:45.607722  7952 caffe.cpp:314] Batch 967, accuracy1+2 = 1
I0418 08:27:45.607722  7952 caffe.cpp:314] Batch 967, accuracy1+2+3 = 1
I0418 08:27:45.701477  6080 data_layer.cpp:128] Prefetch batch: 93 ms.
I0418 08:27:45.701477  6080 data_layer.cpp:129]      Read time: 0 ms.
I0418 08:27:45.701477  6080 data_layer.cpp:130] Transform time: 93.754 ms.
I0418 08:27:46.576510  7952 caffe.cpp:314] Batch 968, accuracy1+2 = 1
I0418 08:27:46.576510  7952 caffe.cpp:314] Batch 968, accuracy1+2+3 = 1
I0418 08:27:46.701520  6080 data_layer.cpp:128] Prefetch batch: 125 ms.
I0418 08:27:46.701520  6080 data_layer.cpp:129]      Read time: 93.756 ms.
I0418 08:27:46.701520  6080 data_layer.cpp:130] Transform time: 31.254 ms.
I0418 08:27:47.545302  7952 caffe.cpp:314] Batch 969, accuracy1+2 = 1
I0418 08:27:47.545302  7952 caffe.cpp:314] Batch 969, accuracy1+2+3 = 1
I0418 08:27:47.670307  6080 data_layer.cpp:128] Prefetch batch: 125 ms.
I0418 08:27:47.670307  6080 data_layer.cpp:129]      Read time: 93.754 ms.
I0418 08:27:47.670307  6080 data_layer.cpp:130] Transform time: 31.251 ms.
I0418 08:27:48.529713  7952 caffe.cpp:314] Batch 970, accuracy1+2 = 1
I0418 08:27:48.529713  7952 caffe.cpp:314] Batch 970, accuracy1+2+3 = 1
I0418 08:27:48.654718  6080 data_layer.cpp:128] Prefetch batch: 125 ms.
I0418 08:27:48.654718  6080 data_layer.cpp:129]      Read time: 93.756 ms.
I0418 08:27:48.654718  6080 data_layer.cpp:130] Transform time: 31.249 ms.
I0418 08:27:49.498500  7952 caffe.cpp:314] Batch 971, accuracy1+2 = 1
I0418 08:27:49.498500  7952 caffe.cpp:314] Batch 971, accuracy1+2+3 = 1
I0418 08:27:49.623503  6080 data_layer.cpp:128] Prefetch batch: 125 ms.
I0418 08:27:49.623503  6080 data_layer.cpp:129]      Read time: 93.751 ms.
I0418 08:27:49.623503  6080 data_layer.cpp:130] Transform time: 31.252 ms.
I0418 08:27:50.482911  7952 caffe.cpp:314] Batch 972, accuracy1+2 = 1
I0418 08:27:50.482911  7952 caffe.cpp:314] Batch 972, accuracy1+2+3 = 1
I0418 08:27:50.576673  6080 data_layer.cpp:128] Prefetch batch: 93 ms.
I0418 08:27:50.576673  6080 data_layer.cpp:129]      Read time: 0 ms.
I0418 08:27:50.576673  6080 data_layer.cpp:130] Transform time: 93.761 ms.
I0418 08:27:51.451704  7952 caffe.cpp:314] Batch 973, accuracy1+2 = 1
I0418 08:27:51.451704  7952 caffe.cpp:314] Batch 973, accuracy1+2+3 = 1
I0418 08:27:51.576709  6080 data_layer.cpp:128] Prefetch batch: 125 ms.
I0418 08:27:51.576709  6080 data_layer.cpp:129]      Read time: 93.756 ms.
I0418 08:27:51.576709  6080 data_layer.cpp:130] Transform time: 31.25 ms.
I0418 08:27:52.420495  7952 caffe.cpp:314] Batch 974, accuracy1+2 = 1
I0418 08:27:52.420495  7952 caffe.cpp:314] Batch 974, accuracy1+2+3 = 1
I0418 08:27:52.545500  6080 data_layer.cpp:128] Prefetch batch: 125 ms.
I0418 08:27:52.545500  6080 data_layer.cpp:129]      Read time: 93.747 ms.
I0418 08:27:52.545500  6080 data_layer.cpp:130] Transform time: 31.258 ms.
I0418 08:27:53.404906  7952 caffe.cpp:314] Batch 975, accuracy1+2 = 1
I0418 08:27:53.404906  7952 caffe.cpp:314] Batch 975, accuracy1+2+3 = 1
I0418 08:27:53.529906  6080 data_layer.cpp:128] Prefetch batch: 125 ms.
I0418 08:27:53.529906  6080 data_layer.cpp:129]      Read time: 78.124 ms.
I0418 08:27:53.529906  6080 data_layer.cpp:130] Transform time: 46.877 ms.
I0418 08:27:54.373695  7952 caffe.cpp:314] Batch 976, accuracy1+2 = 1
I0418 08:27:54.373695  7952 caffe.cpp:314] Batch 976, accuracy1+2+3 = 1
I0418 08:27:54.483070  6080 data_layer.cpp:128] Prefetch batch: 109 ms.
I0418 08:27:54.483070  6080 data_layer.cpp:129]      Read time: 0 ms.
I0418 08:27:54.483070  6080 data_layer.cpp:130] Transform time: 109.375 ms.
I0418 08:27:55.342483  7952 caffe.cpp:314] Batch 977, accuracy1+2 = 0
I0418 08:27:55.342483  7952 caffe.cpp:314] Batch 977, accuracy1+2+3 = 0
I0418 08:27:55.467489  6080 data_layer.cpp:128] Prefetch batch: 125 ms.
I0418 08:27:55.467489  6080 data_layer.cpp:129]      Read time: 93.752 ms.
I0418 08:27:55.467489  6080 data_layer.cpp:130] Transform time: 31.255 ms.
I0418 08:27:56.326895  7952 caffe.cpp:314] Batch 978, accuracy1+2 = 1
I0418 08:27:56.326895  7952 caffe.cpp:314] Batch 978, accuracy1+2+3 = 1
I0418 08:27:56.451895  6080 data_layer.cpp:128] Prefetch batch: 125 ms.
I0418 08:27:56.451895  6080 data_layer.cpp:129]      Read time: 78.127 ms.
I0418 08:27:56.451895  6080 data_layer.cpp:130] Transform time: 46.873 ms.
I0418 08:27:57.295683  7952 caffe.cpp:314] Batch 979, accuracy1+2 = 1
I0418 08:27:57.295683  7952 caffe.cpp:314] Batch 979, accuracy1+2+3 = 1
I0418 08:27:57.420683  6080 data_layer.cpp:128] Prefetch batch: 125 ms.
I0418 08:27:57.420683  6080 data_layer.cpp:129]      Read time: 93.752 ms.
I0418 08:27:57.420683  6080 data_layer.cpp:130] Transform time: 31.248 ms.
I0418 08:27:58.264467  7952 caffe.cpp:314] Batch 980, accuracy1+2 = 1
I0418 08:27:58.264467  7952 caffe.cpp:314] Batch 980, accuracy1+2+3 = 1
I0418 08:27:58.389475  6080 data_layer.cpp:128] Prefetch batch: 125 ms.
I0418 08:27:58.389475  6080 data_layer.cpp:129]      Read time: 93.757 ms.
I0418 08:27:58.389475  6080 data_layer.cpp:130] Transform time: 31.251 ms.
I0418 08:27:59.233258  7952 caffe.cpp:314] Batch 981, accuracy1+2 = 1
I0418 08:27:59.233258  7952 caffe.cpp:314] Batch 981, accuracy1+2+3 = 1
I0418 08:27:59.342636  6080 data_layer.cpp:128] Prefetch batch: 109 ms.
I0418 08:27:59.342636  6080 data_layer.cpp:129]      Read time: 0 ms.
I0418 08:27:59.342636  6080 data_layer.cpp:130] Transform time: 109.378 ms.
I0418 08:28:00.217672  7952 caffe.cpp:314] Batch 982, accuracy1+2 = 1
I0418 08:28:00.217672  7952 caffe.cpp:314] Batch 982, accuracy1+2+3 = 1
I0418 08:28:00.342675  6080 data_layer.cpp:128] Prefetch batch: 125 ms.
I0418 08:28:00.342675  6080 data_layer.cpp:129]      Read time: 78.13 ms.
I0418 08:28:00.342675  6080 data_layer.cpp:130] Transform time: 46.873 ms.
I0418 08:28:01.186460  7952 caffe.cpp:314] Batch 983, accuracy1+2 = 1
I0418 08:28:01.186460  7952 caffe.cpp:314] Batch 983, accuracy1+2+3 = 1
I0418 08:28:01.311465  6080 data_layer.cpp:128] Prefetch batch: 125 ms.
I0418 08:28:01.311465  6080 data_layer.cpp:129]      Read time: 93.753 ms.
I0418 08:28:01.311465  6080 data_layer.cpp:130] Transform time: 31.253 ms.
I0418 08:28:02.155243  7952 caffe.cpp:314] Batch 984, accuracy1+2 = 1
I0418 08:28:02.155243  7952 caffe.cpp:314] Batch 984, accuracy1+2+3 = 1
I0418 08:28:02.264624  6080 data_layer.cpp:128] Prefetch batch: 109 ms.
I0418 08:28:02.264624  6080 data_layer.cpp:129]      Read time: 0 ms.
I0418 08:28:02.264624  6080 data_layer.cpp:130] Transform time: 109.381 ms.
I0418 08:28:03.124038  7952 caffe.cpp:314] Batch 985, accuracy1+2 = 1
I0418 08:28:03.124038  7952 caffe.cpp:314] Batch 985, accuracy1+2+3 = 1
I0418 08:28:03.249037  6080 data_layer.cpp:128] Prefetch batch: 124 ms.
I0418 08:28:03.249037  6080 data_layer.cpp:129]      Read time: 93.75 ms.
I0418 08:28:03.249037  6080 data_layer.cpp:130] Transform time: 31.249 ms.
I0418 08:28:04.108458  7952 caffe.cpp:314] Batch 986, accuracy1+2 = 0
I0418 08:28:04.108458  7952 caffe.cpp:314] Batch 986, accuracy1+2+3 = 0
I0418 08:28:04.233459  6080 data_layer.cpp:128] Prefetch batch: 125 ms.
I0418 08:28:04.233459  6080 data_layer.cpp:129]      Read time: 78.116 ms.
I0418 08:28:04.233459  6080 data_layer.cpp:130] Transform time: 46.886 ms.
I0418 08:28:05.077240  7952 caffe.cpp:314] Batch 987, accuracy1+2 = 0
I0418 08:28:05.077240  7952 caffe.cpp:314] Batch 987, accuracy1+2+3 = 1
I0418 08:28:05.186621  6080 data_layer.cpp:128] Prefetch batch: 109 ms.
I0418 08:28:05.186621  6080 data_layer.cpp:129]      Read time: 0 ms.
I0418 08:28:05.186621  6080 data_layer.cpp:130] Transform time: 109.381 ms.
I0418 08:28:06.046022  7952 caffe.cpp:314] Batch 988, accuracy1+2 = 0
I0418 08:28:06.046022  7952 caffe.cpp:314] Batch 988, accuracy1+2+3 = 0
I0418 08:28:06.171033  6080 data_layer.cpp:128] Prefetch batch: 125 ms.
I0418 08:28:06.171033  6080 data_layer.cpp:129]      Read time: 93.757 ms.
I0418 08:28:06.171033  6080 data_layer.cpp:130] Transform time: 31.254 ms.
I0418 08:28:07.014816  7952 caffe.cpp:314] Batch 989, accuracy1+2 = 1
I0418 08:28:07.014816  7952 caffe.cpp:314] Batch 989, accuracy1+2+3 = 1
I0418 08:28:07.155441  6080 data_layer.cpp:128] Prefetch batch: 140 ms.
I0418 08:28:07.155441  6080 data_layer.cpp:129]      Read time: 93.754 ms.
I0418 08:28:07.155441  6080 data_layer.cpp:130] Transform time: 46.87 ms.
I0418 08:28:07.999229  7952 caffe.cpp:314] Batch 990, accuracy1+2 = 1
I0418 08:28:07.999229  7952 caffe.cpp:314] Batch 990, accuracy1+2+3 = 1
I0418 08:28:08.124233  6080 data_layer.cpp:128] Prefetch batch: 125 ms.
I0418 08:28:08.124233  6080 data_layer.cpp:129]      Read time: 93.75 ms.
I0418 08:28:08.124233  6080 data_layer.cpp:130] Transform time: 31.254 ms.
I0418 08:28:08.968019  7952 caffe.cpp:314] Batch 991, accuracy1+2 = 0
I0418 08:28:08.968019  7952 caffe.cpp:314] Batch 991, accuracy1+2+3 = 0
I0418 08:28:09.077391  6080 data_layer.cpp:128] Prefetch batch: 109 ms.
I0418 08:28:09.077391  6080 data_layer.cpp:129]      Read time: 0 ms.
I0418 08:28:09.077391  6080 data_layer.cpp:130] Transform time: 109.373 ms.
I0418 08:28:09.936806  7952 caffe.cpp:314] Batch 992, accuracy1+2 = 1
I0418 08:28:09.936806  7952 caffe.cpp:314] Batch 992, accuracy1+2+3 = 1
I0418 08:28:10.061815  6080 data_layer.cpp:128] Prefetch batch: 125 ms.
I0418 08:28:10.061815  6080 data_layer.cpp:129]      Read time: 93.754 ms.
I0418 08:28:10.061815  6080 data_layer.cpp:130] Transform time: 31.255 ms.
I0418 08:28:10.921216  7952 caffe.cpp:314] Batch 993, accuracy1+2 = 0
I0418 08:28:10.921216  7952 caffe.cpp:314] Batch 993, accuracy1+2+3 = 0
I0418 08:28:11.046221  6080 data_layer.cpp:128] Prefetch batch: 125 ms.
I0418 08:28:11.046221  6080 data_layer.cpp:129]      Read time: 93.757 ms.
I0418 08:28:11.046221  6080 data_layer.cpp:130] Transform time: 31.247 ms.
I0418 08:28:11.890007  7952 caffe.cpp:314] Batch 994, accuracy1+2 = 1
I0418 08:28:11.890007  7952 caffe.cpp:314] Batch 994, accuracy1+2+3 = 1
I0418 08:28:11.999382  6080 data_layer.cpp:128] Prefetch batch: 109 ms.
I0418 08:28:11.999382  6080 data_layer.cpp:129]      Read time: 0 ms.
I0418 08:28:11.999382  6080 data_layer.cpp:130] Transform time: 109.376 ms.
I0418 08:28:12.874415  7952 caffe.cpp:314] Batch 995, accuracy1+2 = 0
I0418 08:28:12.874415  7952 caffe.cpp:314] Batch 995, accuracy1+2+3 = 0
I0418 08:28:12.999426  6080 data_layer.cpp:128] Prefetch batch: 125 ms.
I0418 08:28:12.999426  6080 data_layer.cpp:129]      Read time: 93.754 ms.
I0418 08:28:12.999426  6080 data_layer.cpp:130] Transform time: 31.257 ms.
I0418 08:28:13.843209  7952 caffe.cpp:314] Batch 996, accuracy1+2 = 1
I0418 08:28:13.843209  7952 caffe.cpp:314] Batch 996, accuracy1+2+3 = 1
I0418 08:28:13.968214  6080 data_layer.cpp:128] Prefetch batch: 125 ms.
I0418 08:28:13.968214  6080 data_layer.cpp:129]      Read time: 46.877 ms.
I0418 08:28:13.968214  6080 data_layer.cpp:130] Transform time: 78.129 ms.
I0418 08:28:14.827622  7952 caffe.cpp:314] Batch 997, accuracy1+2 = 1
I0418 08:28:14.827622  7952 caffe.cpp:314] Batch 997, accuracy1+2+3 = 1
I0418 08:28:14.952626  6080 data_layer.cpp:128] Prefetch batch: 125 ms.
I0418 08:28:14.952626  6080 data_layer.cpp:129]      Read time: 78.126 ms.
I0418 08:28:14.952626  6080 data_layer.cpp:130] Transform time: 46.878 ms.
I0418 08:28:15.812036  7952 caffe.cpp:314] Batch 998, accuracy1+2 = 1
I0418 08:28:15.812036  7952 caffe.cpp:314] Batch 998, accuracy1+2+3 = 1
I0418 08:28:15.937043  6080 data_layer.cpp:128] Prefetch batch: 125 ms.
I0418 08:28:15.937043  6080 data_layer.cpp:129]      Read time: 46.874 ms.
I0418 08:28:15.937043  6080 data_layer.cpp:130] Transform time: 78.134 ms.
I0418 08:28:16.796443  7952 caffe.cpp:314] Batch 999, accuracy1+2 = 0
I0418 08:28:16.796443  7952 caffe.cpp:314] Batch 999, accuracy1+2+3 = 0
I0418 08:28:16.921442  6080 data_layer.cpp:128] Prefetch batch: 124 ms.
I0418 08:28:16.921442  6080 data_layer.cpp:129]      Read time: 93.749 ms.
I0418 08:28:16.921442  6080 data_layer.cpp:130] Transform time: 31.25 ms.
I0418 08:28:17.812103  7952 caffe.cpp:314] Batch 1000, accuracy1+2 = 0
I0418 08:28:17.812103  7952 caffe.cpp:314] Batch 1000, accuracy1+2+3 = 0
I0418 08:28:17.905855  6080 data_layer.cpp:128] Prefetch batch: 93 ms.
I0418 08:28:17.905855  6080 data_layer.cpp:129]      Read time: 0 ms.
I0418 08:28:17.905855  6080 data_layer.cpp:130] Transform time: 93.753 ms.
I0418 08:28:18.812153  7952 caffe.cpp:314] Batch 1001, accuracy1+2 = 1
I0418 08:28:18.812153  7952 caffe.cpp:314] Batch 1001, accuracy1+2+3 = 1
I0418 08:28:18.937155  6080 data_layer.cpp:128] Prefetch batch: 125 ms.
I0418 08:28:18.937155  6080 data_layer.cpp:129]      Read time: 93.75 ms.
I0418 08:28:18.937155  6080 data_layer.cpp:130] Transform time: 31.251 ms.
I0418 08:28:19.796566  7952 caffe.cpp:314] Batch 1002, accuracy1+2 = 1
I0418 08:28:19.796566  7952 caffe.cpp:314] Batch 1002, accuracy1+2+3 = 1
I0418 08:28:19.921566  6080 data_layer.cpp:128] Prefetch batch: 125 ms.
I0418 08:28:19.921566  6080 data_layer.cpp:129]      Read time: 93.75 ms.
I0418 08:28:19.921566  6080 data_layer.cpp:130] Transform time: 31.25 ms.
I0418 08:28:20.780977  7952 caffe.cpp:314] Batch 1003, accuracy1+2 = 1
I0418 08:28:20.780977  7952 caffe.cpp:314] Batch 1003, accuracy1+2+3 = 1
I0418 08:28:20.905987  6080 data_layer.cpp:128] Prefetch batch: 125 ms.
I0418 08:28:20.905987  6080 data_layer.cpp:129]      Read time: 93.759 ms.
I0418 08:28:20.905987  6080 data_layer.cpp:130] Transform time: 31.25 ms.
I0418 08:28:21.749769  7952 caffe.cpp:314] Batch 1004, accuracy1+2 = 1
I0418 08:28:21.749769  7952 caffe.cpp:314] Batch 1004, accuracy1+2+3 = 1
I0418 08:28:21.874773  6080 data_layer.cpp:128] Prefetch batch: 125 ms.
I0418 08:28:21.874773  6080 data_layer.cpp:129]      Read time: 93.749 ms.
I0418 08:28:21.874773  6080 data_layer.cpp:130] Transform time: 31.255 ms.
I0418 08:28:22.718555  7952 caffe.cpp:314] Batch 1005, accuracy1+2 = 1
I0418 08:28:22.718555  7952 caffe.cpp:314] Batch 1005, accuracy1+2+3 = 1
I0418 08:28:22.843556  6080 data_layer.cpp:128] Prefetch batch: 125 ms.
I0418 08:28:22.843556  6080 data_layer.cpp:129]      Read time: 93.756 ms.
I0418 08:28:22.843556  6080 data_layer.cpp:130] Transform time: 31.245 ms.
I0418 08:28:23.702968  7952 caffe.cpp:314] Batch 1006, accuracy1+2 = 1
I0418 08:28:23.702968  7952 caffe.cpp:314] Batch 1006, accuracy1+2+3 = 1
I0418 08:28:23.796725  6080 data_layer.cpp:128] Prefetch batch: 93 ms.
I0418 08:28:23.796725  6080 data_layer.cpp:129]      Read time: 0 ms.
I0418 08:28:23.796725  6080 data_layer.cpp:130] Transform time: 93.757 ms.
I0418 08:28:24.671756  7952 caffe.cpp:314] Batch 1007, accuracy1+2 = 1
I0418 08:28:24.671756  7952 caffe.cpp:314] Batch 1007, accuracy1+2+3 = 1
I0418 08:28:24.796751  6080 data_layer.cpp:128] Prefetch batch: 124 ms.
I0418 08:28:24.796751  6080 data_layer.cpp:129]      Read time: 93.758 ms.
I0418 08:28:24.796751  6080 data_layer.cpp:130] Transform time: 31.238 ms.
I0418 08:28:25.656169  7952 caffe.cpp:314] Batch 1008, accuracy1+2 = 1
I0418 08:28:25.656169  7952 caffe.cpp:314] Batch 1008, accuracy1+2+3 = 1
I0418 08:28:25.796794  6080 data_layer.cpp:128] Prefetch batch: 140 ms.
I0418 08:28:25.796794  6080 data_layer.cpp:129]      Read time: 93.744 ms.
I0418 08:28:25.796794  6080 data_layer.cpp:130] Transform time: 46.881 ms.
I0418 08:28:26.640588  7952 caffe.cpp:314] Batch 1009, accuracy1+2 = 0
I0418 08:28:26.640588  7952 caffe.cpp:314] Batch 1009, accuracy1+2+3 = 0
I0418 08:28:26.749964  6080 data_layer.cpp:128] Prefetch batch: 109 ms.
I0418 08:28:26.749964  6080 data_layer.cpp:129]      Read time: 0 ms.
I0418 08:28:26.749964  6080 data_layer.cpp:130] Transform time: 109.377 ms.
I0418 08:28:27.624997  7952 caffe.cpp:314] Batch 1010, accuracy1+2 = 1
I0418 08:28:27.624997  7952 caffe.cpp:314] Batch 1010, accuracy1+2+3 = 1
I0418 08:28:27.750002  6080 data_layer.cpp:128] Prefetch batch: 125 ms.
I0418 08:28:27.750002  6080 data_layer.cpp:129]      Read time: 93.752 ms.
I0418 08:28:27.750002  6080 data_layer.cpp:130] Transform time: 31.253 ms.
I0418 08:28:28.609405  7952 caffe.cpp:314] Batch 1011, accuracy1+2 = 0
I0418 08:28:28.609405  7952 caffe.cpp:314] Batch 1011, accuracy1+2+3 = 0
I0418 08:28:28.734419  6080 data_layer.cpp:128] Prefetch batch: 125 ms.
I0418 08:28:28.734419  6080 data_layer.cpp:129]      Read time: 93.757 ms.
I0418 08:28:28.734419  6080 data_layer.cpp:130] Transform time: 31.257 ms.
I0418 08:28:29.578199  7952 caffe.cpp:314] Batch 1012, accuracy1+2 = 1
I0418 08:28:29.578199  7952 caffe.cpp:314] Batch 1012, accuracy1+2+3 = 1
I0418 08:28:29.703205  6080 data_layer.cpp:128] Prefetch batch: 125 ms.
I0418 08:28:29.703205  6080 data_layer.cpp:129]      Read time: 93.75 ms.
I0418 08:28:29.703205  6080 data_layer.cpp:130] Transform time: 31.256 ms.
I0418 08:28:30.562609  7952 caffe.cpp:314] Batch 1013, accuracy1+2 = 0
I0418 08:28:30.562609  7952 caffe.cpp:314] Batch 1013, accuracy1+2+3 = 0
I0418 08:28:30.656369  6080 data_layer.cpp:128] Prefetch batch: 93 ms.
I0418 08:28:30.656369  6080 data_layer.cpp:129]      Read time: 0 ms.
I0418 08:28:30.656369  6080 data_layer.cpp:130] Transform time: 93.76 ms.
I0418 08:28:31.531399  7952 caffe.cpp:314] Batch 1014, accuracy1+2 = 1
I0418 08:28:31.531399  7952 caffe.cpp:314] Batch 1014, accuracy1+2+3 = 1
I0418 08:28:31.656404  6080 data_layer.cpp:128] Prefetch batch: 125 ms.
I0418 08:28:31.656404  6080 data_layer.cpp:129]      Read time: 93.757 ms.
I0418 08:28:31.656404  6080 data_layer.cpp:130] Transform time: 31.247 ms.
I0418 08:28:32.500192  7952 caffe.cpp:314] Batch 1015, accuracy1+2 = 1
I0418 08:28:32.500192  7952 caffe.cpp:314] Batch 1015, accuracy1+2+3 = 1
I0418 08:28:32.625195  6080 data_layer.cpp:128] Prefetch batch: 125 ms.
I0418 08:28:32.625195  6080 data_layer.cpp:129]      Read time: 93.748 ms.
I0418 08:28:32.625195  6080 data_layer.cpp:130] Transform time: 31.254 ms.
I0418 08:28:33.484601  7952 caffe.cpp:314] Batch 1016, accuracy1+2 = 1
I0418 08:28:33.484601  7952 caffe.cpp:314] Batch 1016, accuracy1+2+3 = 1
I0418 08:28:33.609611  6080 data_layer.cpp:128] Prefetch batch: 125 ms.
I0418 08:28:33.609611  6080 data_layer.cpp:129]      Read time: 93.754 ms.
I0418 08:28:33.609611  6080 data_layer.cpp:130] Transform time: 31.256 ms.
I0418 08:28:34.453392  7952 caffe.cpp:314] Batch 1017, accuracy1+2 = 0
I0418 08:28:34.453392  7952 caffe.cpp:314] Batch 1017, accuracy1+2+3 = 0
I0418 08:28:34.562767  6080 data_layer.cpp:128] Prefetch batch: 109 ms.
I0418 08:28:34.562767  6080 data_layer.cpp:129]      Read time: 0 ms.
I0418 08:28:34.562767  6080 data_layer.cpp:130] Transform time: 109.374 ms.
I0418 08:28:35.437801  7952 caffe.cpp:314] Batch 1018, accuracy1+2 = 0
I0418 08:28:35.437801  7952 caffe.cpp:314] Batch 1018, accuracy1+2+3 = 0
I0418 08:28:35.562805  6080 data_layer.cpp:128] Prefetch batch: 125 ms.
I0418 08:28:35.562805  6080 data_layer.cpp:129]      Read time: 93.757 ms.
I0418 08:28:35.562805  6080 data_layer.cpp:130] Transform time: 31.247 ms.
I0418 08:28:36.422219  7952 caffe.cpp:314] Batch 1019, accuracy1+2 = 1
I0418 08:28:36.422219  7952 caffe.cpp:314] Batch 1019, accuracy1+2+3 = 1
I0418 08:28:36.547219  6080 data_layer.cpp:128] Prefetch batch: 125 ms.
I0418 08:28:36.547219  6080 data_layer.cpp:129]      Read time: 78.126 ms.
I0418 08:28:36.547219  6080 data_layer.cpp:130] Transform time: 46.875 ms.
I0418 08:28:37.391006  7952 caffe.cpp:314] Batch 1020, accuracy1+2 = 1
I0418 08:28:37.391006  7952 caffe.cpp:314] Batch 1020, accuracy1+2+3 = 1
I0418 08:28:37.516012  6080 data_layer.cpp:128] Prefetch batch: 125 ms.
I0418 08:28:37.516012  6080 data_layer.cpp:129]      Read time: 93.752 ms.
I0418 08:28:37.516012  6080 data_layer.cpp:130] Transform time: 31.254 ms.
I0418 08:28:38.375419  7952 caffe.cpp:314] Batch 1021, accuracy1+2 = 1
I0418 08:28:38.375419  7952 caffe.cpp:314] Batch 1021, accuracy1+2+3 = 1
I0418 08:28:38.484794  6080 data_layer.cpp:128] Prefetch batch: 109 ms.
I0418 08:28:38.484794  6080 data_layer.cpp:129]      Read time: 0 ms.
I0418 08:28:38.484794  6080 data_layer.cpp:130] Transform time: 109.375 ms.
I0418 08:28:39.359828  7952 caffe.cpp:314] Batch 1022, accuracy1+2 = 1
I0418 08:28:39.359828  7952 caffe.cpp:314] Batch 1022, accuracy1+2+3 = 1
I0418 08:28:39.484834  6080 data_layer.cpp:128] Prefetch batch: 125 ms.
I0418 08:28:39.484834  6080 data_layer.cpp:129]      Read time: 62.506 ms.
I0418 08:28:39.484834  6080 data_layer.cpp:130] Transform time: 62.5 ms.
I0418 08:28:40.328618  7952 caffe.cpp:314] Batch 1023, accuracy1+2 = 1
I0418 08:28:40.328618  7952 caffe.cpp:314] Batch 1023, accuracy1+2+3 = 1
I0418 08:28:40.469254  6080 data_layer.cpp:128] Prefetch batch: 140 ms.
I0418 08:28:40.469254  6080 data_layer.cpp:129]      Read time: 109.381 ms.
I0418 08:28:40.469254  6080 data_layer.cpp:130] Transform time: 31.256 ms.
I0418 08:28:41.297408  7952 caffe.cpp:314] Batch 1024, accuracy1+2 = 1
I0418 08:28:41.297408  7952 caffe.cpp:314] Batch 1024, accuracy1+2+3 = 1
I0418 08:28:41.422415  6080 data_layer.cpp:128] Prefetch batch: 125 ms.
I0418 08:28:41.422415  6080 data_layer.cpp:129]      Read time: 93.752 ms.
I0418 08:28:41.422415  6080 data_layer.cpp:130] Transform time: 31.255 ms.
I0418 08:28:42.281821  7952 caffe.cpp:314] Batch 1025, accuracy1+2 = 1
I0418 08:28:42.281821  7952 caffe.cpp:314] Batch 1025, accuracy1+2+3 = 1
I0418 08:28:42.375578  6080 data_layer.cpp:128] Prefetch batch: 93 ms.
I0418 08:28:42.375578  6080 data_layer.cpp:129]      Read time: 0 ms.
I0418 08:28:42.375578  6080 data_layer.cpp:130] Transform time: 93.758 ms.
I0418 08:28:43.266235  7952 caffe.cpp:314] Batch 1026, accuracy1+2 = 1
I0418 08:28:43.266235  7952 caffe.cpp:314] Batch 1026, accuracy1+2+3 = 1
I0418 08:28:43.391239  6080 data_layer.cpp:128] Prefetch batch: 125 ms.
I0418 08:28:43.391239  6080 data_layer.cpp:129]      Read time: 78.127 ms.
I0418 08:28:43.391239  6080 data_layer.cpp:130] Transform time: 46.877 ms.
I0418 08:28:44.235023  7952 caffe.cpp:314] Batch 1027, accuracy1+2 = 1
I0418 08:28:44.235023  7952 caffe.cpp:314] Batch 1027, accuracy1+2+3 = 0
I0418 08:28:44.360025  6080 data_layer.cpp:128] Prefetch batch: 125 ms.
I0418 08:28:44.360025  6080 data_layer.cpp:129]      Read time: 93.761 ms.
I0418 08:28:44.360025  6080 data_layer.cpp:130] Transform time: 31.241 ms.
I0418 08:28:45.203815  7952 caffe.cpp:314] Batch 1028, accuracy1+2 = 0
I0418 08:28:45.203815  7952 caffe.cpp:314] Batch 1028, accuracy1+2+3 = 0
I0418 08:28:45.313192  6080 data_layer.cpp:128] Prefetch batch: 109 ms.
I0418 08:28:45.313192  6080 data_layer.cpp:129]      Read time: 0 ms.
I0418 08:28:45.313192  6080 data_layer.cpp:130] Transform time: 109.377 ms.
I0418 08:28:46.172597  7952 caffe.cpp:314] Batch 1029, accuracy1+2 = 1
I0418 08:28:46.172597  7952 caffe.cpp:314] Batch 1029, accuracy1+2+3 = 1
I0418 08:28:46.297605  6080 data_layer.cpp:128] Prefetch batch: 125 ms.
I0418 08:28:46.297605  6080 data_layer.cpp:129]      Read time: 93.755 ms.
I0418 08:28:46.297605  6080 data_layer.cpp:130] Transform time: 31.252 ms.
I0418 08:28:47.157013  7952 caffe.cpp:314] Batch 1030, accuracy1+2 = 1
I0418 08:28:47.157013  7952 caffe.cpp:314] Batch 1030, accuracy1+2+3 = 1
I0418 08:28:47.282019  6080 data_layer.cpp:128] Prefetch batch: 125 ms.
I0418 08:28:47.282019  6080 data_layer.cpp:129]      Read time: 78.127 ms.
I0418 08:28:47.282019  6080 data_layer.cpp:130] Transform time: 46.879 ms.
I0418 08:28:48.125800  7952 caffe.cpp:314] Batch 1031, accuracy1+2 = 1
I0418 08:28:48.125800  7952 caffe.cpp:314] Batch 1031, accuracy1+2+3 = 1
I0418 08:28:48.250808  6080 data_layer.cpp:128] Prefetch batch: 125 ms.
I0418 08:28:48.250808  6080 data_layer.cpp:129]      Read time: 93.759 ms.
I0418 08:28:48.250808  6080 data_layer.cpp:130] Transform time: 31.249 ms.
I0418 08:28:49.125835  7952 caffe.cpp:314] Batch 1032, accuracy1+2 = 1
I0418 08:28:49.125835  7952 caffe.cpp:314] Batch 1032, accuracy1+2+3 = 1
I0418 08:28:49.250869  6080 data_layer.cpp:128] Prefetch batch: 125 ms.
I0418 08:28:49.250869  6080 data_layer.cpp:129]      Read time: 78.144 ms.
I0418 08:28:49.250869  6080 data_layer.cpp:130] Transform time: 46.89 ms.
I0418 08:28:50.110252  7952 caffe.cpp:314] Batch 1033, accuracy1+2 = 0
I0418 08:28:50.110252  7952 caffe.cpp:314] Batch 1033, accuracy1+2+3 = 0
I0418 08:28:50.203997  6080 data_layer.cpp:128] Prefetch batch: 93 ms.
I0418 08:28:50.203997  6080 data_layer.cpp:129]      Read time: 0 ms.
I0418 08:28:50.203997  6080 data_layer.cpp:130] Transform time: 93.745 ms.
I0418 08:28:51.079046  7952 caffe.cpp:314] Batch 1034, accuracy1+2 = 1
I0418 08:28:51.079046  7952 caffe.cpp:314] Batch 1034, accuracy1+2+3 = 1
I0418 08:28:51.204044  6080 data_layer.cpp:128] Prefetch batch: 124 ms.
I0418 08:28:51.204044  6080 data_layer.cpp:129]      Read time: 93.746 ms.
I0418 08:28:51.204044  6080 data_layer.cpp:130] Transform time: 31.252 ms.
I0418 08:28:52.047827  7952 caffe.cpp:314] Batch 1035, accuracy1+2 = 1
I0418 08:28:52.047827  7952 caffe.cpp:314] Batch 1035, accuracy1+2+3 = 1
I0418 08:28:52.172830  6080 data_layer.cpp:128] Prefetch batch: 125 ms.
I0418 08:28:52.172830  6080 data_layer.cpp:129]      Read time: 93.753 ms.
I0418 08:28:52.172830  6080 data_layer.cpp:130] Transform time: 31.251 ms.
I0418 08:28:53.032243  7952 caffe.cpp:314] Batch 1036, accuracy1+2 = 1
I0418 08:28:53.032243  7952 caffe.cpp:314] Batch 1036, accuracy1+2+3 = 1
I0418 08:28:53.125994  6080 data_layer.cpp:128] Prefetch batch: 93 ms.
I0418 08:28:53.125994  6080 data_layer.cpp:129]      Read time: 0 ms.
I0418 08:28:53.125994  6080 data_layer.cpp:130] Transform time: 93.752 ms.
I0418 08:28:54.001035  7952 caffe.cpp:314] Batch 1037, accuracy1+2 = 0
I0418 08:28:54.001035  7952 caffe.cpp:314] Batch 1037, accuracy1+2+3 = 0
I0418 08:28:54.126036  6080 data_layer.cpp:128] Prefetch batch: 125 ms.
I0418 08:28:54.126036  6080 data_layer.cpp:129]      Read time: 93.748 ms.
I0418 08:28:54.126036  6080 data_layer.cpp:130] Transform time: 31.253 ms.
I0418 08:28:54.985455  7952 caffe.cpp:314] Batch 1038, accuracy1+2 = 0
I0418 08:28:54.985455  7952 caffe.cpp:314] Batch 1038, accuracy1+2+3 = 0
I0418 08:28:55.110486  6080 data_layer.cpp:128] Prefetch batch: 125 ms.
I0418 08:28:55.110486  6080 data_layer.cpp:129]      Read time: 93.738 ms.
I0418 08:28:55.110486  6080 data_layer.cpp:130] Transform time: 31.293 ms.
I0418 08:28:56.001101  7952 caffe.cpp:314] Batch 1039, accuracy1+2 = 0
I0418 08:28:56.001101  7952 caffe.cpp:314] Batch 1039, accuracy1+2+3 = 0
I0418 08:28:56.110479  6080 data_layer.cpp:128] Prefetch batch: 109 ms.
I0418 08:28:56.110479  6080 data_layer.cpp:129]      Read time: 0 ms.
I0418 08:28:56.110479  6080 data_layer.cpp:130] Transform time: 109.379 ms.
I0418 08:28:57.016764  7952 caffe.cpp:314] Batch 1040, accuracy1+2 = 1
I0418 08:28:57.016764  7952 caffe.cpp:314] Batch 1040, accuracy1+2+3 = 1
I0418 08:28:57.141769  6080 data_layer.cpp:128] Prefetch batch: 125 ms.
I0418 08:28:57.141769  6080 data_layer.cpp:129]      Read time: 93.754 ms.
I0418 08:28:57.141769  6080 data_layer.cpp:130] Transform time: 31.251 ms.
I0418 08:28:58.001193  7952 caffe.cpp:314] Batch 1041, accuracy1+2 = 1
I0418 08:28:58.001193  7952 caffe.cpp:314] Batch 1041, accuracy1+2+3 = 1
I0418 08:28:58.126194  6080 data_layer.cpp:128] Prefetch batch: 125 ms.
I0418 08:28:58.126194  6080 data_layer.cpp:129]      Read time: 93.753 ms.
I0418 08:28:58.126194  6080 data_layer.cpp:130] Transform time: 31.248 ms.
I0418 08:28:58.969980  7952 caffe.cpp:314] Batch 1042, accuracy1+2 = 0
I0418 08:28:58.969980  7952 caffe.cpp:314] Batch 1042, accuracy1+2+3 = 0
I0418 08:28:59.094980  6080 data_layer.cpp:128] Prefetch batch: 125 ms.
I0418 08:28:59.094980  6080 data_layer.cpp:129]      Read time: 93.752 ms.
I0418 08:28:59.094980  6080 data_layer.cpp:130] Transform time: 31.249 ms.
I0418 08:28:59.938767  7952 caffe.cpp:314] Batch 1043, accuracy1+2 = 0
I0418 08:28:59.938767  7952 caffe.cpp:314] Batch 1043, accuracy1+2+3 = 0
I0418 08:29:00.048146  6080 data_layer.cpp:128] Prefetch batch: 109 ms.
I0418 08:29:00.048146  6080 data_layer.cpp:129]      Read time: 0 ms.
I0418 08:29:00.048146  6080 data_layer.cpp:130] Transform time: 109.379 ms.
I0418 08:29:00.907552  7952 caffe.cpp:314] Batch 1044, accuracy1+2 = 0
I0418 08:29:00.907552  7952 caffe.cpp:314] Batch 1044, accuracy1+2+3 = 0
I0418 08:29:01.048182  6080 data_layer.cpp:128] Prefetch batch: 140 ms.
I0418 08:29:01.048182  6080 data_layer.cpp:129]      Read time: 93.759 ms.
I0418 08:29:01.048182  6080 data_layer.cpp:130] Transform time: 46.87 ms.
I0418 08:29:01.891970  7952 caffe.cpp:314] Batch 1045, accuracy1+2 = 1
I0418 08:29:01.891970  7952 caffe.cpp:314] Batch 1045, accuracy1+2+3 = 1
I0418 08:29:02.016971  6080 data_layer.cpp:128] Prefetch batch: 125 ms.
I0418 08:29:02.016971  6080 data_layer.cpp:129]      Read time: 93.75 ms.
I0418 08:29:02.016971  6080 data_layer.cpp:130] Transform time: 31.251 ms.
I0418 08:29:02.860754  7952 caffe.cpp:314] Batch 1046, accuracy1+2 = 1
I0418 08:29:02.860754  7952 caffe.cpp:314] Batch 1046, accuracy1+2+3 = 1
I0418 08:29:02.985836  6080 data_layer.cpp:128] Prefetch batch: 125 ms.
I0418 08:29:02.985836  6080 data_layer.cpp:129]      Read time: 93.756 ms.
I0418 08:29:02.985836  6080 data_layer.cpp:130] Transform time: 31.325 ms.
I0418 08:29:03.845170  7952 caffe.cpp:314] Batch 1047, accuracy1+2 = 0
I0418 08:29:03.845170  7952 caffe.cpp:314] Batch 1047, accuracy1+2+3 = 0
I0418 08:29:03.938916  6080 data_layer.cpp:128] Prefetch batch: 93 ms.
I0418 08:29:03.938916  6080 data_layer.cpp:129]      Read time: 0 ms.
I0418 08:29:03.938916  6080 data_layer.cpp:130] Transform time: 93.746 ms.
I0418 08:29:04.813958  7952 caffe.cpp:314] Batch 1048, accuracy1+2 = 1
I0418 08:29:04.813958  7952 caffe.cpp:314] Batch 1048, accuracy1+2+3 = 1
I0418 08:29:04.938959  6080 data_layer.cpp:128] Prefetch batch: 125 ms.
I0418 08:29:04.938959  6080 data_layer.cpp:129]      Read time: 93.754 ms.
I0418 08:29:04.938959  6080 data_layer.cpp:130] Transform time: 31.247 ms.
I0418 08:29:05.782747  7952 caffe.cpp:314] Batch 1049, accuracy1+2 = 0
I0418 08:29:05.782747  7952 caffe.cpp:314] Batch 1049, accuracy1+2+3 = 0
I0418 08:29:05.907750  6080 data_layer.cpp:128] Prefetch batch: 125 ms.
I0418 08:29:05.907750  6080 data_layer.cpp:129]      Read time: 93.751 ms.
I0418 08:29:05.907750  6080 data_layer.cpp:130] Transform time: 31.253 ms.
I0418 08:29:06.751535  7952 caffe.cpp:314] Batch 1050, accuracy1+2 = 0
I0418 08:29:06.751535  7952 caffe.cpp:314] Batch 1050, accuracy1+2+3 = 0
I0418 08:29:06.860914  6080 data_layer.cpp:128] Prefetch batch: 109 ms.
I0418 08:29:06.860914  6080 data_layer.cpp:129]      Read time: 0 ms.
I0418 08:29:06.860914  6080 data_layer.cpp:130] Transform time: 109.379 ms.
I0418 08:29:07.735949  7952 caffe.cpp:314] Batch 1051, accuracy1+2 = 1
I0418 08:29:07.735949  7952 caffe.cpp:314] Batch 1051, accuracy1+2+3 = 1
I0418 08:29:07.860947  6080 data_layer.cpp:128] Prefetch batch: 124 ms.
I0418 08:29:07.860947  6080 data_layer.cpp:129]      Read time: 93.749 ms.
I0418 08:29:07.860947  6080 data_layer.cpp:130] Transform time: 31.25 ms.
I0418 08:29:08.704730  7952 caffe.cpp:314] Batch 1052, accuracy1+2 = 0
I0418 08:29:08.704730  7952 caffe.cpp:314] Batch 1052, accuracy1+2+3 = 1
I0418 08:29:08.829741  6080 data_layer.cpp:128] Prefetch batch: 125 ms.
I0418 08:29:08.829741  6080 data_layer.cpp:129]      Read time: 93.753 ms.
I0418 08:29:08.829741  6080 data_layer.cpp:130] Transform time: 31.257 ms.
I0418 08:29:09.673521  7952 caffe.cpp:314] Batch 1053, accuracy1+2 = 1
I0418 08:29:09.673521  7952 caffe.cpp:314] Batch 1053, accuracy1+2+3 = 1
I0418 08:29:09.798529  6080 data_layer.cpp:128] Prefetch batch: 125 ms.
I0418 08:29:09.814152  6080 data_layer.cpp:129]      Read time: 93.753 ms.
I0418 08:29:09.814152  6080 data_layer.cpp:130] Transform time: 31.256 ms.
I0418 08:29:10.657937  7952 caffe.cpp:314] Batch 1054, accuracy1+2 = 1
I0418 08:29:10.657937  7952 caffe.cpp:314] Batch 1054, accuracy1+2+3 = 1
I0418 08:29:10.783040  6080 data_layer.cpp:128] Prefetch batch: 125 ms.
I0418 08:29:10.783040  6080 data_layer.cpp:129]      Read time: 93.755 ms.
I0418 08:29:10.783040  6080 data_layer.cpp:130] Transform time: 31.348 ms.
I0418 08:29:11.626719  7952 caffe.cpp:314] Batch 1055, accuracy1+2 = 1
I0418 08:29:11.626719  7952 caffe.cpp:314] Batch 1055, accuracy1+2+3 = 1
I0418 08:29:11.736100  6080 data_layer.cpp:128] Prefetch batch: 109 ms.
I0418 08:29:11.736100  6080 data_layer.cpp:129]      Read time: 0 ms.
I0418 08:29:11.736100  6080 data_layer.cpp:130] Transform time: 109.381 ms.
I0418 08:29:12.595508  7952 caffe.cpp:314] Batch 1056, accuracy1+2 = 1
I0418 08:29:12.595508  7952 caffe.cpp:314] Batch 1056, accuracy1+2+3 = 1
I0418 08:29:12.720516  6080 data_layer.cpp:128] Prefetch batch: 125 ms.
I0418 08:29:12.720516  6080 data_layer.cpp:129]      Read time: 93.76 ms.
I0418 08:29:12.720516  6080 data_layer.cpp:130] Transform time: 31.248 ms.
I0418 08:29:13.579921  7952 caffe.cpp:314] Batch 1057, accuracy1+2 = 1
I0418 08:29:13.579921  7952 caffe.cpp:314] Batch 1057, accuracy1+2+3 = 1
I0418 08:29:13.704926  6080 data_layer.cpp:128] Prefetch batch: 125 ms.
I0418 08:29:13.704926  6080 data_layer.cpp:129]      Read time: 93.76 ms.
I0418 08:29:13.704926  6080 data_layer.cpp:130] Transform time: 31.245 ms.
I0418 08:29:14.564338  7952 caffe.cpp:314] Batch 1058, accuracy1+2 = 0
I0418 08:29:14.564338  7952 caffe.cpp:314] Batch 1058, accuracy1+2+3 = 0
I0418 08:29:14.658090  6080 data_layer.cpp:128] Prefetch batch: 93 ms.
I0418 08:29:14.658090  6080 data_layer.cpp:129]      Read time: 0 ms.
I0418 08:29:14.658090  6080 data_layer.cpp:130] Transform time: 93.752 ms.
I0418 08:29:15.533128  7952 caffe.cpp:314] Batch 1059, accuracy1+2 = 0
I0418 08:29:15.533128  7952 caffe.cpp:314] Batch 1059, accuracy1+2+3 = 1
I0418 08:29:15.658131  6080 data_layer.cpp:128] Prefetch batch: 125 ms.
I0418 08:29:15.658131  6080 data_layer.cpp:129]      Read time: 93.755 ms.
I0418 08:29:15.658131  6080 data_layer.cpp:130] Transform time: 31.248 ms.
I0418 08:29:16.501914  7952 caffe.cpp:314] Batch 1060, accuracy1+2 = 1
I0418 08:29:16.501914  7952 caffe.cpp:314] Batch 1060, accuracy1+2+3 = 1
I0418 08:29:16.626916  6080 data_layer.cpp:128] Prefetch batch: 125 ms.
I0418 08:29:16.626916  6080 data_layer.cpp:129]      Read time: 93.757 ms.
I0418 08:29:16.626916  6080 data_layer.cpp:130] Transform time: 31.245 ms.
I0418 08:29:17.486325  7952 caffe.cpp:314] Batch 1061, accuracy1+2 = 0
I0418 08:29:17.486325  7952 caffe.cpp:314] Batch 1061, accuracy1+2+3 = 0
I0418 08:29:17.611330  6080 data_layer.cpp:128] Prefetch batch: 125 ms.
I0418 08:29:17.611330  6080 data_layer.cpp:129]      Read time: 78.13 ms.
I0418 08:29:17.611330  6080 data_layer.cpp:130] Transform time: 46.874 ms.
I0418 08:29:18.455116  7952 caffe.cpp:314] Batch 1062, accuracy1+2 = 1
I0418 08:29:18.455116  7952 caffe.cpp:314] Batch 1062, accuracy1+2+3 = 1
I0418 08:29:18.548868  6080 data_layer.cpp:128] Prefetch batch: 93 ms.
I0418 08:29:18.548868  6080 data_layer.cpp:129]      Read time: 0 ms.
I0418 08:29:18.548868  6080 data_layer.cpp:130] Transform time: 93.753 ms.
I0418 08:29:19.423908  7952 caffe.cpp:314] Batch 1063, accuracy1+2 = 0
I0418 08:29:19.423908  7952 caffe.cpp:314] Batch 1063, accuracy1+2+3 = 0
I0418 08:29:19.548913  6080 data_layer.cpp:128] Prefetch batch: 125 ms.
I0418 08:29:19.548913  6080 data_layer.cpp:129]      Read time: 93.753 ms.
I0418 08:29:19.548913  6080 data_layer.cpp:130] Transform time: 31.252 ms.
I0418 08:29:20.392690  7952 caffe.cpp:314] Batch 1064, accuracy1+2 = 1
I0418 08:29:20.392690  7952 caffe.cpp:314] Batch 1064, accuracy1+2+3 = 1
I0418 08:29:20.517696  6080 data_layer.cpp:128] Prefetch batch: 125 ms.
I0418 08:29:20.517696  6080 data_layer.cpp:129]      Read time: 93.755 ms.
I0418 08:29:20.533326  6080 data_layer.cpp:130] Transform time: 31.251 ms.
I0418 08:29:21.377105  7952 caffe.cpp:314] Batch 1065, accuracy1+2 = 0
I0418 08:29:21.377105  7952 caffe.cpp:314] Batch 1065, accuracy1+2+3 = 0
I0418 08:29:21.502107  6080 data_layer.cpp:128] Prefetch batch: 125 ms.
I0418 08:29:21.502107  6080 data_layer.cpp:129]      Read time: 93.754 ms.
I0418 08:29:21.502107  6080 data_layer.cpp:130] Transform time: 31.248 ms.
I0418 08:29:22.345893  7952 caffe.cpp:314] Batch 1066, accuracy1+2 = 0
I0418 08:29:22.345893  7952 caffe.cpp:314] Batch 1066, accuracy1+2+3 = 0
I0418 08:29:22.470901  6080 data_layer.cpp:128] Prefetch batch: 125 ms.
I0418 08:29:22.470901  6080 data_layer.cpp:129]      Read time: 93.757 ms.
I0418 08:29:22.470901  6080 data_layer.cpp:130] Transform time: 31.251 ms.
I0418 08:29:23.314679  7952 caffe.cpp:314] Batch 1067, accuracy1+2 = 1
I0418 08:29:23.314679  7952 caffe.cpp:314] Batch 1067, accuracy1+2+3 = 1
I0418 08:29:23.439690  6080 data_layer.cpp:128] Prefetch batch: 125 ms.
I0418 08:29:23.439690  6080 data_layer.cpp:129]      Read time: 93.752 ms.
I0418 08:29:23.439690  6080 data_layer.cpp:130] Transform time: 31.259 ms.
I0418 08:29:24.299096  7952 caffe.cpp:314] Batch 1068, accuracy1+2 = 0
I0418 08:29:24.299096  7952 caffe.cpp:314] Batch 1068, accuracy1+2+3 = 0
I0418 08:29:24.392848  6080 data_layer.cpp:128] Prefetch batch: 93 ms.
I0418 08:29:24.392848  6080 data_layer.cpp:129]      Read time: 0 ms.
I0418 08:29:24.392848  6080 data_layer.cpp:130] Transform time: 93.752 ms.
I0418 08:29:25.267879  7952 caffe.cpp:314] Batch 1069, accuracy1+2 = 0
I0418 08:29:25.267879  7952 caffe.cpp:314] Batch 1069, accuracy1+2+3 = 0
I0418 08:29:25.392889  6080 data_layer.cpp:128] Prefetch batch: 125 ms.
I0418 08:29:25.392889  6080 data_layer.cpp:129]      Read time: 93.756 ms.
I0418 08:29:25.392889  6080 data_layer.cpp:130] Transform time: 31.253 ms.
I0418 08:29:26.236671  7952 caffe.cpp:314] Batch 1070, accuracy1+2 = 1
I0418 08:29:26.236671  7952 caffe.cpp:314] Batch 1070, accuracy1+2+3 = 1
I0418 08:29:26.361676  6080 data_layer.cpp:128] Prefetch batch: 125 ms.
I0418 08:29:26.361676  6080 data_layer.cpp:129]      Read time: 93.754 ms.
I0418 08:29:26.361676  6080 data_layer.cpp:130] Transform time: 31.251 ms.
I0418 08:29:27.205463  7952 caffe.cpp:314] Batch 1071, accuracy1+2 = 0
I0418 08:29:27.205463  7952 caffe.cpp:314] Batch 1071, accuracy1+2+3 = 0
I0418 08:29:27.330461  6080 data_layer.cpp:128] Prefetch batch: 124 ms.
I0418 08:29:27.330461  6080 data_layer.cpp:129]      Read time: 93.753 ms.
I0418 08:29:27.330461  6080 data_layer.cpp:130] Transform time: 31.244 ms.
I0418 08:29:28.189873  7952 caffe.cpp:314] Batch 1072, accuracy1+2 = 1
I0418 08:29:28.189873  7952 caffe.cpp:314] Batch 1072, accuracy1+2+3 = 1
I0418 08:29:28.314874  6080 data_layer.cpp:128] Prefetch batch: 125 ms.
I0418 08:29:28.314874  6080 data_layer.cpp:129]      Read time: 93.764 ms.
I0418 08:29:28.314874  6080 data_layer.cpp:130] Transform time: 31.237 ms.
I0418 08:29:29.158664  7952 caffe.cpp:314] Batch 1073, accuracy1+2 = 1
I0418 08:29:29.158664  7952 caffe.cpp:314] Batch 1073, accuracy1+2+3 = 1
I0418 08:29:29.268039  6080 data_layer.cpp:128] Prefetch batch: 109 ms.
I0418 08:29:29.268039  6080 data_layer.cpp:129]      Read time: 0 ms.
I0418 08:29:29.268039  6080 data_layer.cpp:130] Transform time: 109.375 ms.
I0418 08:29:30.127445  7952 caffe.cpp:314] Batch 1074, accuracy1+2 = 1
I0418 08:29:30.127445  7952 caffe.cpp:314] Batch 1074, accuracy1+2+3 = 1
I0418 08:29:30.268084  6080 data_layer.cpp:128] Prefetch batch: 140 ms.
I0418 08:29:30.268084  6080 data_layer.cpp:129]      Read time: 93.759 ms.
I0418 08:29:30.268084  6080 data_layer.cpp:130] Transform time: 46.879 ms.
I0418 08:29:31.111872  7952 caffe.cpp:314] Batch 1075, accuracy1+2 = 1
I0418 08:29:31.111872  7952 caffe.cpp:314] Batch 1075, accuracy1+2+3 = 1
I0418 08:29:31.205615  6080 data_layer.cpp:128] Prefetch batch: 93 ms.
I0418 08:29:31.205615  6080 data_layer.cpp:129]      Read time: 0 ms.
I0418 08:29:31.205615  6080 data_layer.cpp:130] Transform time: 93.742 ms.
I0418 08:29:32.080651  7952 caffe.cpp:314] Batch 1076, accuracy1+2 = 1
I0418 08:29:32.080651  7952 caffe.cpp:314] Batch 1076, accuracy1+2+3 = 1
I0418 08:29:32.205651  6080 data_layer.cpp:128] Prefetch batch: 125 ms.
I0418 08:29:32.205651  6080 data_layer.cpp:129]      Read time: 93.764 ms.
I0418 08:29:32.205651  6080 data_layer.cpp:130] Transform time: 31.237 ms.
I0418 08:29:33.080688  7952 caffe.cpp:314] Batch 1077, accuracy1+2 = 1
I0418 08:29:33.080688  7952 caffe.cpp:314] Batch 1077, accuracy1+2+3 = 1
I0418 08:29:33.205684  6080 data_layer.cpp:128] Prefetch batch: 124 ms.
I0418 08:29:33.205684  6080 data_layer.cpp:129]      Read time: 93.758 ms.
I0418 08:29:33.205684  6080 data_layer.cpp:130] Transform time: 31.238 ms.
I0418 08:29:34.080730  7952 caffe.cpp:314] Batch 1078, accuracy1+2 = 1
I0418 08:29:34.080730  7952 caffe.cpp:314] Batch 1078, accuracy1+2+3 = 1
I0418 08:29:34.205734  6080 data_layer.cpp:128] Prefetch batch: 125 ms.
I0418 08:29:34.205734  6080 data_layer.cpp:129]      Read time: 93.751 ms.
I0418 08:29:34.205734  6080 data_layer.cpp:130] Transform time: 31.253 ms.
I0418 08:29:35.065146  7952 caffe.cpp:314] Batch 1079, accuracy1+2 = 1
I0418 08:29:35.065146  7952 caffe.cpp:314] Batch 1079, accuracy1+2+3 = 1
I0418 08:29:35.174526  6080 data_layer.cpp:128] Prefetch batch: 109 ms.
I0418 08:29:35.174526  6080 data_layer.cpp:129]      Read time: 0 ms.
I0418 08:29:35.174526  6080 data_layer.cpp:130] Transform time: 109.38 ms.
I0418 08:29:36.033933  7952 caffe.cpp:314] Batch 1080, accuracy1+2 = 1
I0418 08:29:36.033933  7952 caffe.cpp:314] Batch 1080, accuracy1+2+3 = 1
I0418 08:29:36.158934  6080 data_layer.cpp:128] Prefetch batch: 125 ms.
I0418 08:29:36.158934  6080 data_layer.cpp:129]      Read time: 93.751 ms.
I0418 08:29:36.158934  6080 data_layer.cpp:130] Transform time: 31.25 ms.
I0418 08:29:37.018347  7952 caffe.cpp:314] Batch 1081, accuracy1+2 = 0
I0418 08:29:37.018347  7952 caffe.cpp:314] Batch 1081, accuracy1+2+3 = 0
I0418 08:29:37.143345  6080 data_layer.cpp:128] Prefetch batch: 124 ms.
I0418 08:29:37.143345  6080 data_layer.cpp:129]      Read time: 93.758 ms.
I0418 08:29:37.143345  6080 data_layer.cpp:130] Transform time: 31.24 ms.
I0418 08:29:37.987123  7952 caffe.cpp:314] Batch 1082, accuracy1+2 = 0
I0418 08:29:37.987123  7952 caffe.cpp:314] Batch 1082, accuracy1+2+3 = 0
I0418 08:29:38.112141  6080 data_layer.cpp:128] Prefetch batch: 125 ms.
I0418 08:29:38.112141  6080 data_layer.cpp:129]      Read time: 93.76 ms.
I0418 08:29:38.112141  6080 data_layer.cpp:130] Transform time: 31.259 ms.
I0418 08:29:38.971542  7952 caffe.cpp:314] Batch 1083, accuracy1+2 = 1
I0418 08:29:38.971542  7952 caffe.cpp:314] Batch 1083, accuracy1+2+3 = 1
I0418 08:29:39.065299  6080 data_layer.cpp:128] Prefetch batch: 93 ms.
I0418 08:29:39.065299  6080 data_layer.cpp:129]      Read time: 0 ms.
I0418 08:29:39.065299  6080 data_layer.cpp:130] Transform time: 93.756 ms.
I0418 08:29:39.940333  7952 caffe.cpp:314] Batch 1084, accuracy1+2 = 1
I0418 08:29:39.940333  7952 caffe.cpp:314] Batch 1084, accuracy1+2+3 = 1
I0418 08:29:40.065340  6080 data_layer.cpp:128] Prefetch batch: 125 ms.
I0418 08:29:40.065340  6080 data_layer.cpp:129]      Read time: 93.756 ms.
I0418 08:29:40.065340  6080 data_layer.cpp:130] Transform time: 31.251 ms.
I0418 08:29:40.909121  7952 caffe.cpp:314] Batch 1085, accuracy1+2 = 1
I0418 08:29:40.909121  7952 caffe.cpp:314] Batch 1085, accuracy1+2+3 = 1
I0418 08:29:41.034124  6080 data_layer.cpp:128] Prefetch batch: 125 ms.
I0418 08:29:41.034124  6080 data_layer.cpp:129]      Read time: 93.758 ms.
I0418 08:29:41.034124  6080 data_layer.cpp:130] Transform time: 31.245 ms.
I0418 08:29:41.877913  7952 caffe.cpp:314] Batch 1086, accuracy1+2 = 1
I0418 08:29:41.877913  7952 caffe.cpp:314] Batch 1086, accuracy1+2+3 = 1
I0418 08:29:42.002912  6080 data_layer.cpp:128] Prefetch batch: 124 ms.
I0418 08:29:42.002912  6080 data_layer.cpp:129]      Read time: 93.746 ms.
I0418 08:29:42.002912  6080 data_layer.cpp:130] Transform time: 31.252 ms.
I0418 08:29:42.862319  7952 caffe.cpp:314] Batch 1087, accuracy1+2 = 1
I0418 08:29:42.862319  7952 caffe.cpp:314] Batch 1087, accuracy1+2+3 = 1
I0418 08:29:42.987325  6080 data_layer.cpp:128] Prefetch batch: 125 ms.
I0418 08:29:42.987325  6080 data_layer.cpp:129]      Read time: 78.136 ms.
I0418 08:29:42.987325  6080 data_layer.cpp:130] Transform time: 46.87 ms.
I0418 08:29:43.831112  7952 caffe.cpp:314] Batch 1088, accuracy1+2 = 0
I0418 08:29:43.831112  7952 caffe.cpp:314] Batch 1088, accuracy1+2+3 = 0
I0418 08:29:43.940495  6080 data_layer.cpp:128] Prefetch batch: 109 ms.
I0418 08:29:43.940495  6080 data_layer.cpp:129]      Read time: 0 ms.
I0418 08:29:43.940495  6080 data_layer.cpp:130] Transform time: 109.382 ms.
I0418 08:29:44.815522  7952 caffe.cpp:314] Batch 1089, accuracy1+2 = 1
I0418 08:29:44.815522  7952 caffe.cpp:314] Batch 1089, accuracy1+2+3 = 1
I0418 08:29:44.940529  6080 data_layer.cpp:128] Prefetch batch: 125 ms.
I0418 08:29:44.940529  6080 data_layer.cpp:129]      Read time: 93.765 ms.
I0418 08:29:44.940529  6080 data_layer.cpp:130] Transform time: 31.242 ms.
I0418 08:29:45.784312  7952 caffe.cpp:314] Batch 1090, accuracy1+2 = 1
I0418 08:29:45.784312  7952 caffe.cpp:314] Batch 1090, accuracy1+2+3 = 1
I0418 08:29:45.909314  6080 data_layer.cpp:128] Prefetch batch: 125 ms.
I0418 08:29:45.909314  6080 data_layer.cpp:129]      Read time: 93.755 ms.
I0418 08:29:45.909314  6080 data_layer.cpp:130] Transform time: 31.248 ms.
I0418 08:29:46.753101  7952 caffe.cpp:314] Batch 1091, accuracy1+2 = 1
I0418 08:29:46.753101  7952 caffe.cpp:314] Batch 1091, accuracy1+2+3 = 1
I0418 08:29:46.878105  6080 data_layer.cpp:128] Prefetch batch: 125 ms.
I0418 08:29:46.878105  6080 data_layer.cpp:129]      Read time: 93.75 ms.
I0418 08:29:46.878105  6080 data_layer.cpp:130] Transform time: 31.254 ms.
I0418 08:29:47.737512  7952 caffe.cpp:314] Batch 1092, accuracy1+2 = 1
I0418 08:29:47.737512  7952 caffe.cpp:314] Batch 1092, accuracy1+2+3 = 1
I0418 08:29:47.862517  6080 data_layer.cpp:128] Prefetch batch: 125 ms.
I0418 08:29:47.862517  6080 data_layer.cpp:129]      Read time: 78.144 ms.
I0418 08:29:47.862517  6080 data_layer.cpp:130] Transform time: 46.861 ms.
I0418 08:29:48.706303  7952 caffe.cpp:314] Batch 1093, accuracy1+2 = 1
I0418 08:29:48.706303  7952 caffe.cpp:314] Batch 1093, accuracy1+2+3 = 1
I0418 08:29:48.800057  6080 data_layer.cpp:128] Prefetch batch: 93 ms.
I0418 08:29:48.800057  6080 data_layer.cpp:129]      Read time: 0 ms.
I0418 08:29:48.800057  6080 data_layer.cpp:130] Transform time: 93.754 ms.
I0418 08:29:49.675096  7952 caffe.cpp:314] Batch 1094, accuracy1+2 = 1
I0418 08:29:49.675096  7952 caffe.cpp:314] Batch 1094, accuracy1+2+3 = 1
I0418 08:29:49.800092  6080 data_layer.cpp:128] Prefetch batch: 124 ms.
I0418 08:29:49.800092  6080 data_layer.cpp:129]      Read time: 93.745 ms.
I0418 08:29:49.800092  6080 data_layer.cpp:130] Transform time: 31.251 ms.
I0418 08:29:50.643882  7952 caffe.cpp:314] Batch 1095, accuracy1+2 = 1
I0418 08:29:50.643882  7952 caffe.cpp:314] Batch 1095, accuracy1+2+3 = 1
I0418 08:29:50.768882  6080 data_layer.cpp:128] Prefetch batch: 125 ms.
I0418 08:29:50.768882  6080 data_layer.cpp:129]      Read time: 93.759 ms.
I0418 08:29:50.784508  6080 data_layer.cpp:130] Transform time: 31.242 ms.
I0418 08:29:51.628295  7952 caffe.cpp:314] Batch 1096, accuracy1+2 = 1
I0418 08:29:51.628295  7952 caffe.cpp:314] Batch 1096, accuracy1+2+3 = 1
I0418 08:29:51.753300  6080 data_layer.cpp:128] Prefetch batch: 125 ms.
I0418 08:29:51.753300  6080 data_layer.cpp:129]      Read time: 78.127 ms.
I0418 08:29:51.753300  6080 data_layer.cpp:130] Transform time: 46.878 ms.
I0418 08:29:52.597077  7952 caffe.cpp:314] Batch 1097, accuracy1+2 = 1
I0418 08:29:52.597077  7952 caffe.cpp:314] Batch 1097, accuracy1+2+3 = 1
I0418 08:29:52.722082  6080 data_layer.cpp:128] Prefetch batch: 125 ms.
I0418 08:29:52.722082  6080 data_layer.cpp:129]      Read time: 93.758 ms.
I0418 08:29:52.722082  6080 data_layer.cpp:130] Transform time: 31.247 ms.
I0418 08:29:53.565867  7952 caffe.cpp:314] Batch 1098, accuracy1+2 = 0
I0418 08:29:53.565867  7952 caffe.cpp:314] Batch 1098, accuracy1+2+3 = 0
I0418 08:29:53.690873  6080 data_layer.cpp:128] Prefetch batch: 125 ms.
I0418 08:29:53.690873  6080 data_layer.cpp:129]      Read time: 93.751 ms.
I0418 08:29:53.690873  6080 data_layer.cpp:130] Transform time: 31.255 ms.
I0418 08:29:54.550283  7952 caffe.cpp:314] Batch 1099, accuracy1+2 = 1
I0418 08:29:54.550283  7952 caffe.cpp:314] Batch 1099, accuracy1+2+3 = 1
I0418 08:29:54.644037  6080 data_layer.cpp:128] Prefetch batch: 93 ms.
I0418 08:29:54.644037  6080 data_layer.cpp:129]      Read time: 0 ms.
I0418 08:29:54.644037  6080 data_layer.cpp:130] Transform time: 93.753 ms.
I0418 08:29:55.519065  7952 caffe.cpp:314] Batch 1100, accuracy1+2 = 1
I0418 08:29:55.519065  7952 caffe.cpp:314] Batch 1100, accuracy1+2+3 = 1
I0418 08:29:55.644073  6080 data_layer.cpp:128] Prefetch batch: 125 ms.
I0418 08:29:55.644073  6080 data_layer.cpp:129]      Read time: 93.761 ms.
I0418 08:29:55.644073  6080 data_layer.cpp:130] Transform time: 31.247 ms.
I0418 08:29:56.487856  7952 caffe.cpp:314] Batch 1101, accuracy1+2 = 1
I0418 08:29:56.487856  7952 caffe.cpp:314] Batch 1101, accuracy1+2+3 = 1
I0418 08:29:56.612865  6080 data_layer.cpp:128] Prefetch batch: 125 ms.
I0418 08:29:56.612865  6080 data_layer.cpp:129]      Read time: 93.758 ms.
I0418 08:29:56.612865  6080 data_layer.cpp:130] Transform time: 31.251 ms.
I0418 08:29:57.456650  7952 caffe.cpp:314] Batch 1102, accuracy1+2 = 1
I0418 08:29:57.456650  7952 caffe.cpp:314] Batch 1102, accuracy1+2+3 = 1
I0418 08:29:57.581647  6080 data_layer.cpp:128] Prefetch batch: 124 ms.
I0418 08:29:57.581647  6080 data_layer.cpp:129]      Read time: 93.749 ms.
I0418 08:29:57.581647  6080 data_layer.cpp:130] Transform time: 31.249 ms.
I0418 08:29:58.441066  7952 caffe.cpp:314] Batch 1103, accuracy1+2 = 1
I0418 08:29:58.441066  7952 caffe.cpp:314] Batch 1103, accuracy1+2+3 = 1
I0418 08:29:58.534816  6080 data_layer.cpp:128] Prefetch batch: 93 ms.
I0418 08:29:58.534816  6080 data_layer.cpp:129]      Read time: 0 ms.
I0418 08:29:58.534816  6080 data_layer.cpp:130] Transform time: 93.75 ms.
I0418 08:29:59.409849  7952 caffe.cpp:314] Batch 1104, accuracy1+2 = 1
I0418 08:29:59.409849  7952 caffe.cpp:314] Batch 1104, accuracy1+2+3 = 1
I0418 08:29:59.534852  6080 data_layer.cpp:128] Prefetch batch: 125 ms.
I0418 08:29:59.534852  6080 data_layer.cpp:129]      Read time: 93.748 ms.
I0418 08:29:59.534852  6080 data_layer.cpp:130] Transform time: 31.255 ms.
I0418 08:30:00.378638  7952 caffe.cpp:314] Batch 1105, accuracy1+2 = 1
I0418 08:30:00.378638  7952 caffe.cpp:314] Batch 1105, accuracy1+2+3 = 1
I0418 08:30:00.503636  6080 data_layer.cpp:128] Prefetch batch: 124 ms.
I0418 08:30:00.519268  6080 data_layer.cpp:129]      Read time: 93.752 ms.
I0418 08:30:00.519268  6080 data_layer.cpp:130] Transform time: 31.246 ms.
I0418 08:30:01.363045  7952 caffe.cpp:314] Batch 1106, accuracy1+2 = 1
I0418 08:30:01.363045  7952 caffe.cpp:314] Batch 1106, accuracy1+2+3 = 1
I0418 08:30:01.488056  6080 data_layer.cpp:128] Prefetch batch: 125 ms.
I0418 08:30:01.488056  6080 data_layer.cpp:129]      Read time: 78.13 ms.
I0418 08:30:01.488056  6080 data_layer.cpp:130] Transform time: 46.881 ms.
I0418 08:30:02.331835  7952 caffe.cpp:314] Batch 1107, accuracy1+2 = 0
I0418 08:30:02.331835  7952 caffe.cpp:314] Batch 1107, accuracy1+2+3 = 0
I0418 08:30:02.441213  6080 data_layer.cpp:128] Prefetch batch: 109 ms.
I0418 08:30:02.441213  6080 data_layer.cpp:129]      Read time: 0 ms.
I0418 08:30:02.441213  6080 data_layer.cpp:130] Transform time: 109.379 ms.
I0418 08:30:03.300634  7952 caffe.cpp:314] Batch 1108, accuracy1+2 = 1
I0418 08:30:03.300634  7952 caffe.cpp:314] Batch 1108, accuracy1+2+3 = 1
I0418 08:30:03.425626  6080 data_layer.cpp:128] Prefetch batch: 124 ms.
I0418 08:30:03.425626  6080 data_layer.cpp:129]      Read time: 93.744 ms.
I0418 08:30:03.425626  6080 data_layer.cpp:130] Transform time: 31.248 ms.
I0418 08:30:04.285042  7952 caffe.cpp:314] Batch 1109, accuracy1+2 = 1
I0418 08:30:04.285042  7952 caffe.cpp:314] Batch 1109, accuracy1+2+3 = 1
I0418 08:30:04.410040  6080 data_layer.cpp:128] Prefetch batch: 124 ms.
I0418 08:30:04.410040  6080 data_layer.cpp:129]      Read time: 78.128 ms.
I0418 08:30:04.410040  6080 data_layer.cpp:130] Transform time: 46.871 ms.
I0418 08:30:05.253825  7952 caffe.cpp:314] Batch 1110, accuracy1+2 = 1
I0418 08:30:05.253825  7952 caffe.cpp:314] Batch 1110, accuracy1+2+3 = 1
I0418 08:30:05.378830  6080 data_layer.cpp:128] Prefetch batch: 125 ms.
I0418 08:30:05.378830  6080 data_layer.cpp:129]      Read time: 93.749 ms.
I0418 08:30:05.378830  6080 data_layer.cpp:130] Transform time: 31.256 ms.
I0418 08:30:06.222610  7952 caffe.cpp:314] Batch 1111, accuracy1+2 = 1
I0418 08:30:06.222610  7952 caffe.cpp:314] Batch 1111, accuracy1+2+3 = 1
I0418 08:30:06.347615  6080 data_layer.cpp:128] Prefetch batch: 125 ms.
I0418 08:30:06.347615  6080 data_layer.cpp:129]      Read time: 93.761 ms.
I0418 08:30:06.347615  6080 data_layer.cpp:130] Transform time: 31.244 ms.
I0418 08:30:07.191398  7952 caffe.cpp:314] Batch 1112, accuracy1+2 = 0
I0418 08:30:07.191398  7952 caffe.cpp:314] Batch 1112, accuracy1+2+3 = 0
I0418 08:30:07.300781  6080 data_layer.cpp:128] Prefetch batch: 109 ms.
I0418 08:30:07.300781  6080 data_layer.cpp:129]      Read time: 0 ms.
I0418 08:30:07.300781  6080 data_layer.cpp:130] Transform time: 109.383 ms.
I0418 08:30:08.175818  7952 caffe.cpp:314] Batch 1113, accuracy1+2 = 1
I0418 08:30:08.175818  7952 caffe.cpp:314] Batch 1113, accuracy1+2+3 = 1
I0418 08:30:08.300828  6080 data_layer.cpp:128] Prefetch batch: 125 ms.
I0418 08:30:08.300828  6080 data_layer.cpp:129]      Read time: 93.749 ms.
I0418 08:30:08.300828  6080 data_layer.cpp:130] Transform time: 31.261 ms.
I0418 08:30:09.144603  7952 caffe.cpp:314] Batch 1114, accuracy1+2 = 0
I0418 08:30:09.144603  7952 caffe.cpp:314] Batch 1114, accuracy1+2+3 = 0
I0418 08:30:09.269611  6080 data_layer.cpp:128] Prefetch batch: 125 ms.
I0418 08:30:09.269611  6080 data_layer.cpp:129]      Read time: 93.757 ms.
I0418 08:30:09.269611  6080 data_layer.cpp:130] Transform time: 31.252 ms.
I0418 08:30:10.160259  7952 caffe.cpp:314] Batch 1115, accuracy1+2 = 1
I0418 08:30:10.160259  7952 caffe.cpp:314] Batch 1115, accuracy1+2+3 = 1
I0418 08:30:10.285264  6080 data_layer.cpp:128] Prefetch batch: 125 ms.
I0418 08:30:10.285264  6080 data_layer.cpp:129]      Read time: 93.753 ms.
I0418 08:30:10.285264  6080 data_layer.cpp:130] Transform time: 31.251 ms.
I0418 08:30:11.175923  7952 caffe.cpp:314] Batch 1116, accuracy1+2 = 1
I0418 08:30:11.175923  7952 caffe.cpp:314] Batch 1116, accuracy1+2+3 = 1
I0418 08:30:11.269733  6080 data_layer.cpp:128] Prefetch batch: 93 ms.
I0418 08:30:11.269733  6080 data_layer.cpp:129]      Read time: 0 ms.
I0418 08:30:11.269733  6080 data_layer.cpp:130] Transform time: 93.81 ms.
I0418 08:30:12.144718  7952 caffe.cpp:314] Batch 1117, accuracy1+2 = 1
I0418 08:30:12.144718  7952 caffe.cpp:314] Batch 1117, accuracy1+2+3 = 1
I0418 08:30:12.269723  6080 data_layer.cpp:128] Prefetch batch: 125 ms.
I0418 08:30:12.269723  6080 data_layer.cpp:129]      Read time: 93.754 ms.
I0418 08:30:12.269723  6080 data_layer.cpp:130] Transform time: 31.251 ms.
I0418 08:30:13.113513  7952 caffe.cpp:314] Batch 1118, accuracy1+2 = 0
I0418 08:30:13.113513  7952 caffe.cpp:314] Batch 1118, accuracy1+2+3 = 0
I0418 08:30:13.238513  6080 data_layer.cpp:128] Prefetch batch: 125 ms.
I0418 08:30:13.238513  6080 data_layer.cpp:129]      Read time: 93.753 ms.
I0418 08:30:13.238513  6080 data_layer.cpp:130] Transform time: 31.247 ms.
I0418 08:30:14.097920  7952 caffe.cpp:314] Batch 1119, accuracy1+2 = 1
I0418 08:30:14.097920  7952 caffe.cpp:314] Batch 1119, accuracy1+2+3 = 1
I0418 08:30:14.207300  6080 data_layer.cpp:128] Prefetch batch: 109 ms.
I0418 08:30:14.207300  6080 data_layer.cpp:129]      Read time: 0 ms.
I0418 08:30:14.207300  6080 data_layer.cpp:130] Transform time: 109.38 ms.
I0418 08:30:15.082335  7952 caffe.cpp:314] Batch 1120, accuracy1+2 = 1
I0418 08:30:15.082335  7952 caffe.cpp:314] Batch 1120, accuracy1+2+3 = 1
I0418 08:30:15.207337  6080 data_layer.cpp:128] Prefetch batch: 125 ms.
I0418 08:30:15.207337  6080 data_layer.cpp:129]      Read time: 78.128 ms.
I0418 08:30:15.207337  6080 data_layer.cpp:130] Transform time: 46.874 ms.
I0418 08:30:16.051128  7952 caffe.cpp:314] Batch 1121, accuracy1+2 = 1
I0418 08:30:16.051128  7952 caffe.cpp:314] Batch 1121, accuracy1+2+3 = 1
I0418 08:30:16.176126  6080 data_layer.cpp:128] Prefetch batch: 124 ms.
I0418 08:30:16.176126  6080 data_layer.cpp:129]      Read time: 93.751 ms.
I0418 08:30:16.176126  6080 data_layer.cpp:130] Transform time: 31.247 ms.
I0418 08:30:17.019919  7952 caffe.cpp:314] Batch 1122, accuracy1+2 = 1
I0418 08:30:17.019919  7952 caffe.cpp:314] Batch 1122, accuracy1+2+3 = 1
I0418 08:30:17.144922  6080 data_layer.cpp:128] Prefetch batch: 125 ms.
I0418 08:30:17.144922  6080 data_layer.cpp:129]      Read time: 93.749 ms.
I0418 08:30:17.144922  6080 data_layer.cpp:130] Transform time: 31.253 ms.
I0418 08:30:18.004325  7952 caffe.cpp:314] Batch 1123, accuracy1+2 = 1
I0418 08:30:18.004325  7952 caffe.cpp:314] Batch 1123, accuracy1+2+3 = 1
I0418 08:30:18.129333  6080 data_layer.cpp:128] Prefetch batch: 125 ms.
I0418 08:30:18.129333  6080 data_layer.cpp:129]      Read time: 78.14 ms.
I0418 08:30:18.129333  6080 data_layer.cpp:130] Transform time: 46.867 ms.
I0418 08:30:18.973115  7952 caffe.cpp:314] Batch 1124, accuracy1+2 = 1
I0418 08:30:18.973115  7952 caffe.cpp:314] Batch 1124, accuracy1+2+3 = 1
I0418 08:30:19.098122  6080 data_layer.cpp:128] Prefetch batch: 125 ms.
I0418 08:30:19.098122  6080 data_layer.cpp:129]      Read time: 93.756 ms.
I0418 08:30:19.098122  6080 data_layer.cpp:130] Transform time: 31.251 ms.
I0418 08:30:19.941905  7952 caffe.cpp:314] Batch 1125, accuracy1+2 = 1
I0418 08:30:19.941905  7952 caffe.cpp:314] Batch 1125, accuracy1+2+3 = 1
I0418 08:30:20.051278  6080 data_layer.cpp:128] Prefetch batch: 109 ms.
I0418 08:30:20.051278  6080 data_layer.cpp:129]      Read time: 0 ms.
I0418 08:30:20.051278  6080 data_layer.cpp:130] Transform time: 109.374 ms.
I0418 08:30:20.910687  7952 caffe.cpp:314] Batch 1126, accuracy1+2 = 1
I0418 08:30:20.910687  7952 caffe.cpp:314] Batch 1126, accuracy1+2+3 = 1
I0418 08:30:21.035696  6080 data_layer.cpp:128] Prefetch batch: 125 ms.
I0418 08:30:21.035696  6080 data_layer.cpp:129]      Read time: 93.759 ms.
I0418 08:30:21.035696  6080 data_layer.cpp:130] Transform time: 31.249 ms.
I0418 08:30:21.895104  7952 caffe.cpp:314] Batch 1127, accuracy1+2 = 1
I0418 08:30:21.895104  7952 caffe.cpp:314] Batch 1127, accuracy1+2+3 = 1
I0418 08:30:22.020110  6080 data_layer.cpp:128] Prefetch batch: 125 ms.
I0418 08:30:22.020110  6080 data_layer.cpp:129]      Read time: 78.131 ms.
I0418 08:30:22.020110  6080 data_layer.cpp:130] Transform time: 46.875 ms.
I0418 08:30:22.863896  7952 caffe.cpp:314] Batch 1128, accuracy1+2 = 1
I0418 08:30:22.863896  7952 caffe.cpp:314] Batch 1128, accuracy1+2+3 = 1
I0418 08:30:22.988898  6080 data_layer.cpp:128] Prefetch batch: 125 ms.
I0418 08:30:22.988898  6080 data_layer.cpp:129]      Read time: 93.756 ms.
I0418 08:30:22.988898  6080 data_layer.cpp:130] Transform time: 31.246 ms.
I0418 08:30:23.832682  7952 caffe.cpp:314] Batch 1129, accuracy1+2 = 1
I0418 08:30:23.832682  7952 caffe.cpp:314] Batch 1129, accuracy1+2+3 = 1
I0418 08:30:23.957686  6080 data_layer.cpp:128] Prefetch batch: 125 ms.
I0418 08:30:23.957686  6080 data_layer.cpp:129]      Read time: 93.748 ms.
I0418 08:30:23.957686  6080 data_layer.cpp:130] Transform time: 31.256 ms.
I0418 08:30:24.817101  7952 caffe.cpp:314] Batch 1130, accuracy1+2 = 1
I0418 08:30:24.817101  7952 caffe.cpp:314] Batch 1130, accuracy1+2+3 = 1
I0418 08:30:24.910846  6080 data_layer.cpp:128] Prefetch batch: 93 ms.
I0418 08:30:24.910846  6080 data_layer.cpp:129]      Read time: 0 ms.
I0418 08:30:24.910846  6080 data_layer.cpp:130] Transform time: 93.746 ms.
I0418 08:30:25.785884  7952 caffe.cpp:314] Batch 1131, accuracy1+2 = 1
I0418 08:30:25.785884  7952 caffe.cpp:314] Batch 1131, accuracy1+2+3 = 1
I0418 08:30:25.910884  6080 data_layer.cpp:128] Prefetch batch: 125 ms.
I0418 08:30:25.910884  6080 data_layer.cpp:129]      Read time: 93.758 ms.
I0418 08:30:25.910884  6080 data_layer.cpp:130] Transform time: 31.242 ms.
I0418 08:30:26.754669  7952 caffe.cpp:314] Batch 1132, accuracy1+2 = 1
I0418 08:30:26.754669  7952 caffe.cpp:314] Batch 1132, accuracy1+2+3 = 1
I0418 08:30:26.879675  6080 data_layer.cpp:128] Prefetch batch: 125 ms.
I0418 08:30:26.879675  6080 data_layer.cpp:129]      Read time: 93.757 ms.
I0418 08:30:26.879675  6080 data_layer.cpp:130] Transform time: 31.249 ms.
I0418 08:30:27.723455  7952 caffe.cpp:314] Batch 1133, accuracy1+2 = 1
I0418 08:30:27.723455  7952 caffe.cpp:314] Batch 1133, accuracy1+2+3 = 1
I0418 08:30:27.848461  6080 data_layer.cpp:128] Prefetch batch: 125 ms.
I0418 08:30:27.848461  6080 data_layer.cpp:129]      Read time: 93.755 ms.
I0418 08:30:27.848461  6080 data_layer.cpp:130] Transform time: 31.251 ms.
I0418 08:30:28.692250  7952 caffe.cpp:314] Batch 1134, accuracy1+2 = 1
I0418 08:30:28.692250  7952 caffe.cpp:314] Batch 1134, accuracy1+2+3 = 1
I0418 08:30:28.832875  6080 data_layer.cpp:128] Prefetch batch: 125 ms.
I0418 08:30:28.832875  6080 data_layer.cpp:129]      Read time: 78.134 ms.
I0418 08:30:28.832875  6080 data_layer.cpp:130] Transform time: 46.871 ms.
I0418 08:30:29.676661  7952 caffe.cpp:314] Batch 1135, accuracy1+2 = 1
I0418 08:30:29.676661  7952 caffe.cpp:314] Batch 1135, accuracy1+2+3 = 1
I0418 08:30:29.801663  6080 data_layer.cpp:128] Prefetch batch: 125 ms.
I0418 08:30:29.801663  6080 data_layer.cpp:129]      Read time: 93.75 ms.
I0418 08:30:29.801663  6080 data_layer.cpp:130] Transform time: 31.252 ms.
I0418 08:30:30.645444  7952 caffe.cpp:314] Batch 1136, accuracy1+2 = 1
I0418 08:30:30.645444  7952 caffe.cpp:314] Batch 1136, accuracy1+2+3 = 1
I0418 08:30:30.754829  6080 data_layer.cpp:128] Prefetch batch: 109 ms.
I0418 08:30:30.754829  6080 data_layer.cpp:129]      Read time: 0 ms.
I0418 08:30:30.754829  6080 data_layer.cpp:130] Transform time: 109.385 ms.
I0418 08:30:31.614235  7952 caffe.cpp:314] Batch 1137, accuracy1+2 = 1
I0418 08:30:31.614235  7952 caffe.cpp:314] Batch 1137, accuracy1+2+3 = 1
I0418 08:30:31.754869  6080 data_layer.cpp:128] Prefetch batch: 140 ms.
I0418 08:30:31.754869  6080 data_layer.cpp:129]      Read time: 93.756 ms.
I0418 08:30:31.754869  6080 data_layer.cpp:130] Transform time: 46.878 ms.
I0418 08:30:32.598645  7952 caffe.cpp:314] Batch 1138, accuracy1+2 = 1
I0418 08:30:32.598645  7952 caffe.cpp:314] Batch 1138, accuracy1+2+3 = 1
I0418 08:30:32.723650  6080 data_layer.cpp:128] Prefetch batch: 125 ms.
I0418 08:30:32.723650  6080 data_layer.cpp:129]      Read time: 78.131 ms.
I0418 08:30:32.723650  6080 data_layer.cpp:130] Transform time: 46.874 ms.
I0418 08:30:33.567436  7952 caffe.cpp:314] Batch 1139, accuracy1+2 = 1
I0418 08:30:33.567436  7952 caffe.cpp:314] Batch 1139, accuracy1+2+3 = 1
I0418 08:30:33.692438  6080 data_layer.cpp:128] Prefetch batch: 125 ms.
I0418 08:30:33.692438  6080 data_layer.cpp:129]      Read time: 93.759 ms.
I0418 08:30:33.692438  6080 data_layer.cpp:130] Transform time: 31.243 ms.
I0418 08:30:34.536226  7952 caffe.cpp:314] Batch 1140, accuracy1+2 = 1
I0418 08:30:34.536226  7952 caffe.cpp:314] Batch 1140, accuracy1+2+3 = 1
I0418 08:30:34.661231  6080 data_layer.cpp:128] Prefetch batch: 125 ms.
I0418 08:30:34.661231  6080 data_layer.cpp:129]      Read time: 93.75 ms.
I0418 08:30:34.661231  6080 data_layer.cpp:130] Transform time: 31.255 ms.
I0418 08:30:35.520637  7952 caffe.cpp:314] Batch 1141, accuracy1+2 = 0
I0418 08:30:35.520637  7952 caffe.cpp:314] Batch 1141, accuracy1+2+3 = 0
I0418 08:30:35.614394  6080 data_layer.cpp:128] Prefetch batch: 93 ms.
I0418 08:30:35.614394  6080 data_layer.cpp:129]      Read time: 0 ms.
I0418 08:30:35.614394  6080 data_layer.cpp:130] Transform time: 93.757 ms.
I0418 08:30:36.489426  7952 caffe.cpp:314] Batch 1142, accuracy1+2 = 1
I0418 08:30:36.489426  7952 caffe.cpp:314] Batch 1142, accuracy1+2+3 = 1
I0418 08:30:36.614428  6080 data_layer.cpp:128] Prefetch batch: 125 ms.
I0418 08:30:36.614428  6080 data_layer.cpp:129]      Read time: 78.127 ms.
I0418 08:30:36.614428  6080 data_layer.cpp:130] Transform time: 46.875 ms.
I0418 08:30:37.458216  7952 caffe.cpp:314] Batch 1143, accuracy1+2 = 1
I0418 08:30:37.458216  7952 caffe.cpp:314] Batch 1143, accuracy1+2+3 = 1
I0418 08:30:37.583222  6080 data_layer.cpp:128] Prefetch batch: 125 ms.
I0418 08:30:37.583222  6080 data_layer.cpp:129]      Read time: 109.376 ms.
I0418 08:30:37.583222  6080 data_layer.cpp:130] Transform time: 15.63 ms.
I0418 08:30:38.427004  7952 caffe.cpp:314] Batch 1144, accuracy1+2 = 1
I0418 08:30:38.427004  7952 caffe.cpp:314] Batch 1144, accuracy1+2+3 = 1
I0418 08:30:38.536378  6080 data_layer.cpp:128] Prefetch batch: 109 ms.
I0418 08:30:38.536378  6080 data_layer.cpp:129]      Read time: 15.621 ms.
I0418 08:30:38.536378  6080 data_layer.cpp:130] Transform time: 93.753 ms.
I0418 08:30:39.411414  7952 caffe.cpp:314] Batch 1145, accuracy1+2 = 1
I0418 08:30:39.411414  7952 caffe.cpp:314] Batch 1145, accuracy1+2+3 = 1
I0418 08:30:39.552052  6080 data_layer.cpp:128] Prefetch batch: 140 ms.
I0418 08:30:39.552052  6080 data_layer.cpp:129]      Read time: 109.38 ms.
I0418 08:30:39.552052  6080 data_layer.cpp:130] Transform time: 31.257 ms.
I0418 08:30:40.380203  7952 caffe.cpp:314] Batch 1146, accuracy1+2 = 1
I0418 08:30:40.380203  7952 caffe.cpp:314] Batch 1146, accuracy1+2+3 = 1
I0418 08:30:40.505208  6080 data_layer.cpp:128] Prefetch batch: 125 ms.
I0418 08:30:40.505208  6080 data_layer.cpp:129]      Read time: 93.756 ms.
I0418 08:30:40.505208  6080 data_layer.cpp:130] Transform time: 31.248 ms.
I0418 08:30:41.348992  7952 caffe.cpp:314] Batch 1147, accuracy1+2 = 1
I0418 08:30:41.348992  7952 caffe.cpp:314] Batch 1147, accuracy1+2+3 = 1
I0418 08:30:41.474001  6080 data_layer.cpp:128] Prefetch batch: 125 ms.
I0418 08:30:41.474001  6080 data_layer.cpp:129]      Read time: 93.75 ms.
I0418 08:30:41.474001  6080 data_layer.cpp:130] Transform time: 31.259 ms.
I0418 08:30:42.333402  7952 caffe.cpp:314] Batch 1148, accuracy1+2 = 1
I0418 08:30:42.333402  7952 caffe.cpp:314] Batch 1148, accuracy1+2+3 = 1
I0418 08:30:42.427161  6080 data_layer.cpp:128] Prefetch batch: 93 ms.
I0418 08:30:42.427161  6080 data_layer.cpp:129]      Read time: 0 ms.
I0418 08:30:42.427161  6080 data_layer.cpp:130] Transform time: 93.759 ms.
I0418 08:30:43.302194  7952 caffe.cpp:314] Batch 1149, accuracy1+2 = 1
I0418 08:30:43.302194  7952 caffe.cpp:314] Batch 1149, accuracy1+2+3 = 1
I0418 08:30:43.427201  6080 data_layer.cpp:128] Prefetch batch: 125 ms.
I0418 08:30:43.427201  6080 data_layer.cpp:129]      Read time: 93.753 ms.
I0418 08:30:43.427201  6080 data_layer.cpp:130] Transform time: 31.253 ms.
I0418 08:30:44.286607  7952 caffe.cpp:314] Batch 1150, accuracy1+2 = 0
I0418 08:30:44.286607  7952 caffe.cpp:314] Batch 1150, accuracy1+2+3 = 1
I0418 08:30:44.411615  6080 data_layer.cpp:128] Prefetch batch: 125 ms.
I0418 08:30:44.411615  6080 data_layer.cpp:129]      Read time: 93.752 ms.
I0418 08:30:44.411615  6080 data_layer.cpp:130] Transform time: 31.256 ms.
I0418 08:30:45.255396  7952 caffe.cpp:314] Batch 1151, accuracy1+2 = 1
I0418 08:30:45.255396  7952 caffe.cpp:314] Batch 1151, accuracy1+2+3 = 1
I0418 08:30:45.364780  6080 data_layer.cpp:128] Prefetch batch: 109 ms.
I0418 08:30:45.364780  6080 data_layer.cpp:129]      Read time: 0 ms.
I0418 08:30:45.364780  6080 data_layer.cpp:130] Transform time: 109.384 ms.
I0418 08:30:46.224179  7952 caffe.cpp:314] Batch 1152, accuracy1+2 = 0
I0418 08:30:46.224179  7952 caffe.cpp:314] Batch 1152, accuracy1+2+3 = 0
I0418 08:30:46.349187  6080 data_layer.cpp:128] Prefetch batch: 125 ms.
I0418 08:30:46.349187  6080 data_layer.cpp:129]      Read time: 93.752 ms.
I0418 08:30:46.349187  6080 data_layer.cpp:130] Transform time: 31.256 ms.
I0418 08:30:47.224221  7952 caffe.cpp:314] Batch 1153, accuracy1+2 = 0
I0418 08:30:47.224221  7952 caffe.cpp:314] Batch 1153, accuracy1+2+3 = 1
I0418 08:30:47.349227  6080 data_layer.cpp:128] Prefetch batch: 125 ms.
I0418 08:30:47.364852  6080 data_layer.cpp:129]      Read time: 93.751 ms.
I0418 08:30:47.364852  6080 data_layer.cpp:130] Transform time: 31.255 ms.
I0418 08:30:48.239877  7952 caffe.cpp:314] Batch 1154, accuracy1+2 = 0
I0418 08:30:48.239877  7952 caffe.cpp:314] Batch 1154, accuracy1+2+3 = 0
I0418 08:30:48.364892  6080 data_layer.cpp:128] Prefetch batch: 125 ms.
I0418 08:30:48.364892  6080 data_layer.cpp:129]      Read time: 93.767 ms.
I0418 08:30:48.364892  6080 data_layer.cpp:130] Transform time: 31.248 ms.
I0418 08:30:49.208680  7952 caffe.cpp:314] Batch 1155, accuracy1+2 = 1
I0418 08:30:49.208680  7952 caffe.cpp:314] Batch 1155, accuracy1+2+3 = 1
I0418 08:30:49.318055  6080 data_layer.cpp:128] Prefetch batch: 109 ms.
I0418 08:30:49.318055  6080 data_layer.cpp:129]      Read time: 0 ms.
I0418 08:30:49.318055  6080 data_layer.cpp:130] Transform time: 109.375 ms.
I0418 08:30:50.193094  7952 caffe.cpp:314] Batch 1156, accuracy1+2 = 0
I0418 08:30:50.193094  7952 caffe.cpp:314] Batch 1156, accuracy1+2+3 = 0
I0418 08:30:50.318095  6080 data_layer.cpp:128] Prefetch batch: 125 ms.
I0418 08:30:50.318095  6080 data_layer.cpp:129]      Read time: 78.125 ms.
I0418 08:30:50.318095  6080 data_layer.cpp:130] Transform time: 46.877 ms.
I0418 08:30:51.161877  7952 caffe.cpp:314] Batch 1157, accuracy1+2 = 1
I0418 08:30:51.161877  7952 caffe.cpp:314] Batch 1157, accuracy1+2+3 = 1
I0418 08:30:51.286883  6080 data_layer.cpp:128] Prefetch batch: 125 ms.
I0418 08:30:51.286883  6080 data_layer.cpp:129]      Read time: 93.75 ms.
I0418 08:30:51.286883  6080 data_layer.cpp:130] Transform time: 31.256 ms.
I0418 08:30:52.130662  7952 caffe.cpp:314] Batch 1158, accuracy1+2 = 0
I0418 08:30:52.130662  7952 caffe.cpp:314] Batch 1158, accuracy1+2+3 = 0
I0418 08:30:52.255661  6080 data_layer.cpp:128] Prefetch batch: 124 ms.
I0418 08:30:52.255661  6080 data_layer.cpp:129]      Read time: 93.753 ms.
I0418 08:30:52.255661  6080 data_layer.cpp:130] Transform time: 31.245 ms.
I0418 08:30:53.115082  7952 caffe.cpp:314] Batch 1159, accuracy1+2 = 0
I0418 08:30:53.115082  7952 caffe.cpp:314] Batch 1159, accuracy1+2+3 = 0
I0418 08:30:53.240082  6080 data_layer.cpp:128] Prefetch batch: 125 ms.
I0418 08:30:53.240082  6080 data_layer.cpp:129]      Read time: 78.124 ms.
I0418 08:30:53.240082  6080 data_layer.cpp:130] Transform time: 46.877 ms.
I0418 08:30:54.083864  7952 caffe.cpp:314] Batch 1160, accuracy1+2 = 0
I0418 08:30:54.083864  7952 caffe.cpp:314] Batch 1160, accuracy1+2+3 = 0
I0418 08:30:54.208873  6080 data_layer.cpp:128] Prefetch batch: 125 ms.
I0418 08:30:54.208873  6080 data_layer.cpp:129]      Read time: 93.759 ms.
I0418 08:30:54.208873  6080 data_layer.cpp:130] Transform time: 31.249 ms.
I0418 08:30:55.068284  7952 caffe.cpp:314] Batch 1161, accuracy1+2 = 1
I0418 08:30:55.068284  7952 caffe.cpp:314] Batch 1161, accuracy1+2+3 = 1
I0418 08:30:55.193285  6080 data_layer.cpp:128] Prefetch batch: 125 ms.
I0418 08:30:55.193285  6080 data_layer.cpp:129]      Read time: 78.123 ms.
I0418 08:30:55.193285  6080 data_layer.cpp:130] Transform time: 46.878 ms.
I0418 08:30:56.037065  7952 caffe.cpp:314] Batch 1162, accuracy1+2 = 1
I0418 08:30:56.037065  7952 caffe.cpp:314] Batch 1162, accuracy1+2+3 = 1
I0418 08:30:56.130820  6080 data_layer.cpp:128] Prefetch batch: 93 ms.
I0418 08:30:56.130820  6080 data_layer.cpp:129]      Read time: 0 ms.
I0418 08:30:56.130820  6080 data_layer.cpp:130] Transform time: 93.755 ms.
I0418 08:30:57.005861  7952 caffe.cpp:314] Batch 1163, accuracy1+2 = 0
I0418 08:30:57.005861  7952 caffe.cpp:314] Batch 1163, accuracy1+2+3 = 0
I0418 08:30:57.130858  6080 data_layer.cpp:128] Prefetch batch: 124 ms.
I0418 08:30:57.130858  6080 data_layer.cpp:129]      Read time: 93.754 ms.
I0418 08:30:57.130858  6080 data_layer.cpp:130] Transform time: 31.244 ms.
I0418 08:30:57.974647  7952 caffe.cpp:314] Batch 1164, accuracy1+2 = 0
I0418 08:30:57.974647  7952 caffe.cpp:314] Batch 1164, accuracy1+2+3 = 0
I0418 08:30:58.099650  6080 data_layer.cpp:128] Prefetch batch: 125 ms.
I0418 08:30:58.099650  6080 data_layer.cpp:129]      Read time: 93.742 ms.
I0418 08:30:58.099650  6080 data_layer.cpp:130] Transform time: 31.262 ms.
I0418 08:30:58.959056  7952 caffe.cpp:314] Batch 1165, accuracy1+2 = 0
I0418 08:30:58.959056  7952 caffe.cpp:314] Batch 1165, accuracy1+2+3 = 0
I0418 08:30:59.084066  6080 data_layer.cpp:128] Prefetch batch: 125 ms.
I0418 08:30:59.084066  6080 data_layer.cpp:129]      Read time: 78.126 ms.
I0418 08:30:59.084066  6080 data_layer.cpp:130] Transform time: 46.884 ms.
I0418 08:30:59.927845  7952 caffe.cpp:314] Batch 1166, accuracy1+2 = 1
I0418 08:30:59.927845  7952 caffe.cpp:314] Batch 1166, accuracy1+2+3 = 1
I0418 08:31:00.052846  6080 data_layer.cpp:128] Prefetch batch: 125 ms.
I0418 08:31:00.052846  6080 data_layer.cpp:129]      Read time: 93.757 ms.
I0418 08:31:00.052846  6080 data_layer.cpp:130] Transform time: 31.245 ms.
I0418 08:31:00.896631  7952 caffe.cpp:314] Batch 1167, accuracy1+2 = 0
I0418 08:31:00.896631  7952 caffe.cpp:314] Batch 1167, accuracy1+2+3 = 0
I0418 08:31:01.006009  6080 data_layer.cpp:128] Prefetch batch: 109 ms.
I0418 08:31:01.006009  6080 data_layer.cpp:129]      Read time: 0 ms.
I0418 08:31:01.006009  6080 data_layer.cpp:130] Transform time: 109.379 ms.
I0418 08:31:01.881050  7952 caffe.cpp:314] Batch 1168, accuracy1+2 = 1
I0418 08:31:01.881050  7952 caffe.cpp:314] Batch 1168, accuracy1+2+3 = 1
I0418 08:31:02.006052  6080 data_layer.cpp:128] Prefetch batch: 125 ms.
I0418 08:31:02.006052  6080 data_layer.cpp:129]      Read time: 78.128 ms.
I0418 08:31:02.006052  6080 data_layer.cpp:130] Transform time: 46.873 ms.
I0418 08:31:02.849839  7952 caffe.cpp:314] Batch 1169, accuracy1+2 = 0
I0418 08:31:02.849839  7952 caffe.cpp:314] Batch 1169, accuracy1+2+3 = 0
I0418 08:31:02.974848  6080 data_layer.cpp:128] Prefetch batch: 125 ms.
I0418 08:31:02.974848  6080 data_layer.cpp:129]      Read time: 93.747 ms.
I0418 08:31:02.974848  6080 data_layer.cpp:130] Transform time: 31.261 ms.
I0418 08:31:03.818622  7952 caffe.cpp:314] Batch 1170, accuracy1+2 = 1
I0418 08:31:03.818622  7952 caffe.cpp:314] Batch 1170, accuracy1+2+3 = 1
I0418 08:31:03.928002  6080 data_layer.cpp:128] Prefetch batch: 109 ms.
I0418 08:31:03.928002  6080 data_layer.cpp:129]      Read time: 0 ms.
I0418 08:31:03.928002  6080 data_layer.cpp:130] Transform time: 109.38 ms.
I0418 08:31:04.803040  7952 caffe.cpp:314] Batch 1171, accuracy1+2 = 0
I0418 08:31:04.803040  7952 caffe.cpp:314] Batch 1171, accuracy1+2+3 = 0
I0418 08:31:04.928042  6080 data_layer.cpp:128] Prefetch batch: 125 ms.
I0418 08:31:04.928042  6080 data_layer.cpp:129]      Read time: 78.127 ms.
I0418 08:31:04.928042  6080 data_layer.cpp:130] Transform time: 46.876 ms.
I0418 08:31:05.771824  7952 caffe.cpp:314] Batch 1172, accuracy1+2 = 0
I0418 08:31:05.771824  7952 caffe.cpp:314] Batch 1172, accuracy1+2+3 = 0
I0418 08:31:05.896833  6080 data_layer.cpp:128] Prefetch batch: 125 ms.
I0418 08:31:05.896833  6080 data_layer.cpp:129]      Read time: 93.752 ms.
I0418 08:31:05.896833  6080 data_layer.cpp:130] Transform time: 31.257 ms.
I0418 08:31:06.740613  7952 caffe.cpp:314] Batch 1173, accuracy1+2 = 1
I0418 08:31:06.740613  7952 caffe.cpp:314] Batch 1173, accuracy1+2+3 = 1
I0418 08:31:06.865614  6080 data_layer.cpp:128] Prefetch batch: 125 ms.
I0418 08:31:06.865614  6080 data_layer.cpp:129]      Read time: 93.75 ms.
I0418 08:31:06.865614  6080 data_layer.cpp:130] Transform time: 31.251 ms.
I0418 08:31:07.709398  7952 caffe.cpp:314] Batch 1174, accuracy1+2 = 1
I0418 08:31:07.709398  7952 caffe.cpp:314] Batch 1174, accuracy1+2+3 = 1
I0418 08:31:07.818779  6080 data_layer.cpp:128] Prefetch batch: 109 ms.
I0418 08:31:07.818779  6080 data_layer.cpp:129]      Read time: 0 ms.
I0418 08:31:07.818779  6080 data_layer.cpp:130] Transform time: 109.381 ms.
I0418 08:31:08.693817  7952 caffe.cpp:314] Batch 1175, accuracy1+2 = 1
I0418 08:31:08.693817  7952 caffe.cpp:314] Batch 1175, accuracy1+2+3 = 1
I0418 08:31:08.818823  6080 data_layer.cpp:128] Prefetch batch: 125 ms.
I0418 08:31:08.818823  6080 data_layer.cpp:129]      Read time: 78.125 ms.
I0418 08:31:08.818823  6080 data_layer.cpp:130] Transform time: 46.881 ms.
I0418 08:31:09.662601  7952 caffe.cpp:314] Batch 1176, accuracy1+2 = 0
I0418 08:31:09.662601  7952 caffe.cpp:314] Batch 1176, accuracy1+2+3 = 0
I0418 08:31:09.787606  6080 data_layer.cpp:128] Prefetch batch: 125 ms.
I0418 08:31:09.787606  6080 data_layer.cpp:129]      Read time: 93.756 ms.
I0418 08:31:09.787606  6080 data_layer.cpp:130] Transform time: 31.249 ms.
I0418 08:31:10.631392  7952 caffe.cpp:314] Batch 1177, accuracy1+2 = 1
I0418 08:31:10.631392  7952 caffe.cpp:314] Batch 1177, accuracy1+2+3 = 1
I0418 08:31:10.756393  6080 data_layer.cpp:128] Prefetch batch: 125 ms.
I0418 08:31:10.756393  6080 data_layer.cpp:129]      Read time: 93.754 ms.
I0418 08:31:10.756393  6080 data_layer.cpp:130] Transform time: 31.248 ms.
I0418 08:31:11.600181  7952 caffe.cpp:314] Batch 1178, accuracy1+2 = 0
I0418 08:31:11.600181  7952 caffe.cpp:314] Batch 1178, accuracy1+2+3 = 0
I0418 08:31:11.725186  6080 data_layer.cpp:128] Prefetch batch: 125 ms.
I0418 08:31:11.725186  6080 data_layer.cpp:129]      Read time: 93.755 ms.
I0418 08:31:11.725186  6080 data_layer.cpp:130] Transform time: 31.25 ms.
I0418 08:31:12.584589  7952 caffe.cpp:314] Batch 1179, accuracy1+2 = 1
I0418 08:31:12.584589  7952 caffe.cpp:314] Batch 1179, accuracy1+2+3 = 1
I0418 08:31:12.678349  6080 data_layer.cpp:128] Prefetch batch: 93 ms.
I0418 08:31:12.678349  6080 data_layer.cpp:129]      Read time: 0 ms.
I0418 08:31:12.678349  6080 data_layer.cpp:130] Transform time: 93.759 ms.
I0418 08:31:13.553385  7952 caffe.cpp:314] Batch 1180, accuracy1+2 = 1
I0418 08:31:13.553385  7952 caffe.cpp:314] Batch 1180, accuracy1+2+3 = 1
I0418 08:31:13.678390  6080 data_layer.cpp:128] Prefetch batch: 125 ms.
I0418 08:31:13.678390  6080 data_layer.cpp:129]      Read time: 93.75 ms.
I0418 08:31:13.678390  6080 data_layer.cpp:130] Transform time: 31.255 ms.
I0418 08:31:14.537794  7952 caffe.cpp:314] Batch 1181, accuracy1+2 = 1
I0418 08:31:14.537794  7952 caffe.cpp:314] Batch 1181, accuracy1+2+3 = 1
I0418 08:31:14.662799  6080 data_layer.cpp:128] Prefetch batch: 125 ms.
I0418 08:31:14.662799  6080 data_layer.cpp:129]      Read time: 93.751 ms.
I0418 08:31:14.662799  6080 data_layer.cpp:130] Transform time: 31.254 ms.
I0418 08:31:15.506584  7952 caffe.cpp:314] Batch 1182, accuracy1+2 = 1
I0418 08:31:15.506584  7952 caffe.cpp:314] Batch 1182, accuracy1+2+3 = 1
I0418 08:31:15.631587  6080 data_layer.cpp:128] Prefetch batch: 125 ms.
I0418 08:31:15.631587  6080 data_layer.cpp:129]      Read time: 93.754 ms.
I0418 08:31:15.631587  6080 data_layer.cpp:130] Transform time: 31.248 ms.
I0418 08:31:16.490995  7952 caffe.cpp:314] Batch 1183, accuracy1+2 = 1
I0418 08:31:16.490995  7952 caffe.cpp:314] Batch 1183, accuracy1+2+3 = 1
I0418 08:31:16.616004  6080 data_layer.cpp:128] Prefetch batch: 125 ms.
I0418 08:31:16.616004  6080 data_layer.cpp:129]      Read time: 78.127 ms.
I0418 08:31:16.616004  6080 data_layer.cpp:130] Transform time: 46.882 ms.
I0418 08:31:17.459789  7952 caffe.cpp:314] Batch 1184, accuracy1+2 = 1
I0418 08:31:17.459789  7952 caffe.cpp:314] Batch 1184, accuracy1+2+3 = 1
I0418 08:31:17.584790  6080 data_layer.cpp:128] Prefetch batch: 125 ms.
I0418 08:31:17.584790  6080 data_layer.cpp:129]      Read time: 93.746 ms.
I0418 08:31:17.584790  6080 data_layer.cpp:130] Transform time: 31.256 ms.
I0418 08:31:18.428561  7952 caffe.cpp:314] Batch 1185, accuracy1+2 = 1
I0418 08:31:18.428561  7952 caffe.cpp:314] Batch 1185, accuracy1+2+3 = 1
I0418 08:31:18.537941  6080 data_layer.cpp:128] Prefetch batch: 109 ms.
I0418 08:31:18.537941  6080 data_layer.cpp:129]      Read time: 0 ms.
I0418 08:31:18.537941  6080 data_layer.cpp:130] Transform time: 109.38 ms.
I0418 08:31:19.428607  7952 caffe.cpp:314] Batch 1186, accuracy1+2 = 1
I0418 08:31:19.428607  7952 caffe.cpp:314] Batch 1186, accuracy1+2+3 = 1
I0418 08:31:19.553619  6080 data_layer.cpp:128] Prefetch batch: 125 ms.
I0418 08:31:19.553619  6080 data_layer.cpp:129]      Read time: 93.756 ms.
I0418 08:31:19.553619  6080 data_layer.cpp:130] Transform time: 31.256 ms.
I0418 08:31:20.413028  7952 caffe.cpp:314] Batch 1187, accuracy1+2 = 1
I0418 08:31:20.413028  7952 caffe.cpp:314] Batch 1187, accuracy1+2+3 = 1
I0418 08:31:20.538038  6080 data_layer.cpp:128] Prefetch batch: 125 ms.
I0418 08:31:20.538038  6080 data_layer.cpp:129]      Read time: 78.123 ms.
I0418 08:31:20.538038  6080 data_layer.cpp:130] Transform time: 46.887 ms.
I0418 08:31:21.381817  7952 caffe.cpp:314] Batch 1188, accuracy1+2 = 1
I0418 08:31:21.381817  7952 caffe.cpp:314] Batch 1188, accuracy1+2+3 = 1
I0418 08:31:21.506814  6080 data_layer.cpp:128] Prefetch batch: 124 ms.
I0418 08:31:21.506814  6080 data_layer.cpp:129]      Read time: 93.747 ms.
I0418 08:31:21.506814  6080 data_layer.cpp:130] Transform time: 31.25 ms.
I0418 08:31:22.350600  7952 caffe.cpp:314] Batch 1189, accuracy1+2 = 1
I0418 08:31:22.350600  7952 caffe.cpp:314] Batch 1189, accuracy1+2+3 = 1
I0418 08:31:22.475603  6080 data_layer.cpp:128] Prefetch batch: 125 ms.
I0418 08:31:22.475603  6080 data_layer.cpp:129]      Read time: 93.757 ms.
I0418 08:31:22.475603  6080 data_layer.cpp:130] Transform time: 31.247 ms.
I0418 08:31:23.335016  7952 caffe.cpp:314] Batch 1190, accuracy1+2 = 1
I0418 08:31:23.335016  7952 caffe.cpp:314] Batch 1190, accuracy1+2+3 = 1
I0418 08:31:23.428767  6080 data_layer.cpp:128] Prefetch batch: 93 ms.
I0418 08:31:23.428767  6080 data_layer.cpp:129]      Read time: 0 ms.
I0418 08:31:23.428767  6080 data_layer.cpp:130] Transform time: 93.752 ms.
I0418 08:31:24.303792  7952 caffe.cpp:314] Batch 1191, accuracy1+2 = 1
I0418 08:31:24.303792  7952 caffe.cpp:314] Batch 1191, accuracy1+2+3 = 1
I0418 08:31:24.428809  6080 data_layer.cpp:128] Prefetch batch: 125 ms.
I0418 08:31:24.428809  6080 data_layer.cpp:129]      Read time: 93.765 ms.
I0418 08:31:24.428809  6080 data_layer.cpp:130] Transform time: 31.252 ms.
I0418 08:31:25.319468  7952 caffe.cpp:314] Batch 1192, accuracy1+2 = 1
I0418 08:31:25.319468  7952 caffe.cpp:314] Batch 1192, accuracy1+2+3 = 1
I0418 08:31:25.444473  6080 data_layer.cpp:128] Prefetch batch: 125 ms.
I0418 08:31:25.444473  6080 data_layer.cpp:129]      Read time: 93.76 ms.
I0418 08:31:25.444473  6080 data_layer.cpp:130] Transform time: 31.246 ms.
I0418 08:31:26.319509  7952 caffe.cpp:314] Batch 1193, accuracy1+2 = 1
I0418 08:31:26.319509  7952 caffe.cpp:314] Batch 1193, accuracy1+2+3 = 1
I0418 08:31:26.444512  6080 data_layer.cpp:128] Prefetch batch: 125 ms.
I0418 08:31:26.444512  6080 data_layer.cpp:129]      Read time: 93.767 ms.
I0418 08:31:26.444512  6080 data_layer.cpp:130] Transform time: 31.237 ms.
I0418 08:31:27.319548  7952 caffe.cpp:314] Batch 1194, accuracy1+2 = 1
I0418 08:31:27.335170  7952 caffe.cpp:314] Batch 1194, accuracy1+2+3 = 1
I0418 08:31:27.428923  6080 data_layer.cpp:128] Prefetch batch: 93 ms.
I0418 08:31:27.428923  6080 data_layer.cpp:129]      Read time: 0 ms.
I0418 08:31:27.428923  6080 data_layer.cpp:130] Transform time: 93.753 ms.
I0418 08:31:28.303964  7952 caffe.cpp:314] Batch 1195, accuracy1+2 = 1
I0418 08:31:28.303964  7952 caffe.cpp:314] Batch 1195, accuracy1+2+3 = 1
I0418 08:31:28.428962  6080 data_layer.cpp:128] Prefetch batch: 124 ms.
I0418 08:31:28.428962  6080 data_layer.cpp:129]      Read time: 93.756 ms.
I0418 08:31:28.428962  6080 data_layer.cpp:130] Transform time: 31.242 ms.
I0418 08:31:29.272752  7952 caffe.cpp:314] Batch 1196, accuracy1+2 = 1
I0418 08:31:29.272752  7952 caffe.cpp:314] Batch 1196, accuracy1+2+3 = 1
I0418 08:31:29.397750  6080 data_layer.cpp:128] Prefetch batch: 124 ms.
I0418 08:31:29.397750  6080 data_layer.cpp:129]      Read time: 93.751 ms.
I0418 08:31:29.397750  6080 data_layer.cpp:130] Transform time: 31.248 ms.
I0418 08:31:30.241535  7952 caffe.cpp:314] Batch 1197, accuracy1+2 = 1
I0418 08:31:30.241535  7952 caffe.cpp:314] Batch 1197, accuracy1+2+3 = 1
I0418 08:31:30.382170  6080 data_layer.cpp:128] Prefetch batch: 140 ms.
I0418 08:31:30.382170  6080 data_layer.cpp:129]      Read time: 93.752 ms.
I0418 08:31:30.382170  6080 data_layer.cpp:130] Transform time: 46.883 ms.
I0418 08:31:31.225949  7952 caffe.cpp:314] Batch 1198, accuracy1+2 = 1
I0418 08:31:31.225949  7952 caffe.cpp:314] Batch 1198, accuracy1+2+3 = 1
I0418 08:31:31.350952  6080 data_layer.cpp:128] Prefetch batch: 125 ms.
I0418 08:31:31.350952  6080 data_layer.cpp:129]      Read time: 93.758 ms.
I0418 08:31:31.350952  6080 data_layer.cpp:130] Transform time: 31.246 ms.
I0418 08:31:32.194735  7952 caffe.cpp:314] Batch 1199, accuracy1+2 = 1
I0418 08:31:32.194735  7952 caffe.cpp:314] Batch 1199, accuracy1+2+3 = 1
I0418 08:31:32.319741  6080 data_layer.cpp:128] Prefetch batch: 125 ms.
I0418 08:31:32.319741  6080 data_layer.cpp:129]      Read time: 93.757 ms.
I0418 08:31:32.319741  6080 data_layer.cpp:130] Transform time: 31.249 ms.
I0418 08:31:33.163525  7952 caffe.cpp:314] Batch 1200, accuracy1+2 = 1
I0418 08:31:33.163525  7952 caffe.cpp:314] Batch 1200, accuracy1+2+3 = 1
I0418 08:31:33.272907  6080 data_layer.cpp:128] Prefetch batch: 109 ms.
I0418 08:31:33.272907  6080 data_layer.cpp:129]      Read time: 0 ms.
I0418 08:31:33.272907  6080 data_layer.cpp:130] Transform time: 109.381 ms.
I0418 08:31:34.147940  7952 caffe.cpp:314] Batch 1201, accuracy1+2 = 1
I0418 08:31:34.147940  7952 caffe.cpp:314] Batch 1201, accuracy1+2+3 = 1
I0418 08:31:34.272948  6080 data_layer.cpp:128] Prefetch batch: 125 ms.
I0418 08:31:34.272948  6080 data_layer.cpp:129]      Read time: 78.126 ms.
I0418 08:31:34.272948  6080 data_layer.cpp:130] Transform time: 46.881 ms.
I0418 08:31:35.116722  7952 caffe.cpp:314] Batch 1202, accuracy1+2 = 1
I0418 08:31:35.116722  7952 caffe.cpp:314] Batch 1202, accuracy1+2+3 = 1
I0418 08:31:35.241732  6080 data_layer.cpp:128] Prefetch batch: 125 ms.
I0418 08:31:35.241732  6080 data_layer.cpp:129]      Read time: 46.884 ms.
I0418 08:31:35.241732  6080 data_layer.cpp:130] Transform time: 78.126 ms.
I0418 08:31:36.085515  7952 caffe.cpp:314] Batch 1203, accuracy1+2 = 1
I0418 08:31:36.085515  7952 caffe.cpp:314] Batch 1203, accuracy1+2+3 = 1
I0418 08:31:36.210520  6080 data_layer.cpp:128] Prefetch batch: 125 ms.
I0418 08:31:36.210520  6080 data_layer.cpp:129]      Read time: 93.754 ms.
I0418 08:31:36.210520  6080 data_layer.cpp:130] Transform time: 31.25 ms.
I0418 08:31:37.069927  7952 caffe.cpp:314] Batch 1204, accuracy1+2 = 1
I0418 08:31:37.069927  7952 caffe.cpp:314] Batch 1204, accuracy1+2+3 = 1
I0418 08:31:37.194936  6080 data_layer.cpp:128] Prefetch batch: 125 ms.
I0418 08:31:37.194936  6080 data_layer.cpp:129]      Read time: 31.257 ms.
I0418 08:31:37.194936  6080 data_layer.cpp:130] Transform time: 93.751 ms.
I0418 08:31:38.038712  7952 caffe.cpp:314] Batch 1205, accuracy1+2 = 0
I0418 08:31:38.038712  7952 caffe.cpp:314] Batch 1205, accuracy1+2+3 = 0
I0418 08:31:38.163720  6080 data_layer.cpp:128] Prefetch batch: 125 ms.
I0418 08:31:38.163720  6080 data_layer.cpp:129]      Read time: 93.766 ms.
I0418 08:31:38.163720  6080 data_layer.cpp:130] Transform time: 31.242 ms.
I0418 08:31:39.023131  7952 caffe.cpp:314] Batch 1206, accuracy1+2 = 1
I0418 08:31:39.023131  7952 caffe.cpp:314] Batch 1206, accuracy1+2+3 = 1
I0418 08:31:39.148138  6080 data_layer.cpp:128] Prefetch batch: 125 ms.
I0418 08:31:39.148138  6080 data_layer.cpp:129]      Read time: 78.129 ms.
I0418 08:31:39.148138  6080 data_layer.cpp:130] Transform time: 46.878 ms.
I0418 08:31:39.991917  7952 caffe.cpp:314] Batch 1207, accuracy1+2 = 1
I0418 08:31:39.991917  7952 caffe.cpp:314] Batch 1207, accuracy1+2+3 = 1
I0418 08:31:40.116925  6080 data_layer.cpp:128] Prefetch batch: 125 ms.
I0418 08:31:40.116925  6080 data_layer.cpp:129]      Read time: 93.753 ms.
I0418 08:31:40.116925  6080 data_layer.cpp:130] Transform time: 31.254 ms.
I0418 08:31:40.960705  7952 caffe.cpp:314] Batch 1208, accuracy1+2 = 1
I0418 08:31:40.960705  7952 caffe.cpp:314] Batch 1208, accuracy1+2+3 = 1
I0418 08:31:41.085711  6080 data_layer.cpp:128] Prefetch batch: 125 ms.
I0418 08:31:41.085711  6080 data_layer.cpp:129]      Read time: 93.755 ms.
I0418 08:31:41.085711  6080 data_layer.cpp:130] Transform time: 31.251 ms.
I0418 08:31:41.945123  7952 caffe.cpp:314] Batch 1209, accuracy1+2 = 1
I0418 08:31:41.945123  7952 caffe.cpp:314] Batch 1209, accuracy1+2+3 = 1
I0418 08:31:42.038869  6080 data_layer.cpp:128] Prefetch batch: 93 ms.
I0418 08:31:42.038869  6080 data_layer.cpp:129]      Read time: 0 ms.
I0418 08:31:42.038869  6080 data_layer.cpp:130] Transform time: 93.746 ms.
I0418 08:31:42.913908  7952 caffe.cpp:314] Batch 1210, accuracy1+2 = 1
I0418 08:31:42.913908  7952 caffe.cpp:314] Batch 1210, accuracy1+2+3 = 1
I0418 08:31:43.038909  6080 data_layer.cpp:128] Prefetch batch: 125 ms.
I0418 08:31:43.038909  6080 data_layer.cpp:129]      Read time: 93.753 ms.
I0418 08:31:43.038909  6080 data_layer.cpp:130] Transform time: 31.249 ms.
I0418 08:31:43.882691  7952 caffe.cpp:314] Batch 1211, accuracy1+2 = 0
I0418 08:31:43.882691  7952 caffe.cpp:314] Batch 1211, accuracy1+2+3 = 0
I0418 08:31:44.007701  6080 data_layer.cpp:128] Prefetch batch: 125 ms.
I0418 08:31:44.007701  6080 data_layer.cpp:129]      Read time: 93.756 ms.
I0418 08:31:44.007701  6080 data_layer.cpp:130] Transform time: 31.254 ms.
I0418 08:31:44.867105  7952 caffe.cpp:314] Batch 1212, accuracy1+2 = 0
I0418 08:31:44.867105  7952 caffe.cpp:314] Batch 1212, accuracy1+2+3 = 0
I0418 08:31:44.992112  6080 data_layer.cpp:128] Prefetch batch: 125 ms.
I0418 08:31:44.992112  6080 data_layer.cpp:129]      Read time: 93.758 ms.
I0418 08:31:44.992112  6080 data_layer.cpp:130] Transform time: 31.249 ms.
I0418 08:31:45.835898  7952 caffe.cpp:314] Batch 1213, accuracy1+2 = 1
I0418 08:31:45.835898  7952 caffe.cpp:314] Batch 1213, accuracy1+2+3 = 1
I0418 08:31:45.960901  6080 data_layer.cpp:128] Prefetch batch: 125 ms.
I0418 08:31:45.960901  6080 data_layer.cpp:129]      Read time: 93.75 ms.
I0418 08:31:45.960901  6080 data_layer.cpp:130] Transform time: 31.252 ms.
I0418 08:31:46.820310  7952 caffe.cpp:314] Batch 1214, accuracy1+2 = 1
I0418 08:31:46.820310  7952 caffe.cpp:314] Batch 1214, accuracy1+2+3 = 1
I0418 08:31:46.945314  6080 data_layer.cpp:128] Prefetch batch: 125 ms.
I0418 08:31:46.945314  6080 data_layer.cpp:129]      Read time: 93.755 ms.
I0418 08:31:46.945314  6080 data_layer.cpp:130] Transform time: 31.249 ms.
I0418 08:31:47.789100  7952 caffe.cpp:314] Batch 1215, accuracy1+2 = 1
I0418 08:31:47.789100  7952 caffe.cpp:314] Batch 1215, accuracy1+2+3 = 1
I0418 08:31:47.898476  6080 data_layer.cpp:128] Prefetch batch: 109 ms.
I0418 08:31:47.898476  6080 data_layer.cpp:129]      Read time: 0 ms.
I0418 08:31:47.898476  6080 data_layer.cpp:130] Transform time: 109.376 ms.
I0418 08:31:48.757885  7952 caffe.cpp:314] Batch 1216, accuracy1+2 = 0
I0418 08:31:48.757885  7952 caffe.cpp:314] Batch 1216, accuracy1+2+3 = 0
I0418 08:31:48.882889  6080 data_layer.cpp:128] Prefetch batch: 125 ms.
I0418 08:31:48.882889  6080 data_layer.cpp:129]      Read time: 93.759 ms.
I0418 08:31:48.882889  6080 data_layer.cpp:130] Transform time: 31.245 ms.
I0418 08:31:49.726675  7952 caffe.cpp:314] Batch 1217, accuracy1+2 = 1
I0418 08:31:49.726675  7952 caffe.cpp:314] Batch 1217, accuracy1+2+3 = 1
I0418 08:31:49.851675  6080 data_layer.cpp:128] Prefetch batch: 125 ms.
I0418 08:31:49.851675  6080 data_layer.cpp:129]      Read time: 93.752 ms.
I0418 08:31:49.867306  6080 data_layer.cpp:130] Transform time: 31.249 ms.
I0418 08:31:50.711087  7952 caffe.cpp:314] Batch 1218, accuracy1+2 = 1
I0418 08:31:50.711087  7952 caffe.cpp:314] Batch 1218, accuracy1+2+3 = 1
I0418 08:31:50.836091  6080 data_layer.cpp:128] Prefetch batch: 125 ms.
I0418 08:31:50.836091  6080 data_layer.cpp:129]      Read time: 78.133 ms.
I0418 08:31:50.836091  6080 data_layer.cpp:130] Transform time: 46.871 ms.
I0418 08:31:51.679877  7952 caffe.cpp:314] Batch 1219, accuracy1+2 = 1
I0418 08:31:51.679877  7952 caffe.cpp:314] Batch 1219, accuracy1+2+3 = 1
I0418 08:31:51.804879  6080 data_layer.cpp:128] Prefetch batch: 125 ms.
I0418 08:31:51.804879  6080 data_layer.cpp:129]      Read time: 93.751 ms.
I0418 08:31:51.804879  6080 data_layer.cpp:130] Transform time: 31.252 ms.
I0418 08:31:52.648663  7952 caffe.cpp:314] Batch 1220, accuracy1+2 = 0
I0418 08:31:52.648663  7952 caffe.cpp:314] Batch 1220, accuracy1+2+3 = 0
I0418 08:31:52.758041  6080 data_layer.cpp:128] Prefetch batch: 109 ms.
I0418 08:31:52.758041  6080 data_layer.cpp:129]      Read time: 0 ms.
I0418 08:31:52.758041  6080 data_layer.cpp:130] Transform time: 109.379 ms.
I0418 08:31:53.617450  7952 caffe.cpp:314] Batch 1221, accuracy1+2 = 0
I0418 08:31:53.617450  7952 caffe.cpp:314] Batch 1221, accuracy1+2+3 = 0
I0418 08:31:53.758087  6080 data_layer.cpp:128] Prefetch batch: 140 ms.
I0418 08:31:53.758087  6080 data_layer.cpp:129]      Read time: 93.767 ms.
I0418 08:31:53.758087  6080 data_layer.cpp:130] Transform time: 46.87 ms.
I0418 08:31:54.601868  7952 caffe.cpp:314] Batch 1222, accuracy1+2 = 1
I0418 08:31:54.601868  7952 caffe.cpp:314] Batch 1222, accuracy1+2+3 = 1
I0418 08:31:54.726877  6080 data_layer.cpp:128] Prefetch batch: 125 ms.
I0418 08:31:54.726877  6080 data_layer.cpp:129]      Read time: 93.754 ms.
I0418 08:31:54.726877  6080 data_layer.cpp:130] Transform time: 31.255 ms.
I0418 08:31:55.570652  7952 caffe.cpp:314] Batch 1223, accuracy1+2 = 0
I0418 08:31:55.570652  7952 caffe.cpp:314] Batch 1223, accuracy1+2+3 = 0
I0418 08:31:55.695662  6080 data_layer.cpp:128] Prefetch batch: 125 ms.
I0418 08:31:55.695662  6080 data_layer.cpp:129]      Read time: 93.755 ms.
I0418 08:31:55.695662  6080 data_layer.cpp:130] Transform time: 31.254 ms.
I0418 08:31:56.539443  7952 caffe.cpp:314] Batch 1224, accuracy1+2 = 1
I0418 08:31:56.539443  7952 caffe.cpp:314] Batch 1224, accuracy1+2+3 = 1
I0418 08:31:56.664448  6080 data_layer.cpp:128] Prefetch batch: 125 ms.
I0418 08:31:56.664448  6080 data_layer.cpp:129]      Read time: 93.748 ms.
I0418 08:31:56.664448  6080 data_layer.cpp:130] Transform time: 31.256 ms.
I0418 08:31:57.523856  7952 caffe.cpp:314] Batch 1225, accuracy1+2 = 1
I0418 08:31:57.523856  7952 caffe.cpp:314] Batch 1225, accuracy1+2+3 = 1
I0418 08:31:57.617605  6080 data_layer.cpp:128] Prefetch batch: 93 ms.
I0418 08:31:57.617605  6080 data_layer.cpp:129]      Read time: 0 ms.
I0418 08:31:57.617605  6080 data_layer.cpp:130] Transform time: 93.749 ms.
I0418 08:31:58.492641  7952 caffe.cpp:314] Batch 1226, accuracy1+2 = 1
I0418 08:31:58.492641  7952 caffe.cpp:314] Batch 1226, accuracy1+2+3 = 1
I0418 08:31:58.617651  6080 data_layer.cpp:128] Prefetch batch: 125 ms.
I0418 08:31:58.617651  6080 data_layer.cpp:129]      Read time: 93.752 ms.
I0418 08:31:58.617651  6080 data_layer.cpp:130] Transform time: 31.258 ms.
I0418 08:31:59.461432  7952 caffe.cpp:314] Batch 1227, accuracy1+2 = 1
I0418 08:31:59.461432  7952 caffe.cpp:314] Batch 1227, accuracy1+2+3 = 1
I0418 08:31:59.586436  6080 data_layer.cpp:128] Prefetch batch: 125 ms.
I0418 08:31:59.586436  6080 data_layer.cpp:129]      Read time: 93.756 ms.
I0418 08:31:59.586436  6080 data_layer.cpp:130] Transform time: 31.247 ms.
I0418 08:32:00.430218  7952 caffe.cpp:314] Batch 1228, accuracy1+2 = 1
I0418 08:32:00.445833  7952 caffe.cpp:314] Batch 1228, accuracy1+2+3 = 1
I0418 08:32:00.570852  6080 data_layer.cpp:128] Prefetch batch: 125 ms.
I0418 08:32:00.570852  6080 data_layer.cpp:129]      Read time: 78.138 ms.
I0418 08:32:00.570852  6080 data_layer.cpp:130] Transform time: 46.881 ms.
I0418 08:32:01.414630  7952 caffe.cpp:314] Batch 1229, accuracy1+2 = 1
I0418 08:32:01.414630  7952 caffe.cpp:314] Batch 1229, accuracy1+2+3 = 1
I0418 08:32:01.539638  6080 data_layer.cpp:128] Prefetch batch: 125 ms.
I0418 08:32:01.539638  6080 data_layer.cpp:129]      Read time: 93.757 ms.
I0418 08:32:01.539638  6080 data_layer.cpp:130] Transform time: 31.25 ms.
I0418 08:32:02.399036  7952 caffe.cpp:314] Batch 1230, accuracy1+2 = 1
I0418 08:32:02.399036  7952 caffe.cpp:314] Batch 1230, accuracy1+2+3 = 1
I0418 08:32:02.492790  6080 data_layer.cpp:128] Prefetch batch: 93 ms.
I0418 08:32:02.492790  6080 data_layer.cpp:129]      Read time: 0 ms.
I0418 08:32:02.492790  6080 data_layer.cpp:130] Transform time: 93.754 ms.
I0418 08:32:03.399075  7952 caffe.cpp:314] Batch 1231, accuracy1+2 = 1
I0418 08:32:03.399075  7952 caffe.cpp:314] Batch 1231, accuracy1+2+3 = 1
I0418 08:32:03.524087  6080 data_layer.cpp:128] Prefetch batch: 125 ms.
I0418 08:32:03.524087  6080 data_layer.cpp:129]      Read time: 93.769 ms.
I0418 08:32:03.524087  6080 data_layer.cpp:130] Transform time: 31.243 ms.
I0418 08:32:04.399127  7952 caffe.cpp:314] Batch 1232, accuracy1+2 = 1
I0418 08:32:04.399127  7952 caffe.cpp:314] Batch 1232, accuracy1+2+3 = 1
I0418 08:32:04.524138  6080 data_layer.cpp:128] Prefetch batch: 125 ms.
I0418 08:32:04.524138  6080 data_layer.cpp:129]      Read time: 93.754 ms.
I0418 08:32:04.524138  6080 data_layer.cpp:130] Transform time: 31.257 ms.
I0418 08:32:05.367913  7952 caffe.cpp:314] Batch 1233, accuracy1+2 = 0
I0418 08:32:05.367913  7952 caffe.cpp:314] Batch 1233, accuracy1+2+3 = 1
I0418 08:32:05.492914  6080 data_layer.cpp:128] Prefetch batch: 125 ms.
I0418 08:32:05.492914  6080 data_layer.cpp:129]      Read time: 93.755 ms.
I0418 08:32:05.492914  6080 data_layer.cpp:130] Transform time: 31.246 ms.
I0418 08:32:06.352324  7952 caffe.cpp:314] Batch 1234, accuracy1+2 = 1
I0418 08:32:06.352324  7952 caffe.cpp:314] Batch 1234, accuracy1+2+3 = 1
I0418 08:32:06.477329  6080 data_layer.cpp:128] Prefetch batch: 125 ms.
I0418 08:32:06.477329  6080 data_layer.cpp:129]      Read time: 78.134 ms.
I0418 08:32:06.477329  6080 data_layer.cpp:130] Transform time: 46.872 ms.
I0418 08:32:07.321115  7952 caffe.cpp:314] Batch 1235, accuracy1+2 = 1
I0418 08:32:07.321115  7952 caffe.cpp:314] Batch 1235, accuracy1+2+3 = 1
I0418 08:32:07.446118  6080 data_layer.cpp:128] Prefetch batch: 125 ms.
I0418 08:32:07.446118  6080 data_layer.cpp:129]      Read time: 93.751 ms.
I0418 08:32:07.446118  6080 data_layer.cpp:130] Transform time: 31.253 ms.
I0418 08:32:08.289899  7952 caffe.cpp:314] Batch 1236, accuracy1+2 = 1
I0418 08:32:08.289899  7952 caffe.cpp:314] Batch 1236, accuracy1+2+3 = 1
I0418 08:32:08.399284  6080 data_layer.cpp:128] Prefetch batch: 109 ms.
I0418 08:32:08.399284  6080 data_layer.cpp:129]      Read time: 0 ms.
I0418 08:32:08.399284  6080 data_layer.cpp:130] Transform time: 109.385 ms.
I0418 08:32:09.258687  7952 caffe.cpp:314] Batch 1237, accuracy1+2 = 0
I0418 08:32:09.258687  7952 caffe.cpp:314] Batch 1237, accuracy1+2+3 = 0
I0418 08:32:09.399322  6080 data_layer.cpp:128] Prefetch batch: 140 ms.
I0418 08:32:09.399322  6080 data_layer.cpp:129]      Read time: 93.757 ms.
I0418 08:32:09.399322  6080 data_layer.cpp:130] Transform time: 46.878 ms.
I0418 08:32:10.243105  7952 caffe.cpp:314] Batch 1238, accuracy1+2 = 1
I0418 08:32:10.243105  7952 caffe.cpp:314] Batch 1238, accuracy1+2+3 = 1
I0418 08:32:10.368108  6080 data_layer.cpp:128] Prefetch batch: 125 ms.
I0418 08:32:10.368108  6080 data_layer.cpp:129]      Read time: 93.754 ms.
I0418 08:32:10.368108  6080 data_layer.cpp:130] Transform time: 31.248 ms.
I0418 08:32:11.227516  7952 caffe.cpp:314] Batch 1239, accuracy1+2 = 1
I0418 08:32:11.227516  7952 caffe.cpp:314] Batch 1239, accuracy1+2+3 = 1
I0418 08:32:11.352521  6080 data_layer.cpp:128] Prefetch batch: 125 ms.
I0418 08:32:11.352521  6080 data_layer.cpp:129]      Read time: 93.753 ms.
I0418 08:32:11.352521  6080 data_layer.cpp:130] Transform time: 31.252 ms.
I0418 08:32:12.196302  7952 caffe.cpp:314] Batch 1240, accuracy1+2 = 0
I0418 08:32:12.196302  7952 caffe.cpp:314] Batch 1240, accuracy1+2+3 = 1
I0418 08:32:12.321355  6080 data_layer.cpp:128] Prefetch batch: 125 ms.
I0418 08:32:12.321355  6080 data_layer.cpp:129]      Read time: 93.76 ms.
I0418 08:32:12.321355  6080 data_layer.cpp:130] Transform time: 31.293 ms.
I0418 08:32:13.180719  7952 caffe.cpp:314] Batch 1241, accuracy1+2 = 1
I0418 08:32:13.180719  7952 caffe.cpp:314] Batch 1241, accuracy1+2+3 = 1
I0418 08:32:13.290098  6080 data_layer.cpp:128] Prefetch batch: 109 ms.
I0418 08:32:13.290098  6080 data_layer.cpp:129]      Read time: 0 ms.
I0418 08:32:13.290098  6080 data_layer.cpp:130] Transform time: 109.379 ms.
I0418 08:32:14.165132  7952 caffe.cpp:314] Batch 1242, accuracy1+2 = 0
I0418 08:32:14.165132  7952 caffe.cpp:314] Batch 1242, accuracy1+2+3 = 0
I0418 08:32:14.290127  6080 data_layer.cpp:128] Prefetch batch: 124 ms.
I0418 08:32:14.290127  6080 data_layer.cpp:129]      Read time: 78.118 ms.
I0418 08:32:14.290127  6080 data_layer.cpp:130] Transform time: 46.877 ms.
I0418 08:32:15.149546  7952 caffe.cpp:314] Batch 1243, accuracy1+2 = 1
I0418 08:32:15.149546  7952 caffe.cpp:314] Batch 1243, accuracy1+2+3 = 1
I0418 08:32:15.274555  6080 data_layer.cpp:128] Prefetch batch: 125 ms.
I0418 08:32:15.274555  6080 data_layer.cpp:129]      Read time: 93.751 ms.
I0418 08:32:15.274555  6080 data_layer.cpp:130] Transform time: 31.258 ms.
I0418 08:32:16.133962  7952 caffe.cpp:314] Batch 1244, accuracy1+2 = 0
I0418 08:32:16.133962  7952 caffe.cpp:314] Batch 1244, accuracy1+2+3 = 0
I0418 08:32:16.258968  6080 data_layer.cpp:128] Prefetch batch: 125 ms.
I0418 08:32:16.258968  6080 data_layer.cpp:129]      Read time: 93.754 ms.
I0418 08:32:16.258968  6080 data_layer.cpp:130] Transform time: 31.252 ms.
I0418 08:32:17.118374  7952 caffe.cpp:314] Batch 1245, accuracy1+2 = 1
I0418 08:32:17.118374  7952 caffe.cpp:314] Batch 1245, accuracy1+2+3 = 1
I0418 08:32:17.243376  6080 data_layer.cpp:128] Prefetch batch: 125 ms.
I0418 08:32:17.243376  6080 data_layer.cpp:129]      Read time: 93.751 ms.
I0418 08:32:17.243376  6080 data_layer.cpp:130] Transform time: 31.25 ms.
I0418 08:32:18.102784  7952 caffe.cpp:314] Batch 1246, accuracy1+2 = 1
I0418 08:32:18.102784  7952 caffe.cpp:314] Batch 1246, accuracy1+2+3 = 1
I0418 08:32:18.212170  6080 data_layer.cpp:128] Prefetch batch: 109 ms.
I0418 08:32:18.212170  6080 data_layer.cpp:129]      Read time: 0 ms.
I0418 08:32:18.212170  6080 data_layer.cpp:130] Transform time: 109.386 ms.
I0418 08:32:19.087200  7952 caffe.cpp:314] Batch 1247, accuracy1+2 = 1
I0418 08:32:19.087200  7952 caffe.cpp:314] Batch 1247, accuracy1+2+3 = 1
I0418 08:32:19.212213  6080 data_layer.cpp:128] Prefetch batch: 125 ms.
I0418 08:32:19.212213  6080 data_layer.cpp:129]      Read time: 93.759 ms.
I0418 08:32:19.212213  6080 data_layer.cpp:130] Transform time: 31.254 ms.
I0418 08:32:20.071617  7952 caffe.cpp:314] Batch 1248, accuracy1+2 = 1
I0418 08:32:20.071617  7952 caffe.cpp:314] Batch 1248, accuracy1+2+3 = 1
I0418 08:32:20.196621  6080 data_layer.cpp:128] Prefetch batch: 125 ms.
I0418 08:32:20.196621  6080 data_layer.cpp:129]      Read time: 93.753 ms.
I0418 08:32:20.196621  6080 data_layer.cpp:130] Transform time: 31.251 ms.
I0418 08:32:21.056028  7952 caffe.cpp:314] Batch 1249, accuracy1+2 = 1
I0418 08:32:21.056028  7952 caffe.cpp:314] Batch 1249, accuracy1+2+3 = 1
I0418 08:32:21.181035  6080 data_layer.cpp:128] Prefetch batch: 125 ms.
I0418 08:32:21.181035  6080 data_layer.cpp:129]      Read time: 93.75 ms.
I0418 08:32:21.181035  6080 data_layer.cpp:130] Transform time: 31.257 ms.
I0418 08:32:22.040438  7952 caffe.cpp:314] Batch 1250, accuracy1+2 = 1
I0418 08:32:22.040438  7952 caffe.cpp:314] Batch 1250, accuracy1+2+3 = 1
I0418 08:32:22.149818  6080 data_layer.cpp:128] Prefetch batch: 109 ms.
I0418 08:32:22.149818  6080 data_layer.cpp:129]      Read time: 0 ms.
I0418 08:32:22.149818  6080 data_layer.cpp:130] Transform time: 109.38 ms.
I0418 08:32:23.024860  7952 caffe.cpp:314] Batch 1251, accuracy1+2 = 1
I0418 08:32:23.024860  7952 caffe.cpp:314] Batch 1251, accuracy1+2+3 = 1
I0418 08:32:23.149863  6080 data_layer.cpp:128] Prefetch batch: 125 ms.
I0418 08:32:23.149863  6080 data_layer.cpp:129]      Read time: 93.747 ms.
I0418 08:32:23.149863  6080 data_layer.cpp:130] Transform time: 31.256 ms.
I0418 08:32:24.009269  7952 caffe.cpp:314] Batch 1252, accuracy1+2 = 1
I0418 08:32:24.009269  7952 caffe.cpp:314] Batch 1252, accuracy1+2+3 = 1
I0418 08:32:24.134264  6080 data_layer.cpp:128] Prefetch batch: 124 ms.
I0418 08:32:24.134264  6080 data_layer.cpp:129]      Read time: 93.743 ms.
I0418 08:32:24.134264  6080 data_layer.cpp:130] Transform time: 31.252 ms.
I0418 08:32:25.024930  7952 caffe.cpp:314] Batch 1253, accuracy1+2 = 1
I0418 08:32:25.024930  7952 caffe.cpp:314] Batch 1253, accuracy1+2+3 = 1
I0418 08:32:25.149936  6080 data_layer.cpp:128] Prefetch batch: 125 ms.
I0418 08:32:25.149936  6080 data_layer.cpp:129]      Read time: 109.384 ms.
I0418 08:32:25.149936  6080 data_layer.cpp:130] Transform time: 15.623 ms.
I0418 08:32:25.993718  7952 caffe.cpp:314] Batch 1254, accuracy1+2 = 0
I0418 08:32:25.993718  7952 caffe.cpp:314] Batch 1254, accuracy1+2+3 = 0
I0418 08:32:26.118723  6080 data_layer.cpp:128] Prefetch batch: 125 ms.
I0418 08:32:26.118723  6080 data_layer.cpp:129]      Read time: 93.762 ms.
I0418 08:32:26.118723  6080 data_layer.cpp:130] Transform time: 31.243 ms.
I0418 08:32:26.978138  7952 caffe.cpp:314] Batch 1255, accuracy1+2 = 1
I0418 08:32:26.978138  7952 caffe.cpp:314] Batch 1255, accuracy1+2+3 = 1
I0418 08:32:27.103144  6080 data_layer.cpp:128] Prefetch batch: 125 ms.
I0418 08:32:27.103144  6080 data_layer.cpp:129]      Read time: 93.753 ms.
I0418 08:32:27.103144  6080 data_layer.cpp:130] Transform time: 31.253 ms.
I0418 08:32:27.946926  7952 caffe.cpp:314] Batch 1256, accuracy1+2 = 1
I0418 08:32:27.946926  7952 caffe.cpp:314] Batch 1256, accuracy1+2+3 = 1
I0418 08:32:28.071925  6080 data_layer.cpp:128] Prefetch batch: 124 ms.
I0418 08:32:28.071925  6080 data_layer.cpp:129]      Read time: 93.75 ms.
I0418 08:32:28.071925  6080 data_layer.cpp:130] Transform time: 31.249 ms.
I0418 08:32:28.931334  7952 caffe.cpp:314] Batch 1257, accuracy1+2 = 1
I0418 08:32:28.931334  7952 caffe.cpp:314] Batch 1257, accuracy1+2+3 = 1
I0418 08:32:29.025091  6080 data_layer.cpp:128] Prefetch batch: 93 ms.
I0418 08:32:29.025091  6080 data_layer.cpp:129]      Read time: 0 ms.
I0418 08:32:29.025091  6080 data_layer.cpp:130] Transform time: 93.758 ms.
I0418 08:32:29.900122  7952 caffe.cpp:314] Batch 1258, accuracy1+2 = 1
I0418 08:32:29.900122  7952 caffe.cpp:314] Batch 1258, accuracy1+2+3 = 1
I0418 08:32:30.025135  6080 data_layer.cpp:128] Prefetch batch: 125 ms.
I0418 08:32:30.025135  6080 data_layer.cpp:129]      Read time: 93.768 ms.
I0418 08:32:30.025135  6080 data_layer.cpp:130] Transform time: 31.244 ms.
I0418 08:32:30.868912  7952 caffe.cpp:314] Batch 1259, accuracy1+2 = 1
I0418 08:32:30.868912  7952 caffe.cpp:314] Batch 1259, accuracy1+2+3 = 1
I0418 08:32:30.993919  6080 data_layer.cpp:128] Prefetch batch: 125 ms.
I0418 08:32:30.993919  6080 data_layer.cpp:129]      Read time: 93.764 ms.
I0418 08:32:30.993919  6080 data_layer.cpp:130] Transform time: 31.243 ms.
I0418 08:32:31.853325  7952 caffe.cpp:314] Batch 1260, accuracy1+2 = 1
I0418 08:32:31.853325  7952 caffe.cpp:314] Batch 1260, accuracy1+2+3 = 1
I0418 08:32:31.978338  6080 data_layer.cpp:128] Prefetch batch: 125 ms.
I0418 08:32:31.978338  6080 data_layer.cpp:129]      Read time: 78.128 ms.
I0418 08:32:31.978338  6080 data_layer.cpp:130] Transform time: 46.885 ms.
I0418 08:32:32.822113  7952 caffe.cpp:314] Batch 1261, accuracy1+2 = 1
I0418 08:32:32.822113  7952 caffe.cpp:314] Batch 1261, accuracy1+2+3 = 1
I0418 08:32:32.931499  6080 data_layer.cpp:128] Prefetch batch: 109 ms.
I0418 08:32:32.931499  6080 data_layer.cpp:129]      Read time: 0 ms.
I0418 08:32:32.931499  6080 data_layer.cpp:130] Transform time: 109.386 ms.
I0418 08:32:33.790899  7952 caffe.cpp:314] Batch 1262, accuracy1+2 = 1
I0418 08:32:33.790899  7952 caffe.cpp:314] Batch 1262, accuracy1+2+3 = 1
I0418 08:32:33.915908  6080 data_layer.cpp:128] Prefetch batch: 125 ms.
I0418 08:32:33.915908  6080 data_layer.cpp:129]      Read time: 93.758 ms.
I0418 08:32:33.915908  6080 data_layer.cpp:130] Transform time: 31.251 ms.
I0418 08:32:34.775319  7952 caffe.cpp:314] Batch 1263, accuracy1+2 = 1
I0418 08:32:34.775319  7952 caffe.cpp:314] Batch 1263, accuracy1+2+3 = 1
I0418 08:32:34.900323  6080 data_layer.cpp:128] Prefetch batch: 125 ms.
I0418 08:32:34.900323  6080 data_layer.cpp:129]      Read time: 78.126 ms.
I0418 08:32:34.900323  6080 data_layer.cpp:130] Transform time: 46.878 ms.
I0418 08:32:35.744102  7952 caffe.cpp:314] Batch 1264, accuracy1+2 = 1
I0418 08:32:35.744102  7952 caffe.cpp:314] Batch 1264, accuracy1+2+3 = 1
I0418 08:32:35.869112  6080 data_layer.cpp:128] Prefetch batch: 125 ms.
I0418 08:32:35.869112  6080 data_layer.cpp:129]      Read time: 93.755 ms.
I0418 08:32:35.869112  6080 data_layer.cpp:130] Transform time: 31.254 ms.
I0418 08:32:36.712901  7952 caffe.cpp:314] Batch 1265, accuracy1+2 = 1
I0418 08:32:36.712901  7952 caffe.cpp:314] Batch 1265, accuracy1+2+3 = 1
I0418 08:32:36.837900  6080 data_layer.cpp:128] Prefetch batch: 124 ms.
I0418 08:32:36.837900  6080 data_layer.cpp:129]      Read time: 93.747 ms.
I0418 08:32:36.837900  6080 data_layer.cpp:130] Transform time: 31.252 ms.
I0418 08:32:37.681684  7952 caffe.cpp:314] Batch 1266, accuracy1+2 = 1
I0418 08:32:37.681684  7952 caffe.cpp:314] Batch 1266, accuracy1+2+3 = 1
I0418 08:32:37.791059  6080 data_layer.cpp:128] Prefetch batch: 109 ms.
I0418 08:32:37.791059  6080 data_layer.cpp:129]      Read time: 0 ms.
I0418 08:32:37.791059  6080 data_layer.cpp:130] Transform time: 109.375 ms.
I0418 08:32:38.666093  7952 caffe.cpp:314] Batch 1267, accuracy1+2 = 1
I0418 08:32:38.666093  7952 caffe.cpp:314] Batch 1267, accuracy1+2+3 = 1
I0418 08:32:38.791101  6080 data_layer.cpp:128] Prefetch batch: 125 ms.
I0418 08:32:38.791101  6080 data_layer.cpp:129]      Read time: 93.757 ms.
I0418 08:32:38.791101  6080 data_layer.cpp:130] Transform time: 31.251 ms.
I0418 08:32:39.666121  7952 caffe.cpp:314] Batch 1268, accuracy1+2 = 1
I0418 08:32:39.666121  7952 caffe.cpp:314] Batch 1268, accuracy1+2+3 = 1
I0418 08:32:39.791126  6080 data_layer.cpp:128] Prefetch batch: 125 ms.
I0418 08:32:39.791126  6080 data_layer.cpp:129]      Read time: 93.754 ms.
I0418 08:32:39.791126  6080 data_layer.cpp:130] Transform time: 31.251 ms.
I0418 08:32:40.681788  7952 caffe.cpp:314] Batch 1269, accuracy1+2 = 1
I0418 08:32:40.681788  7952 caffe.cpp:314] Batch 1269, accuracy1+2+3 = 1
I0418 08:32:40.806793  6080 data_layer.cpp:128] Prefetch batch: 125 ms.
I0418 08:32:40.806793  6080 data_layer.cpp:129]      Read time: 93.753 ms.
I0418 08:32:40.806793  6080 data_layer.cpp:130] Transform time: 31.252 ms.
I0418 08:32:41.666216  7952 caffe.cpp:314] Batch 1270, accuracy1+2 = 1
I0418 08:32:41.666216  7952 caffe.cpp:314] Batch 1270, accuracy1+2+3 = 1
I0418 08:32:41.791218  6080 data_layer.cpp:128] Prefetch batch: 125 ms.
I0418 08:32:41.791218  6080 data_layer.cpp:129]      Read time: 62.501 ms.
I0418 08:32:41.791218  6080 data_layer.cpp:130] Transform time: 62.5 ms.
I0418 08:32:42.635291  7952 caffe.cpp:314] Batch 1271, accuracy1+2 = 1
I0418 08:32:42.635291  7952 caffe.cpp:314] Batch 1271, accuracy1+2+3 = 1
I0418 08:32:42.760001  6080 data_layer.cpp:128] Prefetch batch: 124 ms.
I0418 08:32:42.760001  6080 data_layer.cpp:129]      Read time: 30.961 ms.
I0418 08:32:42.760001  6080 data_layer.cpp:130] Transform time: 93.749 ms.
I0418 08:32:43.603790  7952 caffe.cpp:314] Batch 1272, accuracy1+2 = 1
I0418 08:32:43.603790  7952 caffe.cpp:314] Batch 1272, accuracy1+2+3 = 1
I0418 08:32:43.728792  6080 data_layer.cpp:128] Prefetch batch: 125 ms.
I0418 08:32:43.728792  6080 data_layer.cpp:129]      Read time: 93.75 ms.
I0418 08:32:43.728792  6080 data_layer.cpp:130] Transform time: 31.253 ms.
I0418 08:32:44.588199  7952 caffe.cpp:314] Batch 1273, accuracy1+2 = 1
I0418 08:32:44.588199  7952 caffe.cpp:314] Batch 1273, accuracy1+2+3 = 1
I0418 08:32:44.713207  6080 data_layer.cpp:128] Prefetch batch: 125 ms.
I0418 08:32:44.713207  6080 data_layer.cpp:129]      Read time: 93.754 ms.
I0418 08:32:44.713207  6080 data_layer.cpp:130] Transform time: 31.253 ms.
I0418 08:32:45.572616  7952 caffe.cpp:314] Batch 1274, accuracy1+2 = 1
I0418 08:32:45.572616  7952 caffe.cpp:314] Batch 1274, accuracy1+2+3 = 1
I0418 08:32:45.697616  6080 data_layer.cpp:128] Prefetch batch: 125 ms.
I0418 08:32:45.697616  6080 data_layer.cpp:129]      Read time: 78.126 ms.
I0418 08:32:45.697616  6080 data_layer.cpp:130] Transform time: 46.874 ms.
I0418 08:32:46.541399  7952 caffe.cpp:314] Batch 1275, accuracy1+2 = 1
I0418 08:32:46.541399  7952 caffe.cpp:314] Batch 1275, accuracy1+2+3 = 1
I0418 08:32:46.650781  6080 data_layer.cpp:128] Prefetch batch: 109 ms.
I0418 08:32:46.650781  6080 data_layer.cpp:129]      Read time: 0 ms.
I0418 08:32:46.650781  6080 data_layer.cpp:130] Transform time: 109.382 ms.
I0418 08:32:47.510195  7952 caffe.cpp:314] Batch 1276, accuracy1+2 = 1
I0418 08:32:47.510195  7952 caffe.cpp:314] Batch 1276, accuracy1+2+3 = 1
I0418 08:32:47.635196  6080 data_layer.cpp:128] Prefetch batch: 125 ms.
I0418 08:32:47.635196  6080 data_layer.cpp:129]      Read time: 93.754 ms.
I0418 08:32:47.635196  6080 data_layer.cpp:130] Transform time: 31.248 ms.
I0418 08:32:48.494601  7952 caffe.cpp:314] Batch 1277, accuracy1+2 = 1
I0418 08:32:48.494601  7952 caffe.cpp:314] Batch 1277, accuracy1+2+3 = 1
I0418 08:32:48.619613  6080 data_layer.cpp:128] Prefetch batch: 125 ms.
I0418 08:32:48.619613  6080 data_layer.cpp:129]      Read time: 93.757 ms.
I0418 08:32:48.619613  6080 data_layer.cpp:130] Transform time: 31.255 ms.
I0418 08:32:49.463389  7952 caffe.cpp:314] Batch 1278, accuracy1+2 = 1
I0418 08:32:49.463389  7952 caffe.cpp:314] Batch 1278, accuracy1+2+3 = 1
I0418 08:32:49.588394  6080 data_layer.cpp:128] Prefetch batch: 125 ms.
I0418 08:32:49.588394  6080 data_layer.cpp:129]      Read time: 93.758 ms.
I0418 08:32:49.588394  6080 data_layer.cpp:130] Transform time: 31.247 ms.
I0418 08:32:50.432181  7952 caffe.cpp:314] Batch 1279, accuracy1+2 = 1
I0418 08:32:50.432181  7952 caffe.cpp:314] Batch 1279, accuracy1+2+3 = 1
I0418 08:32:50.557185  6080 data_layer.cpp:128] Prefetch batch: 125 ms.
I0418 08:32:50.557185  6080 data_layer.cpp:129]      Read time: 93.756 ms.
I0418 08:32:50.557185  6080 data_layer.cpp:130] Transform time: 31.248 ms.
I0418 08:32:51.400967  7952 caffe.cpp:314] Batch 1280, accuracy1+2 = 1
I0418 08:32:51.400967  7952 caffe.cpp:314] Batch 1280, accuracy1+2+3 = 1
I0418 08:32:51.510349  6080 data_layer.cpp:128] Prefetch batch: 109 ms.
I0418 08:32:51.510349  6080 data_layer.cpp:129]      Read time: 0 ms.
I0418 08:32:51.510349  6080 data_layer.cpp:130] Transform time: 109.382 ms.
I0418 08:32:52.385385  7952 caffe.cpp:314] Batch 1281, accuracy1+2 = 1
I0418 08:32:52.385385  7952 caffe.cpp:314] Batch 1281, accuracy1+2+3 = 1
I0418 08:32:52.510396  6080 data_layer.cpp:128] Prefetch batch: 125 ms.
I0418 08:32:52.510396  6080 data_layer.cpp:129]      Read time: 78.13 ms.
I0418 08:32:52.510396  6080 data_layer.cpp:130] Transform time: 46.881 ms.
I0418 08:32:53.354174  7952 caffe.cpp:314] Batch 1282, accuracy1+2 = 1
I0418 08:32:53.354174  7952 caffe.cpp:314] Batch 1282, accuracy1+2+3 = 1
I0418 08:32:53.479179  6080 data_layer.cpp:128] Prefetch batch: 125 ms.
I0418 08:32:53.479179  6080 data_layer.cpp:129]      Read time: 93.746 ms.
I0418 08:32:53.479179  6080 data_layer.cpp:130] Transform time: 31.259 ms.
I0418 08:32:54.322962  7952 caffe.cpp:314] Batch 1283, accuracy1+2 = 1
I0418 08:32:54.322962  7952 caffe.cpp:314] Batch 1283, accuracy1+2+3 = 1
I0418 08:32:54.447965  6080 data_layer.cpp:128] Prefetch batch: 125 ms.
I0418 08:32:54.463585  6080 data_layer.cpp:129]      Read time: 93.751 ms.
I0418 08:32:54.463585  6080 data_layer.cpp:130] Transform time: 31.253 ms.
I0418 08:32:55.307374  7952 caffe.cpp:314] Batch 1284, accuracy1+2 = 1
I0418 08:32:55.307374  7952 caffe.cpp:314] Batch 1284, accuracy1+2+3 = 1
I0418 08:32:55.432374  6080 data_layer.cpp:128] Prefetch batch: 125 ms.
I0418 08:32:55.432374  6080 data_layer.cpp:129]      Read time: 78.123 ms.
I0418 08:32:55.432374  6080 data_layer.cpp:130] Transform time: 46.877 ms.
I0418 08:32:56.276159  7952 caffe.cpp:314] Batch 1285, accuracy1+2 = 1
I0418 08:32:56.276159  7952 caffe.cpp:314] Batch 1285, accuracy1+2+3 = 1
I0418 08:32:56.369910  6080 data_layer.cpp:128] Prefetch batch: 93 ms.
I0418 08:32:56.369910  6080 data_layer.cpp:129]      Read time: 0 ms.
I0418 08:32:56.369910  6080 data_layer.cpp:130] Transform time: 93.752 ms.
I0418 08:32:57.244946  7952 caffe.cpp:314] Batch 1286, accuracy1+2 = 0
I0418 08:32:57.244946  7952 caffe.cpp:314] Batch 1286, accuracy1+2+3 = 0
I0418 08:32:57.369953  6080 data_layer.cpp:128] Prefetch batch: 125 ms.
I0418 08:32:57.369953  6080 data_layer.cpp:129]      Read time: 93.757 ms.
I0418 08:32:57.369953  6080 data_layer.cpp:130] Transform time: 31.25 ms.
I0418 08:32:58.229358  7952 caffe.cpp:314] Batch 1287, accuracy1+2 = 1
I0418 08:32:58.229358  7952 caffe.cpp:314] Batch 1287, accuracy1+2+3 = 1
I0418 08:32:58.354364  6080 data_layer.cpp:128] Prefetch batch: 125 ms.
I0418 08:32:58.354364  6080 data_layer.cpp:129]      Read time: 78.133 ms.
I0418 08:32:58.354364  6080 data_layer.cpp:130] Transform time: 46.873 ms.
I0418 08:32:59.198148  7952 caffe.cpp:314] Batch 1288, accuracy1+2 = 1
I0418 08:32:59.198148  7952 caffe.cpp:314] Batch 1288, accuracy1+2+3 = 1
I0418 08:32:59.323158  6080 data_layer.cpp:128] Prefetch batch: 125 ms.
I0418 08:32:59.323158  6080 data_layer.cpp:129]      Read time: 93.757 ms.
I0418 08:32:59.323158  6080 data_layer.cpp:130] Transform time: 31.253 ms.
I0418 08:33:00.166934  7952 caffe.cpp:314] Batch 1289, accuracy1+2 = 1
I0418 08:33:00.166934  7952 caffe.cpp:314] Batch 1289, accuracy1+2+3 = 1
I0418 08:33:00.291939  6080 data_layer.cpp:128] Prefetch batch: 125 ms.
I0418 08:33:00.291939  6080 data_layer.cpp:129]      Read time: 93.76 ms.
I0418 08:33:00.291939  6080 data_layer.cpp:130] Transform time: 31.244 ms.
I0418 08:33:01.135725  7952 caffe.cpp:314] Batch 1290, accuracy1+2 = 1
I0418 08:33:01.151345  7952 caffe.cpp:314] Batch 1290, accuracy1+2+3 = 1
I0418 08:33:01.245106  6080 data_layer.cpp:128] Prefetch batch: 93 ms.
I0418 08:33:01.245106  6080 data_layer.cpp:129]      Read time: 0 ms.
I0418 08:33:01.245106  6080 data_layer.cpp:130] Transform time: 93.761 ms.
I0418 08:33:02.120149  7952 caffe.cpp:314] Batch 1291, accuracy1+2 = 1
I0418 08:33:02.120149  7952 caffe.cpp:314] Batch 1291, accuracy1+2+3 = 1
I0418 08:33:02.245146  6080 data_layer.cpp:128] Prefetch batch: 124 ms.
I0418 08:33:02.245146  6080 data_layer.cpp:129]      Read time: 93.755 ms.
I0418 08:33:02.245146  6080 data_layer.cpp:130] Transform time: 31.242 ms.
I0418 08:33:03.088930  7952 caffe.cpp:314] Batch 1292, accuracy1+2 = 1
I0418 08:33:03.088930  7952 caffe.cpp:314] Batch 1292, accuracy1+2+3 = 1
I0418 08:33:03.213928  6080 data_layer.cpp:128] Prefetch batch: 124 ms.
I0418 08:33:03.213928  6080 data_layer.cpp:129]      Read time: 93.754 ms.
I0418 08:33:03.213928  6080 data_layer.cpp:130] Transform time: 31.244 ms.
I0418 08:33:04.073343  7952 caffe.cpp:314] Batch 1293, accuracy1+2 = 1
I0418 08:33:04.073343  7952 caffe.cpp:314] Batch 1293, accuracy1+2+3 = 1
I0418 08:33:04.198346  6080 data_layer.cpp:128] Prefetch batch: 125 ms.
I0418 08:33:04.198346  6080 data_layer.cpp:129]      Read time: 93.752 ms.
I0418 08:33:04.198346  6080 data_layer.cpp:130] Transform time: 31.252 ms.
I0418 08:33:05.042129  7952 caffe.cpp:314] Batch 1294, accuracy1+2 = 1
I0418 08:33:05.042129  7952 caffe.cpp:314] Batch 1294, accuracy1+2+3 = 1
I0418 08:33:05.167135  6080 data_layer.cpp:128] Prefetch batch: 125 ms.
I0418 08:33:05.167135  6080 data_layer.cpp:129]      Read time: 93.756 ms.
I0418 08:33:05.167135  6080 data_layer.cpp:130] Transform time: 31.25 ms.
I0418 08:33:06.010915  7952 caffe.cpp:314] Batch 1295, accuracy1+2 = 1
I0418 08:33:06.010915  7952 caffe.cpp:314] Batch 1295, accuracy1+2+3 = 1
I0418 08:33:06.120298  6080 data_layer.cpp:128] Prefetch batch: 109 ms.
I0418 08:33:06.120298  6080 data_layer.cpp:129]      Read time: 0 ms.
I0418 08:33:06.120298  6080 data_layer.cpp:130] Transform time: 109.383 ms.
I0418 08:33:06.995329  7952 caffe.cpp:314] Batch 1296, accuracy1+2 = 1
I0418 08:33:06.995329  7952 caffe.cpp:314] Batch 1296, accuracy1+2+3 = 1
I0418 08:33:07.120335  6080 data_layer.cpp:128] Prefetch batch: 125 ms.
I0418 08:33:07.120335  6080 data_layer.cpp:129]      Read time: 78.125 ms.
I0418 08:33:07.120335  6080 data_layer.cpp:130] Transform time: 46.881 ms.
I0418 08:33:07.964118  7952 caffe.cpp:314] Batch 1297, accuracy1+2 = 1
I0418 08:33:07.964118  7952 caffe.cpp:314] Batch 1297, accuracy1+2+3 = 1
I0418 08:33:08.089124  6080 data_layer.cpp:128] Prefetch batch: 125 ms.
I0418 08:33:08.089124  6080 data_layer.cpp:129]      Read time: 93.757 ms.
I0418 08:33:08.089124  6080 data_layer.cpp:130] Transform time: 31.249 ms.
I0418 08:33:08.932906  7952 caffe.cpp:314] Batch 1298, accuracy1+2 = 1
I0418 08:33:08.932906  7952 caffe.cpp:314] Batch 1298, accuracy1+2+3 = 1
I0418 08:33:09.057912  6080 data_layer.cpp:128] Prefetch batch: 125 ms.
I0418 08:33:09.057912  6080 data_layer.cpp:129]      Read time: 93.764 ms.
I0418 08:33:09.057912  6080 data_layer.cpp:130] Transform time: 31.242 ms.
I0418 08:33:09.917317  7952 caffe.cpp:314] Batch 1299, accuracy1+2 = 1
I0418 08:33:09.917317  7952 caffe.cpp:314] Batch 1299, accuracy1+2+3 = 1
I0418 08:33:10.042330  6080 data_layer.cpp:128] Prefetch batch: 125 ms.
I0418 08:33:10.042330  6080 data_layer.cpp:129]      Read time: 78.135 ms.
I0418 08:33:10.042330  6080 data_layer.cpp:130] Transform time: 46.877 ms.
I0418 08:33:10.886111  7952 caffe.cpp:314] Batch 1300, accuracy1+2 = 1
I0418 08:33:10.886111  7952 caffe.cpp:314] Batch 1300, accuracy1+2+3 = 1
I0418 08:33:10.995492  6080 data_layer.cpp:128] Prefetch batch: 109 ms.
I0418 08:33:10.995492  6080 data_layer.cpp:129]      Read time: 0 ms.
I0418 08:33:10.995492  6080 data_layer.cpp:130] Transform time: 109.382 ms.
I0418 08:33:11.854892  7952 caffe.cpp:314] Batch 1301, accuracy1+2 = 1
I0418 08:33:11.854892  7952 caffe.cpp:314] Batch 1301, accuracy1+2+3 = 1
I0418 08:33:11.979900  6080 data_layer.cpp:128] Prefetch batch: 125 ms.
I0418 08:33:11.995527  6080 data_layer.cpp:129]      Read time: 93.754 ms.
I0418 08:33:11.995527  6080 data_layer.cpp:130] Transform time: 31.254 ms.
I0418 08:33:12.839310  7952 caffe.cpp:314] Batch 1302, accuracy1+2 = 1
I0418 08:33:12.839310  7952 caffe.cpp:314] Batch 1302, accuracy1+2+3 = 1
I0418 08:33:12.964316  6080 data_layer.cpp:128] Prefetch batch: 125 ms.
I0418 08:33:12.964316  6080 data_layer.cpp:129]      Read time: 93.757 ms.
I0418 08:33:12.964316  6080 data_layer.cpp:130] Transform time: 31.249 ms.
I0418 08:33:13.808099  7952 caffe.cpp:314] Batch 1303, accuracy1+2 = 1
I0418 08:33:13.808099  7952 caffe.cpp:314] Batch 1303, accuracy1+2+3 = 1
I0418 08:33:13.933099  6080 data_layer.cpp:128] Prefetch batch: 125 ms.
I0418 08:33:13.933099  6080 data_layer.cpp:129]      Read time: 93.752 ms.
I0418 08:33:13.933099  6080 data_layer.cpp:130] Transform time: 31.249 ms.
I0418 08:33:14.792513  7952 caffe.cpp:314] Batch 1304, accuracy1+2 = 1
I0418 08:33:14.792513  7952 caffe.cpp:314] Batch 1304, accuracy1+2+3 = 1
I0418 08:33:14.886266  6080 data_layer.cpp:128] Prefetch batch: 93 ms.
I0418 08:33:14.886266  6080 data_layer.cpp:129]      Read time: 0 ms.
I0418 08:33:14.886266  6080 data_layer.cpp:130] Transform time: 93.753 ms.
I0418 08:33:15.761301  7952 caffe.cpp:314] Batch 1305, accuracy1+2 = 1
I0418 08:33:15.761301  7952 caffe.cpp:314] Batch 1305, accuracy1+2+3 = 1
I0418 08:33:15.886299  6080 data_layer.cpp:128] Prefetch batch: 124 ms.
I0418 08:33:15.886299  6080 data_layer.cpp:129]      Read time: 93.754 ms.
I0418 08:33:15.886299  6080 data_layer.cpp:130] Transform time: 31.244 ms.
I0418 08:33:16.761340  7952 caffe.cpp:314] Batch 1306, accuracy1+2 = 1
I0418 08:33:16.761340  7952 caffe.cpp:314] Batch 1306, accuracy1+2+3 = 1
I0418 08:33:16.886337  6080 data_layer.cpp:128] Prefetch batch: 124 ms.
I0418 08:33:16.886337  6080 data_layer.cpp:129]      Read time: 93.751 ms.
I0418 08:33:16.886337  6080 data_layer.cpp:130] Transform time: 31.246 ms.
I0418 08:33:17.777000  7952 caffe.cpp:314] Batch 1307, accuracy1+2 = 1
I0418 08:33:17.777000  7952 caffe.cpp:314] Batch 1307, accuracy1+2+3 = 1
I0418 08:33:17.902006  6080 data_layer.cpp:128] Prefetch batch: 125 ms.
I0418 08:33:17.902006  6080 data_layer.cpp:129]      Read time: 78.134 ms.
I0418 08:33:17.902006  6080 data_layer.cpp:130] Transform time: 46.872 ms.
I0418 08:33:18.761417  7952 caffe.cpp:314] Batch 1308, accuracy1+2 = 1
I0418 08:33:18.761417  7952 caffe.cpp:314] Batch 1308, accuracy1+2+3 = 1
I0418 08:33:18.855167  6080 data_layer.cpp:128] Prefetch batch: 93 ms.
I0418 08:33:18.855167  6080 data_layer.cpp:129]      Read time: 0 ms.
I0418 08:33:18.855167  6080 data_layer.cpp:130] Transform time: 93.75 ms.
I0418 08:33:19.730201  7952 caffe.cpp:314] Batch 1309, accuracy1+2 = 1
I0418 08:33:19.730201  7952 caffe.cpp:314] Batch 1309, accuracy1+2+3 = 1
I0418 08:33:19.855212  6080 data_layer.cpp:128] Prefetch batch: 125 ms.
I0418 08:33:19.855212  6080 data_layer.cpp:129]      Read time: 93.755 ms.
I0418 08:33:19.855212  6080 data_layer.cpp:130] Transform time: 31.256 ms.
I0418 08:33:20.698990  7952 caffe.cpp:314] Batch 1310, accuracy1+2 = 1
I0418 08:33:20.698990  7952 caffe.cpp:314] Batch 1310, accuracy1+2+3 = 1
I0418 08:33:20.823995  6080 data_layer.cpp:128] Prefetch batch: 125 ms.
I0418 08:33:20.823995  6080 data_layer.cpp:129]      Read time: 93.756 ms.
I0418 08:33:20.823995  6080 data_layer.cpp:130] Transform time: 31.249 ms.
I0418 08:33:21.667784  7952 caffe.cpp:314] Batch 1311, accuracy1+2 = 1
I0418 08:33:21.667784  7952 caffe.cpp:314] Batch 1311, accuracy1+2+3 = 1
I0418 08:33:21.777163  6080 data_layer.cpp:128] Prefetch batch: 109 ms.
I0418 08:33:21.777163  6080 data_layer.cpp:129]      Read time: 0 ms.
I0418 08:33:21.777163  6080 data_layer.cpp:130] Transform time: 109.379 ms.
I0418 08:33:22.652197  7952 caffe.cpp:314] Batch 1312, accuracy1+2 = 1
I0418 08:33:22.652197  7952 caffe.cpp:314] Batch 1312, accuracy1+2+3 = 1
I0418 08:33:22.777199  6080 data_layer.cpp:128] Prefetch batch: 125 ms.
I0418 08:33:22.777199  6080 data_layer.cpp:129]      Read time: 78.126 ms.
I0418 08:33:22.777199  6080 data_layer.cpp:130] Transform time: 46.875 ms.
I0418 08:33:23.620980  7952 caffe.cpp:314] Batch 1313, accuracy1+2 = 1
I0418 08:33:23.620980  7952 caffe.cpp:314] Batch 1313, accuracy1+2+3 = 1
I0418 08:33:23.745983  6080 data_layer.cpp:128] Prefetch batch: 125 ms.
I0418 08:33:23.745983  6080 data_layer.cpp:129]      Read time: 93.759 ms.
I0418 08:33:23.745983  6080 data_layer.cpp:130] Transform time: 31.244 ms.
I0418 08:33:24.589771  7952 caffe.cpp:314] Batch 1314, accuracy1+2 = 0
I0418 08:33:24.589771  7952 caffe.cpp:314] Batch 1314, accuracy1+2+3 = 0
I0418 08:33:24.714778  6080 data_layer.cpp:128] Prefetch batch: 125 ms.
I0418 08:33:24.714778  6080 data_layer.cpp:129]      Read time: 93.757 ms.
I0418 08:33:24.714778  6080 data_layer.cpp:130] Transform time: 31.25 ms.
I0418 08:33:25.574183  7952 caffe.cpp:314] Batch 1315, accuracy1+2 = 1
I0418 08:33:25.574183  7952 caffe.cpp:314] Batch 1315, accuracy1+2+3 = 1
I0418 08:33:25.699187  6080 data_layer.cpp:128] Prefetch batch: 125 ms.
I0418 08:33:25.699187  6080 data_layer.cpp:129]      Read time: 78.127 ms.
I0418 08:33:25.699187  6080 data_layer.cpp:130] Transform time: 46.876 ms.
I0418 08:33:26.542975  7952 caffe.cpp:314] Batch 1316, accuracy1+2 = 1
I0418 08:33:26.542975  7952 caffe.cpp:314] Batch 1316, accuracy1+2+3 = 1
I0418 08:33:26.667980  6080 data_layer.cpp:128] Prefetch batch: 125 ms.
I0418 08:33:26.667980  6080 data_layer.cpp:129]      Read time: 93.749 ms.
I0418 08:33:26.667980  6080 data_layer.cpp:130] Transform time: 31.256 ms.
I0418 08:33:27.511761  7952 caffe.cpp:314] Batch 1317, accuracy1+2 = 1
I0418 08:33:27.511761  7952 caffe.cpp:314] Batch 1317, accuracy1+2+3 = 1
I0418 08:33:27.621140  6080 data_layer.cpp:128] Prefetch batch: 109 ms.
I0418 08:33:27.621140  6080 data_layer.cpp:129]      Read time: 0 ms.
I0418 08:33:27.621140  6080 data_layer.cpp:130] Transform time: 109.378 ms.
I0418 08:33:28.480551  7952 caffe.cpp:314] Batch 1318, accuracy1+2 = 1
I0418 08:33:28.480551  7952 caffe.cpp:314] Batch 1318, accuracy1+2+3 = 1
I0418 08:33:28.605557  6080 data_layer.cpp:128] Prefetch batch: 125 ms.
I0418 08:33:28.605557  6080 data_layer.cpp:129]      Read time: 93.754 ms.
I0418 08:33:28.605557  6080 data_layer.cpp:130] Transform time: 31.252 ms.
I0418 08:33:29.464962  7952 caffe.cpp:314] Batch 1319, accuracy1+2 = 1
I0418 08:33:29.464962  7952 caffe.cpp:314] Batch 1319, accuracy1+2+3 = 1
I0418 08:33:29.589963  6080 data_layer.cpp:128] Prefetch batch: 125 ms.
I0418 08:33:29.589963  6080 data_layer.cpp:129]      Read time: 78.131 ms.
I0418 08:33:29.589963  6080 data_layer.cpp:130] Transform time: 46.871 ms.
I0418 08:33:30.433750  7952 caffe.cpp:314] Batch 1320, accuracy1+2 = 1
I0418 08:33:30.433750  7952 caffe.cpp:314] Batch 1320, accuracy1+2+3 = 1
I0418 08:33:30.558751  6080 data_layer.cpp:128] Prefetch batch: 125 ms.
I0418 08:33:30.558751  6080 data_layer.cpp:129]      Read time: 93.756 ms.
I0418 08:33:30.558751  6080 data_layer.cpp:130] Transform time: 31.245 ms.
I0418 08:33:31.402537  7952 caffe.cpp:314] Batch 1321, accuracy1+2 = 1
I0418 08:33:31.402537  7952 caffe.cpp:314] Batch 1321, accuracy1+2+3 = 1
I0418 08:33:31.527539  6080 data_layer.cpp:128] Prefetch batch: 125 ms.
I0418 08:33:31.527539  6080 data_layer.cpp:129]      Read time: 93.754 ms.
I0418 08:33:31.527539  6080 data_layer.cpp:130] Transform time: 31.248 ms.
I0418 08:33:32.386955  7952 caffe.cpp:314] Batch 1322, accuracy1+2 = 1
I0418 08:33:32.386955  7952 caffe.cpp:314] Batch 1322, accuracy1+2+3 = 1
I0418 08:33:32.480708  6080 data_layer.cpp:128] Prefetch batch: 93 ms.
I0418 08:33:32.480708  6080 data_layer.cpp:129]      Read time: 0 ms.
I0418 08:33:32.480708  6080 data_layer.cpp:130] Transform time: 93.754 ms.
I0418 08:33:33.355737  7952 caffe.cpp:314] Batch 1323, accuracy1+2 = 1
I0418 08:33:33.355737  7952 caffe.cpp:314] Batch 1323, accuracy1+2+3 = 1
I0418 08:33:33.480752  6080 data_layer.cpp:128] Prefetch batch: 125 ms.
I0418 08:33:33.480752  6080 data_layer.cpp:129]      Read time: 93.756 ms.
I0418 08:33:33.480752  6080 data_layer.cpp:130] Transform time: 31.259 ms.
I0418 08:33:34.324527  7952 caffe.cpp:314] Batch 1324, accuracy1+2 = 1
I0418 08:33:34.324527  7952 caffe.cpp:314] Batch 1324, accuracy1+2+3 = 1
I0418 08:33:34.449529  6080 data_layer.cpp:128] Prefetch batch: 125 ms.
I0418 08:33:34.449529  6080 data_layer.cpp:129]      Read time: 93.758 ms.
I0418 08:33:34.449529  6080 data_layer.cpp:130] Transform time: 31.245 ms.
I0418 08:33:35.308938  7952 caffe.cpp:314] Batch 1325, accuracy1+2 = 1
I0418 08:33:35.308938  7952 caffe.cpp:314] Batch 1325, accuracy1+2+3 = 1
I0418 08:33:35.433945  6080 data_layer.cpp:128] Prefetch batch: 125 ms.
I0418 08:33:35.433945  6080 data_layer.cpp:129]      Read time: 78.127 ms.
I0418 08:33:35.433945  6080 data_layer.cpp:130] Transform time: 46.88 ms.
I0418 08:33:36.293354  7952 caffe.cpp:314] Batch 1326, accuracy1+2 = 1
I0418 08:33:36.293354  7952 caffe.cpp:314] Batch 1326, accuracy1+2+3 = 1
I0418 08:33:36.418354  6080 data_layer.cpp:128] Prefetch batch: 125 ms.
I0418 08:33:36.418354  6080 data_layer.cpp:129]      Read time: 78.127 ms.
I0418 08:33:36.418354  6080 data_layer.cpp:130] Transform time: 46.873 ms.
I0418 08:33:37.262145  7952 caffe.cpp:314] Batch 1327, accuracy1+2 = 1
I0418 08:33:37.262145  7952 caffe.cpp:314] Batch 1327, accuracy1+2+3 = 1
I0418 08:33:37.371520  6080 data_layer.cpp:128] Prefetch batch: 109 ms.
I0418 08:33:37.371520  6080 data_layer.cpp:129]      Read time: 0 ms.
I0418 08:33:37.371520  6080 data_layer.cpp:130] Transform time: 109.375 ms.
I0418 08:33:38.246556  7952 caffe.cpp:314] Batch 1328, accuracy1+2 = 1
I0418 08:33:38.246556  7952 caffe.cpp:314] Batch 1328, accuracy1+2+3 = 1
I0418 08:33:38.371562  6080 data_layer.cpp:128] Prefetch batch: 125 ms.
I0418 08:33:38.371562  6080 data_layer.cpp:129]      Read time: 93.757 ms.
I0418 08:33:38.371562  6080 data_layer.cpp:130] Transform time: 31.249 ms.
I0418 08:33:39.230973  7952 caffe.cpp:314] Batch 1329, accuracy1+2 = 1
I0418 08:33:39.230973  7952 caffe.cpp:314] Batch 1329, accuracy1+2+3 = 1
I0418 08:33:39.355978  6080 data_layer.cpp:128] Prefetch batch: 125 ms.
I0418 08:33:39.355978  6080 data_layer.cpp:129]      Read time: 93.74 ms.
I0418 08:33:39.355978  6080 data_layer.cpp:130] Transform time: 31.264 ms.
I0418 08:33:40.199759  7952 caffe.cpp:314] Batch 1330, accuracy1+2 = 0
I0418 08:33:40.199759  7952 caffe.cpp:314] Batch 1330, accuracy1+2+3 = 0
I0418 08:33:40.340392  6080 data_layer.cpp:128] Prefetch batch: 140 ms.
I0418 08:33:40.340392  6080 data_layer.cpp:129]      Read time: 93.754 ms.
I0418 08:33:40.340392  6080 data_layer.cpp:130] Transform time: 31.239 ms.
I0418 08:33:41.184161  7952 caffe.cpp:314] Batch 1331, accuracy1+2 = 1
I0418 08:33:41.184161  7952 caffe.cpp:314] Batch 1331, accuracy1+2+3 = 1
I0418 08:33:41.309166  6080 data_layer.cpp:128] Prefetch batch: 125 ms.
I0418 08:33:41.309166  6080 data_layer.cpp:129]      Read time: 109.38 ms.
I0418 08:33:41.309166  6080 data_layer.cpp:130] Transform time: 15.625 ms.
I0418 08:33:42.168575  7952 caffe.cpp:314] Batch 1332, accuracy1+2 = 0
I0418 08:33:42.168575  7952 caffe.cpp:314] Batch 1332, accuracy1+2+3 = 0
I0418 08:33:42.309206  6080 data_layer.cpp:128] Prefetch batch: 140 ms.
I0418 08:33:42.324831  6080 data_layer.cpp:129]      Read time: 125.005 ms.
I0418 08:33:42.324831  6080 data_layer.cpp:130] Transform time: 15.626 ms.
I0418 08:33:43.137362  7952 caffe.cpp:314] Batch 1333, accuracy1+2 = 1
I0418 08:33:43.137362  7952 caffe.cpp:314] Batch 1333, accuracy1+2+3 = 1
I0418 08:33:43.262367  6080 data_layer.cpp:128] Prefetch batch: 125 ms.
I0418 08:33:43.262367  6080 data_layer.cpp:129]      Read time: 93.754 ms.
I0418 08:33:43.262367  6080 data_layer.cpp:130] Transform time: 31.251 ms.
I0418 08:33:44.121784  7952 caffe.cpp:314] Batch 1334, accuracy1+2 = 0
I0418 08:33:44.121784  7952 caffe.cpp:314] Batch 1334, accuracy1+2+3 = 1
I0418 08:33:44.246793  6080 data_layer.cpp:128] Prefetch batch: 125 ms.
I0418 08:33:44.246793  6080 data_layer.cpp:129]      Read time: 93.757 ms.
I0418 08:33:44.246793  6080 data_layer.cpp:130] Transform time: 31.251 ms.
I0418 08:33:45.106200  7952 caffe.cpp:314] Batch 1335, accuracy1+2 = 1
I0418 08:33:45.106200  7952 caffe.cpp:314] Batch 1335, accuracy1+2+3 = 1
I0418 08:33:45.231215  6080 data_layer.cpp:128] Prefetch batch: 125 ms.
I0418 08:33:45.231215  6080 data_layer.cpp:129]      Read time: 93.758 ms.
I0418 08:33:45.231215  6080 data_layer.cpp:130] Transform time: 31.256 ms.
I0418 08:33:46.090613  7952 caffe.cpp:314] Batch 1336, accuracy1+2 = 0
I0418 08:33:46.090613  7952 caffe.cpp:314] Batch 1336, accuracy1+2+3 = 1
I0418 08:33:46.184370  6080 data_layer.cpp:128] Prefetch batch: 93 ms.
I0418 08:33:46.184370  6080 data_layer.cpp:129]      Read time: 0 ms.
I0418 08:33:46.184370  6080 data_layer.cpp:130] Transform time: 93.757 ms.
I0418 08:33:47.059398  7952 caffe.cpp:314] Batch 1337, accuracy1+2 = 1
I0418 08:33:47.059398  7952 caffe.cpp:314] Batch 1337, accuracy1+2+3 = 0
I0418 08:33:47.184408  6080 data_layer.cpp:128] Prefetch batch: 125 ms.
I0418 08:33:47.184408  6080 data_layer.cpp:129]      Read time: 93.758 ms.
I0418 08:33:47.184408  6080 data_layer.cpp:130] Transform time: 31.252 ms.
I0418 08:33:48.059432  7952 caffe.cpp:314] Batch 1338, accuracy1+2 = 1
I0418 08:33:48.059432  7952 caffe.cpp:314] Batch 1338, accuracy1+2+3 = 1
I0418 08:33:48.184435  6080 data_layer.cpp:128] Prefetch batch: 125 ms.
I0418 08:33:48.184435  6080 data_layer.cpp:129]      Read time: 93.753 ms.
I0418 08:33:48.184435  6080 data_layer.cpp:130] Transform time: 31.251 ms.
I0418 08:33:49.059483  7952 caffe.cpp:314] Batch 1339, accuracy1+2 = 0
I0418 08:33:49.059483  7952 caffe.cpp:314] Batch 1339, accuracy1+2+3 = 0
I0418 08:33:49.184489  6080 data_layer.cpp:128] Prefetch batch: 125 ms.
I0418 08:33:49.184489  6080 data_layer.cpp:129]      Read time: 93.756 ms.
I0418 08:33:49.184489  6080 data_layer.cpp:130] Transform time: 31.25 ms.
I0418 08:33:50.043897  7952 caffe.cpp:314] Batch 1340, accuracy1+2 = 1
I0418 08:33:50.043897  7952 caffe.cpp:314] Batch 1340, accuracy1+2+3 = 1
I0418 08:33:50.137643  6080 data_layer.cpp:128] Prefetch batch: 93 ms.
I0418 08:33:50.137643  6080 data_layer.cpp:129]      Read time: 0 ms.
I0418 08:33:50.137643  6080 data_layer.cpp:130] Transform time: 93.746 ms.
I0418 08:33:51.028309  7952 caffe.cpp:314] Batch 1341, accuracy1+2 = 0
I0418 08:33:51.028309  7952 caffe.cpp:314] Batch 1341, accuracy1+2+3 = 0
I0418 08:33:51.153316  6080 data_layer.cpp:128] Prefetch batch: 125 ms.
I0418 08:33:51.153316  6080 data_layer.cpp:129]      Read time: 78.124 ms.
I0418 08:33:51.153316  6080 data_layer.cpp:130] Transform time: 46.882 ms.
I0418 08:33:52.012723  7952 caffe.cpp:314] Batch 1342, accuracy1+2 = 1
I0418 08:33:52.012723  7952 caffe.cpp:314] Batch 1342, accuracy1+2+3 = 1
I0418 08:33:52.137727  6080 data_layer.cpp:128] Prefetch batch: 125 ms.
I0418 08:33:52.137727  6080 data_layer.cpp:129]      Read time: 78.125 ms.
I0418 08:33:52.137727  6080 data_layer.cpp:130] Transform time: 46.879 ms.
I0418 08:33:52.981539  7952 caffe.cpp:314] Batch 1343, accuracy1+2 = 0
I0418 08:33:52.981539  7952 caffe.cpp:314] Batch 1343, accuracy1+2+3 = 0
I0418 08:33:53.106510  6080 data_layer.cpp:128] Prefetch batch: 124 ms.
I0418 08:33:53.106510  6080 data_layer.cpp:129]      Read time: 93.722 ms.
I0418 08:33:53.106510  6080 data_layer.cpp:130] Transform time: 31.25 ms.
I0418 08:33:53.965925  7952 caffe.cpp:314] Batch 1344, accuracy1+2 = 1
I0418 08:33:53.965925  7952 caffe.cpp:314] Batch 1344, accuracy1+2+3 = 1
I0418 08:33:54.090922  6080 data_layer.cpp:128] Prefetch batch: 124 ms.
I0418 08:33:54.090922  6080 data_layer.cpp:129]      Read time: 78.129 ms.
I0418 08:33:54.090922  6080 data_layer.cpp:130] Transform time: 46.868 ms.
I0418 08:33:54.965951  7952 caffe.cpp:314] Batch 1345, accuracy1+2 = 1
I0418 08:33:54.965951  7952 caffe.cpp:314] Batch 1345, accuracy1+2+3 = 1
I0418 08:33:55.075354  6080 data_layer.cpp:128] Prefetch batch: 109 ms.
I0418 08:33:55.075354  6080 data_layer.cpp:129]      Read time: 0 ms.
I0418 08:33:55.075354  6080 data_layer.cpp:130] Transform time: 109.403 ms.
I0418 08:33:55.981616  7952 caffe.cpp:314] Batch 1346, accuracy1+2 = 1
I0418 08:33:55.981616  7952 caffe.cpp:314] Batch 1346, accuracy1+2+3 = 1
I0418 08:33:56.106621  6080 data_layer.cpp:128] Prefetch batch: 125 ms.
I0418 08:33:56.106621  6080 data_layer.cpp:129]      Read time: 93.754 ms.
I0418 08:33:56.106621  6080 data_layer.cpp:130] Transform time: 31.251 ms.
I0418 08:33:56.981664  7952 caffe.cpp:314] Batch 1347, accuracy1+2 = 1
I0418 08:33:56.981664  7952 caffe.cpp:314] Batch 1347, accuracy1+2+3 = 1
I0418 08:33:57.122292  6080 data_layer.cpp:128] Prefetch batch: 125 ms.
I0418 08:33:57.122292  6080 data_layer.cpp:129]      Read time: 78.135 ms.
I0418 08:33:57.122292  6080 data_layer.cpp:130] Transform time: 46.871 ms.
I0418 08:33:57.966087  7952 caffe.cpp:314] Batch 1348, accuracy1+2 = 1
I0418 08:33:57.966087  7952 caffe.cpp:314] Batch 1348, accuracy1+2+3 = 1
I0418 08:33:58.075460  6080 data_layer.cpp:128] Prefetch batch: 109 ms.
I0418 08:33:58.075460  6080 data_layer.cpp:129]      Read time: 0 ms.
I0418 08:33:58.075460  6080 data_layer.cpp:130] Transform time: 109.373 ms.
I0418 08:33:58.950494  7952 caffe.cpp:314] Batch 1349, accuracy1+2 = 1
I0418 08:33:58.950494  7952 caffe.cpp:314] Batch 1349, accuracy1+2+3 = 1
I0418 08:33:59.075502  6080 data_layer.cpp:128] Prefetch batch: 125 ms.
I0418 08:33:59.075502  6080 data_layer.cpp:129]      Read time: 78.128 ms.
I0418 08:33:59.075502  6080 data_layer.cpp:130] Transform time: 46.881 ms.
I0418 08:33:59.919281  7952 caffe.cpp:314] Batch 1350, accuracy1+2 = 0
I0418 08:33:59.919281  7952 caffe.cpp:314] Batch 1350, accuracy1+2+3 = 0
I0418 08:34:00.044288  6080 data_layer.cpp:128] Prefetch batch: 125 ms.
I0418 08:34:00.044288  6080 data_layer.cpp:129]      Read time: 93.751 ms.
I0418 08:34:00.044288  6080 data_layer.cpp:130] Transform time: 31.256 ms.
I0418 08:34:00.903692  7952 caffe.cpp:314] Batch 1351, accuracy1+2 = 1
I0418 08:34:00.903692  7952 caffe.cpp:314] Batch 1351, accuracy1+2+3 = 0
I0418 08:34:01.028700  6080 data_layer.cpp:128] Prefetch batch: 125 ms.
I0418 08:34:01.028700  6080 data_layer.cpp:129]      Read time: 93.751 ms.
I0418 08:34:01.028700  6080 data_layer.cpp:130] Transform time: 31.258 ms.
I0418 08:34:01.872483  7952 caffe.cpp:314] Batch 1352, accuracy1+2 = 0
I0418 08:34:01.888110  7952 caffe.cpp:314] Batch 1352, accuracy1+2+3 = 0
I0418 08:34:02.013113  6080 data_layer.cpp:128] Prefetch batch: 125 ms.
I0418 08:34:02.013113  6080 data_layer.cpp:129]      Read time: 78.125 ms.
I0418 08:34:02.013113  6080 data_layer.cpp:130] Transform time: 46.878 ms.
I0418 08:34:02.856899  7952 caffe.cpp:314] Batch 1353, accuracy1+2 = 1
I0418 08:34:02.856899  7952 caffe.cpp:314] Batch 1353, accuracy1+2+3 = 1
I0418 08:34:02.981897  6080 data_layer.cpp:128] Prefetch batch: 124 ms.
I0418 08:34:02.981897  6080 data_layer.cpp:129]      Read time: 93.749 ms.
I0418 08:34:02.981897  6080 data_layer.cpp:130] Transform time: 31.25 ms.
I0418 08:34:03.825687  7952 caffe.cpp:314] Batch 1354, accuracy1+2 = 1
I0418 08:34:03.825687  7952 caffe.cpp:314] Batch 1354, accuracy1+2+3 = 1
I0418 08:34:03.966317  6080 data_layer.cpp:128] Prefetch batch: 125 ms.
I0418 08:34:03.966317  6080 data_layer.cpp:129]      Read time: 78.12 ms.
I0418 08:34:03.966317  6080 data_layer.cpp:130] Transform time: 46.883 ms.
I0418 08:34:04.810094  7952 caffe.cpp:314] Batch 1355, accuracy1+2 = 1
I0418 08:34:04.810094  7952 caffe.cpp:314] Batch 1355, accuracy1+2+3 = 1
I0418 08:34:04.919477  6080 data_layer.cpp:128] Prefetch batch: 109 ms.
I0418 08:34:04.919477  6080 data_layer.cpp:129]      Read time: 0 ms.
I0418 08:34:04.919477  6080 data_layer.cpp:130] Transform time: 109.383 ms.
I0418 08:34:05.778890  7952 caffe.cpp:314] Batch 1356, accuracy1+2 = 1
I0418 08:34:05.778890  7952 caffe.cpp:314] Batch 1356, accuracy1+2+3 = 1
I0418 08:34:05.903894  6080 data_layer.cpp:128] Prefetch batch: 125 ms.
I0418 08:34:05.903894  6080 data_layer.cpp:129]      Read time: 93.748 ms.
I0418 08:34:05.903894  6080 data_layer.cpp:130] Transform time: 31.256 ms.
I0418 08:34:06.763303  7952 caffe.cpp:314] Batch 1357, accuracy1+2 = 1
I0418 08:34:06.763303  7952 caffe.cpp:314] Batch 1357, accuracy1+2+3 = 1
I0418 08:34:06.888309  6080 data_layer.cpp:128] Prefetch batch: 125 ms.
I0418 08:34:06.888309  6080 data_layer.cpp:129]      Read time: 78.124 ms.
I0418 08:34:06.888309  6080 data_layer.cpp:130] Transform time: 46.881 ms.
I0418 08:34:07.732086  7952 caffe.cpp:314] Batch 1358, accuracy1+2 = 1
I0418 08:34:07.732086  7952 caffe.cpp:314] Batch 1358, accuracy1+2+3 = 1
I0418 08:34:07.857094  6080 data_layer.cpp:128] Prefetch batch: 125 ms.
I0418 08:34:07.857094  6080 data_layer.cpp:129]      Read time: 93.759 ms.
I0418 08:34:07.857094  6080 data_layer.cpp:130] Transform time: 31.248 ms.
I0418 08:34:08.700875  7952 caffe.cpp:314] Batch 1359, accuracy1+2 = 1
I0418 08:34:08.700875  7952 caffe.cpp:314] Batch 1359, accuracy1+2+3 = 1
I0418 08:34:08.810253  6080 data_layer.cpp:128] Prefetch batch: 109 ms.
I0418 08:34:08.810253  6080 data_layer.cpp:129]      Read time: 0 ms.
I0418 08:34:08.810253  6080 data_layer.cpp:130] Transform time: 109.379 ms.
I0418 08:34:09.685292  7952 caffe.cpp:314] Batch 1360, accuracy1+2 = 1
I0418 08:34:09.685292  7952 caffe.cpp:314] Batch 1360, accuracy1+2+3 = 1
I0418 08:34:09.810297  6080 data_layer.cpp:128] Prefetch batch: 125 ms.
I0418 08:34:09.810297  6080 data_layer.cpp:129]      Read time: 78.124 ms.
I0418 08:34:09.810297  6080 data_layer.cpp:130] Transform time: 46.881 ms.
I0418 08:34:10.654075  7952 caffe.cpp:314] Batch 1361, accuracy1+2 = 1
I0418 08:34:10.654075  7952 caffe.cpp:314] Batch 1361, accuracy1+2+3 = 1
I0418 08:34:10.779078  6080 data_layer.cpp:128] Prefetch batch: 125 ms.
I0418 08:34:10.779078  6080 data_layer.cpp:129]      Read time: 93.758 ms.
I0418 08:34:10.779078  6080 data_layer.cpp:130] Transform time: 31.245 ms.
I0418 08:34:11.622867  7952 caffe.cpp:314] Batch 1362, accuracy1+2 = 1
I0418 08:34:11.622867  7952 caffe.cpp:314] Batch 1362, accuracy1+2+3 = 1
I0418 08:34:11.747866  6080 data_layer.cpp:128] Prefetch batch: 124 ms.
I0418 08:34:11.747866  6080 data_layer.cpp:129]      Read time: 93.75 ms.
I0418 08:34:11.747866  6080 data_layer.cpp:130] Transform time: 31.249 ms.
I0418 08:34:12.607280  7952 caffe.cpp:314] Batch 1363, accuracy1+2 = 1
I0418 08:34:12.607280  7952 caffe.cpp:314] Batch 1363, accuracy1+2+3 = 1
I0418 08:34:12.732280  6080 data_layer.cpp:128] Prefetch batch: 125 ms.
I0418 08:34:12.732280  6080 data_layer.cpp:129]      Read time: 78.128 ms.
I0418 08:34:12.732280  6080 data_layer.cpp:130] Transform time: 46.873 ms.
I0418 08:34:13.576063  7952 caffe.cpp:314] Batch 1364, accuracy1+2 = 1
I0418 08:34:13.576063  7952 caffe.cpp:314] Batch 1364, accuracy1+2+3 = 0
I0418 08:34:13.701076  6080 data_layer.cpp:128] Prefetch batch: 125 ms.
I0418 08:34:13.701076  6080 data_layer.cpp:129]      Read time: 93.76 ms.
I0418 08:34:13.701076  6080 data_layer.cpp:130] Transform time: 31.252 ms.
I0418 08:34:14.544852  7952 caffe.cpp:314] Batch 1365, accuracy1+2 = 0
I0418 08:34:14.544852  7952 caffe.cpp:314] Batch 1365, accuracy1+2+3 = 0
I0418 08:34:14.654237  6080 data_layer.cpp:128] Prefetch batch: 109 ms.
I0418 08:34:14.654237  6080 data_layer.cpp:129]      Read time: 0 ms.
I0418 08:34:14.654237  6080 data_layer.cpp:130] Transform time: 109.385 ms.
I0418 08:34:15.529273  7952 caffe.cpp:314] Batch 1366, accuracy1+2 = 1
I0418 08:34:15.529273  7952 caffe.cpp:314] Batch 1366, accuracy1+2+3 = 1
I0418 08:34:15.654270  6080 data_layer.cpp:128] Prefetch batch: 124 ms.
I0418 08:34:15.654270  6080 data_layer.cpp:129]      Read time: 78.13 ms.
I0418 08:34:15.654270  6080 data_layer.cpp:130] Transform time: 46.868 ms.
I0418 08:34:16.498055  7952 caffe.cpp:314] Batch 1367, accuracy1+2 = 1
I0418 08:34:16.498055  7952 caffe.cpp:314] Batch 1367, accuracy1+2+3 = 1
I0418 08:34:16.623065  6080 data_layer.cpp:128] Prefetch batch: 125 ms.
I0418 08:34:16.623065  6080 data_layer.cpp:129]      Read time: 93.756 ms.
I0418 08:34:16.623065  6080 data_layer.cpp:130] Transform time: 31.254 ms.
I0418 08:34:17.482466  7952 caffe.cpp:314] Batch 1368, accuracy1+2 = 1
I0418 08:34:17.482466  7952 caffe.cpp:314] Batch 1368, accuracy1+2+3 = 1
I0418 08:34:17.607478  6080 data_layer.cpp:128] Prefetch batch: 125 ms.
I0418 08:34:17.607478  6080 data_layer.cpp:129]      Read time: 78.131 ms.
I0418 08:34:17.607478  6080 data_layer.cpp:130] Transform time: 46.881 ms.
I0418 08:34:18.451254  7952 caffe.cpp:314] Batch 1369, accuracy1+2 = 1
I0418 08:34:18.451254  7952 caffe.cpp:314] Batch 1369, accuracy1+2+3 = 1
I0418 08:34:18.576263  6080 data_layer.cpp:128] Prefetch batch: 125 ms.
I0418 08:34:18.576263  6080 data_layer.cpp:129]      Read time: 93.762 ms.
I0418 08:34:18.576263  6080 data_layer.cpp:130] Transform time: 31.247 ms.
I0418 08:34:19.420047  7952 caffe.cpp:314] Batch 1370, accuracy1+2 = 1
I0418 08:34:19.420047  7952 caffe.cpp:314] Batch 1370, accuracy1+2+3 = 1
I0418 08:34:19.529428  6080 data_layer.cpp:128] Prefetch batch: 109 ms.
I0418 08:34:19.529428  6080 data_layer.cpp:129]      Read time: 0 ms.
I0418 08:34:19.529428  6080 data_layer.cpp:130] Transform time: 109.382 ms.
I0418 08:34:20.404462  7952 caffe.cpp:314] Batch 1371, accuracy1+2 = 1
I0418 08:34:20.404462  7952 caffe.cpp:314] Batch 1371, accuracy1+2+3 = 1
I0418 08:34:20.529460  6080 data_layer.cpp:128] Prefetch batch: 124 ms.
I0418 08:34:20.529460  6080 data_layer.cpp:129]      Read time: 78.136 ms.
I0418 08:34:20.529460  6080 data_layer.cpp:130] Transform time: 46.862 ms.
I0418 08:34:21.373250  7952 caffe.cpp:314] Batch 1372, accuracy1+2 = 1
I0418 08:34:21.373250  7952 caffe.cpp:314] Batch 1372, accuracy1+2+3 = 1
I0418 08:34:21.498250  6080 data_layer.cpp:128] Prefetch batch: 124 ms.
I0418 08:34:21.498250  6080 data_layer.cpp:129]      Read time: 93.75 ms.
I0418 08:34:21.498250  6080 data_layer.cpp:130] Transform time: 31.249 ms.
I0418 08:34:22.342039  7952 caffe.cpp:314] Batch 1373, accuracy1+2 = 0
I0418 08:34:22.342039  7952 caffe.cpp:314] Batch 1373, accuracy1+2+3 = 0
I0418 08:34:22.467041  6080 data_layer.cpp:128] Prefetch batch: 125 ms.
I0418 08:34:22.467041  6080 data_layer.cpp:129]      Read time: 93.75 ms.
I0418 08:34:22.467041  6080 data_layer.cpp:130] Transform time: 31.251 ms.
I0418 08:34:23.326452  7952 caffe.cpp:314] Batch 1374, accuracy1+2 = 0
I0418 08:34:23.326452  7952 caffe.cpp:314] Batch 1374, accuracy1+2+3 = 0
I0418 08:34:23.420207  6080 data_layer.cpp:128] Prefetch batch: 93 ms.
I0418 08:34:23.420207  6080 data_layer.cpp:129]      Read time: 0 ms.
I0418 08:34:23.420207  6080 data_layer.cpp:130] Transform time: 93.755 ms.
I0418 08:34:24.295235  7952 caffe.cpp:314] Batch 1375, accuracy1+2 = 0
I0418 08:34:24.295235  7952 caffe.cpp:314] Batch 1375, accuracy1+2+3 = 0
I0418 08:34:24.420238  6080 data_layer.cpp:128] Prefetch batch: 125 ms.
I0418 08:34:24.420238  6080 data_layer.cpp:129]      Read time: 93.759 ms.
I0418 08:34:24.420238  6080 data_layer.cpp:130] Transform time: 31.244 ms.
I0418 08:34:25.264027  7952 caffe.cpp:314] Batch 1376, accuracy1+2 = 1
I0418 08:34:25.264027  7952 caffe.cpp:314] Batch 1376, accuracy1+2+3 = 1
I0418 08:34:25.389034  6080 data_layer.cpp:128] Prefetch batch: 125 ms.
I0418 08:34:25.389034  6080 data_layer.cpp:129]      Read time: 93.755 ms.
I0418 08:34:25.389034  6080 data_layer.cpp:130] Transform time: 31.252 ms.
I0418 08:34:26.232810  7952 caffe.cpp:314] Batch 1377, accuracy1+2 = 1
I0418 08:34:26.232810  7952 caffe.cpp:314] Batch 1377, accuracy1+2+3 = 1
I0418 08:34:26.357817  6080 data_layer.cpp:128] Prefetch batch: 125 ms.
I0418 08:34:26.357817  6080 data_layer.cpp:129]      Read time: 93.754 ms.
I0418 08:34:26.357817  6080 data_layer.cpp:130] Transform time: 31.254 ms.
I0418 08:34:27.217226  7952 caffe.cpp:314] Batch 1378, accuracy1+2 = 1
I0418 08:34:27.217226  7952 caffe.cpp:314] Batch 1378, accuracy1+2+3 = 1
I0418 08:34:27.310984  6080 data_layer.cpp:128] Prefetch batch: 93 ms.
I0418 08:34:27.310984  6080 data_layer.cpp:129]      Read time: 0 ms.
I0418 08:34:27.310984  6080 data_layer.cpp:130] Transform time: 93.758 ms.
I0418 08:34:28.186017  7952 caffe.cpp:314] Batch 1379, accuracy1+2 = 1
I0418 08:34:28.186017  7952 caffe.cpp:314] Batch 1379, accuracy1+2+3 = 1
I0418 08:34:28.311017  6080 data_layer.cpp:128] Prefetch batch: 125 ms.
I0418 08:34:28.311017  6080 data_layer.cpp:129]      Read time: 93.752 ms.
I0418 08:34:28.311017  6080 data_layer.cpp:130] Transform time: 31.248 ms.
I0418 08:34:29.170431  7952 caffe.cpp:314] Batch 1380, accuracy1+2 = 1
I0418 08:34:29.170431  7952 caffe.cpp:314] Batch 1380, accuracy1+2+3 = 1
I0418 08:34:29.295431  6080 data_layer.cpp:128] Prefetch batch: 125 ms.
I0418 08:34:29.295431  6080 data_layer.cpp:129]      Read time: 78.122 ms.
I0418 08:34:29.295431  6080 data_layer.cpp:130] Transform time: 46.878 ms.
I0418 08:34:30.139214  7952 caffe.cpp:314] Batch 1381, accuracy1+2 = 1
I0418 08:34:30.139214  7952 caffe.cpp:314] Batch 1381, accuracy1+2+3 = 1
I0418 08:34:30.264221  6080 data_layer.cpp:128] Prefetch batch: 125 ms.
I0418 08:34:30.264221  6080 data_layer.cpp:129]      Read time: 93.757 ms.
I0418 08:34:30.264221  6080 data_layer.cpp:130] Transform time: 31.251 ms.
I0418 08:34:31.108006  7952 caffe.cpp:314] Batch 1382, accuracy1+2 = 1
I0418 08:34:31.108006  7952 caffe.cpp:314] Batch 1382, accuracy1+2+3 = 1
I0418 08:34:31.233013  6080 data_layer.cpp:128] Prefetch batch: 125 ms.
I0418 08:34:31.233013  6080 data_layer.cpp:129]      Read time: 93.756 ms.
I0418 08:34:31.233013  6080 data_layer.cpp:130] Transform time: 31.252 ms.
I0418 08:34:32.108033  7952 caffe.cpp:314] Batch 1383, accuracy1+2 = 1
I0418 08:34:32.108033  7952 caffe.cpp:314] Batch 1383, accuracy1+2+3 = 1
I0418 08:34:32.233038  6080 data_layer.cpp:128] Prefetch batch: 125 ms.
I0418 08:34:32.233038  6080 data_layer.cpp:129]      Read time: 93.765 ms.
I0418 08:34:32.233038  6080 data_layer.cpp:130] Transform time: 31.24 ms.
I0418 08:34:33.108081  7952 caffe.cpp:314] Batch 1384, accuracy1+2 = 0
I0418 08:34:33.108081  7952 caffe.cpp:314] Batch 1384, accuracy1+2+3 = 0
I0418 08:34:33.217453  6080 data_layer.cpp:128] Prefetch batch: 109 ms.
I0418 08:34:33.217453  6080 data_layer.cpp:129]      Read time: 0 ms.
I0418 08:34:33.217453  6080 data_layer.cpp:130] Transform time: 109.371 ms.
I0418 08:34:34.092496  7952 caffe.cpp:314] Batch 1385, accuracy1+2 = 1
I0418 08:34:34.092496  7952 caffe.cpp:314] Batch 1385, accuracy1+2+3 = 1
I0418 08:34:34.217501  6080 data_layer.cpp:128] Prefetch batch: 125 ms.
I0418 08:34:34.233130  6080 data_layer.cpp:129]      Read time: 93.758 ms.
I0418 08:34:34.233130  6080 data_layer.cpp:130] Transform time: 31.247 ms.
I0418 08:34:35.076912  7952 caffe.cpp:314] Batch 1386, accuracy1+2 = 1
I0418 08:34:35.076912  7952 caffe.cpp:314] Batch 1386, accuracy1+2+3 = 1
I0418 08:34:35.201913  6080 data_layer.cpp:128] Prefetch batch: 125 ms.
I0418 08:34:35.201913  6080 data_layer.cpp:129]      Read time: 93.751 ms.
I0418 08:34:35.201913  6080 data_layer.cpp:130] Transform time: 31.25 ms.
I0418 08:34:36.045701  7952 caffe.cpp:314] Batch 1387, accuracy1+2 = 1
I0418 08:34:36.045701  7952 caffe.cpp:314] Batch 1387, accuracy1+2+3 = 1
I0418 08:34:36.170701  6080 data_layer.cpp:128] Prefetch batch: 125 ms.
I0418 08:34:36.170701  6080 data_layer.cpp:129]      Read time: 93.754 ms.
I0418 08:34:36.170701  6080 data_layer.cpp:130] Transform time: 31.246 ms.
I0418 08:34:37.014482  7952 caffe.cpp:314] Batch 1388, accuracy1+2 = 1
I0418 08:34:37.014482  7952 caffe.cpp:314] Batch 1388, accuracy1+2+3 = 1
I0418 08:34:37.139492  6080 data_layer.cpp:128] Prefetch batch: 125 ms.
I0418 08:34:37.139492  6080 data_layer.cpp:129]      Read time: 93.758 ms.
I0418 08:34:37.139492  6080 data_layer.cpp:130] Transform time: 31.251 ms.
I0418 08:34:37.983273  7952 caffe.cpp:314] Batch 1389, accuracy1+2 = 1
I0418 08:34:37.983273  7952 caffe.cpp:314] Batch 1389, accuracy1+2+3 = 1
I0418 08:34:38.123904  6080 data_layer.cpp:128] Prefetch batch: 140 ms.
I0418 08:34:38.123904  6080 data_layer.cpp:129]      Read time: 93.751 ms.
I0418 08:34:38.123904  6080 data_layer.cpp:130] Transform time: 46.88 ms.
I0418 08:34:38.967689  7952 caffe.cpp:314] Batch 1390, accuracy1+2 = 1
I0418 08:34:38.967689  7952 caffe.cpp:314] Batch 1390, accuracy1+2+3 = 1
I0418 08:34:39.092694  6080 data_layer.cpp:128] Prefetch batch: 125 ms.
I0418 08:34:39.092694  6080 data_layer.cpp:129]      Read time: 93.754 ms.
I0418 08:34:39.092694  6080 data_layer.cpp:130] Transform time: 31.25 ms.
I0418 08:34:39.936475  7952 caffe.cpp:314] Batch 1391, accuracy1+2 = 1
I0418 08:34:39.936475  7952 caffe.cpp:314] Batch 1391, accuracy1+2+3 = 1
I0418 08:34:40.045866  6080 data_layer.cpp:128] Prefetch batch: 109 ms.
I0418 08:34:40.045866  6080 data_layer.cpp:129]      Read time: 0 ms.
I0418 08:34:40.045866  6080 data_layer.cpp:130] Transform time: 109.391 ms.
I0418 08:34:40.920886  7952 caffe.cpp:314] Batch 1392, accuracy1+2 = 1
I0418 08:34:40.920886  7952 caffe.cpp:314] Batch 1392, accuracy1+2+3 = 1
I0418 08:34:41.045892  6080 data_layer.cpp:128] Prefetch batch: 125 ms.
I0418 08:34:41.045892  6080 data_layer.cpp:129]      Read time: 78.132 ms.
I0418 08:34:41.045892  6080 data_layer.cpp:130] Transform time: 46.874 ms.
I0418 08:34:41.889679  7952 caffe.cpp:314] Batch 1393, accuracy1+2 = 1
I0418 08:34:41.889679  7952 caffe.cpp:314] Batch 1393, accuracy1+2+3 = 1
I0418 08:34:42.014684  6080 data_layer.cpp:128] Prefetch batch: 125 ms.
I0418 08:34:42.014684  6080 data_layer.cpp:129]      Read time: 93.754 ms.
I0418 08:34:42.014684  6080 data_layer.cpp:130] Transform time: 31.251 ms.
I0418 08:34:42.858463  7952 caffe.cpp:314] Batch 1394, accuracy1+2 = 1
I0418 08:34:42.858463  7952 caffe.cpp:314] Batch 1394, accuracy1+2+3 = 1
I0418 08:34:42.983467  6080 data_layer.cpp:128] Prefetch batch: 125 ms.
I0418 08:34:42.983467  6080 data_layer.cpp:129]      Read time: 93.753 ms.
I0418 08:34:42.983467  6080 data_layer.cpp:130] Transform time: 31.252 ms.
I0418 08:34:43.842875  7952 caffe.cpp:314] Batch 1395, accuracy1+2 = 1
I0418 08:34:43.842875  7952 caffe.cpp:314] Batch 1395, accuracy1+2+3 = 1
I0418 08:34:43.936632  6080 data_layer.cpp:128] Prefetch batch: 93 ms.
I0418 08:34:43.936632  6080 data_layer.cpp:129]      Read time: 0 ms.
I0418 08:34:43.936632  6080 data_layer.cpp:130] Transform time: 93.758 ms.
I0418 08:34:44.811669  7952 caffe.cpp:314] Batch 1396, accuracy1+2 = 0
I0418 08:34:44.811669  7952 caffe.cpp:314] Batch 1396, accuracy1+2+3 = 0
I0418 08:34:44.936672  6080 data_layer.cpp:128] Prefetch batch: 125 ms.
I0418 08:34:44.936672  6080 data_layer.cpp:129]      Read time: 93.753 ms.
I0418 08:34:44.936672  6080 data_layer.cpp:130] Transform time: 31.25 ms.
I0418 08:34:45.780458  7952 caffe.cpp:314] Batch 1397, accuracy1+2 = 1
I0418 08:34:45.780458  7952 caffe.cpp:314] Batch 1397, accuracy1+2+3 = 1
I0418 08:34:45.921085  6080 data_layer.cpp:128] Prefetch batch: 140 ms.
I0418 08:34:45.921085  6080 data_layer.cpp:129]      Read time: 93.752 ms.
I0418 08:34:45.921085  6080 data_layer.cpp:130] Transform time: 46.875 ms.
I0418 08:34:46.764868  7952 caffe.cpp:314] Batch 1398, accuracy1+2 = 1
I0418 08:34:46.764868  7952 caffe.cpp:314] Batch 1398, accuracy1+2+3 = 1
I0418 08:34:46.889870  6080 data_layer.cpp:128] Prefetch batch: 125 ms.
I0418 08:34:46.889870  6080 data_layer.cpp:129]      Read time: 93.753 ms.
I0418 08:34:46.889870  6080 data_layer.cpp:130] Transform time: 31.25 ms.
I0418 08:34:47.733656  7952 caffe.cpp:314] Batch 1399, accuracy1+2 = 1
I0418 08:34:47.733656  7952 caffe.cpp:314] Batch 1399, accuracy1+2+3 = 1
I0418 08:34:47.843034  6080 data_layer.cpp:128] Prefetch batch: 109 ms.
I0418 08:34:47.843034  6080 data_layer.cpp:129]      Read time: 0 ms.
I0418 08:34:47.843034  6080 data_layer.cpp:130] Transform time: 109.378 ms.
I0418 08:34:48.702445  7952 caffe.cpp:314] Batch 1400, accuracy1+2 = 1
I0418 08:34:48.702445  7952 caffe.cpp:314] Batch 1400, accuracy1+2+3 = 1
I0418 08:34:48.843078  6080 data_layer.cpp:128] Prefetch batch: 140 ms.
I0418 08:34:48.843078  6080 data_layer.cpp:129]      Read time: 93.758 ms.
I0418 08:34:48.843078  6080 data_layer.cpp:130] Transform time: 46.876 ms.
I0418 08:34:49.686866  7952 caffe.cpp:314] Batch 1401, accuracy1+2 = 1
I0418 08:34:49.686866  7952 caffe.cpp:314] Batch 1401, accuracy1+2+3 = 1
I0418 08:34:49.811867  6080 data_layer.cpp:128] Prefetch batch: 125 ms.
I0418 08:34:49.811867  6080 data_layer.cpp:129]      Read time: 93.761 ms.
I0418 08:34:49.811867  6080 data_layer.cpp:130] Transform time: 31.241 ms.
I0418 08:34:50.655642  7952 caffe.cpp:314] Batch 1402, accuracy1+2 = 1
I0418 08:34:50.655642  7952 caffe.cpp:314] Batch 1402, accuracy1+2+3 = 1
I0418 08:34:50.780652  6080 data_layer.cpp:128] Prefetch batch: 125 ms.
I0418 08:34:50.780652  6080 data_layer.cpp:129]      Read time: 93.759 ms.
I0418 08:34:50.780652  6080 data_layer.cpp:130] Transform time: 31.25 ms.
I0418 08:34:51.624431  7952 caffe.cpp:314] Batch 1403, accuracy1+2 = 1
I0418 08:34:51.624431  7952 caffe.cpp:314] Batch 1403, accuracy1+2+3 = 1
I0418 08:34:51.749441  6080 data_layer.cpp:128] Prefetch batch: 125 ms.
I0418 08:34:51.749441  6080 data_layer.cpp:129]      Read time: 93.753 ms.
I0418 08:34:51.749441  6080 data_layer.cpp:130] Transform time: 31.257 ms.
I0418 08:34:52.608853  7952 caffe.cpp:314] Batch 1404, accuracy1+2 = 0
I0418 08:34:52.608853  7952 caffe.cpp:314] Batch 1404, accuracy1+2+3 = 0
I0418 08:34:52.702599  6080 data_layer.cpp:128] Prefetch batch: 93 ms.
I0418 08:34:52.702599  6080 data_layer.cpp:129]      Read time: 0 ms.
I0418 08:34:52.702599  6080 data_layer.cpp:130] Transform time: 93.745 ms.
I0418 08:34:53.577636  7952 caffe.cpp:314] Batch 1405, accuracy1+2 = 1
I0418 08:34:53.577636  7952 caffe.cpp:314] Batch 1405, accuracy1+2+3 = 1
I0418 08:34:53.702637  6080 data_layer.cpp:128] Prefetch batch: 125 ms.
I0418 08:34:53.702637  6080 data_layer.cpp:129]      Read time: 93.751 ms.
I0418 08:34:53.702637  6080 data_layer.cpp:130] Transform time: 31.25 ms.
I0418 08:34:54.546427  7952 caffe.cpp:314] Batch 1406, accuracy1+2 = 1
I0418 08:34:54.546427  7952 caffe.cpp:314] Batch 1406, accuracy1+2+3 = 1
I0418 08:34:54.671427  6080 data_layer.cpp:128] Prefetch batch: 124 ms.
I0418 08:34:54.671427  6080 data_layer.cpp:129]      Read time: 93.752 ms.
I0418 08:34:54.671427  6080 data_layer.cpp:130] Transform time: 31.247 ms.
I0418 08:34:55.530840  7952 caffe.cpp:314] Batch 1407, accuracy1+2 = 1
I0418 08:34:55.530840  7952 caffe.cpp:314] Batch 1407, accuracy1+2+3 = 1
I0418 08:34:55.655846  6080 data_layer.cpp:128] Prefetch batch: 125 ms.
I0418 08:34:55.655846  6080 data_layer.cpp:129]      Read time: 78.138 ms.
I0418 08:34:55.655846  6080 data_layer.cpp:130] Transform time: 46.868 ms.
I0418 08:34:56.499632  7952 caffe.cpp:314] Batch 1408, accuracy1+2 = 1
I0418 08:34:56.499632  7952 caffe.cpp:314] Batch 1408, accuracy1+2+3 = 1
I0418 08:34:56.624634  6080 data_layer.cpp:128] Prefetch batch: 125 ms.
I0418 08:34:56.624634  6080 data_layer.cpp:129]      Read time: 93.745 ms.
I0418 08:34:56.624634  6080 data_layer.cpp:130] Transform time: 31.257 ms.
I0418 08:34:57.468418  7952 caffe.cpp:314] Batch 1409, accuracy1+2 = 1
I0418 08:34:57.468418  7952 caffe.cpp:314] Batch 1409, accuracy1+2+3 = 1
I0418 08:34:57.577790  6080 data_layer.cpp:128] Prefetch batch: 109 ms.
I0418 08:34:57.577790  6080 data_layer.cpp:129]      Read time: 0 ms.
I0418 08:34:57.577790  6080 data_layer.cpp:130] Transform time: 109.372 ms.
I0418 08:34:58.452827  7952 caffe.cpp:314] Batch 1410, accuracy1+2 = 1
I0418 08:34:58.452827  7952 caffe.cpp:314] Batch 1410, accuracy1+2+3 = 1
I0418 08:34:58.577836  6080 data_layer.cpp:128] Prefetch batch: 125 ms.
I0418 08:34:58.577836  6080 data_layer.cpp:129]      Read time: 78.133 ms.
I0418 08:34:58.577836  6080 data_layer.cpp:130] Transform time: 46.876 ms.
I0418 08:34:59.421617  7952 caffe.cpp:314] Batch 1411, accuracy1+2 = 1
I0418 08:34:59.421617  7952 caffe.cpp:314] Batch 1411, accuracy1+2+3 = 1
I0418 08:34:59.546618  6080 data_layer.cpp:128] Prefetch batch: 125 ms.
I0418 08:34:59.546618  6080 data_layer.cpp:129]      Read time: 93.755 ms.
I0418 08:34:59.546618  6080 data_layer.cpp:130] Transform time: 31.246 ms.
I0418 08:35:00.390404  7952 caffe.cpp:314] Batch 1412, accuracy1+2 = 1
I0418 08:35:00.390404  7952 caffe.cpp:314] Batch 1412, accuracy1+2+3 = 1
I0418 08:35:00.515408  6080 data_layer.cpp:128] Prefetch batch: 125 ms.
I0418 08:35:00.515408  6080 data_layer.cpp:129]      Read time: 93.754 ms.
I0418 08:35:00.515408  6080 data_layer.cpp:130] Transform time: 31.25 ms.
I0418 08:35:01.374821  7952 caffe.cpp:314] Batch 1413, accuracy1+2 = 1
I0418 08:35:01.374821  7952 caffe.cpp:314] Batch 1413, accuracy1+2+3 = 1
I0418 08:35:01.499825  6080 data_layer.cpp:128] Prefetch batch: 125 ms.
I0418 08:35:01.499825  6080 data_layer.cpp:129]      Read time: 78.126 ms.
I0418 08:35:01.499825  6080 data_layer.cpp:130] Transform time: 46.877 ms.
I0418 08:35:02.343606  7952 caffe.cpp:314] Batch 1414, accuracy1+2 = 1
I0418 08:35:02.343606  7952 caffe.cpp:314] Batch 1414, accuracy1+2+3 = 1
I0418 08:35:02.468613  6080 data_layer.cpp:128] Prefetch batch: 125 ms.
I0418 08:35:02.468613  6080 data_layer.cpp:129]      Read time: 93.755 ms.
I0418 08:35:02.468613  6080 data_layer.cpp:130] Transform time: 31.252 ms.
I0418 08:35:03.312389  7952 caffe.cpp:314] Batch 1415, accuracy1+2 = 1
I0418 08:35:03.312389  7952 caffe.cpp:314] Batch 1415, accuracy1+2+3 = 1
I0418 08:35:03.437397  6080 data_layer.cpp:128] Prefetch batch: 125 ms.
I0418 08:35:03.437397  6080 data_layer.cpp:129]      Read time: 93.757 ms.
I0418 08:35:03.437397  6080 data_layer.cpp:130] Transform time: 31.25 ms.
I0418 08:35:04.296807  7952 caffe.cpp:314] Batch 1416, accuracy1+2 = 0
I0418 08:35:04.296807  7952 caffe.cpp:314] Batch 1416, accuracy1+2+3 = 0
I0418 08:35:04.390558  6080 data_layer.cpp:128] Prefetch batch: 93 ms.
I0418 08:35:04.390558  6080 data_layer.cpp:129]      Read time: 0 ms.
I0418 08:35:04.390558  6080 data_layer.cpp:130] Transform time: 93.752 ms.
I0418 08:35:05.265596  7952 caffe.cpp:314] Batch 1417, accuracy1+2 = 1
I0418 08:35:05.265596  7952 caffe.cpp:314] Batch 1417, accuracy1+2+3 = 1
I0418 08:35:05.390601  6080 data_layer.cpp:128] Prefetch batch: 125 ms.
I0418 08:35:05.390601  6080 data_layer.cpp:129]      Read time: 93.751 ms.
I0418 08:35:05.390601  6080 data_layer.cpp:130] Transform time: 31.254 ms.
I0418 08:35:06.234380  7952 caffe.cpp:314] Batch 1418, accuracy1+2 = 1
I0418 08:35:06.234380  7952 caffe.cpp:314] Batch 1418, accuracy1+2+3 = 1
I0418 08:35:06.375015  6080 data_layer.cpp:128] Prefetch batch: 140 ms.
I0418 08:35:06.375015  6080 data_layer.cpp:129]      Read time: 93.755 ms.
I0418 08:35:06.375015  6080 data_layer.cpp:130] Transform time: 46.879 ms.
I0418 08:35:07.218793  7952 caffe.cpp:314] Batch 1419, accuracy1+2 = 1
I0418 08:35:07.218793  7952 caffe.cpp:314] Batch 1419, accuracy1+2+3 = 1
I0418 08:35:07.343799  6080 data_layer.cpp:128] Prefetch batch: 125 ms.
I0418 08:35:07.343799  6080 data_layer.cpp:129]      Read time: 93.759 ms.
I0418 08:35:07.343799  6080 data_layer.cpp:130] Transform time: 31.247 ms.
I0418 08:35:08.187583  7952 caffe.cpp:314] Batch 1420, accuracy1+2 = 1
I0418 08:35:08.187583  7952 caffe.cpp:314] Batch 1420, accuracy1+2+3 = 1
I0418 08:35:08.312593  6080 data_layer.cpp:128] Prefetch batch: 125 ms.
I0418 08:35:08.312593  6080 data_layer.cpp:129]      Read time: 93.753 ms.
I0418 08:35:08.312593  6080 data_layer.cpp:130] Transform time: 31.257 ms.
I0418 08:35:09.187613  7952 caffe.cpp:314] Batch 1421, accuracy1+2 = 1
I0418 08:35:09.187613  7952 caffe.cpp:314] Batch 1421, accuracy1+2+3 = 1
I0418 08:35:09.312629  6080 data_layer.cpp:128] Prefetch batch: 125 ms.
I0418 08:35:09.312629  6080 data_layer.cpp:129]      Read time: 78.138 ms.
I0418 08:35:09.312629  6080 data_layer.cpp:130] Transform time: 46.878 ms.
I0418 08:35:10.187662  7952 caffe.cpp:314] Batch 1422, accuracy1+2 = 1
I0418 08:35:10.187662  7952 caffe.cpp:314] Batch 1422, accuracy1+2+3 = 1
I0418 08:35:10.297030  6080 data_layer.cpp:128] Prefetch batch: 109 ms.
I0418 08:35:10.297030  6080 data_layer.cpp:129]      Read time: 15.616 ms.
I0418 08:35:10.297030  6080 data_layer.cpp:130] Transform time: 93.752 ms.
I0418 08:35:11.187705  7952 caffe.cpp:314] Batch 1423, accuracy1+2 = 1
I0418 08:35:11.187705  7952 caffe.cpp:314] Batch 1423, accuracy1+2+3 = 1
I0418 08:35:11.312703  6080 data_layer.cpp:128] Prefetch batch: 124 ms.
I0418 08:35:11.312703  6080 data_layer.cpp:129]      Read time: 93.754 ms.
I0418 08:35:11.312703  6080 data_layer.cpp:130] Transform time: 31.245 ms.
I0418 08:35:12.156491  7952 caffe.cpp:314] Batch 1424, accuracy1+2 = 1
I0418 08:35:12.156491  7952 caffe.cpp:314] Batch 1424, accuracy1+2+3 = 1
I0418 08:35:12.281498  6080 data_layer.cpp:128] Prefetch batch: 125 ms.
I0418 08:35:12.281498  6080 data_layer.cpp:129]      Read time: 93.749 ms.
I0418 08:35:12.281498  6080 data_layer.cpp:130] Transform time: 31.259 ms.
I0418 08:35:13.140902  7952 caffe.cpp:314] Batch 1425, accuracy1+2 = 1
I0418 08:35:13.140902  7952 caffe.cpp:314] Batch 1425, accuracy1+2+3 = 1
I0418 08:35:13.265909  6080 data_layer.cpp:128] Prefetch batch: 125 ms.
I0418 08:35:13.265909  6080 data_layer.cpp:129]      Read time: 78.129 ms.
I0418 08:35:13.265909  6080 data_layer.cpp:130] Transform time: 46.878 ms.
I0418 08:35:14.109697  7952 caffe.cpp:314] Batch 1426, accuracy1+2 = 1
I0418 08:35:14.109697  7952 caffe.cpp:314] Batch 1426, accuracy1+2+3 = 1
I0418 08:35:14.219069  6080 data_layer.cpp:128] Prefetch batch: 109 ms.
I0418 08:35:14.219069  6080 data_layer.cpp:129]      Read time: 0 ms.
I0418 08:35:14.219069  6080 data_layer.cpp:130] Transform time: 109.371 ms.
I0418 08:35:15.078477  7952 caffe.cpp:314] Batch 1427, accuracy1+2 = 1
I0418 08:35:15.078477  7952 caffe.cpp:314] Batch 1427, accuracy1+2+3 = 1
I0418 08:35:15.203488  6080 data_layer.cpp:128] Prefetch batch: 125 ms.
I0418 08:35:15.203488  6080 data_layer.cpp:129]      Read time: 93.759 ms.
I0418 08:35:15.203488  6080 data_layer.cpp:130] Transform time: 31.252 ms.
I0418 08:35:16.062896  7952 caffe.cpp:314] Batch 1428, accuracy1+2 = 1
I0418 08:35:16.062896  7952 caffe.cpp:314] Batch 1428, accuracy1+2+3 = 1
I0418 08:35:16.187896  6080 data_layer.cpp:128] Prefetch batch: 125 ms.
I0418 08:35:16.187896  6080 data_layer.cpp:129]      Read time: 78.116 ms.
I0418 08:35:16.187896  6080 data_layer.cpp:130] Transform time: 46.885 ms.
I0418 08:35:17.031683  7952 caffe.cpp:314] Batch 1429, accuracy1+2 = 1
I0418 08:35:17.031683  7952 caffe.cpp:314] Batch 1429, accuracy1+2+3 = 1
I0418 08:35:17.156683  6080 data_layer.cpp:128] Prefetch batch: 125 ms.
I0418 08:35:17.156683  6080 data_layer.cpp:129]      Read time: 93.753 ms.
I0418 08:35:17.156683  6080 data_layer.cpp:130] Transform time: 31.247 ms.
I0418 08:35:18.000468  7952 caffe.cpp:314] Batch 1430, accuracy1+2 = 1
I0418 08:35:18.000468  7952 caffe.cpp:314] Batch 1430, accuracy1+2+3 = 1
I0418 08:35:18.125475  6080 data_layer.cpp:128] Prefetch batch: 125 ms.
I0418 08:35:18.125475  6080 data_layer.cpp:129]      Read time: 93.756 ms.
I0418 08:35:18.125475  6080 data_layer.cpp:130] Transform time: 31.251 ms.
I0418 08:35:18.984879  7952 caffe.cpp:314] Batch 1431, accuracy1+2 = 1
I0418 08:35:18.984879  7952 caffe.cpp:314] Batch 1431, accuracy1+2+3 = 1
I0418 08:35:19.078636  6080 data_layer.cpp:128] Prefetch batch: 93 ms.
I0418 08:35:19.078636  6080 data_layer.cpp:129]      Read time: 0 ms.
I0418 08:35:19.078636  6080 data_layer.cpp:130] Transform time: 93.757 ms.
I0418 08:35:19.953668  7952 caffe.cpp:314] Batch 1432, accuracy1+2 = 1
I0418 08:35:19.953668  7952 caffe.cpp:314] Batch 1432, accuracy1+2+3 = 1
I0418 08:35:20.078676  6080 data_layer.cpp:128] Prefetch batch: 125 ms.
I0418 08:35:20.078676  6080 data_layer.cpp:129]      Read time: 93.755 ms.
I0418 08:35:20.078676  6080 data_layer.cpp:130] Transform time: 31.253 ms.
I0418 08:35:20.922461  7952 caffe.cpp:314] Batch 1433, accuracy1+2 = 1
I0418 08:35:20.922461  7952 caffe.cpp:314] Batch 1433, accuracy1+2+3 = 1
I0418 08:35:21.047466  6080 data_layer.cpp:128] Prefetch batch: 125 ms.
I0418 08:35:21.047466  6080 data_layer.cpp:129]      Read time: 93.749 ms.
I0418 08:35:21.047466  6080 data_layer.cpp:130] Transform time: 31.255 ms.
I0418 08:35:21.891244  7952 caffe.cpp:314] Batch 1434, accuracy1+2 = 1
I0418 08:35:21.891244  7952 caffe.cpp:314] Batch 1434, accuracy1+2+3 = 1
I0418 08:35:22.016252  6080 data_layer.cpp:128] Prefetch batch: 125 ms.
I0418 08:35:22.016252  6080 data_layer.cpp:129]      Read time: 93.761 ms.
I0418 08:35:22.016252  6080 data_layer.cpp:130] Transform time: 31.247 ms.
I0418 08:35:22.875660  7952 caffe.cpp:314] Batch 1435, accuracy1+2 = 1
I0418 08:35:22.875660  7952 caffe.cpp:314] Batch 1435, accuracy1+2+3 = 1
I0418 08:35:22.969418  6080 data_layer.cpp:128] Prefetch batch: 93 ms.
I0418 08:35:22.969418  6080 data_layer.cpp:129]      Read time: 0 ms.
I0418 08:35:22.969418  6080 data_layer.cpp:130] Transform time: 93.757 ms.
I0418 08:35:23.844449  7952 caffe.cpp:314] Batch 1436, accuracy1+2 = 1
I0418 08:35:23.844449  7952 caffe.cpp:314] Batch 1436, accuracy1+2+3 = 1
I0418 08:35:23.969452  6080 data_layer.cpp:128] Prefetch batch: 125 ms.
I0418 08:35:23.969452  6080 data_layer.cpp:129]      Read time: 93.766 ms.
I0418 08:35:23.969452  6080 data_layer.cpp:130] Transform time: 31.238 ms.
I0418 08:35:24.813235  7952 caffe.cpp:314] Batch 1437, accuracy1+2 = 1
I0418 08:35:24.813235  7952 caffe.cpp:314] Batch 1437, accuracy1+2+3 = 1
I0418 08:35:24.938242  6080 data_layer.cpp:128] Prefetch batch: 125 ms.
I0418 08:35:24.938242  6080 data_layer.cpp:129]      Read time: 93.752 ms.
I0418 08:35:24.938242  6080 data_layer.cpp:130] Transform time: 31.256 ms.
I0418 08:35:25.797652  7952 caffe.cpp:314] Batch 1438, accuracy1+2 = 1
I0418 08:35:25.797652  7952 caffe.cpp:314] Batch 1438, accuracy1+2+3 = 1
I0418 08:35:25.922653  6080 data_layer.cpp:128] Prefetch batch: 125 ms.
I0418 08:35:25.922653  6080 data_layer.cpp:129]      Read time: 78.129 ms.
I0418 08:35:25.922653  6080 data_layer.cpp:130] Transform time: 46.873 ms.
I0418 08:35:26.766440  7952 caffe.cpp:314] Batch 1439, accuracy1+2 = 1
I0418 08:35:26.766440  7952 caffe.cpp:314] Batch 1439, accuracy1+2+3 = 1
I0418 08:35:26.891445  6080 data_layer.cpp:128] Prefetch batch: 125 ms.
I0418 08:35:26.891445  6080 data_layer.cpp:129]      Read time: 93.751 ms.
I0418 08:35:26.891445  6080 data_layer.cpp:130] Transform time: 31.254 ms.
I0418 08:35:27.735224  7952 caffe.cpp:314] Batch 1440, accuracy1+2 = 1
I0418 08:35:27.735224  7952 caffe.cpp:314] Batch 1440, accuracy1+2+3 = 1
I0418 08:35:27.844607  6080 data_layer.cpp:128] Prefetch batch: 109 ms.
I0418 08:35:27.844607  6080 data_layer.cpp:129]      Read time: 0 ms.
I0418 08:35:27.844607  6080 data_layer.cpp:130] Transform time: 109.383 ms.
I0418 08:35:28.704017  7952 caffe.cpp:314] Batch 1441, accuracy1+2 = 1
I0418 08:35:28.704017  7952 caffe.cpp:314] Batch 1441, accuracy1+2+3 = 1
I0418 08:35:28.829015  6080 data_layer.cpp:128] Prefetch batch: 124 ms.
I0418 08:35:28.829015  6080 data_layer.cpp:129]      Read time: 93.747 ms.
I0418 08:35:28.829015  6080 data_layer.cpp:130] Transform time: 31.251 ms.
I0418 08:35:29.688428  7952 caffe.cpp:314] Batch 1442, accuracy1+2 = 1
I0418 08:35:29.688428  7952 caffe.cpp:314] Batch 1442, accuracy1+2+3 = 1
I0418 08:35:29.813436  6080 data_layer.cpp:128] Prefetch batch: 125 ms.
I0418 08:35:29.813436  6080 data_layer.cpp:129]      Read time: 78.129 ms.
I0418 08:35:29.813436  6080 data_layer.cpp:130] Transform time: 46.878 ms.
I0418 08:35:30.657213  7952 caffe.cpp:314] Batch 1443, accuracy1+2 = 1
I0418 08:35:30.657213  7952 caffe.cpp:314] Batch 1443, accuracy1+2+3 = 1
I0418 08:35:30.782223  6080 data_layer.cpp:128] Prefetch batch: 125 ms.
I0418 08:35:30.782223  6080 data_layer.cpp:129]      Read time: 93.753 ms.
I0418 08:35:30.782223  6080 data_layer.cpp:130] Transform time: 31.257 ms.
I0418 08:35:31.626001  7952 caffe.cpp:314] Batch 1444, accuracy1+2 = 1
I0418 08:35:31.626001  7952 caffe.cpp:314] Batch 1444, accuracy1+2+3 = 1
I0418 08:35:31.751010  6080 data_layer.cpp:128] Prefetch batch: 125 ms.
I0418 08:35:31.751010  6080 data_layer.cpp:129]      Read time: 93.758 ms.
I0418 08:35:31.751010  6080 data_layer.cpp:130] Transform time: 31.251 ms.
I0418 08:35:32.594789  7952 caffe.cpp:314] Batch 1445, accuracy1+2 = 1
I0418 08:35:32.594789  7952 caffe.cpp:314] Batch 1445, accuracy1+2+3 = 1
I0418 08:35:32.704171  6080 data_layer.cpp:128] Prefetch batch: 109 ms.
I0418 08:35:32.704171  6080 data_layer.cpp:129]      Read time: 15.642 ms.
I0418 08:35:32.704171  6080 data_layer.cpp:130] Transform time: 93.741 ms.
I0418 08:35:33.579206  7952 caffe.cpp:314] Batch 1446, accuracy1+2 = 1
I0418 08:35:33.579206  7952 caffe.cpp:314] Batch 1446, accuracy1+2+3 = 1
I0418 08:35:33.704213  6080 data_layer.cpp:128] Prefetch batch: 125 ms.
I0418 08:35:33.704213  6080 data_layer.cpp:129]      Read time: 93.754 ms.
I0418 08:35:33.704213  6080 data_layer.cpp:130] Transform time: 31.253 ms.
I0418 08:35:34.547996  7952 caffe.cpp:314] Batch 1447, accuracy1+2 = 1
I0418 08:35:34.547996  7952 caffe.cpp:314] Batch 1447, accuracy1+2+3 = 1
I0418 08:35:34.672997  6080 data_layer.cpp:128] Prefetch batch: 125 ms.
I0418 08:35:34.672997  6080 data_layer.cpp:129]      Read time: 93.754 ms.
I0418 08:35:34.672997  6080 data_layer.cpp:130] Transform time: 31.248 ms.
I0418 08:35:35.516782  7952 caffe.cpp:314] Batch 1448, accuracy1+2 = 1
I0418 08:35:35.516782  7952 caffe.cpp:314] Batch 1448, accuracy1+2+3 = 1
I0418 08:35:35.641783  6080 data_layer.cpp:128] Prefetch batch: 125 ms.
I0418 08:35:35.641783  6080 data_layer.cpp:129]      Read time: 93.76 ms.
I0418 08:35:35.641783  6080 data_layer.cpp:130] Transform time: 31.241 ms.
I0418 08:35:36.485568  7952 caffe.cpp:314] Batch 1449, accuracy1+2 = 1
I0418 08:35:36.485568  7952 caffe.cpp:314] Batch 1449, accuracy1+2+3 = 1
I0418 08:35:36.610571  6080 data_layer.cpp:128] Prefetch batch: 125 ms.
I0418 08:35:36.610571  6080 data_layer.cpp:129]      Read time: 93.759 ms.
I0418 08:35:36.610571  6080 data_layer.cpp:130] Transform time: 31.245 ms.
I0418 08:35:37.469985  7952 caffe.cpp:314] Batch 1450, accuracy1+2 = 1
I0418 08:35:37.469985  7952 caffe.cpp:314] Batch 1450, accuracy1+2+3 = 1
I0418 08:35:37.563740  6080 data_layer.cpp:128] Prefetch batch: 93 ms.
I0418 08:35:37.563740  6080 data_layer.cpp:129]      Read time: 0 ms.
I0418 08:35:37.563740  6080 data_layer.cpp:130] Transform time: 93.755 ms.
I0418 08:35:38.438773  7952 caffe.cpp:314] Batch 1451, accuracy1+2 = 1
I0418 08:35:38.438773  7952 caffe.cpp:314] Batch 1451, accuracy1+2+3 = 1
I0418 08:35:38.563772  6080 data_layer.cpp:128] Prefetch batch: 124 ms.
I0418 08:35:38.563772  6080 data_layer.cpp:129]      Read time: 93.751 ms.
I0418 08:35:38.563772  6080 data_layer.cpp:130] Transform time: 31.248 ms.
I0418 08:35:39.423180  7952 caffe.cpp:314] Batch 1452, accuracy1+2 = 1
I0418 08:35:39.423180  7952 caffe.cpp:314] Batch 1452, accuracy1+2+3 = 1
I0418 08:35:39.548189  6080 data_layer.cpp:128] Prefetch batch: 125 ms.
I0418 08:35:39.548189  6080 data_layer.cpp:129]      Read time: 93.767 ms.
I0418 08:35:39.548189  6080 data_layer.cpp:130] Transform time: 31.242 ms.
I0418 08:35:40.391968  7952 caffe.cpp:314] Batch 1453, accuracy1+2 = 1
I0418 08:35:40.391968  7952 caffe.cpp:314] Batch 1453, accuracy1+2+3 = 1
I0418 08:35:40.516978  6080 data_layer.cpp:128] Prefetch batch: 125 ms.
I0418 08:35:40.516978  6080 data_layer.cpp:129]      Read time: 93.758 ms.
I0418 08:35:40.516978  6080 data_layer.cpp:130] Transform time: 31.252 ms.
I0418 08:35:41.376384  7952 caffe.cpp:314] Batch 1454, accuracy1+2 = 1
I0418 08:35:41.376384  7952 caffe.cpp:314] Batch 1454, accuracy1+2+3 = 1
I0418 08:35:41.501395  6080 data_layer.cpp:128] Prefetch batch: 125 ms.
I0418 08:35:41.501395  6080 data_layer.cpp:129]      Read time: 78.128 ms.
I0418 08:35:41.501395  6080 data_layer.cpp:130] Transform time: 46.884 ms.
I0418 08:35:42.345171  7952 caffe.cpp:314] Batch 1455, accuracy1+2 = 1
I0418 08:35:42.345171  7952 caffe.cpp:314] Batch 1455, accuracy1+2+3 = 1
I0418 08:35:42.470180  6080 data_layer.cpp:128] Prefetch batch: 125 ms.
I0418 08:35:42.470180  6080 data_layer.cpp:129]      Read time: 93.76 ms.
I0418 08:35:42.470180  6080 data_layer.cpp:130] Transform time: 31.249 ms.
I0418 08:35:43.313962  7952 caffe.cpp:314] Batch 1456, accuracy1+2 = 1
I0418 08:35:43.313962  7952 caffe.cpp:314] Batch 1456, accuracy1+2+3 = 1
I0418 08:35:43.438956  6080 data_layer.cpp:128] Prefetch batch: 124 ms.
I0418 08:35:43.438956  6080 data_layer.cpp:129]      Read time: 93.752 ms.
I0418 08:35:43.438956  6080 data_layer.cpp:130] Transform time: 31.242 ms.
I0418 08:35:44.298380  7952 caffe.cpp:314] Batch 1457, accuracy1+2 = 1
I0418 08:35:44.298380  7952 caffe.cpp:314] Batch 1457, accuracy1+2+3 = 1
I0418 08:35:44.407759  6080 data_layer.cpp:128] Prefetch batch: 109 ms.
I0418 08:35:44.407759  6080 data_layer.cpp:129]      Read time: 0 ms.
I0418 08:35:44.407759  6080 data_layer.cpp:130] Transform time: 109.379 ms.
I0418 08:35:45.267165  7952 caffe.cpp:314] Batch 1458, accuracy1+2 = 1
I0418 08:35:45.267165  7952 caffe.cpp:314] Batch 1458, accuracy1+2+3 = 1
I0418 08:35:45.392168  6080 data_layer.cpp:128] Prefetch batch: 125 ms.
I0418 08:35:45.392168  6080 data_layer.cpp:129]      Read time: 93.742 ms.
I0418 08:35:45.392168  6080 data_layer.cpp:130] Transform time: 31.26 ms.
I0418 08:35:46.282819  7952 caffe.cpp:314] Batch 1459, accuracy1+2 = 1
I0418 08:35:46.282819  7952 caffe.cpp:314] Batch 1459, accuracy1+2+3 = 1
I0418 08:35:46.407824  6080 data_layer.cpp:128] Prefetch batch: 125 ms.
I0418 08:35:46.407824  6080 data_layer.cpp:129]      Read time: 78.128 ms.
I0418 08:35:46.407824  6080 data_layer.cpp:130] Transform time: 46.877 ms.
I0418 08:35:47.298483  7952 caffe.cpp:314] Batch 1460, accuracy1+2 = 0
I0418 08:35:47.298483  7952 caffe.cpp:314] Batch 1460, accuracy1+2+3 = 0
I0418 08:35:47.423488  6080 data_layer.cpp:128] Prefetch batch: 125 ms.
I0418 08:35:47.423488  6080 data_layer.cpp:129]      Read time: 78.128 ms.
I0418 08:35:47.423488  6080 data_layer.cpp:130] Transform time: 46.877 ms.
I0418 08:35:48.267279  7952 caffe.cpp:314] Batch 1461, accuracy1+2 = 1
I0418 08:35:48.267279  7952 caffe.cpp:314] Batch 1461, accuracy1+2+3 = 1
I0418 08:35:48.407910  6080 data_layer.cpp:128] Prefetch batch: 140 ms.
I0418 08:35:48.407910  6080 data_layer.cpp:129]      Read time: 93.752 ms.
I0418 08:35:48.407910  6080 data_layer.cpp:130] Transform time: 31.256 ms.
I0418 08:35:49.251695  7952 caffe.cpp:314] Batch 1462, accuracy1+2 = 1
I0418 08:35:49.251695  7952 caffe.cpp:314] Batch 1462, accuracy1+2+3 = 1
I0418 08:35:49.376703  6080 data_layer.cpp:128] Prefetch batch: 125 ms.
I0418 08:35:49.376703  6080 data_layer.cpp:129]      Read time: 62.511 ms.
I0418 08:35:49.376703  6080 data_layer.cpp:130] Transform time: 62.497 ms.
I0418 08:35:50.220479  7952 caffe.cpp:314] Batch 1463, accuracy1+2 = 1
I0418 08:35:50.220479  7952 caffe.cpp:314] Batch 1463, accuracy1+2+3 = 1
I0418 08:35:50.345484  6080 data_layer.cpp:128] Prefetch batch: 125 ms.
I0418 08:35:50.345484  6080 data_layer.cpp:129]      Read time: 93.762 ms.
I0418 08:35:50.345484  6080 data_layer.cpp:130] Transform time: 31.242 ms.
I0418 08:35:51.189270  7952 caffe.cpp:314] Batch 1464, accuracy1+2 = 1
I0418 08:35:51.189270  7952 caffe.cpp:314] Batch 1464, accuracy1+2+3 = 1
I0418 08:35:51.314275  6080 data_layer.cpp:128] Prefetch batch: 125 ms.
I0418 08:35:51.314275  6080 data_layer.cpp:129]      Read time: 31.252 ms.
I0418 08:35:51.314275  6080 data_layer.cpp:130] Transform time: 93.754 ms.
I0418 08:35:52.173686  7952 caffe.cpp:314] Batch 1465, accuracy1+2 = 1
I0418 08:35:52.173686  7952 caffe.cpp:314] Batch 1465, accuracy1+2+3 = 1
I0418 08:35:52.298691  6080 data_layer.cpp:128] Prefetch batch: 125 ms.
I0418 08:35:52.298691  6080 data_layer.cpp:129]      Read time: 93.753 ms.
I0418 08:35:52.298691  6080 data_layer.cpp:130] Transform time: 31.252 ms.
I0418 08:35:53.142468  7952 caffe.cpp:314] Batch 1466, accuracy1+2 = 1
I0418 08:35:53.142468  7952 caffe.cpp:314] Batch 1466, accuracy1+2+3 = 1
I0418 08:35:53.267475  6080 data_layer.cpp:128] Prefetch batch: 125 ms.
I0418 08:35:53.267475  6080 data_layer.cpp:129]      Read time: 93.76 ms.
I0418 08:35:53.267475  6080 data_layer.cpp:130] Transform time: 31.247 ms.
I0418 08:35:54.111255  7952 caffe.cpp:314] Batch 1467, accuracy1+2 = 1
I0418 08:35:54.111255  7952 caffe.cpp:314] Batch 1467, accuracy1+2+3 = 1
I0418 08:35:54.236261  6080 data_layer.cpp:128] Prefetch batch: 125 ms.
I0418 08:35:54.236261  6080 data_layer.cpp:129]      Read time: 93.762 ms.
I0418 08:35:54.236261  6080 data_layer.cpp:130] Transform time: 31.244 ms.
I0418 08:35:55.095677  7952 caffe.cpp:314] Batch 1468, accuracy1+2 = 1
I0418 08:35:55.095677  7952 caffe.cpp:314] Batch 1468, accuracy1+2+3 = 1
I0418 08:35:55.189425  6080 data_layer.cpp:128] Prefetch batch: 93 ms.
I0418 08:35:55.189425  6080 data_layer.cpp:129]      Read time: 0 ms.
I0418 08:35:55.189425  6080 data_layer.cpp:130] Transform time: 93.748 ms.
I0418 08:35:56.064460  7952 caffe.cpp:314] Batch 1469, accuracy1+2 = 1
I0418 08:35:56.064460  7952 caffe.cpp:314] Batch 1469, accuracy1+2+3 = 1
I0418 08:35:56.189465  6080 data_layer.cpp:128] Prefetch batch: 125 ms.
I0418 08:35:56.189465  6080 data_layer.cpp:129]      Read time: 93.758 ms.
I0418 08:35:56.189465  6080 data_layer.cpp:130] Transform time: 31.247 ms.
I0418 08:35:57.033249  7952 caffe.cpp:314] Batch 1470, accuracy1+2 = 1
I0418 08:35:57.033249  7952 caffe.cpp:314] Batch 1470, accuracy1+2+3 = 1
I0418 08:35:57.158252  6080 data_layer.cpp:128] Prefetch batch: 125 ms.
I0418 08:35:57.158252  6080 data_layer.cpp:129]      Read time: 93.756 ms.
I0418 08:35:57.158252  6080 data_layer.cpp:130] Transform time: 31.246 ms.
I0418 08:35:58.002038  7952 caffe.cpp:314] Batch 1471, accuracy1+2 = 1
I0418 08:35:58.002038  7952 caffe.cpp:314] Batch 1471, accuracy1+2+3 = 1
I0418 08:35:58.127043  6080 data_layer.cpp:128] Prefetch batch: 125 ms.
I0418 08:35:58.127043  6080 data_layer.cpp:129]      Read time: 93.753 ms.
I0418 08:35:58.127043  6080 data_layer.cpp:130] Transform time: 31.253 ms.
I0418 08:35:58.986451  7952 caffe.cpp:314] Batch 1472, accuracy1+2 = 1
I0418 08:35:58.986451  7952 caffe.cpp:314] Batch 1472, accuracy1+2+3 = 1
I0418 08:35:59.111454  6080 data_layer.cpp:128] Prefetch batch: 125 ms.
I0418 08:35:59.111454  6080 data_layer.cpp:129]      Read time: 78.131 ms.
I0418 08:35:59.111454  6080 data_layer.cpp:130] Transform time: 46.871 ms.
I0418 08:35:59.955236  7952 caffe.cpp:314] Batch 1473, accuracy1+2 = 1
I0418 08:35:59.955236  7952 caffe.cpp:314] Batch 1473, accuracy1+2+3 = 1
I0418 08:36:00.080241  6080 data_layer.cpp:128] Prefetch batch: 125 ms.
I0418 08:36:00.080241  6080 data_layer.cpp:129]      Read time: 93.76 ms.
I0418 08:36:00.080241  6080 data_layer.cpp:130] Transform time: 31.245 ms.
I0418 08:36:00.924031  7952 caffe.cpp:314] Batch 1474, accuracy1+2 = 1
I0418 08:36:00.924031  7952 caffe.cpp:314] Batch 1474, accuracy1+2+3 = 1
I0418 08:36:01.064659  6080 data_layer.cpp:128] Prefetch batch: 140 ms.
I0418 08:36:01.064659  6080 data_layer.cpp:129]      Read time: 93.75 ms.
I0418 08:36:01.064659  6080 data_layer.cpp:130] Transform time: 46.879 ms.
I0418 08:36:01.908443  7952 caffe.cpp:314] Batch 1475, accuracy1+2 = 1
I0418 08:36:01.908443  7952 caffe.cpp:314] Batch 1475, accuracy1+2+3 = 1
I0418 08:36:02.002192  6080 data_layer.cpp:128] Prefetch batch: 93 ms.
I0418 08:36:02.002192  6080 data_layer.cpp:129]      Read time: 0 ms.
I0418 08:36:02.002192  6080 data_layer.cpp:130] Transform time: 93.749 ms.
I0418 08:36:02.877233  7952 caffe.cpp:314] Batch 1476, accuracy1+2 = 1
I0418 08:36:02.877233  7952 caffe.cpp:314] Batch 1476, accuracy1+2+3 = 1
I0418 08:36:03.002235  6080 data_layer.cpp:128] Prefetch batch: 125 ms.
I0418 08:36:03.002235  6080 data_layer.cpp:129]      Read time: 93.749 ms.
I0418 08:36:03.002235  6080 data_layer.cpp:130] Transform time: 31.253 ms.
I0418 08:36:03.846021  7952 caffe.cpp:314] Batch 1477, accuracy1+2 = 1
I0418 08:36:03.846021  7952 caffe.cpp:314] Batch 1477, accuracy1+2+3 = 1
I0418 08:36:03.971019  6080 data_layer.cpp:128] Prefetch batch: 124 ms.
I0418 08:36:03.971019  6080 data_layer.cpp:129]      Read time: 93.75 ms.
I0418 08:36:03.971019  6080 data_layer.cpp:130] Transform time: 31.248 ms.
I0418 08:36:04.814802  7952 caffe.cpp:314] Batch 1478, accuracy1+2 = 1
I0418 08:36:04.814802  7952 caffe.cpp:314] Batch 1478, accuracy1+2+3 = 1
I0418 08:36:04.955435  6080 data_layer.cpp:128] Prefetch batch: 140 ms.
I0418 08:36:04.955435  6080 data_layer.cpp:129]      Read time: 93.758 ms.
I0418 08:36:04.955435  6080 data_layer.cpp:130] Transform time: 46.875 ms.
I0418 08:36:05.799221  7952 caffe.cpp:314] Batch 1479, accuracy1+2 = 0
I0418 08:36:05.799221  7952 caffe.cpp:314] Batch 1479, accuracy1+2+3 = 0
I0418 08:36:05.892973  6080 data_layer.cpp:128] Prefetch batch: 93 ms.
I0418 08:36:05.892973  6080 data_layer.cpp:129]      Read time: 0 ms.
I0418 08:36:05.892973  6080 data_layer.cpp:130] Transform time: 93.753 ms.
I0418 08:36:06.768010  7952 caffe.cpp:314] Batch 1480, accuracy1+2 = 1
I0418 08:36:06.768010  7952 caffe.cpp:314] Batch 1480, accuracy1+2+3 = 1
I0418 08:36:06.893013  6080 data_layer.cpp:128] Prefetch batch: 125 ms.
I0418 08:36:06.893013  6080 data_layer.cpp:129]      Read time: 93.751 ms.
I0418 08:36:06.893013  6080 data_layer.cpp:130] Transform time: 31.251 ms.
I0418 08:36:07.736799  7952 caffe.cpp:314] Batch 1481, accuracy1+2 = 1
I0418 08:36:07.736799  7952 caffe.cpp:314] Batch 1481, accuracy1+2+3 = 1
I0418 08:36:07.861804  6080 data_layer.cpp:128] Prefetch batch: 125 ms.
I0418 08:36:07.861804  6080 data_layer.cpp:129]      Read time: 93.753 ms.
I0418 08:36:07.861804  6080 data_layer.cpp:130] Transform time: 31.252 ms.
I0418 08:36:08.721205  7952 caffe.cpp:314] Batch 1482, accuracy1+2 = 1
I0418 08:36:08.721205  7952 caffe.cpp:314] Batch 1482, accuracy1+2+3 = 0
I0418 08:36:08.846210  6080 data_layer.cpp:128] Prefetch batch: 125 ms.
I0418 08:36:08.846210  6080 data_layer.cpp:129]      Read time: 93.755 ms.
I0418 08:36:08.846210  6080 data_layer.cpp:130] Transform time: 31.25 ms.
I0418 08:36:09.689998  7952 caffe.cpp:314] Batch 1483, accuracy1+2 = 1
I0418 08:36:09.689998  7952 caffe.cpp:314] Batch 1483, accuracy1+2+3 = 1
I0418 08:36:09.799381  6080 data_layer.cpp:128] Prefetch batch: 109 ms.
I0418 08:36:09.799381  6080 data_layer.cpp:129]      Read time: 0 ms.
I0418 08:36:09.799381  6080 data_layer.cpp:130] Transform time: 109.383 ms.
I0418 08:36:10.658782  7952 caffe.cpp:314] Batch 1484, accuracy1+2 = 1
I0418 08:36:10.658782  7952 caffe.cpp:314] Batch 1484, accuracy1+2+3 = 1
I0418 08:36:10.783787  6080 data_layer.cpp:128] Prefetch batch: 125 ms.
I0418 08:36:10.783787  6080 data_layer.cpp:129]      Read time: 93.76 ms.
I0418 08:36:10.783787  6080 data_layer.cpp:130] Transform time: 31.245 ms.
I0418 08:36:11.643200  7952 caffe.cpp:314] Batch 1485, accuracy1+2 = 1
I0418 08:36:11.643200  7952 caffe.cpp:314] Batch 1485, accuracy1+2+3 = 1
I0418 08:36:11.768203  6080 data_layer.cpp:128] Prefetch batch: 125 ms.
I0418 08:36:11.768203  6080 data_layer.cpp:129]      Read time: 78.122 ms.
I0418 08:36:11.768203  6080 data_layer.cpp:130] Transform time: 46.881 ms.
I0418 08:36:12.611986  7952 caffe.cpp:314] Batch 1486, accuracy1+2 = 1
I0418 08:36:12.611986  7952 caffe.cpp:314] Batch 1486, accuracy1+2+3 = 1
I0418 08:36:12.736989  6080 data_layer.cpp:128] Prefetch batch: 125 ms.
I0418 08:36:12.736989  6080 data_layer.cpp:129]      Read time: 93.75 ms.
I0418 08:36:12.736989  6080 data_layer.cpp:130] Transform time: 31.253 ms.
I0418 08:36:13.580770  7952 caffe.cpp:314] Batch 1487, accuracy1+2 = 1
I0418 08:36:13.580770  7952 caffe.cpp:314] Batch 1487, accuracy1+2+3 = 1
I0418 08:36:13.690155  6080 data_layer.cpp:128] Prefetch batch: 109 ms.
I0418 08:36:13.690155  6080 data_layer.cpp:129]      Read time: 0 ms.
I0418 08:36:13.690155  6080 data_layer.cpp:130] Transform time: 109.385 ms.
I0418 08:36:14.565184  7952 caffe.cpp:314] Batch 1488, accuracy1+2 = 1
I0418 08:36:14.565184  7952 caffe.cpp:314] Batch 1488, accuracy1+2+3 = 1
I0418 08:36:14.690191  6080 data_layer.cpp:128] Prefetch batch: 125 ms.
I0418 08:36:14.690191  6080 data_layer.cpp:129]      Read time: 78.136 ms.
I0418 08:36:14.690191  6080 data_layer.cpp:130] Transform time: 46.871 ms.
I0418 08:36:15.533978  7952 caffe.cpp:314] Batch 1489, accuracy1+2 = 0
I0418 08:36:15.533978  7952 caffe.cpp:314] Batch 1489, accuracy1+2+3 = 0
I0418 08:36:15.658983  6080 data_layer.cpp:128] Prefetch batch: 125 ms.
I0418 08:36:15.658983  6080 data_layer.cpp:129]      Read time: 93.75 ms.
I0418 08:36:15.658983  6080 data_layer.cpp:130] Transform time: 31.255 ms.
I0418 08:36:16.502763  7952 caffe.cpp:314] Batch 1490, accuracy1+2 = 1
I0418 08:36:16.502763  7952 caffe.cpp:314] Batch 1490, accuracy1+2+3 = 1
I0418 08:36:16.627768  6080 data_layer.cpp:128] Prefetch batch: 125 ms.
I0418 08:36:16.627768  6080 data_layer.cpp:129]      Read time: 93.753 ms.
I0418 08:36:16.643393  6080 data_layer.cpp:130] Transform time: 31.252 ms.
I0418 08:36:17.487180  7952 caffe.cpp:314] Batch 1491, accuracy1+2 = 1
I0418 08:36:17.487180  7952 caffe.cpp:314] Batch 1491, accuracy1+2+3 = 1
I0418 08:36:17.612179  6080 data_layer.cpp:128] Prefetch batch: 124 ms.
I0418 08:36:17.612179  6080 data_layer.cpp:129]      Read time: 93.74 ms.
I0418 08:36:17.612179  6080 data_layer.cpp:130] Transform time: 31.259 ms.
I0418 08:36:18.487221  7952 caffe.cpp:314] Batch 1492, accuracy1+2 = 1
I0418 08:36:18.487221  7952 caffe.cpp:314] Batch 1492, accuracy1+2+3 = 1
I0418 08:36:18.596592  6080 data_layer.cpp:128] Prefetch batch: 109 ms.
I0418 08:36:18.596592  6080 data_layer.cpp:129]      Read time: 0 ms.
I0418 08:36:18.596592  6080 data_layer.cpp:130] Transform time: 109.372 ms.
I0418 08:36:19.471629  7952 caffe.cpp:314] Batch 1493, accuracy1+2 = 1
I0418 08:36:19.471629  7952 caffe.cpp:314] Batch 1493, accuracy1+2+3 = 1
I0418 08:36:19.596637  6080 data_layer.cpp:128] Prefetch batch: 125 ms.
I0418 08:36:19.596637  6080 data_layer.cpp:129]      Read time: 78.132 ms.
I0418 08:36:19.596637  6080 data_layer.cpp:130] Transform time: 46.876 ms.
I0418 08:36:20.440417  7952 caffe.cpp:314] Batch 1494, accuracy1+2 = 1
I0418 08:36:20.440417  7952 caffe.cpp:314] Batch 1494, accuracy1+2+3 = 1
I0418 08:36:20.565426  6080 data_layer.cpp:128] Prefetch batch: 125 ms.
I0418 08:36:20.565426  6080 data_layer.cpp:129]      Read time: 93.752 ms.
I0418 08:36:20.565426  6080 data_layer.cpp:130] Transform time: 31.258 ms.
I0418 08:36:21.409209  7952 caffe.cpp:314] Batch 1495, accuracy1+2 = 1
I0418 08:36:21.409209  7952 caffe.cpp:314] Batch 1495, accuracy1+2+3 = 1
I0418 08:36:21.534214  6080 data_layer.cpp:128] Prefetch batch: 125 ms.
I0418 08:36:21.534214  6080 data_layer.cpp:129]      Read time: 93.752 ms.
I0418 08:36:21.534214  6080 data_layer.cpp:130] Transform time: 31.252 ms.
I0418 08:36:22.393620  7952 caffe.cpp:314] Batch 1496, accuracy1+2 = 1
I0418 08:36:22.393620  7952 caffe.cpp:314] Batch 1496, accuracy1+2+3 = 1
I0418 08:36:22.518625  6080 data_layer.cpp:128] Prefetch batch: 125 ms.
I0418 08:36:22.518625  6080 data_layer.cpp:129]      Read time: 78.125 ms.
I0418 08:36:22.518625  6080 data_layer.cpp:130] Transform time: 46.881 ms.
I0418 08:36:23.362397  7952 caffe.cpp:314] Batch 1497, accuracy1+2 = 1
I0418 08:36:23.362397  7952 caffe.cpp:314] Batch 1497, accuracy1+2+3 = 1
I0418 08:36:23.471777  6080 data_layer.cpp:128] Prefetch batch: 109 ms.
I0418 08:36:23.471777  6080 data_layer.cpp:129]      Read time: 0 ms.
I0418 08:36:23.471777  6080 data_layer.cpp:130] Transform time: 109.38 ms.
I0418 08:36:24.362442  7952 caffe.cpp:314] Batch 1498, accuracy1+2 = 1
I0418 08:36:24.362442  7952 caffe.cpp:314] Batch 1498, accuracy1+2+3 = 1
I0418 08:36:24.487452  6080 data_layer.cpp:128] Prefetch batch: 125 ms.
I0418 08:36:24.487452  6080 data_layer.cpp:129]      Read time: 93.773 ms.
I0418 08:36:24.487452  6080 data_layer.cpp:130] Transform time: 31.238 ms.
I0418 08:36:25.378101  7952 caffe.cpp:314] Batch 1499, accuracy1+2 = 1
I0418 08:36:25.378101  7952 caffe.cpp:314] Batch 1499, accuracy1+2+3 = 1
I0418 08:36:25.503105  6080 data_layer.cpp:128] Prefetch batch: 125 ms.
I0418 08:36:25.503105  6080 data_layer.cpp:129]      Read time: 78.14 ms.
I0418 08:36:25.503105  6080 data_layer.cpp:130] Transform time: 46.864 ms.
I0418 08:36:26.362524  7952 caffe.cpp:314] Batch 1500, accuracy1+2 = 1
I0418 08:36:26.362524  7952 caffe.cpp:314] Batch 1500, accuracy1+2+3 = 1
I0418 08:36:26.487532  6080 data_layer.cpp:128] Prefetch batch: 125 ms.
I0418 08:36:26.487532  6080 data_layer.cpp:129]      Read time: 93.758 ms.
I0418 08:36:26.487532  6080 data_layer.cpp:130] Transform time: 31.251 ms.
I0418 08:36:27.346941  7952 caffe.cpp:314] Batch 1501, accuracy1+2 = 1
I0418 08:36:27.346941  7952 caffe.cpp:314] Batch 1501, accuracy1+2+3 = 1
I0418 08:36:27.440699  6080 data_layer.cpp:128] Prefetch batch: 93 ms.
I0418 08:36:27.440699  6080 data_layer.cpp:129]      Read time: 0 ms.
I0418 08:36:27.440699  6080 data_layer.cpp:130] Transform time: 93.758 ms.
I0418 08:36:28.315724  7952 caffe.cpp:314] Batch 1502, accuracy1+2 = 1
I0418 08:36:28.315724  7952 caffe.cpp:314] Batch 1502, accuracy1+2+3 = 1
I0418 08:36:28.440732  6080 data_layer.cpp:128] Prefetch batch: 125 ms.
I0418 08:36:28.440732  6080 data_layer.cpp:129]      Read time: 93.759 ms.
I0418 08:36:28.440732  6080 data_layer.cpp:130] Transform time: 31.248 ms.
I0418 08:36:29.284514  7952 caffe.cpp:314] Batch 1503, accuracy1+2 = 1
I0418 08:36:29.284514  7952 caffe.cpp:314] Batch 1503, accuracy1+2+3 = 1
I0418 08:36:29.409523  6080 data_layer.cpp:128] Prefetch batch: 125 ms.
I0418 08:36:29.409523  6080 data_layer.cpp:129]      Read time: 93.751 ms.
I0418 08:36:29.409523  6080 data_layer.cpp:130] Transform time: 31.258 ms.
I0418 08:36:30.268932  7952 caffe.cpp:314] Batch 1504, accuracy1+2 = 0
I0418 08:36:30.268932  7952 caffe.cpp:314] Batch 1504, accuracy1+2+3 = 0
I0418 08:36:30.393931  6080 data_layer.cpp:128] Prefetch batch: 124 ms.
I0418 08:36:30.393931  6080 data_layer.cpp:129]      Read time: 78.127 ms.
I0418 08:36:30.393931  6080 data_layer.cpp:130] Transform time: 46.872 ms.
I0418 08:36:31.237713  7952 caffe.cpp:314] Batch 1505, accuracy1+2 = 1
I0418 08:36:31.237713  7952 caffe.cpp:314] Batch 1505, accuracy1+2+3 = 1
I0418 08:36:31.362718  6080 data_layer.cpp:128] Prefetch batch: 125 ms.
I0418 08:36:31.362718  6080 data_layer.cpp:129]      Read time: 93.76 ms.
I0418 08:36:31.362718  6080 data_layer.cpp:130] Transform time: 31.245 ms.
I0418 08:36:32.206506  7952 caffe.cpp:314] Batch 1506, accuracy1+2 = 1
I0418 08:36:32.206506  7952 caffe.cpp:314] Batch 1506, accuracy1+2+3 = 1
I0418 08:36:32.315882  6080 data_layer.cpp:128] Prefetch batch: 109 ms.
I0418 08:36:32.315882  6080 data_layer.cpp:129]      Read time: 0 ms.
I0418 08:36:32.315882  6080 data_layer.cpp:130] Transform time: 109.377 ms.
I0418 08:36:33.190919  7952 caffe.cpp:314] Batch 1507, accuracy1+2 = 1
I0418 08:36:33.190919  7952 caffe.cpp:314] Batch 1507, accuracy1+2+3 = 1
I0418 08:36:33.315922  6080 data_layer.cpp:128] Prefetch batch: 125 ms.
I0418 08:36:33.315922  6080 data_layer.cpp:129]      Read time: 78.13 ms.
I0418 08:36:33.315922  6080 data_layer.cpp:130] Transform time: 46.872 ms.
I0418 08:36:34.159706  7952 caffe.cpp:314] Batch 1508, accuracy1+2 = 1
I0418 08:36:34.159706  7952 caffe.cpp:314] Batch 1508, accuracy1+2+3 = 1
I0418 08:36:34.284713  6080 data_layer.cpp:128] Prefetch batch: 125 ms.
I0418 08:36:34.284713  6080 data_layer.cpp:129]      Read time: 93.757 ms.
I0418 08:36:34.284713  6080 data_layer.cpp:130] Transform time: 31.249 ms.
I0418 08:36:35.128497  7952 caffe.cpp:314] Batch 1509, accuracy1+2 = 1
I0418 08:36:35.128497  7952 caffe.cpp:314] Batch 1509, accuracy1+2+3 = 1
I0418 08:36:35.253500  6080 data_layer.cpp:128] Prefetch batch: 125 ms.
I0418 08:36:35.253500  6080 data_layer.cpp:129]      Read time: 93.754 ms.
I0418 08:36:35.253500  6080 data_layer.cpp:130] Transform time: 31.249 ms.
I0418 08:36:36.112910  7952 caffe.cpp:314] Batch 1510, accuracy1+2 = 1
I0418 08:36:36.112910  7952 caffe.cpp:314] Batch 1510, accuracy1+2+3 = 1
I0418 08:36:36.237916  6080 data_layer.cpp:128] Prefetch batch: 125 ms.
I0418 08:36:36.237916  6080 data_layer.cpp:129]      Read time: 78.131 ms.
I0418 08:36:36.237916  6080 data_layer.cpp:130] Transform time: 46.876 ms.
I0418 08:36:37.081694  7952 caffe.cpp:314] Batch 1511, accuracy1+2 = 1
I0418 08:36:37.081694  7952 caffe.cpp:314] Batch 1511, accuracy1+2+3 = 1
I0418 08:36:37.191076  6080 data_layer.cpp:128] Prefetch batch: 109 ms.
I0418 08:36:37.191076  6080 data_layer.cpp:129]      Read time: 0 ms.
I0418 08:36:37.191076  6080 data_layer.cpp:130] Transform time: 109.382 ms.
I0418 08:36:38.050488  7952 caffe.cpp:314] Batch 1512, accuracy1+2 = 1
I0418 08:36:38.050488  7952 caffe.cpp:314] Batch 1512, accuracy1+2+3 = 1
I0418 08:36:38.175487  6080 data_layer.cpp:128] Prefetch batch: 124 ms.
I0418 08:36:38.175487  6080 data_layer.cpp:129]      Read time: 93.758 ms.
I0418 08:36:38.175487  6080 data_layer.cpp:130] Transform time: 31.241 ms.
I0418 08:36:39.019268  7952 caffe.cpp:314] Batch 1513, accuracy1+2 = 1
I0418 08:36:39.019268  7952 caffe.cpp:314] Batch 1513, accuracy1+2+3 = 1
I0418 08:36:39.159903  6080 data_layer.cpp:128] Prefetch batch: 140 ms.
I0418 08:36:39.159903  6080 data_layer.cpp:129]      Read time: 93.755 ms.
I0418 08:36:39.159903  6080 data_layer.cpp:130] Transform time: 46.879 ms.
I0418 08:36:40.003684  7952 caffe.cpp:314] Batch 1514, accuracy1+2 = 0
I0418 08:36:40.003684  7952 caffe.cpp:314] Batch 1514, accuracy1+2+3 = 0
I0418 08:36:40.128689  6080 data_layer.cpp:128] Prefetch batch: 125 ms.
I0418 08:36:40.128689  6080 data_layer.cpp:129]      Read time: 78.127 ms.
I0418 08:36:40.128689  6080 data_layer.cpp:130] Transform time: 46.878 ms.
I0418 08:36:40.972472  7952 caffe.cpp:314] Batch 1515, accuracy1+2 = 1
I0418 08:36:40.972472  7952 caffe.cpp:314] Batch 1515, accuracy1+2+3 = 1
I0418 08:36:41.097476  6080 data_layer.cpp:128] Prefetch batch: 125 ms.
I0418 08:36:41.097476  6080 data_layer.cpp:129]      Read time: 93.759 ms.
I0418 08:36:41.097476  6080 data_layer.cpp:130] Transform time: 31.244 ms.
I0418 08:36:41.941265  7952 caffe.cpp:314] Batch 1516, accuracy1+2 = 1
I0418 08:36:41.941265  7952 caffe.cpp:314] Batch 1516, accuracy1+2+3 = 1
I0418 08:36:42.050638  6080 data_layer.cpp:128] Prefetch batch: 109 ms.
I0418 08:36:42.050638  6080 data_layer.cpp:129]      Read time: 0 ms.
I0418 08:36:42.050638  6080 data_layer.cpp:130] Transform time: 109.373 ms.
I0418 08:36:42.910053  7952 caffe.cpp:314] Batch 1517, accuracy1+2 = 1
I0418 08:36:42.910053  7952 caffe.cpp:314] Batch 1517, accuracy1+2+3 = 1
I0418 08:36:43.050684  6080 data_layer.cpp:128] Prefetch batch: 140 ms.
I0418 08:36:43.050684  6080 data_layer.cpp:129]      Read time: 93.749 ms.
I0418 08:36:43.050684  6080 data_layer.cpp:130] Transform time: 46.882 ms.
I0418 08:36:43.894464  7952 caffe.cpp:314] Batch 1518, accuracy1+2 = 1
I0418 08:36:43.894464  7952 caffe.cpp:314] Batch 1518, accuracy1+2+3 = 1
I0418 08:36:44.019459  6080 data_layer.cpp:128] Prefetch batch: 124 ms.
I0418 08:36:44.019459  6080 data_layer.cpp:129]      Read time: 93.754 ms.
I0418 08:36:44.019459  6080 data_layer.cpp:130] Transform time: 31.24 ms.
I0418 08:36:44.863255  7952 caffe.cpp:314] Batch 1519, accuracy1+2 = 1
I0418 08:36:44.863255  7952 caffe.cpp:314] Batch 1519, accuracy1+2+3 = 1
I0418 08:36:44.988260  6080 data_layer.cpp:128] Prefetch batch: 125 ms.
I0418 08:36:44.988260  6080 data_layer.cpp:129]      Read time: 93.751 ms.
I0418 08:36:44.988260  6080 data_layer.cpp:130] Transform time: 31.254 ms.
I0418 08:36:45.847672  7952 caffe.cpp:314] Batch 1520, accuracy1+2 = 1
I0418 08:36:45.847672  7952 caffe.cpp:314] Batch 1520, accuracy1+2+3 = 1
I0418 08:36:45.972666  6080 data_layer.cpp:128] Prefetch batch: 124 ms.
I0418 08:36:45.972666  6080 data_layer.cpp:129]      Read time: 78.119 ms.
I0418 08:36:45.972666  6080 data_layer.cpp:130] Transform time: 46.874 ms.
I0418 08:36:46.816449  7952 caffe.cpp:314] Batch 1521, accuracy1+2 = 1
I0418 08:36:46.816449  7952 caffe.cpp:314] Batch 1521, accuracy1+2+3 = 1
I0418 08:36:46.941457  6080 data_layer.cpp:128] Prefetch batch: 125 ms.
I0418 08:36:46.941457  6080 data_layer.cpp:129]      Read time: 93.753 ms.
I0418 08:36:46.941457  6080 data_layer.cpp:130] Transform time: 31.254 ms.
I0418 08:36:47.800866  7952 caffe.cpp:314] Batch 1522, accuracy1+2 = 1
I0418 08:36:47.800866  7952 caffe.cpp:314] Batch 1522, accuracy1+2+3 = 1
I0418 08:36:47.925875  6080 data_layer.cpp:128] Prefetch batch: 125 ms.
I0418 08:36:47.925875  6080 data_layer.cpp:129]      Read time: 78.128 ms.
I0418 08:36:47.925875  6080 data_layer.cpp:130] Transform time: 46.881 ms.
I0418 08:36:48.769652  7952 caffe.cpp:314] Batch 1523, accuracy1+2 = 1
I0418 08:36:48.769652  7952 caffe.cpp:314] Batch 1523, accuracy1+2+3 = 1
I0418 08:36:48.863407  6080 data_layer.cpp:128] Prefetch batch: 93 ms.
I0418 08:36:48.863407  6080 data_layer.cpp:129]      Read time: 0 ms.
I0418 08:36:48.863407  6080 data_layer.cpp:130] Transform time: 93.755 ms.
I0418 08:36:49.738445  7952 caffe.cpp:314] Batch 1524, accuracy1+2 = 1
I0418 08:36:49.738445  7952 caffe.cpp:314] Batch 1524, accuracy1+2+3 = 1
I0418 08:36:49.863445  6080 data_layer.cpp:128] Prefetch batch: 124 ms.
I0418 08:36:49.863445  6080 data_layer.cpp:129]      Read time: 93.754 ms.
I0418 08:36:49.863445  6080 data_layer.cpp:130] Transform time: 31.245 ms.
I0418 08:36:50.707233  7952 caffe.cpp:314] Batch 1525, accuracy1+2 = 1
I0418 08:36:50.707233  7952 caffe.cpp:314] Batch 1525, accuracy1+2+3 = 1
I0418 08:36:50.832236  6080 data_layer.cpp:128] Prefetch batch: 125 ms.
I0418 08:36:50.832236  6080 data_layer.cpp:129]      Read time: 93.747 ms.
I0418 08:36:50.832236  6080 data_layer.cpp:130] Transform time: 31.255 ms.
I0418 08:36:51.691648  7952 caffe.cpp:314] Batch 1526, accuracy1+2 = 1
I0418 08:36:51.691648  7952 caffe.cpp:314] Batch 1526, accuracy1+2+3 = 1
I0418 08:36:51.785398  6080 data_layer.cpp:128] Prefetch batch: 93 ms.
I0418 08:36:51.785398  6080 data_layer.cpp:129]      Read time: 0 ms.
I0418 08:36:51.785398  6080 data_layer.cpp:130] Transform time: 93.75 ms.
I0418 08:36:52.660432  7952 caffe.cpp:314] Batch 1527, accuracy1+2 = 1
I0418 08:36:52.660432  7952 caffe.cpp:314] Batch 1527, accuracy1+2+3 = 1
I0418 08:36:52.785437  6080 data_layer.cpp:128] Prefetch batch: 125 ms.
I0418 08:36:52.785437  6080 data_layer.cpp:129]      Read time: 93.756 ms.
I0418 08:36:52.785437  6080 data_layer.cpp:130] Transform time: 31.249 ms.
I0418 08:36:53.629225  7952 caffe.cpp:314] Batch 1528, accuracy1+2 = 1
I0418 08:36:53.629225  7952 caffe.cpp:314] Batch 1528, accuracy1+2+3 = 1
I0418 08:36:53.769848  6080 data_layer.cpp:128] Prefetch batch: 140 ms.
I0418 08:36:53.769848  6080 data_layer.cpp:129]      Read time: 78.123 ms.
I0418 08:36:53.769848  6080 data_layer.cpp:130] Transform time: 62.501 ms.
I0418 08:36:54.613636  7952 caffe.cpp:314] Batch 1529, accuracy1+2 = 1
I0418 08:36:54.613636  7952 caffe.cpp:314] Batch 1529, accuracy1+2+3 = 1
I0418 08:36:54.738637  6080 data_layer.cpp:128] Prefetch batch: 125 ms.
I0418 08:36:54.738637  6080 data_layer.cpp:129]      Read time: 93.758 ms.
I0418 08:36:54.738637  6080 data_layer.cpp:130] Transform time: 31.243 ms.
I0418 08:36:55.582424  7952 caffe.cpp:314] Batch 1530, accuracy1+2 = 1
I0418 08:36:55.582424  7952 caffe.cpp:314] Batch 1530, accuracy1+2+3 = 1
I0418 08:36:55.707425  6080 data_layer.cpp:128] Prefetch batch: 125 ms.
I0418 08:36:55.707425  6080 data_layer.cpp:129]      Read time: 31.248 ms.
I0418 08:36:55.707425  6080 data_layer.cpp:130] Transform time: 93.753 ms.
I0418 08:36:56.566838  7952 caffe.cpp:314] Batch 1531, accuracy1+2 = 1
I0418 08:36:56.566838  7952 caffe.cpp:314] Batch 1531, accuracy1+2+3 = 1
I0418 08:36:56.691838  6080 data_layer.cpp:128] Prefetch batch: 124 ms.
I0418 08:36:56.691838  6080 data_layer.cpp:129]      Read time: 78.126 ms.
I0418 08:36:56.691838  6080 data_layer.cpp:130] Transform time: 46.873 ms.
I0418 08:36:57.535624  7952 caffe.cpp:314] Batch 1532, accuracy1+2 = 1
I0418 08:36:57.535624  7952 caffe.cpp:314] Batch 1532, accuracy1+2+3 = 1
I0418 08:36:57.660624  6080 data_layer.cpp:128] Prefetch batch: 125 ms.
I0418 08:36:57.660624  6080 data_layer.cpp:129]      Read time: 93.756 ms.
I0418 08:36:57.660624  6080 data_layer.cpp:130] Transform time: 31.245 ms.
I0418 08:36:58.504410  7952 caffe.cpp:314] Batch 1533, accuracy1+2 = 0
I0418 08:36:58.504410  7952 caffe.cpp:314] Batch 1533, accuracy1+2+3 = 0
I0418 08:36:58.645041  6080 data_layer.cpp:128] Prefetch batch: 140 ms.
I0418 08:36:58.645041  6080 data_layer.cpp:129]      Read time: 109.377 ms.
I0418 08:36:58.645041  6080 data_layer.cpp:130] Transform time: 31.254 ms.
I0418 08:36:59.488826  7952 caffe.cpp:314] Batch 1534, accuracy1+2 = 1
I0418 08:36:59.488826  7952 caffe.cpp:314] Batch 1534, accuracy1+2+3 = 1
I0418 08:36:59.613834  6080 data_layer.cpp:128] Prefetch batch: 125 ms.
I0418 08:36:59.613834  6080 data_layer.cpp:129]      Read time: 78.124 ms.
I0418 08:36:59.613834  6080 data_layer.cpp:130] Transform time: 46.885 ms.
I0418 08:37:00.457614  7952 caffe.cpp:314] Batch 1535, accuracy1+2 = 1
I0418 08:37:00.457614  7952 caffe.cpp:314] Batch 1535, accuracy1+2+3 = 1
I0418 08:37:00.566997  6080 data_layer.cpp:128] Prefetch batch: 109 ms.
I0418 08:37:00.566997  6080 data_layer.cpp:129]      Read time: 0 ms.
I0418 08:37:00.566997  6080 data_layer.cpp:130] Transform time: 109.382 ms.
I0418 08:37:01.457648  7952 caffe.cpp:314] Batch 1536, accuracy1+2 = 1
I0418 08:37:01.457648  7952 caffe.cpp:314] Batch 1536, accuracy1+2+3 = 1
I0418 08:37:01.582645  6080 data_layer.cpp:128] Prefetch batch: 124 ms.
I0418 08:37:01.582645  6080 data_layer.cpp:129]      Read time: 93.747 ms.
I0418 08:37:01.582645  6080 data_layer.cpp:130] Transform time: 31.251 ms.
I0418 08:37:02.473306  7952 caffe.cpp:314] Batch 1537, accuracy1+2 = 0
I0418 08:37:02.473306  7952 caffe.cpp:314] Batch 1537, accuracy1+2+3 = 0
I0418 08:37:02.598311  6080 data_layer.cpp:128] Prefetch batch: 125 ms.
I0418 08:37:02.598311  6080 data_layer.cpp:129]      Read time: 93.754 ms.
I0418 08:37:02.598311  6080 data_layer.cpp:130] Transform time: 31.251 ms.
I0418 08:37:03.457738  7952 caffe.cpp:314] Batch 1538, accuracy1+2 = 1
I0418 08:37:03.457738  7952 caffe.cpp:314] Batch 1538, accuracy1+2+3 = 1
I0418 08:37:03.582731  6080 data_layer.cpp:128] Prefetch batch: 124 ms.
I0418 08:37:03.582731  6080 data_layer.cpp:129]      Read time: 93.746 ms.
I0418 08:37:03.582731  6080 data_layer.cpp:130] Transform time: 31.247 ms.
I0418 08:37:04.426522  7952 caffe.cpp:314] Batch 1539, accuracy1+2 = 1
I0418 08:37:04.426522  7952 caffe.cpp:314] Batch 1539, accuracy1+2+3 = 1
I0418 08:37:04.551522  6080 data_layer.cpp:128] Prefetch batch: 125 ms.
I0418 08:37:04.551522  6080 data_layer.cpp:129]      Read time: 93.755 ms.
I0418 08:37:04.551522  6080 data_layer.cpp:130] Transform time: 31.245 ms.
I0418 08:37:05.410935  7952 caffe.cpp:314] Batch 1540, accuracy1+2 = 0
I0418 08:37:05.410935  7952 caffe.cpp:314] Batch 1540, accuracy1+2+3 = 0
I0418 08:37:05.504686  6080 data_layer.cpp:128] Prefetch batch: 93 ms.
I0418 08:37:05.504686  6080 data_layer.cpp:129]      Read time: 0 ms.
I0418 08:37:05.504686  6080 data_layer.cpp:130] Transform time: 93.751 ms.
I0418 08:37:06.379716  7952 caffe.cpp:314] Batch 1541, accuracy1+2 = 1
I0418 08:37:06.379716  7952 caffe.cpp:314] Batch 1541, accuracy1+2+3 = 1
I0418 08:37:06.504724  6080 data_layer.cpp:128] Prefetch batch: 125 ms.
I0418 08:37:06.504724  6080 data_layer.cpp:129]      Read time: 93.754 ms.
I0418 08:37:06.504724  6080 data_layer.cpp:130] Transform time: 31.254 ms.
I0418 08:37:07.348510  7952 caffe.cpp:314] Batch 1542, accuracy1+2 = 1
I0418 08:37:07.348510  7952 caffe.cpp:314] Batch 1542, accuracy1+2+3 = 1
I0418 08:37:07.473513  6080 data_layer.cpp:128] Prefetch batch: 125 ms.
I0418 08:37:07.473513  6080 data_layer.cpp:129]      Read time: 93.753 ms.
I0418 08:37:07.473513  6080 data_layer.cpp:130] Transform time: 31.251 ms.
I0418 08:37:08.332918  7952 caffe.cpp:314] Batch 1543, accuracy1+2 = 1
I0418 08:37:08.332918  7952 caffe.cpp:314] Batch 1543, accuracy1+2+3 = 1
I0418 08:37:08.457926  6080 data_layer.cpp:128] Prefetch batch: 125 ms.
I0418 08:37:08.457926  6080 data_layer.cpp:129]      Read time: 78.13 ms.
I0418 08:37:08.457926  6080 data_layer.cpp:130] Transform time: 46.877 ms.
I0418 08:37:09.301714  7952 caffe.cpp:314] Batch 1544, accuracy1+2 = 1
I0418 08:37:09.301714  7952 caffe.cpp:314] Batch 1544, accuracy1+2+3 = 1
I0418 08:37:09.395462  6080 data_layer.cpp:128] Prefetch batch: 93 ms.
I0418 08:37:09.395462  6080 data_layer.cpp:129]      Read time: 0 ms.
I0418 08:37:09.395462  6080 data_layer.cpp:130] Transform time: 93.747 ms.
I0418 08:37:10.270500  7952 caffe.cpp:314] Batch 1545, accuracy1+2 = 1
I0418 08:37:10.270500  7952 caffe.cpp:314] Batch 1545, accuracy1+2+3 = 1
I0418 08:37:10.395499  6080 data_layer.cpp:128] Prefetch batch: 124 ms.
I0418 08:37:10.395499  6080 data_layer.cpp:129]      Read time: 93.753 ms.
I0418 08:37:10.395499  6080 data_layer.cpp:130] Transform time: 31.246 ms.
I0418 08:37:11.254914  7952 caffe.cpp:314] Batch 1546, accuracy1+2 = 1
I0418 08:37:11.254914  7952 caffe.cpp:314] Batch 1546, accuracy1+2+3 = 1
I0418 08:37:11.379916  6080 data_layer.cpp:128] Prefetch batch: 125 ms.
I0418 08:37:11.379916  6080 data_layer.cpp:129]      Read time: 78.127 ms.
I0418 08:37:11.379916  6080 data_layer.cpp:130] Transform time: 46.876 ms.
I0418 08:37:12.223703  7952 caffe.cpp:314] Batch 1547, accuracy1+2 = 1
I0418 08:37:12.223703  7952 caffe.cpp:314] Batch 1547, accuracy1+2+3 = 1
I0418 08:37:12.348701  6080 data_layer.cpp:128] Prefetch batch: 124 ms.
I0418 08:37:12.348701  6080 data_layer.cpp:129]      Read time: 93.76 ms.
I0418 08:37:12.348701  6080 data_layer.cpp:130] Transform time: 31.238 ms.
I0418 08:37:13.192490  7952 caffe.cpp:314] Batch 1548, accuracy1+2 = 1
I0418 08:37:13.192490  7952 caffe.cpp:314] Batch 1548, accuracy1+2+3 = 1
I0418 08:37:13.301867  6080 data_layer.cpp:128] Prefetch batch: 109 ms.
I0418 08:37:13.301867  6080 data_layer.cpp:129]      Read time: 0 ms.
I0418 08:37:13.301867  6080 data_layer.cpp:130] Transform time: 109.377 ms.
I0418 08:37:14.176899  7952 caffe.cpp:314] Batch 1549, accuracy1+2 = 0
I0418 08:37:14.176899  7952 caffe.cpp:314] Batch 1549, accuracy1+2+3 = 1
I0418 08:37:14.301908  6080 data_layer.cpp:128] Prefetch batch: 125 ms.
I0418 08:37:14.301908  6080 data_layer.cpp:129]      Read time: 93.758 ms.
I0418 08:37:14.301908  6080 data_layer.cpp:130] Transform time: 31.251 ms.
I0418 08:37:15.161304  7952 caffe.cpp:314] Batch 1550, accuracy1+2 = 1
I0418 08:37:15.161304  7952 caffe.cpp:314] Batch 1550, accuracy1+2+3 = 1
I0418 08:37:15.286316  6080 data_layer.cpp:128] Prefetch batch: 125 ms.
I0418 08:37:15.286316  6080 data_layer.cpp:129]      Read time: 78.138 ms.
I0418 08:37:15.286316  6080 data_layer.cpp:130] Transform time: 46.874 ms.
I0418 08:37:16.130100  7952 caffe.cpp:314] Batch 1551, accuracy1+2 = 1
I0418 08:37:16.130100  7952 caffe.cpp:314] Batch 1551, accuracy1+2+3 = 1
I0418 08:37:16.270736  6080 data_layer.cpp:128] Prefetch batch: 140 ms.
I0418 08:37:16.270736  6080 data_layer.cpp:129]      Read time: 93.758 ms.
I0418 08:37:16.270736  6080 data_layer.cpp:130] Transform time: 46.879 ms.
I0418 08:37:17.114518  7952 caffe.cpp:314] Batch 1552, accuracy1+2 = 1
I0418 08:37:17.114518  7952 caffe.cpp:314] Batch 1552, accuracy1+2+3 = 1
I0418 08:37:17.239519  6080 data_layer.cpp:128] Prefetch batch: 125 ms.
I0418 08:37:17.239519  6080 data_layer.cpp:129]      Read time: 93.742 ms.
I0418 08:37:17.239519  6080 data_layer.cpp:130] Transform time: 31.259 ms.
I0418 08:37:18.098932  7952 caffe.cpp:314] Batch 1553, accuracy1+2 = 1
I0418 08:37:18.098932  7952 caffe.cpp:314] Batch 1553, accuracy1+2+3 = 1
I0418 08:37:18.192683  6080 data_layer.cpp:128] Prefetch batch: 93 ms.
I0418 08:37:18.192683  6080 data_layer.cpp:129]      Read time: 0 ms.
I0418 08:37:18.192683  6080 data_layer.cpp:130] Transform time: 93.751 ms.
I0418 08:37:19.067718  7952 caffe.cpp:314] Batch 1554, accuracy1+2 = 1
I0418 08:37:19.067718  7952 caffe.cpp:314] Batch 1554, accuracy1+2+3 = 1
I0418 08:37:19.192719  6080 data_layer.cpp:128] Prefetch batch: 125 ms.
I0418 08:37:19.192719  6080 data_layer.cpp:129]      Read time: 93.751 ms.
I0418 08:37:19.192719  6080 data_layer.cpp:130] Transform time: 31.251 ms.
I0418 08:37:20.036509  7952 caffe.cpp:314] Batch 1555, accuracy1+2 = 0
I0418 08:37:20.036509  7952 caffe.cpp:314] Batch 1555, accuracy1+2+3 = 0
I0418 08:37:20.161514  6080 data_layer.cpp:128] Prefetch batch: 125 ms.
I0418 08:37:20.161514  6080 data_layer.cpp:129]      Read time: 93.753 ms.
I0418 08:37:20.161514  6080 data_layer.cpp:130] Transform time: 31.252 ms.
I0418 08:37:21.005295  7952 caffe.cpp:314] Batch 1556, accuracy1+2 = 1
I0418 08:37:21.005295  7952 caffe.cpp:314] Batch 1556, accuracy1+2+3 = 1
I0418 08:37:21.130301  6080 data_layer.cpp:128] Prefetch batch: 125 ms.
I0418 08:37:21.130301  6080 data_layer.cpp:129]      Read time: 93.751 ms.
I0418 08:37:21.130301  6080 data_layer.cpp:130] Transform time: 31.256 ms.
I0418 08:37:21.989703  7952 caffe.cpp:314] Batch 1557, accuracy1+2 = 1
I0418 08:37:21.989703  7952 caffe.cpp:314] Batch 1557, accuracy1+2+3 = 1
I0418 08:37:22.114711  6080 data_layer.cpp:128] Prefetch batch: 125 ms.
I0418 08:37:22.114711  6080 data_layer.cpp:129]      Read time: 78.127 ms.
I0418 08:37:22.114711  6080 data_layer.cpp:130] Transform time: 46.881 ms.
I0418 08:37:22.958492  7952 caffe.cpp:314] Batch 1558, accuracy1+2 = 1
I0418 08:37:22.958492  7952 caffe.cpp:314] Batch 1558, accuracy1+2+3 = 1
I0418 08:37:23.067874  6080 data_layer.cpp:128] Prefetch batch: 109 ms.
I0418 08:37:23.067874  6080 data_layer.cpp:129]      Read time: 0 ms.
I0418 08:37:23.067874  6080 data_layer.cpp:130] Transform time: 109.383 ms.
I0418 08:37:23.927281  7952 caffe.cpp:314] Batch 1559, accuracy1+2 = 1
I0418 08:37:23.927281  7952 caffe.cpp:314] Batch 1559, accuracy1+2+3 = 1
I0418 08:37:24.052289  6080 data_layer.cpp:128] Prefetch batch: 125 ms.
I0418 08:37:24.052289  6080 data_layer.cpp:129]      Read time: 93.752 ms.
I0418 08:37:24.052289  6080 data_layer.cpp:130] Transform time: 31.255 ms.
I0418 08:37:24.896065  7952 caffe.cpp:314] Batch 1560, accuracy1+2 = 1
I0418 08:37:24.896065  7952 caffe.cpp:314] Batch 1560, accuracy1+2+3 = 1
I0418 08:37:25.036705  6080 data_layer.cpp:128] Prefetch batch: 140 ms.
I0418 08:37:25.036705  6080 data_layer.cpp:129]      Read time: 93.759 ms.
I0418 08:37:25.036705  6080 data_layer.cpp:130] Transform time: 46.881 ms.
I0418 08:37:25.880487  7952 caffe.cpp:314] Batch 1561, accuracy1+2 = 1
I0418 08:37:25.880487  7952 caffe.cpp:314] Batch 1561, accuracy1+2+3 = 1
I0418 08:37:26.005489  6080 data_layer.cpp:128] Prefetch batch: 125 ms.
I0418 08:37:26.005489  6080 data_layer.cpp:129]      Read time: 93.751 ms.
I0418 08:37:26.005489  6080 data_layer.cpp:130] Transform time: 31.251 ms.
I0418 08:37:26.849273  7952 caffe.cpp:314] Batch 1562, accuracy1+2 = 1
I0418 08:37:26.849273  7952 caffe.cpp:314] Batch 1562, accuracy1+2+3 = 1
I0418 08:37:26.958652  6080 data_layer.cpp:128] Prefetch batch: 109 ms.
I0418 08:37:26.958652  6080 data_layer.cpp:129]      Read time: 0 ms.
I0418 08:37:26.958652  6080 data_layer.cpp:130] Transform time: 109.379 ms.
I0418 08:37:27.818055  7952 caffe.cpp:314] Batch 1563, accuracy1+2 = 1
I0418 08:37:27.818055  7952 caffe.cpp:314] Batch 1563, accuracy1+2+3 = 1
I0418 08:37:27.943063  6080 data_layer.cpp:128] Prefetch batch: 125 ms.
I0418 08:37:27.943063  6080 data_layer.cpp:129]      Read time: 93.757 ms.
I0418 08:37:27.943063  6080 data_layer.cpp:130] Transform time: 31.251 ms.
I0418 08:37:28.802479  7952 caffe.cpp:314] Batch 1564, accuracy1+2 = 1
I0418 08:37:28.802479  7952 caffe.cpp:314] Batch 1564, accuracy1+2+3 = 1
I0418 08:37:28.927477  6080 data_layer.cpp:128] Prefetch batch: 124 ms.
I0418 08:37:28.927477  6080 data_layer.cpp:129]      Read time: 78.124 ms.
I0418 08:37:28.927477  6080 data_layer.cpp:130] Transform time: 46.875 ms.
I0418 08:37:29.771265  7952 caffe.cpp:314] Batch 1565, accuracy1+2 = 1
I0418 08:37:29.771265  7952 caffe.cpp:314] Batch 1565, accuracy1+2+3 = 1
I0418 08:37:29.896268  6080 data_layer.cpp:128] Prefetch batch: 125 ms.
I0418 08:37:29.896268  6080 data_layer.cpp:129]      Read time: 93.748 ms.
I0418 08:37:29.896268  6080 data_layer.cpp:130] Transform time: 31.256 ms.
I0418 08:37:30.740047  7952 caffe.cpp:314] Batch 1566, accuracy1+2 = 1
I0418 08:37:30.740047  7952 caffe.cpp:314] Batch 1566, accuracy1+2+3 = 1
I0418 08:37:30.865056  6080 data_layer.cpp:128] Prefetch batch: 125 ms.
I0418 08:37:30.865056  6080 data_layer.cpp:129]      Read time: 93.76 ms.
I0418 08:37:30.865056  6080 data_layer.cpp:130] Transform time: 31.249 ms.
I0418 08:37:31.708842  7952 caffe.cpp:314] Batch 1567, accuracy1+2 = 1
I0418 08:37:31.708842  7952 caffe.cpp:314] Batch 1567, accuracy1+2+3 = 1
I0418 08:37:31.818222  6080 data_layer.cpp:128] Prefetch batch: 109 ms.
I0418 08:37:31.818222  6080 data_layer.cpp:129]      Read time: 15.624 ms.
I0418 08:37:31.818222  6080 data_layer.cpp:130] Transform time: 93.756 ms.
I0418 08:37:32.693253  7952 caffe.cpp:314] Batch 1568, accuracy1+2 = 1
I0418 08:37:32.693253  7952 caffe.cpp:314] Batch 1568, accuracy1+2+3 = 1
I0418 08:37:32.818259  6080 data_layer.cpp:128] Prefetch batch: 125 ms.
I0418 08:37:32.818259  6080 data_layer.cpp:129]      Read time: 93.757 ms.
I0418 08:37:32.818259  6080 data_layer.cpp:130] Transform time: 31.25 ms.
I0418 08:37:33.662036  7952 caffe.cpp:314] Batch 1569, accuracy1+2 = 1
I0418 08:37:33.662036  7952 caffe.cpp:314] Batch 1569, accuracy1+2+3 = 1
I0418 08:37:33.787048  6080 data_layer.cpp:128] Prefetch batch: 125 ms.
I0418 08:37:33.787048  6080 data_layer.cpp:129]      Read time: 93.76 ms.
I0418 08:37:33.787048  6080 data_layer.cpp:130] Transform time: 31.252 ms.
I0418 08:37:34.630825  7952 caffe.cpp:314] Batch 1570, accuracy1+2 = 1
I0418 08:37:34.630825  7952 caffe.cpp:314] Batch 1570, accuracy1+2+3 = 1
I0418 08:37:34.771464  6080 data_layer.cpp:128] Prefetch batch: 140 ms.
I0418 08:37:34.771464  6080 data_layer.cpp:129]      Read time: 93.754 ms.
I0418 08:37:34.771464  6080 data_layer.cpp:130] Transform time: 46.886 ms.
I0418 08:37:35.615247  7952 caffe.cpp:314] Batch 1571, accuracy1+2 = 1
I0418 08:37:35.615247  7952 caffe.cpp:314] Batch 1571, accuracy1+2+3 = 1
I0418 08:37:35.708993  6080 data_layer.cpp:128] Prefetch batch: 93 ms.
I0418 08:37:35.708993  6080 data_layer.cpp:129]      Read time: 0 ms.
I0418 08:37:35.708993  6080 data_layer.cpp:130] Transform time: 93.747 ms.
I0418 08:37:36.584029  7952 caffe.cpp:314] Batch 1572, accuracy1+2 = 1
I0418 08:37:36.584029  7952 caffe.cpp:314] Batch 1572, accuracy1+2+3 = 1
I0418 08:37:36.709039  6080 data_layer.cpp:128] Prefetch batch: 125 ms.
I0418 08:37:36.709039  6080 data_layer.cpp:129]      Read time: 93.756 ms.
I0418 08:37:36.709039  6080 data_layer.cpp:130] Transform time: 31.254 ms.
I0418 08:37:37.552819  7952 caffe.cpp:314] Batch 1573, accuracy1+2 = 1
I0418 08:37:37.552819  7952 caffe.cpp:314] Batch 1573, accuracy1+2+3 = 1
I0418 08:37:37.677819  6080 data_layer.cpp:128] Prefetch batch: 125 ms.
I0418 08:37:37.677819  6080 data_layer.cpp:129]      Read time: 93.75 ms.
I0418 08:37:37.677819  6080 data_layer.cpp:130] Transform time: 31.251 ms.
I0418 08:37:38.552861  7952 caffe.cpp:314] Batch 1574, accuracy1+2 = 1
I0418 08:37:38.552861  7952 caffe.cpp:314] Batch 1574, accuracy1+2+3 = 1
I0418 08:37:38.677865  6080 data_layer.cpp:128] Prefetch batch: 125 ms.
I0418 08:37:38.677865  6080 data_layer.cpp:129]      Read time: 93.75 ms.
I0418 08:37:38.677865  6080 data_layer.cpp:130] Transform time: 31.253 ms.
I0418 08:37:39.568511  7952 caffe.cpp:314] Batch 1575, accuracy1+2 = 1
I0418 08:37:39.568511  7952 caffe.cpp:314] Batch 1575, accuracy1+2+3 = 1
I0418 08:37:39.693531  6080 data_layer.cpp:128] Prefetch batch: 125 ms.
I0418 08:37:39.693531  6080 data_layer.cpp:129]      Read time: 93.754 ms.
I0418 08:37:39.693531  6080 data_layer.cpp:130] Transform time: 31.265 ms.
I0418 08:37:40.552938  7952 caffe.cpp:314] Batch 1576, accuracy1+2 = 1
I0418 08:37:40.552938  7952 caffe.cpp:314] Batch 1576, accuracy1+2+3 = 1
I0418 08:37:40.662313  6080 data_layer.cpp:128] Prefetch batch: 109 ms.
I0418 08:37:40.662313  6080 data_layer.cpp:129]      Read time: 0 ms.
I0418 08:37:40.662313  6080 data_layer.cpp:130] Transform time: 109.375 ms.
I0418 08:37:41.521723  7952 caffe.cpp:314] Batch 1577, accuracy1+2 = 1
I0418 08:37:41.521723  7952 caffe.cpp:314] Batch 1577, accuracy1+2+3 = 1
I0418 08:37:41.646728  6080 data_layer.cpp:128] Prefetch batch: 125 ms.
I0418 08:37:41.646728  6080 data_layer.cpp:129]      Read time: 93.757 ms.
I0418 08:37:41.646728  6080 data_layer.cpp:130] Transform time: 31.247 ms.
I0418 08:37:42.506141  7952 caffe.cpp:314] Batch 1578, accuracy1+2 = 1
I0418 08:37:42.506141  7952 caffe.cpp:314] Batch 1578, accuracy1+2+3 = 1
I0418 08:37:42.631144  6080 data_layer.cpp:128] Prefetch batch: 125 ms.
I0418 08:37:42.631144  6080 data_layer.cpp:129]      Read time: 78.12 ms.
I0418 08:37:42.631144  6080 data_layer.cpp:130] Transform time: 46.882 ms.
I0418 08:37:43.474928  7952 caffe.cpp:314] Batch 1579, accuracy1+2 = 1
I0418 08:37:43.474928  7952 caffe.cpp:314] Batch 1579, accuracy1+2+3 = 1
I0418 08:37:43.599930  6080 data_layer.cpp:128] Prefetch batch: 125 ms.
I0418 08:37:43.599930  6080 data_layer.cpp:129]      Read time: 93.754 ms.
I0418 08:37:43.599930  6080 data_layer.cpp:130] Transform time: 31.247 ms.
I0418 08:37:44.443711  7952 caffe.cpp:314] Batch 1580, accuracy1+2 = 1
I0418 08:37:44.443711  7952 caffe.cpp:314] Batch 1580, accuracy1+2+3 = 1
I0418 08:37:44.568717  6080 data_layer.cpp:128] Prefetch batch: 125 ms.
I0418 08:37:44.584341  6080 data_layer.cpp:129]      Read time: 93.758 ms.
I0418 08:37:44.584341  6080 data_layer.cpp:130] Transform time: 31.248 ms.
I0418 08:37:45.428125  7952 caffe.cpp:314] Batch 1581, accuracy1+2 = 1
I0418 08:37:45.428125  7952 caffe.cpp:314] Batch 1581, accuracy1+2+3 = 1
I0418 08:37:45.521877  6080 data_layer.cpp:128] Prefetch batch: 93 ms.
I0418 08:37:45.521877  6080 data_layer.cpp:129]      Read time: 0 ms.
I0418 08:37:45.521877  6080 data_layer.cpp:130] Transform time: 93.751 ms.
I0418 08:37:46.412541  7952 caffe.cpp:314] Batch 1582, accuracy1+2 = 1
I0418 08:37:46.412541  7952 caffe.cpp:314] Batch 1582, accuracy1+2+3 = 1
I0418 08:37:46.537545  6080 data_layer.cpp:128] Prefetch batch: 125 ms.
I0418 08:37:46.537545  6080 data_layer.cpp:129]      Read time: 93.751 ms.
I0418 08:37:46.537545  6080 data_layer.cpp:130] Transform time: 31.253 ms.
I0418 08:37:47.396951  7952 caffe.cpp:314] Batch 1583, accuracy1+2 = 1
I0418 08:37:47.396951  7952 caffe.cpp:314] Batch 1583, accuracy1+2+3 = 1
I0418 08:37:47.521960  6080 data_layer.cpp:128] Prefetch batch: 125 ms.
I0418 08:37:47.521960  6080 data_layer.cpp:129]      Read time: 78.127 ms.
I0418 08:37:47.521960  6080 data_layer.cpp:130] Transform time: 46.882 ms.
I0418 08:37:48.365741  7952 caffe.cpp:314] Batch 1584, accuracy1+2 = 1
I0418 08:37:48.365741  7952 caffe.cpp:314] Batch 1584, accuracy1+2+3 = 1
I0418 08:37:48.490746  6080 data_layer.cpp:128] Prefetch batch: 125 ms.
I0418 08:37:48.490746  6080 data_layer.cpp:129]      Read time: 93.757 ms.
I0418 08:37:48.490746  6080 data_layer.cpp:130] Transform time: 31.247 ms.
I0418 08:37:49.334532  7952 caffe.cpp:314] Batch 1585, accuracy1+2 = 1
I0418 08:37:49.334532  7952 caffe.cpp:314] Batch 1585, accuracy1+2+3 = 1
I0418 08:37:49.459534  6080 data_layer.cpp:128] Prefetch batch: 125 ms.
I0418 08:37:49.459534  6080 data_layer.cpp:129]      Read time: 93.754 ms.
I0418 08:37:49.459534  6080 data_layer.cpp:130] Transform time: 31.248 ms.
I0418 08:37:50.303318  7952 caffe.cpp:314] Batch 1586, accuracy1+2 = 1
I0418 08:37:50.303318  7952 caffe.cpp:314] Batch 1586, accuracy1+2+3 = 1
I0418 08:37:50.428324  6080 data_layer.cpp:128] Prefetch batch: 125 ms.
I0418 08:37:50.428324  6080 data_layer.cpp:129]      Read time: 93.756 ms.
I0418 08:37:50.428324  6080 data_layer.cpp:130] Transform time: 31.251 ms.
I0418 08:37:51.287734  7952 caffe.cpp:314] Batch 1587, accuracy1+2 = 1
I0418 08:37:51.287734  7952 caffe.cpp:314] Batch 1587, accuracy1+2+3 = 1
I0418 08:37:51.381484  6080 data_layer.cpp:128] Prefetch batch: 93 ms.
I0418 08:37:51.381484  6080 data_layer.cpp:129]      Read time: 0 ms.
I0418 08:37:51.381484  6080 data_layer.cpp:130] Transform time: 93.75 ms.
I0418 08:37:52.256516  7952 caffe.cpp:314] Batch 1588, accuracy1+2 = 1
I0418 08:37:52.256516  7952 caffe.cpp:314] Batch 1588, accuracy1+2+3 = 1
I0418 08:37:52.381525  6080 data_layer.cpp:128] Prefetch batch: 125 ms.
I0418 08:37:52.381525  6080 data_layer.cpp:129]      Read time: 93.76 ms.
I0418 08:37:52.381525  6080 data_layer.cpp:130] Transform time: 31.249 ms.
I0418 08:37:53.225306  7952 caffe.cpp:314] Batch 1589, accuracy1+2 = 1
I0418 08:37:53.225306  7952 caffe.cpp:314] Batch 1589, accuracy1+2+3 = 1
I0418 08:37:53.350309  6080 data_layer.cpp:128] Prefetch batch: 125 ms.
I0418 08:37:53.350309  6080 data_layer.cpp:129]      Read time: 93.759 ms.
I0418 08:37:53.350309  6080 data_layer.cpp:130] Transform time: 31.245 ms.
I0418 08:37:54.209722  7952 caffe.cpp:314] Batch 1590, accuracy1+2 = 1
I0418 08:37:54.209722  7952 caffe.cpp:314] Batch 1590, accuracy1+2+3 = 1
I0418 08:37:54.303475  6080 data_layer.cpp:128] Prefetch batch: 93 ms.
I0418 08:37:54.303475  6080 data_layer.cpp:129]      Read time: 0 ms.
I0418 08:37:54.303475  6080 data_layer.cpp:130] Transform time: 93.753 ms.
I0418 08:37:55.178510  7952 caffe.cpp:314] Batch 1591, accuracy1+2 = 1
I0418 08:37:55.178510  7952 caffe.cpp:314] Batch 1591, accuracy1+2+3 = 1
I0418 08:37:55.303516  6080 data_layer.cpp:128] Prefetch batch: 125 ms.
I0418 08:37:55.303516  6080 data_layer.cpp:129]      Read time: 46.876 ms.
I0418 08:37:55.303516  6080 data_layer.cpp:130] Transform time: 78.13 ms.
I0418 08:37:56.147299  7952 caffe.cpp:314] Batch 1592, accuracy1+2 = 1
I0418 08:37:56.147299  7952 caffe.cpp:314] Batch 1592, accuracy1+2+3 = 1
I0418 08:37:56.303555  6080 data_layer.cpp:128] Prefetch batch: 156 ms.
I0418 08:37:56.303555  6080 data_layer.cpp:129]      Read time: 140.639 ms.
I0418 08:37:56.303555  6080 data_layer.cpp:130] Transform time: 15.617 ms.
I0418 08:37:57.116088  7952 caffe.cpp:314] Batch 1593, accuracy1+2 = 1
I0418 08:37:57.116088  7952 caffe.cpp:314] Batch 1593, accuracy1+2+3 = 1
I0418 08:37:57.256719  6080 data_layer.cpp:128] Prefetch batch: 125 ms.
I0418 08:37:57.256719  6080 data_layer.cpp:129]      Read time: 78.139 ms.
I0418 08:37:57.256719  6080 data_layer.cpp:130] Transform time: 46.88 ms.
I0418 08:37:58.100498  7952 caffe.cpp:314] Batch 1594, accuracy1+2 = 1
I0418 08:37:58.100498  7952 caffe.cpp:314] Batch 1594, accuracy1+2+3 = 1
I0418 08:37:58.194255  6080 data_layer.cpp:128] Prefetch batch: 93 ms.
I0418 08:37:58.194255  6080 data_layer.cpp:129]      Read time: 0 ms.
I0418 08:37:58.194255  6080 data_layer.cpp:130] Transform time: 93.757 ms.
I0418 08:37:59.069286  7952 caffe.cpp:314] Batch 1595, accuracy1+2 = 1
I0418 08:37:59.069286  7952 caffe.cpp:314] Batch 1595, accuracy1+2+3 = 1
I0418 08:37:59.194293  6080 data_layer.cpp:128] Prefetch batch: 125 ms.
I0418 08:37:59.194293  6080 data_layer.cpp:129]      Read time: 93.751 ms.
I0418 08:37:59.194293  6080 data_layer.cpp:130] Transform time: 31.255 ms.
I0418 08:38:00.038079  7952 caffe.cpp:314] Batch 1596, accuracy1+2 = 1
I0418 08:38:00.038079  7952 caffe.cpp:314] Batch 1596, accuracy1+2+3 = 1
I0418 08:38:00.163082  6080 data_layer.cpp:128] Prefetch batch: 125 ms.
I0418 08:38:00.163082  6080 data_layer.cpp:129]      Read time: 93.753 ms.
I0418 08:38:00.163082  6080 data_layer.cpp:130] Transform time: 31.251 ms.
I0418 08:38:01.022490  7952 caffe.cpp:314] Batch 1597, accuracy1+2 = 1
I0418 08:38:01.022490  7952 caffe.cpp:314] Batch 1597, accuracy1+2+3 = 1
I0418 08:38:01.147490  6080 data_layer.cpp:128] Prefetch batch: 125 ms.
I0418 08:38:01.147490  6080 data_layer.cpp:129]      Read time: 109.378 ms.
I0418 08:38:01.147490  6080 data_layer.cpp:130] Transform time: 15.623 ms.
I0418 08:38:01.991276  7952 caffe.cpp:314] Batch 1598, accuracy1+2 = 1
I0418 08:38:01.991276  7952 caffe.cpp:314] Batch 1598, accuracy1+2+3 = 1
I0418 08:38:02.116282  6080 data_layer.cpp:128] Prefetch batch: 125 ms.
I0418 08:38:02.116282  6080 data_layer.cpp:129]      Read time: 93.758 ms.
I0418 08:38:02.116282  6080 data_layer.cpp:130] Transform time: 31.249 ms.
I0418 08:38:02.960067  7952 caffe.cpp:314] Batch 1599, accuracy1+2 = 1
I0418 08:38:02.960067  7952 caffe.cpp:314] Batch 1599, accuracy1+2+3 = 1
I0418 08:38:03.085072  6080 data_layer.cpp:128] Prefetch batch: 125 ms.
I0418 08:38:03.085072  6080 data_layer.cpp:129]      Read time: 93.749 ms.
I0418 08:38:03.085072  6080 data_layer.cpp:130] Transform time: 31.255 ms.
I0418 08:38:03.944479  7952 caffe.cpp:314] Batch 1600, accuracy1+2 = 1
I0418 08:38:03.944479  7952 caffe.cpp:314] Batch 1600, accuracy1+2+3 = 1
I0418 08:38:04.038229  6080 data_layer.cpp:128] Prefetch batch: 93 ms.
I0418 08:38:04.038229  6080 data_layer.cpp:129]      Read time: 0 ms.
I0418 08:38:04.038229  6080 data_layer.cpp:130] Transform time: 93.75 ms.
I0418 08:38:04.913266  7952 caffe.cpp:314] Batch 1601, accuracy1+2 = 0
I0418 08:38:04.913266  7952 caffe.cpp:314] Batch 1601, accuracy1+2+3 = 0
I0418 08:38:05.038278  6080 data_layer.cpp:128] Prefetch batch: 125 ms.
I0418 08:38:05.038278  6080 data_layer.cpp:129]      Read time: 93.756 ms.
I0418 08:38:05.038278  6080 data_layer.cpp:130] Transform time: 31.256 ms.
I0418 08:38:05.882055  7952 caffe.cpp:314] Batch 1602, accuracy1+2 = 1
I0418 08:38:05.882055  7952 caffe.cpp:314] Batch 1602, accuracy1+2+3 = 1
I0418 08:38:06.007053  6080 data_layer.cpp:128] Prefetch batch: 124 ms.
I0418 08:38:06.007053  6080 data_layer.cpp:129]      Read time: 93.754 ms.
I0418 08:38:06.007053  6080 data_layer.cpp:130] Transform time: 31.245 ms.
I0418 08:38:06.866463  7952 caffe.cpp:314] Batch 1603, accuracy1+2 = 1
I0418 08:38:06.866463  7952 caffe.cpp:314] Batch 1603, accuracy1+2+3 = 1
I0418 08:38:06.991473  6080 data_layer.cpp:128] Prefetch batch: 125 ms.
I0418 08:38:06.991473  6080 data_layer.cpp:129]      Read time: 78.135 ms.
I0418 08:38:06.991473  6080 data_layer.cpp:130] Transform time: 46.875 ms.
I0418 08:38:07.835258  7952 caffe.cpp:314] Batch 1604, accuracy1+2 = 1
I0418 08:38:07.835258  7952 caffe.cpp:314] Batch 1604, accuracy1+2+3 = 1
I0418 08:38:07.960260  6080 data_layer.cpp:128] Prefetch batch: 125 ms.
I0418 08:38:07.960260  6080 data_layer.cpp:129]      Read time: 93.748 ms.
I0418 08:38:07.960260  6080 data_layer.cpp:130] Transform time: 31.254 ms.
I0418 08:38:08.804040  7952 caffe.cpp:314] Batch 1605, accuracy1+2 = 1
I0418 08:38:08.804040  7952 caffe.cpp:314] Batch 1605, accuracy1+2+3 = 1
I0418 08:38:08.929047  6080 data_layer.cpp:128] Prefetch batch: 125 ms.
I0418 08:38:08.929047  6080 data_layer.cpp:129]      Read time: 93.757 ms.
I0418 08:38:08.929047  6080 data_layer.cpp:130] Transform time: 31.25 ms.
I0418 08:38:09.788453  7952 caffe.cpp:314] Batch 1606, accuracy1+2 = 1
I0418 08:38:09.788453  7952 caffe.cpp:314] Batch 1606, accuracy1+2+3 = 1
I0418 08:38:09.913461  6080 data_layer.cpp:128] Prefetch batch: 125 ms.
I0418 08:38:09.913461  6080 data_layer.cpp:129]      Read time: 78.133 ms.
I0418 08:38:09.913461  6080 data_layer.cpp:130] Transform time: 46.875 ms.
I0418 08:38:10.757242  7952 caffe.cpp:314] Batch 1607, accuracy1+2 = 1
I0418 08:38:10.757242  7952 caffe.cpp:314] Batch 1607, accuracy1+2+3 = 1
I0418 08:38:10.882248  6080 data_layer.cpp:128] Prefetch batch: 125 ms.
I0418 08:38:10.882248  6080 data_layer.cpp:129]      Read time: 93.757 ms.
I0418 08:38:10.882248  6080 data_layer.cpp:130] Transform time: 31.249 ms.
I0418 08:38:11.726035  7952 caffe.cpp:314] Batch 1608, accuracy1+2 = 1
I0418 08:38:11.726035  7952 caffe.cpp:314] Batch 1608, accuracy1+2+3 = 1
I0418 08:38:11.835413  6080 data_layer.cpp:128] Prefetch batch: 109 ms.
I0418 08:38:11.835413  6080 data_layer.cpp:129]      Read time: 0 ms.
I0418 08:38:11.835413  6080 data_layer.cpp:130] Transform time: 109.378 ms.
I0418 08:38:12.694819  7952 caffe.cpp:314] Batch 1609, accuracy1+2 = 1
I0418 08:38:12.694819  7952 caffe.cpp:314] Batch 1609, accuracy1+2+3 = 1
I0418 08:38:12.819824  6080 data_layer.cpp:128] Prefetch batch: 125 ms.
I0418 08:38:12.819824  6080 data_layer.cpp:129]      Read time: 93.759 ms.
I0418 08:38:12.835450  6080 data_layer.cpp:130] Transform time: 31.246 ms.
I0418 08:38:13.679237  7952 caffe.cpp:314] Batch 1610, accuracy1+2 = 0
I0418 08:38:13.679237  7952 caffe.cpp:314] Batch 1610, accuracy1+2+3 = 0
I0418 08:38:13.804241  6080 data_layer.cpp:128] Prefetch batch: 125 ms.
I0418 08:38:13.804241  6080 data_layer.cpp:129]      Read time: 93.754 ms.
I0418 08:38:13.804241  6080 data_layer.cpp:130] Transform time: 31.25 ms.
I0418 08:38:14.648020  7952 caffe.cpp:314] Batch 1611, accuracy1+2 = 1
I0418 08:38:14.648020  7952 caffe.cpp:314] Batch 1611, accuracy1+2+3 = 1
I0418 08:38:14.773022  6080 data_layer.cpp:128] Prefetch batch: 125 ms.
I0418 08:38:14.773022  6080 data_layer.cpp:129]      Read time: 93.753 ms.
I0418 08:38:14.773022  6080 data_layer.cpp:130] Transform time: 31.25 ms.
I0418 08:38:15.648061  7952 caffe.cpp:314] Batch 1612, accuracy1+2 = 1
I0418 08:38:15.648061  7952 caffe.cpp:314] Batch 1612, accuracy1+2+3 = 1
I0418 08:38:15.757442  6080 data_layer.cpp:128] Prefetch batch: 109 ms.
I0418 08:38:15.757442  6080 data_layer.cpp:129]      Read time: 0 ms.
I0418 08:38:15.757442  6080 data_layer.cpp:130] Transform time: 109.382 ms.
I0418 08:38:16.663727  7952 caffe.cpp:314] Batch 1613, accuracy1+2 = 1
I0418 08:38:16.663727  7952 caffe.cpp:314] Batch 1613, accuracy1+2+3 = 1
I0418 08:38:16.788734  6080 data_layer.cpp:128] Prefetch batch: 125 ms.
I0418 08:38:16.788734  6080 data_layer.cpp:129]      Read time: 93.804 ms.
I0418 08:38:16.788734  6080 data_layer.cpp:130] Transform time: 31.203 ms.
I0418 08:38:17.632519  7952 caffe.cpp:314] Batch 1614, accuracy1+2 = 1
I0418 08:38:17.632519  7952 caffe.cpp:314] Batch 1614, accuracy1+2+3 = 1
I0418 08:38:17.757517  6080 data_layer.cpp:128] Prefetch batch: 124 ms.
I0418 08:38:17.757517  6080 data_layer.cpp:129]      Read time: 93.754 ms.
I0418 08:38:17.757517  6080 data_layer.cpp:130] Transform time: 31.245 ms.
I0418 08:38:18.616924  7952 caffe.cpp:314] Batch 1615, accuracy1+2 = 1
I0418 08:38:18.616924  7952 caffe.cpp:314] Batch 1615, accuracy1+2+3 = 1
I0418 08:38:18.741937  6080 data_layer.cpp:128] Prefetch batch: 125 ms.
I0418 08:38:18.741937  6080 data_layer.cpp:129]      Read time: 93.763 ms.
I0418 08:38:18.741937  6080 data_layer.cpp:130] Transform time: 31.251 ms.
I0418 08:38:19.585721  7952 caffe.cpp:314] Batch 1616, accuracy1+2 = 1
I0418 08:38:19.585721  7952 caffe.cpp:314] Batch 1616, accuracy1+2+3 = 1
I0418 08:38:19.710734  6080 data_layer.cpp:128] Prefetch batch: 125 ms.
I0418 08:38:19.710734  6080 data_layer.cpp:129]      Read time: 93.753 ms.
I0418 08:38:19.710734  6080 data_layer.cpp:130] Transform time: 31.261 ms.
I0418 08:38:20.570129  7952 caffe.cpp:314] Batch 1617, accuracy1+2 = 1
I0418 08:38:20.570129  7952 caffe.cpp:314] Batch 1617, accuracy1+2+3 = 1
I0418 08:38:20.695137  6080 data_layer.cpp:128] Prefetch batch: 125 ms.
I0418 08:38:20.695137  6080 data_layer.cpp:129]      Read time: 78.13 ms.
I0418 08:38:20.695137  6080 data_layer.cpp:130] Transform time: 46.878 ms.
I0418 08:38:21.538923  7952 caffe.cpp:314] Batch 1618, accuracy1+2 = 1
I0418 08:38:21.538923  7952 caffe.cpp:314] Batch 1618, accuracy1+2+3 = 1
I0418 08:38:21.648301  6080 data_layer.cpp:128] Prefetch batch: 109 ms.
I0418 08:38:21.648301  6080 data_layer.cpp:129]      Read time: 0 ms.
I0418 08:38:21.648301  6080 data_layer.cpp:130] Transform time: 109.379 ms.
I0418 08:38:22.507709  7952 caffe.cpp:314] Batch 1619, accuracy1+2 = 1
I0418 08:38:22.507709  7952 caffe.cpp:314] Batch 1619, accuracy1+2+3 = 1
I0418 08:38:22.632701  6080 data_layer.cpp:128] Prefetch batch: 124 ms.
I0418 08:38:22.632701  6080 data_layer.cpp:129]      Read time: 93.754 ms.
I0418 08:38:22.632701  6080 data_layer.cpp:130] Transform time: 31.238 ms.
I0418 08:38:23.492125  7952 caffe.cpp:314] Batch 1620, accuracy1+2 = 1
I0418 08:38:23.492125  7952 caffe.cpp:314] Batch 1620, accuracy1+2+3 = 1
I0418 08:38:23.617130  6080 data_layer.cpp:128] Prefetch batch: 125 ms.
I0418 08:38:23.617130  6080 data_layer.cpp:129]      Read time: 78.125 ms.
I0418 08:38:23.617130  6080 data_layer.cpp:130] Transform time: 46.88 ms.
I0418 08:38:24.460904  7952 caffe.cpp:314] Batch 1621, accuracy1+2 = 1
I0418 08:38:24.460904  7952 caffe.cpp:314] Batch 1621, accuracy1+2+3 = 1
I0418 08:38:24.585911  6080 data_layer.cpp:128] Prefetch batch: 125 ms.
I0418 08:38:24.585911  6080 data_layer.cpp:129]      Read time: 93.76 ms.
I0418 08:38:24.585911  6080 data_layer.cpp:130] Transform time: 31.247 ms.
I0418 08:38:25.429692  7952 caffe.cpp:314] Batch 1622, accuracy1+2 = 1
I0418 08:38:25.429692  7952 caffe.cpp:314] Batch 1622, accuracy1+2+3 = 1
I0418 08:38:25.539077  6080 data_layer.cpp:128] Prefetch batch: 109 ms.
I0418 08:38:25.539077  6080 data_layer.cpp:129]      Read time: 0 ms.
I0418 08:38:25.539077  6080 data_layer.cpp:130] Transform time: 109.384 ms.
I0418 08:38:26.414109  7952 caffe.cpp:314] Batch 1623, accuracy1+2 = 1
I0418 08:38:26.414109  7952 caffe.cpp:314] Batch 1623, accuracy1+2+3 = 1
I0418 08:38:26.539116  6080 data_layer.cpp:128] Prefetch batch: 125 ms.
I0418 08:38:26.539116  6080 data_layer.cpp:129]      Read time: 78.129 ms.
I0418 08:38:26.539116  6080 data_layer.cpp:130] Transform time: 46.878 ms.
I0418 08:38:27.382897  7952 caffe.cpp:314] Batch 1624, accuracy1+2 = 0
I0418 08:38:27.382897  7952 caffe.cpp:314] Batch 1624, accuracy1+2+3 = 0
I0418 08:38:27.507906  6080 data_layer.cpp:128] Prefetch batch: 125 ms.
I0418 08:38:27.507906  6080 data_layer.cpp:129]      Read time: 93.75 ms.
I0418 08:38:27.507906  6080 data_layer.cpp:130] Transform time: 31.259 ms.
I0418 08:38:28.351693  7952 caffe.cpp:314] Batch 1625, accuracy1+2 = 1
I0418 08:38:28.351693  7952 caffe.cpp:314] Batch 1625, accuracy1+2+3 = 1
I0418 08:38:28.461061  6080 data_layer.cpp:128] Prefetch batch: 109 ms.
I0418 08:38:28.461061  6080 data_layer.cpp:129]      Read time: 0 ms.
I0418 08:38:28.461061  6080 data_layer.cpp:130] Transform time: 109.368 ms.
I0418 08:38:29.320477  7952 caffe.cpp:314] Batch 1626, accuracy1+2 = 1
I0418 08:38:29.320477  7952 caffe.cpp:314] Batch 1626, accuracy1+2+3 = 1
I0418 08:38:29.445478  6080 data_layer.cpp:128] Prefetch batch: 125 ms.
I0418 08:38:29.445478  6080 data_layer.cpp:129]      Read time: 93.748 ms.
I0418 08:38:29.445478  6080 data_layer.cpp:130] Transform time: 31.253 ms.
I0418 08:38:30.304890  7952 caffe.cpp:314] Batch 1627, accuracy1+2 = 1
I0418 08:38:30.304890  7952 caffe.cpp:314] Batch 1627, accuracy1+2+3 = 0
I0418 08:38:30.429893  6080 data_layer.cpp:128] Prefetch batch: 125 ms.
I0418 08:38:30.429893  6080 data_layer.cpp:129]      Read time: 78.122 ms.
I0418 08:38:30.429893  6080 data_layer.cpp:130] Transform time: 46.881 ms.
I0418 08:38:31.273679  7952 caffe.cpp:314] Batch 1628, accuracy1+2 = 1
I0418 08:38:31.273679  7952 caffe.cpp:314] Batch 1628, accuracy1+2+3 = 1
I0418 08:38:31.398681  6080 data_layer.cpp:128] Prefetch batch: 125 ms.
I0418 08:38:31.398681  6080 data_layer.cpp:129]      Read time: 93.747 ms.
I0418 08:38:31.398681  6080 data_layer.cpp:130] Transform time: 31.256 ms.
I0418 08:38:32.242465  7952 caffe.cpp:314] Batch 1629, accuracy1+2 = 0
I0418 08:38:32.242465  7952 caffe.cpp:314] Batch 1629, accuracy1+2+3 = 0
I0418 08:38:32.367471  6080 data_layer.cpp:128] Prefetch batch: 125 ms.
I0418 08:38:32.367471  6080 data_layer.cpp:129]      Read time: 93.752 ms.
I0418 08:38:32.367471  6080 data_layer.cpp:130] Transform time: 31.255 ms.
I0418 08:38:33.226879  7952 caffe.cpp:314] Batch 1630, accuracy1+2 = 0
I0418 08:38:33.226879  7952 caffe.cpp:314] Batch 1630, accuracy1+2+3 = 0
I0418 08:38:33.351881  6080 data_layer.cpp:128] Prefetch batch: 125 ms.
I0418 08:38:33.351881  6080 data_layer.cpp:129]      Read time: 78.126 ms.
I0418 08:38:33.351881  6080 data_layer.cpp:130] Transform time: 46.876 ms.
I0418 08:38:34.195667  7952 caffe.cpp:314] Batch 1631, accuracy1+2 = 0
I0418 08:38:34.195667  7952 caffe.cpp:314] Batch 1631, accuracy1+2+3 = 0
I0418 08:38:34.305042  6080 data_layer.cpp:128] Prefetch batch: 109 ms.
I0418 08:38:34.305042  6080 data_layer.cpp:129]      Read time: 0 ms.
I0418 08:38:34.305042  6080 data_layer.cpp:130] Transform time: 109.376 ms.
I0418 08:38:35.164450  7952 caffe.cpp:314] Batch 1632, accuracy1+2 = 0
I0418 08:38:35.164450  7952 caffe.cpp:314] Batch 1632, accuracy1+2+3 = 0
I0418 08:38:35.289456  6080 data_layer.cpp:128] Prefetch batch: 125 ms.
I0418 08:38:35.289456  6080 data_layer.cpp:129]      Read time: 93.753 ms.
I0418 08:38:35.289456  6080 data_layer.cpp:130] Transform time: 31.253 ms.
I0418 08:38:36.148871  7952 caffe.cpp:314] Batch 1633, accuracy1+2 = 0
I0418 08:38:36.148871  7952 caffe.cpp:314] Batch 1633, accuracy1+2+3 = 0
I0418 08:38:36.273867  6080 data_layer.cpp:128] Prefetch batch: 124 ms.
I0418 08:38:36.273867  6080 data_layer.cpp:129]      Read time: 78.123 ms.
I0418 08:38:36.273867  6080 data_layer.cpp:130] Transform time: 46.873 ms.
I0418 08:38:37.117657  7952 caffe.cpp:314] Batch 1634, accuracy1+2 = 1
I0418 08:38:37.117657  7952 caffe.cpp:314] Batch 1634, accuracy1+2+3 = 1
I0418 08:38:37.211405  6080 data_layer.cpp:128] Prefetch batch: 93 ms.
I0418 08:38:37.211405  6080 data_layer.cpp:129]      Read time: 0 ms.
I0418 08:38:37.211405  6080 data_layer.cpp:130] Transform time: 93.748 ms.
I0418 08:38:38.086443  7952 caffe.cpp:314] Batch 1635, accuracy1+2 = 0
I0418 08:38:38.086443  7952 caffe.cpp:314] Batch 1635, accuracy1+2+3 = 0
I0418 08:38:38.211448  6080 data_layer.cpp:128] Prefetch batch: 125 ms.
I0418 08:38:38.211448  6080 data_layer.cpp:129]      Read time: 93.755 ms.
I0418 08:38:38.211448  6080 data_layer.cpp:130] Transform time: 31.25 ms.
I0418 08:38:39.070858  7952 caffe.cpp:314] Batch 1636, accuracy1+2 = 1
I0418 08:38:39.070858  7952 caffe.cpp:314] Batch 1636, accuracy1+2+3 = 1
I0418 08:38:39.195863  6080 data_layer.cpp:128] Prefetch batch: 125 ms.
I0418 08:38:39.195863  6080 data_layer.cpp:129]      Read time: 78.124 ms.
I0418 08:38:39.195863  6080 data_layer.cpp:130] Transform time: 46.88 ms.
I0418 08:38:40.039644  7952 caffe.cpp:314] Batch 1637, accuracy1+2 = 1
I0418 08:38:40.039644  7952 caffe.cpp:314] Batch 1637, accuracy1+2+3 = 1
I0418 08:38:40.164647  6080 data_layer.cpp:128] Prefetch batch: 125 ms.
I0418 08:38:40.164647  6080 data_layer.cpp:129]      Read time: 93.754 ms.
I0418 08:38:40.164647  6080 data_layer.cpp:130] Transform time: 31.25 ms.
I0418 08:38:41.008435  7952 caffe.cpp:314] Batch 1638, accuracy1+2 = 0
I0418 08:38:41.008435  7952 caffe.cpp:314] Batch 1638, accuracy1+2+3 = 0
I0418 08:38:41.149058  6080 data_layer.cpp:128] Prefetch batch: 140 ms.
I0418 08:38:41.149058  6080 data_layer.cpp:129]      Read time: 93.749 ms.
I0418 08:38:41.149058  6080 data_layer.cpp:130] Transform time: 46.875 ms.
I0418 08:38:41.992846  7952 caffe.cpp:314] Batch 1639, accuracy1+2 = 0
I0418 08:38:41.992846  7952 caffe.cpp:314] Batch 1639, accuracy1+2+3 = 0
I0418 08:38:42.117849  6080 data_layer.cpp:128] Prefetch batch: 125 ms.
I0418 08:38:42.117849  6080 data_layer.cpp:129]      Read time: 93.757 ms.
I0418 08:38:42.117849  6080 data_layer.cpp:130] Transform time: 31.246 ms.
I0418 08:38:42.961633  7952 caffe.cpp:314] Batch 1640, accuracy1+2 = 0
I0418 08:38:42.961633  7952 caffe.cpp:314] Batch 1640, accuracy1+2+3 = 0
I0418 08:38:43.071015  6080 data_layer.cpp:128] Prefetch batch: 109 ms.
I0418 08:38:43.071015  6080 data_layer.cpp:129]      Read time: 0 ms.
I0418 08:38:43.071015  6080 data_layer.cpp:130] Transform time: 109.382 ms.
I0418 08:38:43.930426  7952 caffe.cpp:314] Batch 1641, accuracy1+2 = 0
I0418 08:38:43.930426  7952 caffe.cpp:314] Batch 1641, accuracy1+2+3 = 0
I0418 08:38:44.055428  6080 data_layer.cpp:128] Prefetch batch: 125 ms.
I0418 08:38:44.055428  6080 data_layer.cpp:129]      Read time: 93.739 ms.
I0418 08:38:44.055428  6080 data_layer.cpp:130] Transform time: 31.263 ms.
I0418 08:38:44.914837  7952 caffe.cpp:314] Batch 1642, accuracy1+2 = 0
I0418 08:38:44.914837  7952 caffe.cpp:314] Batch 1642, accuracy1+2+3 = 0
I0418 08:38:45.039845  6080 data_layer.cpp:128] Prefetch batch: 125 ms.
I0418 08:38:45.039845  6080 data_layer.cpp:129]      Read time: 78.123 ms.
I0418 08:38:45.039845  6080 data_layer.cpp:130] Transform time: 46.885 ms.
I0418 08:38:45.883625  7952 caffe.cpp:314] Batch 1643, accuracy1+2 = 0
I0418 08:38:45.883625  7952 caffe.cpp:314] Batch 1643, accuracy1+2+3 = 0
I0418 08:38:46.008632  6080 data_layer.cpp:128] Prefetch batch: 125 ms.
I0418 08:38:46.008632  6080 data_layer.cpp:129]      Read time: 93.751 ms.
I0418 08:38:46.008632  6080 data_layer.cpp:130] Transform time: 31.257 ms.
I0418 08:38:46.852404  7952 caffe.cpp:314] Batch 1644, accuracy1+2 = 0
I0418 08:38:46.852404  7952 caffe.cpp:314] Batch 1644, accuracy1+2+3 = 0
I0418 08:38:46.993044  6080 data_layer.cpp:128] Prefetch batch: 140 ms.
I0418 08:38:46.993044  6080 data_layer.cpp:129]      Read time: 93.77 ms.
I0418 08:38:46.993044  6080 data_layer.cpp:130] Transform time: 46.87 ms.
I0418 08:38:47.868083  7952 caffe.cpp:314] Batch 1645, accuracy1+2 = 1
I0418 08:38:47.868083  7952 caffe.cpp:314] Batch 1645, accuracy1+2+3 = 0
I0418 08:38:47.993083  6080 data_layer.cpp:128] Prefetch batch: 124 ms.
I0418 08:38:47.993083  6080 data_layer.cpp:129]      Read time: 93.747 ms.
I0418 08:38:47.993083  6080 data_layer.cpp:130] Transform time: 31.252 ms.
I0418 08:38:48.852490  7952 caffe.cpp:314] Batch 1646, accuracy1+2 = 0
I0418 08:38:48.852490  7952 caffe.cpp:314] Batch 1646, accuracy1+2+3 = 0
I0418 08:38:48.946239  6080 data_layer.cpp:128] Prefetch batch: 93 ms.
I0418 08:38:48.946239  6080 data_layer.cpp:129]      Read time: 0 ms.
I0418 08:38:48.946239  6080 data_layer.cpp:130] Transform time: 93.749 ms.
I0418 08:38:49.821281  7952 caffe.cpp:314] Batch 1647, accuracy1+2 = 1
I0418 08:38:49.821281  7952 caffe.cpp:314] Batch 1647, accuracy1+2+3 = 1
I0418 08:38:49.946280  6080 data_layer.cpp:128] Prefetch batch: 124 ms.
I0418 08:38:49.946280  6080 data_layer.cpp:129]      Read time: 93.754 ms.
I0418 08:38:49.946280  6080 data_layer.cpp:130] Transform time: 31.245 ms.
I0418 08:38:50.790066  7952 caffe.cpp:314] Batch 1648, accuracy1+2 = 1
I0418 08:38:50.790066  7952 caffe.cpp:314] Batch 1648, accuracy1+2+3 = 1
I0418 08:38:50.915083  6080 data_layer.cpp:128] Prefetch batch: 125 ms.
I0418 08:38:50.915083  6080 data_layer.cpp:129]      Read time: 93.757 ms.
I0418 08:38:50.915083  6080 data_layer.cpp:130] Transform time: 31.261 ms.
I0418 08:38:51.758857  7952 caffe.cpp:314] Batch 1649, accuracy1+2 = 0
I0418 08:38:51.758857  7952 caffe.cpp:314] Batch 1649, accuracy1+2+3 = 0
I0418 08:38:51.899488  6080 data_layer.cpp:128] Prefetch batch: 140 ms.
I0418 08:38:51.899488  6080 data_layer.cpp:129]      Read time: 93.752 ms.
I0418 08:38:51.899488  6080 data_layer.cpp:130] Transform time: 46.88 ms.
I0418 08:38:52.743257  7952 caffe.cpp:314] Batch 1650, accuracy1+2 = 1
I0418 08:38:52.743257  7952 caffe.cpp:314] Batch 1650, accuracy1+2+3 = 1
I0418 08:38:52.868297  6080 data_layer.cpp:128] Prefetch batch: 125 ms.
I0418 08:38:52.868297  6080 data_layer.cpp:129]      Read time: 93.815 ms.
I0418 08:38:52.868297  6080 data_layer.cpp:130] Transform time: 31.225 ms.
I0418 08:38:53.758934  7952 caffe.cpp:314] Batch 1651, accuracy1+2 = 1
I0418 08:38:53.758934  7952 caffe.cpp:314] Batch 1651, accuracy1+2+3 = 1
I0418 08:38:53.883939  6080 data_layer.cpp:128] Prefetch batch: 125 ms.
I0418 08:38:53.883939  6080 data_layer.cpp:129]      Read time: 93.752 ms.
I0418 08:38:53.883939  6080 data_layer.cpp:130] Transform time: 31.253 ms.
I0418 08:38:54.790212  7952 caffe.cpp:314] Batch 1652, accuracy1+2 = 1
I0418 08:38:54.790212  7952 caffe.cpp:314] Batch 1652, accuracy1+2+3 = 1
I0418 08:38:54.899596  6080 data_layer.cpp:128] Prefetch batch: 109 ms.
I0418 08:38:54.899596  6080 data_layer.cpp:129]      Read time: 0 ms.
I0418 08:38:54.899596  6080 data_layer.cpp:130] Transform time: 109.384 ms.
I0418 08:38:55.790261  7952 caffe.cpp:314] Batch 1653, accuracy1+2 = 1
I0418 08:38:55.790261  7952 caffe.cpp:314] Batch 1653, accuracy1+2+3 = 1
I0418 08:38:55.915266  6080 data_layer.cpp:128] Prefetch batch: 125 ms.
I0418 08:38:55.915266  6080 data_layer.cpp:129]      Read time: 93.758 ms.
I0418 08:38:55.915266  6080 data_layer.cpp:130] Transform time: 31.248 ms.
I0418 08:38:56.759053  7952 caffe.cpp:314] Batch 1654, accuracy1+2 = 0
I0418 08:38:56.759053  7952 caffe.cpp:314] Batch 1654, accuracy1+2+3 = 0
I0418 08:38:56.884053  6080 data_layer.cpp:128] Prefetch batch: 125 ms.
I0418 08:38:56.884053  6080 data_layer.cpp:129]      Read time: 93.752 ms.
I0418 08:38:56.884053  6080 data_layer.cpp:130] Transform time: 31.248 ms.
I0418 08:38:57.759089  7952 caffe.cpp:314] Batch 1655, accuracy1+2 = 0
I0418 08:38:57.759089  7952 caffe.cpp:314] Batch 1655, accuracy1+2+3 = 0
I0418 08:38:57.868472  6080 data_layer.cpp:128] Prefetch batch: 109 ms.
I0418 08:38:57.868472  6080 data_layer.cpp:129]      Read time: 0 ms.
I0418 08:38:57.868472  6080 data_layer.cpp:130] Transform time: 109.383 ms.
I0418 08:38:58.743505  7952 caffe.cpp:314] Batch 1656, accuracy1+2 = 0
I0418 08:38:58.743505  7952 caffe.cpp:314] Batch 1656, accuracy1+2+3 = 0
I0418 08:38:58.868505  6080 data_layer.cpp:128] Prefetch batch: 124 ms.
I0418 08:38:58.868505  6080 data_layer.cpp:129]      Read time: 46.872 ms.
I0418 08:38:58.868505  6080 data_layer.cpp:130] Transform time: 78.127 ms.
I0418 08:38:59.727912  7952 caffe.cpp:314] Batch 1657, accuracy1+2 = 1
I0418 08:38:59.727912  7952 caffe.cpp:314] Batch 1657, accuracy1+2+3 = 1
I0418 08:38:59.884172  6080 data_layer.cpp:128] Prefetch batch: 156 ms.
I0418 08:38:59.884172  6080 data_layer.cpp:129]      Read time: 125.006 ms.
I0418 08:38:59.884172  6080 data_layer.cpp:130] Transform time: 31.254 ms.
I0418 08:39:00.712329  7952 caffe.cpp:314] Batch 1658, accuracy1+2 = 0
I0418 08:39:00.712329  7952 caffe.cpp:314] Batch 1658, accuracy1+2+3 = 0
I0418 08:39:00.837334  6080 data_layer.cpp:128] Prefetch batch: 125 ms.
I0418 08:39:00.837334  6080 data_layer.cpp:129]      Read time: 93.754 ms.
I0418 08:39:00.837334  6080 data_layer.cpp:130] Transform time: 31.251 ms.
I0418 08:39:01.681113  7952 caffe.cpp:314] Batch 1659, accuracy1+2 = 0
I0418 08:39:01.681113  7952 caffe.cpp:314] Batch 1659, accuracy1+2+3 = 0
I0418 08:39:01.790496  6080 data_layer.cpp:128] Prefetch batch: 109 ms.
I0418 08:39:01.790496  6080 data_layer.cpp:129]      Read time: 0 ms.
I0418 08:39:01.790496  6080 data_layer.cpp:130] Transform time: 109.383 ms.
I0418 08:39:02.649909  7952 caffe.cpp:314] Batch 1660, accuracy1+2 = 0
I0418 08:39:02.649909  7952 caffe.cpp:314] Batch 1660, accuracy1+2+3 = 0
I0418 08:39:02.790536  6080 data_layer.cpp:128] Prefetch batch: 140 ms.
I0418 08:39:02.790536  6080 data_layer.cpp:129]      Read time: 93.74 ms.
I0418 08:39:02.790536  6080 data_layer.cpp:130] Transform time: 46.887 ms.
I0418 08:39:03.634315  7952 caffe.cpp:314] Batch 1661, accuracy1+2 = 0
I0418 08:39:03.634315  7952 caffe.cpp:314] Batch 1661, accuracy1+2+3 = 0
I0418 08:39:03.759322  6080 data_layer.cpp:128] Prefetch batch: 125 ms.
I0418 08:39:03.759322  6080 data_layer.cpp:129]      Read time: 93.76 ms.
I0418 08:39:03.759322  6080 data_layer.cpp:130] Transform time: 31.247 ms.
I0418 08:39:04.603108  7952 caffe.cpp:314] Batch 1662, accuracy1+2 = 0
I0418 08:39:04.603108  7952 caffe.cpp:314] Batch 1662, accuracy1+2+3 = 0
I0418 08:39:04.728112  6080 data_layer.cpp:128] Prefetch batch: 125 ms.
I0418 08:39:04.728112  6080 data_layer.cpp:129]      Read time: 93.755 ms.
I0418 08:39:04.728112  6080 data_layer.cpp:130] Transform time: 31.249 ms.
I0418 08:39:05.587523  7952 caffe.cpp:314] Batch 1663, accuracy1+2 = 0
I0418 08:39:05.587523  7952 caffe.cpp:314] Batch 1663, accuracy1+2+3 = 0
I0418 08:39:05.681272  6080 data_layer.cpp:128] Prefetch batch: 93 ms.
I0418 08:39:05.681272  6080 data_layer.cpp:129]      Read time: 0 ms.
I0418 08:39:05.681272  6080 data_layer.cpp:130] Transform time: 93.748 ms.
I0418 08:39:06.571934  7952 caffe.cpp:314] Batch 1664, accuracy1+2 = 1
I0418 08:39:06.571934  7952 caffe.cpp:314] Batch 1664, accuracy1+2+3 = 1
I0418 08:39:06.696940  6080 data_layer.cpp:128] Prefetch batch: 125 ms.
I0418 08:39:06.696940  6080 data_layer.cpp:129]      Read time: 93.751 ms.
I0418 08:39:06.696940  6080 data_layer.cpp:130] Transform time: 31.255 ms.
I0418 08:39:07.556347  7952 caffe.cpp:314] Batch 1665, accuracy1+2 = 0
I0418 08:39:07.556347  7952 caffe.cpp:314] Batch 1665, accuracy1+2+3 = 0
I0418 08:39:07.681356  6080 data_layer.cpp:128] Prefetch batch: 125 ms.
I0418 08:39:07.681356  6080 data_layer.cpp:129]      Read time: 93.758 ms.
I0418 08:39:07.681356  6080 data_layer.cpp:130] Transform time: 31.251 ms.
I0418 08:39:08.540758  7952 caffe.cpp:314] Batch 1666, accuracy1+2 = 1
I0418 08:39:08.540758  7952 caffe.cpp:314] Batch 1666, accuracy1+2+3 = 1
I0418 08:39:08.665771  6080 data_layer.cpp:128] Prefetch batch: 125 ms.
I0418 08:39:08.665771  6080 data_layer.cpp:129]      Read time: 93.757 ms.
I0418 08:39:08.665771  6080 data_layer.cpp:130] Transform time: 31.256 ms.
I0418 08:39:09.525179  7952 caffe.cpp:314] Batch 1667, accuracy1+2 = 1
I0418 08:39:09.525179  7952 caffe.cpp:314] Batch 1667, accuracy1+2+3 = 1
I0418 08:39:09.650180  6080 data_layer.cpp:128] Prefetch batch: 125 ms.
I0418 08:39:09.650180  6080 data_layer.cpp:129]      Read time: 93.749 ms.
I0418 08:39:09.650180  6080 data_layer.cpp:130] Transform time: 31.252 ms.
I0418 08:39:10.509587  7952 caffe.cpp:314] Batch 1668, accuracy1+2 = 0
I0418 08:39:10.509587  7952 caffe.cpp:314] Batch 1668, accuracy1+2+3 = 0
I0418 08:39:10.603340  6080 data_layer.cpp:128] Prefetch batch: 93 ms.
I0418 08:39:10.603340  6080 data_layer.cpp:129]      Read time: 0 ms.
I0418 08:39:10.603340  6080 data_layer.cpp:130] Transform time: 93.754 ms.
I0418 08:39:11.494014  7952 caffe.cpp:314] Batch 1669, accuracy1+2 = 1
I0418 08:39:11.494014  7952 caffe.cpp:314] Batch 1669, accuracy1+2+3 = 1
I0418 08:39:11.619009  6080 data_layer.cpp:128] Prefetch batch: 124 ms.
I0418 08:39:11.619009  6080 data_layer.cpp:129]      Read time: 78.118 ms.
I0418 08:39:11.619009  6080 data_layer.cpp:130] Transform time: 46.877 ms.
I0418 08:39:12.462795  7952 caffe.cpp:314] Batch 1670, accuracy1+2 = 1
I0418 08:39:12.462795  7952 caffe.cpp:314] Batch 1670, accuracy1+2+3 = 1
I0418 08:39:12.587796  6080 data_layer.cpp:128] Prefetch batch: 125 ms.
I0418 08:39:12.587796  6080 data_layer.cpp:129]      Read time: 93.753 ms.
I0418 08:39:12.587796  6080 data_layer.cpp:130] Transform time: 31.249 ms.
I0418 08:39:13.431581  7952 caffe.cpp:314] Batch 1671, accuracy1+2 = 0
I0418 08:39:13.431581  7952 caffe.cpp:314] Batch 1671, accuracy1+2+3 = 0
I0418 08:39:13.556581  6080 data_layer.cpp:128] Prefetch batch: 125 ms.
I0418 08:39:13.556581  6080 data_layer.cpp:129]      Read time: 93.748 ms.
I0418 08:39:13.556581  6080 data_layer.cpp:130] Transform time: 31.252 ms.
I0418 08:39:14.415990  7952 caffe.cpp:314] Batch 1672, accuracy1+2 = 0
I0418 08:39:14.415990  7952 caffe.cpp:314] Batch 1672, accuracy1+2+3 = 0
I0418 08:39:14.540999  6080 data_layer.cpp:128] Prefetch batch: 125 ms.
I0418 08:39:14.540999  6080 data_layer.cpp:129]      Read time: 93.757 ms.
I0418 08:39:14.540999  6080 data_layer.cpp:130] Transform time: 31.252 ms.
I0418 08:39:15.400406  7952 caffe.cpp:314] Batch 1673, accuracy1+2 = 0
I0418 08:39:15.400406  7952 caffe.cpp:314] Batch 1673, accuracy1+2+3 = 0
I0418 08:39:15.525408  6080 data_layer.cpp:128] Prefetch batch: 125 ms.
I0418 08:39:15.525408  6080 data_layer.cpp:129]      Read time: 78.127 ms.
I0418 08:39:15.525408  6080 data_layer.cpp:130] Transform time: 46.874 ms.
I0418 08:39:16.369195  7952 caffe.cpp:314] Batch 1674, accuracy1+2 = 0
I0418 08:39:16.369195  7952 caffe.cpp:314] Batch 1674, accuracy1+2+3 = 0
I0418 08:39:16.478572  6080 data_layer.cpp:128] Prefetch batch: 109 ms.
I0418 08:39:16.478572  6080 data_layer.cpp:129]      Read time: 0 ms.
I0418 08:39:16.478572  6080 data_layer.cpp:130] Transform time: 109.377 ms.
I0418 08:39:17.353611  7952 caffe.cpp:314] Batch 1675, accuracy1+2 = 0
I0418 08:39:17.353611  7952 caffe.cpp:314] Batch 1675, accuracy1+2+3 = 0
I0418 08:39:17.478611  6080 data_layer.cpp:128] Prefetch batch: 125 ms.
I0418 08:39:17.478611  6080 data_layer.cpp:129]      Read time: 93.75 ms.
I0418 08:39:17.478611  6080 data_layer.cpp:130] Transform time: 31.25 ms.
I0418 08:39:18.338023  7952 caffe.cpp:314] Batch 1676, accuracy1+2 = 1
I0418 08:39:18.338023  7952 caffe.cpp:314] Batch 1676, accuracy1+2+3 = 1
I0418 08:39:18.463029  6080 data_layer.cpp:128] Prefetch batch: 125 ms.
I0418 08:39:18.463029  6080 data_layer.cpp:129]      Read time: 78.126 ms.
I0418 08:39:18.463029  6080 data_layer.cpp:130] Transform time: 46.88 ms.
I0418 08:39:19.322432  7952 caffe.cpp:314] Batch 1677, accuracy1+2 = 1
I0418 08:39:19.322432  7952 caffe.cpp:314] Batch 1677, accuracy1+2+3 = 1
I0418 08:39:19.447443  6080 data_layer.cpp:128] Prefetch batch: 125 ms.
I0418 08:39:19.447443  6080 data_layer.cpp:129]      Read time: 78.144 ms.
I0418 08:39:19.447443  6080 data_layer.cpp:130] Transform time: 46.868 ms.
I0418 08:39:20.291223  7952 caffe.cpp:314] Batch 1678, accuracy1+2 = 1
I0418 08:39:20.291223  7952 caffe.cpp:314] Batch 1678, accuracy1+2+3 = 1
I0418 08:39:20.400605  6080 data_layer.cpp:128] Prefetch batch: 109 ms.
I0418 08:39:20.400605  6080 data_layer.cpp:129]      Read time: 0 ms.
I0418 08:39:20.400605  6080 data_layer.cpp:130] Transform time: 109.383 ms.
I0418 08:39:21.260010  7952 caffe.cpp:314] Batch 1679, accuracy1+2 = 0
I0418 08:39:21.260010  7952 caffe.cpp:314] Batch 1679, accuracy1+2+3 = 0
I0418 08:39:21.385016  6080 data_layer.cpp:128] Prefetch batch: 125 ms.
I0418 08:39:21.385016  6080 data_layer.cpp:129]      Read time: 93.761 ms.
I0418 08:39:21.385016  6080 data_layer.cpp:130] Transform time: 31.245 ms.
I0418 08:39:22.244426  7952 caffe.cpp:314] Batch 1680, accuracy1+2 = 1
I0418 08:39:22.244426  7952 caffe.cpp:314] Batch 1680, accuracy1+2+3 = 1
I0418 08:39:22.369427  6080 data_layer.cpp:128] Prefetch batch: 125 ms.
I0418 08:39:22.369427  6080 data_layer.cpp:129]      Read time: 78.123 ms.
I0418 08:39:22.369427  6080 data_layer.cpp:130] Transform time: 46.878 ms.
I0418 08:39:23.213213  7952 caffe.cpp:314] Batch 1681, accuracy1+2 = 1
I0418 08:39:23.213213  7952 caffe.cpp:314] Batch 1681, accuracy1+2+3 = 1
I0418 08:39:23.338218  6080 data_layer.cpp:128] Prefetch batch: 125 ms.
I0418 08:39:23.338218  6080 data_layer.cpp:129]      Read time: 93.755 ms.
I0418 08:39:23.338218  6080 data_layer.cpp:130] Transform time: 31.25 ms.
I0418 08:39:24.197624  7952 caffe.cpp:314] Batch 1682, accuracy1+2 = 0
I0418 08:39:24.197624  7952 caffe.cpp:314] Batch 1682, accuracy1+2+3 = 0
I0418 08:39:24.322633  6080 data_layer.cpp:128] Prefetch batch: 125 ms.
I0418 08:39:24.322633  6080 data_layer.cpp:129]      Read time: 78.126 ms.
I0418 08:39:24.322633  6080 data_layer.cpp:130] Transform time: 46.882 ms.
I0418 08:39:25.166414  7952 caffe.cpp:314] Batch 1683, accuracy1+2 = 1
I0418 08:39:25.166414  7952 caffe.cpp:314] Batch 1683, accuracy1+2+3 = 1
I0418 08:39:25.260171  6080 data_layer.cpp:128] Prefetch batch: 93 ms.
I0418 08:39:25.260171  6080 data_layer.cpp:129]      Read time: 0 ms.
I0418 08:39:25.260171  6080 data_layer.cpp:130] Transform time: 93.758 ms.
I0418 08:39:26.135201  7952 caffe.cpp:314] Batch 1684, accuracy1+2 = 1
I0418 08:39:26.135201  7952 caffe.cpp:314] Batch 1684, accuracy1+2+3 = 1
I0418 08:39:26.260205  6080 data_layer.cpp:128] Prefetch batch: 125 ms.
I0418 08:39:26.260205  6080 data_layer.cpp:129]      Read time: 93.756 ms.
I0418 08:39:26.260205  6080 data_layer.cpp:130] Transform time: 31.247 ms.
I0418 08:39:27.103991  7952 caffe.cpp:314] Batch 1685, accuracy1+2 = 0
I0418 08:39:27.103991  7952 caffe.cpp:314] Batch 1685, accuracy1+2+3 = 0
I0418 08:39:27.244618  6080 data_layer.cpp:128] Prefetch batch: 125 ms.
I0418 08:39:27.244618  6080 data_layer.cpp:129]      Read time: 78.139 ms.
I0418 08:39:27.244618  6080 data_layer.cpp:130] Transform time: 46.867 ms.
I0418 08:39:28.088402  7952 caffe.cpp:314] Batch 1686, accuracy1+2 = 1
I0418 08:39:28.088402  7952 caffe.cpp:314] Batch 1686, accuracy1+2+3 = 1
I0418 08:39:28.213398  6080 data_layer.cpp:128] Prefetch batch: 124 ms.
I0418 08:39:28.213398  6080 data_layer.cpp:129]      Read time: 93.745 ms.
I0418 08:39:28.213398  6080 data_layer.cpp:130] Transform time: 31.251 ms.
I0418 08:39:29.057181  7952 caffe.cpp:314] Batch 1687, accuracy1+2 = 1
I0418 08:39:29.057181  7952 caffe.cpp:314] Batch 1687, accuracy1+2+3 = 1
I0418 08:39:29.166569  6080 data_layer.cpp:128] Prefetch batch: 109 ms.
I0418 08:39:29.166569  6080 data_layer.cpp:129]      Read time: 0 ms.
I0418 08:39:29.166569  6080 data_layer.cpp:130] Transform time: 109.388 ms.
I0418 08:39:30.041601  7952 caffe.cpp:314] Batch 1688, accuracy1+2 = 1
I0418 08:39:30.041601  7952 caffe.cpp:314] Batch 1688, accuracy1+2+3 = 1
I0418 08:39:30.166612  6080 data_layer.cpp:128] Prefetch batch: 125 ms.
I0418 08:39:30.166612  6080 data_layer.cpp:129]      Read time: 78.131 ms.
I0418 08:39:30.166612  6080 data_layer.cpp:130] Transform time: 46.88 ms.
I0418 08:39:31.010381  7952 caffe.cpp:314] Batch 1689, accuracy1+2 = 1
I0418 08:39:31.010381  7952 caffe.cpp:314] Batch 1689, accuracy1+2+3 = 1
I0418 08:39:31.151021  6080 data_layer.cpp:128] Prefetch batch: 140 ms.
I0418 08:39:31.151021  6080 data_layer.cpp:129]      Read time: 93.755 ms.
I0418 08:39:31.151021  6080 data_layer.cpp:130] Transform time: 46.884 ms.
I0418 08:39:32.026048  7952 caffe.cpp:314] Batch 1690, accuracy1+2 = 1
I0418 08:39:32.026048  7952 caffe.cpp:314] Batch 1690, accuracy1+2+3 = 1
I0418 08:39:32.166708  6080 data_layer.cpp:128] Prefetch batch: 140 ms.
I0418 08:39:32.166708  6080 data_layer.cpp:129]      Read time: 93.761 ms.
I0418 08:39:32.166708  6080 data_layer.cpp:130] Transform time: 46.899 ms.
I0418 08:39:33.026095  7952 caffe.cpp:314] Batch 1691, accuracy1+2 = 1
I0418 08:39:33.026095  7952 caffe.cpp:314] Batch 1691, accuracy1+2+3 = 1
I0418 08:39:33.151096  6080 data_layer.cpp:128] Prefetch batch: 125 ms.
I0418 08:39:33.151096  6080 data_layer.cpp:129]      Read time: 93.75 ms.
I0418 08:39:33.151096  6080 data_layer.cpp:130] Transform time: 31.251 ms.
I0418 08:39:33.994889  7952 caffe.cpp:314] Batch 1692, accuracy1+2 = 1
I0418 08:39:33.994889  7952 caffe.cpp:314] Batch 1692, accuracy1+2+3 = 1
I0418 08:39:34.104262  6080 data_layer.cpp:128] Prefetch batch: 109 ms.
I0418 08:39:34.104262  6080 data_layer.cpp:129]      Read time: 0 ms.
I0418 08:39:34.104262  6080 data_layer.cpp:130] Transform time: 109.374 ms.
I0418 08:39:34.979301  7952 caffe.cpp:314] Batch 1693, accuracy1+2 = 1
I0418 08:39:34.979301  7952 caffe.cpp:314] Batch 1693, accuracy1+2+3 = 1
I0418 08:39:35.104305  6080 data_layer.cpp:128] Prefetch batch: 125 ms.
I0418 08:39:35.104305  6080 data_layer.cpp:129]      Read time: 93.752 ms.
I0418 08:39:35.104305  6080 data_layer.cpp:130] Transform time: 31.251 ms.
I0418 08:39:35.948083  7952 caffe.cpp:314] Batch 1694, accuracy1+2 = 1
I0418 08:39:35.948083  7952 caffe.cpp:314] Batch 1694, accuracy1+2+3 = 1
I0418 08:39:36.073093  6080 data_layer.cpp:128] Prefetch batch: 125 ms.
I0418 08:39:36.073093  6080 data_layer.cpp:129]      Read time: 93.754 ms.
I0418 08:39:36.073093  6080 data_layer.cpp:130] Transform time: 31.256 ms.
I0418 08:39:36.916878  7952 caffe.cpp:314] Batch 1695, accuracy1+2 = 0
I0418 08:39:36.916878  7952 caffe.cpp:314] Batch 1695, accuracy1+2+3 = 0
I0418 08:39:37.057507  6080 data_layer.cpp:128] Prefetch batch: 140 ms.
I0418 08:39:37.057507  6080 data_layer.cpp:129]      Read time: 93.754 ms.
I0418 08:39:37.057507  6080 data_layer.cpp:130] Transform time: 46.875 ms.
I0418 08:39:37.901293  7952 caffe.cpp:314] Batch 1696, accuracy1+2 = 1
I0418 08:39:37.901293  7952 caffe.cpp:314] Batch 1696, accuracy1+2+3 = 1
I0418 08:39:38.026294  6080 data_layer.cpp:128] Prefetch batch: 125 ms.
I0418 08:39:38.026294  6080 data_layer.cpp:129]      Read time: 93.751 ms.
I0418 08:39:38.026294  6080 data_layer.cpp:130] Transform time: 31.251 ms.
I0418 08:39:38.870079  7952 caffe.cpp:314] Batch 1697, accuracy1+2 = 1
I0418 08:39:38.870079  7952 caffe.cpp:314] Batch 1697, accuracy1+2+3 = 1
I0418 08:39:38.995079  6080 data_layer.cpp:128] Prefetch batch: 125 ms.
I0418 08:39:38.995079  6080 data_layer.cpp:129]      Read time: 93.755 ms.
I0418 08:39:38.995079  6080 data_layer.cpp:130] Transform time: 31.245 ms.
I0418 08:39:39.854495  7952 caffe.cpp:314] Batch 1698, accuracy1+2 = 1
I0418 08:39:39.854495  7952 caffe.cpp:314] Batch 1698, accuracy1+2+3 = 1
I0418 08:39:39.979491  6080 data_layer.cpp:128] Prefetch batch: 124 ms.
I0418 08:39:39.979491  6080 data_layer.cpp:129]      Read time: 93.752 ms.
I0418 08:39:39.979491  6080 data_layer.cpp:130] Transform time: 31.245 ms.
I0418 08:39:40.823282  7952 caffe.cpp:314] Batch 1699, accuracy1+2 = 1
I0418 08:39:40.823282  7952 caffe.cpp:314] Batch 1699, accuracy1+2+3 = 1
I0418 08:39:40.932659  6080 data_layer.cpp:128] Prefetch batch: 109 ms.
I0418 08:39:40.932659  6080 data_layer.cpp:129]      Read time: 0 ms.
I0418 08:39:40.932659  6080 data_layer.cpp:130] Transform time: 109.378 ms.
I0418 08:39:41.792068  7952 caffe.cpp:314] Batch 1700, accuracy1+2 = 1
I0418 08:39:41.792068  7952 caffe.cpp:314] Batch 1700, accuracy1+2+3 = 1
I0418 08:39:41.917073  6080 data_layer.cpp:128] Prefetch batch: 125 ms.
I0418 08:39:41.917073  6080 data_layer.cpp:129]      Read time: 93.749 ms.
I0418 08:39:41.917073  6080 data_layer.cpp:130] Transform time: 31.256 ms.
I0418 08:39:42.792104  7952 caffe.cpp:314] Batch 1701, accuracy1+2 = 1
I0418 08:39:42.792104  7952 caffe.cpp:314] Batch 1701, accuracy1+2+3 = 1
I0418 08:39:42.917106  6080 data_layer.cpp:128] Prefetch batch: 125 ms.
I0418 08:39:42.917106  6080 data_layer.cpp:129]      Read time: 93.759 ms.
I0418 08:39:42.917106  6080 data_layer.cpp:130] Transform time: 31.244 ms.
I0418 08:39:43.760890  7952 caffe.cpp:314] Batch 1702, accuracy1+2 = 1
I0418 08:39:43.760890  7952 caffe.cpp:314] Batch 1702, accuracy1+2+3 = 1
I0418 08:39:43.901522  6080 data_layer.cpp:128] Prefetch batch: 140 ms.
I0418 08:39:43.901522  6080 data_layer.cpp:129]      Read time: 93.759 ms.
I0418 08:39:43.901522  6080 data_layer.cpp:130] Transform time: 46.873 ms.
I0418 08:39:44.745309  7952 caffe.cpp:314] Batch 1703, accuracy1+2 = 1
I0418 08:39:44.745309  7952 caffe.cpp:314] Batch 1703, accuracy1+2+3 = 1
I0418 08:39:44.870308  6080 data_layer.cpp:128] Prefetch batch: 124 ms.
I0418 08:39:44.870308  6080 data_layer.cpp:129]      Read time: 93.752 ms.
I0418 08:39:44.870308  6080 data_layer.cpp:130] Transform time: 31.247 ms.
I0418 08:39:45.714098  7952 caffe.cpp:314] Batch 1704, accuracy1+2 = 1
I0418 08:39:45.714098  7952 caffe.cpp:314] Batch 1704, accuracy1+2+3 = 1
I0418 08:39:45.823475  6080 data_layer.cpp:128] Prefetch batch: 109 ms.
I0418 08:39:45.823475  6080 data_layer.cpp:129]      Read time: 0 ms.
I0418 08:39:45.823475  6080 data_layer.cpp:130] Transform time: 109.377 ms.
I0418 08:39:46.698510  7952 caffe.cpp:314] Batch 1705, accuracy1+2 = 1
I0418 08:39:46.698510  7952 caffe.cpp:314] Batch 1705, accuracy1+2+3 = 0
I0418 08:39:46.823514  6080 data_layer.cpp:128] Prefetch batch: 125 ms.
I0418 08:39:46.823514  6080 data_layer.cpp:129]      Read time: 78.127 ms.
I0418 08:39:46.823514  6080 data_layer.cpp:130] Transform time: 46.877 ms.
I0418 08:39:47.667296  7952 caffe.cpp:314] Batch 1706, accuracy1+2 = 1
I0418 08:39:47.667296  7952 caffe.cpp:314] Batch 1706, accuracy1+2+3 = 1
I0418 08:39:47.792302  6080 data_layer.cpp:128] Prefetch batch: 125 ms.
I0418 08:39:47.792302  6080 data_layer.cpp:129]      Read time: 93.751 ms.
I0418 08:39:47.792302  6080 data_layer.cpp:130] Transform time: 31.255 ms.
I0418 08:39:48.651710  7952 caffe.cpp:314] Batch 1707, accuracy1+2 = 1
I0418 08:39:48.651710  7952 caffe.cpp:314] Batch 1707, accuracy1+2+3 = 1
I0418 08:39:48.776715  6080 data_layer.cpp:128] Prefetch batch: 125 ms.
I0418 08:39:48.776715  6080 data_layer.cpp:129]      Read time: 78.124 ms.
I0418 08:39:48.776715  6080 data_layer.cpp:130] Transform time: 46.88 ms.
I0418 08:39:49.620496  7952 caffe.cpp:314] Batch 1708, accuracy1+2 = 1
I0418 08:39:49.620496  7952 caffe.cpp:314] Batch 1708, accuracy1+2+3 = 1
I0418 08:39:49.729881  6080 data_layer.cpp:128] Prefetch batch: 109 ms.
I0418 08:39:49.729881  6080 data_layer.cpp:129]      Read time: 0 ms.
I0418 08:39:49.729881  6080 data_layer.cpp:130] Transform time: 109.384 ms.
I0418 08:39:50.589287  7952 caffe.cpp:314] Batch 1709, accuracy1+2 = 1
I0418 08:39:50.589287  7952 caffe.cpp:314] Batch 1709, accuracy1+2+3 = 1
I0418 08:39:50.714294  6080 data_layer.cpp:128] Prefetch batch: 125 ms.
I0418 08:39:50.714294  6080 data_layer.cpp:129]      Read time: 93.755 ms.
I0418 08:39:50.714294  6080 data_layer.cpp:130] Transform time: 31.252 ms.
I0418 08:39:51.558074  7952 caffe.cpp:314] Batch 1710, accuracy1+2 = 1
I0418 08:39:51.558074  7952 caffe.cpp:314] Batch 1710, accuracy1+2+3 = 1
I0418 08:39:51.698700  6080 data_layer.cpp:128] Prefetch batch: 140 ms.
I0418 08:39:51.698700  6080 data_layer.cpp:129]      Read time: 93.752 ms.
I0418 08:39:51.698700  6080 data_layer.cpp:130] Transform time: 46.874 ms.
I0418 08:39:52.542485  7952 caffe.cpp:314] Batch 1711, accuracy1+2 = 1
I0418 08:39:52.542485  7952 caffe.cpp:314] Batch 1711, accuracy1+2+3 = 1
I0418 08:39:52.667500  6080 data_layer.cpp:128] Prefetch batch: 125 ms.
I0418 08:39:52.667500  6080 data_layer.cpp:129]      Read time: 93.76 ms.
I0418 08:39:52.667500  6080 data_layer.cpp:130] Transform time: 31.254 ms.
I0418 08:39:53.511276  7952 caffe.cpp:314] Batch 1712, accuracy1+2 = 1
I0418 08:39:53.511276  7952 caffe.cpp:314] Batch 1712, accuracy1+2+3 = 1
I0418 08:39:53.636281  6080 data_layer.cpp:128] Prefetch batch: 125 ms.
I0418 08:39:53.636281  6080 data_layer.cpp:129]      Read time: 93.758 ms.
I0418 08:39:53.636281  6080 data_layer.cpp:130] Transform time: 31.246 ms.
I0418 08:39:54.495687  7952 caffe.cpp:314] Batch 1713, accuracy1+2 = 1
I0418 08:39:54.495687  7952 caffe.cpp:314] Batch 1713, accuracy1+2+3 = 1
I0418 08:39:54.589440  6080 data_layer.cpp:128] Prefetch batch: 93 ms.
I0418 08:39:54.589440  6080 data_layer.cpp:129]      Read time: 0 ms.
I0418 08:39:54.589440  6080 data_layer.cpp:130] Transform time: 93.753 ms.
I0418 08:39:55.464474  7952 caffe.cpp:314] Batch 1714, accuracy1+2 = 1
I0418 08:39:55.464474  7952 caffe.cpp:314] Batch 1714, accuracy1+2+3 = 1
I0418 08:39:55.589486  6080 data_layer.cpp:128] Prefetch batch: 125 ms.
I0418 08:39:55.589486  6080 data_layer.cpp:129]      Read time: 93.759 ms.
I0418 08:39:55.589486  6080 data_layer.cpp:130] Transform time: 31.253 ms.
I0418 08:39:56.433266  7952 caffe.cpp:314] Batch 1715, accuracy1+2 = 1
I0418 08:39:56.433266  7952 caffe.cpp:314] Batch 1715, accuracy1+2+3 = 1
I0418 08:39:56.558270  6080 data_layer.cpp:128] Prefetch batch: 125 ms.
I0418 08:39:56.558270  6080 data_layer.cpp:129]      Read time: 93.749 ms.
I0418 08:39:56.558270  6080 data_layer.cpp:130] Transform time: 31.255 ms.
I0418 08:39:57.417680  7952 caffe.cpp:314] Batch 1716, accuracy1+2 = 1
I0418 08:39:57.417680  7952 caffe.cpp:314] Batch 1716, accuracy1+2+3 = 1
I0418 08:39:57.542685  6080 data_layer.cpp:128] Prefetch batch: 125 ms.
I0418 08:39:57.542685  6080 data_layer.cpp:129]      Read time: 78.124 ms.
I0418 08:39:57.542685  6080 data_layer.cpp:130] Transform time: 46.882 ms.
I0418 08:39:58.386471  7952 caffe.cpp:314] Batch 1717, accuracy1+2 = 1
I0418 08:39:58.386471  7952 caffe.cpp:314] Batch 1717, accuracy1+2+3 = 1
I0418 08:39:58.511471  6080 data_layer.cpp:128] Prefetch batch: 125 ms.
I0418 08:39:58.511471  6080 data_layer.cpp:129]      Read time: 93.748 ms.
I0418 08:39:58.511471  6080 data_layer.cpp:130] Transform time: 31.253 ms.
I0418 08:39:59.355259  7952 caffe.cpp:314] Batch 1718, accuracy1+2 = 1
I0418 08:39:59.355259  7952 caffe.cpp:314] Batch 1718, accuracy1+2+3 = 1
I0418 08:39:59.480257  6080 data_layer.cpp:128] Prefetch batch: 124 ms.
I0418 08:39:59.480257  6080 data_layer.cpp:129]      Read time: 93.752 ms.
I0418 08:39:59.480257  6080 data_layer.cpp:130] Transform time: 31.246 ms.
I0418 08:40:00.339666  7952 caffe.cpp:314] Batch 1719, accuracy1+2 = 1
I0418 08:40:00.339666  7952 caffe.cpp:314] Batch 1719, accuracy1+2+3 = 1
I0418 08:40:00.433418  6080 data_layer.cpp:128] Prefetch batch: 93 ms.
I0418 08:40:00.433418  6080 data_layer.cpp:129]      Read time: 0 ms.
I0418 08:40:00.433418  6080 data_layer.cpp:130] Transform time: 93.752 ms.
I0418 08:40:01.308460  7952 caffe.cpp:314] Batch 1720, accuracy1+2 = 1
I0418 08:40:01.308460  7952 caffe.cpp:314] Batch 1720, accuracy1+2+3 = 1
I0418 08:40:01.433459  6080 data_layer.cpp:128] Prefetch batch: 124 ms.
I0418 08:40:01.433459  6080 data_layer.cpp:129]      Read time: 93.748 ms.
I0418 08:40:01.433459  6080 data_layer.cpp:130] Transform time: 31.25 ms.
I0418 08:40:02.277246  7952 caffe.cpp:314] Batch 1721, accuracy1+2 = 1
I0418 08:40:02.277246  7952 caffe.cpp:314] Batch 1721, accuracy1+2+3 = 1
I0418 08:40:02.402251  6080 data_layer.cpp:128] Prefetch batch: 125 ms.
I0418 08:40:02.402251  6080 data_layer.cpp:129]      Read time: 93.752 ms.
I0418 08:40:02.402251  6080 data_layer.cpp:130] Transform time: 31.252 ms.
I0418 08:40:03.261662  7952 caffe.cpp:314] Batch 1722, accuracy1+2 = 1
I0418 08:40:03.261662  7952 caffe.cpp:314] Batch 1722, accuracy1+2+3 = 1
I0418 08:40:03.386663  6080 data_layer.cpp:128] Prefetch batch: 125 ms.
I0418 08:40:03.386663  6080 data_layer.cpp:129]      Read time: 93.749 ms.
I0418 08:40:03.386663  6080 data_layer.cpp:130] Transform time: 31.252 ms.
I0418 08:40:04.230445  7952 caffe.cpp:314] Batch 1723, accuracy1+2 = 0
I0418 08:40:04.230445  7952 caffe.cpp:314] Batch 1723, accuracy1+2+3 = 0
I0418 08:40:04.339823  6080 data_layer.cpp:128] Prefetch batch: 109 ms.
I0418 08:40:04.339823  6080 data_layer.cpp:129]      Read time: 0 ms.
I0418 08:40:04.339823  6080 data_layer.cpp:130] Transform time: 109.377 ms.
I0418 08:40:05.199231  7952 caffe.cpp:314] Batch 1724, accuracy1+2 = 1
I0418 08:40:05.214848  7952 caffe.cpp:314] Batch 1724, accuracy1+2+3 = 1
I0418 08:40:05.339869  6080 data_layer.cpp:128] Prefetch batch: 125 ms.
I0418 08:40:05.339869  6080 data_layer.cpp:129]      Read time: 78.143 ms.
I0418 08:40:05.339869  6080 data_layer.cpp:130] Transform time: 46.877 ms.
I0418 08:40:06.183650  7952 caffe.cpp:314] Batch 1725, accuracy1+2 = 0
I0418 08:40:06.183650  7952 caffe.cpp:314] Batch 1725, accuracy1+2+3 = 0
I0418 08:40:06.308651  6080 data_layer.cpp:128] Prefetch batch: 125 ms.
I0418 08:40:06.308651  6080 data_layer.cpp:129]      Read time: 93.752 ms.
I0418 08:40:06.308651  6080 data_layer.cpp:130] Transform time: 31.25 ms.
I0418 08:40:07.152438  7952 caffe.cpp:314] Batch 1726, accuracy1+2 = 1
I0418 08:40:07.152438  7952 caffe.cpp:314] Batch 1726, accuracy1+2+3 = 1
I0418 08:40:07.277436  6080 data_layer.cpp:128] Prefetch batch: 124 ms.
I0418 08:40:07.277436  6080 data_layer.cpp:129]      Read time: 93.754 ms.
I0418 08:40:07.277436  6080 data_layer.cpp:130] Transform time: 31.243 ms.
I0418 08:40:08.152474  7952 caffe.cpp:314] Batch 1727, accuracy1+2 = 1
I0418 08:40:08.152474  7952 caffe.cpp:314] Batch 1727, accuracy1+2+3 = 1
I0418 08:40:08.277469  6080 data_layer.cpp:128] Prefetch batch: 124 ms.
I0418 08:40:08.277469  6080 data_layer.cpp:129]      Read time: 93.744 ms.
I0418 08:40:08.277469  6080 data_layer.cpp:130] Transform time: 31.251 ms.
I0418 08:40:09.168129  7952 caffe.cpp:314] Batch 1728, accuracy1+2 = 1
I0418 08:40:09.168129  7952 caffe.cpp:314] Batch 1728, accuracy1+2+3 = 1
I0418 08:40:09.261881  6080 data_layer.cpp:128] Prefetch batch: 93 ms.
I0418 08:40:09.261881  6080 data_layer.cpp:129]      Read time: 0 ms.
I0418 08:40:09.261881  6080 data_layer.cpp:130] Transform time: 93.752 ms.
I0418 08:40:10.152554  7952 caffe.cpp:314] Batch 1729, accuracy1+2 = 1
I0418 08:40:10.152554  7952 caffe.cpp:314] Batch 1729, accuracy1+2+3 = 1
I0418 08:40:10.277560  6080 data_layer.cpp:128] Prefetch batch: 125 ms.
I0418 08:40:10.277560  6080 data_layer.cpp:129]      Read time: 93.757 ms.
I0418 08:40:10.277560  6080 data_layer.cpp:130] Transform time: 31.25 ms.
I0418 08:40:11.121343  7952 caffe.cpp:314] Batch 1730, accuracy1+2 = 0
I0418 08:40:11.121343  7952 caffe.cpp:314] Batch 1730, accuracy1+2+3 = 0
I0418 08:40:11.246347  6080 data_layer.cpp:128] Prefetch batch: 125 ms.
I0418 08:40:11.246347  6080 data_layer.cpp:129]      Read time: 93.748 ms.
I0418 08:40:11.246347  6080 data_layer.cpp:130] Transform time: 31.256 ms.
I0418 08:40:12.090129  7952 caffe.cpp:314] Batch 1731, accuracy1+2 = 0
I0418 08:40:12.090129  7952 caffe.cpp:314] Batch 1731, accuracy1+2+3 = 0
I0418 08:40:12.230756  6080 data_layer.cpp:128] Prefetch batch: 140 ms.
I0418 08:40:12.230756  6080 data_layer.cpp:129]      Read time: 93.758 ms.
I0418 08:40:12.230756  6080 data_layer.cpp:130] Transform time: 46.869 ms.
I0418 08:40:13.074548  7952 caffe.cpp:314] Batch 1732, accuracy1+2 = 1
I0418 08:40:13.074548  7952 caffe.cpp:314] Batch 1732, accuracy1+2+3 = 1
I0418 08:40:13.199544  6080 data_layer.cpp:128] Prefetch batch: 124 ms.
I0418 08:40:13.199544  6080 data_layer.cpp:129]      Read time: 93.751 ms.
I0418 08:40:13.199544  6080 data_layer.cpp:130] Transform time: 31.246 ms.
I0418 08:40:14.043340  7952 caffe.cpp:314] Batch 1733, accuracy1+2 = 0
I0418 08:40:14.043340  7952 caffe.cpp:314] Batch 1733, accuracy1+2+3 = 0
I0418 08:40:14.168335  6080 data_layer.cpp:128] Prefetch batch: 124 ms.
I0418 08:40:14.168335  6080 data_layer.cpp:129]      Read time: 93.752 ms.
I0418 08:40:14.168335  6080 data_layer.cpp:130] Transform time: 31.243 ms.
I0418 08:40:15.012123  7952 caffe.cpp:314] Batch 1734, accuracy1+2 = 0
I0418 08:40:15.012123  7952 caffe.cpp:314] Batch 1734, accuracy1+2+3 = 0
I0418 08:40:15.137125  6080 data_layer.cpp:128] Prefetch batch: 125 ms.
I0418 08:40:15.137125  6080 data_layer.cpp:129]      Read time: 93.746 ms.
I0418 08:40:15.137125  6080 data_layer.cpp:130] Transform time: 31.255 ms.
I0418 08:40:15.996537  7952 caffe.cpp:314] Batch 1735, accuracy1+2 = 0
I0418 08:40:15.996537  7952 caffe.cpp:314] Batch 1735, accuracy1+2+3 = 0
I0418 08:40:16.090281  6080 data_layer.cpp:128] Prefetch batch: 93 ms.
I0418 08:40:16.090281  6080 data_layer.cpp:129]      Read time: 0 ms.
I0418 08:40:16.090281  6080 data_layer.cpp:130] Transform time: 93.744 ms.
I0418 08:40:16.965323  7952 caffe.cpp:314] Batch 1736, accuracy1+2 = 0
I0418 08:40:16.965323  7952 caffe.cpp:314] Batch 1736, accuracy1+2+3 = 0
I0418 08:40:17.090327  6080 data_layer.cpp:128] Prefetch batch: 125 ms.
I0418 08:40:17.090327  6080 data_layer.cpp:129]      Read time: 93.752 ms.
I0418 08:40:17.090327  6080 data_layer.cpp:130] Transform time: 31.251 ms.
I0418 08:40:17.934116  7952 caffe.cpp:314] Batch 1737, accuracy1+2 = 1
I0418 08:40:17.934116  7952 caffe.cpp:314] Batch 1737, accuracy1+2+3 = 1
I0418 08:40:18.059114  6080 data_layer.cpp:128] Prefetch batch: 124 ms.
I0418 08:40:18.059114  6080 data_layer.cpp:129]      Read time: 93.743 ms.
I0418 08:40:18.059114  6080 data_layer.cpp:130] Transform time: 31.255 ms.
I0418 08:40:18.918525  7952 caffe.cpp:314] Batch 1738, accuracy1+2 = 0
I0418 08:40:18.918525  7952 caffe.cpp:314] Batch 1738, accuracy1+2+3 = 0
I0418 08:40:19.043532  6080 data_layer.cpp:128] Prefetch batch: 125 ms.
I0418 08:40:19.043532  6080 data_layer.cpp:129]      Read time: 78.122 ms.
I0418 08:40:19.043532  6080 data_layer.cpp:130] Transform time: 46.885 ms.
I0418 08:40:19.887312  7952 caffe.cpp:314] Batch 1739, accuracy1+2 = 1
I0418 08:40:19.887312  7952 caffe.cpp:314] Batch 1739, accuracy1+2+3 = 1
I0418 08:40:20.012320  6080 data_layer.cpp:128] Prefetch batch: 125 ms.
I0418 08:40:20.012320  6080 data_layer.cpp:129]      Read time: 93.752 ms.
I0418 08:40:20.012320  6080 data_layer.cpp:130] Transform time: 31.255 ms.
I0418 08:40:20.871723  7952 caffe.cpp:314] Batch 1740, accuracy1+2 = 0
I0418 08:40:20.871723  7952 caffe.cpp:314] Batch 1740, accuracy1+2+3 = 1
I0418 08:40:20.965481  6080 data_layer.cpp:128] Prefetch batch: 93 ms.
I0418 08:40:20.965481  6080 data_layer.cpp:129]      Read time: 0 ms.
I0418 08:40:20.965481  6080 data_layer.cpp:130] Transform time: 93.757 ms.
I0418 08:40:21.840512  7952 caffe.cpp:314] Batch 1741, accuracy1+2 = 1
I0418 08:40:21.840512  7952 caffe.cpp:314] Batch 1741, accuracy1+2+3 = 1
I0418 08:40:21.965513  6080 data_layer.cpp:128] Prefetch batch: 125 ms.
I0418 08:40:21.965513  6080 data_layer.cpp:129]      Read time: 93.756 ms.
I0418 08:40:21.965513  6080 data_layer.cpp:130] Transform time: 31.245 ms.
I0418 08:40:22.809299  7952 caffe.cpp:314] Batch 1742, accuracy1+2 = 1
I0418 08:40:22.809299  7952 caffe.cpp:314] Batch 1742, accuracy1+2+3 = 1
I0418 08:40:22.934301  6080 data_layer.cpp:128] Prefetch batch: 125 ms.
I0418 08:40:22.934301  6080 data_layer.cpp:129]      Read time: 93.758 ms.
I0418 08:40:22.934301  6080 data_layer.cpp:130] Transform time: 31.244 ms.
I0418 08:40:23.793712  7952 caffe.cpp:314] Batch 1743, accuracy1+2 = 0
I0418 08:40:23.793712  7952 caffe.cpp:314] Batch 1743, accuracy1+2+3 = 0
I0418 08:40:23.918722  6080 data_layer.cpp:128] Prefetch batch: 125 ms.
I0418 08:40:23.918722  6080 data_layer.cpp:129]      Read time: 78.126 ms.
I0418 08:40:23.918722  6080 data_layer.cpp:130] Transform time: 46.884 ms.
I0418 08:40:24.762501  7952 caffe.cpp:314] Batch 1744, accuracy1+2 = 1
I0418 08:40:24.762501  7952 caffe.cpp:314] Batch 1744, accuracy1+2+3 = 1
I0418 08:40:24.887509  6080 data_layer.cpp:128] Prefetch batch: 125 ms.
I0418 08:40:24.887509  6080 data_layer.cpp:129]      Read time: 93.757 ms.
I0418 08:40:24.887509  6080 data_layer.cpp:130] Transform time: 31.252 ms.
I0418 08:40:25.731292  7952 caffe.cpp:314] Batch 1745, accuracy1+2 = 0
I0418 08:40:25.731292  7952 caffe.cpp:314] Batch 1745, accuracy1+2+3 = 0
I0418 08:40:25.840672  6080 data_layer.cpp:128] Prefetch batch: 109 ms.
I0418 08:40:25.840672  6080 data_layer.cpp:129]      Read time: 0 ms.
I0418 08:40:25.840672  6080 data_layer.cpp:130] Transform time: 109.38 ms.
I0418 08:40:26.700090  7952 caffe.cpp:314] Batch 1746, accuracy1+2 = 1
I0418 08:40:26.700090  7952 caffe.cpp:314] Batch 1746, accuracy1+2+3 = 0
I0418 08:40:26.825085  6080 data_layer.cpp:128] Prefetch batch: 124 ms.
I0418 08:40:26.825085  6080 data_layer.cpp:129]      Read time: 93.737 ms.
I0418 08:40:26.840718  6080 data_layer.cpp:130] Transform time: 31.258 ms.
I0418 08:40:27.684494  7952 caffe.cpp:314] Batch 1747, accuracy1+2 = 1
I0418 08:40:27.684494  7952 caffe.cpp:314] Batch 1747, accuracy1+2+3 = 1
I0418 08:40:27.809499  6080 data_layer.cpp:128] Prefetch batch: 125 ms.
I0418 08:40:27.809499  6080 data_layer.cpp:129]      Read time: 78.128 ms.
I0418 08:40:27.809499  6080 data_layer.cpp:130] Transform time: 46.876 ms.
I0418 08:40:28.653280  7952 caffe.cpp:314] Batch 1748, accuracy1+2 = 1
I0418 08:40:28.653280  7952 caffe.cpp:314] Batch 1748, accuracy1+2+3 = 1
I0418 08:40:28.778283  6080 data_layer.cpp:128] Prefetch batch: 125 ms.
I0418 08:40:28.778283  6080 data_layer.cpp:129]      Read time: 93.75 ms.
I0418 08:40:28.778283  6080 data_layer.cpp:130] Transform time: 31.254 ms.
I0418 08:40:29.622064  7952 caffe.cpp:314] Batch 1749, accuracy1+2 = 1
I0418 08:40:29.622064  7952 caffe.cpp:314] Batch 1749, accuracy1+2+3 = 1
I0418 08:40:29.747069  6080 data_layer.cpp:128] Prefetch batch: 125 ms.
I0418 08:40:29.747069  6080 data_layer.cpp:129]      Read time: 93.758 ms.
I0418 08:40:29.747069  6080 data_layer.cpp:130] Transform time: 31.247 ms.
I0418 08:40:30.590855  7952 caffe.cpp:314] Batch 1750, accuracy1+2 = 1
I0418 08:40:30.590855  7952 caffe.cpp:314] Batch 1750, accuracy1+2+3 = 0
I0418 08:40:30.700230  6080 data_layer.cpp:128] Prefetch batch: 109 ms.
I0418 08:40:30.700230  6080 data_layer.cpp:129]      Read time: 15.63 ms.
I0418 08:40:30.700230  6080 data_layer.cpp:130] Transform time: 93.745 ms.
I0418 08:40:31.575273  7952 caffe.cpp:314] Batch 1751, accuracy1+2 = 1
I0418 08:40:31.575273  7952 caffe.cpp:314] Batch 1751, accuracy1+2+3 = 1
I0418 08:40:31.700274  6080 data_layer.cpp:128] Prefetch batch: 125 ms.
I0418 08:40:31.700274  6080 data_layer.cpp:129]      Read time: 93.747 ms.
I0418 08:40:31.700274  6080 data_layer.cpp:130] Transform time: 31.255 ms.
I0418 08:40:32.544057  7952 caffe.cpp:314] Batch 1752, accuracy1+2 = 1
I0418 08:40:32.544057  7952 caffe.cpp:314] Batch 1752, accuracy1+2+3 = 0
I0418 08:40:32.669059  6080 data_layer.cpp:128] Prefetch batch: 125 ms.
I0418 08:40:32.669059  6080 data_layer.cpp:129]      Read time: 93.755 ms.
I0418 08:40:32.669059  6080 data_layer.cpp:130] Transform time: 31.246 ms.
I0418 08:40:33.512842  7952 caffe.cpp:314] Batch 1753, accuracy1+2 = 1
I0418 08:40:33.512842  7952 caffe.cpp:314] Batch 1753, accuracy1+2+3 = 1
I0418 08:40:33.637848  6080 data_layer.cpp:128] Prefetch batch: 125 ms.
I0418 08:40:33.637848  6080 data_layer.cpp:129]      Read time: 93.76 ms.
I0418 08:40:33.637848  6080 data_layer.cpp:130] Transform time: 31.246 ms.
I0418 08:40:34.497257  7952 caffe.cpp:314] Batch 1754, accuracy1+2 = 1
I0418 08:40:34.497257  7952 caffe.cpp:314] Batch 1754, accuracy1+2+3 = 1
I0418 08:40:34.591008  6080 data_layer.cpp:128] Prefetch batch: 93 ms.
I0418 08:40:34.591008  6080 data_layer.cpp:129]      Read time: 0 ms.
I0418 08:40:34.591008  6080 data_layer.cpp:130] Transform time: 93.751 ms.
I0418 08:40:35.466050  7952 caffe.cpp:314] Batch 1755, accuracy1+2 = 1
I0418 08:40:35.466050  7952 caffe.cpp:314] Batch 1755, accuracy1+2+3 = 1
I0418 08:40:35.591051  6080 data_layer.cpp:128] Prefetch batch: 125 ms.
I0418 08:40:35.591051  6080 data_layer.cpp:129]      Read time: 93.751 ms.
I0418 08:40:35.591051  6080 data_layer.cpp:130] Transform time: 31.25 ms.
I0418 08:40:36.434834  7952 caffe.cpp:314] Batch 1756, accuracy1+2 = 1
I0418 08:40:36.434834  7952 caffe.cpp:314] Batch 1756, accuracy1+2+3 = 1
I0418 08:40:36.575464  6080 data_layer.cpp:128] Prefetch batch: 140 ms.
I0418 08:40:36.575464  6080 data_layer.cpp:129]      Read time: 93.757 ms.
I0418 08:40:36.575464  6080 data_layer.cpp:130] Transform time: 46.874 ms.
I0418 08:40:37.419245  7952 caffe.cpp:314] Batch 1757, accuracy1+2 = 1
I0418 08:40:37.419245  7952 caffe.cpp:314] Batch 1757, accuracy1+2+3 = 1
I0418 08:40:37.544260  6080 data_layer.cpp:128] Prefetch batch: 125 ms.
I0418 08:40:37.544260  6080 data_layer.cpp:129]      Read time: 93.76 ms.
I0418 08:40:37.544260  6080 data_layer.cpp:130] Transform time: 31.256 ms.
I0418 08:40:38.388038  7952 caffe.cpp:314] Batch 1758, accuracy1+2 = 1
I0418 08:40:38.388038  7952 caffe.cpp:314] Batch 1758, accuracy1+2+3 = 1
I0418 08:40:38.497416  6080 data_layer.cpp:128] Prefetch batch: 109 ms.
I0418 08:40:38.497416  6080 data_layer.cpp:129]      Read time: 0 ms.
I0418 08:40:38.497416  6080 data_layer.cpp:130] Transform time: 109.378 ms.
I0418 08:40:39.356822  7952 caffe.cpp:314] Batch 1759, accuracy1+2 = 1
I0418 08:40:39.356822  7952 caffe.cpp:314] Batch 1759, accuracy1+2+3 = 0
I0418 08:40:39.481832  6080 data_layer.cpp:128] Prefetch batch: 125 ms.
I0418 08:40:39.481832  6080 data_layer.cpp:129]      Read time: 93.754 ms.
I0418 08:40:39.481832  6080 data_layer.cpp:130] Transform time: 31.256 ms.
I0418 08:40:40.341238  7952 caffe.cpp:314] Batch 1760, accuracy1+2 = 1
I0418 08:40:40.341238  7952 caffe.cpp:314] Batch 1760, accuracy1+2+3 = 1
I0418 08:40:40.466239  6080 data_layer.cpp:128] Prefetch batch: 125 ms.
I0418 08:40:40.466239  6080 data_layer.cpp:129]      Read time: 93.754 ms.
I0418 08:40:40.466239  6080 data_layer.cpp:130] Transform time: 31.248 ms.
I0418 08:40:41.310032  7952 caffe.cpp:314] Batch 1761, accuracy1+2 = 1
I0418 08:40:41.310032  7952 caffe.cpp:314] Batch 1761, accuracy1+2+3 = 1
I0418 08:40:41.435031  6080 data_layer.cpp:128] Prefetch batch: 124 ms.
I0418 08:40:41.435031  6080 data_layer.cpp:129]      Read time: 93.744 ms.
I0418 08:40:41.435031  6080 data_layer.cpp:130] Transform time: 31.255 ms.
I0418 08:40:42.294438  7952 caffe.cpp:314] Batch 1762, accuracy1+2 = 1
I0418 08:40:42.294438  7952 caffe.cpp:314] Batch 1762, accuracy1+2+3 = 1
I0418 08:40:42.388190  6080 data_layer.cpp:128] Prefetch batch: 93 ms.
I0418 08:40:42.388190  6080 data_layer.cpp:129]      Read time: 0 ms.
I0418 08:40:42.388190  6080 data_layer.cpp:130] Transform time: 93.751 ms.
I0418 08:40:43.263228  7952 caffe.cpp:314] Batch 1763, accuracy1+2 = 0
I0418 08:40:43.263228  7952 caffe.cpp:314] Batch 1763, accuracy1+2+3 = 0
I0418 08:40:43.388236  6080 data_layer.cpp:128] Prefetch batch: 125 ms.
I0418 08:40:43.388236  6080 data_layer.cpp:129]      Read time: 78.131 ms.
I0418 08:40:43.388236  6080 data_layer.cpp:130] Transform time: 46.877 ms.
I0418 08:40:44.232015  7952 caffe.cpp:314] Batch 1764, accuracy1+2 = 1
I0418 08:40:44.232015  7952 caffe.cpp:314] Batch 1764, accuracy1+2+3 = 1
I0418 08:40:44.357023  6080 data_layer.cpp:128] Prefetch batch: 125 ms.
I0418 08:40:44.357023  6080 data_layer.cpp:129]      Read time: 93.757 ms.
I0418 08:40:44.357023  6080 data_layer.cpp:130] Transform time: 31.251 ms.
I0418 08:40:45.232064  7952 caffe.cpp:314] Batch 1765, accuracy1+2 = 1
I0418 08:40:45.232064  7952 caffe.cpp:314] Batch 1765, accuracy1+2+3 = 1
I0418 08:40:45.357059  6080 data_layer.cpp:128] Prefetch batch: 124 ms.
I0418 08:40:45.357059  6080 data_layer.cpp:129]      Read time: 93.752 ms.
I0418 08:40:45.357059  6080 data_layer.cpp:130] Transform time: 31.243 ms.
I0418 08:40:46.247716  7952 caffe.cpp:314] Batch 1766, accuracy1+2 = 1
I0418 08:40:46.247716  7952 caffe.cpp:314] Batch 1766, accuracy1+2+3 = 1
I0418 08:40:46.372722  6080 data_layer.cpp:128] Prefetch batch: 125 ms.
I0418 08:40:46.372722  6080 data_layer.cpp:129]      Read time: 78.13 ms.
I0418 08:40:46.372722  6080 data_layer.cpp:130] Transform time: 46.876 ms.
I0418 08:40:47.232134  7952 caffe.cpp:314] Batch 1767, accuracy1+2 = 1
I0418 08:40:47.232134  7952 caffe.cpp:314] Batch 1767, accuracy1+2+3 = 1
I0418 08:40:47.357136  6080 data_layer.cpp:128] Prefetch batch: 125 ms.
I0418 08:40:47.357136  6080 data_layer.cpp:129]      Read time: 78.126 ms.
I0418 08:40:47.357136  6080 data_layer.cpp:130] Transform time: 46.875 ms.
I0418 08:40:48.200924  7952 caffe.cpp:314] Batch 1768, accuracy1+2 = 1
I0418 08:40:48.200924  7952 caffe.cpp:314] Batch 1768, accuracy1+2+3 = 1
I0418 08:40:48.310304  6080 data_layer.cpp:128] Prefetch batch: 109 ms.
I0418 08:40:48.310304  6080 data_layer.cpp:129]      Read time: 0 ms.
I0418 08:40:48.310304  6080 data_layer.cpp:130] Transform time: 109.38 ms.
I0418 08:40:49.185335  7952 caffe.cpp:314] Batch 1769, accuracy1+2 = 1
I0418 08:40:49.185335  7952 caffe.cpp:314] Batch 1769, accuracy1+2+3 = 1
I0418 08:40:49.310338  6080 data_layer.cpp:128] Prefetch batch: 125 ms.
I0418 08:40:49.310338  6080 data_layer.cpp:129]      Read time: 78.124 ms.
I0418 08:40:49.310338  6080 data_layer.cpp:130] Transform time: 46.878 ms.
I0418 08:40:50.154119  7952 caffe.cpp:314] Batch 1770, accuracy1+2 = 1
I0418 08:40:50.154119  7952 caffe.cpp:314] Batch 1770, accuracy1+2+3 = 1
I0418 08:40:50.279125  6080 data_layer.cpp:128] Prefetch batch: 125 ms.
I0418 08:40:50.279125  6080 data_layer.cpp:129]      Read time: 93.754 ms.
I0418 08:40:50.279125  6080 data_layer.cpp:130] Transform time: 31.252 ms.
I0418 08:40:51.122910  7952 caffe.cpp:314] Batch 1771, accuracy1+2 = 1
I0418 08:40:51.122910  7952 caffe.cpp:314] Batch 1771, accuracy1+2+3 = 1
I0418 08:40:51.247916  6080 data_layer.cpp:128] Prefetch batch: 125 ms.
I0418 08:40:51.247916  6080 data_layer.cpp:129]      Read time: 93.759 ms.
I0418 08:40:51.247916  6080 data_layer.cpp:130] Transform time: 31.248 ms.
I0418 08:40:52.107321  7952 caffe.cpp:314] Batch 1772, accuracy1+2 = 1
I0418 08:40:52.107321  7952 caffe.cpp:314] Batch 1772, accuracy1+2+3 = 1
I0418 08:40:52.232328  6080 data_layer.cpp:128] Prefetch batch: 125 ms.
I0418 08:40:52.232328  6080 data_layer.cpp:129]      Read time: 78.13 ms.
I0418 08:40:52.232328  6080 data_layer.cpp:130] Transform time: 46.877 ms.
I0418 08:40:53.076108  7952 caffe.cpp:314] Batch 1773, accuracy1+2 = 1
I0418 08:40:53.076108  7952 caffe.cpp:314] Batch 1773, accuracy1+2+3 = 1
I0418 08:40:53.185495  6080 data_layer.cpp:128] Prefetch batch: 109 ms.
I0418 08:40:53.185495  6080 data_layer.cpp:129]      Read time: 0 ms.
I0418 08:40:53.185495  6080 data_layer.cpp:130] Transform time: 109.387 ms.
I0418 08:40:54.044903  7952 caffe.cpp:314] Batch 1774, accuracy1+2 = 1
I0418 08:40:54.044903  7952 caffe.cpp:314] Batch 1774, accuracy1+2+3 = 1
I0418 08:40:54.185530  6080 data_layer.cpp:128] Prefetch batch: 140 ms.
I0418 08:40:54.185530  6080 data_layer.cpp:129]      Read time: 93.751 ms.
I0418 08:40:54.185530  6080 data_layer.cpp:130] Transform time: 46.876 ms.
I0418 08:40:55.029311  7952 caffe.cpp:314] Batch 1775, accuracy1+2 = 1
I0418 08:40:55.029311  7952 caffe.cpp:314] Batch 1775, accuracy1+2+3 = 1
I0418 08:40:55.154320  6080 data_layer.cpp:128] Prefetch batch: 125 ms.
I0418 08:40:55.154320  6080 data_layer.cpp:129]      Read time: 93.753 ms.
I0418 08:40:55.154320  6080 data_layer.cpp:130] Transform time: 31.255 ms.
I0418 08:40:55.998106  7952 caffe.cpp:314] Batch 1776, accuracy1+2 = 1
I0418 08:40:55.998106  7952 caffe.cpp:314] Batch 1776, accuracy1+2+3 = 1
I0418 08:40:56.123108  6080 data_layer.cpp:128] Prefetch batch: 125 ms.
I0418 08:40:56.123108  6080 data_layer.cpp:129]      Read time: 93.752 ms.
I0418 08:40:56.123108  6080 data_layer.cpp:130] Transform time: 31.251 ms.
I0418 08:40:56.966891  7952 caffe.cpp:314] Batch 1777, accuracy1+2 = 1
I0418 08:40:56.966891  7952 caffe.cpp:314] Batch 1777, accuracy1+2+3 = 1
I0418 08:40:57.091897  6080 data_layer.cpp:128] Prefetch batch: 125 ms.
I0418 08:40:57.091897  6080 data_layer.cpp:129]      Read time: 93.75 ms.
I0418 08:40:57.107518  6080 data_layer.cpp:130] Transform time: 31.256 ms.
I0418 08:40:57.951300  7952 caffe.cpp:314] Batch 1778, accuracy1+2 = 1
I0418 08:40:57.951300  7952 caffe.cpp:314] Batch 1778, accuracy1+2+3 = 1
I0418 08:40:58.045055  6080 data_layer.cpp:128] Prefetch batch: 93 ms.
I0418 08:40:58.045055  6080 data_layer.cpp:129]      Read time: 0 ms.
I0418 08:40:58.045055  6080 data_layer.cpp:130] Transform time: 93.755 ms.
I0418 08:40:58.920091  7952 caffe.cpp:314] Batch 1779, accuracy1+2 = 1
I0418 08:40:58.920091  7952 caffe.cpp:314] Batch 1779, accuracy1+2+3 = 1
I0418 08:40:59.045096  6080 data_layer.cpp:128] Prefetch batch: 125 ms.
I0418 08:40:59.045096  6080 data_layer.cpp:129]      Read time: 93.758 ms.
I0418 08:40:59.045096  6080 data_layer.cpp:130] Transform time: 31.247 ms.
I0418 08:40:59.888882  7952 caffe.cpp:314] Batch 1780, accuracy1+2 = 0
I0418 08:40:59.888882  7952 caffe.cpp:314] Batch 1780, accuracy1+2+3 = 0
I0418 08:41:00.013881  6080 data_layer.cpp:128] Prefetch batch: 124 ms.
I0418 08:41:00.013881  6080 data_layer.cpp:129]      Read time: 93.75 ms.
I0418 08:41:00.013881  6080 data_layer.cpp:130] Transform time: 31.249 ms.
I0418 08:41:00.857666  7952 caffe.cpp:314] Batch 1781, accuracy1+2 = 1
I0418 08:41:00.857666  7952 caffe.cpp:314] Batch 1781, accuracy1+2+3 = 1
I0418 08:41:00.998297  6080 data_layer.cpp:128] Prefetch batch: 140 ms.
I0418 08:41:00.998297  6080 data_layer.cpp:129]      Read time: 93.755 ms.
I0418 08:41:00.998297  6080 data_layer.cpp:130] Transform time: 46.876 ms.
I0418 08:41:01.842080  7952 caffe.cpp:314] Batch 1782, accuracy1+2 = 0
I0418 08:41:01.842080  7952 caffe.cpp:314] Batch 1782, accuracy1+2+3 = 0
I0418 08:41:01.967088  6080 data_layer.cpp:128] Prefetch batch: 125 ms.
I0418 08:41:01.967088  6080 data_layer.cpp:129]      Read time: 93.752 ms.
I0418 08:41:01.967088  6080 data_layer.cpp:130] Transform time: 31.256 ms.
I0418 08:41:02.810873  7952 caffe.cpp:314] Batch 1783, accuracy1+2 = 1
I0418 08:41:02.810873  7952 caffe.cpp:314] Batch 1783, accuracy1+2+3 = 1
I0418 08:41:02.920253  6080 data_layer.cpp:128] Prefetch batch: 109 ms.
I0418 08:41:02.920253  6080 data_layer.cpp:129]      Read time: 0 ms.
I0418 08:41:02.920253  6080 data_layer.cpp:130] Transform time: 109.379 ms.
I0418 08:41:03.779655  7952 caffe.cpp:314] Batch 1784, accuracy1+2 = 0
I0418 08:41:03.779655  7952 caffe.cpp:314] Batch 1784, accuracy1+2+3 = 0
I0418 08:41:03.904660  6080 data_layer.cpp:128] Prefetch batch: 125 ms.
I0418 08:41:03.904660  6080 data_layer.cpp:129]      Read time: 93.758 ms.
I0418 08:41:03.904660  6080 data_layer.cpp:130] Transform time: 31.247 ms.
I0418 08:41:04.764070  7952 caffe.cpp:314] Batch 1785, accuracy1+2 = 0
I0418 08:41:04.764070  7952 caffe.cpp:314] Batch 1785, accuracy1+2+3 = 0
I0418 08:41:04.889072  6080 data_layer.cpp:128] Prefetch batch: 125 ms.
I0418 08:41:04.889072  6080 data_layer.cpp:129]      Read time: 93.754 ms.
I0418 08:41:04.889072  6080 data_layer.cpp:130] Transform time: 31.248 ms.
I0418 08:41:05.732857  7952 caffe.cpp:314] Batch 1786, accuracy1+2 = 0
I0418 08:41:05.732857  7952 caffe.cpp:314] Batch 1786, accuracy1+2+3 = 0
I0418 08:41:05.857863  6080 data_layer.cpp:128] Prefetch batch: 125 ms.
I0418 08:41:05.857863  6080 data_layer.cpp:129]      Read time: 93.754 ms.
I0418 08:41:05.857863  6080 data_layer.cpp:130] Transform time: 31.252 ms.
I0418 08:41:06.701648  7952 caffe.cpp:314] Batch 1787, accuracy1+2 = 1
I0418 08:41:06.717272  7952 caffe.cpp:314] Batch 1787, accuracy1+2+3 = 1
I0418 08:41:06.842275  6080 data_layer.cpp:128] Prefetch batch: 125 ms.
I0418 08:41:06.842275  6080 data_layer.cpp:129]      Read time: 78.125 ms.
I0418 08:41:06.842275  6080 data_layer.cpp:130] Transform time: 46.879 ms.
I0418 08:41:07.686059  7952 caffe.cpp:314] Batch 1788, accuracy1+2 = 0
I0418 08:41:07.686059  7952 caffe.cpp:314] Batch 1788, accuracy1+2+3 = 0
I0418 08:41:07.779814  6080 data_layer.cpp:128] Prefetch batch: 93 ms.
I0418 08:41:07.779814  6080 data_layer.cpp:129]      Read time: 0 ms.
I0418 08:41:07.779814  6080 data_layer.cpp:130] Transform time: 93.754 ms.
I0418 08:41:08.654847  7952 caffe.cpp:314] Batch 1789, accuracy1+2 = 1
I0418 08:41:08.654847  7952 caffe.cpp:314] Batch 1789, accuracy1+2+3 = 1
I0418 08:41:08.779850  6080 data_layer.cpp:128] Prefetch batch: 125 ms.
I0418 08:41:08.779850  6080 data_layer.cpp:129]      Read time: 46.888 ms.
I0418 08:41:08.779850  6080 data_layer.cpp:130] Transform time: 78.114 ms.
I0418 08:41:09.623633  7952 caffe.cpp:314] Batch 1790, accuracy1+2 = 0
I0418 08:41:09.623633  7952 caffe.cpp:314] Batch 1790, accuracy1+2+3 = 0
I0418 08:41:09.779893  6080 data_layer.cpp:128] Prefetch batch: 156 ms.
I0418 08:41:09.779893  6080 data_layer.cpp:129]      Read time: 140.635 ms.
I0418 08:41:09.779893  6080 data_layer.cpp:130] Transform time: 15.625 ms.
I0418 08:41:10.608050  7952 caffe.cpp:314] Batch 1791, accuracy1+2 = 1
I0418 08:41:10.608050  7952 caffe.cpp:314] Batch 1791, accuracy1+2+3 = 1
I0418 08:41:10.733052  6080 data_layer.cpp:128] Prefetch batch: 125 ms.
I0418 08:41:10.733052  6080 data_layer.cpp:129]      Read time: 93.756 ms.
I0418 08:41:10.733052  6080 data_layer.cpp:130] Transform time: 31.245 ms.
I0418 08:41:11.576836  7952 caffe.cpp:314] Batch 1792, accuracy1+2 = 0
I0418 08:41:11.576836  7952 caffe.cpp:314] Batch 1792, accuracy1+2+3 = 0
I0418 08:41:11.686215  6080 data_layer.cpp:128] Prefetch batch: 109 ms.
I0418 08:41:11.686215  6080 data_layer.cpp:129]      Read time: 0 ms.
I0418 08:41:11.686215  6080 data_layer.cpp:130] Transform time: 109.379 ms.
I0418 08:41:12.561254  7952 caffe.cpp:314] Batch 1793, accuracy1+2 = 0
I0418 08:41:12.561254  7952 caffe.cpp:314] Batch 1793, accuracy1+2+3 = 0
I0418 08:41:12.686254  6080 data_layer.cpp:128] Prefetch batch: 125 ms.
I0418 08:41:12.686254  6080 data_layer.cpp:129]      Read time: 78.136 ms.
I0418 08:41:12.686254  6080 data_layer.cpp:130] Transform time: 46.865 ms.
I0418 08:41:13.530040  7952 caffe.cpp:314] Batch 1794, accuracy1+2 = 1
I0418 08:41:13.530040  7952 caffe.cpp:314] Batch 1794, accuracy1+2+3 = 1
I0418 08:41:13.655045  6080 data_layer.cpp:128] Prefetch batch: 125 ms.
I0418 08:41:13.655045  6080 data_layer.cpp:129]      Read time: 93.755 ms.
I0418 08:41:13.655045  6080 data_layer.cpp:130] Transform time: 31.249 ms.
I0418 08:41:14.498831  7952 caffe.cpp:314] Batch 1795, accuracy1+2 = 0
I0418 08:41:14.498831  7952 caffe.cpp:314] Batch 1795, accuracy1+2+3 = 0
I0418 08:41:14.623833  6080 data_layer.cpp:128] Prefetch batch: 125 ms.
I0418 08:41:14.623833  6080 data_layer.cpp:129]      Read time: 93.748 ms.
I0418 08:41:14.623833  6080 data_layer.cpp:130] Transform time: 31.254 ms.
I0418 08:41:15.483237  7952 caffe.cpp:314] Batch 1796, accuracy1+2 = 1
I0418 08:41:15.483237  7952 caffe.cpp:314] Batch 1796, accuracy1+2+3 = 1
I0418 08:41:15.608248  6080 data_layer.cpp:128] Prefetch batch: 125 ms.
I0418 08:41:15.608248  6080 data_layer.cpp:129]      Read time: 93.76 ms.
I0418 08:41:15.608248  6080 data_layer.cpp:130] Transform time: 31.251 ms.
I0418 08:41:16.452025  7952 caffe.cpp:314] Batch 1797, accuracy1+2 = 0
I0418 08:41:16.452025  7952 caffe.cpp:314] Batch 1797, accuracy1+2+3 = 0
I0418 08:41:16.561406  6080 data_layer.cpp:128] Prefetch batch: 109 ms.
I0418 08:41:16.561406  6080 data_layer.cpp:129]      Read time: 0 ms.
I0418 08:41:16.561406  6080 data_layer.cpp:130] Transform time: 109.381 ms.
I0418 08:41:17.467696  7952 caffe.cpp:314] Batch 1798, accuracy1+2 = 0
I0418 08:41:17.467696  7952 caffe.cpp:314] Batch 1798, accuracy1+2+3 = 0
I0418 08:41:17.592703  6080 data_layer.cpp:128] Prefetch batch: 125 ms.
I0418 08:41:17.592703  6080 data_layer.cpp:129]      Read time: 78.124 ms.
I0418 08:41:17.592703  6080 data_layer.cpp:130] Transform time: 46.883 ms.
I0418 08:41:18.436486  7952 caffe.cpp:314] Batch 1799, accuracy1+2 = 1
I0418 08:41:18.436486  7952 caffe.cpp:314] Batch 1799, accuracy1+2+3 = 1
I0418 08:41:18.561489  6080 data_layer.cpp:128] Prefetch batch: 125 ms.
I0418 08:41:18.561489  6080 data_layer.cpp:129]      Read time: 93.752 ms.
I0418 08:41:18.561489  6080 data_layer.cpp:130] Transform time: 31.251 ms.
I0418 08:41:19.405267  7952 caffe.cpp:314] Batch 1800, accuracy1+2 = 1
I0418 08:41:19.405267  7952 caffe.cpp:314] Batch 1800, accuracy1+2+3 = 1
I0418 08:41:19.530272  6080 data_layer.cpp:128] Prefetch batch: 125 ms.
I0418 08:41:19.530272  6080 data_layer.cpp:129]      Read time: 93.76 ms.
I0418 08:41:19.530272  6080 data_layer.cpp:130] Transform time: 31.245 ms.
I0418 08:41:20.389688  7952 caffe.cpp:314] Batch 1801, accuracy1+2 = 0
I0418 08:41:20.389688  7952 caffe.cpp:314] Batch 1801, accuracy1+2+3 = 0
I0418 08:41:20.514688  6080 data_layer.cpp:128] Prefetch batch: 125 ms.
I0418 08:41:20.514688  6080 data_layer.cpp:129]      Read time: 93.745 ms.
I0418 08:41:20.514688  6080 data_layer.cpp:130] Transform time: 31.255 ms.
I0418 08:41:21.358474  7952 caffe.cpp:314] Batch 1802, accuracy1+2 = 1
I0418 08:41:21.358474  7952 caffe.cpp:314] Batch 1802, accuracy1+2+3 = 1
I0418 08:41:21.467849  6080 data_layer.cpp:128] Prefetch batch: 109 ms.
I0418 08:41:21.467849  6080 data_layer.cpp:129]      Read time: 0 ms.
I0418 08:41:21.467849  6080 data_layer.cpp:130] Transform time: 109.375 ms.
I0418 08:41:22.342890  7952 caffe.cpp:314] Batch 1803, accuracy1+2 = 0
I0418 08:41:22.342890  7952 caffe.cpp:314] Batch 1803, accuracy1+2+3 = 0
I0418 08:41:22.467880  6080 data_layer.cpp:128] Prefetch batch: 124 ms.
I0418 08:41:22.467880  6080 data_layer.cpp:129]      Read time: 78.125 ms.
I0418 08:41:22.467880  6080 data_layer.cpp:130] Transform time: 46.866 ms.
I0418 08:41:23.342914  7952 caffe.cpp:314] Batch 1804, accuracy1+2 = 0
I0418 08:41:23.342914  7952 caffe.cpp:314] Batch 1804, accuracy1+2+3 = 0
I0418 08:41:23.467921  6080 data_layer.cpp:128] Prefetch batch: 125 ms.
I0418 08:41:23.467921  6080 data_layer.cpp:129]      Read time: 93.761 ms.
I0418 08:41:23.467921  6080 data_layer.cpp:130] Transform time: 31.245 ms.
I0418 08:41:24.358579  7952 caffe.cpp:314] Batch 1805, accuracy1+2 = 1
I0418 08:41:24.358579  7952 caffe.cpp:314] Batch 1805, accuracy1+2+3 = 1
I0418 08:41:24.483588  6080 data_layer.cpp:128] Prefetch batch: 125 ms.
I0418 08:41:24.483588  6080 data_layer.cpp:129]      Read time: 93.753 ms.
I0418 08:41:24.483588  6080 data_layer.cpp:130] Transform time: 31.256 ms.
I0418 08:41:25.374253  7952 caffe.cpp:314] Batch 1806, accuracy1+2 = 1
I0418 08:41:25.374253  7952 caffe.cpp:314] Batch 1806, accuracy1+2+3 = 1
I0418 08:41:25.499263  6080 data_layer.cpp:128] Prefetch batch: 125 ms.
I0418 08:41:25.499263  6080 data_layer.cpp:129]      Read time: 78.13 ms.
I0418 08:41:25.499263  6080 data_layer.cpp:130] Transform time: 46.88 ms.
I0418 08:41:26.343053  7952 caffe.cpp:314] Batch 1807, accuracy1+2 = 1
I0418 08:41:26.343053  7952 caffe.cpp:314] Batch 1807, accuracy1+2+3 = 1
I0418 08:41:26.468050  6080 data_layer.cpp:128] Prefetch batch: 124 ms.
I0418 08:41:26.468050  6080 data_layer.cpp:129]      Read time: 93.743 ms.
I0418 08:41:26.468050  6080 data_layer.cpp:130] Transform time: 31.253 ms.
I0418 08:41:27.311830  7952 caffe.cpp:314] Batch 1808, accuracy1+2 = 1
I0418 08:41:27.311830  7952 caffe.cpp:314] Batch 1808, accuracy1+2+3 = 1
I0418 08:41:27.436841  6080 data_layer.cpp:128] Prefetch batch: 125 ms.
I0418 08:41:27.436841  6080 data_layer.cpp:129]      Read time: 93.752 ms.
I0418 08:41:27.452461  6080 data_layer.cpp:130] Transform time: 31.258 ms.
I0418 08:41:28.296247  7952 caffe.cpp:314] Batch 1809, accuracy1+2 = 1
I0418 08:41:28.296247  7952 caffe.cpp:314] Batch 1809, accuracy1+2+3 = 0
I0418 08:41:28.389998  6080 data_layer.cpp:128] Prefetch batch: 93 ms.
I0418 08:41:28.389998  6080 data_layer.cpp:129]      Read time: 0 ms.
I0418 08:41:28.389998  6080 data_layer.cpp:130] Transform time: 93.752 ms.
I0418 08:41:29.265031  7952 caffe.cpp:314] Batch 1810, accuracy1+2 = 1
I0418 08:41:29.265031  7952 caffe.cpp:314] Batch 1810, accuracy1+2+3 = 1
I0418 08:41:29.390033  6080 data_layer.cpp:128] Prefetch batch: 125 ms.
I0418 08:41:29.390033  6080 data_layer.cpp:129]      Read time: 93.75 ms.
I0418 08:41:29.390033  6080 data_layer.cpp:130] Transform time: 31.252 ms.
I0418 08:41:30.233816  7952 caffe.cpp:314] Batch 1811, accuracy1+2 = 0
I0418 08:41:30.233816  7952 caffe.cpp:314] Batch 1811, accuracy1+2+3 = 0
I0418 08:41:30.358824  6080 data_layer.cpp:128] Prefetch batch: 125 ms.
I0418 08:41:30.358824  6080 data_layer.cpp:129]      Read time: 93.759 ms.
I0418 08:41:30.358824  6080 data_layer.cpp:130] Transform time: 31.249 ms.
I0418 08:41:31.218236  7952 caffe.cpp:314] Batch 1812, accuracy1+2 = 1
I0418 08:41:31.218236  7952 caffe.cpp:314] Batch 1812, accuracy1+2+3 = 1
I0418 08:41:31.343235  6080 data_layer.cpp:128] Prefetch batch: 124 ms.
I0418 08:41:31.343235  6080 data_layer.cpp:129]      Read time: 78.122 ms.
I0418 08:41:31.343235  6080 data_layer.cpp:130] Transform time: 46.876 ms.
I0418 08:41:32.187026  7952 caffe.cpp:314] Batch 1813, accuracy1+2 = 0
I0418 08:41:32.187026  7952 caffe.cpp:314] Batch 1813, accuracy1+2+3 = 0
I0418 08:41:32.312024  6080 data_layer.cpp:128] Prefetch batch: 124 ms.
I0418 08:41:32.312024  6080 data_layer.cpp:129]      Read time: 93.75 ms.
I0418 08:41:32.312024  6080 data_layer.cpp:130] Transform time: 31.249 ms.
I0418 08:41:33.155812  7952 caffe.cpp:314] Batch 1814, accuracy1+2 = 1
I0418 08:41:33.155812  7952 caffe.cpp:314] Batch 1814, accuracy1+2+3 = 1
I0418 08:41:33.265182  6080 data_layer.cpp:128] Prefetch batch: 109 ms.
I0418 08:41:33.265182  6080 data_layer.cpp:129]      Read time: 0 ms.
I0418 08:41:33.265182  6080 data_layer.cpp:130] Transform time: 109.371 ms.
I0418 08:41:34.124599  7952 caffe.cpp:314] Batch 1815, accuracy1+2 = 1
I0418 08:41:34.124599  7952 caffe.cpp:314] Batch 1815, accuracy1+2+3 = 1
I0418 08:41:34.265229  6080 data_layer.cpp:128] Prefetch batch: 140 ms.
I0418 08:41:34.265229  6080 data_layer.cpp:129]      Read time: 93.749 ms.
I0418 08:41:34.265229  6080 data_layer.cpp:130] Transform time: 46.881 ms.
I0418 08:41:35.109012  7952 caffe.cpp:314] Batch 1816, accuracy1+2 = 1
I0418 08:41:35.109012  7952 caffe.cpp:314] Batch 1816, accuracy1+2+3 = 1
I0418 08:41:35.234014  6080 data_layer.cpp:128] Prefetch batch: 125 ms.
I0418 08:41:35.234014  6080 data_layer.cpp:129]      Read time: 93.755 ms.
I0418 08:41:35.234014  6080 data_layer.cpp:130] Transform time: 31.247 ms.
I0418 08:41:36.077800  7952 caffe.cpp:314] Batch 1817, accuracy1+2 = 1
I0418 08:41:36.077800  7952 caffe.cpp:314] Batch 1817, accuracy1+2+3 = 1
I0418 08:41:36.202816  6080 data_layer.cpp:128] Prefetch batch: 125 ms.
I0418 08:41:36.202816  6080 data_layer.cpp:129]      Read time: 93.752 ms.
I0418 08:41:36.202816  6080 data_layer.cpp:130] Transform time: 31.264 ms.
I0418 08:41:37.062211  7952 caffe.cpp:314] Batch 1818, accuracy1+2 = 0
I0418 08:41:37.062211  7952 caffe.cpp:314] Batch 1818, accuracy1+2+3 = 0
I0418 08:41:37.155963  6080 data_layer.cpp:128] Prefetch batch: 93 ms.
I0418 08:41:37.155963  6080 data_layer.cpp:129]      Read time: 0 ms.
I0418 08:41:37.155963  6080 data_layer.cpp:130] Transform time: 93.752 ms.
I0418 08:41:38.030997  7952 caffe.cpp:314] Batch 1819, accuracy1+2 = 1
I0418 08:41:38.030997  7952 caffe.cpp:314] Batch 1819, accuracy1+2+3 = 1
I0418 08:41:38.156002  6080 data_layer.cpp:128] Prefetch batch: 125 ms.
I0418 08:41:38.156002  6080 data_layer.cpp:129]      Read time: 93.753 ms.
I0418 08:41:38.156002  6080 data_layer.cpp:130] Transform time: 31.252 ms.
I0418 08:41:38.999778  7952 caffe.cpp:314] Batch 1820, accuracy1+2 = 1
I0418 08:41:38.999778  7952 caffe.cpp:314] Batch 1820, accuracy1+2+3 = 1
I0418 08:41:39.124795  6080 data_layer.cpp:128] Prefetch batch: 125 ms.
I0418 08:41:39.124795  6080 data_layer.cpp:129]      Read time: 93.765 ms.
I0418 08:41:39.124795  6080 data_layer.cpp:130] Transform time: 31.253 ms.
I0418 08:41:39.984200  7952 caffe.cpp:314] Batch 1821, accuracy1+2 = 1
I0418 08:41:39.984200  7952 caffe.cpp:314] Batch 1821, accuracy1+2+3 = 0
I0418 08:41:40.109208  6080 data_layer.cpp:128] Prefetch batch: 125 ms.
I0418 08:41:40.109208  6080 data_layer.cpp:129]      Read time: 93.758 ms.
I0418 08:41:40.109208  6080 data_layer.cpp:130] Transform time: 31.25 ms.
I0418 08:41:40.952991  7952 caffe.cpp:314] Batch 1822, accuracy1+2 = 1
I0418 08:41:40.952991  7952 caffe.cpp:314] Batch 1822, accuracy1+2+3 = 1
I0418 08:41:41.062367  6080 data_layer.cpp:128] Prefetch batch: 109 ms.
I0418 08:41:41.062367  6080 data_layer.cpp:129]      Read time: 0 ms.
I0418 08:41:41.062367  6080 data_layer.cpp:130] Transform time: 109.376 ms.
I0418 08:41:41.921779  7952 caffe.cpp:314] Batch 1823, accuracy1+2 = 0
I0418 08:41:41.921779  7952 caffe.cpp:314] Batch 1823, accuracy1+2+3 = 0
I0418 08:41:42.046783  6080 data_layer.cpp:128] Prefetch batch: 125 ms.
I0418 08:41:42.046783  6080 data_layer.cpp:129]      Read time: 93.752 ms.
I0418 08:41:42.046783  6080 data_layer.cpp:130] Transform time: 31.252 ms.
I0418 08:41:42.906190  7952 caffe.cpp:314] Batch 1824, accuracy1+2 = 1
I0418 08:41:42.906190  7952 caffe.cpp:314] Batch 1824, accuracy1+2+3 = 1
I0418 08:41:43.031199  6080 data_layer.cpp:128] Prefetch batch: 125 ms.
I0418 08:41:43.031199  6080 data_layer.cpp:129]      Read time: 93.76 ms.
I0418 08:41:43.031199  6080 data_layer.cpp:130] Transform time: 31.249 ms.
I0418 08:41:43.874982  7952 caffe.cpp:314] Batch 1825, accuracy1+2 = 1
I0418 08:41:43.874982  7952 caffe.cpp:314] Batch 1825, accuracy1+2+3 = 1
I0418 08:41:43.999984  6080 data_layer.cpp:128] Prefetch batch: 125 ms.
I0418 08:41:43.999984  6080 data_layer.cpp:129]      Read time: 93.753 ms.
I0418 08:41:43.999984  6080 data_layer.cpp:130] Transform time: 31.248 ms.
I0418 08:41:44.859395  7952 caffe.cpp:314] Batch 1826, accuracy1+2 = 0
I0418 08:41:44.859395  7952 caffe.cpp:314] Batch 1826, accuracy1+2+3 = 0
I0418 08:41:44.984400  6080 data_layer.cpp:128] Prefetch batch: 125 ms.
I0418 08:41:44.984400  6080 data_layer.cpp:129]      Read time: 93.756 ms.
I0418 08:41:44.984400  6080 data_layer.cpp:130] Transform time: 31.249 ms.
I0418 08:41:45.828184  7952 caffe.cpp:314] Batch 1827, accuracy1+2 = 1
I0418 08:41:45.828184  7952 caffe.cpp:314] Batch 1827, accuracy1+2+3 = 1
I0418 08:41:45.953183  6080 data_layer.cpp:128] Prefetch batch: 124 ms.
I0418 08:41:45.953183  6080 data_layer.cpp:129]      Read time: 93.768 ms.
I0418 08:41:45.953183  6080 data_layer.cpp:130] Transform time: 31.231 ms.
I0418 08:41:46.796972  7952 caffe.cpp:314] Batch 1828, accuracy1+2 = 0
I0418 08:41:46.796972  7952 caffe.cpp:314] Batch 1828, accuracy1+2+3 = 0
I0418 08:41:46.906345  6080 data_layer.cpp:128] Prefetch batch: 109 ms.
I0418 08:41:46.906345  6080 data_layer.cpp:129]      Read time: 0 ms.
I0418 08:41:46.906345  6080 data_layer.cpp:130] Transform time: 109.373 ms.
I0418 08:41:47.781388  7952 caffe.cpp:314] Batch 1829, accuracy1+2 = 1
I0418 08:41:47.781388  7952 caffe.cpp:314] Batch 1829, accuracy1+2+3 = 1
I0418 08:41:47.906384  6080 data_layer.cpp:128] Prefetch batch: 124 ms.
I0418 08:41:47.906384  6080 data_layer.cpp:129]      Read time: 78.119 ms.
I0418 08:41:47.906384  6080 data_layer.cpp:130] Transform time: 46.877 ms.
I0418 08:41:48.750171  7952 caffe.cpp:314] Batch 1830, accuracy1+2 = 1
I0418 08:41:48.750171  7952 caffe.cpp:314] Batch 1830, accuracy1+2+3 = 1
I0418 08:41:48.875183  6080 data_layer.cpp:128] Prefetch batch: 125 ms.
I0418 08:41:48.875183  6080 data_layer.cpp:129]      Read time: 93.75 ms.
I0418 08:41:48.875183  6080 data_layer.cpp:130] Transform time: 31.262 ms.
I0418 08:41:49.734587  7952 caffe.cpp:314] Batch 1831, accuracy1+2 = 0
I0418 08:41:49.734587  7952 caffe.cpp:314] Batch 1831, accuracy1+2+3 = 0
I0418 08:41:49.859586  6080 data_layer.cpp:128] Prefetch batch: 124 ms.
I0418 08:41:49.859586  6080 data_layer.cpp:129]      Read time: 78.129 ms.
I0418 08:41:49.859586  6080 data_layer.cpp:130] Transform time: 46.87 ms.
I0418 08:41:50.703372  7952 caffe.cpp:314] Batch 1832, accuracy1+2 = 1
I0418 08:41:50.703372  7952 caffe.cpp:314] Batch 1832, accuracy1+2+3 = 1
I0418 08:41:50.812757  6080 data_layer.cpp:128] Prefetch batch: 109 ms.
I0418 08:41:50.812757  6080 data_layer.cpp:129]      Read time: 0 ms.
I0418 08:41:50.812757  6080 data_layer.cpp:130] Transform time: 109.386 ms.
I0418 08:41:51.672164  7952 caffe.cpp:314] Batch 1833, accuracy1+2 = 0
I0418 08:41:51.672164  7952 caffe.cpp:314] Batch 1833, accuracy1+2+3 = 0
I0418 08:41:51.797163  6080 data_layer.cpp:128] Prefetch batch: 124 ms.
I0418 08:41:51.797163  6080 data_layer.cpp:129]      Read time: 93.753 ms.
I0418 08:41:51.797163  6080 data_layer.cpp:130] Transform time: 31.245 ms.
I0418 08:41:52.656572  7952 caffe.cpp:314] Batch 1834, accuracy1+2 = 1
I0418 08:41:52.656572  7952 caffe.cpp:314] Batch 1834, accuracy1+2+3 = 1
I0418 08:41:52.781575  6080 data_layer.cpp:128] Prefetch batch: 125 ms.
I0418 08:41:52.781575  6080 data_layer.cpp:129]      Read time: 78.132 ms.
I0418 08:41:52.781575  6080 data_layer.cpp:130] Transform time: 46.871 ms.
I0418 08:41:53.625358  7952 caffe.cpp:314] Batch 1835, accuracy1+2 = 1
I0418 08:41:53.625358  7952 caffe.cpp:314] Batch 1835, accuracy1+2+3 = 1
I0418 08:41:53.750370  6080 data_layer.cpp:128] Prefetch batch: 125 ms.
I0418 08:41:53.750370  6080 data_layer.cpp:129]      Read time: 93.761 ms.
I0418 08:41:53.750370  6080 data_layer.cpp:130] Transform time: 31.251 ms.
I0418 08:41:54.594149  7952 caffe.cpp:314] Batch 1836, accuracy1+2 = 1
I0418 08:41:54.594149  7952 caffe.cpp:314] Batch 1836, accuracy1+2+3 = 1
I0418 08:41:54.719161  6080 data_layer.cpp:128] Prefetch batch: 125 ms.
I0418 08:41:54.719161  6080 data_layer.cpp:129]      Read time: 93.758 ms.
I0418 08:41:54.719161  6080 data_layer.cpp:130] Transform time: 31.254 ms.
I0418 08:41:55.578562  7952 caffe.cpp:314] Batch 1837, accuracy1+2 = 1
I0418 08:41:55.578562  7952 caffe.cpp:314] Batch 1837, accuracy1+2+3 = 1
I0418 08:41:55.703572  6080 data_layer.cpp:128] Prefetch batch: 125 ms.
I0418 08:41:55.703572  6080 data_layer.cpp:129]      Read time: 93.756 ms.
I0418 08:41:55.703572  6080 data_layer.cpp:130] Transform time: 31.254 ms.
I0418 08:41:56.547351  7952 caffe.cpp:314] Batch 1838, accuracy1+2 = 1
I0418 08:41:56.547351  7952 caffe.cpp:314] Batch 1838, accuracy1+2+3 = 1
I0418 08:41:56.656728  6080 data_layer.cpp:128] Prefetch batch: 109 ms.
I0418 08:41:56.656728  6080 data_layer.cpp:129]      Read time: 0 ms.
I0418 08:41:56.656728  6080 data_layer.cpp:130] Transform time: 109.377 ms.
I0418 08:41:57.516136  7952 caffe.cpp:314] Batch 1839, accuracy1+2 = 1
I0418 08:41:57.516136  7952 caffe.cpp:314] Batch 1839, accuracy1+2+3 = 1
I0418 08:41:57.641147  6080 data_layer.cpp:128] Prefetch batch: 125 ms.
I0418 08:41:57.641147  6080 data_layer.cpp:129]      Read time: 93.754 ms.
I0418 08:41:57.656767  6080 data_layer.cpp:130] Transform time: 31.257 ms.
I0418 08:41:58.500557  7952 caffe.cpp:314] Batch 1840, accuracy1+2 = 1
I0418 08:41:58.500557  7952 caffe.cpp:314] Batch 1840, accuracy1+2+3 = 1
I0418 08:41:58.625555  6080 data_layer.cpp:128] Prefetch batch: 124 ms.
I0418 08:41:58.625555  6080 data_layer.cpp:129]      Read time: 78.126 ms.
I0418 08:41:58.625555  6080 data_layer.cpp:130] Transform time: 46.872 ms.
I0418 08:41:59.469344  7952 caffe.cpp:314] Batch 1841, accuracy1+2 = 0
I0418 08:41:59.469344  7952 caffe.cpp:314] Batch 1841, accuracy1+2+3 = 0
I0418 08:41:59.594349  6080 data_layer.cpp:128] Prefetch batch: 125 ms.
I0418 08:41:59.594349  6080 data_layer.cpp:129]      Read time: 93.752 ms.
I0418 08:41:59.594349  6080 data_layer.cpp:130] Transform time: 31.253 ms.
I0418 08:42:00.453745  7952 caffe.cpp:314] Batch 1842, accuracy1+2 = 1
I0418 08:42:00.453745  7952 caffe.cpp:314] Batch 1842, accuracy1+2+3 = 1
I0418 08:42:00.578748  6080 data_layer.cpp:128] Prefetch batch: 125 ms.
I0418 08:42:00.578748  6080 data_layer.cpp:129]      Read time: 93.751 ms.
I0418 08:42:00.578748  6080 data_layer.cpp:130] Transform time: 31.252 ms.
I0418 08:42:01.453784  7952 caffe.cpp:314] Batch 1843, accuracy1+2 = 1
I0418 08:42:01.453784  7952 caffe.cpp:314] Batch 1843, accuracy1+2+3 = 1
I0418 08:42:01.563163  6080 data_layer.cpp:128] Prefetch batch: 109 ms.
I0418 08:42:01.563163  6080 data_layer.cpp:129]      Read time: 15.625 ms.
I0418 08:42:01.563163  6080 data_layer.cpp:130] Transform time: 93.754 ms.
I0418 08:42:02.469460  7952 caffe.cpp:314] Batch 1844, accuracy1+2 = 1
I0418 08:42:02.469460  7952 caffe.cpp:314] Batch 1844, accuracy1+2+3 = 1
I0418 08:42:02.594461  6080 data_layer.cpp:128] Prefetch batch: 125 ms.
I0418 08:42:02.594461  6080 data_layer.cpp:129]      Read time: 93.75 ms.
I0418 08:42:02.594461  6080 data_layer.cpp:130] Transform time: 31.252 ms.
I0418 08:42:03.438247  7952 caffe.cpp:314] Batch 1845, accuracy1+2 = 1
I0418 08:42:03.438247  7952 caffe.cpp:314] Batch 1845, accuracy1+2+3 = 1
I0418 08:42:03.563252  6080 data_layer.cpp:128] Prefetch batch: 125 ms.
I0418 08:42:03.563252  6080 data_layer.cpp:129]      Read time: 93.752 ms.
I0418 08:42:03.563252  6080 data_layer.cpp:130] Transform time: 31.253 ms.
I0418 08:42:04.422662  7952 caffe.cpp:314] Batch 1846, accuracy1+2 = 1
I0418 08:42:04.422662  7952 caffe.cpp:314] Batch 1846, accuracy1+2+3 = 1
I0418 08:42:04.547667  6080 data_layer.cpp:128] Prefetch batch: 125 ms.
I0418 08:42:04.547667  6080 data_layer.cpp:129]      Read time: 93.755 ms.
I0418 08:42:04.547667  6080 data_layer.cpp:130] Transform time: 31.25 ms.
I0418 08:42:05.391448  7952 caffe.cpp:314] Batch 1847, accuracy1+2 = 1
I0418 08:42:05.391448  7952 caffe.cpp:314] Batch 1847, accuracy1+2+3 = 1
I0418 08:42:05.532084  6080 data_layer.cpp:128] Prefetch batch: 140 ms.
I0418 08:42:05.532084  6080 data_layer.cpp:129]      Read time: 93.752 ms.
I0418 08:42:05.532084  6080 data_layer.cpp:130] Transform time: 46.884 ms.
I0418 08:42:06.375859  7952 caffe.cpp:314] Batch 1848, accuracy1+2 = 1
I0418 08:42:06.375859  7952 caffe.cpp:314] Batch 1848, accuracy1+2+3 = 1
I0418 08:42:06.485241  6080 data_layer.cpp:128] Prefetch batch: 109 ms.
I0418 08:42:06.485241  6080 data_layer.cpp:129]      Read time: 0 ms.
I0418 08:42:06.485241  6080 data_layer.cpp:130] Transform time: 109.383 ms.
I0418 08:42:07.344652  7952 caffe.cpp:314] Batch 1849, accuracy1+2 = 1
I0418 08:42:07.344652  7952 caffe.cpp:314] Batch 1849, accuracy1+2+3 = 1
I0418 08:42:07.469658  6080 data_layer.cpp:128] Prefetch batch: 125 ms.
I0418 08:42:07.469658  6080 data_layer.cpp:129]      Read time: 93.748 ms.
I0418 08:42:07.469658  6080 data_layer.cpp:130] Transform time: 31.258 ms.
I0418 08:42:08.329058  7952 caffe.cpp:314] Batch 1850, accuracy1+2 = 0
I0418 08:42:08.329058  7952 caffe.cpp:314] Batch 1850, accuracy1+2+3 = 0
I0418 08:42:08.454069  6080 data_layer.cpp:128] Prefetch batch: 125 ms.
I0418 08:42:08.454069  6080 data_layer.cpp:129]      Read time: 78.13 ms.
I0418 08:42:08.454069  6080 data_layer.cpp:130] Transform time: 46.881 ms.
I0418 08:42:09.297853  7952 caffe.cpp:314] Batch 1851, accuracy1+2 = 0
I0418 08:42:09.297853  7952 caffe.cpp:314] Batch 1851, accuracy1+2+3 = 0
I0418 08:42:09.422857  6080 data_layer.cpp:128] Prefetch batch: 125 ms.
I0418 08:42:09.422857  6080 data_layer.cpp:129]      Read time: 93.749 ms.
I0418 08:42:09.422857  6080 data_layer.cpp:130] Transform time: 31.255 ms.
I0418 08:42:10.282269  7952 caffe.cpp:314] Batch 1852, accuracy1+2 = 1
I0418 08:42:10.282269  7952 caffe.cpp:314] Batch 1852, accuracy1+2+3 = 1
I0418 08:42:10.376019  6080 data_layer.cpp:128] Prefetch batch: 93 ms.
I0418 08:42:10.376019  6080 data_layer.cpp:129]      Read time: 0 ms.
I0418 08:42:10.376019  6080 data_layer.cpp:130] Transform time: 93.751 ms.
I0418 08:42:11.251051  7952 caffe.cpp:314] Batch 1853, accuracy1+2 = 1
I0418 08:42:11.251051  7952 caffe.cpp:314] Batch 1853, accuracy1+2+3 = 1
I0418 08:42:11.376057  6080 data_layer.cpp:128] Prefetch batch: 125 ms.
I0418 08:42:11.376057  6080 data_layer.cpp:129]      Read time: 93.755 ms.
I0418 08:42:11.376057  6080 data_layer.cpp:130] Transform time: 31.251 ms.
I0418 08:42:12.219844  7952 caffe.cpp:314] Batch 1854, accuracy1+2 = 0
I0418 08:42:12.219844  7952 caffe.cpp:314] Batch 1854, accuracy1+2+3 = 0
I0418 08:42:12.344851  6080 data_layer.cpp:128] Prefetch batch: 125 ms.
I0418 08:42:12.344851  6080 data_layer.cpp:129]      Read time: 93.751 ms.
I0418 08:42:12.344851  6080 data_layer.cpp:130] Transform time: 31.255 ms.
I0418 08:42:13.204253  7952 caffe.cpp:314] Batch 1855, accuracy1+2 = 1
I0418 08:42:13.204253  7952 caffe.cpp:314] Batch 1855, accuracy1+2+3 = 1
I0418 08:42:13.329259  6080 data_layer.cpp:128] Prefetch batch: 125 ms.
I0418 08:42:13.329259  6080 data_layer.cpp:129]      Read time: 93.755 ms.
I0418 08:42:13.329259  6080 data_layer.cpp:130] Transform time: 31.251 ms.
I0418 08:42:14.173048  7952 caffe.cpp:314] Batch 1856, accuracy1+2 = 0
I0418 08:42:14.173048  7952 caffe.cpp:314] Batch 1856, accuracy1+2+3 = 0
I0418 08:42:14.298048  6080 data_layer.cpp:128] Prefetch batch: 125 ms.
I0418 08:42:14.298048  6080 data_layer.cpp:129]      Read time: 93.749 ms.
I0418 08:42:14.298048  6080 data_layer.cpp:130] Transform time: 31.252 ms.
I0418 08:42:15.157459  7952 caffe.cpp:314] Batch 1857, accuracy1+2 = 1
I0418 08:42:15.157459  7952 caffe.cpp:314] Batch 1857, accuracy1+2+3 = 1
I0418 08:42:15.251209  6080 data_layer.cpp:128] Prefetch batch: 93 ms.
I0418 08:42:15.251209  6080 data_layer.cpp:129]      Read time: 0 ms.
I0418 08:42:15.251209  6080 data_layer.cpp:130] Transform time: 93.75 ms.
I0418 08:42:16.141870  7952 caffe.cpp:314] Batch 1858, accuracy1+2 = 0
I0418 08:42:16.141870  7952 caffe.cpp:314] Batch 1858, accuracy1+2+3 = 0
I0418 08:42:16.266871  6080 data_layer.cpp:128] Prefetch batch: 125 ms.
I0418 08:42:16.266871  6080 data_layer.cpp:129]      Read time: 78.131 ms.
I0418 08:42:16.266871  6080 data_layer.cpp:130] Transform time: 46.871 ms.
I0418 08:42:17.110662  7952 caffe.cpp:314] Batch 1859, accuracy1+2 = 0
I0418 08:42:17.110662  7952 caffe.cpp:314] Batch 1859, accuracy1+2+3 = 0
I0418 08:42:17.235666  6080 data_layer.cpp:128] Prefetch batch: 125 ms.
I0418 08:42:17.235666  6080 data_layer.cpp:129]      Read time: 93.748 ms.
I0418 08:42:17.235666  6080 data_layer.cpp:130] Transform time: 31.256 ms.
I0418 08:42:18.079444  7952 caffe.cpp:314] Batch 1860, accuracy1+2 = 0
I0418 08:42:18.079444  7952 caffe.cpp:314] Batch 1860, accuracy1+2+3 = 0
I0418 08:42:18.204449  6080 data_layer.cpp:128] Prefetch batch: 125 ms.
I0418 08:42:18.204449  6080 data_layer.cpp:129]      Read time: 93.754 ms.
I0418 08:42:18.204449  6080 data_layer.cpp:130] Transform time: 31.251 ms.
I0418 08:42:19.063856  7952 caffe.cpp:314] Batch 1861, accuracy1+2 = 1
I0418 08:42:19.063856  7952 caffe.cpp:314] Batch 1861, accuracy1+2+3 = 1
I0418 08:42:19.157613  6080 data_layer.cpp:128] Prefetch batch: 93 ms.
I0418 08:42:19.157613  6080 data_layer.cpp:129]      Read time: 0 ms.
I0418 08:42:19.157613  6080 data_layer.cpp:130] Transform time: 93.756 ms.
I0418 08:42:20.032649  7952 caffe.cpp:314] Batch 1862, accuracy1+2 = 0
I0418 08:42:20.032649  7952 caffe.cpp:314] Batch 1862, accuracy1+2+3 = 1
I0418 08:42:20.157654  6080 data_layer.cpp:128] Prefetch batch: 125 ms.
I0418 08:42:20.157654  6080 data_layer.cpp:129]      Read time: 93.751 ms.
I0418 08:42:20.157654  6080 data_layer.cpp:130] Transform time: 31.253 ms.
I0418 08:42:21.017065  7952 caffe.cpp:314] Batch 1863, accuracy1+2 = 1
I0418 08:42:21.017065  7952 caffe.cpp:314] Batch 1863, accuracy1+2+3 = 1
I0418 08:42:21.142063  6080 data_layer.cpp:128] Prefetch batch: 124 ms.
I0418 08:42:21.142063  6080 data_layer.cpp:129]      Read time: 78.121 ms.
I0418 08:42:21.142063  6080 data_layer.cpp:130] Transform time: 46.878 ms.
I0418 08:42:21.985848  7952 caffe.cpp:314] Batch 1864, accuracy1+2 = 1
I0418 08:42:21.985848  7952 caffe.cpp:314] Batch 1864, accuracy1+2+3 = 1
I0418 08:42:22.110857  6080 data_layer.cpp:128] Prefetch batch: 125 ms.
I0418 08:42:22.110857  6080 data_layer.cpp:129]      Read time: 93.757 ms.
I0418 08:42:22.110857  6080 data_layer.cpp:130] Transform time: 31.252 ms.
I0418 08:42:22.954641  7952 caffe.cpp:314] Batch 1865, accuracy1+2 = 1
I0418 08:42:22.954641  7952 caffe.cpp:314] Batch 1865, accuracy1+2+3 = 1
I0418 08:42:23.064023  6080 data_layer.cpp:128] Prefetch batch: 109 ms.
I0418 08:42:23.064023  6080 data_layer.cpp:129]      Read time: 0 ms.
I0418 08:42:23.064023  6080 data_layer.cpp:130] Transform time: 109.382 ms.
I0418 08:42:23.939054  7952 caffe.cpp:314] Batch 1866, accuracy1+2 = 0
I0418 08:42:23.939054  7952 caffe.cpp:314] Batch 1866, accuracy1+2+3 = 0
I0418 08:42:24.064059  6080 data_layer.cpp:128] Prefetch batch: 125 ms.
I0418 08:42:24.064059  6080 data_layer.cpp:129]      Read time: 78.123 ms.
I0418 08:42:24.064059  6080 data_layer.cpp:130] Transform time: 46.882 ms.
I0418 08:42:24.907845  7952 caffe.cpp:314] Batch 1867, accuracy1+2 = 1
I0418 08:42:24.907845  7952 caffe.cpp:314] Batch 1867, accuracy1+2+3 = 1
I0418 08:42:25.032841  6080 data_layer.cpp:128] Prefetch batch: 124 ms.
I0418 08:42:25.032841  6080 data_layer.cpp:129]      Read time: 93.746 ms.
I0418 08:42:25.032841  6080 data_layer.cpp:130] Transform time: 31.25 ms.
I0418 08:42:25.876627  7952 caffe.cpp:314] Batch 1868, accuracy1+2 = 1
I0418 08:42:25.876627  7952 caffe.cpp:314] Batch 1868, accuracy1+2+3 = 1
I0418 08:42:26.001631  6080 data_layer.cpp:128] Prefetch batch: 125 ms.
I0418 08:42:26.001631  6080 data_layer.cpp:129]      Read time: 93.758 ms.
I0418 08:42:26.001631  6080 data_layer.cpp:130] Transform time: 31.246 ms.
I0418 08:42:26.861044  7952 caffe.cpp:314] Batch 1869, accuracy1+2 = 1
I0418 08:42:26.861044  7952 caffe.cpp:314] Batch 1869, accuracy1+2+3 = 1
I0418 08:42:26.986045  6080 data_layer.cpp:128] Prefetch batch: 125 ms.
I0418 08:42:26.986045  6080 data_layer.cpp:129]      Read time: 78.121 ms.
I0418 08:42:26.986045  6080 data_layer.cpp:130] Transform time: 46.88 ms.
I0418 08:42:27.829829  7952 caffe.cpp:314] Batch 1870, accuracy1+2 = 1
I0418 08:42:27.829829  7952 caffe.cpp:314] Batch 1870, accuracy1+2+3 = 1
I0418 08:42:27.923576  6080 data_layer.cpp:128] Prefetch batch: 93 ms.
I0418 08:42:27.923576  6080 data_layer.cpp:129]      Read time: 0 ms.
I0418 08:42:27.939211  6080 data_layer.cpp:130] Transform time: 93.747 ms.
I0418 08:42:28.798616  7952 caffe.cpp:314] Batch 1871, accuracy1+2 = 1
I0418 08:42:28.798616  7952 caffe.cpp:314] Batch 1871, accuracy1+2+3 = 1
I0418 08:42:28.923624  6080 data_layer.cpp:128] Prefetch batch: 125 ms.
I0418 08:42:28.923624  6080 data_layer.cpp:129]      Read time: 93.756 ms.
I0418 08:42:28.923624  6080 data_layer.cpp:130] Transform time: 31.251 ms.
I0418 08:42:29.767405  7952 caffe.cpp:314] Batch 1872, accuracy1+2 = 1
I0418 08:42:29.767405  7952 caffe.cpp:314] Batch 1872, accuracy1+2+3 = 1
I0418 08:42:29.892406  6080 data_layer.cpp:128] Prefetch batch: 125 ms.
I0418 08:42:29.892406  6080 data_layer.cpp:129]      Read time: 93.749 ms.
I0418 08:42:29.892406  6080 data_layer.cpp:130] Transform time: 31.252 ms.
I0418 08:42:30.751816  7952 caffe.cpp:314] Batch 1873, accuracy1+2 = 1
I0418 08:42:30.751816  7952 caffe.cpp:314] Batch 1873, accuracy1+2+3 = 1
I0418 08:42:30.876824  6080 data_layer.cpp:128] Prefetch batch: 125 ms.
I0418 08:42:30.876824  6080 data_layer.cpp:129]      Read time: 78.127 ms.
I0418 08:42:30.876824  6080 data_layer.cpp:130] Transform time: 46.881 ms.
I0418 08:42:31.720607  7952 caffe.cpp:314] Batch 1874, accuracy1+2 = 1
I0418 08:42:31.720607  7952 caffe.cpp:314] Batch 1874, accuracy1+2+3 = 1
I0418 08:42:31.814364  6080 data_layer.cpp:128] Prefetch batch: 93 ms.
I0418 08:42:31.814364  6080 data_layer.cpp:129]      Read time: 0 ms.
I0418 08:42:31.814364  6080 data_layer.cpp:130] Transform time: 93.758 ms.
I0418 08:42:32.689391  7952 caffe.cpp:314] Batch 1875, accuracy1+2 = 0
I0418 08:42:32.689391  7952 caffe.cpp:314] Batch 1875, accuracy1+2+3 = 0
I0418 08:42:32.814402  6080 data_layer.cpp:128] Prefetch batch: 125 ms.
I0418 08:42:32.814402  6080 data_layer.cpp:129]      Read time: 93.755 ms.
I0418 08:42:32.814402  6080 data_layer.cpp:130] Transform time: 31.256 ms.
I0418 08:42:33.658179  7952 caffe.cpp:314] Batch 1876, accuracy1+2 = 0
I0418 08:42:33.658179  7952 caffe.cpp:314] Batch 1876, accuracy1+2+3 = 0
I0418 08:42:33.798813  6080 data_layer.cpp:128] Prefetch batch: 140 ms.
I0418 08:42:33.798813  6080 data_layer.cpp:129]      Read time: 93.759 ms.
I0418 08:42:33.798813  6080 data_layer.cpp:130] Transform time: 46.876 ms.
I0418 08:42:34.642597  7952 caffe.cpp:314] Batch 1877, accuracy1+2 = 1
I0418 08:42:34.642597  7952 caffe.cpp:314] Batch 1877, accuracy1+2+3 = 1
I0418 08:42:34.767602  6080 data_layer.cpp:128] Prefetch batch: 125 ms.
I0418 08:42:34.767602  6080 data_layer.cpp:129]      Read time: 78.128 ms.
I0418 08:42:34.767602  6080 data_layer.cpp:130] Transform time: 46.877 ms.
I0418 08:42:35.611385  7952 caffe.cpp:314] Batch 1878, accuracy1+2 = 1
I0418 08:42:35.611385  7952 caffe.cpp:314] Batch 1878, accuracy1+2+3 = 1
I0418 08:42:35.736390  6080 data_layer.cpp:128] Prefetch batch: 125 ms.
I0418 08:42:35.736390  6080 data_layer.cpp:129]      Read time: 93.755 ms.
I0418 08:42:35.736390  6080 data_layer.cpp:130] Transform time: 31.25 ms.
I0418 08:42:36.580169  7952 caffe.cpp:314] Batch 1879, accuracy1+2 = 1
I0418 08:42:36.580169  7952 caffe.cpp:314] Batch 1879, accuracy1+2+3 = 1
I0418 08:42:36.689548  6080 data_layer.cpp:128] Prefetch batch: 109 ms.
I0418 08:42:36.689548  6080 data_layer.cpp:129]      Read time: 15.633 ms.
I0418 08:42:36.689548  6080 data_layer.cpp:130] Transform time: 93.745 ms.
I0418 08:42:37.580214  7952 caffe.cpp:314] Batch 1880, accuracy1+2 = 0
I0418 08:42:37.580214  7952 caffe.cpp:314] Batch 1880, accuracy1+2+3 = 0
I0418 08:42:37.705214  6080 data_layer.cpp:128] Prefetch batch: 125 ms.
I0418 08:42:37.705214  6080 data_layer.cpp:129]      Read time: 93.754 ms.
I0418 08:42:37.705214  6080 data_layer.cpp:130] Transform time: 31.247 ms.
I0418 08:42:38.580250  7952 caffe.cpp:314] Batch 1881, accuracy1+2 = 0
I0418 08:42:38.580250  7952 caffe.cpp:314] Batch 1881, accuracy1+2+3 = 0
I0418 08:42:38.720880  6080 data_layer.cpp:128] Prefetch batch: 140 ms.
I0418 08:42:38.720880  6080 data_layer.cpp:129]      Read time: 93.755 ms.
I0418 08:42:38.720880  6080 data_layer.cpp:130] Transform time: 46.875 ms.
I0418 08:42:39.580286  7952 caffe.cpp:314] Batch 1882, accuracy1+2 = 1
I0418 08:42:39.580286  7952 caffe.cpp:314] Batch 1882, accuracy1+2+3 = 1
I0418 08:42:39.705296  6080 data_layer.cpp:128] Prefetch batch: 125 ms.
I0418 08:42:39.705296  6080 data_layer.cpp:129]      Read time: 93.755 ms.
I0418 08:42:39.705296  6080 data_layer.cpp:130] Transform time: 31.255 ms.
I0418 08:42:40.564702  7952 caffe.cpp:314] Batch 1883, accuracy1+2 = 1
I0418 08:42:40.564702  7952 caffe.cpp:314] Batch 1883, accuracy1+2+3 = 1
I0418 08:42:40.658460  6080 data_layer.cpp:128] Prefetch batch: 93 ms.
I0418 08:42:40.658460  6080 data_layer.cpp:129]      Read time: 0 ms.
I0418 08:42:40.658460  6080 data_layer.cpp:130] Transform time: 93.759 ms.
I0418 08:42:41.533491  7952 caffe.cpp:314] Batch 1884, accuracy1+2 = 0
I0418 08:42:41.533491  7952 caffe.cpp:314] Batch 1884, accuracy1+2+3 = 0
I0418 08:42:41.658494  6080 data_layer.cpp:128] Prefetch batch: 125 ms.
I0418 08:42:41.658494  6080 data_layer.cpp:129]      Read time: 93.752 ms.
I0418 08:42:41.658494  6080 data_layer.cpp:130] Transform time: 31.251 ms.
I0418 08:42:42.502279  7952 caffe.cpp:314] Batch 1885, accuracy1+2 = 0
I0418 08:42:42.502279  7952 caffe.cpp:314] Batch 1885, accuracy1+2+3 = 0
I0418 08:42:42.627285  6080 data_layer.cpp:128] Prefetch batch: 125 ms.
I0418 08:42:42.627285  6080 data_layer.cpp:129]      Read time: 93.756 ms.
I0418 08:42:42.627285  6080 data_layer.cpp:130] Transform time: 31.25 ms.
I0418 08:42:43.486693  7952 caffe.cpp:314] Batch 1886, accuracy1+2 = 1
I0418 08:42:43.486693  7952 caffe.cpp:314] Batch 1886, accuracy1+2+3 = 1
I0418 08:42:43.611698  6080 data_layer.cpp:128] Prefetch batch: 125 ms.
I0418 08:42:43.611698  6080 data_layer.cpp:129]      Read time: 78.126 ms.
I0418 08:42:43.611698  6080 data_layer.cpp:130] Transform time: 46.879 ms.
I0418 08:42:44.455482  7952 caffe.cpp:314] Batch 1887, accuracy1+2 = 0
I0418 08:42:44.455482  7952 caffe.cpp:314] Batch 1887, accuracy1+2+3 = 0
I0418 08:42:44.564864  6080 data_layer.cpp:128] Prefetch batch: 109 ms.
I0418 08:42:44.564864  6080 data_layer.cpp:129]      Read time: 0 ms.
I0418 08:42:44.564864  6080 data_layer.cpp:130] Transform time: 109.382 ms.
I0418 08:42:45.424271  7952 caffe.cpp:314] Batch 1888, accuracy1+2 = 1
I0418 08:42:45.424271  7952 caffe.cpp:314] Batch 1888, accuracy1+2+3 = 1
I0418 08:42:45.564903  6080 data_layer.cpp:128] Prefetch batch: 140 ms.
I0418 08:42:45.564903  6080 data_layer.cpp:129]      Read time: 93.752 ms.
I0418 08:42:45.564903  6080 data_layer.cpp:130] Transform time: 46.879 ms.
I0418 08:42:46.408682  7952 caffe.cpp:314] Batch 1889, accuracy1+2 = 0
I0418 08:42:46.408682  7952 caffe.cpp:314] Batch 1889, accuracy1+2+3 = 0
I0418 08:42:46.533685  6080 data_layer.cpp:128] Prefetch batch: 125 ms.
I0418 08:42:46.533685  6080 data_layer.cpp:129]      Read time: 93.757 ms.
I0418 08:42:46.533685  6080 data_layer.cpp:130] Transform time: 31.246 ms.
I0418 08:42:47.377470  7952 caffe.cpp:314] Batch 1890, accuracy1+2 = 1
I0418 08:42:47.377470  7952 caffe.cpp:314] Batch 1890, accuracy1+2+3 = 1
I0418 08:42:47.486847  6080 data_layer.cpp:128] Prefetch batch: 109 ms.
I0418 08:42:47.486847  6080 data_layer.cpp:129]      Read time: 0 ms.
I0418 08:42:47.486847  6080 data_layer.cpp:130] Transform time: 109.377 ms.
I0418 08:42:48.346261  7952 caffe.cpp:314] Batch 1891, accuracy1+2 = 1
I0418 08:42:48.346261  7952 caffe.cpp:314] Batch 1891, accuracy1+2+3 = 1
I0418 08:42:48.471262  6080 data_layer.cpp:128] Prefetch batch: 125 ms.
I0418 08:42:48.471262  6080 data_layer.cpp:129]      Read time: 93.754 ms.
I0418 08:42:48.471262  6080 data_layer.cpp:130] Transform time: 31.248 ms.
I0418 08:42:49.330677  7952 caffe.cpp:314] Batch 1892, accuracy1+2 = 0
I0418 08:42:49.330677  7952 caffe.cpp:314] Batch 1892, accuracy1+2+3 = 0
I0418 08:42:49.455678  6080 data_layer.cpp:128] Prefetch batch: 125 ms.
I0418 08:42:49.455678  6080 data_layer.cpp:129]      Read time: 78.12 ms.
I0418 08:42:49.455678  6080 data_layer.cpp:130] Transform time: 46.882 ms.
I0418 08:42:50.299461  7952 caffe.cpp:314] Batch 1893, accuracy1+2 = 1
I0418 08:42:50.299461  7952 caffe.cpp:314] Batch 1893, accuracy1+2+3 = 1
I0418 08:42:50.424468  6080 data_layer.cpp:128] Prefetch batch: 125 ms.
I0418 08:42:50.424468  6080 data_layer.cpp:129]      Read time: 93.756 ms.
I0418 08:42:50.424468  6080 data_layer.cpp:130] Transform time: 31.251 ms.
I0418 08:42:51.268244  7952 caffe.cpp:314] Batch 1894, accuracy1+2 = 1
I0418 08:42:51.268244  7952 caffe.cpp:314] Batch 1894, accuracy1+2+3 = 1
I0418 08:42:51.377627  6080 data_layer.cpp:128] Prefetch batch: 109 ms.
I0418 08:42:51.377627  6080 data_layer.cpp:129]      Read time: 0 ms.
I0418 08:42:51.377627  6080 data_layer.cpp:130] Transform time: 109.383 ms.
I0418 08:42:52.252658  7952 caffe.cpp:314] Batch 1895, accuracy1+2 = 1
I0418 08:42:52.252658  7952 caffe.cpp:314] Batch 1895, accuracy1+2+3 = 1
I0418 08:42:52.377671  6080 data_layer.cpp:128] Prefetch batch: 125 ms.
I0418 08:42:52.377671  6080 data_layer.cpp:129]      Read time: 78.135 ms.
I0418 08:42:52.377671  6080 data_layer.cpp:130] Transform time: 46.877 ms.
I0418 08:42:53.221451  7952 caffe.cpp:314] Batch 1896, accuracy1+2 = 1
I0418 08:42:53.221451  7952 caffe.cpp:314] Batch 1896, accuracy1+2+3 = 1
I0418 08:42:53.346457  6080 data_layer.cpp:128] Prefetch batch: 125 ms.
I0418 08:42:53.346457  6080 data_layer.cpp:129]      Read time: 93.752 ms.
I0418 08:42:53.346457  6080 data_layer.cpp:130] Transform time: 31.253 ms.
I0418 08:42:54.190241  7952 caffe.cpp:314] Batch 1897, accuracy1+2 = 1
I0418 08:42:54.190241  7952 caffe.cpp:314] Batch 1897, accuracy1+2+3 = 1
I0418 08:42:54.315244  6080 data_layer.cpp:128] Prefetch batch: 125 ms.
I0418 08:42:54.315244  6080 data_layer.cpp:129]      Read time: 93.752 ms.
I0418 08:42:54.315244  6080 data_layer.cpp:130] Transform time: 31.251 ms.
I0418 08:42:55.159024  7952 caffe.cpp:314] Batch 1898, accuracy1+2 = 1
I0418 08:42:55.159024  7952 caffe.cpp:314] Batch 1898, accuracy1+2+3 = 1
I0418 08:42:55.284034  6080 data_layer.cpp:128] Prefetch batch: 125 ms.
I0418 08:42:55.284034  6080 data_layer.cpp:129]      Read time: 93.753 ms.
I0418 08:42:55.284034  6080 data_layer.cpp:130] Transform time: 31.256 ms.
I0418 08:42:56.143447  7952 caffe.cpp:314] Batch 1899, accuracy1+2 = 1
I0418 08:42:56.143447  7952 caffe.cpp:314] Batch 1899, accuracy1+2+3 = 1
I0418 08:42:56.237195  6080 data_layer.cpp:128] Prefetch batch: 93 ms.
I0418 08:42:56.237195  6080 data_layer.cpp:129]      Read time: 0 ms.
I0418 08:42:56.237195  6080 data_layer.cpp:130] Transform time: 93.747 ms.
I0418 08:42:57.112231  7952 caffe.cpp:314] Batch 1900, accuracy1+2 = 1
I0418 08:42:57.112231  7952 caffe.cpp:314] Batch 1900, accuracy1+2+3 = 1
I0418 08:42:57.237234  6080 data_layer.cpp:128] Prefetch batch: 125 ms.
I0418 08:42:57.237234  6080 data_layer.cpp:129]      Read time: 93.75 ms.
I0418 08:42:57.237234  6080 data_layer.cpp:130] Transform time: 31.254 ms.
I0418 08:42:58.081012  7952 caffe.cpp:314] Batch 1901, accuracy1+2 = 1
I0418 08:42:58.081012  7952 caffe.cpp:314] Batch 1901, accuracy1+2+3 = 1
I0418 08:42:58.206022  6080 data_layer.cpp:128] Prefetch batch: 125 ms.
I0418 08:42:58.206022  6080 data_layer.cpp:129]      Read time: 93.759 ms.
I0418 08:42:58.206022  6080 data_layer.cpp:130] Transform time: 31.251 ms.
I0418 08:42:59.065430  7952 caffe.cpp:314] Batch 1902, accuracy1+2 = 1
I0418 08:42:59.065430  7952 caffe.cpp:314] Batch 1902, accuracy1+2+3 = 1
I0418 08:42:59.190435  6080 data_layer.cpp:128] Prefetch batch: 125 ms.
I0418 08:42:59.190435  6080 data_layer.cpp:129]      Read time: 78.125 ms.
I0418 08:42:59.190435  6080 data_layer.cpp:130] Transform time: 46.88 ms.
I0418 08:43:00.034214  7952 caffe.cpp:314] Batch 1903, accuracy1+2 = 1
I0418 08:43:00.034214  7952 caffe.cpp:314] Batch 1903, accuracy1+2+3 = 1
I0418 08:43:00.143594  6080 data_layer.cpp:128] Prefetch batch: 109 ms.
I0418 08:43:00.143594  6080 data_layer.cpp:129]      Read time: 0 ms.
I0418 08:43:00.143594  6080 data_layer.cpp:130] Transform time: 109.381 ms.
I0418 08:43:01.003012  7952 caffe.cpp:314] Batch 1904, accuracy1+2 = 1
I0418 08:43:01.003012  7952 caffe.cpp:314] Batch 1904, accuracy1+2+3 = 1
I0418 08:43:01.128006  6080 data_layer.cpp:128] Prefetch batch: 124 ms.
I0418 08:43:01.128006  6080 data_layer.cpp:129]      Read time: 93.748 ms.
I0418 08:43:01.128006  6080 data_layer.cpp:130] Transform time: 31.246 ms.
I0418 08:43:01.971789  7952 caffe.cpp:314] Batch 1905, accuracy1+2 = 1
I0418 08:43:01.971789  7952 caffe.cpp:314] Batch 1905, accuracy1+2+3 = 1
I0418 08:43:02.112427  6080 data_layer.cpp:128] Prefetch batch: 140 ms.
I0418 08:43:02.112427  6080 data_layer.cpp:129]      Read time: 93.747 ms.
I0418 08:43:02.112427  6080 data_layer.cpp:130] Transform time: 46.891 ms.
I0418 08:43:02.956202  7952 caffe.cpp:314] Batch 1906, accuracy1+2 = 1
I0418 08:43:02.956202  7952 caffe.cpp:314] Batch 1906, accuracy1+2+3 = 1
I0418 08:43:03.081210  6080 data_layer.cpp:128] Prefetch batch: 125 ms.
I0418 08:43:03.081210  6080 data_layer.cpp:129]      Read time: 93.755 ms.
I0418 08:43:03.081210  6080 data_layer.cpp:130] Transform time: 31.253 ms.
I0418 08:43:03.924994  7952 caffe.cpp:314] Batch 1907, accuracy1+2 = 1
I0418 08:43:03.924994  7952 caffe.cpp:314] Batch 1907, accuracy1+2+3 = 1
I0418 08:43:04.034373  6080 data_layer.cpp:128] Prefetch batch: 109 ms.
I0418 08:43:04.034373  6080 data_layer.cpp:129]      Read time: 0 ms.
I0418 08:43:04.034373  6080 data_layer.cpp:130] Transform time: 109.379 ms.
I0418 08:43:04.893779  7952 caffe.cpp:314] Batch 1908, accuracy1+2 = 1
I0418 08:43:04.893779  7952 caffe.cpp:314] Batch 1908, accuracy1+2+3 = 1
I0418 08:43:05.034410  6080 data_layer.cpp:128] Prefetch batch: 140 ms.
I0418 08:43:05.034410  6080 data_layer.cpp:129]      Read time: 93.76 ms.
I0418 08:43:05.034410  6080 data_layer.cpp:130] Transform time: 46.871 ms.
I0418 08:43:05.878195  7952 caffe.cpp:314] Batch 1909, accuracy1+2 = 1
I0418 08:43:05.878195  7952 caffe.cpp:314] Batch 1909, accuracy1+2+3 = 1
I0418 08:43:06.003201  6080 data_layer.cpp:128] Prefetch batch: 125 ms.
I0418 08:43:06.003201  6080 data_layer.cpp:129]      Read time: 93.757 ms.
I0418 08:43:06.003201  6080 data_layer.cpp:130] Transform time: 31.25 ms.
I0418 08:43:06.846983  7952 caffe.cpp:314] Batch 1910, accuracy1+2 = 1
I0418 08:43:06.846983  7952 caffe.cpp:314] Batch 1910, accuracy1+2+3 = 1
I0418 08:43:06.971987  6080 data_layer.cpp:128] Prefetch batch: 125 ms.
I0418 08:43:06.971987  6080 data_layer.cpp:129]      Read time: 93.753 ms.
I0418 08:43:06.971987  6080 data_layer.cpp:130] Transform time: 31.251 ms.
I0418 08:43:07.815773  7952 caffe.cpp:314] Batch 1911, accuracy1+2 = 1
I0418 08:43:07.815773  7952 caffe.cpp:314] Batch 1911, accuracy1+2+3 = 1
I0418 08:43:07.925153  6080 data_layer.cpp:128] Prefetch batch: 109 ms.
I0418 08:43:07.925153  6080 data_layer.cpp:129]      Read time: 15.621 ms.
I0418 08:43:07.925153  6080 data_layer.cpp:130] Transform time: 93.759 ms.
I0418 08:43:08.800187  7952 caffe.cpp:314] Batch 1912, accuracy1+2 = 1
I0418 08:43:08.800187  7952 caffe.cpp:314] Batch 1912, accuracy1+2+3 = 1
I0418 08:43:08.925192  6080 data_layer.cpp:128] Prefetch batch: 125 ms.
I0418 08:43:08.925192  6080 data_layer.cpp:129]      Read time: 78.125 ms.
I0418 08:43:08.925192  6080 data_layer.cpp:130] Transform time: 46.88 ms.
I0418 08:43:09.768978  7952 caffe.cpp:314] Batch 1913, accuracy1+2 = 1
I0418 08:43:09.768978  7952 caffe.cpp:314] Batch 1913, accuracy1+2+3 = 1
I0418 08:43:09.893977  6080 data_layer.cpp:128] Prefetch batch: 124 ms.
I0418 08:43:09.893977  6080 data_layer.cpp:129]      Read time: 31.243 ms.
I0418 08:43:09.893977  6080 data_layer.cpp:130] Transform time: 93.756 ms.
I0418 08:43:10.737764  7952 caffe.cpp:314] Batch 1914, accuracy1+2 = 1
I0418 08:43:10.737764  7952 caffe.cpp:314] Batch 1914, accuracy1+2+3 = 1
I0418 08:43:10.862764  6080 data_layer.cpp:128] Prefetch batch: 125 ms.
I0418 08:43:10.862764  6080 data_layer.cpp:129]      Read time: 78.122 ms.
I0418 08:43:10.862764  6080 data_layer.cpp:130] Transform time: 46.878 ms.
I0418 08:43:11.722177  7952 caffe.cpp:314] Batch 1915, accuracy1+2 = 0
I0418 08:43:11.722177  7952 caffe.cpp:314] Batch 1915, accuracy1+2+3 = 0
I0418 08:43:11.847179  6080 data_layer.cpp:128] Prefetch batch: 125 ms.
I0418 08:43:11.847179  6080 data_layer.cpp:129]      Read time: 62.497 ms.
I0418 08:43:11.847179  6080 data_layer.cpp:130] Transform time: 62.505 ms.
I0418 08:43:12.690968  7952 caffe.cpp:314] Batch 1916, accuracy1+2 = 1
I0418 08:43:12.690968  7952 caffe.cpp:314] Batch 1916, accuracy1+2+3 = 1
I0418 08:43:12.815969  6080 data_layer.cpp:128] Prefetch batch: 125 ms.
I0418 08:43:12.815969  6080 data_layer.cpp:129]      Read time: 93.751 ms.
I0418 08:43:12.815969  6080 data_layer.cpp:130] Transform time: 31.251 ms.
I0418 08:43:13.659749  7952 caffe.cpp:314] Batch 1917, accuracy1+2 = 1
I0418 08:43:13.659749  7952 caffe.cpp:314] Batch 1917, accuracy1+2+3 = 1
I0418 08:43:13.784755  6080 data_layer.cpp:128] Prefetch batch: 125 ms.
I0418 08:43:13.784755  6080 data_layer.cpp:129]      Read time: 93.759 ms.
I0418 08:43:13.784755  6080 data_layer.cpp:130] Transform time: 31.247 ms.
I0418 08:43:14.644153  7952 caffe.cpp:314] Batch 1918, accuracy1+2 = 1
I0418 08:43:14.644153  7952 caffe.cpp:314] Batch 1918, accuracy1+2+3 = 1
I0418 08:43:14.784785  6080 data_layer.cpp:128] Prefetch batch: 140 ms.
I0418 08:43:14.784785  6080 data_layer.cpp:129]      Read time: 93.776 ms.
I0418 08:43:14.784785  6080 data_layer.cpp:130] Transform time: 46.856 ms.
I0418 08:43:15.659824  7952 caffe.cpp:314] Batch 1919, accuracy1+2 = 0
I0418 08:43:15.659824  7952 caffe.cpp:314] Batch 1919, accuracy1+2+3 = 0
I0418 08:43:15.769199  6080 data_layer.cpp:128] Prefetch batch: 109 ms.
I0418 08:43:15.769199  6080 data_layer.cpp:129]      Read time: 0 ms.
I0418 08:43:15.769199  6080 data_layer.cpp:130] Transform time: 109.375 ms.
I0418 08:43:16.659873  7952 caffe.cpp:314] Batch 1920, accuracy1+2 = 0
I0418 08:43:16.659873  7952 caffe.cpp:314] Batch 1920, accuracy1+2+3 = 0
I0418 08:43:16.784875  6080 data_layer.cpp:128] Prefetch batch: 125 ms.
I0418 08:43:16.784875  6080 data_layer.cpp:129]      Read time: 93.75 ms.
I0418 08:43:16.784875  6080 data_layer.cpp:130] Transform time: 31.253 ms.
I0418 08:43:17.628659  7952 caffe.cpp:314] Batch 1921, accuracy1+2 = 1
I0418 08:43:17.628659  7952 caffe.cpp:314] Batch 1921, accuracy1+2+3 = 1
I0418 08:43:17.753659  6080 data_layer.cpp:128] Prefetch batch: 125 ms.
I0418 08:43:17.753659  6080 data_layer.cpp:129]      Read time: 93.76 ms.
I0418 08:43:17.753659  6080 data_layer.cpp:130] Transform time: 31.24 ms.
I0418 08:43:18.597440  7952 caffe.cpp:314] Batch 1922, accuracy1+2 = 1
I0418 08:43:18.597440  7952 caffe.cpp:314] Batch 1922, accuracy1+2+3 = 1
I0418 08:43:18.738071  6080 data_layer.cpp:128] Prefetch batch: 140 ms.
I0418 08:43:18.738071  6080 data_layer.cpp:129]      Read time: 93.761 ms.
I0418 08:43:18.738071  6080 data_layer.cpp:130] Transform time: 46.871 ms.
I0418 08:43:19.581862  7952 caffe.cpp:314] Batch 1923, accuracy1+2 = 1
I0418 08:43:19.581862  7952 caffe.cpp:314] Batch 1923, accuracy1+2+3 = 1
I0418 08:43:19.706872  6080 data_layer.cpp:128] Prefetch batch: 125 ms.
I0418 08:43:19.706872  6080 data_layer.cpp:129]      Read time: 93.753 ms.
I0418 08:43:19.706872  6080 data_layer.cpp:130] Transform time: 31.257 ms.
I0418 08:43:20.550643  7952 caffe.cpp:314] Batch 1924, accuracy1+2 = 1
I0418 08:43:20.550643  7952 caffe.cpp:314] Batch 1924, accuracy1+2+3 = 1
I0418 08:43:20.675654  6080 data_layer.cpp:128] Prefetch batch: 125 ms.
I0418 08:43:20.675654  6080 data_layer.cpp:129]      Read time: 93.757 ms.
I0418 08:43:20.675654  6080 data_layer.cpp:130] Transform time: 31.254 ms.
I0418 08:43:21.535056  7952 caffe.cpp:314] Batch 1925, accuracy1+2 = 1
I0418 08:43:21.535056  7952 caffe.cpp:314] Batch 1925, accuracy1+2+3 = 1
I0418 08:43:21.628813  6080 data_layer.cpp:128] Prefetch batch: 93 ms.
I0418 08:43:21.628813  6080 data_layer.cpp:129]      Read time: 0 ms.
I0418 08:43:21.628813  6080 data_layer.cpp:130] Transform time: 93.757 ms.
I0418 08:43:22.503845  7952 caffe.cpp:314] Batch 1926, accuracy1+2 = 1
I0418 08:43:22.503845  7952 caffe.cpp:314] Batch 1926, accuracy1+2+3 = 1
I0418 08:43:22.628849  6080 data_layer.cpp:128] Prefetch batch: 125 ms.
I0418 08:43:22.628849  6080 data_layer.cpp:129]      Read time: 93.76 ms.
I0418 08:43:22.628849  6080 data_layer.cpp:130] Transform time: 31.244 ms.
I0418 08:43:23.472633  7952 caffe.cpp:314] Batch 1927, accuracy1+2 = 1
I0418 08:43:23.472633  7952 caffe.cpp:314] Batch 1927, accuracy1+2+3 = 1
I0418 08:43:23.597645  6080 data_layer.cpp:128] Prefetch batch: 125 ms.
I0418 08:43:23.597645  6080 data_layer.cpp:129]      Read time: 93.759 ms.
I0418 08:43:23.597645  6080 data_layer.cpp:130] Transform time: 31.253 ms.
I0418 08:43:24.457048  7952 caffe.cpp:314] Batch 1928, accuracy1+2 = 1
I0418 08:43:24.457048  7952 caffe.cpp:314] Batch 1928, accuracy1+2+3 = 1
I0418 08:43:24.582056  6080 data_layer.cpp:128] Prefetch batch: 125 ms.
I0418 08:43:24.582056  6080 data_layer.cpp:129]      Read time: 78.128 ms.
I0418 08:43:24.582056  6080 data_layer.cpp:130] Transform time: 46.879 ms.
I0418 08:43:25.425840  7952 caffe.cpp:314] Batch 1929, accuracy1+2 = 1
I0418 08:43:25.425840  7952 caffe.cpp:314] Batch 1929, accuracy1+2+3 = 1
I0418 08:43:25.519590  6080 data_layer.cpp:128] Prefetch batch: 93 ms.
I0418 08:43:25.535221  6080 data_layer.cpp:129]      Read time: 0 ms.
I0418 08:43:25.535221  6080 data_layer.cpp:130] Transform time: 93.75 ms.
I0418 08:43:26.394629  7952 caffe.cpp:314] Batch 1930, accuracy1+2 = 0
I0418 08:43:26.394629  7952 caffe.cpp:314] Batch 1930, accuracy1+2+3 = 0
I0418 08:43:26.519634  6080 data_layer.cpp:128] Prefetch batch: 125 ms.
I0418 08:43:26.519634  6080 data_layer.cpp:129]      Read time: 93.75 ms.
I0418 08:43:26.519634  6080 data_layer.cpp:130] Transform time: 31.255 ms.
I0418 08:43:27.363416  7952 caffe.cpp:314] Batch 1931, accuracy1+2 = 1
I0418 08:43:27.363416  7952 caffe.cpp:314] Batch 1931, accuracy1+2+3 = 1
I0418 08:43:27.504048  6080 data_layer.cpp:128] Prefetch batch: 140 ms.
I0418 08:43:27.504048  6080 data_layer.cpp:129]      Read time: 93.754 ms.
I0418 08:43:27.504048  6080 data_layer.cpp:130] Transform time: 46.878 ms.
I0418 08:43:28.347831  7952 caffe.cpp:314] Batch 1932, accuracy1+2 = 1
I0418 08:43:28.347831  7952 caffe.cpp:314] Batch 1932, accuracy1+2+3 = 1
I0418 08:43:28.472833  6080 data_layer.cpp:128] Prefetch batch: 125 ms.
I0418 08:43:28.472833  6080 data_layer.cpp:129]      Read time: 93.752 ms.
I0418 08:43:28.472833  6080 data_layer.cpp:130] Transform time: 31.251 ms.
I0418 08:43:29.316618  7952 caffe.cpp:314] Batch 1933, accuracy1+2 = 1
I0418 08:43:29.316618  7952 caffe.cpp:314] Batch 1933, accuracy1+2+3 = 1
I0418 08:43:29.441623  6080 data_layer.cpp:128] Prefetch batch: 125 ms.
I0418 08:43:29.441623  6080 data_layer.cpp:129]      Read time: 93.752 ms.
I0418 08:43:29.441623  6080 data_layer.cpp:130] Transform time: 31.253 ms.
I0418 08:43:30.285403  7952 caffe.cpp:314] Batch 1934, accuracy1+2 = 1
I0418 08:43:30.285403  7952 caffe.cpp:314] Batch 1934, accuracy1+2+3 = 1
I0418 08:43:30.394784  6080 data_layer.cpp:128] Prefetch batch: 109 ms.
I0418 08:43:30.394784  6080 data_layer.cpp:129]      Read time: 15.63 ms.
I0418 08:43:30.394784  6080 data_layer.cpp:130] Transform time: 93.752 ms.
I0418 08:43:31.269815  7952 caffe.cpp:314] Batch 1935, accuracy1+2 = 0
I0418 08:43:31.269815  7952 caffe.cpp:314] Batch 1935, accuracy1+2+3 = 0
I0418 08:43:31.394825  6080 data_layer.cpp:128] Prefetch batch: 125 ms.
I0418 08:43:31.394825  6080 data_layer.cpp:129]      Read time: 78.133 ms.
I0418 08:43:31.394825  6080 data_layer.cpp:130] Transform time: 46.877 ms.
I0418 08:43:32.238603  7952 caffe.cpp:314] Batch 1936, accuracy1+2 = 1
I0418 08:43:32.238603  7952 caffe.cpp:314] Batch 1936, accuracy1+2+3 = 1
I0418 08:43:32.363612  6080 data_layer.cpp:128] Prefetch batch: 125 ms.
I0418 08:43:32.363612  6080 data_layer.cpp:129]      Read time: 93.753 ms.
I0418 08:43:32.363612  6080 data_layer.cpp:130] Transform time: 31.256 ms.
I0418 08:43:33.207391  7952 caffe.cpp:314] Batch 1937, accuracy1+2 = 1
I0418 08:43:33.207391  7952 caffe.cpp:314] Batch 1937, accuracy1+2+3 = 1
I0418 08:43:33.332398  6080 data_layer.cpp:128] Prefetch batch: 125 ms.
I0418 08:43:33.332398  6080 data_layer.cpp:129]      Read time: 93.757 ms.
I0418 08:43:33.332398  6080 data_layer.cpp:130] Transform time: 31.251 ms.
I0418 08:43:34.191812  7952 caffe.cpp:314] Batch 1938, accuracy1+2 = 1
I0418 08:43:34.191812  7952 caffe.cpp:314] Batch 1938, accuracy1+2+3 = 1
I0418 08:43:34.316813  6080 data_layer.cpp:128] Prefetch batch: 125 ms.
I0418 08:43:34.316813  6080 data_layer.cpp:129]      Read time: 78.126 ms.
I0418 08:43:34.316813  6080 data_layer.cpp:130] Transform time: 46.876 ms.
I0418 08:43:35.160593  7952 caffe.cpp:314] Batch 1939, accuracy1+2 = 1
I0418 08:43:35.160593  7952 caffe.cpp:314] Batch 1939, accuracy1+2+3 = 1
I0418 08:43:35.254349  6080 data_layer.cpp:128] Prefetch batch: 93 ms.
I0418 08:43:35.254349  6080 data_layer.cpp:129]      Read time: 0 ms.
I0418 08:43:35.254349  6080 data_layer.cpp:130] Transform time: 93.756 ms.
I0418 08:43:36.129382  7952 caffe.cpp:314] Batch 1940, accuracy1+2 = 1
I0418 08:43:36.129382  7952 caffe.cpp:314] Batch 1940, accuracy1+2+3 = 1
I0418 08:43:36.254387  6080 data_layer.cpp:128] Prefetch batch: 125 ms.
I0418 08:43:36.254387  6080 data_layer.cpp:129]      Read time: 93.757 ms.
I0418 08:43:36.254387  6080 data_layer.cpp:130] Transform time: 31.248 ms.
I0418 08:43:37.098170  7952 caffe.cpp:314] Batch 1941, accuracy1+2 = 1
I0418 08:43:37.113785  7952 caffe.cpp:314] Batch 1941, accuracy1+2+3 = 1
I0418 08:43:37.238798  6080 data_layer.cpp:128] Prefetch batch: 125 ms.
I0418 08:43:37.238798  6080 data_layer.cpp:129]      Read time: 78.138 ms.
I0418 08:43:37.238798  6080 data_layer.cpp:130] Transform time: 46.875 ms.
I0418 08:43:38.082586  7952 caffe.cpp:314] Batch 1942, accuracy1+2 = 1
I0418 08:43:38.082586  7952 caffe.cpp:314] Batch 1942, accuracy1+2+3 = 1
I0418 08:43:38.207593  6080 data_layer.cpp:128] Prefetch batch: 125 ms.
I0418 08:43:38.207593  6080 data_layer.cpp:129]      Read time: 93.748 ms.
I0418 08:43:38.207593  6080 data_layer.cpp:130] Transform time: 31.26 ms.
I0418 08:43:39.066994  7952 caffe.cpp:314] Batch 1943, accuracy1+2 = 1
I0418 08:43:39.066994  7952 caffe.cpp:314] Batch 1943, accuracy1+2+3 = 1
I0418 08:43:39.160755  6080 data_layer.cpp:128] Prefetch batch: 93 ms.
I0418 08:43:39.160755  6080 data_layer.cpp:129]      Read time: 0 ms.
I0418 08:43:39.160755  6080 data_layer.cpp:130] Transform time: 93.761 ms.
I0418 08:43:40.035789  7952 caffe.cpp:314] Batch 1944, accuracy1+2 = 1
I0418 08:43:40.035789  7952 caffe.cpp:314] Batch 1944, accuracy1+2+3 = 1
I0418 08:43:40.160789  6080 data_layer.cpp:128] Prefetch batch: 125 ms.
I0418 08:43:40.160789  6080 data_layer.cpp:129]      Read time: 93.752 ms.
I0418 08:43:40.160789  6080 data_layer.cpp:130] Transform time: 31.248 ms.
I0418 08:43:41.004570  7952 caffe.cpp:314] Batch 1945, accuracy1+2 = 1
I0418 08:43:41.004570  7952 caffe.cpp:314] Batch 1945, accuracy1+2+3 = 1
I0418 08:43:41.129576  6080 data_layer.cpp:128] Prefetch batch: 125 ms.
I0418 08:43:41.129576  6080 data_layer.cpp:129]      Read time: 93.757 ms.
I0418 08:43:41.129576  6080 data_layer.cpp:130] Transform time: 31.249 ms.
I0418 08:43:41.988988  7952 caffe.cpp:314] Batch 1946, accuracy1+2 = 1
I0418 08:43:41.988988  7952 caffe.cpp:314] Batch 1946, accuracy1+2+3 = 1
I0418 08:43:42.113994  6080 data_layer.cpp:128] Prefetch batch: 125 ms.
I0418 08:43:42.113994  6080 data_layer.cpp:129]      Read time: 78.126 ms.
I0418 08:43:42.113994  6080 data_layer.cpp:130] Transform time: 46.88 ms.
I0418 08:43:42.957777  7952 caffe.cpp:314] Batch 1947, accuracy1+2 = 1
I0418 08:43:42.957777  7952 caffe.cpp:314] Batch 1947, accuracy1+2+3 = 1
I0418 08:43:43.067158  6080 data_layer.cpp:128] Prefetch batch: 109 ms.
I0418 08:43:43.067158  6080 data_layer.cpp:129]      Read time: 0 ms.
I0418 08:43:43.067158  6080 data_layer.cpp:130] Transform time: 109.381 ms.
I0418 08:43:43.926568  7952 caffe.cpp:314] Batch 1948, accuracy1+2 = 1
I0418 08:43:43.926568  7952 caffe.cpp:314] Batch 1948, accuracy1+2+3 = 1
I0418 08:43:44.051568  6080 data_layer.cpp:128] Prefetch batch: 124 ms.
I0418 08:43:44.051568  6080 data_layer.cpp:129]      Read time: 93.737 ms.
I0418 08:43:44.051568  6080 data_layer.cpp:130] Transform time: 31.262 ms.
I0418 08:43:44.910981  7952 caffe.cpp:314] Batch 1949, accuracy1+2 = 1
I0418 08:43:44.910981  7952 caffe.cpp:314] Batch 1949, accuracy1+2+3 = 1
I0418 08:43:45.035979  6080 data_layer.cpp:128] Prefetch batch: 124 ms.
I0418 08:43:45.035979  6080 data_layer.cpp:129]      Read time: 93.753 ms.
I0418 08:43:45.035979  6080 data_layer.cpp:130] Transform time: 31.244 ms.
I0418 08:43:45.879762  7952 caffe.cpp:314] Batch 1950, accuracy1+2 = 1
I0418 08:43:45.879762  7952 caffe.cpp:314] Batch 1950, accuracy1+2+3 = 1
I0418 08:43:46.004771  6080 data_layer.cpp:128] Prefetch batch: 125 ms.
I0418 08:43:46.004771  6080 data_layer.cpp:129]      Read time: 93.758 ms.
I0418 08:43:46.004771  6080 data_layer.cpp:130] Transform time: 31.251 ms.
I0418 08:43:46.879794  7952 caffe.cpp:314] Batch 1951, accuracy1+2 = 1
I0418 08:43:46.879794  7952 caffe.cpp:314] Batch 1951, accuracy1+2+3 = 1
I0418 08:43:47.004812  6080 data_layer.cpp:128] Prefetch batch: 125 ms.
I0418 08:43:47.004812  6080 data_layer.cpp:129]      Read time: 93.765 ms.
I0418 08:43:47.004812  6080 data_layer.cpp:130] Transform time: 31.252 ms.
I0418 08:43:47.864218  7952 caffe.cpp:314] Batch 1952, accuracy1+2 = 1
I0418 08:43:47.864218  7952 caffe.cpp:314] Batch 1952, accuracy1+2+3 = 1
I0418 08:43:47.989223  6080 data_layer.cpp:128] Prefetch batch: 125 ms.
I0418 08:43:47.989223  6080 data_layer.cpp:129]      Read time: 93.754 ms.
I0418 08:43:47.989223  6080 data_layer.cpp:130] Transform time: 31.251 ms.
I0418 08:43:48.833003  7952 caffe.cpp:314] Batch 1953, accuracy1+2 = 1
I0418 08:43:48.833003  7952 caffe.cpp:314] Batch 1953, accuracy1+2+3 = 1
I0418 08:43:48.942390  6080 data_layer.cpp:128] Prefetch batch: 109 ms.
I0418 08:43:48.942390  6080 data_layer.cpp:129]      Read time: 0 ms.
I0418 08:43:48.942390  6080 data_layer.cpp:130] Transform time: 109.388 ms.
I0418 08:43:49.801795  7952 caffe.cpp:314] Batch 1954, accuracy1+2 = 1
I0418 08:43:49.801795  7952 caffe.cpp:314] Batch 1954, accuracy1+2+3 = 1
I0418 08:43:49.942428  6080 data_layer.cpp:128] Prefetch batch: 140 ms.
I0418 08:43:49.942428  6080 data_layer.cpp:129]      Read time: 93.754 ms.
I0418 08:43:49.942428  6080 data_layer.cpp:130] Transform time: 46.88 ms.
I0418 08:43:50.786202  7952 caffe.cpp:314] Batch 1955, accuracy1+2 = 1
I0418 08:43:50.786202  7952 caffe.cpp:314] Batch 1955, accuracy1+2+3 = 1
I0418 08:43:50.911213  6080 data_layer.cpp:128] Prefetch batch: 125 ms.
I0418 08:43:50.911213  6080 data_layer.cpp:129]      Read time: 93.762 ms.
I0418 08:43:50.911213  6080 data_layer.cpp:130] Transform time: 31.249 ms.
I0418 08:43:51.754997  7952 caffe.cpp:314] Batch 1956, accuracy1+2 = 1
I0418 08:43:51.754997  7952 caffe.cpp:314] Batch 1956, accuracy1+2+3 = 1
I0418 08:43:51.864377  6080 data_layer.cpp:128] Prefetch batch: 109 ms.
I0418 08:43:51.864377  6080 data_layer.cpp:129]      Read time: 0 ms.
I0418 08:43:51.864377  6080 data_layer.cpp:130] Transform time: 109.38 ms.
I0418 08:43:52.770650  7952 caffe.cpp:314] Batch 1957, accuracy1+2 = 1
I0418 08:43:52.770650  7952 caffe.cpp:314] Batch 1957, accuracy1+2+3 = 1
I0418 08:43:52.895660  6080 data_layer.cpp:128] Prefetch batch: 125 ms.
I0418 08:43:52.895660  6080 data_layer.cpp:129]      Read time: 78.128 ms.
I0418 08:43:52.895660  6080 data_layer.cpp:130] Transform time: 46.882 ms.
I0418 08:43:53.786315  7952 caffe.cpp:314] Batch 1958, accuracy1+2 = 1
I0418 08:43:53.786315  7952 caffe.cpp:314] Batch 1958, accuracy1+2+3 = 1
I0418 08:43:53.911324  6080 data_layer.cpp:128] Prefetch batch: 125 ms.
I0418 08:43:53.911324  6080 data_layer.cpp:129]      Read time: 78.135 ms.
I0418 08:43:53.911324  6080 data_layer.cpp:130] Transform time: 46.874 ms.
I0418 08:43:54.786360  7952 caffe.cpp:314] Batch 1959, accuracy1+2 = 1
I0418 08:43:54.786360  7952 caffe.cpp:314] Batch 1959, accuracy1+2+3 = 1
I0418 08:43:54.911370  6080 data_layer.cpp:128] Prefetch batch: 125 ms.
I0418 08:43:54.911370  6080 data_layer.cpp:129]      Read time: 93.76 ms.
I0418 08:43:54.911370  6080 data_layer.cpp:130] Transform time: 31.25 ms.
I0418 08:43:55.755152  7952 caffe.cpp:314] Batch 1960, accuracy1+2 = 1
I0418 08:43:55.755152  7952 caffe.cpp:314] Batch 1960, accuracy1+2+3 = 1
I0418 08:43:55.895792  6080 data_layer.cpp:128] Prefetch batch: 140 ms.
I0418 08:43:55.895792  6080 data_layer.cpp:129]      Read time: 93.754 ms.
I0418 08:43:55.895792  6080 data_layer.cpp:130] Transform time: 46.885 ms.
I0418 08:43:56.739562  7952 caffe.cpp:314] Batch 1961, accuracy1+2 = 1
I0418 08:43:56.739562  7952 caffe.cpp:314] Batch 1961, accuracy1+2+3 = 1
I0418 08:43:56.833317  6080 data_layer.cpp:128] Prefetch batch: 93 ms.
I0418 08:43:56.833317  6080 data_layer.cpp:129]      Read time: 0 ms.
I0418 08:43:56.833317  6080 data_layer.cpp:130] Transform time: 93.754 ms.
I0418 08:43:57.708354  7952 caffe.cpp:314] Batch 1962, accuracy1+2 = 1
I0418 08:43:57.708354  7952 caffe.cpp:314] Batch 1962, accuracy1+2+3 = 1
I0418 08:43:57.833359  6080 data_layer.cpp:128] Prefetch batch: 125 ms.
I0418 08:43:57.833359  6080 data_layer.cpp:129]      Read time: 93.755 ms.
I0418 08:43:57.833359  6080 data_layer.cpp:130] Transform time: 31.25 ms.
I0418 08:43:58.677139  7952 caffe.cpp:314] Batch 1963, accuracy1+2 = 1
I0418 08:43:58.677139  7952 caffe.cpp:314] Batch 1963, accuracy1+2+3 = 1
I0418 08:43:58.802157  6080 data_layer.cpp:128] Prefetch batch: 125 ms.
I0418 08:43:58.802157  6080 data_layer.cpp:129]      Read time: 93.761 ms.
I0418 08:43:58.802157  6080 data_layer.cpp:130] Transform time: 31.258 ms.
I0418 08:43:59.661557  7952 caffe.cpp:314] Batch 1964, accuracy1+2 = 1
I0418 08:43:59.661557  7952 caffe.cpp:314] Batch 1964, accuracy1+2+3 = 1
I0418 08:43:59.786562  6080 data_layer.cpp:128] Prefetch batch: 125 ms.
I0418 08:43:59.786562  6080 data_layer.cpp:129]      Read time: 78.129 ms.
I0418 08:43:59.786562  6080 data_layer.cpp:130] Transform time: 46.876 ms.
I0418 08:44:00.630343  7952 caffe.cpp:314] Batch 1965, accuracy1+2 = 1
I0418 08:44:00.630343  7952 caffe.cpp:314] Batch 1965, accuracy1+2+3 = 1
I0418 08:44:00.724102  6080 data_layer.cpp:128] Prefetch batch: 93 ms.
I0418 08:44:00.724102  6080 data_layer.cpp:129]      Read time: 0 ms.
I0418 08:44:00.724102  6080 data_layer.cpp:130] Transform time: 93.758 ms.
I0418 08:44:01.599131  7952 caffe.cpp:314] Batch 1966, accuracy1+2 = 1
I0418 08:44:01.599131  7952 caffe.cpp:314] Batch 1966, accuracy1+2+3 = 1
I0418 08:44:01.724138  6080 data_layer.cpp:128] Prefetch batch: 125 ms.
I0418 08:44:01.724138  6080 data_layer.cpp:129]      Read time: 93.752 ms.
I0418 08:44:01.724138  6080 data_layer.cpp:130] Transform time: 31.255 ms.
I0418 08:44:02.567924  7952 caffe.cpp:314] Batch 1967, accuracy1+2 = 1
I0418 08:44:02.567924  7952 caffe.cpp:314] Batch 1967, accuracy1+2+3 = 1
I0418 08:44:02.692921  6080 data_layer.cpp:128] Prefetch batch: 124 ms.
I0418 08:44:02.692921  6080 data_layer.cpp:129]      Read time: 93.754 ms.
I0418 08:44:02.692921  6080 data_layer.cpp:130] Transform time: 31.244 ms.
I0418 08:44:03.536710  7952 caffe.cpp:314] Batch 1968, accuracy1+2 = 1
I0418 08:44:03.536710  7952 caffe.cpp:314] Batch 1968, accuracy1+2+3 = 1
I0418 08:44:03.677336  6080 data_layer.cpp:128] Prefetch batch: 140 ms.
I0418 08:44:03.677336  6080 data_layer.cpp:129]      Read time: 93.754 ms.
I0418 08:44:03.677336  6080 data_layer.cpp:130] Transform time: 46.872 ms.
I0418 08:44:04.521126  7952 caffe.cpp:314] Batch 1969, accuracy1+2 = 1
I0418 08:44:04.521126  7952 caffe.cpp:314] Batch 1969, accuracy1+2+3 = 1
I0418 08:44:04.646131  6080 data_layer.cpp:128] Prefetch batch: 125 ms.
I0418 08:44:04.646131  6080 data_layer.cpp:129]      Read time: 93.747 ms.
I0418 08:44:04.646131  6080 data_layer.cpp:130] Transform time: 31.258 ms.
I0418 08:44:05.489907  7952 caffe.cpp:314] Batch 1970, accuracy1+2 = 1
I0418 08:44:05.489907  7952 caffe.cpp:314] Batch 1970, accuracy1+2+3 = 1
I0418 08:44:05.599285  6080 data_layer.cpp:128] Prefetch batch: 109 ms.
I0418 08:44:05.599285  6080 data_layer.cpp:129]      Read time: 0 ms.
I0418 08:44:05.599285  6080 data_layer.cpp:130] Transform time: 109.378 ms.
I0418 08:44:06.458703  7952 caffe.cpp:314] Batch 1971, accuracy1+2 = 1
I0418 08:44:06.458703  7952 caffe.cpp:314] Batch 1971, accuracy1+2+3 = 1
I0418 08:44:06.599328  6080 data_layer.cpp:128] Prefetch batch: 140 ms.
I0418 08:44:06.599328  6080 data_layer.cpp:129]      Read time: 93.748 ms.
I0418 08:44:06.599328  6080 data_layer.cpp:130] Transform time: 46.877 ms.
I0418 08:44:07.443109  7952 caffe.cpp:314] Batch 1972, accuracy1+2 = 1
I0418 08:44:07.443109  7952 caffe.cpp:314] Batch 1972, accuracy1+2+3 = 1
I0418 08:44:07.568120  6080 data_layer.cpp:128] Prefetch batch: 125 ms.
I0418 08:44:07.568120  6080 data_layer.cpp:129]      Read time: 93.753 ms.
I0418 08:44:07.568120  6080 data_layer.cpp:130] Transform time: 31.257 ms.
I0418 08:44:08.411890  7952 caffe.cpp:314] Batch 1973, accuracy1+2 = 1
I0418 08:44:08.411890  7952 caffe.cpp:314] Batch 1973, accuracy1+2+3 = 1
I0418 08:44:08.521278  6080 data_layer.cpp:128] Prefetch batch: 109 ms.
I0418 08:44:08.521278  6080 data_layer.cpp:129]      Read time: 0 ms.
I0418 08:44:08.521278  6080 data_layer.cpp:130] Transform time: 109.389 ms.
I0418 08:44:09.380687  7952 caffe.cpp:314] Batch 1974, accuracy1+2 = 1
I0418 08:44:09.380687  7952 caffe.cpp:314] Batch 1974, accuracy1+2+3 = 1
I0418 08:44:09.505689  6080 data_layer.cpp:128] Prefetch batch: 125 ms.
I0418 08:44:09.505689  6080 data_layer.cpp:129]      Read time: 93.765 ms.
I0418 08:44:09.505689  6080 data_layer.cpp:130] Transform time: 31.237 ms.
I0418 08:44:10.365103  7952 caffe.cpp:314] Batch 1975, accuracy1+2 = 1
I0418 08:44:10.365103  7952 caffe.cpp:314] Batch 1975, accuracy1+2+3 = 1
I0418 08:44:10.490104  6080 data_layer.cpp:128] Prefetch batch: 125 ms.
I0418 08:44:10.490104  6080 data_layer.cpp:129]      Read time: 93.749 ms.
I0418 08:44:10.490104  6080 data_layer.cpp:130] Transform time: 31.253 ms.
I0418 08:44:11.333891  7952 caffe.cpp:314] Batch 1976, accuracy1+2 = 1
I0418 08:44:11.333891  7952 caffe.cpp:314] Batch 1976, accuracy1+2+3 = 1
I0418 08:44:11.458889  6080 data_layer.cpp:128] Prefetch batch: 124 ms.
I0418 08:44:11.458889  6080 data_layer.cpp:129]      Read time: 31.259 ms.
I0418 08:44:11.458889  6080 data_layer.cpp:130] Transform time: 93.739 ms.
I0418 08:44:12.302680  7952 caffe.cpp:314] Batch 1977, accuracy1+2 = 1
I0418 08:44:12.302680  7952 caffe.cpp:314] Batch 1977, accuracy1+2+3 = 1
I0418 08:44:12.458930  6080 data_layer.cpp:128] Prefetch batch: 156 ms.
I0418 08:44:12.458930  6080 data_layer.cpp:129]      Read time: 124.991 ms.
I0418 08:44:12.458930  6080 data_layer.cpp:130] Transform time: 31.259 ms.
I0418 08:44:13.287084  7952 caffe.cpp:314] Batch 1978, accuracy1+2 = 0
I0418 08:44:13.287084  7952 caffe.cpp:314] Batch 1978, accuracy1+2+3 = 0
I0418 08:44:13.412099  6080 data_layer.cpp:128] Prefetch batch: 125 ms.
I0418 08:44:13.412099  6080 data_layer.cpp:129]      Read time: 93.764 ms.
I0418 08:44:13.412099  6080 data_layer.cpp:130] Transform time: 31.251 ms.
I0418 08:44:14.255874  7952 caffe.cpp:314] Batch 1979, accuracy1+2 = 1
I0418 08:44:14.255874  7952 caffe.cpp:314] Batch 1979, accuracy1+2+3 = 1
I0418 08:44:14.380880  6080 data_layer.cpp:128] Prefetch batch: 125 ms.
I0418 08:44:14.380880  6080 data_layer.cpp:129]      Read time: 31.259 ms.
I0418 08:44:14.380880  6080 data_layer.cpp:130] Transform time: 93.747 ms.
I0418 08:44:15.240293  7952 caffe.cpp:314] Batch 1980, accuracy1+2 = 0
I0418 08:44:15.240293  7952 caffe.cpp:314] Batch 1980, accuracy1+2+3 = 0
I0418 08:44:15.365293  6080 data_layer.cpp:128] Prefetch batch: 125 ms.
I0418 08:44:15.365293  6080 data_layer.cpp:129]      Read time: 78.129 ms.
I0418 08:44:15.365293  6080 data_layer.cpp:130] Transform time: 46.871 ms.
I0418 08:44:16.209080  7952 caffe.cpp:314] Batch 1981, accuracy1+2 = 1
I0418 08:44:16.209080  7952 caffe.cpp:314] Batch 1981, accuracy1+2+3 = 1
I0418 08:44:16.334085  6080 data_layer.cpp:128] Prefetch batch: 125 ms.
I0418 08:44:16.334085  6080 data_layer.cpp:129]      Read time: 93.75 ms.
I0418 08:44:16.334085  6080 data_layer.cpp:130] Transform time: 31.255 ms.
I0418 08:44:17.177865  7952 caffe.cpp:314] Batch 1982, accuracy1+2 = 0
I0418 08:44:17.177865  7952 caffe.cpp:314] Batch 1982, accuracy1+2+3 = 0
I0418 08:44:17.302875  6080 data_layer.cpp:128] Prefetch batch: 125 ms.
I0418 08:44:17.302875  6080 data_layer.cpp:129]      Read time: 93.754 ms.
I0418 08:44:17.302875  6080 data_layer.cpp:130] Transform time: 31.257 ms.
I0418 08:44:18.162271  7952 caffe.cpp:314] Batch 1983, accuracy1+2 = 0
I0418 08:44:18.162271  7952 caffe.cpp:314] Batch 1983, accuracy1+2+3 = 0
I0418 08:44:18.287286  6080 data_layer.cpp:128] Prefetch batch: 125 ms.
I0418 08:44:18.287286  6080 data_layer.cpp:129]      Read time: 93.758 ms.
I0418 08:44:18.287286  6080 data_layer.cpp:130] Transform time: 31.257 ms.
I0418 08:44:19.146692  7952 caffe.cpp:314] Batch 1984, accuracy1+2 = 0
I0418 08:44:19.146692  7952 caffe.cpp:314] Batch 1984, accuracy1+2+3 = 0
I0418 08:44:19.271699  6080 data_layer.cpp:128] Prefetch batch: 125 ms.
I0418 08:44:19.271699  6080 data_layer.cpp:129]      Read time: 93.756 ms.
I0418 08:44:19.271699  6080 data_layer.cpp:130] Transform time: 31.252 ms.
I0418 08:44:20.115480  7952 caffe.cpp:314] Batch 1985, accuracy1+2 = 0
I0418 08:44:20.115480  7952 caffe.cpp:314] Batch 1985, accuracy1+2+3 = 0
I0418 08:44:20.224864  6080 data_layer.cpp:128] Prefetch batch: 109 ms.
I0418 08:44:20.224864  6080 data_layer.cpp:129]      Read time: 15.628 ms.
I0418 08:44:20.224864  6080 data_layer.cpp:130] Transform time: 93.756 ms.
I0418 08:44:21.099894  7952 caffe.cpp:314] Batch 1986, accuracy1+2 = 1
I0418 08:44:21.099894  7952 caffe.cpp:314] Batch 1986, accuracy1+2+3 = 1
I0418 08:44:21.224900  6080 data_layer.cpp:128] Prefetch batch: 125 ms.
I0418 08:44:21.224900  6080 data_layer.cpp:129]      Read time: 93.763 ms.
I0418 08:44:21.224900  6080 data_layer.cpp:130] Transform time: 31.243 ms.
I0418 08:44:22.084314  7952 caffe.cpp:314] Batch 1987, accuracy1+2 = 1
I0418 08:44:22.084314  7952 caffe.cpp:314] Batch 1987, accuracy1+2+3 = 1
I0418 08:44:22.209311  6080 data_layer.cpp:128] Prefetch batch: 124 ms.
I0418 08:44:22.209311  6080 data_layer.cpp:129]      Read time: 93.75 ms.
I0418 08:44:22.209311  6080 data_layer.cpp:130] Transform time: 31.247 ms.
I0418 08:44:23.068723  7952 caffe.cpp:314] Batch 1988, accuracy1+2 = 1
I0418 08:44:23.068723  7952 caffe.cpp:314] Batch 1988, accuracy1+2+3 = 1
I0418 08:44:23.193729  6080 data_layer.cpp:128] Prefetch batch: 125 ms.
I0418 08:44:23.193729  6080 data_layer.cpp:129]      Read time: 93.755 ms.
I0418 08:44:23.193729  6080 data_layer.cpp:130] Transform time: 31.251 ms.
I0418 08:44:24.053134  7952 caffe.cpp:314] Batch 1989, accuracy1+2 = 0
I0418 08:44:24.053134  7952 caffe.cpp:314] Batch 1989, accuracy1+2+3 = 0
I0418 08:44:24.178139  6080 data_layer.cpp:128] Prefetch batch: 125 ms.
I0418 08:44:24.178139  6080 data_layer.cpp:129]      Read time: 78.128 ms.
I0418 08:44:24.178139  6080 data_layer.cpp:130] Transform time: 46.877 ms.
I0418 08:44:25.021921  7952 caffe.cpp:314] Batch 1990, accuracy1+2 = 1
I0418 08:44:25.021921  7952 caffe.cpp:314] Batch 1990, accuracy1+2+3 = 1
I0418 08:44:25.146927  6080 data_layer.cpp:128] Prefetch batch: 125 ms.
I0418 08:44:25.146927  6080 data_layer.cpp:129]      Read time: 93.763 ms.
I0418 08:44:25.146927  6080 data_layer.cpp:130] Transform time: 31.243 ms.
I0418 08:44:25.990715  7952 caffe.cpp:314] Batch 1991, accuracy1+2 = 0
I0418 08:44:25.990715  7952 caffe.cpp:314] Batch 1991, accuracy1+2+3 = 0
I0418 08:44:26.100090  6080 data_layer.cpp:128] Prefetch batch: 109 ms.
I0418 08:44:26.100090  6080 data_layer.cpp:129]      Read time: 0 ms.
I0418 08:44:26.100090  6080 data_layer.cpp:130] Transform time: 109.374 ms.
I0418 08:44:26.975126  7952 caffe.cpp:314] Batch 1992, accuracy1+2 = 1
I0418 08:44:26.975126  7952 caffe.cpp:314] Batch 1992, accuracy1+2+3 = 1
I0418 08:44:27.100136  6080 data_layer.cpp:128] Prefetch batch: 125 ms.
I0418 08:44:27.100136  6080 data_layer.cpp:129]      Read time: 93.755 ms.
I0418 08:44:27.100136  6080 data_layer.cpp:130] Transform time: 31.254 ms.
I0418 08:44:27.943912  7952 caffe.cpp:314] Batch 1993, accuracy1+2 = 0
I0418 08:44:27.943912  7952 caffe.cpp:314] Batch 1993, accuracy1+2+3 = 0
I0418 08:44:28.068922  6080 data_layer.cpp:128] Prefetch batch: 125 ms.
I0418 08:44:28.068922  6080 data_layer.cpp:129]      Read time: 93.758 ms.
I0418 08:44:28.068922  6080 data_layer.cpp:130] Transform time: 31.253 ms.
I0418 08:44:28.912706  7952 caffe.cpp:314] Batch 1994, accuracy1+2 = 1
I0418 08:44:28.912706  7952 caffe.cpp:314] Batch 1994, accuracy1+2+3 = 1
I0418 08:44:29.022071  6080 data_layer.cpp:128] Prefetch batch: 109 ms.
I0418 08:44:29.022071  6080 data_layer.cpp:129]      Read time: 0 ms.
I0418 08:44:29.022071  6080 data_layer.cpp:130] Transform time: 109.365 ms.
I0418 08:44:29.897119  7952 caffe.cpp:314] Batch 1995, accuracy1+2 = 1
I0418 08:44:29.897119  7952 caffe.cpp:314] Batch 1995, accuracy1+2+3 = 1
I0418 08:44:30.022111  6080 data_layer.cpp:128] Prefetch batch: 124 ms.
I0418 08:44:30.022111  6080 data_layer.cpp:129]      Read time: 93.742 ms.
I0418 08:44:30.022111  6080 data_layer.cpp:130] Transform time: 31.251 ms.
I0418 08:44:30.912771  7952 caffe.cpp:314] Batch 1996, accuracy1+2 = 0
I0418 08:44:30.912771  7952 caffe.cpp:314] Batch 1996, accuracy1+2+3 = 0
I0418 08:44:31.037777  6080 data_layer.cpp:128] Prefetch batch: 125 ms.
I0418 08:44:31.037777  6080 data_layer.cpp:129]      Read time: 62.503 ms.
I0418 08:44:31.037777  6080 data_layer.cpp:130] Transform time: 62.503 ms.
I0418 08:44:31.928453  7952 caffe.cpp:314] Batch 1997, accuracy1+2 = 0
I0418 08:44:31.928453  7952 caffe.cpp:314] Batch 1997, accuracy1+2+3 = 0
I0418 08:44:32.069077  6080 data_layer.cpp:128] Prefetch batch: 140 ms.
I0418 08:44:32.069077  6080 data_layer.cpp:129]      Read time: 125.005 ms.
I0418 08:44:32.069077  6080 data_layer.cpp:130] Transform time: 15.619 ms.
I0418 08:44:32.912859  7952 caffe.cpp:314] Batch 1998, accuracy1+2 = 1
I0418 08:44:32.912859  7952 caffe.cpp:314] Batch 1998, accuracy1+2+3 = 1
I0418 08:44:33.037868  6080 data_layer.cpp:128] Prefetch batch: 125 ms.
I0418 08:44:33.037868  6080 data_layer.cpp:129]      Read time: 93.758 ms.
I0418 08:44:33.037868  6080 data_layer.cpp:130] Transform time: 31.25 ms.
I0418 08:44:33.881649  7952 caffe.cpp:314] Batch 1999, accuracy1+2 = 1
I0418 08:44:33.881649  7952 caffe.cpp:314] Batch 1999, accuracy1+2+3 = 1
I0418 08:44:33.991031  6080 data_layer.cpp:128] Prefetch batch: 109 ms.
I0418 08:44:33.991031  6080 data_layer.cpp:129]      Read time: 0 ms.
I0418 08:44:33.991031  6080 data_layer.cpp:130] Transform time: 109.383 ms.
I0418 08:44:34.850436  7952 caffe.cpp:314] Batch 2000, accuracy1+2 = 1
I0418 08:44:34.850436  7952 caffe.cpp:314] Batch 2000, accuracy1+2+3 = 1
I0418 08:44:34.975440  6080 data_layer.cpp:128] Prefetch batch: 125 ms.
I0418 08:44:34.975440  6080 data_layer.cpp:129]      Read time: 93.755 ms.
I0418 08:44:34.975440  6080 data_layer.cpp:130] Transform time: 31.249 ms.
I0418 08:44:35.850476  7952 caffe.cpp:314] Batch 2001, accuracy1+2 = 0
I0418 08:44:35.850476  7952 caffe.cpp:314] Batch 2001, accuracy1+2+3 = 0
I0418 08:44:35.975484  6080 data_layer.cpp:128] Prefetch batch: 125 ms.
I0418 08:44:35.975484  6080 data_layer.cpp:129]      Read time: 78.129 ms.
I0418 08:44:35.975484  6080 data_layer.cpp:130] Transform time: 46.879 ms.
I0418 08:44:36.819268  7952 caffe.cpp:314] Batch 2002, accuracy1+2 = 0
I0418 08:44:36.819268  7952 caffe.cpp:314] Batch 2002, accuracy1+2+3 = 0
I0418 08:44:36.944264  6080 data_layer.cpp:128] Prefetch batch: 124 ms.
I0418 08:44:36.944264  6080 data_layer.cpp:129]      Read time: 93.752 ms.
I0418 08:44:36.944264  6080 data_layer.cpp:130] Transform time: 31.244 ms.
I0418 08:44:37.803676  7952 caffe.cpp:314] Batch 2003, accuracy1+2 = 1
I0418 08:44:37.803676  7952 caffe.cpp:314] Batch 2003, accuracy1+2+3 = 1
I0418 08:44:37.928685  6080 data_layer.cpp:128] Prefetch batch: 125 ms.
I0418 08:44:37.928685  6080 data_layer.cpp:129]      Read time: 93.752 ms.
I0418 08:44:37.928685  6080 data_layer.cpp:130] Transform time: 31.257 ms.
I0418 08:44:38.772460  7952 caffe.cpp:314] Batch 2004, accuracy1+2 = 0
I0418 08:44:38.772460  7952 caffe.cpp:314] Batch 2004, accuracy1+2+3 = 0
I0418 08:44:38.897474  6080 data_layer.cpp:128] Prefetch batch: 125 ms.
I0418 08:44:38.897474  6080 data_layer.cpp:129]      Read time: 93.756 ms.
I0418 08:44:38.897474  6080 data_layer.cpp:130] Transform time: 31.257 ms.
I0418 08:44:39.756880  7952 caffe.cpp:314] Batch 2005, accuracy1+2 = 0
I0418 08:44:39.756880  7952 caffe.cpp:314] Batch 2005, accuracy1+2+3 = 0
I0418 08:44:39.881886  6080 data_layer.cpp:128] Prefetch batch: 125 ms.
I0418 08:44:39.881886  6080 data_layer.cpp:129]      Read time: 93.75 ms.
I0418 08:44:39.881886  6080 data_layer.cpp:130] Transform time: 31.256 ms.
I0418 08:44:40.741292  7952 caffe.cpp:314] Batch 2006, accuracy1+2 = 0
I0418 08:44:40.741292  7952 caffe.cpp:314] Batch 2006, accuracy1+2+3 = 0
I0418 08:44:40.835042  6080 data_layer.cpp:128] Prefetch batch: 93 ms.
I0418 08:44:40.835042  6080 data_layer.cpp:129]      Read time: 0 ms.
I0418 08:44:40.835042  6080 data_layer.cpp:130] Transform time: 93.75 ms.
I0418 08:44:41.710079  7952 caffe.cpp:314] Batch 2007, accuracy1+2 = 0
I0418 08:44:41.710079  7952 caffe.cpp:314] Batch 2007, accuracy1+2+3 = 1
I0418 08:44:41.835086  6080 data_layer.cpp:128] Prefetch batch: 125 ms.
I0418 08:44:41.835086  6080 data_layer.cpp:129]      Read time: 93.753 ms.
I0418 08:44:41.835086  6080 data_layer.cpp:130] Transform time: 31.254 ms.
I0418 08:44:42.678866  7952 caffe.cpp:314] Batch 2008, accuracy1+2 = 1
I0418 08:44:42.678866  7952 caffe.cpp:314] Batch 2008, accuracy1+2+3 = 1
I0418 08:44:42.803874  6080 data_layer.cpp:128] Prefetch batch: 125 ms.
I0418 08:44:42.803874  6080 data_layer.cpp:129]      Read time: 93.752 ms.
I0418 08:44:42.803874  6080 data_layer.cpp:130] Transform time: 31.255 ms.
I0418 08:44:43.663278  7952 caffe.cpp:314] Batch 2009, accuracy1+2 = 1
I0418 08:44:43.663278  7952 caffe.cpp:314] Batch 2009, accuracy1+2+3 = 1
I0418 08:44:43.788283  6080 data_layer.cpp:128] Prefetch batch: 125 ms.
I0418 08:44:43.788283  6080 data_layer.cpp:129]      Read time: 93.755 ms.
I0418 08:44:43.788283  6080 data_layer.cpp:130] Transform time: 31.25 ms.
I0418 08:44:44.632066  7952 caffe.cpp:314] Batch 2010, accuracy1+2 = 0
I0418 08:44:44.632066  7952 caffe.cpp:314] Batch 2010, accuracy1+2+3 = 0
I0418 08:44:44.741447  6080 data_layer.cpp:128] Prefetch batch: 109 ms.
I0418 08:44:44.741447  6080 data_layer.cpp:129]      Read time: 0 ms.
I0418 08:44:44.741447  6080 data_layer.cpp:130] Transform time: 109.381 ms.
I0418 08:44:45.600855  7952 caffe.cpp:314] Batch 2011, accuracy1+2 = 0
I0418 08:44:45.600855  7952 caffe.cpp:314] Batch 2011, accuracy1+2+3 = 0
I0418 08:44:45.725864  6080 data_layer.cpp:128] Prefetch batch: 125 ms.
I0418 08:44:45.725864  6080 data_layer.cpp:129]      Read time: 93.76 ms.
I0418 08:44:45.725864  6080 data_layer.cpp:130] Transform time: 31.249 ms.
I0418 08:44:46.585269  7952 caffe.cpp:314] Batch 2012, accuracy1+2 = 0
I0418 08:44:46.585269  7952 caffe.cpp:314] Batch 2012, accuracy1+2+3 = 0
I0418 08:44:46.710274  6080 data_layer.cpp:128] Prefetch batch: 125 ms.
I0418 08:44:46.710274  6080 data_layer.cpp:129]      Read time: 93.753 ms.
I0418 08:44:46.710274  6080 data_layer.cpp:130] Transform time: 31.252 ms.
I0418 08:44:47.554062  7952 caffe.cpp:314] Batch 2013, accuracy1+2 = 1
I0418 08:44:47.554062  7952 caffe.cpp:314] Batch 2013, accuracy1+2+3 = 1
I0418 08:44:47.679064  6080 data_layer.cpp:128] Prefetch batch: 125 ms.
I0418 08:44:47.679064  6080 data_layer.cpp:129]      Read time: 93.75 ms.
I0418 08:44:47.679064  6080 data_layer.cpp:130] Transform time: 31.251 ms.
I0418 08:44:48.522845  7952 caffe.cpp:314] Batch 2014, accuracy1+2 = 1
I0418 08:44:48.522845  7952 caffe.cpp:314] Batch 2014, accuracy1+2+3 = 1
I0418 08:44:48.632226  6080 data_layer.cpp:128] Prefetch batch: 109 ms.
I0418 08:44:48.632226  6080 data_layer.cpp:129]      Read time: 0 ms.
I0418 08:44:48.632226  6080 data_layer.cpp:130] Transform time: 109.382 ms.
I0418 08:44:49.507257  7952 caffe.cpp:314] Batch 2015, accuracy1+2 = 1
I0418 08:44:49.507257  7952 caffe.cpp:314] Batch 2015, accuracy1+2+3 = 0
I0418 08:44:49.632261  6080 data_layer.cpp:128] Prefetch batch: 125 ms.
I0418 08:44:49.632261  6080 data_layer.cpp:129]      Read time: 78.129 ms.
I0418 08:44:49.632261  6080 data_layer.cpp:130] Transform time: 46.874 ms.
I0418 08:44:50.476052  7952 caffe.cpp:314] Batch 2016, accuracy1+2 = 0
I0418 08:44:50.476052  7952 caffe.cpp:314] Batch 2016, accuracy1+2+3 = 0
I0418 08:44:50.601052  6080 data_layer.cpp:128] Prefetch batch: 125 ms.
I0418 08:44:50.601052  6080 data_layer.cpp:129]      Read time: 93.75 ms.
I0418 08:44:50.601052  6080 data_layer.cpp:130] Transform time: 31.25 ms.
I0418 08:44:51.460464  7952 caffe.cpp:314] Batch 2017, accuracy1+2 = 1
I0418 08:44:51.460464  7952 caffe.cpp:314] Batch 2017, accuracy1+2+3 = 1
I0418 08:44:51.585467  6080 data_layer.cpp:128] Prefetch batch: 125 ms.
I0418 08:44:51.585467  6080 data_layer.cpp:129]      Read time: 78.128 ms.
I0418 08:44:51.585467  6080 data_layer.cpp:130] Transform time: 46.875 ms.
I0418 08:44:52.429249  7952 caffe.cpp:314] Batch 2018, accuracy1+2 = 1
I0418 08:44:52.429249  7952 caffe.cpp:314] Batch 2018, accuracy1+2+3 = 1
I0418 08:44:52.554256  6080 data_layer.cpp:128] Prefetch batch: 125 ms.
I0418 08:44:52.554256  6080 data_layer.cpp:129]      Read time: 93.754 ms.
I0418 08:44:52.554256  6080 data_layer.cpp:130] Transform time: 31.254 ms.
I0418 08:44:53.398041  7952 caffe.cpp:314] Batch 2019, accuracy1+2 = 1
I0418 08:44:53.398041  7952 caffe.cpp:314] Batch 2019, accuracy1+2+3 = 1
I0418 08:44:53.523047  6080 data_layer.cpp:128] Prefetch batch: 125 ms.
I0418 08:44:53.523047  6080 data_layer.cpp:129]      Read time: 93.749 ms.
I0418 08:44:53.523047  6080 data_layer.cpp:130] Transform time: 31.258 ms.
I0418 08:44:54.382452  7952 caffe.cpp:314] Batch 2020, accuracy1+2 = 1
I0418 08:44:54.382452  7952 caffe.cpp:314] Batch 2020, accuracy1+2+3 = 1
I0418 08:44:54.476203  6080 data_layer.cpp:128] Prefetch batch: 93 ms.
I0418 08:44:54.476203  6080 data_layer.cpp:129]      Read time: 0 ms.
I0418 08:44:54.476203  6080 data_layer.cpp:130] Transform time: 93.752 ms.
I0418 08:44:55.351236  7952 caffe.cpp:314] Batch 2021, accuracy1+2 = 1
I0418 08:44:55.351236  7952 caffe.cpp:314] Batch 2021, accuracy1+2+3 = 1
I0418 08:44:55.476246  6080 data_layer.cpp:128] Prefetch batch: 125 ms.
I0418 08:44:55.476246  6080 data_layer.cpp:129]      Read time: 93.769 ms.
I0418 08:44:55.476246  6080 data_layer.cpp:130] Transform time: 31.241 ms.
I0418 08:44:56.320030  7952 caffe.cpp:314] Batch 2022, accuracy1+2 = 0
I0418 08:44:56.320030  7952 caffe.cpp:314] Batch 2022, accuracy1+2+3 = 0
I0418 08:44:56.445029  6080 data_layer.cpp:128] Prefetch batch: 124 ms.
I0418 08:44:56.445029  6080 data_layer.cpp:129]      Read time: 93.754 ms.
I0418 08:44:56.445029  6080 data_layer.cpp:130] Transform time: 31.244 ms.
I0418 08:44:57.288812  7952 caffe.cpp:314] Batch 2023, accuracy1+2 = 1
I0418 08:44:57.288812  7952 caffe.cpp:314] Batch 2023, accuracy1+2+3 = 1
I0418 08:44:57.413822  6080 data_layer.cpp:128] Prefetch batch: 125 ms.
I0418 08:44:57.413822  6080 data_layer.cpp:129]      Read time: 93.755 ms.
I0418 08:44:57.413822  6080 data_layer.cpp:130] Transform time: 31.255 ms.
I0418 08:44:58.257604  7952 caffe.cpp:314] Batch 2024, accuracy1+2 = 0
I0418 08:44:58.257604  7952 caffe.cpp:314] Batch 2024, accuracy1+2+3 = 0
I0418 08:44:58.366986  6080 data_layer.cpp:128] Prefetch batch: 109 ms.
I0418 08:44:58.366986  6080 data_layer.cpp:129]      Read time: 15.624 ms.
I0418 08:44:58.366986  6080 data_layer.cpp:130] Transform time: 93.757 ms.
I0418 08:44:59.242017  7952 caffe.cpp:314] Batch 2025, accuracy1+2 = 1
I0418 08:44:59.242017  7952 caffe.cpp:314] Batch 2025, accuracy1+2+3 = 1
I0418 08:44:59.367022  6080 data_layer.cpp:128] Prefetch batch: 125 ms.
I0418 08:44:59.367022  6080 data_layer.cpp:129]      Read time: 78.126 ms.
I0418 08:44:59.367022  6080 data_layer.cpp:130] Transform time: 46.88 ms.
I0418 08:45:00.210806  7952 caffe.cpp:314] Batch 2026, accuracy1+2 = 0
I0418 08:45:00.210806  7952 caffe.cpp:314] Batch 2026, accuracy1+2+3 = 0
I0418 08:45:00.335817  6080 data_layer.cpp:128] Prefetch batch: 125 ms.
I0418 08:45:00.335817  6080 data_layer.cpp:129]      Read time: 93.753 ms.
I0418 08:45:00.335817  6080 data_layer.cpp:130] Transform time: 31.258 ms.
I0418 08:45:01.195220  7952 caffe.cpp:314] Batch 2027, accuracy1+2 = 1
I0418 08:45:01.195220  7952 caffe.cpp:314] Batch 2027, accuracy1+2+3 = 1
I0418 08:45:01.320225  6080 data_layer.cpp:128] Prefetch batch: 125 ms.
I0418 08:45:01.320225  6080 data_layer.cpp:129]      Read time: 78.13 ms.
I0418 08:45:01.320225  6080 data_layer.cpp:130] Transform time: 46.874 ms.
I0418 08:45:02.164005  7952 caffe.cpp:314] Batch 2028, accuracy1+2 = 1
I0418 08:45:02.164005  7952 caffe.cpp:314] Batch 2028, accuracy1+2+3 = 1
I0418 08:45:02.289008  6080 data_layer.cpp:128] Prefetch batch: 125 ms.
I0418 08:45:02.289008  6080 data_layer.cpp:129]      Read time: 93.754 ms.
I0418 08:45:02.289008  6080 data_layer.cpp:130] Transform time: 31.25 ms.
I0418 08:45:03.132796  7952 caffe.cpp:314] Batch 2029, accuracy1+2 = 0
I0418 08:45:03.132796  7952 caffe.cpp:314] Batch 2029, accuracy1+2+3 = 0
I0418 08:45:03.257807  6080 data_layer.cpp:128] Prefetch batch: 125 ms.
I0418 08:45:03.257807  6080 data_layer.cpp:129]      Read time: 93.757 ms.
I0418 08:45:03.257807  6080 data_layer.cpp:130] Transform time: 31.254 ms.
I0418 08:45:04.117213  7952 caffe.cpp:314] Batch 2030, accuracy1+2 = 0
I0418 08:45:04.117213  7952 caffe.cpp:314] Batch 2030, accuracy1+2+3 = 0
I0418 08:45:04.210958  6080 data_layer.cpp:128] Prefetch batch: 93 ms.
I0418 08:45:04.210958  6080 data_layer.cpp:129]      Read time: 0 ms.
I0418 08:45:04.210958  6080 data_layer.cpp:130] Transform time: 93.745 ms.
I0418 08:45:05.085995  7952 caffe.cpp:314] Batch 2031, accuracy1+2 = 1
I0418 08:45:05.085995  7952 caffe.cpp:314] Batch 2031, accuracy1+2+3 = 1
I0418 08:45:05.210993  6080 data_layer.cpp:128] Prefetch batch: 124 ms.
I0418 08:45:05.210993  6080 data_layer.cpp:129]      Read time: 93.757 ms.
I0418 08:45:05.210993  6080 data_layer.cpp:130] Transform time: 31.24 ms.
I0418 08:45:06.054787  7952 caffe.cpp:314] Batch 2032, accuracy1+2 = 0
I0418 08:45:06.054787  7952 caffe.cpp:314] Batch 2032, accuracy1+2+3 = 0
I0418 08:45:06.195413  6080 data_layer.cpp:128] Prefetch batch: 140 ms.
I0418 08:45:06.195413  6080 data_layer.cpp:129]      Read time: 93.747 ms.
I0418 08:45:06.195413  6080 data_layer.cpp:130] Transform time: 46.879 ms.
I0418 08:45:07.039201  7952 caffe.cpp:314] Batch 2033, accuracy1+2 = 1
I0418 08:45:07.039201  7952 caffe.cpp:314] Batch 2033, accuracy1+2+3 = 1
I0418 08:45:07.164201  6080 data_layer.cpp:128] Prefetch batch: 125 ms.
I0418 08:45:07.164201  6080 data_layer.cpp:129]      Read time: 93.763 ms.
I0418 08:45:07.164201  6080 data_layer.cpp:130] Transform time: 31.237 ms.
I0418 08:45:08.054862  7952 caffe.cpp:314] Batch 2034, accuracy1+2 = 1
I0418 08:45:08.054862  7952 caffe.cpp:314] Batch 2034, accuracy1+2+3 = 1
I0418 08:45:08.179868  6080 data_layer.cpp:128] Prefetch batch: 125 ms.
I0418 08:45:08.179868  6080 data_layer.cpp:129]      Read time: 93.745 ms.
I0418 08:45:08.179868  6080 data_layer.cpp:130] Transform time: 31.261 ms.
I0418 08:45:09.054903  7952 caffe.cpp:314] Batch 2035, accuracy1+2 = 1
I0418 08:45:09.054903  7952 caffe.cpp:314] Batch 2035, accuracy1+2+3 = 1
I0418 08:45:09.164279  6080 data_layer.cpp:128] Prefetch batch: 109 ms.
I0418 08:45:09.164279  6080 data_layer.cpp:129]      Read time: 0 ms.
I0418 08:45:09.164279  6080 data_layer.cpp:130] Transform time: 109.376 ms.
I0418 08:45:10.023694  7952 caffe.cpp:314] Batch 2036, accuracy1+2 = 1
I0418 08:45:10.023694  7952 caffe.cpp:314] Batch 2036, accuracy1+2+3 = 1
I0418 08:45:10.148692  6080 data_layer.cpp:128] Prefetch batch: 124 ms.
I0418 08:45:10.148692  6080 data_layer.cpp:129]      Read time: 93.747 ms.
I0418 08:45:10.148692  6080 data_layer.cpp:130] Transform time: 31.251 ms.
I0418 08:45:11.008102  7952 caffe.cpp:314] Batch 2037, accuracy1+2 = 1
I0418 08:45:11.008102  7952 caffe.cpp:314] Batch 2037, accuracy1+2+3 = 1
I0418 08:45:11.133106  6080 data_layer.cpp:128] Prefetch batch: 125 ms.
I0418 08:45:11.133106  6080 data_layer.cpp:129]      Read time: 78.131 ms.
I0418 08:45:11.133106  6080 data_layer.cpp:130] Transform time: 46.873 ms.
I0418 08:45:11.976888  7952 caffe.cpp:314] Batch 2038, accuracy1+2 = 1
I0418 08:45:11.976888  7952 caffe.cpp:314] Batch 2038, accuracy1+2+3 = 1
I0418 08:45:12.101900  6080 data_layer.cpp:128] Prefetch batch: 125 ms.
I0418 08:45:12.101900  6080 data_layer.cpp:129]      Read time: 93.757 ms.
I0418 08:45:12.101900  6080 data_layer.cpp:130] Transform time: 31.255 ms.
I0418 08:45:12.945683  7952 caffe.cpp:314] Batch 2039, accuracy1+2 = 1
I0418 08:45:12.945683  7952 caffe.cpp:314] Batch 2039, accuracy1+2+3 = 1
I0418 08:45:13.070683  6080 data_layer.cpp:128] Prefetch batch: 125 ms.
I0418 08:45:13.070683  6080 data_layer.cpp:129]      Read time: 93.753 ms.
I0418 08:45:13.070683  6080 data_layer.cpp:130] Transform time: 31.247 ms.
I0418 08:45:13.930096  7952 caffe.cpp:314] Batch 2040, accuracy1+2 = 1
I0418 08:45:13.930096  7952 caffe.cpp:314] Batch 2040, accuracy1+2+3 = 1
I0418 08:45:14.023838  6080 data_layer.cpp:128] Prefetch batch: 93 ms.
I0418 08:45:14.023838  6080 data_layer.cpp:129]      Read time: 0 ms.
I0418 08:45:14.023838  6080 data_layer.cpp:130] Transform time: 93.741 ms.
I0418 08:45:14.898885  7952 caffe.cpp:314] Batch 2041, accuracy1+2 = 1
I0418 08:45:14.898885  7952 caffe.cpp:314] Batch 2041, accuracy1+2+3 = 1
I0418 08:45:15.023886  6080 data_layer.cpp:128] Prefetch batch: 125 ms.
I0418 08:45:15.023886  6080 data_layer.cpp:129]      Read time: 93.75 ms.
I0418 08:45:15.023886  6080 data_layer.cpp:130] Transform time: 31.251 ms.
I0418 08:45:15.883292  7952 caffe.cpp:314] Batch 2042, accuracy1+2 = 1
I0418 08:45:15.883292  7952 caffe.cpp:314] Batch 2042, accuracy1+2+3 = 1
I0418 08:45:16.008306  6080 data_layer.cpp:128] Prefetch batch: 125 ms.
I0418 08:45:16.008306  6080 data_layer.cpp:129]      Read time: 78.132 ms.
I0418 08:45:16.008306  6080 data_layer.cpp:130] Transform time: 46.882 ms.
I0418 08:45:16.852082  7952 caffe.cpp:314] Batch 2043, accuracy1+2 = 1
I0418 08:45:16.852082  7952 caffe.cpp:314] Batch 2043, accuracy1+2+3 = 1
I0418 08:45:16.977087  6080 data_layer.cpp:128] Prefetch batch: 125 ms.
I0418 08:45:16.977087  6080 data_layer.cpp:129]      Read time: 93.757 ms.
I0418 08:45:16.977087  6080 data_layer.cpp:130] Transform time: 31.247 ms.
I0418 08:45:17.820871  7952 caffe.cpp:314] Batch 2044, accuracy1+2 = 1
I0418 08:45:17.820871  7952 caffe.cpp:314] Batch 2044, accuracy1+2+3 = 1
I0418 08:45:17.945874  6080 data_layer.cpp:128] Prefetch batch: 125 ms.
I0418 08:45:17.945874  6080 data_layer.cpp:129]      Read time: 93.757 ms.
I0418 08:45:17.945874  6080 data_layer.cpp:130] Transform time: 31.246 ms.
I0418 08:45:18.805289  7952 caffe.cpp:314] Batch 2045, accuracy1+2 = 1
I0418 08:45:18.805289  7952 caffe.cpp:314] Batch 2045, accuracy1+2+3 = 1
I0418 08:45:18.899040  6080 data_layer.cpp:128] Prefetch batch: 93 ms.
I0418 08:45:18.899040  6080 data_layer.cpp:129]      Read time: 0 ms.
I0418 08:45:18.899040  6080 data_layer.cpp:130] Transform time: 93.752 ms.
I0418 08:45:19.774071  7952 caffe.cpp:314] Batch 2046, accuracy1+2 = 1
I0418 08:45:19.774071  7952 caffe.cpp:314] Batch 2046, accuracy1+2+3 = 1
I0418 08:45:19.899078  6080 data_layer.cpp:128] Prefetch batch: 125 ms.
I0418 08:45:19.899078  6080 data_layer.cpp:129]      Read time: 93.754 ms.
I0418 08:45:19.899078  6080 data_layer.cpp:130] Transform time: 31.253 ms.
I0418 08:45:20.742861  7952 caffe.cpp:314] Batch 2047, accuracy1+2 = 1
I0418 08:45:20.742861  7952 caffe.cpp:314] Batch 2047, accuracy1+2+3 = 1
I0418 08:45:20.867868  6080 data_layer.cpp:128] Prefetch batch: 125 ms.
I0418 08:45:20.867868  6080 data_layer.cpp:129]      Read time: 93.751 ms.
I0418 08:45:20.867868  6080 data_layer.cpp:130] Transform time: 31.257 ms.
I0418 08:45:21.727272  7952 caffe.cpp:314] Batch 2048, accuracy1+2 = 1
I0418 08:45:21.727272  7952 caffe.cpp:314] Batch 2048, accuracy1+2+3 = 1
I0418 08:45:21.852283  6080 data_layer.cpp:128] Prefetch batch: 125 ms.
I0418 08:45:21.852283  6080 data_layer.cpp:129]      Read time: 93.759 ms.
I0418 08:45:21.852283  6080 data_layer.cpp:130] Transform time: 31.251 ms.
I0418 08:45:22.696063  7952 caffe.cpp:314] Batch 2049, accuracy1+2 = 1
I0418 08:45:22.696063  7952 caffe.cpp:314] Batch 2049, accuracy1+2+3 = 1
I0418 08:45:22.821064  6080 data_layer.cpp:128] Prefetch batch: 125 ms.
I0418 08:45:22.821064  6080 data_layer.cpp:129]      Read time: 93.756 ms.
I0418 08:45:22.821064  6080 data_layer.cpp:130] Transform time: 31.245 ms.
I0418 08:45:23.664847  7952 caffe.cpp:314] Batch 2050, accuracy1+2 = 1
I0418 08:45:23.664847  7952 caffe.cpp:314] Batch 2050, accuracy1+2+3 = 1
I0418 08:45:23.774226  6080 data_layer.cpp:128] Prefetch batch: 109 ms.
I0418 08:45:23.774226  6080 data_layer.cpp:129]      Read time: 0 ms.
I0418 08:45:23.774226  6080 data_layer.cpp:130] Transform time: 109.379 ms.
I0418 08:45:24.649265  7952 caffe.cpp:314] Batch 2051, accuracy1+2 = 1
I0418 08:45:24.649265  7952 caffe.cpp:314] Batch 2051, accuracy1+2+3 = 1
I0418 08:45:24.774273  6080 data_layer.cpp:128] Prefetch batch: 125 ms.
I0418 08:45:24.774273  6080 data_layer.cpp:129]      Read time: 78.13 ms.
I0418 08:45:24.774273  6080 data_layer.cpp:130] Transform time: 46.879 ms.
I0418 08:45:25.618052  7952 caffe.cpp:314] Batch 2052, accuracy1+2 = 1
I0418 08:45:25.618052  7952 caffe.cpp:314] Batch 2052, accuracy1+2+3 = 1
I0418 08:45:25.743057  6080 data_layer.cpp:128] Prefetch batch: 125 ms.
I0418 08:45:25.743057  6080 data_layer.cpp:129]      Read time: 93.754 ms.
I0418 08:45:25.743057  6080 data_layer.cpp:130] Transform time: 31.25 ms.
I0418 08:45:26.586839  7952 caffe.cpp:314] Batch 2053, accuracy1+2 = 1
I0418 08:45:26.586839  7952 caffe.cpp:314] Batch 2053, accuracy1+2+3 = 1
I0418 08:45:26.711849  6080 data_layer.cpp:128] Prefetch batch: 125 ms.
I0418 08:45:26.711849  6080 data_layer.cpp:129]      Read time: 93.767 ms.
I0418 08:45:26.711849  6080 data_layer.cpp:130] Transform time: 31.243 ms.
I0418 08:45:27.555629  7952 caffe.cpp:314] Batch 2054, accuracy1+2 = 1
I0418 08:45:27.555629  7952 caffe.cpp:314] Batch 2054, accuracy1+2+3 = 1
I0418 08:45:27.696262  6080 data_layer.cpp:128] Prefetch batch: 140 ms.
I0418 08:45:27.696262  6080 data_layer.cpp:129]      Read time: 93.756 ms.
I0418 08:45:27.696262  6080 data_layer.cpp:130] Transform time: 46.877 ms.
I0418 08:45:28.540043  7952 caffe.cpp:314] Batch 2055, accuracy1+2 = 1
I0418 08:45:28.540043  7952 caffe.cpp:314] Batch 2055, accuracy1+2+3 = 1
I0418 08:45:28.665043  6080 data_layer.cpp:128] Prefetch batch: 125 ms.
I0418 08:45:28.665043  6080 data_layer.cpp:129]      Read time: 93.755 ms.
I0418 08:45:28.665043  6080 data_layer.cpp:130] Transform time: 31.245 ms.
I0418 08:45:29.508833  7952 caffe.cpp:314] Batch 2056, accuracy1+2 = 1
I0418 08:45:29.508833  7952 caffe.cpp:314] Batch 2056, accuracy1+2+3 = 1
I0418 08:45:29.618212  6080 data_layer.cpp:128] Prefetch batch: 109 ms.
I0418 08:45:29.618212  6080 data_layer.cpp:129]      Read time: 0 ms.
I0418 08:45:29.618212  6080 data_layer.cpp:130] Transform time: 109.379 ms.
I0418 08:45:30.493247  7952 caffe.cpp:314] Batch 2057, accuracy1+2 = 1
I0418 08:45:30.493247  7952 caffe.cpp:314] Batch 2057, accuracy1+2+3 = 1
I0418 08:45:30.618252  6080 data_layer.cpp:128] Prefetch batch: 125 ms.
I0418 08:45:30.618252  6080 data_layer.cpp:129]      Read time: 93.749 ms.
I0418 08:45:30.618252  6080 data_layer.cpp:130] Transform time: 31.257 ms.
I0418 08:45:31.462035  7952 caffe.cpp:314] Batch 2058, accuracy1+2 = 1
I0418 08:45:31.462035  7952 caffe.cpp:314] Batch 2058, accuracy1+2+3 = 1
I0418 08:45:31.587039  6080 data_layer.cpp:128] Prefetch batch: 125 ms.
I0418 08:45:31.587039  6080 data_layer.cpp:129]      Read time: 93.75 ms.
I0418 08:45:31.587039  6080 data_layer.cpp:130] Transform time: 31.254 ms.
I0418 08:45:32.430819  7952 caffe.cpp:314] Batch 2059, accuracy1+2 = 1
I0418 08:45:32.430819  7952 caffe.cpp:314] Batch 2059, accuracy1+2+3 = 1
I0418 08:45:32.555829  6080 data_layer.cpp:128] Prefetch batch: 125 ms.
I0418 08:45:32.555829  6080 data_layer.cpp:129]      Read time: 93.755 ms.
I0418 08:45:32.555829  6080 data_layer.cpp:130] Transform time: 31.255 ms.
I0418 08:45:33.415233  7952 caffe.cpp:314] Batch 2060, accuracy1+2 = 1
I0418 08:45:33.415233  7952 caffe.cpp:314] Batch 2060, accuracy1+2+3 = 1
I0418 08:45:33.508983  6080 data_layer.cpp:128] Prefetch batch: 93 ms.
I0418 08:45:33.508983  6080 data_layer.cpp:129]      Read time: 0 ms.
I0418 08:45:33.508983  6080 data_layer.cpp:130] Transform time: 93.75 ms.
I0418 08:45:34.384023  7952 caffe.cpp:314] Batch 2061, accuracy1+2 = 1
I0418 08:45:34.384023  7952 caffe.cpp:314] Batch 2061, accuracy1+2+3 = 1
I0418 08:45:34.509022  6080 data_layer.cpp:128] Prefetch batch: 124 ms.
I0418 08:45:34.509022  6080 data_layer.cpp:129]      Read time: 93.756 ms.
I0418 08:45:34.509022  6080 data_layer.cpp:130] Transform time: 31.243 ms.
I0418 08:45:35.352811  7952 caffe.cpp:314] Batch 2062, accuracy1+2 = 0
I0418 08:45:35.352811  7952 caffe.cpp:314] Batch 2062, accuracy1+2+3 = 0
I0418 08:45:35.477818  6080 data_layer.cpp:128] Prefetch batch: 125 ms.
I0418 08:45:35.477818  6080 data_layer.cpp:129]      Read time: 93.748 ms.
I0418 08:45:35.477818  6080 data_layer.cpp:130] Transform time: 31.258 ms.
I0418 08:45:36.321594  7952 caffe.cpp:314] Batch 2063, accuracy1+2 = 1
I0418 08:45:36.321594  7952 caffe.cpp:314] Batch 2063, accuracy1+2+3 = 1
I0418 08:45:36.446600  6080 data_layer.cpp:128] Prefetch batch: 125 ms.
I0418 08:45:36.446600  6080 data_layer.cpp:129]      Read time: 93.759 ms.
I0418 08:45:36.462224  6080 data_layer.cpp:130] Transform time: 31.247 ms.
I0418 08:45:37.306010  7952 caffe.cpp:314] Batch 2064, accuracy1+2 = 1
I0418 08:45:37.306010  7952 caffe.cpp:314] Batch 2064, accuracy1+2+3 = 1
I0418 08:45:37.431016  6080 data_layer.cpp:128] Prefetch batch: 125 ms.
I0418 08:45:37.431016  6080 data_layer.cpp:129]      Read time: 93.758 ms.
I0418 08:45:37.431016  6080 data_layer.cpp:130] Transform time: 31.249 ms.
I0418 08:45:38.274798  7952 caffe.cpp:314] Batch 2065, accuracy1+2 = 1
I0418 08:45:38.274798  7952 caffe.cpp:314] Batch 2065, accuracy1+2+3 = 1
I0418 08:45:38.399804  6080 data_layer.cpp:128] Prefetch batch: 125 ms.
I0418 08:45:38.399804  6080 data_layer.cpp:129]      Read time: 93.812 ms.
I0418 08:45:38.399804  6080 data_layer.cpp:130] Transform time: 31.194 ms.
I0418 08:45:39.259214  7952 caffe.cpp:314] Batch 2066, accuracy1+2 = 1
I0418 08:45:39.259214  7952 caffe.cpp:314] Batch 2066, accuracy1+2+3 = 1
I0418 08:45:39.368695  6080 data_layer.cpp:128] Prefetch batch: 109 ms.
I0418 08:45:39.368695  6080 data_layer.cpp:129]      Read time: 0 ms.
I0418 08:45:39.368695  6080 data_layer.cpp:130] Transform time: 109.481 ms.
I0418 08:45:40.227998  7952 caffe.cpp:314] Batch 2067, accuracy1+2 = 1
I0418 08:45:40.227998  7952 caffe.cpp:314] Batch 2067, accuracy1+2+3 = 1
I0418 08:45:40.368625  6080 data_layer.cpp:128] Prefetch batch: 140 ms.
I0418 08:45:40.368625  6080 data_layer.cpp:129]      Read time: 93.756 ms.
I0418 08:45:40.368625  6080 data_layer.cpp:130] Transform time: 46.872 ms.
I0418 08:45:41.212414  7952 caffe.cpp:314] Batch 2068, accuracy1+2 = 1
I0418 08:45:41.212414  7952 caffe.cpp:314] Batch 2068, accuracy1+2+3 = 1
I0418 08:45:41.337417  6080 data_layer.cpp:128] Prefetch batch: 125 ms.
I0418 08:45:41.337417  6080 data_layer.cpp:129]      Read time: 93.757 ms.
I0418 08:45:41.337417  6080 data_layer.cpp:130] Transform time: 31.247 ms.
I0418 08:45:42.181205  7952 caffe.cpp:314] Batch 2069, accuracy1+2 = 1
I0418 08:45:42.181205  7952 caffe.cpp:314] Batch 2069, accuracy1+2+3 = 1
I0418 08:45:42.306211  6080 data_layer.cpp:128] Prefetch batch: 125 ms.
I0418 08:45:42.306211  6080 data_layer.cpp:129]      Read time: 93.759 ms.
I0418 08:45:42.306211  6080 data_layer.cpp:130] Transform time: 31.248 ms.
I0418 08:45:43.149991  7952 caffe.cpp:314] Batch 2070, accuracy1+2 = 0
I0418 08:45:43.149991  7952 caffe.cpp:314] Batch 2070, accuracy1+2+3 = 0
I0418 08:45:43.259369  6080 data_layer.cpp:128] Prefetch batch: 109 ms.
I0418 08:45:43.259369  6080 data_layer.cpp:129]      Read time: 0 ms.
I0418 08:45:43.259369  6080 data_layer.cpp:130] Transform time: 109.378 ms.
I0418 08:45:44.134393  7952 caffe.cpp:314] Batch 2071, accuracy1+2 = 1
I0418 08:45:44.134393  7952 caffe.cpp:314] Batch 2071, accuracy1+2+3 = 1
I0418 08:45:44.259398  6080 data_layer.cpp:128] Prefetch batch: 125 ms.
I0418 08:45:44.259398  6080 data_layer.cpp:129]      Read time: 93.754 ms.
I0418 08:45:44.259398  6080 data_layer.cpp:130] Transform time: 31.251 ms.
I0418 08:45:45.150058  7952 caffe.cpp:314] Batch 2072, accuracy1+2 = 1
I0418 08:45:45.150058  7952 caffe.cpp:314] Batch 2072, accuracy1+2+3 = 1
I0418 08:45:45.275063  6080 data_layer.cpp:128] Prefetch batch: 125 ms.
I0418 08:45:45.275063  6080 data_layer.cpp:129]      Read time: 93.753 ms.
I0418 08:45:45.275063  6080 data_layer.cpp:130] Transform time: 31.252 ms.
I0418 08:45:46.150110  7952 caffe.cpp:314] Batch 2073, accuracy1+2 = 1
I0418 08:45:46.150110  7952 caffe.cpp:314] Batch 2073, accuracy1+2+3 = 1
I0418 08:45:46.275112  6080 data_layer.cpp:128] Prefetch batch: 125 ms.
I0418 08:45:46.275112  6080 data_layer.cpp:129]      Read time: 93.752 ms.
I0418 08:45:46.275112  6080 data_layer.cpp:130] Transform time: 31.251 ms.
I0418 08:45:47.134517  7952 caffe.cpp:314] Batch 2074, accuracy1+2 = 1
I0418 08:45:47.134517  7952 caffe.cpp:314] Batch 2074, accuracy1+2+3 = 1
I0418 08:45:47.228279  6080 data_layer.cpp:128] Prefetch batch: 93 ms.
I0418 08:45:47.228279  6080 data_layer.cpp:129]      Read time: 0 ms.
I0418 08:45:47.228279  6080 data_layer.cpp:130] Transform time: 93.762 ms.
I0418 08:45:48.103307  7952 caffe.cpp:314] Batch 2075, accuracy1+2 = 1
I0418 08:45:48.103307  7952 caffe.cpp:314] Batch 2075, accuracy1+2+3 = 1
I0418 08:45:48.228318  6080 data_layer.cpp:128] Prefetch batch: 125 ms.
I0418 08:45:48.228318  6080 data_layer.cpp:129]      Read time: 93.754 ms.
I0418 08:45:48.228318  6080 data_layer.cpp:130] Transform time: 31.258 ms.
I0418 08:45:49.072098  7952 caffe.cpp:314] Batch 2076, accuracy1+2 = 1
I0418 08:45:49.072098  7952 caffe.cpp:314] Batch 2076, accuracy1+2+3 = 1
I0418 08:45:49.197101  6080 data_layer.cpp:128] Prefetch batch: 125 ms.
I0418 08:45:49.197101  6080 data_layer.cpp:129]      Read time: 93.754 ms.
I0418 08:45:49.197101  6080 data_layer.cpp:130] Transform time: 31.249 ms.
I0418 08:45:50.040884  7952 caffe.cpp:314] Batch 2077, accuracy1+2 = 1
I0418 08:45:50.040884  7952 caffe.cpp:314] Batch 2077, accuracy1+2+3 = 1
I0418 08:45:50.165890  6080 data_layer.cpp:128] Prefetch batch: 125 ms.
I0418 08:45:50.165890  6080 data_layer.cpp:129]      Read time: 93.758 ms.
I0418 08:45:50.165890  6080 data_layer.cpp:130] Transform time: 31.248 ms.
I0418 08:45:51.009676  7952 caffe.cpp:314] Batch 2078, accuracy1+2 = 1
I0418 08:45:51.009676  7952 caffe.cpp:314] Batch 2078, accuracy1+2+3 = 1
I0418 08:45:51.150300  6080 data_layer.cpp:128] Prefetch batch: 140 ms.
I0418 08:45:51.150300  6080 data_layer.cpp:129]      Read time: 93.747 ms.
I0418 08:45:51.150300  6080 data_layer.cpp:130] Transform time: 46.877 ms.
I0418 08:45:51.994087  7952 caffe.cpp:314] Batch 2079, accuracy1+2 = 1
I0418 08:45:51.994087  7952 caffe.cpp:314] Batch 2079, accuracy1+2+3 = 1
I0418 08:45:52.103471  6080 data_layer.cpp:128] Prefetch batch: 109 ms.
I0418 08:45:52.103471  6080 data_layer.cpp:129]      Read time: 0 ms.
I0418 08:45:52.103471  6080 data_layer.cpp:130] Transform time: 109.384 ms.
I0418 08:45:52.962873  7952 caffe.cpp:314] Batch 2080, accuracy1+2 = 1
I0418 08:45:52.962873  7952 caffe.cpp:314] Batch 2080, accuracy1+2+3 = 1
I0418 08:45:53.087877  6080 data_layer.cpp:128] Prefetch batch: 125 ms.
I0418 08:45:53.087877  6080 data_layer.cpp:129]      Read time: 93.759 ms.
I0418 08:45:53.087877  6080 data_layer.cpp:130] Transform time: 31.244 ms.
I0418 08:45:53.947286  7952 caffe.cpp:314] Batch 2081, accuracy1+2 = 1
I0418 08:45:53.947286  7952 caffe.cpp:314] Batch 2081, accuracy1+2+3 = 1
I0418 08:45:54.072291  6080 data_layer.cpp:128] Prefetch batch: 125 ms.
I0418 08:45:54.072291  6080 data_layer.cpp:129]      Read time: 78.128 ms.
I0418 08:45:54.072291  6080 data_layer.cpp:130] Transform time: 46.877 ms.
I0418 08:45:54.916081  7952 caffe.cpp:314] Batch 2082, accuracy1+2 = 1
I0418 08:45:54.916081  7952 caffe.cpp:314] Batch 2082, accuracy1+2+3 = 1
I0418 08:45:55.041085  6080 data_layer.cpp:128] Prefetch batch: 125 ms.
I0418 08:45:55.041085  6080 data_layer.cpp:129]      Read time: 93.753 ms.
I0418 08:45:55.041085  6080 data_layer.cpp:130] Transform time: 31.251 ms.
I0418 08:45:55.884861  7952 caffe.cpp:314] Batch 2083, accuracy1+2 = 1
I0418 08:45:55.884861  7952 caffe.cpp:314] Batch 2083, accuracy1+2+3 = 1
I0418 08:45:56.009866  6080 data_layer.cpp:128] Prefetch batch: 125 ms.
I0418 08:45:56.009866  6080 data_layer.cpp:129]      Read time: 93.761 ms.
I0418 08:45:56.009866  6080 data_layer.cpp:130] Transform time: 31.244 ms.
I0418 08:45:56.869273  7952 caffe.cpp:314] Batch 2084, accuracy1+2 = 1
I0418 08:45:56.869273  7952 caffe.cpp:314] Batch 2084, accuracy1+2+3 = 1
I0418 08:45:56.963033  6080 data_layer.cpp:128] Prefetch batch: 93 ms.
I0418 08:45:56.963033  6080 data_layer.cpp:129]      Read time: 0 ms.
I0418 08:45:56.963033  6080 data_layer.cpp:130] Transform time: 93.76 ms.
I0418 08:45:57.838063  7952 caffe.cpp:314] Batch 2085, accuracy1+2 = 1
I0418 08:45:57.838063  7952 caffe.cpp:314] Batch 2085, accuracy1+2+3 = 1
I0418 08:45:57.963071  6080 data_layer.cpp:128] Prefetch batch: 125 ms.
I0418 08:45:57.963071  6080 data_layer.cpp:129]      Read time: 93.756 ms.
I0418 08:45:57.963071  6080 data_layer.cpp:130] Transform time: 31.253 ms.
I0418 08:45:58.806856  7952 caffe.cpp:314] Batch 2086, accuracy1+2 = 1
I0418 08:45:58.806856  7952 caffe.cpp:314] Batch 2086, accuracy1+2+3 = 1
I0418 08:45:58.931856  6080 data_layer.cpp:128] Prefetch batch: 125 ms.
I0418 08:45:58.931856  6080 data_layer.cpp:129]      Read time: 93.754 ms.
I0418 08:45:58.931856  6080 data_layer.cpp:130] Transform time: 31.246 ms.
I0418 08:45:59.775638  7952 caffe.cpp:314] Batch 2087, accuracy1+2 = 1
I0418 08:45:59.775638  7952 caffe.cpp:314] Batch 2087, accuracy1+2+3 = 1
I0418 08:45:59.900655  6080 data_layer.cpp:128] Prefetch batch: 125 ms.
I0418 08:45:59.900655  6080 data_layer.cpp:129]      Read time: 93.76 ms.
I0418 08:45:59.916271  6080 data_layer.cpp:130] Transform time: 31.257 ms.
I0418 08:46:00.760057  7952 caffe.cpp:314] Batch 2088, accuracy1+2 = 1
I0418 08:46:00.760057  7952 caffe.cpp:314] Batch 2088, accuracy1+2+3 = 1
I0418 08:46:00.885058  6080 data_layer.cpp:128] Prefetch batch: 125 ms.
I0418 08:46:00.885058  6080 data_layer.cpp:129]      Read time: 78.123 ms.
I0418 08:46:00.885058  6080 data_layer.cpp:130] Transform time: 46.878 ms.
I0418 08:46:01.728847  7952 caffe.cpp:314] Batch 2089, accuracy1+2 = 1
I0418 08:46:01.728847  7952 caffe.cpp:314] Batch 2089, accuracy1+2+3 = 1
I0418 08:46:01.838224  6080 data_layer.cpp:128] Prefetch batch: 109 ms.
I0418 08:46:01.838224  6080 data_layer.cpp:129]      Read time: 0 ms.
I0418 08:46:01.838224  6080 data_layer.cpp:130] Transform time: 109.377 ms.
I0418 08:46:02.697628  7952 caffe.cpp:314] Batch 2090, accuracy1+2 = 1
I0418 08:46:02.697628  7952 caffe.cpp:314] Batch 2090, accuracy1+2+3 = 1
I0418 08:46:02.822641  6080 data_layer.cpp:128] Prefetch batch: 125 ms.
I0418 08:46:02.822641  6080 data_layer.cpp:129]      Read time: 93.76 ms.
I0418 08:46:02.822641  6080 data_layer.cpp:130] Transform time: 31.253 ms.
I0418 08:46:03.666420  7952 caffe.cpp:314] Batch 2091, accuracy1+2 = 1
I0418 08:46:03.666420  7952 caffe.cpp:314] Batch 2091, accuracy1+2+3 = 1
I0418 08:46:03.791425  6080 data_layer.cpp:128] Prefetch batch: 125 ms.
I0418 08:46:03.791425  6080 data_layer.cpp:129]      Read time: 93.752 ms.
I0418 08:46:03.791425  6080 data_layer.cpp:130] Transform time: 31.253 ms.
I0418 08:46:04.650831  7952 caffe.cpp:314] Batch 2092, accuracy1+2 = 1
I0418 08:46:04.650831  7952 caffe.cpp:314] Batch 2092, accuracy1+2+3 = 1
I0418 08:46:04.775840  6080 data_layer.cpp:128] Prefetch batch: 125 ms.
I0418 08:46:04.775840  6080 data_layer.cpp:129]      Read time: 78.129 ms.
I0418 08:46:04.775840  6080 data_layer.cpp:130] Transform time: 46.879 ms.
I0418 08:46:05.619624  7952 caffe.cpp:314] Batch 2093, accuracy1+2 = 1
I0418 08:46:05.619624  7952 caffe.cpp:314] Batch 2093, accuracy1+2+3 = 1
I0418 08:46:05.744624  6080 data_layer.cpp:128] Prefetch batch: 125 ms.
I0418 08:46:05.744624  6080 data_layer.cpp:129]      Read time: 93.75 ms.
I0418 08:46:05.744624  6080 data_layer.cpp:130] Transform time: 31.25 ms.
I0418 08:46:06.588405  7952 caffe.cpp:314] Batch 2094, accuracy1+2 = 1
I0418 08:46:06.588405  7952 caffe.cpp:314] Batch 2094, accuracy1+2+3 = 1
I0418 08:46:06.697793  6080 data_layer.cpp:128] Prefetch batch: 109 ms.
I0418 08:46:06.697793  6080 data_layer.cpp:129]      Read time: 0 ms.
I0418 08:46:06.697793  6080 data_layer.cpp:130] Transform time: 109.387 ms.
I0418 08:46:07.572819  7952 caffe.cpp:314] Batch 2095, accuracy1+2 = 1
I0418 08:46:07.572819  7952 caffe.cpp:314] Batch 2095, accuracy1+2+3 = 1
I0418 08:46:07.697834  6080 data_layer.cpp:128] Prefetch batch: 125 ms.
I0418 08:46:07.697834  6080 data_layer.cpp:129]      Read time: 78.135 ms.
I0418 08:46:07.697834  6080 data_layer.cpp:130] Transform time: 46.879 ms.
I0418 08:46:08.541612  7952 caffe.cpp:314] Batch 2096, accuracy1+2 = 1
I0418 08:46:08.541612  7952 caffe.cpp:314] Batch 2096, accuracy1+2+3 = 1
I0418 08:46:08.666610  6080 data_layer.cpp:128] Prefetch batch: 124 ms.
I0418 08:46:08.666610  6080 data_layer.cpp:129]      Read time: 93.756 ms.
I0418 08:46:08.666610  6080 data_layer.cpp:130] Transform time: 31.242 ms.
I0418 08:46:09.510401  7952 caffe.cpp:314] Batch 2097, accuracy1+2 = 1
I0418 08:46:09.510401  7952 caffe.cpp:314] Batch 2097, accuracy1+2+3 = 1
I0418 08:46:09.635407  6080 data_layer.cpp:128] Prefetch batch: 125 ms.
I0418 08:46:09.635407  6080 data_layer.cpp:129]      Read time: 93.752 ms.
I0418 08:46:09.635407  6080 data_layer.cpp:130] Transform time: 31.255 ms.
I0418 08:46:10.494818  7952 caffe.cpp:314] Batch 2098, accuracy1+2 = 0
I0418 08:46:10.494818  7952 caffe.cpp:314] Batch 2098, accuracy1+2+3 = 1
I0418 08:46:10.619819  6080 data_layer.cpp:128] Prefetch batch: 125 ms.
I0418 08:46:10.619819  6080 data_layer.cpp:129]      Read time: 93.748 ms.
I0418 08:46:10.619819  6080 data_layer.cpp:130] Transform time: 31.253 ms.
I0418 08:46:11.463598  7952 caffe.cpp:314] Batch 2099, accuracy1+2 = 1
I0418 08:46:11.463598  7952 caffe.cpp:314] Batch 2099, accuracy1+2+3 = 1
I0418 08:46:11.572984  6080 data_layer.cpp:128] Prefetch batch: 109 ms.
I0418 08:46:11.572984  6080 data_layer.cpp:129]      Read time: 0 ms.
I0418 08:46:11.572984  6080 data_layer.cpp:130] Transform time: 109.387 ms.
I0418 08:46:12.432389  7952 caffe.cpp:314] Batch 2100, accuracy1+2 = 1
I0418 08:46:12.432389  7952 caffe.cpp:314] Batch 2100, accuracy1+2+3 = 1
I0418 08:46:12.557399  6080 data_layer.cpp:128] Prefetch batch: 125 ms.
I0418 08:46:12.557399  6080 data_layer.cpp:129]      Read time: 93.753 ms.
I0418 08:46:12.557399  6080 data_layer.cpp:130] Transform time: 31.256 ms.
I0418 08:46:13.401180  7952 caffe.cpp:314] Batch 2101, accuracy1+2 = 1
I0418 08:46:13.401180  7952 caffe.cpp:314] Batch 2101, accuracy1+2+3 = 1
I0418 08:46:13.541803  6080 data_layer.cpp:128] Prefetch batch: 140 ms.
I0418 08:46:13.541803  6080 data_layer.cpp:129]      Read time: 93.747 ms.
I0418 08:46:13.541803  6080 data_layer.cpp:130] Transform time: 46.876 ms.
I0418 08:46:14.385591  7952 caffe.cpp:314] Batch 2102, accuracy1+2 = 1
I0418 08:46:14.385591  7952 caffe.cpp:314] Batch 2102, accuracy1+2+3 = 1
I0418 08:46:14.510592  6080 data_layer.cpp:128] Prefetch batch: 125 ms.
I0418 08:46:14.510592  6080 data_layer.cpp:129]      Read time: 93.757 ms.
I0418 08:46:14.510592  6080 data_layer.cpp:130] Transform time: 31.244 ms.
I0418 08:46:15.354377  7952 caffe.cpp:314] Batch 2103, accuracy1+2 = 1
I0418 08:46:15.354377  7952 caffe.cpp:314] Batch 2103, accuracy1+2+3 = 1
I0418 08:46:15.479382  6080 data_layer.cpp:128] Prefetch batch: 125 ms.
I0418 08:46:15.479382  6080 data_layer.cpp:129]      Read time: 93.76 ms.
I0418 08:46:15.479382  6080 data_layer.cpp:130] Transform time: 31.246 ms.
I0418 08:46:16.354423  7952 caffe.cpp:314] Batch 2104, accuracy1+2 = 1
I0418 08:46:16.354423  7952 caffe.cpp:314] Batch 2104, accuracy1+2+3 = 1
I0418 08:46:16.479418  6080 data_layer.cpp:128] Prefetch batch: 124 ms.
I0418 08:46:16.479418  6080 data_layer.cpp:129]      Read time: 93.757 ms.
I0418 08:46:16.479418  6080 data_layer.cpp:130] Transform time: 31.237 ms.
I0418 08:46:17.338830  7952 caffe.cpp:314] Batch 2105, accuracy1+2 = 1
I0418 08:46:17.338830  7952 caffe.cpp:314] Batch 2105, accuracy1+2+3 = 1
I0418 08:46:17.463834  6080 data_layer.cpp:128] Prefetch batch: 125 ms.
I0418 08:46:17.463834  6080 data_layer.cpp:129]      Read time: 93.757 ms.
I0418 08:46:17.463834  6080 data_layer.cpp:130] Transform time: 31.246 ms.
I0418 08:46:18.307622  7952 caffe.cpp:314] Batch 2106, accuracy1+2 = 1
I0418 08:46:18.307622  7952 caffe.cpp:314] Batch 2106, accuracy1+2+3 = 1
I0418 08:46:18.416996  6080 data_layer.cpp:128] Prefetch batch: 109 ms.
I0418 08:46:18.416996  6080 data_layer.cpp:129]      Read time: 0 ms.
I0418 08:46:18.416996  6080 data_layer.cpp:130] Transform time: 109.373 ms.
I0418 08:46:19.276407  7952 caffe.cpp:314] Batch 2107, accuracy1+2 = 1
I0418 08:46:19.276407  7952 caffe.cpp:314] Batch 2107, accuracy1+2+3 = 1
I0418 08:46:19.401408  6080 data_layer.cpp:128] Prefetch batch: 125 ms.
I0418 08:46:19.417040  6080 data_layer.cpp:129]      Read time: 93.754 ms.
I0418 08:46:19.417040  6080 data_layer.cpp:130] Transform time: 31.247 ms.
I0418 08:46:20.260819  7952 caffe.cpp:314] Batch 2108, accuracy1+2 = 1
I0418 08:46:20.260819  7952 caffe.cpp:314] Batch 2108, accuracy1+2+3 = 1
I0418 08:46:20.385825  6080 data_layer.cpp:128] Prefetch batch: 125 ms.
I0418 08:46:20.385825  6080 data_layer.cpp:129]      Read time: 78.13 ms.
I0418 08:46:20.385825  6080 data_layer.cpp:130] Transform time: 46.876 ms.
I0418 08:46:21.229609  7952 caffe.cpp:314] Batch 2109, accuracy1+2 = 1
I0418 08:46:21.229609  7952 caffe.cpp:314] Batch 2109, accuracy1+2+3 = 1
I0418 08:46:21.354611  6080 data_layer.cpp:128] Prefetch batch: 125 ms.
I0418 08:46:21.354611  6080 data_layer.cpp:129]      Read time: 93.753 ms.
I0418 08:46:21.354611  6080 data_layer.cpp:130] Transform time: 31.25 ms.
I0418 08:46:22.229650  7952 caffe.cpp:314] Batch 2110, accuracy1+2 = 1
I0418 08:46:22.229650  7952 caffe.cpp:314] Batch 2110, accuracy1+2+3 = 1
I0418 08:46:22.339025  6080 data_layer.cpp:128] Prefetch batch: 109 ms.
I0418 08:46:22.339025  6080 data_layer.cpp:129]      Read time: 0 ms.
I0418 08:46:22.339025  6080 data_layer.cpp:130] Transform time: 109.374 ms.
I0418 08:46:23.245302  7952 caffe.cpp:314] Batch 2111, accuracy1+2 = 1
I0418 08:46:23.245302  7952 caffe.cpp:314] Batch 2111, accuracy1+2+3 = 1
I0418 08:46:23.370307  6080 data_layer.cpp:128] Prefetch batch: 125 ms.
I0418 08:46:23.370307  6080 data_layer.cpp:129]      Read time: 78.129 ms.
I0418 08:46:23.370307  6080 data_layer.cpp:130] Transform time: 46.876 ms.
I0418 08:46:24.245342  7952 caffe.cpp:314] Batch 2112, accuracy1+2 = 1
I0418 08:46:24.245342  7952 caffe.cpp:314] Batch 2112, accuracy1+2+3 = 0
I0418 08:46:24.370352  6080 data_layer.cpp:128] Prefetch batch: 125 ms.
I0418 08:46:24.370352  6080 data_layer.cpp:129]      Read time: 109.379 ms.
I0418 08:46:24.370352  6080 data_layer.cpp:130] Transform time: 15.63 ms.
I0418 08:46:25.229768  7952 caffe.cpp:314] Batch 2113, accuracy1+2 = 1
I0418 08:46:25.229768  7952 caffe.cpp:314] Batch 2113, accuracy1+2+3 = 1
I0418 08:46:25.354774  6080 data_layer.cpp:128] Prefetch batch: 125 ms.
I0418 08:46:25.354774  6080 data_layer.cpp:129]      Read time: 93.749 ms.
I0418 08:46:25.354774  6080 data_layer.cpp:130] Transform time: 31.257 ms.
I0418 08:46:26.198554  7952 caffe.cpp:314] Batch 2114, accuracy1+2 = 1
I0418 08:46:26.198554  7952 caffe.cpp:314] Batch 2114, accuracy1+2+3 = 1
I0418 08:46:26.323560  6080 data_layer.cpp:128] Prefetch batch: 125 ms.
I0418 08:46:26.323560  6080 data_layer.cpp:129]      Read time: 93.752 ms.
I0418 08:46:26.323560  6080 data_layer.cpp:130] Transform time: 31.255 ms.
I0418 08:46:27.182967  7952 caffe.cpp:314] Batch 2115, accuracy1+2 = 1
I0418 08:46:27.182967  7952 caffe.cpp:314] Batch 2115, accuracy1+2+3 = 1
I0418 08:46:27.307976  6080 data_layer.cpp:128] Prefetch batch: 125 ms.
I0418 08:46:27.307976  6080 data_layer.cpp:129]      Read time: 78.128 ms.
I0418 08:46:27.307976  6080 data_layer.cpp:130] Transform time: 46.88 ms.
I0418 08:46:28.151752  7952 caffe.cpp:314] Batch 2116, accuracy1+2 = 1
I0418 08:46:28.151752  7952 caffe.cpp:314] Batch 2116, accuracy1+2+3 = 1
I0418 08:46:28.261137  6080 data_layer.cpp:128] Prefetch batch: 109 ms.
I0418 08:46:28.261137  6080 data_layer.cpp:129]      Read time: 0 ms.
I0418 08:46:28.261137  6080 data_layer.cpp:130] Transform time: 109.384 ms.
I0418 08:46:29.120543  7952 caffe.cpp:314] Batch 2117, accuracy1+2 = 1
I0418 08:46:29.120543  7952 caffe.cpp:314] Batch 2117, accuracy1+2+3 = 1
I0418 08:46:29.245544  6080 data_layer.cpp:128] Prefetch batch: 125 ms.
I0418 08:46:29.245544  6080 data_layer.cpp:129]      Read time: 93.754 ms.
I0418 08:46:29.245544  6080 data_layer.cpp:130] Transform time: 31.248 ms.
I0418 08:46:30.089335  7952 caffe.cpp:314] Batch 2118, accuracy1+2 = 1
I0418 08:46:30.089335  7952 caffe.cpp:314] Batch 2118, accuracy1+2+3 = 1
I0418 08:46:30.214337  6080 data_layer.cpp:128] Prefetch batch: 125 ms.
I0418 08:46:30.214337  6080 data_layer.cpp:129]      Read time: 93.754 ms.
I0418 08:46:30.229964  6080 data_layer.cpp:130] Transform time: 31.248 ms.
I0418 08:46:31.073741  7952 caffe.cpp:314] Batch 2119, accuracy1+2 = 1
I0418 08:46:31.073741  7952 caffe.cpp:314] Batch 2119, accuracy1+2+3 = 1
I0418 08:46:31.198753  6080 data_layer.cpp:128] Prefetch batch: 125 ms.
I0418 08:46:31.198753  6080 data_layer.cpp:129]      Read time: 78.131 ms.
I0418 08:46:31.198753  6080 data_layer.cpp:130] Transform time: 46.881 ms.
I0418 08:46:32.042536  7952 caffe.cpp:314] Batch 2120, accuracy1+2 = 1
I0418 08:46:32.042536  7952 caffe.cpp:314] Batch 2120, accuracy1+2+3 = 1
I0418 08:46:32.167539  6080 data_layer.cpp:128] Prefetch batch: 125 ms.
I0418 08:46:32.167539  6080 data_layer.cpp:129]      Read time: 93.747 ms.
I0418 08:46:32.167539  6080 data_layer.cpp:130] Transform time: 31.256 ms.
I0418 08:46:33.011327  7952 caffe.cpp:314] Batch 2121, accuracy1+2 = 1
I0418 08:46:33.011327  7952 caffe.cpp:314] Batch 2121, accuracy1+2+3 = 1
I0418 08:46:33.136324  6080 data_layer.cpp:128] Prefetch batch: 124 ms.
I0418 08:46:33.136324  6080 data_layer.cpp:129]      Read time: 93.752 ms.
I0418 08:46:33.136324  6080 data_layer.cpp:130] Transform time: 31.245 ms.
I0418 08:46:33.995735  7952 caffe.cpp:314] Batch 2122, accuracy1+2 = 1
I0418 08:46:33.995735  7952 caffe.cpp:314] Batch 2122, accuracy1+2+3 = 1
I0418 08:46:34.089489  6080 data_layer.cpp:128] Prefetch batch: 93 ms.
I0418 08:46:34.089489  6080 data_layer.cpp:129]      Read time: 0 ms.
I0418 08:46:34.089489  6080 data_layer.cpp:130] Transform time: 93.754 ms.
I0418 08:46:34.964525  7952 caffe.cpp:314] Batch 2123, accuracy1+2 = 1
I0418 08:46:34.964525  7952 caffe.cpp:314] Batch 2123, accuracy1+2+3 = 1
I0418 08:46:35.089529  6080 data_layer.cpp:128] Prefetch batch: 125 ms.
I0418 08:46:35.089529  6080 data_layer.cpp:129]      Read time: 93.749 ms.
I0418 08:46:35.089529  6080 data_layer.cpp:130] Transform time: 31.254 ms.
I0418 08:46:35.933307  7952 caffe.cpp:314] Batch 2124, accuracy1+2 = 1
I0418 08:46:35.933307  7952 caffe.cpp:314] Batch 2124, accuracy1+2+3 = 1
I0418 08:46:36.058318  6080 data_layer.cpp:128] Prefetch batch: 125 ms.
I0418 08:46:36.058318  6080 data_layer.cpp:129]      Read time: 93.758 ms.
I0418 08:46:36.058318  6080 data_layer.cpp:130] Transform time: 31.253 ms.
I0418 08:46:36.902099  7952 caffe.cpp:314] Batch 2125, accuracy1+2 = 1
I0418 08:46:36.902099  7952 caffe.cpp:314] Batch 2125, accuracy1+2+3 = 1
I0418 08:46:37.042732  6080 data_layer.cpp:128] Prefetch batch: 140 ms.
I0418 08:46:37.042732  6080 data_layer.cpp:129]      Read time: 93.756 ms.
I0418 08:46:37.042732  6080 data_layer.cpp:130] Transform time: 46.877 ms.
I0418 08:46:37.886502  7952 caffe.cpp:314] Batch 2126, accuracy1+2 = 1
I0418 08:46:37.886502  7952 caffe.cpp:314] Batch 2126, accuracy1+2+3 = 1
I0418 08:46:38.011514  6080 data_layer.cpp:128] Prefetch batch: 125 ms.
I0418 08:46:38.011514  6080 data_layer.cpp:129]      Read time: 93.767 ms.
I0418 08:46:38.011514  6080 data_layer.cpp:130] Transform time: 31.245 ms.
I0418 08:46:38.855303  7952 caffe.cpp:314] Batch 2127, accuracy1+2 = 1
I0418 08:46:38.855303  7952 caffe.cpp:314] Batch 2127, accuracy1+2+3 = 1
I0418 08:46:38.964682  6080 data_layer.cpp:128] Prefetch batch: 109 ms.
I0418 08:46:38.964682  6080 data_layer.cpp:129]      Read time: 0 ms.
I0418 08:46:38.964682  6080 data_layer.cpp:130] Transform time: 109.38 ms.
I0418 08:46:39.824085  7952 caffe.cpp:314] Batch 2128, accuracy1+2 = 1
I0418 08:46:39.824085  7952 caffe.cpp:314] Batch 2128, accuracy1+2+3 = 1
I0418 08:46:39.964722  6080 data_layer.cpp:128] Prefetch batch: 140 ms.
I0418 08:46:39.964722  6080 data_layer.cpp:129]      Read time: 93.755 ms.
I0418 08:46:39.964722  6080 data_layer.cpp:130] Transform time: 46.882 ms.
I0418 08:46:40.808501  7952 caffe.cpp:314] Batch 2129, accuracy1+2 = 0
I0418 08:46:40.808501  7952 caffe.cpp:314] Batch 2129, accuracy1+2+3 = 0
I0418 08:46:40.933508  6080 data_layer.cpp:128] Prefetch batch: 125 ms.
I0418 08:46:40.933508  6080 data_layer.cpp:129]      Read time: 93.751 ms.
I0418 08:46:40.933508  6080 data_layer.cpp:130] Transform time: 31.256 ms.
I0418 08:46:41.777298  7952 caffe.cpp:314] Batch 2130, accuracy1+2 = 1
I0418 08:46:41.777298  7952 caffe.cpp:314] Batch 2130, accuracy1+2+3 = 1
I0418 08:46:41.902297  6080 data_layer.cpp:128] Prefetch batch: 124 ms.
I0418 08:46:41.902297  6080 data_layer.cpp:129]      Read time: 93.742 ms.
I0418 08:46:41.902297  6080 data_layer.cpp:130] Transform time: 31.256 ms.
I0418 08:46:42.761699  7952 caffe.cpp:314] Batch 2131, accuracy1+2 = 1
I0418 08:46:42.761699  7952 caffe.cpp:314] Batch 2131, accuracy1+2+3 = 1
I0418 08:46:42.886711  6080 data_layer.cpp:128] Prefetch batch: 125 ms.
I0418 08:46:42.886711  6080 data_layer.cpp:129]      Read time: 78.132 ms.
I0418 08:46:42.886711  6080 data_layer.cpp:130] Transform time: 46.88 ms.
I0418 08:46:43.730487  7952 caffe.cpp:314] Batch 2132, accuracy1+2 = 1
I0418 08:46:43.730487  7952 caffe.cpp:314] Batch 2132, accuracy1+2+3 = 1
I0418 08:46:43.855494  6080 data_layer.cpp:128] Prefetch batch: 125 ms.
I0418 08:46:43.855494  6080 data_layer.cpp:129]      Read time: 93.763 ms.
I0418 08:46:43.855494  6080 data_layer.cpp:130] Transform time: 31.244 ms.
I0418 08:46:44.714905  7952 caffe.cpp:314] Batch 2133, accuracy1+2 = 1
I0418 08:46:44.714905  7952 caffe.cpp:314] Batch 2133, accuracy1+2+3 = 1
I0418 08:46:44.839906  6080 data_layer.cpp:128] Prefetch batch: 125 ms.
I0418 08:46:44.839906  6080 data_layer.cpp:129]      Read time: 78.126 ms.
I0418 08:46:44.839906  6080 data_layer.cpp:130] Transform time: 46.875 ms.
I0418 08:46:45.683694  7952 caffe.cpp:314] Batch 2134, accuracy1+2 = 1
I0418 08:46:45.683694  7952 caffe.cpp:314] Batch 2134, accuracy1+2+3 = 1
I0418 08:46:45.793071  6080 data_layer.cpp:128] Prefetch batch: 109 ms.
I0418 08:46:45.793071  6080 data_layer.cpp:129]      Read time: 0 ms.
I0418 08:46:45.793071  6080 data_layer.cpp:130] Transform time: 109.376 ms.
I0418 08:46:46.652483  7952 caffe.cpp:314] Batch 2135, accuracy1+2 = 1
I0418 08:46:46.652483  7952 caffe.cpp:314] Batch 2135, accuracy1+2+3 = 1
I0418 08:46:46.777490  6080 data_layer.cpp:128] Prefetch batch: 125 ms.
I0418 08:46:46.777490  6080 data_layer.cpp:129]      Read time: 93.752 ms.
I0418 08:46:46.777490  6080 data_layer.cpp:130] Transform time: 31.255 ms.
I0418 08:46:47.621280  7952 caffe.cpp:314] Batch 2136, accuracy1+2 = 1
I0418 08:46:47.621280  7952 caffe.cpp:314] Batch 2136, accuracy1+2+3 = 1
I0418 08:46:47.746271  6080 data_layer.cpp:128] Prefetch batch: 124 ms.
I0418 08:46:47.746271  6080 data_layer.cpp:129]      Read time: 93.742 ms.
I0418 08:46:47.746271  6080 data_layer.cpp:130] Transform time: 31.249 ms.
I0418 08:46:48.605685  7952 caffe.cpp:314] Batch 2137, accuracy1+2 = 1
I0418 08:46:48.605685  7952 caffe.cpp:314] Batch 2137, accuracy1+2+3 = 1
I0418 08:46:48.730684  6080 data_layer.cpp:128] Prefetch batch: 124 ms.
I0418 08:46:48.730684  6080 data_layer.cpp:129]      Read time: 78.125 ms.
I0418 08:46:48.730684  6080 data_layer.cpp:130] Transform time: 46.874 ms.
I0418 08:46:49.574473  7952 caffe.cpp:314] Batch 2138, accuracy1+2 = 1
I0418 08:46:49.574473  7952 caffe.cpp:314] Batch 2138, accuracy1+2+3 = 1
I0418 08:46:49.668226  6080 data_layer.cpp:128] Prefetch batch: 93 ms.
I0418 08:46:49.683850  6080 data_layer.cpp:129]      Read time: 0 ms.
I0418 08:46:49.683850  6080 data_layer.cpp:130] Transform time: 93.752 ms.
I0418 08:46:50.543256  7952 caffe.cpp:314] Batch 2139, accuracy1+2 = 1
I0418 08:46:50.543256  7952 caffe.cpp:314] Batch 2139, accuracy1+2+3 = 1
I0418 08:46:50.668262  6080 data_layer.cpp:128] Prefetch batch: 125 ms.
I0418 08:46:50.668262  6080 data_layer.cpp:129]      Read time: 93.76 ms.
I0418 08:46:50.668262  6080 data_layer.cpp:130] Transform time: 31.247 ms.
I0418 08:46:51.512049  7952 caffe.cpp:314] Batch 2140, accuracy1+2 = 1
I0418 08:46:51.512049  7952 caffe.cpp:314] Batch 2140, accuracy1+2+3 = 1
I0418 08:46:51.637053  6080 data_layer.cpp:128] Prefetch batch: 125 ms.
I0418 08:46:51.637053  6080 data_layer.cpp:129]      Read time: 93.748 ms.
I0418 08:46:51.637053  6080 data_layer.cpp:130] Transform time: 31.256 ms.
I0418 08:46:52.496461  7952 caffe.cpp:314] Batch 2141, accuracy1+2 = 1
I0418 08:46:52.496461  7952 caffe.cpp:314] Batch 2141, accuracy1+2+3 = 1
I0418 08:46:52.621465  6080 data_layer.cpp:128] Prefetch batch: 125 ms.
I0418 08:46:52.621465  6080 data_layer.cpp:129]      Read time: 93.749 ms.
I0418 08:46:52.621465  6080 data_layer.cpp:130] Transform time: 31.255 ms.
I0418 08:46:53.465245  7952 caffe.cpp:314] Batch 2142, accuracy1+2 = 1
I0418 08:46:53.465245  7952 caffe.cpp:314] Batch 2142, accuracy1+2+3 = 1
I0418 08:46:53.574625  6080 data_layer.cpp:128] Prefetch batch: 109 ms.
I0418 08:46:53.574625  6080 data_layer.cpp:129]      Read time: 0 ms.
I0418 08:46:53.574625  6080 data_layer.cpp:130] Transform time: 109.379 ms.
I0418 08:46:54.449661  7952 caffe.cpp:314] Batch 2143, accuracy1+2 = 1
I0418 08:46:54.449661  7952 caffe.cpp:314] Batch 2143, accuracy1+2+3 = 1
I0418 08:46:54.574669  6080 data_layer.cpp:128] Prefetch batch: 125 ms.
I0418 08:46:54.574669  6080 data_layer.cpp:129]      Read time: 78.126 ms.
I0418 08:46:54.574669  6080 data_layer.cpp:130] Transform time: 46.883 ms.
I0418 08:46:55.418452  7952 caffe.cpp:314] Batch 2144, accuracy1+2 = 1
I0418 08:46:55.418452  7952 caffe.cpp:314] Batch 2144, accuracy1+2+3 = 1
I0418 08:46:55.543454  6080 data_layer.cpp:128] Prefetch batch: 125 ms.
I0418 08:46:55.543454  6080 data_layer.cpp:129]      Read time: 93.754 ms.
I0418 08:46:55.543454  6080 data_layer.cpp:130] Transform time: 31.248 ms.
I0418 08:46:56.387243  7952 caffe.cpp:314] Batch 2145, accuracy1+2 = 1
I0418 08:46:56.387243  7952 caffe.cpp:314] Batch 2145, accuracy1+2+3 = 1
I0418 08:46:56.512251  6080 data_layer.cpp:128] Prefetch batch: 125 ms.
I0418 08:46:56.512251  6080 data_layer.cpp:129]      Read time: 93.75 ms.
I0418 08:46:56.512251  6080 data_layer.cpp:130] Transform time: 31.259 ms.
I0418 08:46:57.371654  7952 caffe.cpp:314] Batch 2146, accuracy1+2 = 1
I0418 08:46:57.371654  7952 caffe.cpp:314] Batch 2146, accuracy1+2+3 = 1
I0418 08:46:57.496654  6080 data_layer.cpp:128] Prefetch batch: 125 ms.
I0418 08:46:57.496654  6080 data_layer.cpp:129]      Read time: 78.122 ms.
I0418 08:46:57.496654  6080 data_layer.cpp:130] Transform time: 46.878 ms.
I0418 08:46:58.340442  7952 caffe.cpp:314] Batch 2147, accuracy1+2 = 1
I0418 08:46:58.340442  7952 caffe.cpp:314] Batch 2147, accuracy1+2+3 = 1
I0418 08:46:58.465447  6080 data_layer.cpp:128] Prefetch batch: 125 ms.
I0418 08:46:58.465447  6080 data_layer.cpp:129]      Read time: 93.752 ms.
I0418 08:46:58.465447  6080 data_layer.cpp:130] Transform time: 31.253 ms.
I0418 08:46:59.309226  7952 caffe.cpp:314] Batch 2148, accuracy1+2 = 1
I0418 08:46:59.309226  7952 caffe.cpp:314] Batch 2148, accuracy1+2+3 = 1
I0418 08:46:59.418603  6080 data_layer.cpp:128] Prefetch batch: 109 ms.
I0418 08:46:59.418603  6080 data_layer.cpp:129]      Read time: 0 ms.
I0418 08:46:59.418603  6080 data_layer.cpp:130] Transform time: 109.378 ms.
I0418 08:47:00.309268  7952 caffe.cpp:314] Batch 2149, accuracy1+2 = 1
I0418 08:47:00.309268  7952 caffe.cpp:314] Batch 2149, accuracy1+2+3 = 1
I0418 08:47:00.434270  6080 data_layer.cpp:128] Prefetch batch: 125 ms.
I0418 08:47:00.434270  6080 data_layer.cpp:129]      Read time: 93.752 ms.
I0418 08:47:00.434270  6080 data_layer.cpp:130] Transform time: 31.25 ms.
I0418 08:47:01.324921  7952 caffe.cpp:314] Batch 2150, accuracy1+2 = 1
I0418 08:47:01.324921  7952 caffe.cpp:314] Batch 2150, accuracy1+2+3 = 1
I0418 08:47:01.449939  6080 data_layer.cpp:128] Prefetch batch: 125 ms.
I0418 08:47:01.449939  6080 data_layer.cpp:129]      Read time: 93.768 ms.
I0418 08:47:01.449939  6080 data_layer.cpp:130] Transform time: 31.25 ms.
I0418 08:47:02.293722  7952 caffe.cpp:314] Batch 2151, accuracy1+2 = 1
I0418 08:47:02.293722  7952 caffe.cpp:314] Batch 2151, accuracy1+2+3 = 1
I0418 08:47:02.418722  6080 data_layer.cpp:128] Prefetch batch: 125 ms.
I0418 08:47:02.418722  6080 data_layer.cpp:129]      Read time: 93.753 ms.
I0418 08:47:02.418722  6080 data_layer.cpp:130] Transform time: 31.247 ms.
I0418 08:47:03.278136  7952 caffe.cpp:314] Batch 2152, accuracy1+2 = 1
I0418 08:47:03.278136  7952 caffe.cpp:314] Batch 2152, accuracy1+2+3 = 1
I0418 08:47:03.403136  6080 data_layer.cpp:128] Prefetch batch: 125 ms.
I0418 08:47:03.403136  6080 data_layer.cpp:129]      Read time: 78.129 ms.
I0418 08:47:03.403136  6080 data_layer.cpp:130] Transform time: 46.871 ms.
I0418 08:47:04.246919  7952 caffe.cpp:314] Batch 2153, accuracy1+2 = 1
I0418 08:47:04.246919  7952 caffe.cpp:314] Batch 2153, accuracy1+2+3 = 1
I0418 08:47:04.356302  6080 data_layer.cpp:128] Prefetch batch: 109 ms.
I0418 08:47:04.356302  6080 data_layer.cpp:129]      Read time: 0 ms.
I0418 08:47:04.356302  6080 data_layer.cpp:130] Transform time: 109.382 ms.
I0418 08:47:05.215711  7952 caffe.cpp:314] Batch 2154, accuracy1+2 = 1
I0418 08:47:05.215711  7952 caffe.cpp:314] Batch 2154, accuracy1+2+3 = 1
I0418 08:47:05.340713  6080 data_layer.cpp:128] Prefetch batch: 125 ms.
I0418 08:47:05.340713  6080 data_layer.cpp:129]      Read time: 93.752 ms.
I0418 08:47:05.340713  6080 data_layer.cpp:130] Transform time: 31.249 ms.
I0418 08:47:06.200121  7952 caffe.cpp:314] Batch 2155, accuracy1+2 = 1
I0418 08:47:06.200121  7952 caffe.cpp:314] Batch 2155, accuracy1+2+3 = 1
I0418 08:47:06.325131  6080 data_layer.cpp:128] Prefetch batch: 125 ms.
I0418 08:47:06.325131  6080 data_layer.cpp:129]      Read time: 78.132 ms.
I0418 08:47:06.325131  6080 data_layer.cpp:130] Transform time: 46.878 ms.
I0418 08:47:07.168915  7952 caffe.cpp:314] Batch 2156, accuracy1+2 = 0
I0418 08:47:07.168915  7952 caffe.cpp:314] Batch 2156, accuracy1+2+3 = 0
I0418 08:47:07.293918  6080 data_layer.cpp:128] Prefetch batch: 125 ms.
I0418 08:47:07.293918  6080 data_layer.cpp:129]      Read time: 93.749 ms.
I0418 08:47:07.293918  6080 data_layer.cpp:130] Transform time: 31.255 ms.
I0418 08:47:08.137701  7952 caffe.cpp:314] Batch 2157, accuracy1+2 = 1
I0418 08:47:08.137701  7952 caffe.cpp:314] Batch 2157, accuracy1+2+3 = 1
I0418 08:47:08.247081  6080 data_layer.cpp:128] Prefetch batch: 109 ms.
I0418 08:47:08.247081  6080 data_layer.cpp:129]      Read time: 0 ms.
I0418 08:47:08.247081  6080 data_layer.cpp:130] Transform time: 109.38 ms.
I0418 08:47:09.106487  7952 caffe.cpp:314] Batch 2158, accuracy1+2 = 1
I0418 08:47:09.106487  7952 caffe.cpp:314] Batch 2158, accuracy1+2+3 = 1
I0418 08:47:09.231493  6080 data_layer.cpp:128] Prefetch batch: 125 ms.
I0418 08:47:09.231493  6080 data_layer.cpp:129]      Read time: 93.757 ms.
I0418 08:47:09.231493  6080 data_layer.cpp:130] Transform time: 31.25 ms.
I0418 08:47:10.090901  7952 caffe.cpp:314] Batch 2159, accuracy1+2 = 1
I0418 08:47:10.090901  7952 caffe.cpp:314] Batch 2159, accuracy1+2+3 = 1
I0418 08:47:10.215908  6080 data_layer.cpp:128] Prefetch batch: 125 ms.
I0418 08:47:10.215908  6080 data_layer.cpp:129]      Read time: 93.753 ms.
I0418 08:47:10.215908  6080 data_layer.cpp:130] Transform time: 31.253 ms.
I0418 08:47:11.059691  7952 caffe.cpp:314] Batch 2160, accuracy1+2 = 1
I0418 08:47:11.075312  7952 caffe.cpp:314] Batch 2160, accuracy1+2+3 = 1
I0418 08:47:11.200316  6080 data_layer.cpp:128] Prefetch batch: 125 ms.
I0418 08:47:11.200316  6080 data_layer.cpp:129]      Read time: 78.128 ms.
I0418 08:47:11.200316  6080 data_layer.cpp:130] Transform time: 46.876 ms.
I0418 08:47:12.044101  7952 caffe.cpp:314] Batch 2161, accuracy1+2 = 1
I0418 08:47:12.044101  7952 caffe.cpp:314] Batch 2161, accuracy1+2+3 = 1
I0418 08:47:12.137857  6080 data_layer.cpp:128] Prefetch batch: 93 ms.
I0418 08:47:12.137857  6080 data_layer.cpp:129]      Read time: 0 ms.
I0418 08:47:12.137857  6080 data_layer.cpp:130] Transform time: 93.756 ms.
I0418 08:47:13.012892  7952 caffe.cpp:314] Batch 2162, accuracy1+2 = 1
I0418 08:47:13.012892  7952 caffe.cpp:314] Batch 2162, accuracy1+2+3 = 1
I0418 08:47:13.137894  6080 data_layer.cpp:128] Prefetch batch: 125 ms.
I0418 08:47:13.137894  6080 data_layer.cpp:129]      Read time: 93.755 ms.
I0418 08:47:13.137894  6080 data_layer.cpp:130] Transform time: 31.247 ms.
I0418 08:47:13.981675  7952 caffe.cpp:314] Batch 2163, accuracy1+2 = 1
I0418 08:47:13.981675  7952 caffe.cpp:314] Batch 2163, accuracy1+2+3 = 1
I0418 08:47:14.106685  6080 data_layer.cpp:128] Prefetch batch: 125 ms.
I0418 08:47:14.106685  6080 data_layer.cpp:129]      Read time: 93.759 ms.
I0418 08:47:14.106685  6080 data_layer.cpp:130] Transform time: 31.251 ms.
I0418 08:47:14.966096  7952 caffe.cpp:314] Batch 2164, accuracy1+2 = 1
I0418 08:47:14.966096  7952 caffe.cpp:314] Batch 2164, accuracy1+2+3 = 1
I0418 08:47:15.091086  6080 data_layer.cpp:128] Prefetch batch: 124 ms.
I0418 08:47:15.091086  6080 data_layer.cpp:129]      Read time: 78.124 ms.
I0418 08:47:15.091086  6080 data_layer.cpp:130] Transform time: 46.866 ms.
I0418 08:47:15.950507  7952 caffe.cpp:314] Batch 2165, accuracy1+2 = 1
I0418 08:47:15.950507  7952 caffe.cpp:314] Batch 2165, accuracy1+2+3 = 1
I0418 08:47:16.059887  6080 data_layer.cpp:128] Prefetch batch: 109 ms.
I0418 08:47:16.059887  6080 data_layer.cpp:129]      Read time: 0 ms.
I0418 08:47:16.059887  6080 data_layer.cpp:130] Transform time: 109.38 ms.
I0418 08:47:16.934922  7952 caffe.cpp:314] Batch 2166, accuracy1+2 = 1
I0418 08:47:16.934922  7952 caffe.cpp:314] Batch 2166, accuracy1+2+3 = 1
I0418 08:47:17.059928  6080 data_layer.cpp:128] Prefetch batch: 125 ms.
I0418 08:47:17.059928  6080 data_layer.cpp:129]      Read time: 93.75 ms.
I0418 08:47:17.059928  6080 data_layer.cpp:130] Transform time: 31.256 ms.
I0418 08:47:17.919335  7952 caffe.cpp:314] Batch 2167, accuracy1+2 = 1
I0418 08:47:17.919335  7952 caffe.cpp:314] Batch 2167, accuracy1+2+3 = 1
I0418 08:47:18.044337  6080 data_layer.cpp:128] Prefetch batch: 125 ms.
I0418 08:47:18.044337  6080 data_layer.cpp:129]      Read time: 93.751 ms.
I0418 08:47:18.044337  6080 data_layer.cpp:130] Transform time: 31.25 ms.
I0418 08:47:18.903743  7952 caffe.cpp:314] Batch 2168, accuracy1+2 = 1
I0418 08:47:18.903743  7952 caffe.cpp:314] Batch 2168, accuracy1+2+3 = 1
I0418 08:47:19.028750  6080 data_layer.cpp:128] Prefetch batch: 125 ms.
I0418 08:47:19.028750  6080 data_layer.cpp:129]      Read time: 93.757 ms.
I0418 08:47:19.028750  6080 data_layer.cpp:130] Transform time: 31.251 ms.
I0418 08:47:19.888159  7952 caffe.cpp:314] Batch 2169, accuracy1+2 = 1
I0418 08:47:19.888159  7952 caffe.cpp:314] Batch 2169, accuracy1+2+3 = 1
I0418 08:47:20.013162  6080 data_layer.cpp:128] Prefetch batch: 125 ms.
I0418 08:47:20.028797  6080 data_layer.cpp:129]      Read time: 93.759 ms.
I0418 08:47:20.028797  6080 data_layer.cpp:130] Transform time: 31.245 ms.
I0418 08:47:20.872575  7952 caffe.cpp:314] Batch 2170, accuracy1+2 = 1
I0418 08:47:20.872575  7952 caffe.cpp:314] Batch 2170, accuracy1+2+3 = 1
I0418 08:47:20.981952  6080 data_layer.cpp:128] Prefetch batch: 109 ms.
I0418 08:47:20.981952  6080 data_layer.cpp:129]      Read time: 0 ms.
I0418 08:47:20.981952  6080 data_layer.cpp:130] Transform time: 109.378 ms.
I0418 08:47:21.856983  7952 caffe.cpp:314] Batch 2171, accuracy1+2 = 1
I0418 08:47:21.856983  7952 caffe.cpp:314] Batch 2171, accuracy1+2+3 = 1
I0418 08:47:21.981992  6080 data_layer.cpp:128] Prefetch batch: 125 ms.
I0418 08:47:21.981992  6080 data_layer.cpp:129]      Read time: 93.756 ms.
I0418 08:47:21.981992  6080 data_layer.cpp:130] Transform time: 31.253 ms.
I0418 08:47:22.857036  7952 caffe.cpp:314] Batch 2172, accuracy1+2 = 1
I0418 08:47:22.857036  7952 caffe.cpp:314] Batch 2172, accuracy1+2+3 = 1
I0418 08:47:22.982033  6080 data_layer.cpp:128] Prefetch batch: 124 ms.
I0418 08:47:22.982033  6080 data_layer.cpp:129]      Read time: 78.12 ms.
I0418 08:47:22.982033  6080 data_layer.cpp:130] Transform time: 46.877 ms.
I0418 08:47:23.841439  7952 caffe.cpp:314] Batch 2173, accuracy1+2 = 1
I0418 08:47:23.841439  7952 caffe.cpp:314] Batch 2173, accuracy1+2+3 = 1
I0418 08:47:23.935184  6080 data_layer.cpp:128] Prefetch batch: 93 ms.
I0418 08:47:23.935184  6080 data_layer.cpp:129]      Read time: 0 ms.
I0418 08:47:23.935184  6080 data_layer.cpp:130] Transform time: 93.744 ms.
I0418 08:47:24.841476  7952 caffe.cpp:314] Batch 2174, accuracy1+2 = 1
I0418 08:47:24.841476  7952 caffe.cpp:314] Batch 2174, accuracy1+2+3 = 1
I0418 08:47:24.982110  6080 data_layer.cpp:128] Prefetch batch: 140 ms.
I0418 08:47:24.982110  6080 data_layer.cpp:129]      Read time: 93.765 ms.
I0418 08:47:24.982110  6080 data_layer.cpp:130] Transform time: 31.232 ms.
I0418 08:47:25.825892  7952 caffe.cpp:314] Batch 2175, accuracy1+2 = 1
I0418 08:47:25.825892  7952 caffe.cpp:314] Batch 2175, accuracy1+2+3 = 1
I0418 08:47:25.950896  6080 data_layer.cpp:128] Prefetch batch: 125 ms.
I0418 08:47:25.950896  6080 data_layer.cpp:129]      Read time: 62.507 ms.
I0418 08:47:25.950896  6080 data_layer.cpp:130] Transform time: 62.497 ms.
I0418 08:47:26.794677  7952 caffe.cpp:314] Batch 2176, accuracy1+2 = 1
I0418 08:47:26.794677  7952 caffe.cpp:314] Batch 2176, accuracy1+2+3 = 1
I0418 08:47:26.919689  6080 data_layer.cpp:128] Prefetch batch: 125 ms.
I0418 08:47:26.919689  6080 data_layer.cpp:129]      Read time: 78.13 ms.
I0418 08:47:26.919689  6080 data_layer.cpp:130] Transform time: 46.882 ms.
I0418 08:47:27.763471  7952 caffe.cpp:314] Batch 2177, accuracy1+2 = 0
I0418 08:47:27.763471  7952 caffe.cpp:314] Batch 2177, accuracy1+2+3 = 0
I0418 08:47:27.888473  6080 data_layer.cpp:128] Prefetch batch: 125 ms.
I0418 08:47:27.888473  6080 data_layer.cpp:129]      Read time: 46.879 ms.
I0418 08:47:27.888473  6080 data_layer.cpp:130] Transform time: 78.122 ms.
I0418 08:47:28.732246  7952 caffe.cpp:314] Batch 2178, accuracy1+2 = 1
I0418 08:47:28.732246  7952 caffe.cpp:314] Batch 2178, accuracy1+2+3 = 1
I0418 08:47:28.872884  6080 data_layer.cpp:128] Prefetch batch: 140 ms.
I0418 08:47:28.872884  6080 data_layer.cpp:129]      Read time: 93.76 ms.
I0418 08:47:28.872884  6080 data_layer.cpp:130] Transform time: 46.877 ms.
I0418 08:47:29.716675  7952 caffe.cpp:314] Batch 2179, accuracy1+2 = 1
I0418 08:47:29.716675  7952 caffe.cpp:314] Batch 2179, accuracy1+2+3 = 1
I0418 08:47:29.841675  6080 data_layer.cpp:128] Prefetch batch: 125 ms.
I0418 08:47:29.841675  6080 data_layer.cpp:129]      Read time: 93.746 ms.
I0418 08:47:29.841675  6080 data_layer.cpp:130] Transform time: 31.255 ms.
I0418 08:47:30.685457  7952 caffe.cpp:314] Batch 2180, accuracy1+2 = 1
I0418 08:47:30.685457  7952 caffe.cpp:314] Batch 2180, accuracy1+2+3 = 1
I0418 08:47:30.810461  6080 data_layer.cpp:128] Prefetch batch: 125 ms.
I0418 08:47:30.810461  6080 data_layer.cpp:129]      Read time: 93.757 ms.
I0418 08:47:30.810461  6080 data_layer.cpp:130] Transform time: 31.246 ms.
I0418 08:47:31.669872  7952 caffe.cpp:314] Batch 2181, accuracy1+2 = 1
I0418 08:47:31.669872  7952 caffe.cpp:314] Batch 2181, accuracy1+2+3 = 1
I0418 08:47:31.763628  6080 data_layer.cpp:128] Prefetch batch: 93 ms.
I0418 08:47:31.763628  6080 data_layer.cpp:129]      Read time: 0 ms.
I0418 08:47:31.763628  6080 data_layer.cpp:130] Transform time: 93.755 ms.
I0418 08:47:32.638662  7952 caffe.cpp:314] Batch 2182, accuracy1+2 = 1
I0418 08:47:32.638662  7952 caffe.cpp:314] Batch 2182, accuracy1+2+3 = 1
I0418 08:47:32.763671  6080 data_layer.cpp:128] Prefetch batch: 125 ms.
I0418 08:47:32.763671  6080 data_layer.cpp:129]      Read time: 93.747 ms.
I0418 08:47:32.763671  6080 data_layer.cpp:130] Transform time: 31.262 ms.
I0418 08:47:33.607446  7952 caffe.cpp:314] Batch 2183, accuracy1+2 = 1
I0418 08:47:33.607446  7952 caffe.cpp:314] Batch 2183, accuracy1+2+3 = 1
I0418 08:47:33.732451  6080 data_layer.cpp:128] Prefetch batch: 125 ms.
I0418 08:47:33.732451  6080 data_layer.cpp:129]      Read time: 93.758 ms.
I0418 08:47:33.732451  6080 data_layer.cpp:130] Transform time: 31.247 ms.
I0418 08:47:34.576231  7952 caffe.cpp:314] Batch 2184, accuracy1+2 = 1
I0418 08:47:34.576231  7952 caffe.cpp:314] Batch 2184, accuracy1+2+3 = 1
I0418 08:47:34.685619  6080 data_layer.cpp:128] Prefetch batch: 109 ms.
I0418 08:47:34.685619  6080 data_layer.cpp:129]      Read time: 0 ms.
I0418 08:47:34.685619  6080 data_layer.cpp:130] Transform time: 109.388 ms.
I0418 08:47:35.560652  7952 caffe.cpp:314] Batch 2185, accuracy1+2 = 1
I0418 08:47:35.560652  7952 caffe.cpp:314] Batch 2185, accuracy1+2+3 = 1
I0418 08:47:35.685658  6080 data_layer.cpp:128] Prefetch batch: 125 ms.
I0418 08:47:35.685658  6080 data_layer.cpp:129]      Read time: 78.128 ms.
I0418 08:47:35.685658  6080 data_layer.cpp:130] Transform time: 46.879 ms.
I0418 08:47:36.529438  7952 caffe.cpp:314] Batch 2186, accuracy1+2 = 1
I0418 08:47:36.529438  7952 caffe.cpp:314] Batch 2186, accuracy1+2+3 = 1
I0418 08:47:36.654445  6080 data_layer.cpp:128] Prefetch batch: 125 ms.
I0418 08:47:36.654445  6080 data_layer.cpp:129]      Read time: 93.752 ms.
I0418 08:47:36.654445  6080 data_layer.cpp:130] Transform time: 31.255 ms.
I0418 08:47:37.545123  7952 caffe.cpp:314] Batch 2187, accuracy1+2 = 1
I0418 08:47:37.545123  7952 caffe.cpp:314] Batch 2187, accuracy1+2+3 = 1
I0418 08:47:37.670104  6080 data_layer.cpp:128] Prefetch batch: 124 ms.
I0418 08:47:37.670104  6080 data_layer.cpp:129]      Read time: 93.723 ms.
I0418 08:47:37.670104  6080 data_layer.cpp:130] Transform time: 31.257 ms.
I0418 08:47:38.545145  7952 caffe.cpp:314] Batch 2188, accuracy1+2 = 1
I0418 08:47:38.545145  7952 caffe.cpp:314] Batch 2188, accuracy1+2+3 = 1
I0418 08:47:38.670150  6080 data_layer.cpp:128] Prefetch batch: 125 ms.
I0418 08:47:38.670150  6080 data_layer.cpp:129]      Read time: 93.759 ms.
I0418 08:47:38.670150  6080 data_layer.cpp:130] Transform time: 31.247 ms.
I0418 08:47:39.529556  7952 caffe.cpp:314] Batch 2189, accuracy1+2 = 1
I0418 08:47:39.529556  7952 caffe.cpp:314] Batch 2189, accuracy1+2+3 = 1
I0418 08:47:39.638934  6080 data_layer.cpp:128] Prefetch batch: 109 ms.
I0418 08:47:39.638934  6080 data_layer.cpp:129]      Read time: 0 ms.
I0418 08:47:39.638934  6080 data_layer.cpp:130] Transform time: 109.379 ms.
I0418 08:47:40.513965  7952 caffe.cpp:314] Batch 2190, accuracy1+2 = 1
I0418 08:47:40.513965  7952 caffe.cpp:314] Batch 2190, accuracy1+2+3 = 1
I0418 08:47:40.638977  6080 data_layer.cpp:128] Prefetch batch: 125 ms.
I0418 08:47:40.638977  6080 data_layer.cpp:129]      Read time: 93.757 ms.
I0418 08:47:40.638977  6080 data_layer.cpp:130] Transform time: 31.254 ms.
I0418 08:47:41.482753  7952 caffe.cpp:314] Batch 2191, accuracy1+2 = 1
I0418 08:47:41.482753  7952 caffe.cpp:314] Batch 2191, accuracy1+2+3 = 1
I0418 08:47:41.607758  6080 data_layer.cpp:128] Prefetch batch: 125 ms.
I0418 08:47:41.607758  6080 data_layer.cpp:129]      Read time: 93.762 ms.
I0418 08:47:41.607758  6080 data_layer.cpp:130] Transform time: 31.243 ms.
I0418 08:47:42.451542  7952 caffe.cpp:314] Batch 2192, accuracy1+2 = 0
I0418 08:47:42.451542  7952 caffe.cpp:314] Batch 2192, accuracy1+2+3 = 0
I0418 08:47:42.592173  6080 data_layer.cpp:128] Prefetch batch: 140 ms.
I0418 08:47:42.592173  6080 data_layer.cpp:129]      Read time: 93.759 ms.
I0418 08:47:42.592173  6080 data_layer.cpp:130] Transform time: 46.872 ms.
I0418 08:47:43.435956  7952 caffe.cpp:314] Batch 2193, accuracy1+2 = 1
I0418 08:47:43.435956  7952 caffe.cpp:314] Batch 2193, accuracy1+2+3 = 1
I0418 08:47:43.560961  6080 data_layer.cpp:128] Prefetch batch: 125 ms.
I0418 08:47:43.560961  6080 data_layer.cpp:129]      Read time: 93.758 ms.
I0418 08:47:43.560961  6080 data_layer.cpp:130] Transform time: 31.246 ms.
I0418 08:47:44.404750  7952 caffe.cpp:314] Batch 2194, accuracy1+2 = 0
I0418 08:47:44.404750  7952 caffe.cpp:314] Batch 2194, accuracy1+2+3 = 0
I0418 08:47:44.514128  6080 data_layer.cpp:128] Prefetch batch: 109 ms.
I0418 08:47:44.514128  6080 data_layer.cpp:129]      Read time: 0 ms.
I0418 08:47:44.514128  6080 data_layer.cpp:130] Transform time: 109.378 ms.
I0418 08:47:45.389158  7952 caffe.cpp:314] Batch 2195, accuracy1+2 = 1
I0418 08:47:45.389158  7952 caffe.cpp:314] Batch 2195, accuracy1+2+3 = 1
I0418 08:47:45.514168  6080 data_layer.cpp:128] Prefetch batch: 125 ms.
I0418 08:47:45.514168  6080 data_layer.cpp:129]      Read time: 78.133 ms.
I0418 08:47:45.514168  6080 data_layer.cpp:130] Transform time: 46.877 ms.
I0418 08:47:46.357949  7952 caffe.cpp:314] Batch 2196, accuracy1+2 = 1
I0418 08:47:46.357949  7952 caffe.cpp:314] Batch 2196, accuracy1+2+3 = 1
I0418 08:47:46.482949  6080 data_layer.cpp:128] Prefetch batch: 125 ms.
I0418 08:47:46.482949  6080 data_layer.cpp:129]      Read time: 93.75 ms.
I0418 08:47:46.482949  6080 data_layer.cpp:130] Transform time: 31.251 ms.
I0418 08:47:47.326737  7952 caffe.cpp:314] Batch 2197, accuracy1+2 = 1
I0418 08:47:47.326737  7952 caffe.cpp:314] Batch 2197, accuracy1+2+3 = 1
I0418 08:47:47.451740  6080 data_layer.cpp:128] Prefetch batch: 125 ms.
I0418 08:47:47.451740  6080 data_layer.cpp:129]      Read time: 93.751 ms.
I0418 08:47:47.451740  6080 data_layer.cpp:130] Transform time: 31.251 ms.
I0418 08:47:48.311151  7952 caffe.cpp:314] Batch 2198, accuracy1+2 = 1
I0418 08:47:48.311151  7952 caffe.cpp:314] Batch 2198, accuracy1+2+3 = 1
I0418 08:47:48.436158  6080 data_layer.cpp:128] Prefetch batch: 125 ms.
I0418 08:47:48.436158  6080 data_layer.cpp:129]      Read time: 78.126 ms.
I0418 08:47:48.436158  6080 data_layer.cpp:130] Transform time: 46.882 ms.
I0418 08:47:49.279934  7952 caffe.cpp:314] Batch 2199, accuracy1+2 = 1
I0418 08:47:49.279934  7952 caffe.cpp:314] Batch 2199, accuracy1+2+3 = 1
I0418 08:47:49.389322  6080 data_layer.cpp:128] Prefetch batch: 109 ms.
I0418 08:47:49.389322  6080 data_layer.cpp:129]      Read time: 0 ms.
I0418 08:47:49.389322  6080 data_layer.cpp:130] Transform time: 109.387 ms.
I0418 08:47:50.248729  7952 caffe.cpp:314] Batch 2200, accuracy1+2 = 1
I0418 08:47:50.248729  7952 caffe.cpp:314] Batch 2200, accuracy1+2+3 = 1
I0418 08:47:50.373728  6080 data_layer.cpp:128] Prefetch batch: 124 ms.
I0418 08:47:50.373728  6080 data_layer.cpp:129]      Read time: 93.751 ms.
I0418 08:47:50.373728  6080 data_layer.cpp:130] Transform time: 31.248 ms.
I0418 08:47:51.217515  7952 caffe.cpp:314] Batch 2201, accuracy1+2 = 1
I0418 08:47:51.217515  7952 caffe.cpp:314] Batch 2201, accuracy1+2+3 = 1
I0418 08:47:51.342521  6080 data_layer.cpp:128] Prefetch batch: 125 ms.
I0418 08:47:51.342521  6080 data_layer.cpp:129]      Read time: 93.755 ms.
I0418 08:47:51.342521  6080 data_layer.cpp:130] Transform time: 31.251 ms.
I0418 08:47:52.201925  7952 caffe.cpp:314] Batch 2202, accuracy1+2 = 1
I0418 08:47:52.201925  7952 caffe.cpp:314] Batch 2202, accuracy1+2+3 = 1
I0418 08:47:52.326936  6080 data_layer.cpp:128] Prefetch batch: 125 ms.
I0418 08:47:52.326936  6080 data_layer.cpp:129]      Read time: 78.129 ms.
I0418 08:47:52.326936  6080 data_layer.cpp:130] Transform time: 46.881 ms.
I0418 08:47:53.170717  7952 caffe.cpp:314] Batch 2203, accuracy1+2 = 1
I0418 08:47:53.170717  7952 caffe.cpp:314] Batch 2203, accuracy1+2+3 = 1
I0418 08:47:53.295724  6080 data_layer.cpp:128] Prefetch batch: 125 ms.
I0418 08:47:53.295724  6080 data_layer.cpp:129]      Read time: 93.756 ms.
I0418 08:47:53.295724  6080 data_layer.cpp:130] Transform time: 31.252 ms.
I0418 08:47:54.155125  7952 caffe.cpp:314] Batch 2204, accuracy1+2 = 1
I0418 08:47:54.155125  7952 caffe.cpp:314] Batch 2204, accuracy1+2+3 = 1
I0418 08:47:54.248881  6080 data_layer.cpp:128] Prefetch batch: 93 ms.
I0418 08:47:54.248881  6080 data_layer.cpp:129]      Read time: 0 ms.
I0418 08:47:54.248881  6080 data_layer.cpp:130] Transform time: 93.756 ms.
I0418 08:47:55.123919  7952 caffe.cpp:314] Batch 2205, accuracy1+2 = 1
I0418 08:47:55.123919  7952 caffe.cpp:314] Batch 2205, accuracy1+2+3 = 1
I0418 08:47:55.248919  6080 data_layer.cpp:128] Prefetch batch: 125 ms.
I0418 08:47:55.248919  6080 data_layer.cpp:129]      Read time: 93.753 ms.
I0418 08:47:55.248919  6080 data_layer.cpp:130] Transform time: 31.247 ms.
I0418 08:47:56.092705  7952 caffe.cpp:314] Batch 2206, accuracy1+2 = 1
I0418 08:47:56.092705  7952 caffe.cpp:314] Batch 2206, accuracy1+2+3 = 1
I0418 08:47:56.217706  6080 data_layer.cpp:128] Prefetch batch: 125 ms.
I0418 08:47:56.217706  6080 data_layer.cpp:129]      Read time: 93.751 ms.
I0418 08:47:56.217706  6080 data_layer.cpp:130] Transform time: 31.251 ms.
I0418 08:47:57.077118  7952 caffe.cpp:314] Batch 2207, accuracy1+2 = 1
I0418 08:47:57.077118  7952 caffe.cpp:314] Batch 2207, accuracy1+2+3 = 1
I0418 08:47:57.170876  6080 data_layer.cpp:128] Prefetch batch: 93 ms.
I0418 08:47:57.170876  6080 data_layer.cpp:129]      Read time: 0 ms.
I0418 08:47:57.170876  6080 data_layer.cpp:130] Transform time: 93.757 ms.
I0418 08:47:58.045907  7952 caffe.cpp:314] Batch 2208, accuracy1+2 = 1
I0418 08:47:58.045907  7952 caffe.cpp:314] Batch 2208, accuracy1+2+3 = 1
I0418 08:47:58.170914  6080 data_layer.cpp:128] Prefetch batch: 125 ms.
I0418 08:47:58.170914  6080 data_layer.cpp:129]      Read time: 78.127 ms.
I0418 08:47:58.170914  6080 data_layer.cpp:130] Transform time: 46.88 ms.
I0418 08:47:59.014695  7952 caffe.cpp:314] Batch 2209, accuracy1+2 = 1
I0418 08:47:59.014695  7952 caffe.cpp:314] Batch 2209, accuracy1+2+3 = 1
I0418 08:47:59.139700  6080 data_layer.cpp:128] Prefetch batch: 125 ms.
I0418 08:47:59.139700  6080 data_layer.cpp:129]      Read time: 93.757 ms.
I0418 08:47:59.139700  6080 data_layer.cpp:130] Transform time: 31.248 ms.
I0418 08:47:59.983486  7952 caffe.cpp:314] Batch 2210, accuracy1+2 = 1
I0418 08:47:59.983486  7952 caffe.cpp:314] Batch 2210, accuracy1+2+3 = 1
I0418 08:48:00.092865  6080 data_layer.cpp:128] Prefetch batch: 109 ms.
I0418 08:48:00.092865  6080 data_layer.cpp:129]      Read time: 0 ms.
I0418 08:48:00.092865  6080 data_layer.cpp:130] Transform time: 109.379 ms.
I0418 08:48:00.967897  7952 caffe.cpp:314] Batch 2211, accuracy1+2 = 0
I0418 08:48:00.967897  7952 caffe.cpp:314] Batch 2211, accuracy1+2+3 = 0
I0418 08:48:01.092897  6080 data_layer.cpp:128] Prefetch batch: 125 ms.
I0418 08:48:01.092897  6080 data_layer.cpp:129]      Read time: 78.125 ms.
I0418 08:48:01.092897  6080 data_layer.cpp:130] Transform time: 46.875 ms.
I0418 08:48:01.936682  7952 caffe.cpp:314] Batch 2212, accuracy1+2 = 1
I0418 08:48:01.936682  7952 caffe.cpp:314] Batch 2212, accuracy1+2+3 = 1
I0418 08:48:02.061687  6080 data_layer.cpp:128] Prefetch batch: 125 ms.
I0418 08:48:02.061687  6080 data_layer.cpp:129]      Read time: 93.76 ms.
I0418 08:48:02.061687  6080 data_layer.cpp:130] Transform time: 31.245 ms.
I0418 08:48:02.905475  7952 caffe.cpp:314] Batch 2213, accuracy1+2 = 1
I0418 08:48:02.905475  7952 caffe.cpp:314] Batch 2213, accuracy1+2+3 = 1
I0418 08:48:03.030479  6080 data_layer.cpp:128] Prefetch batch: 125 ms.
I0418 08:48:03.030479  6080 data_layer.cpp:129]      Read time: 93.751 ms.
I0418 08:48:03.030479  6080 data_layer.cpp:130] Transform time: 31.253 ms.
I0418 08:48:03.874261  7952 caffe.cpp:314] Batch 2214, accuracy1+2 = 1
I0418 08:48:03.889889  7952 caffe.cpp:314] Batch 2214, accuracy1+2+3 = 1
I0418 08:48:03.983636  6080 data_layer.cpp:128] Prefetch batch: 93 ms.
I0418 08:48:03.983636  6080 data_layer.cpp:129]      Read time: 0 ms.
I0418 08:48:03.983636  6080 data_layer.cpp:130] Transform time: 93.747 ms.
I0418 08:48:04.858672  7952 caffe.cpp:314] Batch 2215, accuracy1+2 = 1
I0418 08:48:04.858672  7952 caffe.cpp:314] Batch 2215, accuracy1+2+3 = 1
I0418 08:48:04.983674  6080 data_layer.cpp:128] Prefetch batch: 125 ms.
I0418 08:48:04.983674  6080 data_layer.cpp:129]      Read time: 78.126 ms.
I0418 08:48:04.983674  6080 data_layer.cpp:130] Transform time: 46.875 ms.
I0418 08:48:05.827458  7952 caffe.cpp:314] Batch 2216, accuracy1+2 = 1
I0418 08:48:05.827458  7952 caffe.cpp:314] Batch 2216, accuracy1+2+3 = 1
I0418 08:48:05.952466  6080 data_layer.cpp:128] Prefetch batch: 125 ms.
I0418 08:48:05.952466  6080 data_layer.cpp:129]      Read time: 93.755 ms.
I0418 08:48:05.952466  6080 data_layer.cpp:130] Transform time: 31.252 ms.
I0418 08:48:06.796254  7952 caffe.cpp:314] Batch 2217, accuracy1+2 = 1
I0418 08:48:06.796254  7952 caffe.cpp:314] Batch 2217, accuracy1+2+3 = 1
I0418 08:48:06.921252  6080 data_layer.cpp:128] Prefetch batch: 124 ms.
I0418 08:48:06.921252  6080 data_layer.cpp:129]      Read time: 93.75 ms.
I0418 08:48:06.921252  6080 data_layer.cpp:130] Transform time: 31.247 ms.
I0418 08:48:07.765034  7952 caffe.cpp:314] Batch 2218, accuracy1+2 = 1
I0418 08:48:07.765034  7952 caffe.cpp:314] Batch 2218, accuracy1+2+3 = 1
I0418 08:48:07.874416  6080 data_layer.cpp:128] Prefetch batch: 109 ms.
I0418 08:48:07.874416  6080 data_layer.cpp:129]      Read time: 15.633 ms.
I0418 08:48:07.874416  6080 data_layer.cpp:130] Transform time: 93.749 ms.
I0418 08:48:08.749451  7952 caffe.cpp:314] Batch 2219, accuracy1+2 = 1
I0418 08:48:08.749451  7952 caffe.cpp:314] Batch 2219, accuracy1+2+3 = 1
I0418 08:48:08.874457  6080 data_layer.cpp:128] Prefetch batch: 125 ms.
I0418 08:48:08.874457  6080 data_layer.cpp:129]      Read time: 93.751 ms.
I0418 08:48:08.874457  6080 data_layer.cpp:130] Transform time: 31.255 ms.
I0418 08:48:09.718240  7952 caffe.cpp:314] Batch 2220, accuracy1+2 = 1
I0418 08:48:09.718240  7952 caffe.cpp:314] Batch 2220, accuracy1+2+3 = 1
I0418 08:48:09.843241  6080 data_layer.cpp:128] Prefetch batch: 125 ms.
I0418 08:48:09.843241  6080 data_layer.cpp:129]      Read time: 93.753 ms.
I0418 08:48:09.843241  6080 data_layer.cpp:130] Transform time: 31.248 ms.
I0418 08:48:10.702653  7952 caffe.cpp:314] Batch 2221, accuracy1+2 = 1
I0418 08:48:10.702653  7952 caffe.cpp:314] Batch 2221, accuracy1+2+3 = 1
I0418 08:48:10.827654  6080 data_layer.cpp:128] Prefetch batch: 125 ms.
I0418 08:48:10.827654  6080 data_layer.cpp:129]      Read time: 78.131 ms.
I0418 08:48:10.827654  6080 data_layer.cpp:130] Transform time: 46.87 ms.
I0418 08:48:11.671442  7952 caffe.cpp:314] Batch 2222, accuracy1+2 = 1
I0418 08:48:11.671442  7952 caffe.cpp:314] Batch 2222, accuracy1+2+3 = 1
I0418 08:48:11.780824  6080 data_layer.cpp:128] Prefetch batch: 109 ms.
I0418 08:48:11.780824  6080 data_layer.cpp:129]      Read time: 0 ms.
I0418 08:48:11.780824  6080 data_layer.cpp:130] Transform time: 109.383 ms.
I0418 08:48:12.640229  7952 caffe.cpp:314] Batch 2223, accuracy1+2 = 1
I0418 08:48:12.640229  7952 caffe.cpp:314] Batch 2223, accuracy1+2+3 = 1
I0418 08:48:12.765228  6080 data_layer.cpp:128] Prefetch batch: 124 ms.
I0418 08:48:12.765228  6080 data_layer.cpp:129]      Read time: 93.756 ms.
I0418 08:48:12.765228  6080 data_layer.cpp:130] Transform time: 31.243 ms.
I0418 08:48:13.624632  7952 caffe.cpp:314] Batch 2224, accuracy1+2 = 1
I0418 08:48:13.624632  7952 caffe.cpp:314] Batch 2224, accuracy1+2+3 = 1
I0418 08:48:13.749637  6080 data_layer.cpp:128] Prefetch batch: 125 ms.
I0418 08:48:13.749637  6080 data_layer.cpp:129]      Read time: 93.754 ms.
I0418 08:48:13.749637  6080 data_layer.cpp:130] Transform time: 31.251 ms.
I0418 08:48:14.640297  7952 caffe.cpp:314] Batch 2225, accuracy1+2 = 1
I0418 08:48:14.640297  7952 caffe.cpp:314] Batch 2225, accuracy1+2+3 = 1
I0418 08:48:14.765302  6080 data_layer.cpp:128] Prefetch batch: 125 ms.
I0418 08:48:14.765302  6080 data_layer.cpp:129]      Read time: 93.754 ms.
I0418 08:48:14.765302  6080 data_layer.cpp:130] Transform time: 31.251 ms.
I0418 08:48:15.640346  7952 caffe.cpp:314] Batch 2226, accuracy1+2 = 1
I0418 08:48:15.640346  7952 caffe.cpp:314] Batch 2226, accuracy1+2+3 = 1
I0418 08:48:15.749724  6080 data_layer.cpp:128] Prefetch batch: 109 ms.
I0418 08:48:15.749724  6080 data_layer.cpp:129]      Read time: 0 ms.
I0418 08:48:15.749724  6080 data_layer.cpp:130] Transform time: 109.379 ms.
I0418 08:48:16.609138  7952 caffe.cpp:314] Batch 2227, accuracy1+2 = 1
I0418 08:48:16.624773  7952 caffe.cpp:314] Batch 2227, accuracy1+2+3 = 1
I0418 08:48:16.749768  6080 data_layer.cpp:128] Prefetch batch: 124 ms.
I0418 08:48:16.749768  6080 data_layer.cpp:129]      Read time: 78.116 ms.
I0418 08:48:16.749768  6080 data_layer.cpp:130] Transform time: 46.879 ms.
I0418 08:48:17.593549  7952 caffe.cpp:314] Batch 2228, accuracy1+2 = 0
I0418 08:48:17.593549  7952 caffe.cpp:314] Batch 2228, accuracy1+2+3 = 0
I0418 08:48:17.718557  6080 data_layer.cpp:128] Prefetch batch: 125 ms.
I0418 08:48:17.718557  6080 data_layer.cpp:129]      Read time: 93.75 ms.
I0418 08:48:17.718557  6080 data_layer.cpp:130] Transform time: 31.259 ms.
I0418 08:48:18.562335  7952 caffe.cpp:314] Batch 2229, accuracy1+2 = 1
I0418 08:48:18.562335  7952 caffe.cpp:314] Batch 2229, accuracy1+2+3 = 1
I0418 08:48:18.687340  6080 data_layer.cpp:128] Prefetch batch: 125 ms.
I0418 08:48:18.687340  6080 data_layer.cpp:129]      Read time: 93.752 ms.
I0418 08:48:18.687340  6080 data_layer.cpp:130] Transform time: 31.253 ms.
I0418 08:48:19.531122  7952 caffe.cpp:314] Batch 2230, accuracy1+2 = 1
I0418 08:48:19.531122  7952 caffe.cpp:314] Batch 2230, accuracy1+2+3 = 1
I0418 08:48:19.640501  6080 data_layer.cpp:128] Prefetch batch: 109 ms.
I0418 08:48:19.640501  6080 data_layer.cpp:129]      Read time: 0 ms.
I0418 08:48:19.640501  6080 data_layer.cpp:130] Transform time: 109.378 ms.
I0418 08:48:20.515535  7952 caffe.cpp:314] Batch 2231, accuracy1+2 = 1
I0418 08:48:20.515535  7952 caffe.cpp:314] Batch 2231, accuracy1+2+3 = 1
I0418 08:48:20.640543  6080 data_layer.cpp:128] Prefetch batch: 125 ms.
I0418 08:48:20.640543  6080 data_layer.cpp:129]      Read time: 78.141 ms.
I0418 08:48:20.640543  6080 data_layer.cpp:130] Transform time: 46.867 ms.
I0418 08:48:21.484326  7952 caffe.cpp:314] Batch 2232, accuracy1+2 = 1
I0418 08:48:21.484326  7952 caffe.cpp:314] Batch 2232, accuracy1+2+3 = 1
I0418 08:48:21.609333  6080 data_layer.cpp:128] Prefetch batch: 125 ms.
I0418 08:48:21.609333  6080 data_layer.cpp:129]      Read time: 93.753 ms.
I0418 08:48:21.609333  6080 data_layer.cpp:130] Transform time: 31.254 ms.
I0418 08:48:22.453119  7952 caffe.cpp:314] Batch 2233, accuracy1+2 = 1
I0418 08:48:22.453119  7952 caffe.cpp:314] Batch 2233, accuracy1+2+3 = 1
I0418 08:48:22.578121  6080 data_layer.cpp:128] Prefetch batch: 125 ms.
I0418 08:48:22.578121  6080 data_layer.cpp:129]      Read time: 93.75 ms.
I0418 08:48:22.578121  6080 data_layer.cpp:130] Transform time: 31.253 ms.
I0418 08:48:23.437523  7952 caffe.cpp:314] Batch 2234, accuracy1+2 = 1
I0418 08:48:23.437523  7952 caffe.cpp:314] Batch 2234, accuracy1+2+3 = 1
I0418 08:48:23.546911  6080 data_layer.cpp:128] Prefetch batch: 109 ms.
I0418 08:48:23.546911  6080 data_layer.cpp:129]      Read time: 0 ms.
I0418 08:48:23.546911  6080 data_layer.cpp:130] Transform time: 109.388 ms.
I0418 08:48:24.406319  7952 caffe.cpp:314] Batch 2235, accuracy1+2 = 1
I0418 08:48:24.406319  7952 caffe.cpp:314] Batch 2235, accuracy1+2+3 = 1
I0418 08:48:24.531322  6080 data_layer.cpp:128] Prefetch batch: 125 ms.
I0418 08:48:24.531322  6080 data_layer.cpp:129]      Read time: 93.752 ms.
I0418 08:48:24.531322  6080 data_layer.cpp:130] Transform time: 31.251 ms.
I0418 08:48:25.375104  7952 caffe.cpp:314] Batch 2236, accuracy1+2 = 1
I0418 08:48:25.375104  7952 caffe.cpp:314] Batch 2236, accuracy1+2+3 = 1
I0418 08:48:25.500109  6080 data_layer.cpp:128] Prefetch batch: 125 ms.
I0418 08:48:25.515736  6080 data_layer.cpp:129]      Read time: 93.76 ms.
I0418 08:48:25.515736  6080 data_layer.cpp:130] Transform time: 31.245 ms.
I0418 08:48:26.359521  7952 caffe.cpp:314] Batch 2237, accuracy1+2 = 1
I0418 08:48:26.359521  7952 caffe.cpp:314] Batch 2237, accuracy1+2+3 = 1
I0418 08:48:26.484524  6080 data_layer.cpp:128] Prefetch batch: 125 ms.
I0418 08:48:26.484524  6080 data_layer.cpp:129]      Read time: 78.129 ms.
I0418 08:48:26.484524  6080 data_layer.cpp:130] Transform time: 46.873 ms.
I0418 08:48:27.328300  7952 caffe.cpp:314] Batch 2238, accuracy1+2 = 1
I0418 08:48:27.328300  7952 caffe.cpp:314] Batch 2238, accuracy1+2+3 = 1
I0418 08:48:27.437685  6080 data_layer.cpp:128] Prefetch batch: 109 ms.
I0418 08:48:27.437685  6080 data_layer.cpp:129]      Read time: 0 ms.
I0418 08:48:27.437685  6080 data_layer.cpp:130] Transform time: 109.385 ms.
I0418 08:48:28.297094  7952 caffe.cpp:314] Batch 2239, accuracy1+2 = 1
I0418 08:48:28.297094  7952 caffe.cpp:314] Batch 2239, accuracy1+2+3 = 1
I0418 08:48:28.437722  6080 data_layer.cpp:128] Prefetch batch: 140 ms.
I0418 08:48:28.437722  6080 data_layer.cpp:129]      Read time: 125.002 ms.
I0418 08:48:28.437722  6080 data_layer.cpp:130] Transform time: 15.626 ms.
I0418 08:48:29.265882  7952 caffe.cpp:314] Batch 2240, accuracy1+2 = 1
I0418 08:48:29.265882  7952 caffe.cpp:314] Batch 2240, accuracy1+2+3 = 1
I0418 08:48:29.406507  6080 data_layer.cpp:128] Prefetch batch: 125 ms.
I0418 08:48:29.406507  6080 data_layer.cpp:129]      Read time: 62.506 ms.
I0418 08:48:29.406507  6080 data_layer.cpp:130] Transform time: 62.496 ms.
I0418 08:48:30.250298  7952 caffe.cpp:314] Batch 2241, accuracy1+2 = 1
I0418 08:48:30.250298  7952 caffe.cpp:314] Batch 2241, accuracy1+2+3 = 1
I0418 08:48:30.375299  6080 data_layer.cpp:128] Prefetch batch: 125 ms.
I0418 08:48:30.375299  6080 data_layer.cpp:129]      Read time: 93.754 ms.
I0418 08:48:30.375299  6080 data_layer.cpp:130] Transform time: 31.247 ms.
I0418 08:48:31.219085  7952 caffe.cpp:314] Batch 2242, accuracy1+2 = 1
I0418 08:48:31.219085  7952 caffe.cpp:314] Batch 2242, accuracy1+2+3 = 1
I0418 08:48:31.344089  6080 data_layer.cpp:128] Prefetch batch: 125 ms.
I0418 08:48:31.344089  6080 data_layer.cpp:129]      Read time: 93.758 ms.
I0418 08:48:31.344089  6080 data_layer.cpp:130] Transform time: 31.246 ms.
I0418 08:48:32.187871  7952 caffe.cpp:314] Batch 2243, accuracy1+2 = 1
I0418 08:48:32.187871  7952 caffe.cpp:314] Batch 2243, accuracy1+2+3 = 1
I0418 08:48:32.297257  6080 data_layer.cpp:128] Prefetch batch: 109 ms.
I0418 08:48:32.297257  6080 data_layer.cpp:129]      Read time: 0 ms.
I0418 08:48:32.297257  6080 data_layer.cpp:130] Transform time: 109.386 ms.
I0418 08:48:33.172286  7952 caffe.cpp:314] Batch 2244, accuracy1+2 = 1
I0418 08:48:33.172286  7952 caffe.cpp:314] Batch 2244, accuracy1+2+3 = 1
I0418 08:48:33.297287  6080 data_layer.cpp:128] Prefetch batch: 125 ms.
I0418 08:48:33.297287  6080 data_layer.cpp:129]      Read time: 93.756 ms.
I0418 08:48:33.297287  6080 data_layer.cpp:130] Transform time: 31.246 ms.
I0418 08:48:34.141074  7952 caffe.cpp:314] Batch 2245, accuracy1+2 = 1
I0418 08:48:34.141074  7952 caffe.cpp:314] Batch 2245, accuracy1+2+3 = 1
I0418 08:48:34.266078  6080 data_layer.cpp:128] Prefetch batch: 125 ms.
I0418 08:48:34.266078  6080 data_layer.cpp:129]      Read time: 93.753 ms.
I0418 08:48:34.266078  6080 data_layer.cpp:130] Transform time: 31.251 ms.
I0418 08:48:35.109899  7952 caffe.cpp:314] Batch 2246, accuracy1+2 = 1
I0418 08:48:35.109899  7952 caffe.cpp:314] Batch 2246, accuracy1+2+3 = 1
I0418 08:48:35.234869  6080 data_layer.cpp:128] Prefetch batch: 124 ms.
I0418 08:48:35.234869  6080 data_layer.cpp:129]      Read time: 93.719 ms.
I0418 08:48:35.234869  6080 data_layer.cpp:130] Transform time: 31.251 ms.
I0418 08:48:36.078649  7952 caffe.cpp:314] Batch 2247, accuracy1+2 = 1
I0418 08:48:36.078649  7952 caffe.cpp:314] Batch 2247, accuracy1+2+3 = 1
I0418 08:48:36.219280  6080 data_layer.cpp:128] Prefetch batch: 140 ms.
I0418 08:48:36.219280  6080 data_layer.cpp:129]      Read time: 93.753 ms.
I0418 08:48:36.219280  6080 data_layer.cpp:130] Transform time: 46.877 ms.
I0418 08:48:37.063062  7952 caffe.cpp:314] Batch 2248, accuracy1+2 = 1
I0418 08:48:37.063062  7952 caffe.cpp:314] Batch 2248, accuracy1+2+3 = 1
I0418 08:48:37.156814  6080 data_layer.cpp:128] Prefetch batch: 93 ms.
I0418 08:48:37.156814  6080 data_layer.cpp:129]      Read time: 0 ms.
I0418 08:48:37.156814  6080 data_layer.cpp:130] Transform time: 93.752 ms.
I0418 08:48:38.031849  7952 caffe.cpp:314] Batch 2249, accuracy1+2 = 1
I0418 08:48:38.031849  7952 caffe.cpp:314] Batch 2249, accuracy1+2+3 = 1
I0418 08:48:38.156858  6080 data_layer.cpp:128] Prefetch batch: 125 ms.
I0418 08:48:38.156858  6080 data_layer.cpp:129]      Read time: 93.757 ms.
I0418 08:48:38.156858  6080 data_layer.cpp:130] Transform time: 31.252 ms.
I0418 08:48:39.000638  7952 caffe.cpp:314] Batch 2250, accuracy1+2 = 1
I0418 08:48:39.000638  7952 caffe.cpp:314] Batch 2250, accuracy1+2+3 = 1
I0418 08:48:39.125640  6080 data_layer.cpp:128] Prefetch batch: 125 ms.
I0418 08:48:39.125640  6080 data_layer.cpp:129]      Read time: 93.756 ms.
I0418 08:48:39.125640  6080 data_layer.cpp:130] Transform time: 31.247 ms.
I0418 08:48:39.969425  7952 caffe.cpp:314] Batch 2251, accuracy1+2 = 1
I0418 08:48:39.969425  7952 caffe.cpp:314] Batch 2251, accuracy1+2+3 = 1
I0418 08:48:40.110060  6080 data_layer.cpp:128] Prefetch batch: 140 ms.
I0418 08:48:40.110060  6080 data_layer.cpp:129]      Read time: 93.753 ms.
I0418 08:48:40.110060  6080 data_layer.cpp:130] Transform time: 46.882 ms.
I0418 08:48:40.953842  7952 caffe.cpp:314] Batch 2252, accuracy1+2 = 1
I0418 08:48:40.953842  7952 caffe.cpp:314] Batch 2252, accuracy1+2+3 = 1
I0418 08:48:41.078841  6080 data_layer.cpp:128] Prefetch batch: 124 ms.
I0418 08:48:41.078841  6080 data_layer.cpp:129]      Read time: 93.755 ms.
I0418 08:48:41.078841  6080 data_layer.cpp:130] Transform time: 31.244 ms.
I0418 08:48:41.922628  7952 caffe.cpp:314] Batch 2253, accuracy1+2 = 1
I0418 08:48:41.922628  7952 caffe.cpp:314] Batch 2253, accuracy1+2+3 = 1
I0418 08:48:42.032009  6080 data_layer.cpp:128] Prefetch batch: 109 ms.
I0418 08:48:42.032009  6080 data_layer.cpp:129]      Read time: 0 ms.
I0418 08:48:42.032009  6080 data_layer.cpp:130] Transform time: 109.381 ms.
I0418 08:48:42.907039  7952 caffe.cpp:314] Batch 2254, accuracy1+2 = 1
I0418 08:48:42.907039  7952 caffe.cpp:314] Batch 2254, accuracy1+2+3 = 1
I0418 08:48:43.032047  6080 data_layer.cpp:128] Prefetch batch: 125 ms.
I0418 08:48:43.032047  6080 data_layer.cpp:129]      Read time: 78.126 ms.
I0418 08:48:43.032047  6080 data_layer.cpp:130] Transform time: 46.882 ms.
I0418 08:48:43.875833  7952 caffe.cpp:314] Batch 2255, accuracy1+2 = 1
I0418 08:48:43.875833  7952 caffe.cpp:314] Batch 2255, accuracy1+2+3 = 1
I0418 08:48:44.000833  6080 data_layer.cpp:128] Prefetch batch: 124 ms.
I0418 08:48:44.000833  6080 data_layer.cpp:129]      Read time: 93.75 ms.
I0418 08:48:44.000833  6080 data_layer.cpp:130] Transform time: 31.249 ms.
I0418 08:48:44.844619  7952 caffe.cpp:314] Batch 2256, accuracy1+2 = 1
I0418 08:48:44.844619  7952 caffe.cpp:314] Batch 2256, accuracy1+2+3 = 1
I0418 08:48:44.969619  6080 data_layer.cpp:128] Prefetch batch: 125 ms.
I0418 08:48:44.969619  6080 data_layer.cpp:129]      Read time: 93.758 ms.
I0418 08:48:44.969619  6080 data_layer.cpp:130] Transform time: 31.242 ms.
I0418 08:48:45.844646  7952 caffe.cpp:314] Batch 2257, accuracy1+2 = 1
I0418 08:48:45.844646  7952 caffe.cpp:314] Batch 2257, accuracy1+2+3 = 1
I0418 08:48:45.969662  6080 data_layer.cpp:128] Prefetch batch: 125 ms.
I0418 08:48:45.969662  6080 data_layer.cpp:129]      Read time: 93.758 ms.
I0418 08:48:45.969662  6080 data_layer.cpp:130] Transform time: 31.258 ms.
I0418 08:48:46.829068  7952 caffe.cpp:314] Batch 2258, accuracy1+2 = 1
I0418 08:48:46.829068  7952 caffe.cpp:314] Batch 2258, accuracy1+2+3 = 1
I0418 08:48:46.954075  6080 data_layer.cpp:128] Prefetch batch: 125 ms.
I0418 08:48:46.954075  6080 data_layer.cpp:129]      Read time: 93.752 ms.
I0418 08:48:46.954075  6080 data_layer.cpp:130] Transform time: 31.255 ms.
I0418 08:48:47.797860  7952 caffe.cpp:314] Batch 2259, accuracy1+2 = 1
I0418 08:48:47.797860  7952 caffe.cpp:314] Batch 2259, accuracy1+2+3 = 1
I0418 08:48:47.922859  6080 data_layer.cpp:128] Prefetch batch: 124 ms.
I0418 08:48:47.922859  6080 data_layer.cpp:129]      Read time: 93.75 ms.
I0418 08:48:47.922859  6080 data_layer.cpp:130] Transform time: 31.249 ms.
I0418 08:48:48.782275  7952 caffe.cpp:314] Batch 2260, accuracy1+2 = 1
I0418 08:48:48.782275  7952 caffe.cpp:314] Batch 2260, accuracy1+2+3 = 1
I0418 08:48:48.876021  6080 data_layer.cpp:128] Prefetch batch: 93 ms.
I0418 08:48:48.876021  6080 data_layer.cpp:129]      Read time: 0 ms.
I0418 08:48:48.876021  6080 data_layer.cpp:130] Transform time: 93.746 ms.
I0418 08:48:49.751055  7952 caffe.cpp:314] Batch 2261, accuracy1+2 = 0
I0418 08:48:49.751055  7952 caffe.cpp:314] Batch 2261, accuracy1+2+3 = 0
I0418 08:48:49.876067  6080 data_layer.cpp:128] Prefetch batch: 125 ms.
I0418 08:48:49.876067  6080 data_layer.cpp:129]      Read time: 93.759 ms.
I0418 08:48:49.876067  6080 data_layer.cpp:130] Transform time: 31.253 ms.
I0418 08:48:50.719848  7952 caffe.cpp:314] Batch 2262, accuracy1+2 = 1
I0418 08:48:50.719848  7952 caffe.cpp:314] Batch 2262, accuracy1+2+3 = 1
I0418 08:48:50.844852  6080 data_layer.cpp:128] Prefetch batch: 125 ms.
I0418 08:48:50.844852  6080 data_layer.cpp:129]      Read time: 93.756 ms.
I0418 08:48:50.844852  6080 data_layer.cpp:130] Transform time: 31.248 ms.
I0418 08:48:51.719877  7952 caffe.cpp:314] Batch 2263, accuracy1+2 = 1
I0418 08:48:51.719877  7952 caffe.cpp:314] Batch 2263, accuracy1+2+3 = 1
I0418 08:48:51.844907  6080 data_layer.cpp:128] Prefetch batch: 125 ms.
I0418 08:48:51.844907  6080 data_layer.cpp:129]      Read time: 78.128 ms.
I0418 08:48:51.844907  6080 data_layer.cpp:130] Transform time: 46.903 ms.
I0418 08:48:52.719916  7952 caffe.cpp:314] Batch 2264, accuracy1+2 = 1
I0418 08:48:52.719916  7952 caffe.cpp:314] Batch 2264, accuracy1+2+3 = 1
I0418 08:48:52.860553  6080 data_layer.cpp:128] Prefetch batch: 140 ms.
I0418 08:48:52.860553  6080 data_layer.cpp:129]      Read time: 93.754 ms.
I0418 08:48:52.860553  6080 data_layer.cpp:130] Transform time: 46.882 ms.
I0418 08:48:53.751206  7952 caffe.cpp:314] Batch 2265, accuracy1+2 = 0
I0418 08:48:53.751206  7952 caffe.cpp:314] Batch 2265, accuracy1+2+3 = 0
I0418 08:48:53.876209  6080 data_layer.cpp:128] Prefetch batch: 125 ms.
I0418 08:48:53.876209  6080 data_layer.cpp:129]      Read time: 78.126 ms.
I0418 08:48:53.876209  6080 data_layer.cpp:130] Transform time: 46.877 ms.
I0418 08:48:54.735632  7952 caffe.cpp:314] Batch 2266, accuracy1+2 = 1
I0418 08:48:54.735632  7952 caffe.cpp:314] Batch 2266, accuracy1+2+3 = 1
I0418 08:48:54.860632  6080 data_layer.cpp:128] Prefetch batch: 125 ms.
I0418 08:48:54.860632  6080 data_layer.cpp:129]      Read time: 78.122 ms.
I0418 08:48:54.860632  6080 data_layer.cpp:130] Transform time: 46.878 ms.
I0418 08:48:55.704422  7952 caffe.cpp:314] Batch 2267, accuracy1+2 = 1
I0418 08:48:55.704422  7952 caffe.cpp:314] Batch 2267, accuracy1+2+3 = 1
I0418 08:48:55.798171  6080 data_layer.cpp:128] Prefetch batch: 93 ms.
I0418 08:48:55.798171  6080 data_layer.cpp:129]      Read time: 0 ms.
I0418 08:48:55.798171  6080 data_layer.cpp:130] Transform time: 93.748 ms.
I0418 08:48:56.673209  7952 caffe.cpp:314] Batch 2268, accuracy1+2 = 0
I0418 08:48:56.673209  7952 caffe.cpp:314] Batch 2268, accuracy1+2+3 = 0
I0418 08:48:56.798210  6080 data_layer.cpp:128] Prefetch batch: 125 ms.
I0418 08:48:56.798210  6080 data_layer.cpp:129]      Read time: 93.755 ms.
I0418 08:48:56.798210  6080 data_layer.cpp:130] Transform time: 31.246 ms.
I0418 08:48:57.641991  7952 caffe.cpp:314] Batch 2269, accuracy1+2 = 1
I0418 08:48:57.641991  7952 caffe.cpp:314] Batch 2269, accuracy1+2+3 = 1
I0418 08:48:57.766999  6080 data_layer.cpp:128] Prefetch batch: 125 ms.
I0418 08:48:57.766999  6080 data_layer.cpp:129]      Read time: 93.753 ms.
I0418 08:48:57.766999  6080 data_layer.cpp:130] Transform time: 31.254 ms.
I0418 08:48:58.626410  7952 caffe.cpp:314] Batch 2270, accuracy1+2 = 0
I0418 08:48:58.626410  7952 caffe.cpp:314] Batch 2270, accuracy1+2+3 = 0
I0418 08:48:58.751415  6080 data_layer.cpp:128] Prefetch batch: 125 ms.
I0418 08:48:58.751415  6080 data_layer.cpp:129]      Read time: 78.127 ms.
I0418 08:48:58.751415  6080 data_layer.cpp:130] Transform time: 46.877 ms.
I0418 08:48:59.595192  7952 caffe.cpp:314] Batch 2271, accuracy1+2 = 1
I0418 08:48:59.595192  7952 caffe.cpp:314] Batch 2271, accuracy1+2+3 = 1
I0418 08:48:59.720201  6080 data_layer.cpp:128] Prefetch batch: 125 ms.
I0418 08:48:59.720201  6080 data_layer.cpp:129]      Read time: 93.755 ms.
I0418 08:48:59.720201  6080 data_layer.cpp:130] Transform time: 31.254 ms.
I0418 08:49:00.563980  7952 caffe.cpp:314] Batch 2272, accuracy1+2 = 1
I0418 08:49:00.563980  7952 caffe.cpp:314] Batch 2272, accuracy1+2+3 = 1
I0418 08:49:00.688992  6080 data_layer.cpp:128] Prefetch batch: 125 ms.
I0418 08:49:00.688992  6080 data_layer.cpp:129]      Read time: 93.756 ms.
I0418 08:49:00.688992  6080 data_layer.cpp:130] Transform time: 31.255 ms.
I0418 08:49:01.548399  7952 caffe.cpp:314] Batch 2273, accuracy1+2 = 1
I0418 08:49:01.548399  7952 caffe.cpp:314] Batch 2273, accuracy1+2+3 = 1
I0418 08:49:01.642149  6080 data_layer.cpp:128] Prefetch batch: 93 ms.
I0418 08:49:01.642149  6080 data_layer.cpp:129]      Read time: 0 ms.
I0418 08:49:01.642149  6080 data_layer.cpp:130] Transform time: 93.75 ms.
I0418 08:49:02.517184  7952 caffe.cpp:314] Batch 2274, accuracy1+2 = 1
I0418 08:49:02.517184  7952 caffe.cpp:314] Batch 2274, accuracy1+2+3 = 1
I0418 08:49:02.642194  6080 data_layer.cpp:128] Prefetch batch: 125 ms.
I0418 08:49:02.642194  6080 data_layer.cpp:129]      Read time: 93.754 ms.
I0418 08:49:02.642194  6080 data_layer.cpp:130] Transform time: 31.256 ms.
I0418 08:49:03.485970  7952 caffe.cpp:314] Batch 2275, accuracy1+2 = 0
I0418 08:49:03.485970  7952 caffe.cpp:314] Batch 2275, accuracy1+2+3 = 0
I0418 08:49:03.610981  6080 data_layer.cpp:128] Prefetch batch: 125 ms.
I0418 08:49:03.610981  6080 data_layer.cpp:129]      Read time: 93.755 ms.
I0418 08:49:03.610981  6080 data_layer.cpp:130] Transform time: 31.257 ms.
I0418 08:49:04.470386  7952 caffe.cpp:314] Batch 2276, accuracy1+2 = 1
I0418 08:49:04.470386  7952 caffe.cpp:314] Batch 2276, accuracy1+2+3 = 1
I0418 08:49:04.595388  6080 data_layer.cpp:128] Prefetch batch: 125 ms.
I0418 08:49:04.595388  6080 data_layer.cpp:129]      Read time: 93.751 ms.
I0418 08:49:04.595388  6080 data_layer.cpp:130] Transform time: 31.251 ms.
I0418 08:49:05.439178  7952 caffe.cpp:314] Batch 2277, accuracy1+2 = 1
I0418 08:49:05.439178  7952 caffe.cpp:314] Batch 2277, accuracy1+2+3 = 1
I0418 08:49:05.564179  6080 data_layer.cpp:128] Prefetch batch: 125 ms.
I0418 08:49:05.564179  6080 data_layer.cpp:129]      Read time: 93.753 ms.
I0418 08:49:05.564179  6080 data_layer.cpp:130] Transform time: 31.248 ms.
I0418 08:49:06.407960  7952 caffe.cpp:314] Batch 2278, accuracy1+2 = 1
I0418 08:49:06.407960  7952 caffe.cpp:314] Batch 2278, accuracy1+2+3 = 1
I0418 08:49:06.517341  6080 data_layer.cpp:128] Prefetch batch: 109 ms.
I0418 08:49:06.517341  6080 data_layer.cpp:129]      Read time: 0 ms.
I0418 08:49:06.517341  6080 data_layer.cpp:130] Transform time: 109.381 ms.
I0418 08:49:07.392379  7952 caffe.cpp:314] Batch 2279, accuracy1+2 = 1
I0418 08:49:07.392379  7952 caffe.cpp:314] Batch 2279, accuracy1+2+3 = 1
I0418 08:49:07.517379  6080 data_layer.cpp:128] Prefetch batch: 125 ms.
I0418 08:49:07.517379  6080 data_layer.cpp:129]      Read time: 93.762 ms.
I0418 08:49:07.517379  6080 data_layer.cpp:130] Transform time: 31.238 ms.
I0418 08:49:08.361162  7952 caffe.cpp:314] Batch 2280, accuracy1+2 = 1
I0418 08:49:08.361162  7952 caffe.cpp:314] Batch 2280, accuracy1+2+3 = 1
I0418 08:49:08.486171  6080 data_layer.cpp:128] Prefetch batch: 125 ms.
I0418 08:49:08.486171  6080 data_layer.cpp:129]      Read time: 93.759 ms.
I0418 08:49:08.486171  6080 data_layer.cpp:130] Transform time: 31.25 ms.
I0418 08:49:09.329955  7952 caffe.cpp:314] Batch 2281, accuracy1+2 = 1
I0418 08:49:09.329955  7952 caffe.cpp:314] Batch 2281, accuracy1+2+3 = 1
I0418 08:49:09.470583  6080 data_layer.cpp:128] Prefetch batch: 140 ms.
I0418 08:49:09.470583  6080 data_layer.cpp:129]      Read time: 93.755 ms.
I0418 08:49:09.470583  6080 data_layer.cpp:130] Transform time: 46.873 ms.
I0418 08:49:10.314369  7952 caffe.cpp:314] Batch 2282, accuracy1+2 = 1
I0418 08:49:10.314369  7952 caffe.cpp:314] Batch 2282, accuracy1+2+3 = 1
I0418 08:49:10.439375  6080 data_layer.cpp:128] Prefetch batch: 125 ms.
I0418 08:49:10.439375  6080 data_layer.cpp:129]      Read time: 93.752 ms.
I0418 08:49:10.439375  6080 data_layer.cpp:130] Transform time: 31.254 ms.
I0418 08:49:11.283157  7952 caffe.cpp:314] Batch 2283, accuracy1+2 = 1
I0418 08:49:11.283157  7952 caffe.cpp:314] Batch 2283, accuracy1+2+3 = 1
I0418 08:49:11.392534  6080 data_layer.cpp:128] Prefetch batch: 109 ms.
I0418 08:49:11.392534  6080 data_layer.cpp:129]      Read time: 0 ms.
I0418 08:49:11.392534  6080 data_layer.cpp:130] Transform time: 109.377 ms.
I0418 08:49:12.251938  7952 caffe.cpp:314] Batch 2284, accuracy1+2 = 1
I0418 08:49:12.251938  7952 caffe.cpp:314] Batch 2284, accuracy1+2+3 = 1
I0418 08:49:12.376943  6080 data_layer.cpp:128] Prefetch batch: 125 ms.
I0418 08:49:12.376943  6080 data_layer.cpp:129]      Read time: 93.759 ms.
I0418 08:49:12.376943  6080 data_layer.cpp:130] Transform time: 31.246 ms.
I0418 08:49:13.236357  7952 caffe.cpp:314] Batch 2285, accuracy1+2 = 1
I0418 08:49:13.236357  7952 caffe.cpp:314] Batch 2285, accuracy1+2+3 = 1
I0418 08:49:13.361364  6080 data_layer.cpp:128] Prefetch batch: 125 ms.
I0418 08:49:13.361364  6080 data_layer.cpp:129]      Read time: 93.755 ms.
I0418 08:49:13.361364  6080 data_layer.cpp:130] Transform time: 31.252 ms.
I0418 08:49:14.205142  7952 caffe.cpp:314] Batch 2286, accuracy1+2 = 1
I0418 08:49:14.220772  7952 caffe.cpp:314] Batch 2286, accuracy1+2+3 = 1
I0418 08:49:14.345777  6080 data_layer.cpp:128] Prefetch batch: 125 ms.
I0418 08:49:14.345777  6080 data_layer.cpp:129]      Read time: 78.128 ms.
I0418 08:49:14.345777  6080 data_layer.cpp:130] Transform time: 46.877 ms.
I0418 08:49:15.189560  7952 caffe.cpp:314] Batch 2287, accuracy1+2 = 1
I0418 08:49:15.189560  7952 caffe.cpp:314] Batch 2287, accuracy1+2+3 = 1
I0418 08:49:15.314565  6080 data_layer.cpp:128] Prefetch batch: 125 ms.
I0418 08:49:15.314565  6080 data_layer.cpp:129]      Read time: 93.749 ms.
I0418 08:49:15.314565  6080 data_layer.cpp:130] Transform time: 31.256 ms.
I0418 08:49:16.158344  7952 caffe.cpp:314] Batch 2288, accuracy1+2 = 1
I0418 08:49:16.158344  7952 caffe.cpp:314] Batch 2288, accuracy1+2+3 = 1
I0418 08:49:16.283352  6080 data_layer.cpp:128] Prefetch batch: 125 ms.
I0418 08:49:16.283352  6080 data_layer.cpp:129]      Read time: 93.755 ms.
I0418 08:49:16.283352  6080 data_layer.cpp:130] Transform time: 31.253 ms.
I0418 08:49:17.142765  7952 caffe.cpp:314] Batch 2289, accuracy1+2 = 1
I0418 08:49:17.142765  7952 caffe.cpp:314] Batch 2289, accuracy1+2+3 = 1
I0418 08:49:17.236516  6080 data_layer.cpp:128] Prefetch batch: 93 ms.
I0418 08:49:17.236516  6080 data_layer.cpp:129]      Read time: 0 ms.
I0418 08:49:17.236516  6080 data_layer.cpp:130] Transform time: 93.752 ms.
I0418 08:49:18.111551  7952 caffe.cpp:314] Batch 2290, accuracy1+2 = 1
I0418 08:49:18.111551  7952 caffe.cpp:314] Batch 2290, accuracy1+2+3 = 1
I0418 08:49:18.236552  6080 data_layer.cpp:128] Prefetch batch: 125 ms.
I0418 08:49:18.236552  6080 data_layer.cpp:129]      Read time: 93.749 ms.
I0418 08:49:18.236552  6080 data_layer.cpp:130] Transform time: 31.252 ms.
I0418 08:49:19.080334  7952 caffe.cpp:314] Batch 2291, accuracy1+2 = 1
I0418 08:49:19.080334  7952 caffe.cpp:314] Batch 2291, accuracy1+2+3 = 1
I0418 08:49:19.205341  6080 data_layer.cpp:128] Prefetch batch: 125 ms.
I0418 08:49:19.205341  6080 data_layer.cpp:129]      Read time: 93.757 ms.
I0418 08:49:19.205341  6080 data_layer.cpp:130] Transform time: 31.25 ms.
I0418 08:49:20.049125  7952 caffe.cpp:314] Batch 2292, accuracy1+2 = 1
I0418 08:49:20.049125  7952 caffe.cpp:314] Batch 2292, accuracy1+2+3 = 1
I0418 08:49:20.174130  6080 data_layer.cpp:128] Prefetch batch: 125 ms.
I0418 08:49:20.174130  6080 data_layer.cpp:129]      Read time: 93.761 ms.
I0418 08:49:20.174130  6080 data_layer.cpp:130] Transform time: 31.244 ms.
I0418 08:49:21.033537  7952 caffe.cpp:314] Batch 2293, accuracy1+2 = 1
I0418 08:49:21.033537  7952 caffe.cpp:314] Batch 2293, accuracy1+2+3 = 1
I0418 08:49:21.158538  6080 data_layer.cpp:128] Prefetch batch: 125 ms.
I0418 08:49:21.158538  6080 data_layer.cpp:129]      Read time: 93.752 ms.
I0418 08:49:21.158538  6080 data_layer.cpp:130] Transform time: 31.249 ms.
I0418 08:49:22.002326  7952 caffe.cpp:314] Batch 2294, accuracy1+2 = 1
I0418 08:49:22.002326  7952 caffe.cpp:314] Batch 2294, accuracy1+2+3 = 1
I0418 08:49:22.111708  6080 data_layer.cpp:128] Prefetch batch: 109 ms.
I0418 08:49:22.111708  6080 data_layer.cpp:129]      Read time: 0 ms.
I0418 08:49:22.111708  6080 data_layer.cpp:130] Transform time: 109.382 ms.
I0418 08:49:22.971114  7952 caffe.cpp:314] Batch 2295, accuracy1+2 = 1
I0418 08:49:22.971114  7952 caffe.cpp:314] Batch 2295, accuracy1+2+3 = 1
I0418 08:49:23.096115  6080 data_layer.cpp:128] Prefetch batch: 125 ms.
I0418 08:49:23.096115  6080 data_layer.cpp:129]      Read time: 93.752 ms.
I0418 08:49:23.096115  6080 data_layer.cpp:130] Transform time: 31.249 ms.
I0418 08:49:23.955520  7952 caffe.cpp:314] Batch 2296, accuracy1+2 = 0
I0418 08:49:23.955520  7952 caffe.cpp:314] Batch 2296, accuracy1+2+3 = 0
I0418 08:49:24.080531  6080 data_layer.cpp:128] Prefetch batch: 125 ms.
I0418 08:49:24.080531  6080 data_layer.cpp:129]      Read time: 93.762 ms.
I0418 08:49:24.080531  6080 data_layer.cpp:130] Transform time: 31.249 ms.
I0418 08:49:24.924317  7952 caffe.cpp:314] Batch 2297, accuracy1+2 = 1
I0418 08:49:24.924317  7952 caffe.cpp:314] Batch 2297, accuracy1+2+3 = 1
I0418 08:49:25.049320  6080 data_layer.cpp:128] Prefetch batch: 125 ms.
I0418 08:49:25.049320  6080 data_layer.cpp:129]      Read time: 93.755 ms.
I0418 08:49:25.049320  6080 data_layer.cpp:130] Transform time: 31.248 ms.
I0418 08:49:25.908731  7952 caffe.cpp:314] Batch 2298, accuracy1+2 = 1
I0418 08:49:25.908731  7952 caffe.cpp:314] Batch 2298, accuracy1+2+3 = 1
I0418 08:49:26.002478  6080 data_layer.cpp:128] Prefetch batch: 93 ms.
I0418 08:49:26.002478  6080 data_layer.cpp:129]      Read time: 0 ms.
I0418 08:49:26.002478  6080 data_layer.cpp:130] Transform time: 93.747 ms.
I0418 08:49:26.877519  7952 caffe.cpp:314] Batch 2299, accuracy1+2 = 0
I0418 08:49:26.877519  7952 caffe.cpp:314] Batch 2299, accuracy1+2+3 = 0
I0418 08:49:27.002518  6080 data_layer.cpp:128] Prefetch batch: 124 ms.
I0418 08:49:27.002518  6080 data_layer.cpp:129]      Read time: 93.753 ms.
I0418 08:49:27.002518  6080 data_layer.cpp:130] Transform time: 31.246 ms.
I0418 08:49:27.846302  7952 caffe.cpp:314] Batch 2300, accuracy1+2 = 1
I0418 08:49:27.846302  7952 caffe.cpp:314] Batch 2300, accuracy1+2+3 = 1
I0418 08:49:27.971310  6080 data_layer.cpp:128] Prefetch batch: 125 ms.
I0418 08:49:27.971310  6080 data_layer.cpp:129]      Read time: 93.761 ms.
I0418 08:49:27.971310  6080 data_layer.cpp:130] Transform time: 31.248 ms.
I0418 08:49:28.830715  7952 caffe.cpp:314] Batch 2301, accuracy1+2 = 1
I0418 08:49:28.830715  7952 caffe.cpp:314] Batch 2301, accuracy1+2+3 = 1
I0418 08:49:28.955726  6080 data_layer.cpp:128] Prefetch batch: 125 ms.
I0418 08:49:28.955726  6080 data_layer.cpp:129]      Read time: 78.133 ms.
I0418 08:49:28.955726  6080 data_layer.cpp:130] Transform time: 46.878 ms.
I0418 08:49:29.815121  7952 caffe.cpp:314] Batch 2302, accuracy1+2 = 1
I0418 08:49:29.815121  7952 caffe.cpp:314] Batch 2302, accuracy1+2+3 = 1
I0418 08:49:29.955765  6080 data_layer.cpp:128] Prefetch batch: 140 ms.
I0418 08:49:29.955765  6080 data_layer.cpp:129]      Read time: 93.766 ms.
I0418 08:49:29.955765  6080 data_layer.cpp:130] Transform time: 31.251 ms.
I0418 08:49:30.830790  7952 caffe.cpp:314] Batch 2303, accuracy1+2 = 1
I0418 08:49:30.830790  7952 caffe.cpp:314] Batch 2303, accuracy1+2+3 = 1
I0418 08:49:30.955802  6080 data_layer.cpp:128] Prefetch batch: 125 ms.
I0418 08:49:30.955802  6080 data_layer.cpp:129]      Read time: 62.502 ms.
I0418 08:49:30.955802  6080 data_layer.cpp:130] Transform time: 62.51 ms.
I0418 08:49:31.815213  7952 caffe.cpp:314] Batch 2304, accuracy1+2 = 1
I0418 08:49:31.815213  7952 caffe.cpp:314] Batch 2304, accuracy1+2+3 = 1
I0418 08:49:31.940212  6080 data_layer.cpp:128] Prefetch batch: 124 ms.
I0418 08:49:31.940212  6080 data_layer.cpp:129]      Read time: 15.625 ms.
I0418 08:49:31.940212  6080 data_layer.cpp:130] Transform time: 109.374 ms.
I0418 08:49:32.783998  7952 caffe.cpp:314] Batch 2305, accuracy1+2 = 1
I0418 08:49:32.783998  7952 caffe.cpp:314] Batch 2305, accuracy1+2+3 = 1
I0418 08:49:32.909003  6080 data_layer.cpp:128] Prefetch batch: 125 ms.
I0418 08:49:32.909003  6080 data_layer.cpp:129]      Read time: 93.758 ms.
I0418 08:49:32.909003  6080 data_layer.cpp:130] Transform time: 31.248 ms.
I0418 08:49:33.768414  7952 caffe.cpp:314] Batch 2306, accuracy1+2 = 1
I0418 08:49:33.768414  7952 caffe.cpp:314] Batch 2306, accuracy1+2+3 = 1
I0418 08:49:33.893415  6080 data_layer.cpp:128] Prefetch batch: 125 ms.
I0418 08:49:33.893415  6080 data_layer.cpp:129]      Read time: 78.127 ms.
I0418 08:49:33.893415  6080 data_layer.cpp:130] Transform time: 46.874 ms.
I0418 08:49:34.737198  7952 caffe.cpp:314] Batch 2307, accuracy1+2 = 1
I0418 08:49:34.737198  7952 caffe.cpp:314] Batch 2307, accuracy1+2+3 = 1
I0418 08:49:34.862205  6080 data_layer.cpp:128] Prefetch batch: 125 ms.
I0418 08:49:34.862205  6080 data_layer.cpp:129]      Read time: 93.75 ms.
I0418 08:49:34.862205  6080 data_layer.cpp:130] Transform time: 31.256 ms.
I0418 08:49:35.705991  7952 caffe.cpp:314] Batch 2308, accuracy1+2 = 1
I0418 08:49:35.705991  7952 caffe.cpp:314] Batch 2308, accuracy1+2+3 = 1
I0418 08:49:35.815363  6080 data_layer.cpp:128] Prefetch batch: 109 ms.
I0418 08:49:35.815363  6080 data_layer.cpp:129]      Read time: 0 ms.
I0418 08:49:35.815363  6080 data_layer.cpp:130] Transform time: 109.373 ms.
I0418 08:49:36.674775  7952 caffe.cpp:314] Batch 2309, accuracy1+2 = 1
I0418 08:49:36.674775  7952 caffe.cpp:314] Batch 2309, accuracy1+2+3 = 1
I0418 08:49:36.815409  6080 data_layer.cpp:128] Prefetch batch: 140 ms.
I0418 08:49:36.815409  6080 data_layer.cpp:129]      Read time: 93.754 ms.
I0418 08:49:36.815409  6080 data_layer.cpp:130] Transform time: 46.88 ms.
I0418 08:49:37.659193  7952 caffe.cpp:314] Batch 2310, accuracy1+2 = 1
I0418 08:49:37.659193  7952 caffe.cpp:314] Batch 2310, accuracy1+2+3 = 1
I0418 08:49:37.784195  6080 data_layer.cpp:128] Prefetch batch: 125 ms.
I0418 08:49:37.784195  6080 data_layer.cpp:129]      Read time: 93.754 ms.
I0418 08:49:37.784195  6080 data_layer.cpp:130] Transform time: 31.249 ms.
I0418 08:49:38.627979  7952 caffe.cpp:314] Batch 2311, accuracy1+2 = 1
I0418 08:49:38.627979  7952 caffe.cpp:314] Batch 2311, accuracy1+2+3 = 1
I0418 08:49:38.752981  6080 data_layer.cpp:128] Prefetch batch: 125 ms.
I0418 08:49:38.752981  6080 data_layer.cpp:129]      Read time: 93.748 ms.
I0418 08:49:38.752981  6080 data_layer.cpp:130] Transform time: 31.254 ms.
I0418 08:49:39.628015  7952 caffe.cpp:314] Batch 2312, accuracy1+2 = 1
I0418 08:49:39.628015  7952 caffe.cpp:314] Batch 2312, accuracy1+2+3 = 1
I0418 08:49:39.753021  6080 data_layer.cpp:128] Prefetch batch: 125 ms.
I0418 08:49:39.753021  6080 data_layer.cpp:129]      Read time: 93.756 ms.
I0418 08:49:39.753021  6080 data_layer.cpp:130] Transform time: 31.25 ms.
I0418 08:49:40.612432  7952 caffe.cpp:314] Batch 2313, accuracy1+2 = 1
I0418 08:49:40.612432  7952 caffe.cpp:314] Batch 2313, accuracy1+2+3 = 1
I0418 08:49:40.737438  6080 data_layer.cpp:128] Prefetch batch: 125 ms.
I0418 08:49:40.737438  6080 data_layer.cpp:129]      Read time: 93.755 ms.
I0418 08:49:40.737438  6080 data_layer.cpp:130] Transform time: 31.252 ms.
I0418 08:49:41.596839  7952 caffe.cpp:314] Batch 2314, accuracy1+2 = 1
I0418 08:49:41.596839  7952 caffe.cpp:314] Batch 2314, accuracy1+2+3 = 1
I0418 08:49:41.690599  6080 data_layer.cpp:128] Prefetch batch: 93 ms.
I0418 08:49:41.690599  6080 data_layer.cpp:129]      Read time: 0 ms.
I0418 08:49:41.690599  6080 data_layer.cpp:130] Transform time: 93.76 ms.
I0418 08:49:42.565630  7952 caffe.cpp:314] Batch 2315, accuracy1+2 = 0
I0418 08:49:42.565630  7952 caffe.cpp:314] Batch 2315, accuracy1+2+3 = 0
I0418 08:49:42.690626  6080 data_layer.cpp:128] Prefetch batch: 124 ms.
I0418 08:49:42.690626  6080 data_layer.cpp:129]      Read time: 93.743 ms.
I0418 08:49:42.690626  6080 data_layer.cpp:130] Transform time: 31.253 ms.
I0418 08:49:43.550048  7952 caffe.cpp:314] Batch 2316, accuracy1+2 = 1
I0418 08:49:43.550048  7952 caffe.cpp:314] Batch 2316, accuracy1+2+3 = 1
I0418 08:49:43.675046  6080 data_layer.cpp:128] Prefetch batch: 124 ms.
I0418 08:49:43.675046  6080 data_layer.cpp:129]      Read time: 78.134 ms.
I0418 08:49:43.675046  6080 data_layer.cpp:130] Transform time: 46.864 ms.
I0418 08:49:44.534448  7952 caffe.cpp:314] Batch 2317, accuracy1+2 = 1
I0418 08:49:44.534448  7952 caffe.cpp:314] Batch 2317, accuracy1+2+3 = 1
I0418 08:49:44.659453  6080 data_layer.cpp:128] Prefetch batch: 125 ms.
I0418 08:49:44.659453  6080 data_layer.cpp:129]      Read time: 109.379 ms.
I0418 08:49:44.659453  6080 data_layer.cpp:130] Transform time: 15.626 ms.
I0418 08:49:45.503237  7952 caffe.cpp:314] Batch 2318, accuracy1+2 = 1
I0418 08:49:45.503237  7952 caffe.cpp:314] Batch 2318, accuracy1+2+3 = 1
I0418 08:49:45.643867  6080 data_layer.cpp:128] Prefetch batch: 140 ms.
I0418 08:49:45.643867  6080 data_layer.cpp:129]      Read time: 93.754 ms.
I0418 08:49:45.643867  6080 data_layer.cpp:130] Transform time: 46.877 ms.
I0418 08:49:46.503286  7952 caffe.cpp:314] Batch 2319, accuracy1+2 = 1
I0418 08:49:46.503286  7952 caffe.cpp:314] Batch 2319, accuracy1+2+3 = 1
I0418 08:49:46.597038  6080 data_layer.cpp:128] Prefetch batch: 93 ms.
I0418 08:49:46.597038  6080 data_layer.cpp:129]      Read time: 0 ms.
I0418 08:49:46.597038  6080 data_layer.cpp:130] Transform time: 93.751 ms.
I0418 08:49:47.472074  7952 caffe.cpp:314] Batch 2320, accuracy1+2 = 1
I0418 08:49:47.472074  7952 caffe.cpp:314] Batch 2320, accuracy1+2+3 = 1
I0418 08:49:47.597077  6080 data_layer.cpp:128] Prefetch batch: 125 ms.
I0418 08:49:47.597077  6080 data_layer.cpp:129]      Read time: 93.751 ms.
I0418 08:49:47.597077  6080 data_layer.cpp:130] Transform time: 31.253 ms.
I0418 08:49:48.440860  7952 caffe.cpp:314] Batch 2321, accuracy1+2 = 1
I0418 08:49:48.440860  7952 caffe.cpp:314] Batch 2321, accuracy1+2+3 = 1
I0418 08:49:48.565865  6080 data_layer.cpp:128] Prefetch batch: 125 ms.
I0418 08:49:48.565865  6080 data_layer.cpp:129]      Read time: 93.755 ms.
I0418 08:49:48.565865  6080 data_layer.cpp:130] Transform time: 31.25 ms.
I0418 08:49:49.425278  7952 caffe.cpp:314] Batch 2322, accuracy1+2 = 1
I0418 08:49:49.425278  7952 caffe.cpp:314] Batch 2322, accuracy1+2+3 = 1
I0418 08:49:49.550276  6080 data_layer.cpp:128] Prefetch batch: 124 ms.
I0418 08:49:49.550276  6080 data_layer.cpp:129]      Read time: 78.123 ms.
I0418 08:49:49.550276  6080 data_layer.cpp:130] Transform time: 46.875 ms.
I0418 08:49:50.394062  7952 caffe.cpp:314] Batch 2323, accuracy1+2 = 1
I0418 08:49:50.394062  7952 caffe.cpp:314] Batch 2323, accuracy1+2+3 = 1
I0418 08:49:50.519071  6080 data_layer.cpp:128] Prefetch batch: 125 ms.
I0418 08:49:50.519071  6080 data_layer.cpp:129]      Read time: 93.757 ms.
I0418 08:49:50.519071  6080 data_layer.cpp:130] Transform time: 31.253 ms.
I0418 08:49:51.378479  7952 caffe.cpp:314] Batch 2324, accuracy1+2 = 1
I0418 08:49:51.378479  7952 caffe.cpp:314] Batch 2324, accuracy1+2+3 = 1
I0418 08:49:51.472229  6080 data_layer.cpp:128] Prefetch batch: 93 ms.
I0418 08:49:51.472229  6080 data_layer.cpp:129]      Read time: 0 ms.
I0418 08:49:51.472229  6080 data_layer.cpp:130] Transform time: 93.75 ms.
I0418 08:49:52.347264  7952 caffe.cpp:314] Batch 2325, accuracy1+2 = 1
I0418 08:49:52.347264  7952 caffe.cpp:314] Batch 2325, accuracy1+2+3 = 1
I0418 08:49:52.472266  6080 data_layer.cpp:128] Prefetch batch: 125 ms.
I0418 08:49:52.472266  6080 data_layer.cpp:129]      Read time: 93.756 ms.
I0418 08:49:52.472266  6080 data_layer.cpp:130] Transform time: 31.247 ms.
I0418 08:49:53.331678  7952 caffe.cpp:314] Batch 2326, accuracy1+2 = 1
I0418 08:49:53.331678  7952 caffe.cpp:314] Batch 2326, accuracy1+2+3 = 1
I0418 08:49:53.456691  6080 data_layer.cpp:128] Prefetch batch: 125 ms.
I0418 08:49:53.456691  6080 data_layer.cpp:129]      Read time: 93.763 ms.
I0418 08:49:53.456691  6080 data_layer.cpp:130] Transform time: 31.25 ms.
I0418 08:49:54.316093  7952 caffe.cpp:314] Batch 2327, accuracy1+2 = 1
I0418 08:49:54.316093  7952 caffe.cpp:314] Batch 2327, accuracy1+2+3 = 1
I0418 08:49:54.441099  6080 data_layer.cpp:128] Prefetch batch: 125 ms.
I0418 08:49:54.441099  6080 data_layer.cpp:129]      Read time: 93.753 ms.
I0418 08:49:54.441099  6080 data_layer.cpp:130] Transform time: 31.253 ms.
I0418 08:49:55.300495  7952 caffe.cpp:314] Batch 2328, accuracy1+2 = 1
I0418 08:49:55.300495  7952 caffe.cpp:314] Batch 2328, accuracy1+2+3 = 1
I0418 08:49:55.425509  6080 data_layer.cpp:128] Prefetch batch: 125 ms.
I0418 08:49:55.425509  6080 data_layer.cpp:129]      Read time: 78.142 ms.
I0418 08:49:55.425509  6080 data_layer.cpp:130] Transform time: 46.872 ms.
I0418 08:49:56.269294  7952 caffe.cpp:314] Batch 2329, accuracy1+2 = 0
I0418 08:49:56.269294  7952 caffe.cpp:314] Batch 2329, accuracy1+2+3 = 0
I0418 08:49:56.378671  6080 data_layer.cpp:128] Prefetch batch: 109 ms.
I0418 08:49:56.378671  6080 data_layer.cpp:129]      Read time: 0 ms.
I0418 08:49:56.378671  6080 data_layer.cpp:130] Transform time: 109.378 ms.
I0418 08:49:57.238085  7952 caffe.cpp:314] Batch 2330, accuracy1+2 = 1
I0418 08:49:57.238085  7952 caffe.cpp:314] Batch 2330, accuracy1+2+3 = 1
I0418 08:49:57.363086  6080 data_layer.cpp:128] Prefetch batch: 125 ms.
I0418 08:49:57.363086  6080 data_layer.cpp:129]      Read time: 93.748 ms.
I0418 08:49:57.363086  6080 data_layer.cpp:130] Transform time: 31.254 ms.
I0418 08:49:58.222498  7952 caffe.cpp:314] Batch 2331, accuracy1+2 = 0
I0418 08:49:58.222498  7952 caffe.cpp:314] Batch 2331, accuracy1+2+3 = 0
I0418 08:49:58.347501  6080 data_layer.cpp:128] Prefetch batch: 125 ms.
I0418 08:49:58.347501  6080 data_layer.cpp:129]      Read time: 78.126 ms.
I0418 08:49:58.347501  6080 data_layer.cpp:130] Transform time: 46.877 ms.
I0418 08:49:59.206912  7952 caffe.cpp:314] Batch 2332, accuracy1+2 = 1
I0418 08:49:59.206912  7952 caffe.cpp:314] Batch 2332, accuracy1+2+3 = 1
I0418 08:49:59.331918  6080 data_layer.cpp:128] Prefetch batch: 125 ms.
I0418 08:49:59.331918  6080 data_layer.cpp:129]      Read time: 93.749 ms.
I0418 08:49:59.331918  6080 data_layer.cpp:130] Transform time: 31.256 ms.
I0418 08:50:00.175699  7952 caffe.cpp:314] Batch 2333, accuracy1+2 = 1
I0418 08:50:00.175699  7952 caffe.cpp:314] Batch 2333, accuracy1+2+3 = 1
I0418 08:50:00.300704  6080 data_layer.cpp:128] Prefetch batch: 125 ms.
I0418 08:50:00.300704  6080 data_layer.cpp:129]      Read time: 93.748 ms.
I0418 08:50:00.300704  6080 data_layer.cpp:130] Transform time: 31.257 ms.
I0418 08:50:01.160111  7952 caffe.cpp:314] Batch 2334, accuracy1+2 = 1
I0418 08:50:01.160111  7952 caffe.cpp:314] Batch 2334, accuracy1+2+3 = 1
I0418 08:50:01.285118  6080 data_layer.cpp:128] Prefetch batch: 125 ms.
I0418 08:50:01.285118  6080 data_layer.cpp:129]      Read time: 93.749 ms.
I0418 08:50:01.285118  6080 data_layer.cpp:130] Transform time: 31.258 ms.
I0418 08:50:02.128902  7952 caffe.cpp:314] Batch 2335, accuracy1+2 = 0
I0418 08:50:02.128902  7952 caffe.cpp:314] Batch 2335, accuracy1+2+3 = 0
I0418 08:50:02.253897  6080 data_layer.cpp:128] Prefetch batch: 124 ms.
I0418 08:50:02.253897  6080 data_layer.cpp:129]      Read time: 93.753 ms.
I0418 08:50:02.253897  6080 data_layer.cpp:130] Transform time: 31.242 ms.
I0418 08:50:03.113315  7952 caffe.cpp:314] Batch 2336, accuracy1+2 = 1
I0418 08:50:03.113315  7952 caffe.cpp:314] Batch 2336, accuracy1+2+3 = 1
I0418 08:50:03.238320  6080 data_layer.cpp:128] Prefetch batch: 125 ms.
I0418 08:50:03.238320  6080 data_layer.cpp:129]      Read time: 78.126 ms.
I0418 08:50:03.238320  6080 data_layer.cpp:130] Transform time: 46.879 ms.
I0418 08:50:04.082101  7952 caffe.cpp:314] Batch 2337, accuracy1+2 = 1
I0418 08:50:04.082101  7952 caffe.cpp:314] Batch 2337, accuracy1+2+3 = 1
I0418 08:50:04.191481  6080 data_layer.cpp:128] Prefetch batch: 109 ms.
I0418 08:50:04.191481  6080 data_layer.cpp:129]      Read time: 0 ms.
I0418 08:50:04.191481  6080 data_layer.cpp:130] Transform time: 109.38 ms.
I0418 08:50:05.050884  7952 caffe.cpp:314] Batch 2338, accuracy1+2 = 1
I0418 08:50:05.050884  7952 caffe.cpp:314] Batch 2338, accuracy1+2+3 = 1
I0418 08:50:05.175897  6080 data_layer.cpp:128] Prefetch batch: 125 ms.
I0418 08:50:05.175897  6080 data_layer.cpp:129]      Read time: 93.758 ms.
I0418 08:50:05.175897  6080 data_layer.cpp:130] Transform time: 31.255 ms.
I0418 08:50:06.035300  7952 caffe.cpp:314] Batch 2339, accuracy1+2 = 1
I0418 08:50:06.035300  7952 caffe.cpp:314] Batch 2339, accuracy1+2+3 = 1
I0418 08:50:06.160296  6080 data_layer.cpp:128] Prefetch batch: 124 ms.
I0418 08:50:06.160296  6080 data_layer.cpp:129]      Read time: 93.759 ms.
I0418 08:50:06.160296  6080 data_layer.cpp:130] Transform time: 31.237 ms.
I0418 08:50:07.035341  7952 caffe.cpp:314] Batch 2340, accuracy1+2 = 1
I0418 08:50:07.035341  7952 caffe.cpp:314] Batch 2340, accuracy1+2+3 = 1
I0418 08:50:07.175961  6080 data_layer.cpp:128] Prefetch batch: 140 ms.
I0418 08:50:07.175961  6080 data_layer.cpp:129]      Read time: 93.752 ms.
I0418 08:50:07.175961  6080 data_layer.cpp:130] Transform time: 46.869 ms.
I0418 08:50:08.051009  7952 caffe.cpp:314] Batch 2341, accuracy1+2 = 1
I0418 08:50:08.051009  7952 caffe.cpp:314] Batch 2341, accuracy1+2+3 = 1
I0418 08:50:08.176007  6080 data_layer.cpp:128] Prefetch batch: 124 ms.
I0418 08:50:08.176007  6080 data_layer.cpp:129]      Read time: 93.749 ms.
I0418 08:50:08.176007  6080 data_layer.cpp:130] Transform time: 31.249 ms.
I0418 08:50:09.035416  7952 caffe.cpp:314] Batch 2342, accuracy1+2 = 1
I0418 08:50:09.035416  7952 caffe.cpp:314] Batch 2342, accuracy1+2+3 = 1
I0418 08:50:09.129173  6080 data_layer.cpp:128] Prefetch batch: 93 ms.
I0418 08:50:09.129173  6080 data_layer.cpp:129]      Read time: 0 ms.
I0418 08:50:09.129173  6080 data_layer.cpp:130] Transform time: 93.756 ms.
I0418 08:50:10.004206  7952 caffe.cpp:314] Batch 2343, accuracy1+2 = 1
I0418 08:50:10.004206  7952 caffe.cpp:314] Batch 2343, accuracy1+2+3 = 1
I0418 08:50:10.129210  6080 data_layer.cpp:128] Prefetch batch: 125 ms.
I0418 08:50:10.129210  6080 data_layer.cpp:129]      Read time: 93.751 ms.
I0418 08:50:10.129210  6080 data_layer.cpp:130] Transform time: 31.253 ms.
I0418 08:50:10.988618  7952 caffe.cpp:314] Batch 2344, accuracy1+2 = 1
I0418 08:50:10.988618  7952 caffe.cpp:314] Batch 2344, accuracy1+2+3 = 1
I0418 08:50:11.113629  6080 data_layer.cpp:128] Prefetch batch: 125 ms.
I0418 08:50:11.113629  6080 data_layer.cpp:129]      Read time: 78.128 ms.
I0418 08:50:11.113629  6080 data_layer.cpp:130] Transform time: 46.883 ms.
I0418 08:50:11.957412  7952 caffe.cpp:314] Batch 2345, accuracy1+2 = 1
I0418 08:50:11.957412  7952 caffe.cpp:314] Batch 2345, accuracy1+2+3 = 1
I0418 08:50:12.082412  6080 data_layer.cpp:128] Prefetch batch: 125 ms.
I0418 08:50:12.082412  6080 data_layer.cpp:129]      Read time: 93.749 ms.
I0418 08:50:12.082412  6080 data_layer.cpp:130] Transform time: 31.251 ms.
I0418 08:50:12.926195  7952 caffe.cpp:314] Batch 2346, accuracy1+2 = 1
I0418 08:50:12.926195  7952 caffe.cpp:314] Batch 2346, accuracy1+2+3 = 1
I0418 08:50:13.035573  6080 data_layer.cpp:128] Prefetch batch: 109 ms.
I0418 08:50:13.035573  6080 data_layer.cpp:129]      Read time: 0 ms.
I0418 08:50:13.035573  6080 data_layer.cpp:130] Transform time: 109.378 ms.
I0418 08:50:13.910611  7952 caffe.cpp:314] Batch 2347, accuracy1+2 = 1
I0418 08:50:13.910611  7952 caffe.cpp:314] Batch 2347, accuracy1+2+3 = 1
I0418 08:50:14.035605  6080 data_layer.cpp:128] Prefetch batch: 124 ms.
I0418 08:50:14.035605  6080 data_layer.cpp:129]      Read time: 78.131 ms.
I0418 08:50:14.035605  6080 data_layer.cpp:130] Transform time: 46.863 ms.
I0418 08:50:14.879396  7952 caffe.cpp:314] Batch 2348, accuracy1+2 = 1
I0418 08:50:14.879396  7952 caffe.cpp:314] Batch 2348, accuracy1+2+3 = 1
I0418 08:50:15.004401  6080 data_layer.cpp:128] Prefetch batch: 125 ms.
I0418 08:50:15.004401  6080 data_layer.cpp:129]      Read time: 93.753 ms.
I0418 08:50:15.004401  6080 data_layer.cpp:130] Transform time: 31.252 ms.
I0418 08:50:15.848186  7952 caffe.cpp:314] Batch 2349, accuracy1+2 = 1
I0418 08:50:15.848186  7952 caffe.cpp:314] Batch 2349, accuracy1+2+3 = 1
I0418 08:50:15.988814  6080 data_layer.cpp:128] Prefetch batch: 140 ms.
I0418 08:50:15.988814  6080 data_layer.cpp:129]      Read time: 93.751 ms.
I0418 08:50:15.988814  6080 data_layer.cpp:130] Transform time: 46.877 ms.
I0418 08:50:16.832603  7952 caffe.cpp:314] Batch 2350, accuracy1+2 = 1
I0418 08:50:16.832603  7952 caffe.cpp:314] Batch 2350, accuracy1+2+3 = 1
I0418 08:50:16.957602  6080 data_layer.cpp:128] Prefetch batch: 124 ms.
I0418 08:50:16.957602  6080 data_layer.cpp:129]      Read time: 93.753 ms.
I0418 08:50:16.957602  6080 data_layer.cpp:130] Transform time: 31.245 ms.
I0418 08:50:17.801389  7952 caffe.cpp:314] Batch 2351, accuracy1+2 = 1
I0418 08:50:17.801389  7952 caffe.cpp:314] Batch 2351, accuracy1+2+3 = 1
I0418 08:50:17.910773  6080 data_layer.cpp:128] Prefetch batch: 109 ms.
I0418 08:50:17.910773  6080 data_layer.cpp:129]      Read time: 0 ms.
I0418 08:50:17.910773  6080 data_layer.cpp:130] Transform time: 109.384 ms.
I0418 08:50:18.770179  7952 caffe.cpp:314] Batch 2352, accuracy1+2 = 1
I0418 08:50:18.770179  7952 caffe.cpp:314] Batch 2352, accuracy1+2+3 = 1
I0418 08:50:18.895180  6080 data_layer.cpp:128] Prefetch batch: 125 ms.
I0418 08:50:18.895180  6080 data_layer.cpp:129]      Read time: 93.749 ms.
I0418 08:50:18.895180  6080 data_layer.cpp:130] Transform time: 31.253 ms.
I0418 08:50:19.738963  7952 caffe.cpp:314] Batch 2353, accuracy1+2 = 1
I0418 08:50:19.738963  7952 caffe.cpp:314] Batch 2353, accuracy1+2+3 = 1
I0418 08:50:19.863970  6080 data_layer.cpp:128] Prefetch batch: 125 ms.
I0418 08:50:19.863970  6080 data_layer.cpp:129]      Read time: 93.759 ms.
I0418 08:50:19.879591  6080 data_layer.cpp:130] Transform time: 31.248 ms.
I0418 08:50:20.723377  7952 caffe.cpp:314] Batch 2354, accuracy1+2 = 1
I0418 08:50:20.723377  7952 caffe.cpp:314] Batch 2354, accuracy1+2+3 = 1
I0418 08:50:20.848381  6080 data_layer.cpp:128] Prefetch batch: 125 ms.
I0418 08:50:20.848381  6080 data_layer.cpp:129]      Read time: 78.128 ms.
I0418 08:50:20.848381  6080 data_layer.cpp:130] Transform time: 46.876 ms.
I0418 08:50:21.692169  7952 caffe.cpp:314] Batch 2355, accuracy1+2 = 1
I0418 08:50:21.692169  7952 caffe.cpp:314] Batch 2355, accuracy1+2+3 = 1
I0418 08:50:21.817181  6080 data_layer.cpp:128] Prefetch batch: 125 ms.
I0418 08:50:21.817181  6080 data_layer.cpp:129]      Read time: 93.747 ms.
I0418 08:50:21.817181  6080 data_layer.cpp:130] Transform time: 31.265 ms.
I0418 08:50:22.660953  7952 caffe.cpp:314] Batch 2356, accuracy1+2 = 1
I0418 08:50:22.660953  7952 caffe.cpp:314] Batch 2356, accuracy1+2+3 = 1
I0418 08:50:22.785956  6080 data_layer.cpp:128] Prefetch batch: 125 ms.
I0418 08:50:22.785956  6080 data_layer.cpp:129]      Read time: 93.753 ms.
I0418 08:50:22.785956  6080 data_layer.cpp:130] Transform time: 31.251 ms.
I0418 08:50:23.645367  7952 caffe.cpp:314] Batch 2357, accuracy1+2 = 1
I0418 08:50:23.645367  7952 caffe.cpp:314] Batch 2357, accuracy1+2+3 = 1
I0418 08:50:23.739120  6080 data_layer.cpp:128] Prefetch batch: 93 ms.
I0418 08:50:23.739120  6080 data_layer.cpp:129]      Read time: 0 ms.
I0418 08:50:23.739120  6080 data_layer.cpp:130] Transform time: 93.752 ms.
I0418 08:50:24.614156  7952 caffe.cpp:314] Batch 2358, accuracy1+2 = 1
I0418 08:50:24.614156  7952 caffe.cpp:314] Batch 2358, accuracy1+2+3 = 1
I0418 08:50:24.739159  6080 data_layer.cpp:128] Prefetch batch: 125 ms.
I0418 08:50:24.739159  6080 data_layer.cpp:129]      Read time: 93.75 ms.
I0418 08:50:24.739159  6080 data_layer.cpp:130] Transform time: 31.253 ms.
I0418 08:50:25.582940  7952 caffe.cpp:314] Batch 2359, accuracy1+2 = 1
I0418 08:50:25.582940  7952 caffe.cpp:314] Batch 2359, accuracy1+2+3 = 1
I0418 08:50:25.723577  6080 data_layer.cpp:128] Prefetch batch: 140 ms.
I0418 08:50:25.723577  6080 data_layer.cpp:129]      Read time: 93.753 ms.
I0418 08:50:25.723577  6080 data_layer.cpp:130] Transform time: 46.883 ms.
I0418 08:50:26.567360  7952 caffe.cpp:314] Batch 2360, accuracy1+2 = 1
I0418 08:50:26.567360  7952 caffe.cpp:314] Batch 2360, accuracy1+2+3 = 1
I0418 08:50:26.676738  6080 data_layer.cpp:128] Prefetch batch: 109 ms.
I0418 08:50:26.676738  6080 data_layer.cpp:129]      Read time: 0 ms.
I0418 08:50:26.676738  6080 data_layer.cpp:130] Transform time: 93.747 ms.
I0418 08:50:27.536149  7952 caffe.cpp:314] Batch 2361, accuracy1+2 = 1
I0418 08:50:27.536149  7952 caffe.cpp:314] Batch 2361, accuracy1+2+3 = 1
I0418 08:50:27.661150  6080 data_layer.cpp:128] Prefetch batch: 125 ms.
I0418 08:50:27.661150  6080 data_layer.cpp:129]      Read time: 78.128 ms.
I0418 08:50:27.661150  6080 data_layer.cpp:130] Transform time: 46.873 ms.
I0418 08:50:28.504935  7952 caffe.cpp:314] Batch 2362, accuracy1+2 = 1
I0418 08:50:28.504935  7952 caffe.cpp:314] Batch 2362, accuracy1+2+3 = 1
I0418 08:50:28.629941  6080 data_layer.cpp:128] Prefetch batch: 125 ms.
I0418 08:50:28.629941  6080 data_layer.cpp:129]      Read time: 109.376 ms.
I0418 08:50:28.629941  6080 data_layer.cpp:130] Transform time: 15.631 ms.
I0418 08:50:29.489351  7952 caffe.cpp:314] Batch 2363, accuracy1+2 = 1
I0418 08:50:29.489351  7952 caffe.cpp:314] Batch 2363, accuracy1+2+3 = 1
I0418 08:50:29.614354  6080 data_layer.cpp:128] Prefetch batch: 125 ms.
I0418 08:50:29.614354  6080 data_layer.cpp:129]      Read time: 78.121 ms.
I0418 08:50:29.614354  6080 data_layer.cpp:130] Transform time: 46.883 ms.
I0418 08:50:30.458132  7952 caffe.cpp:314] Batch 2364, accuracy1+2 = 1
I0418 08:50:30.458132  7952 caffe.cpp:314] Batch 2364, accuracy1+2+3 = 1
I0418 08:50:30.583137  6080 data_layer.cpp:128] Prefetch batch: 125 ms.
I0418 08:50:30.583137  6080 data_layer.cpp:129]      Read time: 93.755 ms.
I0418 08:50:30.583137  6080 data_layer.cpp:130] Transform time: 31.25 ms.
I0418 08:50:31.426923  7952 caffe.cpp:314] Batch 2365, accuracy1+2 = 1
I0418 08:50:31.426923  7952 caffe.cpp:314] Batch 2365, accuracy1+2+3 = 1
I0418 08:50:31.536303  6080 data_layer.cpp:128] Prefetch batch: 109 ms.
I0418 08:50:31.536303  6080 data_layer.cpp:129]      Read time: 0 ms.
I0418 08:50:31.536303  6080 data_layer.cpp:130] Transform time: 109.38 ms.
I0418 08:50:32.395710  7952 caffe.cpp:314] Batch 2366, accuracy1+2 = 1
I0418 08:50:32.395710  7952 caffe.cpp:314] Batch 2366, accuracy1+2+3 = 1
I0418 08:50:32.536345  6080 data_layer.cpp:128] Prefetch batch: 140 ms.
I0418 08:50:32.536345  6080 data_layer.cpp:129]      Read time: 93.752 ms.
I0418 08:50:32.536345  6080 data_layer.cpp:130] Transform time: 46.883 ms.
I0418 08:50:33.380125  7952 caffe.cpp:314] Batch 2367, accuracy1+2 = 1
I0418 08:50:33.380125  7952 caffe.cpp:314] Batch 2367, accuracy1+2+3 = 1
I0418 08:50:33.505132  6080 data_layer.cpp:128] Prefetch batch: 125 ms.
I0418 08:50:33.505132  6080 data_layer.cpp:129]      Read time: 93.75 ms.
I0418 08:50:33.505132  6080 data_layer.cpp:130] Transform time: 31.257 ms.
I0418 08:50:34.348917  7952 caffe.cpp:314] Batch 2368, accuracy1+2 = 1
I0418 08:50:34.348917  7952 caffe.cpp:314] Batch 2368, accuracy1+2+3 = 1
I0418 08:50:34.473913  6080 data_layer.cpp:128] Prefetch batch: 124 ms.
I0418 08:50:34.473913  6080 data_layer.cpp:129]      Read time: 93.753 ms.
I0418 08:50:34.473913  6080 data_layer.cpp:130] Transform time: 31.243 ms.
I0418 08:50:35.333323  7952 caffe.cpp:314] Batch 2369, accuracy1+2 = 1
I0418 08:50:35.333323  7952 caffe.cpp:314] Batch 2369, accuracy1+2+3 = 1
I0418 08:50:35.427083  6080 data_layer.cpp:128] Prefetch batch: 93 ms.
I0418 08:50:35.427083  6080 data_layer.cpp:129]      Read time: 0 ms.
I0418 08:50:35.427083  6080 data_layer.cpp:130] Transform time: 93.761 ms.
I0418 08:50:36.302117  7952 caffe.cpp:314] Batch 2370, accuracy1+2 = 1
I0418 08:50:36.302117  7952 caffe.cpp:314] Batch 2370, accuracy1+2+3 = 1
I0418 08:50:36.427122  6080 data_layer.cpp:128] Prefetch batch: 125 ms.
I0418 08:50:36.427122  6080 data_layer.cpp:129]      Read time: 93.747 ms.
I0418 08:50:36.427122  6080 data_layer.cpp:130] Transform time: 31.258 ms.
I0418 08:50:37.270902  7952 caffe.cpp:314] Batch 2371, accuracy1+2 = 1
I0418 08:50:37.270902  7952 caffe.cpp:314] Batch 2371, accuracy1+2+3 = 1
I0418 08:50:37.395907  6080 data_layer.cpp:128] Prefetch batch: 125 ms.
I0418 08:50:37.395907  6080 data_layer.cpp:129]      Read time: 93.766 ms.
I0418 08:50:37.395907  6080 data_layer.cpp:130] Transform time: 31.239 ms.
I0418 08:50:38.255319  7952 caffe.cpp:314] Batch 2372, accuracy1+2 = 0
I0418 08:50:38.255319  7952 caffe.cpp:314] Batch 2372, accuracy1+2+3 = 0
I0418 08:50:38.380324  6080 data_layer.cpp:128] Prefetch batch: 125 ms.
I0418 08:50:38.380324  6080 data_layer.cpp:129]      Read time: 78.121 ms.
I0418 08:50:38.380324  6080 data_layer.cpp:130] Transform time: 46.884 ms.
I0418 08:50:39.224109  7952 caffe.cpp:314] Batch 2373, accuracy1+2 = 0
I0418 08:50:39.224109  7952 caffe.cpp:314] Batch 2373, accuracy1+2+3 = 1
I0418 08:50:39.349112  6080 data_layer.cpp:128] Prefetch batch: 125 ms.
I0418 08:50:39.349112  6080 data_layer.cpp:129]      Read time: 93.751 ms.
I0418 08:50:39.349112  6080 data_layer.cpp:130] Transform time: 31.252 ms.
I0418 08:50:40.192896  7952 caffe.cpp:314] Batch 2374, accuracy1+2 = 1
I0418 08:50:40.192896  7952 caffe.cpp:314] Batch 2374, accuracy1+2+3 = 1
I0418 08:50:40.302271  6080 data_layer.cpp:128] Prefetch batch: 109 ms.
I0418 08:50:40.302271  6080 data_layer.cpp:129]      Read time: 0 ms.
I0418 08:50:40.302271  6080 data_layer.cpp:130] Transform time: 109.375 ms.
I0418 08:50:41.177304  7952 caffe.cpp:314] Batch 2375, accuracy1+2 = 1
I0418 08:50:41.177304  7952 caffe.cpp:314] Batch 2375, accuracy1+2+3 = 1
I0418 08:50:41.302307  6080 data_layer.cpp:128] Prefetch batch: 125 ms.
I0418 08:50:41.302307  6080 data_layer.cpp:129]      Read time: 93.759 ms.
I0418 08:50:41.302307  6080 data_layer.cpp:130] Transform time: 31.244 ms.
I0418 08:50:42.146090  7952 caffe.cpp:314] Batch 2376, accuracy1+2 = 1
I0418 08:50:42.146090  7952 caffe.cpp:314] Batch 2376, accuracy1+2+3 = 1
I0418 08:50:42.271101  6080 data_layer.cpp:128] Prefetch batch: 125 ms.
I0418 08:50:42.271101  6080 data_layer.cpp:129]      Read time: 93.756 ms.
I0418 08:50:42.271101  6080 data_layer.cpp:130] Transform time: 31.255 ms.
I0418 08:50:43.130506  7952 caffe.cpp:314] Batch 2377, accuracy1+2 = 1
I0418 08:50:43.130506  7952 caffe.cpp:314] Batch 2377, accuracy1+2+3 = 1
I0418 08:50:43.224259  6080 data_layer.cpp:128] Prefetch batch: 93 ms.
I0418 08:50:43.224259  6080 data_layer.cpp:129]      Read time: 0 ms.
I0418 08:50:43.224259  6080 data_layer.cpp:130] Transform time: 93.753 ms.
I0418 08:50:44.146178  7952 caffe.cpp:314] Batch 2378, accuracy1+2 = 1
I0418 08:50:44.146178  7952 caffe.cpp:314] Batch 2378, accuracy1+2+3 = 1
I0418 08:50:44.271176  6080 data_layer.cpp:128] Prefetch batch: 124 ms.
I0418 08:50:44.271176  6080 data_layer.cpp:129]      Read time: 93.75 ms.
I0418 08:50:44.271176  6080 data_layer.cpp:130] Transform time: 31.248 ms.
I0418 08:50:45.161834  7952 caffe.cpp:314] Batch 2379, accuracy1+2 = 1
I0418 08:50:45.161834  7952 caffe.cpp:314] Batch 2379, accuracy1+2+3 = 1
I0418 08:50:45.286844  6080 data_layer.cpp:128] Prefetch batch: 125 ms.
I0418 08:50:45.286844  6080 data_layer.cpp:129]      Read time: 78.135 ms.
I0418 08:50:45.286844  6080 data_layer.cpp:130] Transform time: 46.874 ms.
I0418 08:50:46.130625  7952 caffe.cpp:314] Batch 2380, accuracy1+2 = 1
I0418 08:50:46.130625  7952 caffe.cpp:314] Batch 2380, accuracy1+2+3 = 1
I0418 08:50:46.255633  6080 data_layer.cpp:128] Prefetch batch: 125 ms.
I0418 08:50:46.255633  6080 data_layer.cpp:129]      Read time: 93.752 ms.
I0418 08:50:46.255633  6080 data_layer.cpp:130] Transform time: 31.256 ms.
I0418 08:50:47.099416  7952 caffe.cpp:314] Batch 2381, accuracy1+2 = 1
I0418 08:50:47.099416  7952 caffe.cpp:314] Batch 2381, accuracy1+2+3 = 1
I0418 08:50:47.224416  6080 data_layer.cpp:128] Prefetch batch: 125 ms.
I0418 08:50:47.224416  6080 data_layer.cpp:129]      Read time: 93.75 ms.
I0418 08:50:47.224416  6080 data_layer.cpp:130] Transform time: 31.251 ms.
I0418 08:50:48.083827  7952 caffe.cpp:314] Batch 2382, accuracy1+2 = 1
I0418 08:50:48.083827  7952 caffe.cpp:314] Batch 2382, accuracy1+2+3 = 1
I0418 08:50:48.177583  6080 data_layer.cpp:128] Prefetch batch: 93 ms.
I0418 08:50:48.177583  6080 data_layer.cpp:129]      Read time: 0 ms.
I0418 08:50:48.177583  6080 data_layer.cpp:130] Transform time: 93.756 ms.
I0418 08:50:49.052610  7952 caffe.cpp:314] Batch 2383, accuracy1+2 = 0
I0418 08:50:49.052610  7952 caffe.cpp:314] Batch 2383, accuracy1+2+3 = 0
I0418 08:50:49.177625  6080 data_layer.cpp:128] Prefetch batch: 125 ms.
I0418 08:50:49.177625  6080 data_layer.cpp:129]      Read time: 93.754 ms.
I0418 08:50:49.177625  6080 data_layer.cpp:130] Transform time: 31.261 ms.
I0418 08:50:50.021405  7952 caffe.cpp:314] Batch 2384, accuracy1+2 = 1
I0418 08:50:50.021405  7952 caffe.cpp:314] Batch 2384, accuracy1+2+3 = 1
I0418 08:50:50.146404  6080 data_layer.cpp:128] Prefetch batch: 124 ms.
I0418 08:50:50.146404  6080 data_layer.cpp:129]      Read time: 93.751 ms.
I0418 08:50:50.146404  6080 data_layer.cpp:130] Transform time: 31.248 ms.
I0418 08:50:50.990192  7952 caffe.cpp:314] Batch 2385, accuracy1+2 = 1
I0418 08:50:50.990192  7952 caffe.cpp:314] Batch 2385, accuracy1+2+3 = 1
I0418 08:50:51.115198  6080 data_layer.cpp:128] Prefetch batch: 125 ms.
I0418 08:50:51.115198  6080 data_layer.cpp:129]      Read time: 93.752 ms.
I0418 08:50:51.115198  6080 data_layer.cpp:130] Transform time: 31.254 ms.
I0418 08:50:51.974601  7952 caffe.cpp:314] Batch 2386, accuracy1+2 = 1
I0418 08:50:51.974601  7952 caffe.cpp:314] Batch 2386, accuracy1+2+3 = 1
I0418 08:50:52.068357  6080 data_layer.cpp:128] Prefetch batch: 93 ms.
I0418 08:50:52.068357  6080 data_layer.cpp:129]      Read time: 0 ms.
I0418 08:50:52.068357  6080 data_layer.cpp:130] Transform time: 93.756 ms.
I0418 08:50:52.943390  7952 caffe.cpp:314] Batch 2387, accuracy1+2 = 1
I0418 08:50:52.943390  7952 caffe.cpp:314] Batch 2387, accuracy1+2+3 = 1
I0418 08:50:53.068394  6080 data_layer.cpp:128] Prefetch batch: 125 ms.
I0418 08:50:53.068394  6080 data_layer.cpp:129]      Read time: 109.385 ms.
I0418 08:50:53.068394  6080 data_layer.cpp:130] Transform time: 15.619 ms.
I0418 08:50:53.912180  7952 caffe.cpp:314] Batch 2388, accuracy1+2 = 1
I0418 08:50:53.912180  7952 caffe.cpp:314] Batch 2388, accuracy1+2+3 = 1
I0418 08:50:54.037187  6080 data_layer.cpp:128] Prefetch batch: 125 ms.
I0418 08:50:54.037187  6080 data_layer.cpp:129]      Read time: 93.75 ms.
I0418 08:50:54.037187  6080 data_layer.cpp:130] Transform time: 31.257 ms.
I0418 08:50:54.896591  7952 caffe.cpp:314] Batch 2389, accuracy1+2 = 1
I0418 08:50:54.896591  7952 caffe.cpp:314] Batch 2389, accuracy1+2+3 = 1
I0418 08:50:55.005985  6080 data_layer.cpp:128] Prefetch batch: 109 ms.
I0418 08:50:55.005985  6080 data_layer.cpp:129]      Read time: 0 ms.
I0418 08:50:55.005985  6080 data_layer.cpp:130] Transform time: 109.394 ms.
I0418 08:50:55.865381  7952 caffe.cpp:314] Batch 2390, accuracy1+2 = 1
I0418 08:50:55.865381  7952 caffe.cpp:314] Batch 2390, accuracy1+2+3 = 1
I0418 08:50:55.990386  6080 data_layer.cpp:128] Prefetch batch: 125 ms.
I0418 08:50:55.990386  6080 data_layer.cpp:129]      Read time: 93.757 ms.
I0418 08:50:55.990386  6080 data_layer.cpp:130] Transform time: 31.249 ms.
I0418 08:50:56.849792  7952 caffe.cpp:314] Batch 2391, accuracy1+2 = 1
I0418 08:50:56.849792  7952 caffe.cpp:314] Batch 2391, accuracy1+2+3 = 1
I0418 08:50:56.974803  6080 data_layer.cpp:128] Prefetch batch: 125 ms.
I0418 08:50:56.974803  6080 data_layer.cpp:129]      Read time: 78.129 ms.
I0418 08:50:56.974803  6080 data_layer.cpp:130] Transform time: 46.882 ms.
I0418 08:50:57.818579  7952 caffe.cpp:314] Batch 2392, accuracy1+2 = 1
I0418 08:50:57.818579  7952 caffe.cpp:314] Batch 2392, accuracy1+2+3 = 1
I0418 08:50:57.943585  6080 data_layer.cpp:128] Prefetch batch: 125 ms.
I0418 08:50:57.943585  6080 data_layer.cpp:129]      Read time: 93.764 ms.
I0418 08:50:57.943585  6080 data_layer.cpp:130] Transform time: 31.242 ms.
I0418 08:50:58.787369  7952 caffe.cpp:314] Batch 2393, accuracy1+2 = 1
I0418 08:50:58.787369  7952 caffe.cpp:314] Batch 2393, accuracy1+2+3 = 1
I0418 08:50:58.912375  6080 data_layer.cpp:128] Prefetch batch: 125 ms.
I0418 08:50:58.912375  6080 data_layer.cpp:129]      Read time: 93.752 ms.
I0418 08:50:58.912375  6080 data_layer.cpp:130] Transform time: 31.254 ms.
I0418 08:50:59.771783  7952 caffe.cpp:314] Batch 2394, accuracy1+2 = 1
I0418 08:50:59.771783  7952 caffe.cpp:314] Batch 2394, accuracy1+2+3 = 1
I0418 08:50:59.865536  6080 data_layer.cpp:128] Prefetch batch: 93 ms.
I0418 08:50:59.865536  6080 data_layer.cpp:129]      Read time: 0 ms.
I0418 08:50:59.865536  6080 data_layer.cpp:130] Transform time: 93.753 ms.
I0418 08:51:00.740572  7952 caffe.cpp:314] Batch 2395, accuracy1+2 = 1
I0418 08:51:00.740572  7952 caffe.cpp:314] Batch 2395, accuracy1+2+3 = 1
I0418 08:51:00.865581  6080 data_layer.cpp:128] Prefetch batch: 125 ms.
I0418 08:51:00.865581  6080 data_layer.cpp:129]      Read time: 78.131 ms.
I0418 08:51:00.865581  6080 data_layer.cpp:130] Transform time: 46.877 ms.
I0418 08:51:01.709360  7952 caffe.cpp:314] Batch 2396, accuracy1+2 = 1
I0418 08:51:01.709360  7952 caffe.cpp:314] Batch 2396, accuracy1+2+3 = 1
I0418 08:51:01.834365  6080 data_layer.cpp:128] Prefetch batch: 125 ms.
I0418 08:51:01.834365  6080 data_layer.cpp:129]      Read time: 93.752 ms.
I0418 08:51:01.834365  6080 data_layer.cpp:130] Transform time: 31.253 ms.
I0418 08:51:02.678153  7952 caffe.cpp:314] Batch 2397, accuracy1+2 = 1
I0418 08:51:02.678153  7952 caffe.cpp:314] Batch 2397, accuracy1+2+3 = 1
I0418 08:51:02.803148  6080 data_layer.cpp:128] Prefetch batch: 124 ms.
I0418 08:51:02.803148  6080 data_layer.cpp:129]      Read time: 93.753 ms.
I0418 08:51:02.803148  6080 data_layer.cpp:130] Transform time: 31.242 ms.
I0418 08:51:03.646935  7952 caffe.cpp:314] Batch 2398, accuracy1+2 = 1
I0418 08:51:03.646935  7952 caffe.cpp:314] Batch 2398, accuracy1+2+3 = 1
I0418 08:51:03.787564  6080 data_layer.cpp:128] Prefetch batch: 140 ms.
I0418 08:51:03.787564  6080 data_layer.cpp:129]      Read time: 93.755 ms.
I0418 08:51:03.787564  6080 data_layer.cpp:130] Transform time: 46.874 ms.
I0418 08:51:04.631350  7952 caffe.cpp:314] Batch 2399, accuracy1+2 = 1
I0418 08:51:04.631350  7952 caffe.cpp:314] Batch 2399, accuracy1+2+3 = 1
I0418 08:51:04.740733  6080 data_layer.cpp:128] Prefetch batch: 109 ms.
I0418 08:51:04.740733  6080 data_layer.cpp:129]      Read time: 0 ms.
I0418 08:51:04.740733  6080 data_layer.cpp:130] Transform time: 109.383 ms.
I0418 08:51:05.600136  7952 caffe.cpp:314] Batch 2400, accuracy1+2 = 1
I0418 08:51:05.600136  7952 caffe.cpp:314] Batch 2400, accuracy1+2+3 = 1
I0418 08:51:05.725147  6080 data_layer.cpp:128] Prefetch batch: 125 ms.
I0418 08:51:05.725147  6080 data_layer.cpp:129]      Read time: 93.755 ms.
I0418 08:51:05.725147  6080 data_layer.cpp:130] Transform time: 31.255 ms.
I0418 08:51:06.584550  7952 caffe.cpp:314] Batch 2401, accuracy1+2 = 1
I0418 08:51:06.584550  7952 caffe.cpp:314] Batch 2401, accuracy1+2+3 = 1
I0418 08:51:06.709556  6080 data_layer.cpp:128] Prefetch batch: 125 ms.
I0418 08:51:06.709556  6080 data_layer.cpp:129]      Read time: 78.133 ms.
I0418 08:51:06.709556  6080 data_layer.cpp:130] Transform time: 46.873 ms.
I0418 08:51:07.553338  7952 caffe.cpp:314] Batch 2402, accuracy1+2 = 1
I0418 08:51:07.553338  7952 caffe.cpp:314] Batch 2402, accuracy1+2+3 = 1
I0418 08:51:07.678341  6080 data_layer.cpp:128] Prefetch batch: 125 ms.
I0418 08:51:07.678341  6080 data_layer.cpp:129]      Read time: 93.76 ms.
I0418 08:51:07.678341  6080 data_layer.cpp:130] Transform time: 31.244 ms.
I0418 08:51:08.522125  7952 caffe.cpp:314] Batch 2403, accuracy1+2 = 1
I0418 08:51:08.522125  7952 caffe.cpp:314] Batch 2403, accuracy1+2+3 = 1
I0418 08:51:08.631503  6080 data_layer.cpp:128] Prefetch batch: 109 ms.
I0418 08:51:08.631503  6080 data_layer.cpp:129]      Read time: 0 ms.
I0418 08:51:08.631503  6080 data_layer.cpp:130] Transform time: 109.378 ms.
I0418 08:51:09.490917  7952 caffe.cpp:314] Batch 2404, accuracy1+2 = 1
I0418 08:51:09.490917  7952 caffe.cpp:314] Batch 2404, accuracy1+2+3 = 1
I0418 08:51:09.615917  6080 data_layer.cpp:128] Prefetch batch: 125 ms.
I0418 08:51:09.615917  6080 data_layer.cpp:129]      Read time: 93.756 ms.
I0418 08:51:09.615917  6080 data_layer.cpp:130] Transform time: 31.244 ms.
I0418 08:51:10.475330  7952 caffe.cpp:314] Batch 2405, accuracy1+2 = 1
I0418 08:51:10.475330  7952 caffe.cpp:314] Batch 2405, accuracy1+2+3 = 1
I0418 08:51:10.600332  6080 data_layer.cpp:128] Prefetch batch: 125 ms.
I0418 08:51:10.600332  6080 data_layer.cpp:129]      Read time: 93.751 ms.
I0418 08:51:10.600332  6080 data_layer.cpp:130] Transform time: 31.251 ms.
I0418 08:51:11.444116  7952 caffe.cpp:314] Batch 2406, accuracy1+2 = 1
I0418 08:51:11.444116  7952 caffe.cpp:314] Batch 2406, accuracy1+2+3 = 1
I0418 08:51:11.569123  6080 data_layer.cpp:128] Prefetch batch: 125 ms.
I0418 08:51:11.569123  6080 data_layer.cpp:129]      Read time: 93.755 ms.
I0418 08:51:11.569123  6080 data_layer.cpp:130] Transform time: 31.252 ms.
I0418 08:51:12.412906  7952 caffe.cpp:314] Batch 2407, accuracy1+2 = 1
I0418 08:51:12.412906  7952 caffe.cpp:314] Batch 2407, accuracy1+2+3 = 1
I0418 08:51:12.522284  6080 data_layer.cpp:128] Prefetch batch: 109 ms.
I0418 08:51:12.522284  6080 data_layer.cpp:129]      Read time: 0 ms.
I0418 08:51:12.522284  6080 data_layer.cpp:130] Transform time: 109.377 ms.
I0418 08:51:13.397322  7952 caffe.cpp:314] Batch 2408, accuracy1+2 = 1
I0418 08:51:13.397322  7952 caffe.cpp:314] Batch 2408, accuracy1+2+3 = 1
I0418 08:51:13.522325  6080 data_layer.cpp:128] Prefetch batch: 125 ms.
I0418 08:51:13.522325  6080 data_layer.cpp:129]      Read time: 78.121 ms.
I0418 08:51:13.522325  6080 data_layer.cpp:130] Transform time: 46.882 ms.
I0418 08:51:14.366108  7952 caffe.cpp:314] Batch 2409, accuracy1+2 = 1
I0418 08:51:14.366108  7952 caffe.cpp:314] Batch 2409, accuracy1+2+3 = 1
I0418 08:51:14.491116  6080 data_layer.cpp:128] Prefetch batch: 125 ms.
I0418 08:51:14.491116  6080 data_layer.cpp:129]      Read time: 93.751 ms.
I0418 08:51:14.491116  6080 data_layer.cpp:130] Transform time: 31.256 ms.
I0418 08:51:15.350510  7952 caffe.cpp:314] Batch 2410, accuracy1+2 = 1
I0418 08:51:15.350510  7952 caffe.cpp:314] Batch 2410, accuracy1+2+3 = 1
I0418 08:51:15.491142  6080 data_layer.cpp:128] Prefetch batch: 140 ms.
I0418 08:51:15.491142  6080 data_layer.cpp:129]      Read time: 93.754 ms.
I0418 08:51:15.491142  6080 data_layer.cpp:130] Transform time: 46.877 ms.
I0418 08:51:16.334934  7952 caffe.cpp:314] Batch 2411, accuracy1+2 = 1
I0418 08:51:16.334934  7952 caffe.cpp:314] Batch 2411, accuracy1+2+3 = 1
I0418 08:51:16.475569  6080 data_layer.cpp:128] Prefetch batch: 140 ms.
I0418 08:51:16.475569  6080 data_layer.cpp:129]      Read time: 93.754 ms.
I0418 08:51:16.475569  6080 data_layer.cpp:130] Transform time: 46.88 ms.
I0418 08:51:17.319351  7952 caffe.cpp:314] Batch 2412, accuracy1+2 = 1
I0418 08:51:17.319351  7952 caffe.cpp:314] Batch 2412, accuracy1+2+3 = 1
I0418 08:51:17.413102  6080 data_layer.cpp:128] Prefetch batch: 93 ms.
I0418 08:51:17.413102  6080 data_layer.cpp:129]      Read time: 0 ms.
I0418 08:51:17.413102  6080 data_layer.cpp:130] Transform time: 93.751 ms.
I0418 08:51:18.288136  7952 caffe.cpp:314] Batch 2413, accuracy1+2 = 0
I0418 08:51:18.288136  7952 caffe.cpp:314] Batch 2413, accuracy1+2+3 = 0
I0418 08:51:18.413144  6080 data_layer.cpp:128] Prefetch batch: 125 ms.
I0418 08:51:18.413144  6080 data_layer.cpp:129]      Read time: 93.754 ms.
I0418 08:51:18.413144  6080 data_layer.cpp:130] Transform time: 31.254 ms.
I0418 08:51:19.256923  7952 caffe.cpp:314] Batch 2414, accuracy1+2 = 1
I0418 08:51:19.256923  7952 caffe.cpp:314] Batch 2414, accuracy1+2+3 = 1
I0418 08:51:19.381932  6080 data_layer.cpp:128] Prefetch batch: 125 ms.
I0418 08:51:19.381932  6080 data_layer.cpp:129]      Read time: 93.751 ms.
I0418 08:51:19.381932  6080 data_layer.cpp:130] Transform time: 31.257 ms.
I0418 08:51:20.241339  7952 caffe.cpp:314] Batch 2415, accuracy1+2 = 1
I0418 08:51:20.241339  7952 caffe.cpp:314] Batch 2415, accuracy1+2+3 = 1
I0418 08:51:20.366343  6080 data_layer.cpp:128] Prefetch batch: 125 ms.
I0418 08:51:20.366343  6080 data_layer.cpp:129]      Read time: 78.124 ms.
I0418 08:51:20.366343  6080 data_layer.cpp:130] Transform time: 46.879 ms.
I0418 08:51:21.225741  7952 caffe.cpp:314] Batch 2416, accuracy1+2 = 1
I0418 08:51:21.225741  7952 caffe.cpp:314] Batch 2416, accuracy1+2+3 = 1
I0418 08:51:21.350746  6080 data_layer.cpp:128] Prefetch batch: 125 ms.
I0418 08:51:21.350746  6080 data_layer.cpp:129]      Read time: 93.753 ms.
I0418 08:51:21.350746  6080 data_layer.cpp:130] Transform time: 31.252 ms.
I0418 08:51:22.241420  7952 caffe.cpp:314] Batch 2417, accuracy1+2 = 1
I0418 08:51:22.241420  7952 caffe.cpp:314] Batch 2417, accuracy1+2+3 = 1
I0418 08:51:22.366418  6080 data_layer.cpp:128] Prefetch batch: 124 ms.
I0418 08:51:22.366418  6080 data_layer.cpp:129]      Read time: 78.122 ms.
I0418 08:51:22.366418  6080 data_layer.cpp:130] Transform time: 46.877 ms.
I0418 08:51:23.241451  7952 caffe.cpp:314] Batch 2418, accuracy1+2 = 1
I0418 08:51:23.241451  7952 caffe.cpp:314] Batch 2418, accuracy1+2+3 = 1
I0418 08:51:23.350824  6080 data_layer.cpp:128] Prefetch batch: 109 ms.
I0418 08:51:23.350824  6080 data_layer.cpp:129]      Read time: 0 ms.
I0418 08:51:23.350824  6080 data_layer.cpp:130] Transform time: 109.373 ms.
I0418 08:51:24.225878  7952 caffe.cpp:314] Batch 2419, accuracy1+2 = 1
I0418 08:51:24.225878  7952 caffe.cpp:314] Batch 2419, accuracy1+2+3 = 1
I0418 08:51:24.350872  6080 data_layer.cpp:128] Prefetch batch: 124 ms.
I0418 08:51:24.350872  6080 data_layer.cpp:129]      Read time: 93.748 ms.
I0418 08:51:24.350872  6080 data_layer.cpp:130] Transform time: 31.247 ms.
I0418 08:51:25.210279  7952 caffe.cpp:314] Batch 2420, accuracy1+2 = 1
I0418 08:51:25.210279  7952 caffe.cpp:314] Batch 2420, accuracy1+2+3 = 1
I0418 08:51:25.335289  6080 data_layer.cpp:128] Prefetch batch: 125 ms.
I0418 08:51:25.335289  6080 data_layer.cpp:129]      Read time: 78.132 ms.
I0418 08:51:25.335289  6080 data_layer.cpp:130] Transform time: 46.878 ms.
I0418 08:51:26.179067  7952 caffe.cpp:314] Batch 2421, accuracy1+2 = 1
I0418 08:51:26.179067  7952 caffe.cpp:314] Batch 2421, accuracy1+2+3 = 1
I0418 08:51:26.304080  6080 data_layer.cpp:128] Prefetch batch: 125 ms.
I0418 08:51:26.304080  6080 data_layer.cpp:129]      Read time: 93.754 ms.
I0418 08:51:26.304080  6080 data_layer.cpp:130] Transform time: 31.259 ms.
I0418 08:51:27.147856  7952 caffe.cpp:314] Batch 2422, accuracy1+2 = 1
I0418 08:51:27.147856  7952 caffe.cpp:314] Batch 2422, accuracy1+2+3 = 1
I0418 08:51:27.272860  6080 data_layer.cpp:128] Prefetch batch: 125 ms.
I0418 08:51:27.272860  6080 data_layer.cpp:129]      Read time: 93.758 ms.
I0418 08:51:27.272860  6080 data_layer.cpp:130] Transform time: 31.245 ms.
I0418 08:51:28.116643  7952 caffe.cpp:314] Batch 2423, accuracy1+2 = 1
I0418 08:51:28.116643  7952 caffe.cpp:314] Batch 2423, accuracy1+2+3 = 1
I0418 08:51:28.226027  6080 data_layer.cpp:128] Prefetch batch: 109 ms.
I0418 08:51:28.226027  6080 data_layer.cpp:129]      Read time: 0 ms.
I0418 08:51:28.226027  6080 data_layer.cpp:130] Transform time: 109.383 ms.
I0418 08:51:29.101058  7952 caffe.cpp:314] Batch 2424, accuracy1+2 = 1
I0418 08:51:29.101058  7952 caffe.cpp:314] Batch 2424, accuracy1+2+3 = 1
I0418 08:51:29.226068  6080 data_layer.cpp:128] Prefetch batch: 125 ms.
I0418 08:51:29.226068  6080 data_layer.cpp:129]      Read time: 78.126 ms.
I0418 08:51:29.226068  6080 data_layer.cpp:130] Transform time: 46.884 ms.
I0418 08:51:30.069846  7952 caffe.cpp:314] Batch 2425, accuracy1+2 = 1
I0418 08:51:30.069846  7952 caffe.cpp:314] Batch 2425, accuracy1+2+3 = 1
I0418 08:51:30.194856  6080 data_layer.cpp:128] Prefetch batch: 125 ms.
I0418 08:51:30.194856  6080 data_layer.cpp:129]      Read time: 93.755 ms.
I0418 08:51:30.194856  6080 data_layer.cpp:130] Transform time: 31.255 ms.
I0418 08:51:31.038637  7952 caffe.cpp:314] Batch 2426, accuracy1+2 = 1
I0418 08:51:31.038637  7952 caffe.cpp:314] Batch 2426, accuracy1+2+3 = 1
I0418 08:51:31.163641  6080 data_layer.cpp:128] Prefetch batch: 125 ms.
I0418 08:51:31.163641  6080 data_layer.cpp:129]      Read time: 93.754 ms.
I0418 08:51:31.163641  6080 data_layer.cpp:130] Transform time: 31.25 ms.
I0418 08:51:32.023047  7952 caffe.cpp:314] Batch 2427, accuracy1+2 = 1
I0418 08:51:32.023047  7952 caffe.cpp:314] Batch 2427, accuracy1+2+3 = 1
I0418 08:51:32.116801  6080 data_layer.cpp:128] Prefetch batch: 93 ms.
I0418 08:51:32.116801  6080 data_layer.cpp:129]      Read time: 0 ms.
I0418 08:51:32.116801  6080 data_layer.cpp:130] Transform time: 93.753 ms.
I0418 08:51:32.991837  7952 caffe.cpp:314] Batch 2428, accuracy1+2 = 1
I0418 08:51:32.991837  7952 caffe.cpp:314] Batch 2428, accuracy1+2+3 = 1
I0418 08:51:33.116843  6080 data_layer.cpp:128] Prefetch batch: 125 ms.
I0418 08:51:33.116843  6080 data_layer.cpp:129]      Read time: 93.753 ms.
I0418 08:51:33.116843  6080 data_layer.cpp:130] Transform time: 31.253 ms.
I0418 08:51:33.960629  7952 caffe.cpp:314] Batch 2429, accuracy1+2 = 1
I0418 08:51:33.960629  7952 caffe.cpp:314] Batch 2429, accuracy1+2+3 = 1
I0418 08:51:34.085628  6080 data_layer.cpp:128] Prefetch batch: 124 ms.
I0418 08:51:34.085628  6080 data_layer.cpp:129]      Read time: 93.758 ms.
I0418 08:51:34.085628  6080 data_layer.cpp:130] Transform time: 31.241 ms.
I0418 08:51:34.945037  7952 caffe.cpp:314] Batch 2430, accuracy1+2 = 1
I0418 08:51:34.945037  7952 caffe.cpp:314] Batch 2430, accuracy1+2+3 = 1
I0418 08:51:35.070049  6080 data_layer.cpp:128] Prefetch batch: 125 ms.
I0418 08:51:35.070049  6080 data_layer.cpp:129]      Read time: 78.126 ms.
I0418 08:51:35.070049  6080 data_layer.cpp:130] Transform time: 46.885 ms.
I0418 08:51:35.913823  7952 caffe.cpp:314] Batch 2431, accuracy1+2 = 0
I0418 08:51:35.913823  7952 caffe.cpp:314] Batch 2431, accuracy1+2+3 = 0
I0418 08:51:36.038831  6080 data_layer.cpp:128] Prefetch batch: 125 ms.
I0418 08:51:36.038831  6080 data_layer.cpp:129]      Read time: 93.758 ms.
I0418 08:51:36.038831  6080 data_layer.cpp:130] Transform time: 31.25 ms.
I0418 08:51:36.882614  7952 caffe.cpp:314] Batch 2432, accuracy1+2 = 1
I0418 08:51:36.882614  7952 caffe.cpp:314] Batch 2432, accuracy1+2+3 = 1
I0418 08:51:37.007623  6080 data_layer.cpp:128] Prefetch batch: 125 ms.
I0418 08:51:37.007623  6080 data_layer.cpp:129]      Read time: 93.758 ms.
I0418 08:51:37.007623  6080 data_layer.cpp:130] Transform time: 31.251 ms.
I0418 08:51:37.867032  7952 caffe.cpp:314] Batch 2433, accuracy1+2 = 0
I0418 08:51:37.867032  7952 caffe.cpp:314] Batch 2433, accuracy1+2+3 = 0
I0418 08:51:37.960783  6080 data_layer.cpp:128] Prefetch batch: 93 ms.
I0418 08:51:37.960783  6080 data_layer.cpp:129]      Read time: 0 ms.
I0418 08:51:37.960783  6080 data_layer.cpp:130] Transform time: 93.752 ms.
I0418 08:51:38.835815  7952 caffe.cpp:314] Batch 2434, accuracy1+2 = 1
I0418 08:51:38.835815  7952 caffe.cpp:314] Batch 2434, accuracy1+2+3 = 1
I0418 08:51:38.960819  6080 data_layer.cpp:128] Prefetch batch: 125 ms.
I0418 08:51:38.960819  6080 data_layer.cpp:129]      Read time: 93.759 ms.
I0418 08:51:38.960819  6080 data_layer.cpp:130] Transform time: 31.245 ms.
I0418 08:51:39.820227  7952 caffe.cpp:314] Batch 2435, accuracy1+2 = 0
I0418 08:51:39.820227  7952 caffe.cpp:314] Batch 2435, accuracy1+2+3 = 0
I0418 08:51:39.945237  6080 data_layer.cpp:128] Prefetch batch: 125 ms.
I0418 08:51:39.945237  6080 data_layer.cpp:129]      Read time: 78.134 ms.
I0418 08:51:39.945237  6080 data_layer.cpp:130] Transform time: 46.876 ms.
I0418 08:51:40.789016  7952 caffe.cpp:314] Batch 2436, accuracy1+2 = 1
I0418 08:51:40.789016  7952 caffe.cpp:314] Batch 2436, accuracy1+2+3 = 1
I0418 08:51:40.914023  6080 data_layer.cpp:128] Prefetch batch: 125 ms.
I0418 08:51:40.914023  6080 data_layer.cpp:129]      Read time: 93.762 ms.
I0418 08:51:40.914023  6080 data_layer.cpp:130] Transform time: 31.246 ms.
I0418 08:51:41.757809  7952 caffe.cpp:314] Batch 2437, accuracy1+2 = 1
I0418 08:51:41.757809  7952 caffe.cpp:314] Batch 2437, accuracy1+2+3 = 1
I0418 08:51:41.882812  6080 data_layer.cpp:128] Prefetch batch: 125 ms.
I0418 08:51:41.882812  6080 data_layer.cpp:129]      Read time: 93.754 ms.
I0418 08:51:41.882812  6080 data_layer.cpp:130] Transform time: 31.248 ms.
I0418 08:51:42.742219  7952 caffe.cpp:314] Batch 2438, accuracy1+2 = 1
I0418 08:51:42.742219  7952 caffe.cpp:314] Batch 2438, accuracy1+2+3 = 1
I0418 08:51:42.835970  6080 data_layer.cpp:128] Prefetch batch: 93 ms.
I0418 08:51:42.835970  6080 data_layer.cpp:129]      Read time: 0 ms.
I0418 08:51:42.835970  6080 data_layer.cpp:130] Transform time: 93.751 ms.
I0418 08:51:43.711004  7952 caffe.cpp:314] Batch 2439, accuracy1+2 = 1
I0418 08:51:43.711004  7952 caffe.cpp:314] Batch 2439, accuracy1+2+3 = 1
I0418 08:51:43.836009  6080 data_layer.cpp:128] Prefetch batch: 125 ms.
I0418 08:51:43.836009  6080 data_layer.cpp:129]      Read time: 93.761 ms.
I0418 08:51:43.836009  6080 data_layer.cpp:130] Transform time: 31.244 ms.
I0418 08:51:44.679795  7952 caffe.cpp:314] Batch 2440, accuracy1+2 = 1
I0418 08:51:44.679795  7952 caffe.cpp:314] Batch 2440, accuracy1+2+3 = 1
I0418 08:51:44.820423  6080 data_layer.cpp:128] Prefetch batch: 140 ms.
I0418 08:51:44.820423  6080 data_layer.cpp:129]      Read time: 93.755 ms.
I0418 08:51:44.820423  6080 data_layer.cpp:130] Transform time: 46.874 ms.
I0418 08:51:45.664207  7952 caffe.cpp:314] Batch 2441, accuracy1+2 = 1
I0418 08:51:45.664207  7952 caffe.cpp:314] Batch 2441, accuracy1+2+3 = 1
I0418 08:51:45.757966  6080 data_layer.cpp:128] Prefetch batch: 93 ms.
I0418 08:51:45.757966  6080 data_layer.cpp:129]      Read time: 0 ms.
I0418 08:51:45.757966  6080 data_layer.cpp:130] Transform time: 93.758 ms.
I0418 08:51:46.648624  7952 caffe.cpp:314] Batch 2442, accuracy1+2 = 1
I0418 08:51:46.648624  7952 caffe.cpp:314] Batch 2442, accuracy1+2+3 = 1
I0418 08:51:46.773627  6080 data_layer.cpp:128] Prefetch batch: 125 ms.
I0418 08:51:46.773627  6080 data_layer.cpp:129]      Read time: 78.126 ms.
I0418 08:51:46.773627  6080 data_layer.cpp:130] Transform time: 46.877 ms.
I0418 08:51:47.617411  7952 caffe.cpp:314] Batch 2443, accuracy1+2 = 1
I0418 08:51:47.617411  7952 caffe.cpp:314] Batch 2443, accuracy1+2+3 = 1
I0418 08:51:47.742419  6080 data_layer.cpp:128] Prefetch batch: 125 ms.
I0418 08:51:47.742419  6080 data_layer.cpp:129]      Read time: 93.756 ms.
I0418 08:51:47.742419  6080 data_layer.cpp:130] Transform time: 31.251 ms.
I0418 08:51:48.586200  7952 caffe.cpp:314] Batch 2444, accuracy1+2 = 1
I0418 08:51:48.586200  7952 caffe.cpp:314] Batch 2444, accuracy1+2+3 = 1
I0418 08:51:48.711206  6080 data_layer.cpp:128] Prefetch batch: 125 ms.
I0418 08:51:48.711206  6080 data_layer.cpp:129]      Read time: 93.752 ms.
I0418 08:51:48.711206  6080 data_layer.cpp:130] Transform time: 31.254 ms.
I0418 08:51:49.570616  7952 caffe.cpp:314] Batch 2445, accuracy1+2 = 1
I0418 08:51:49.570616  7952 caffe.cpp:314] Batch 2445, accuracy1+2+3 = 1
I0418 08:51:49.664369  6080 data_layer.cpp:128] Prefetch batch: 93 ms.
I0418 08:51:49.664369  6080 data_layer.cpp:129]      Read time: 0 ms.
I0418 08:51:49.664369  6080 data_layer.cpp:130] Transform time: 93.753 ms.
I0418 08:51:50.539399  7952 caffe.cpp:314] Batch 2446, accuracy1+2 = 1
I0418 08:51:50.539399  7952 caffe.cpp:314] Batch 2446, accuracy1+2+3 = 1
I0418 08:51:50.664409  6080 data_layer.cpp:128] Prefetch batch: 125 ms.
I0418 08:51:50.664409  6080 data_layer.cpp:129]      Read time: 93.757 ms.
I0418 08:51:50.664409  6080 data_layer.cpp:130] Transform time: 31.253 ms.
I0418 08:51:51.508191  7952 caffe.cpp:314] Batch 2447, accuracy1+2 = 1
I0418 08:51:51.508191  7952 caffe.cpp:314] Batch 2447, accuracy1+2+3 = 1
I0418 08:51:51.633191  6080 data_layer.cpp:128] Prefetch batch: 125 ms.
I0418 08:51:51.633191  6080 data_layer.cpp:129]      Read time: 93.762 ms.
I0418 08:51:51.633191  6080 data_layer.cpp:130] Transform time: 31.238 ms.
I0418 08:51:52.492599  7952 caffe.cpp:314] Batch 2448, accuracy1+2 = 0
I0418 08:51:52.492599  7952 caffe.cpp:314] Batch 2448, accuracy1+2+3 = 0
I0418 08:51:52.617605  6080 data_layer.cpp:128] Prefetch batch: 125 ms.
I0418 08:51:52.617605  6080 data_layer.cpp:129]      Read time: 78.134 ms.
I0418 08:51:52.617605  6080 data_layer.cpp:130] Transform time: 46.872 ms.
I0418 08:51:53.461387  7952 caffe.cpp:314] Batch 2449, accuracy1+2 = 1
I0418 08:51:53.461387  7952 caffe.cpp:314] Batch 2449, accuracy1+2+3 = 1
I0418 08:51:53.586397  6080 data_layer.cpp:128] Prefetch batch: 125 ms.
I0418 08:51:53.586397  6080 data_layer.cpp:129]      Read time: 93.756 ms.
I0418 08:51:53.586397  6080 data_layer.cpp:130] Transform time: 31.254 ms.
I0418 08:51:54.430176  7952 caffe.cpp:314] Batch 2450, accuracy1+2 = 1
I0418 08:51:54.430176  7952 caffe.cpp:314] Batch 2450, accuracy1+2+3 = 1
I0418 08:51:54.555183  6080 data_layer.cpp:128] Prefetch batch: 125 ms.
I0418 08:51:54.555183  6080 data_layer.cpp:129]      Read time: 93.755 ms.
I0418 08:51:54.555183  6080 data_layer.cpp:130] Transform time: 31.253 ms.
I0418 08:51:55.414589  7952 caffe.cpp:314] Batch 2451, accuracy1+2 = 1
I0418 08:51:55.414589  7952 caffe.cpp:314] Batch 2451, accuracy1+2+3 = 1
I0418 08:51:55.523967  6080 data_layer.cpp:128] Prefetch batch: 109 ms.
I0418 08:51:55.523967  6080 data_layer.cpp:129]      Read time: 0 ms.
I0418 08:51:55.523967  6080 data_layer.cpp:130] Transform time: 109.378 ms.
I0418 08:51:56.383379  7952 caffe.cpp:314] Batch 2452, accuracy1+2 = 1
I0418 08:51:56.383379  7952 caffe.cpp:314] Batch 2452, accuracy1+2+3 = 1
I0418 08:51:56.508383  6080 data_layer.cpp:128] Prefetch batch: 125 ms.
I0418 08:51:56.508383  6080 data_layer.cpp:129]      Read time: 93.757 ms.
I0418 08:51:56.508383  6080 data_layer.cpp:130] Transform time: 31.246 ms.
I0418 08:51:57.367797  7952 caffe.cpp:314] Batch 2453, accuracy1+2 = 1
I0418 08:51:57.367797  7952 caffe.cpp:314] Batch 2453, accuracy1+2+3 = 1
I0418 08:51:57.492796  6080 data_layer.cpp:128] Prefetch batch: 124 ms.
I0418 08:51:57.492796  6080 data_layer.cpp:129]      Read time: 78.121 ms.
I0418 08:51:57.492796  6080 data_layer.cpp:130] Transform time: 46.878 ms.
I0418 08:51:58.336582  7952 caffe.cpp:314] Batch 2454, accuracy1+2 = 0
I0418 08:51:58.336582  7952 caffe.cpp:314] Batch 2454, accuracy1+2+3 = 0
I0418 08:51:58.461591  6080 data_layer.cpp:128] Prefetch batch: 125 ms.
I0418 08:51:58.461591  6080 data_layer.cpp:129]      Read time: 93.755 ms.
I0418 08:51:58.461591  6080 data_layer.cpp:130] Transform time: 31.253 ms.
I0418 08:51:59.352241  7952 caffe.cpp:314] Batch 2455, accuracy1+2 = 1
I0418 08:51:59.352241  7952 caffe.cpp:314] Batch 2455, accuracy1+2+3 = 1
I0418 08:51:59.477247  6080 data_layer.cpp:128] Prefetch batch: 125 ms.
I0418 08:51:59.477247  6080 data_layer.cpp:129]      Read time: 93.76 ms.
I0418 08:51:59.477247  6080 data_layer.cpp:130] Transform time: 31.246 ms.
I0418 08:52:00.367905  7952 caffe.cpp:314] Batch 2456, accuracy1+2 = 1
I0418 08:52:00.367905  7952 caffe.cpp:314] Batch 2456, accuracy1+2+3 = 1
I0418 08:52:00.492926  6080 data_layer.cpp:128] Prefetch batch: 125 ms.
I0418 08:52:00.492926  6080 data_layer.cpp:129]      Read time: 93.76 ms.
I0418 08:52:00.492926  6080 data_layer.cpp:130] Transform time: 31.261 ms.
I0418 08:52:01.336701  7952 caffe.cpp:314] Batch 2457, accuracy1+2 = 1
I0418 08:52:01.336701  7952 caffe.cpp:314] Batch 2457, accuracy1+2+3 = 1
I0418 08:52:01.446081  6080 data_layer.cpp:128] Prefetch batch: 109 ms.
I0418 08:52:01.446081  6080 data_layer.cpp:129]      Read time: 0 ms.
I0418 08:52:01.446081  6080 data_layer.cpp:130] Transform time: 109.38 ms.
I0418 08:52:02.305488  7952 caffe.cpp:314] Batch 2458, accuracy1+2 = 0
I0418 08:52:02.305488  7952 caffe.cpp:314] Batch 2458, accuracy1+2+3 = 0
I0418 08:52:02.430492  6080 data_layer.cpp:128] Prefetch batch: 125 ms.
I0418 08:52:02.430492  6080 data_layer.cpp:129]      Read time: 93.757 ms.
I0418 08:52:02.430492  6080 data_layer.cpp:130] Transform time: 31.247 ms.
I0418 08:52:03.289903  7952 caffe.cpp:314] Batch 2459, accuracy1+2 = 0
I0418 08:52:03.289903  7952 caffe.cpp:314] Batch 2459, accuracy1+2+3 = 0
I0418 08:52:03.414906  6080 data_layer.cpp:128] Prefetch batch: 125 ms.
I0418 08:52:03.414906  6080 data_layer.cpp:129]      Read time: 78.13 ms.
I0418 08:52:03.414906  6080 data_layer.cpp:130] Transform time: 46.873 ms.
I0418 08:52:04.258693  7952 caffe.cpp:314] Batch 2460, accuracy1+2 = 1
I0418 08:52:04.258693  7952 caffe.cpp:314] Batch 2460, accuracy1+2+3 = 1
I0418 08:52:04.383692  6080 data_layer.cpp:128] Prefetch batch: 124 ms.
I0418 08:52:04.383692  6080 data_layer.cpp:129]      Read time: 93.75 ms.
I0418 08:52:04.383692  6080 data_layer.cpp:130] Transform time: 31.249 ms.
I0418 08:52:05.227473  7952 caffe.cpp:314] Batch 2461, accuracy1+2 = 1
I0418 08:52:05.227473  7952 caffe.cpp:314] Batch 2461, accuracy1+2+3 = 1
I0418 08:52:05.352480  6080 data_layer.cpp:128] Prefetch batch: 125 ms.
I0418 08:52:05.352480  6080 data_layer.cpp:129]      Read time: 93.754 ms.
I0418 08:52:05.352480  6080 data_layer.cpp:130] Transform time: 31.253 ms.
I0418 08:52:06.211895  7952 caffe.cpp:314] Batch 2462, accuracy1+2 = 1
I0418 08:52:06.211895  7952 caffe.cpp:314] Batch 2462, accuracy1+2+3 = 1
I0418 08:52:06.336899  6080 data_layer.cpp:128] Prefetch batch: 125 ms.
I0418 08:52:06.336899  6080 data_layer.cpp:129]      Read time: 93.751 ms.
I0418 08:52:06.336899  6080 data_layer.cpp:130] Transform time: 31.252 ms.
I0418 08:52:07.180681  7952 caffe.cpp:314] Batch 2463, accuracy1+2 = 1
I0418 08:52:07.180681  7952 caffe.cpp:314] Batch 2463, accuracy1+2+3 = 1
I0418 08:52:07.305683  6080 data_layer.cpp:128] Prefetch batch: 125 ms.
I0418 08:52:07.305683  6080 data_layer.cpp:129]      Read time: 93.748 ms.
I0418 08:52:07.305683  6080 data_layer.cpp:130] Transform time: 31.254 ms.
I0418 08:52:08.149471  7952 caffe.cpp:314] Batch 2464, accuracy1+2 = 1
I0418 08:52:08.149471  7952 caffe.cpp:314] Batch 2464, accuracy1+2+3 = 1
I0418 08:52:08.258844  6080 data_layer.cpp:128] Prefetch batch: 109 ms.
I0418 08:52:08.258844  6080 data_layer.cpp:129]      Read time: 0 ms.
I0418 08:52:08.258844  6080 data_layer.cpp:130] Transform time: 109.374 ms.
I0418 08:52:09.133879  7952 caffe.cpp:314] Batch 2465, accuracy1+2 = 1
I0418 08:52:09.133879  7952 caffe.cpp:314] Batch 2465, accuracy1+2+3 = 1
I0418 08:52:09.258884  6080 data_layer.cpp:128] Prefetch batch: 125 ms.
I0418 08:52:09.258884  6080 data_layer.cpp:129]      Read time: 78.131 ms.
I0418 08:52:09.258884  6080 data_layer.cpp:130] Transform time: 46.874 ms.
I0418 08:52:10.102672  7952 caffe.cpp:314] Batch 2466, accuracy1+2 = 1
I0418 08:52:10.102672  7952 caffe.cpp:314] Batch 2466, accuracy1+2+3 = 1
I0418 08:52:10.227669  6080 data_layer.cpp:128] Prefetch batch: 124 ms.
I0418 08:52:10.227669  6080 data_layer.cpp:129]      Read time: 93.749 ms.
I0418 08:52:10.227669  6080 data_layer.cpp:130] Transform time: 31.248 ms.
I0418 08:52:11.087082  7952 caffe.cpp:314] Batch 2467, accuracy1+2 = 1
I0418 08:52:11.087082  7952 caffe.cpp:314] Batch 2467, accuracy1+2+3 = 1
I0418 08:52:11.212088  6080 data_layer.cpp:128] Prefetch batch: 125 ms.
I0418 08:52:11.212088  6080 data_layer.cpp:129]      Read time: 78.131 ms.
I0418 08:52:11.212088  6080 data_layer.cpp:130] Transform time: 46.875 ms.
I0418 08:52:12.055874  7952 caffe.cpp:314] Batch 2468, accuracy1+2 = 1
I0418 08:52:12.055874  7952 caffe.cpp:314] Batch 2468, accuracy1+2+3 = 1
I0418 08:52:12.165249  6080 data_layer.cpp:128] Prefetch batch: 109 ms.
I0418 08:52:12.165249  6080 data_layer.cpp:129]      Read time: 0 ms.
I0418 08:52:12.165249  6080 data_layer.cpp:130] Transform time: 109.375 ms.
I0418 08:52:13.024657  7952 caffe.cpp:314] Batch 2469, accuracy1+2 = 1
I0418 08:52:13.024657  7952 caffe.cpp:314] Batch 2469, accuracy1+2+3 = 1
I0418 08:52:13.149667  6080 data_layer.cpp:128] Prefetch batch: 125 ms.
I0418 08:52:13.149667  6080 data_layer.cpp:129]      Read time: 93.755 ms.
I0418 08:52:13.149667  6080 data_layer.cpp:130] Transform time: 31.255 ms.
I0418 08:52:14.009073  7952 caffe.cpp:314] Batch 2470, accuracy1+2 = 1
I0418 08:52:14.009073  7952 caffe.cpp:314] Batch 2470, accuracy1+2+3 = 1
I0418 08:52:14.134078  6080 data_layer.cpp:128] Prefetch batch: 125 ms.
I0418 08:52:14.134078  6080 data_layer.cpp:129]      Read time: 78.122 ms.
I0418 08:52:14.134078  6080 data_layer.cpp:130] Transform time: 46.882 ms.
I0418 08:52:14.977862  7952 caffe.cpp:314] Batch 2471, accuracy1+2 = 1
I0418 08:52:14.977862  7952 caffe.cpp:314] Batch 2471, accuracy1+2+3 = 1
I0418 08:52:15.102854  6080 data_layer.cpp:128] Prefetch batch: 124 ms.
I0418 08:52:15.102854  6080 data_layer.cpp:129]      Read time: 93.754 ms.
I0418 08:52:15.102854  6080 data_layer.cpp:130] Transform time: 31.238 ms.
I0418 08:52:15.962267  7952 caffe.cpp:314] Batch 2472, accuracy1+2 = 0
I0418 08:52:15.962267  7952 caffe.cpp:314] Batch 2472, accuracy1+2+3 = 0
I0418 08:52:16.071655  6080 data_layer.cpp:128] Prefetch batch: 109 ms.
I0418 08:52:16.071655  6080 data_layer.cpp:129]      Read time: 0 ms.
I0418 08:52:16.071655  6080 data_layer.cpp:130] Transform time: 109.388 ms.
I0418 08:52:16.946689  7952 caffe.cpp:314] Batch 2473, accuracy1+2 = 0
I0418 08:52:16.946689  7952 caffe.cpp:314] Batch 2473, accuracy1+2+3 = 0
I0418 08:52:17.071691  6080 data_layer.cpp:128] Prefetch batch: 125 ms.
I0418 08:52:17.071691  6080 data_layer.cpp:129]      Read time: 93.753 ms.
I0418 08:52:17.071691  6080 data_layer.cpp:130] Transform time: 31.249 ms.
I0418 08:52:17.915472  7952 caffe.cpp:314] Batch 2474, accuracy1+2 = 1
I0418 08:52:17.915472  7952 caffe.cpp:314] Batch 2474, accuracy1+2+3 = 1
I0418 08:52:18.056105  6080 data_layer.cpp:128] Prefetch batch: 140 ms.
I0418 08:52:18.056105  6080 data_layer.cpp:129]      Read time: 93.754 ms.
I0418 08:52:18.056105  6080 data_layer.cpp:130] Transform time: 46.879 ms.
I0418 08:52:18.899891  7952 caffe.cpp:314] Batch 2475, accuracy1+2 = 1
I0418 08:52:18.899891  7952 caffe.cpp:314] Batch 2475, accuracy1+2+3 = 1
I0418 08:52:19.024889  6080 data_layer.cpp:128] Prefetch batch: 124 ms.
I0418 08:52:19.024889  6080 data_layer.cpp:129]      Read time: 78.128 ms.
I0418 08:52:19.024889  6080 data_layer.cpp:130] Transform time: 46.87 ms.
I0418 08:52:19.868675  7952 caffe.cpp:314] Batch 2476, accuracy1+2 = 1
I0418 08:52:19.868675  7952 caffe.cpp:314] Batch 2476, accuracy1+2+3 = 1
I0418 08:52:19.978060  6080 data_layer.cpp:128] Prefetch batch: 109 ms.
I0418 08:52:19.978060  6080 data_layer.cpp:129]      Read time: 0 ms.
I0418 08:52:19.978060  6080 data_layer.cpp:130] Transform time: 109.385 ms.
I0418 08:52:20.837461  7952 caffe.cpp:314] Batch 2477, accuracy1+2 = 1
I0418 08:52:20.837461  7952 caffe.cpp:314] Batch 2477, accuracy1+2+3 = 1
I0418 08:52:20.962472  6080 data_layer.cpp:128] Prefetch batch: 125 ms.
I0418 08:52:20.962472  6080 data_layer.cpp:129]      Read time: 93.756 ms.
I0418 08:52:20.962472  6080 data_layer.cpp:130] Transform time: 31.255 ms.
I0418 08:52:21.806257  7952 caffe.cpp:314] Batch 2478, accuracy1+2 = 1
I0418 08:52:21.806257  7952 caffe.cpp:314] Batch 2478, accuracy1+2+3 = 1
I0418 08:52:21.915628  6080 data_layer.cpp:128] Prefetch batch: 109 ms.
I0418 08:52:21.915628  6080 data_layer.cpp:129]      Read time: 0 ms.
I0418 08:52:21.915628  6080 data_layer.cpp:130] Transform time: 109.371 ms.
I0418 08:52:22.775041  7952 caffe.cpp:314] Batch 2479, accuracy1+2 = 1
I0418 08:52:22.775041  7952 caffe.cpp:314] Batch 2479, accuracy1+2+3 = 1
I0418 08:52:22.915673  6080 data_layer.cpp:128] Prefetch batch: 140 ms.
I0418 08:52:22.915673  6080 data_layer.cpp:129]      Read time: 93.755 ms.
I0418 08:52:22.915673  6080 data_layer.cpp:130] Transform time: 46.877 ms.
I0418 08:52:23.759456  7952 caffe.cpp:314] Batch 2480, accuracy1+2 = 1
I0418 08:52:23.759456  7952 caffe.cpp:314] Batch 2480, accuracy1+2+3 = 1
I0418 08:52:23.884460  6080 data_layer.cpp:128] Prefetch batch: 125 ms.
I0418 08:52:23.884460  6080 data_layer.cpp:129]      Read time: 109.374 ms.
I0418 08:52:23.884460  6080 data_layer.cpp:130] Transform time: 15.63 ms.
I0418 08:52:24.728245  7952 caffe.cpp:314] Batch 2481, accuracy1+2 = 1
I0418 08:52:24.728245  7952 caffe.cpp:314] Batch 2481, accuracy1+2+3 = 1
I0418 08:52:24.853248  6080 data_layer.cpp:128] Prefetch batch: 125 ms.
I0418 08:52:24.853248  6080 data_layer.cpp:129]      Read time: 93.755 ms.
I0418 08:52:24.853248  6080 data_layer.cpp:130] Transform time: 31.249 ms.
I0418 08:52:25.712656  7952 caffe.cpp:314] Batch 2482, accuracy1+2 = 1
I0418 08:52:25.712656  7952 caffe.cpp:314] Batch 2482, accuracy1+2+3 = 1
I0418 08:52:25.837663  6080 data_layer.cpp:128] Prefetch batch: 125 ms.
I0418 08:52:25.837663  6080 data_layer.cpp:129]      Read time: 93.752 ms.
I0418 08:52:25.837663  6080 data_layer.cpp:130] Transform time: 31.256 ms.
I0418 08:52:26.681452  7952 caffe.cpp:314] Batch 2483, accuracy1+2 = 1
I0418 08:52:26.681452  7952 caffe.cpp:314] Batch 2483, accuracy1+2+3 = 1
I0418 08:52:26.790819  6080 data_layer.cpp:128] Prefetch batch: 109 ms.
I0418 08:52:26.790819  6080 data_layer.cpp:129]      Read time: 0 ms.
I0418 08:52:26.790819  6080 data_layer.cpp:130] Transform time: 109.367 ms.
I0418 08:52:27.650233  7952 caffe.cpp:314] Batch 2484, accuracy1+2 = 1
I0418 08:52:27.650233  7952 caffe.cpp:314] Batch 2484, accuracy1+2+3 = 1
I0418 08:52:27.790860  6080 data_layer.cpp:128] Prefetch batch: 140 ms.
I0418 08:52:27.790860  6080 data_layer.cpp:129]      Read time: 93.759 ms.
I0418 08:52:27.790860  6080 data_layer.cpp:130] Transform time: 46.869 ms.
I0418 08:52:28.634642  7952 caffe.cpp:314] Batch 2485, accuracy1+2 = 1
I0418 08:52:28.634642  7952 caffe.cpp:314] Batch 2485, accuracy1+2+3 = 1
I0418 08:52:28.759650  6080 data_layer.cpp:128] Prefetch batch: 125 ms.
I0418 08:52:28.759650  6080 data_layer.cpp:129]      Read time: 109.385 ms.
I0418 08:52:28.759650  6080 data_layer.cpp:130] Transform time: 15.623 ms.
I0418 08:52:29.603433  7952 caffe.cpp:314] Batch 2486, accuracy1+2 = 1
I0418 08:52:29.603433  7952 caffe.cpp:314] Batch 2486, accuracy1+2+3 = 1
I0418 08:52:29.728438  6080 data_layer.cpp:128] Prefetch batch: 125 ms.
I0418 08:52:29.728438  6080 data_layer.cpp:129]      Read time: 93.757 ms.
I0418 08:52:29.728438  6080 data_layer.cpp:130] Transform time: 31.248 ms.
I0418 08:52:30.572224  7952 caffe.cpp:314] Batch 2487, accuracy1+2 = 1
I0418 08:52:30.572224  7952 caffe.cpp:314] Batch 2487, accuracy1+2+3 = 1
I0418 08:52:30.681602  6080 data_layer.cpp:128] Prefetch batch: 109 ms.
I0418 08:52:30.681602  6080 data_layer.cpp:129]      Read time: 0 ms.
I0418 08:52:30.681602  6080 data_layer.cpp:130] Transform time: 109.378 ms.
I0418 08:52:31.556632  7952 caffe.cpp:314] Batch 2488, accuracy1+2 = 1
I0418 08:52:31.556632  7952 caffe.cpp:314] Batch 2488, accuracy1+2+3 = 1
I0418 08:52:31.681637  6080 data_layer.cpp:128] Prefetch batch: 125 ms.
I0418 08:52:31.681637  6080 data_layer.cpp:129]      Read time: 78.132 ms.
I0418 08:52:31.681637  6080 data_layer.cpp:130] Transform time: 46.872 ms.
I0418 08:52:32.525426  7952 caffe.cpp:314] Batch 2489, accuracy1+2 = 0
I0418 08:52:32.525426  7952 caffe.cpp:314] Batch 2489, accuracy1+2+3 = 0
I0418 08:52:32.650429  6080 data_layer.cpp:128] Prefetch batch: 125 ms.
I0418 08:52:32.650429  6080 data_layer.cpp:129]      Read time: 93.753 ms.
I0418 08:52:32.650429  6080 data_layer.cpp:130] Transform time: 31.249 ms.
I0418 08:52:33.494212  7952 caffe.cpp:314] Batch 2490, accuracy1+2 = 1
I0418 08:52:33.494212  7952 caffe.cpp:314] Batch 2490, accuracy1+2+3 = 1
I0418 08:52:33.603590  6080 data_layer.cpp:128] Prefetch batch: 109 ms.
I0418 08:52:33.603590  6080 data_layer.cpp:129]      Read time: 0 ms.
I0418 08:52:33.603590  6080 data_layer.cpp:130] Transform time: 109.378 ms.
I0418 08:52:34.478618  7952 caffe.cpp:314] Batch 2491, accuracy1+2 = 1
I0418 08:52:34.478618  7952 caffe.cpp:314] Batch 2491, accuracy1+2+3 = 1
I0418 08:52:34.603631  6080 data_layer.cpp:128] Prefetch batch: 125 ms.
I0418 08:52:34.603631  6080 data_layer.cpp:129]      Read time: 78.133 ms.
I0418 08:52:34.603631  6080 data_layer.cpp:130] Transform time: 46.879 ms.
I0418 08:52:35.447402  7952 caffe.cpp:314] Batch 2492, accuracy1+2 = 1
I0418 08:52:35.447402  7952 caffe.cpp:314] Batch 2492, accuracy1+2+3 = 1
I0418 08:52:35.572407  6080 data_layer.cpp:128] Prefetch batch: 125 ms.
I0418 08:52:35.572407  6080 data_layer.cpp:129]      Read time: 93.754 ms.
I0418 08:52:35.572407  6080 data_layer.cpp:130] Transform time: 31.251 ms.
I0418 08:52:36.447441  7952 caffe.cpp:314] Batch 2493, accuracy1+2 = 1
I0418 08:52:36.447441  7952 caffe.cpp:314] Batch 2493, accuracy1+2+3 = 1
I0418 08:52:36.572445  6080 data_layer.cpp:128] Prefetch batch: 125 ms.
I0418 08:52:36.572445  6080 data_layer.cpp:129]      Read time: 93.752 ms.
I0418 08:52:36.572445  6080 data_layer.cpp:130] Transform time: 31.252 ms.
I0418 08:52:37.463116  7952 caffe.cpp:314] Batch 2494, accuracy1+2 = 1
I0418 08:52:37.463116  7952 caffe.cpp:314] Batch 2494, accuracy1+2+3 = 1
I0418 08:52:37.588120  6080 data_layer.cpp:128] Prefetch batch: 125 ms.
I0418 08:52:37.588120  6080 data_layer.cpp:129]      Read time: 78.132 ms.
I0418 08:52:37.588120  6080 data_layer.cpp:130] Transform time: 46.872 ms.
I0418 08:52:38.431903  7952 caffe.cpp:314] Batch 2495, accuracy1+2 = 1
I0418 08:52:38.431903  7952 caffe.cpp:314] Batch 2495, accuracy1+2+3 = 1
I0418 08:52:38.556910  6080 data_layer.cpp:128] Prefetch batch: 125 ms.
I0418 08:52:38.556910  6080 data_layer.cpp:129]      Read time: 62.5 ms.
I0418 08:52:38.556910  6080 data_layer.cpp:130] Transform time: 62.506 ms.
I0418 08:52:39.400693  7952 caffe.cpp:314] Batch 2496, accuracy1+2 = 1
I0418 08:52:39.400693  7952 caffe.cpp:314] Batch 2496, accuracy1+2+3 = 1
I0418 08:52:39.525696  6080 data_layer.cpp:128] Prefetch batch: 125 ms.
I0418 08:52:39.525696  6080 data_layer.cpp:129]      Read time: 93.755 ms.
I0418 08:52:39.525696  6080 data_layer.cpp:130] Transform time: 31.247 ms.
I0418 08:52:40.385105  7952 caffe.cpp:314] Batch 2497, accuracy1+2 = 1
I0418 08:52:40.385105  7952 caffe.cpp:314] Batch 2497, accuracy1+2+3 = 1
I0418 08:52:40.478866  6080 data_layer.cpp:128] Prefetch batch: 93 ms.
I0418 08:52:40.478866  6080 data_layer.cpp:129]      Read time: 0 ms.
I0418 08:52:40.478866  6080 data_layer.cpp:130] Transform time: 93.761 ms.
I0418 08:52:41.353899  7952 caffe.cpp:314] Batch 2498, accuracy1+2 = 1
I0418 08:52:41.353899  7952 caffe.cpp:314] Batch 2498, accuracy1+2+3 = 1
I0418 08:52:41.494521  6080 data_layer.cpp:128] Prefetch batch: 140 ms.
I0418 08:52:41.494521  6080 data_layer.cpp:129]      Read time: 124.996 ms.
I0418 08:52:41.494521  6080 data_layer.cpp:130] Transform time: 15.626 ms.
I0418 08:52:42.322679  7952 caffe.cpp:314] Batch 2499, accuracy1+2 = 1
I0418 08:52:42.338296  7952 caffe.cpp:314] Batch 2499, accuracy1+2+3 = 1
I0418 08:52:42.463310  6080 data_layer.cpp:128] Prefetch batch: 125 ms.
I0418 08:52:42.463310  6080 data_layer.cpp:129]      Read time: 78.141 ms.
I0418 08:52:42.463310  6080 data_layer.cpp:130] Transform time: 46.872 ms.
I0418 08:52:43.307092  7952 caffe.cpp:314] Batch 2500, accuracy1+2 = 1
I0418 08:52:43.307092  7952 caffe.cpp:314] Batch 2500, accuracy1+2+3 = 1
I0418 08:52:43.432101  6080 data_layer.cpp:128] Prefetch batch: 125 ms.
I0418 08:52:43.432101  6080 data_layer.cpp:129]      Read time: 93.757 ms.
I0418 08:52:43.432101  6080 data_layer.cpp:130] Transform time: 31.251 ms.
I0418 08:52:44.275887  7952 caffe.cpp:314] Batch 2501, accuracy1+2 = 1
I0418 08:52:44.275887  7952 caffe.cpp:314] Batch 2501, accuracy1+2+3 = 1
I0418 08:52:44.385267  6080 data_layer.cpp:128] Prefetch batch: 109 ms.
I0418 08:52:44.385267  6080 data_layer.cpp:129]      Read time: 0 ms.
I0418 08:52:44.385267  6080 data_layer.cpp:130] Transform time: 109.38 ms.
I0418 08:52:45.260298  7952 caffe.cpp:314] Batch 2502, accuracy1+2 = 1
I0418 08:52:45.260298  7952 caffe.cpp:314] Batch 2502, accuracy1+2+3 = 1
I0418 08:52:45.385303  6080 data_layer.cpp:128] Prefetch batch: 125 ms.
I0418 08:52:45.385303  6080 data_layer.cpp:129]      Read time: 78.129 ms.
I0418 08:52:45.385303  6080 data_layer.cpp:130] Transform time: 46.876 ms.
I0418 08:52:46.229085  7952 caffe.cpp:314] Batch 2503, accuracy1+2 = 1
I0418 08:52:46.229085  7952 caffe.cpp:314] Batch 2503, accuracy1+2+3 = 1
I0418 08:52:46.354090  6080 data_layer.cpp:128] Prefetch batch: 125 ms.
I0418 08:52:46.354090  6080 data_layer.cpp:129]      Read time: 93.755 ms.
I0418 08:52:46.354090  6080 data_layer.cpp:130] Transform time: 31.25 ms.
I0418 08:52:47.197870  7952 caffe.cpp:314] Batch 2504, accuracy1+2 = 1
I0418 08:52:47.197870  7952 caffe.cpp:314] Batch 2504, accuracy1+2+3 = 1
I0418 08:52:47.322875  6080 data_layer.cpp:128] Prefetch batch: 125 ms.
I0418 08:52:47.322875  6080 data_layer.cpp:129]      Read time: 93.759 ms.
I0418 08:52:47.322875  6080 data_layer.cpp:130] Transform time: 31.246 ms.
I0418 08:52:48.166661  7952 caffe.cpp:314] Batch 2505, accuracy1+2 = 0
I0418 08:52:48.166661  7952 caffe.cpp:314] Batch 2505, accuracy1+2+3 = 0
I0418 08:52:48.307294  6080 data_layer.cpp:128] Prefetch batch: 140 ms.
I0418 08:52:48.307294  6080 data_layer.cpp:129]      Read time: 93.75 ms.
I0418 08:52:48.307294  6080 data_layer.cpp:130] Transform time: 46.883 ms.
I0418 08:52:49.151077  7952 caffe.cpp:314] Batch 2506, accuracy1+2 = 1
I0418 08:52:49.151077  7952 caffe.cpp:314] Batch 2506, accuracy1+2+3 = 1
I0418 08:52:49.276077  6080 data_layer.cpp:128] Prefetch batch: 125 ms.
I0418 08:52:49.276077  6080 data_layer.cpp:129]      Read time: 93.751 ms.
I0418 08:52:49.276077  6080 data_layer.cpp:130] Transform time: 31.25 ms.
I0418 08:52:50.119864  7952 caffe.cpp:314] Batch 2507, accuracy1+2 = 1
I0418 08:52:50.119864  7952 caffe.cpp:314] Batch 2507, accuracy1+2+3 = 1
I0418 08:52:50.229243  6080 data_layer.cpp:128] Prefetch batch: 109 ms.
I0418 08:52:50.229243  6080 data_layer.cpp:129]      Read time: 0 ms.
I0418 08:52:50.229243  6080 data_layer.cpp:130] Transform time: 109.378 ms.
I0418 08:52:51.088649  7952 caffe.cpp:314] Batch 2508, accuracy1+2 = 1
I0418 08:52:51.088649  7952 caffe.cpp:314] Batch 2508, accuracy1+2+3 = 1
I0418 08:52:51.213656  6080 data_layer.cpp:128] Prefetch batch: 125 ms.
I0418 08:52:51.213656  6080 data_layer.cpp:129]      Read time: 93.756 ms.
I0418 08:52:51.213656  6080 data_layer.cpp:130] Transform time: 31.252 ms.
I0418 08:52:52.073066  7952 caffe.cpp:314] Batch 2509, accuracy1+2 = 1
I0418 08:52:52.073066  7952 caffe.cpp:314] Batch 2509, accuracy1+2+3 = 1
I0418 08:52:52.198072  6080 data_layer.cpp:128] Prefetch batch: 125 ms.
I0418 08:52:52.198072  6080 data_layer.cpp:129]      Read time: 78.131 ms.
I0418 08:52:52.198072  6080 data_layer.cpp:130] Transform time: 46.875 ms.
I0418 08:52:53.041856  7952 caffe.cpp:314] Batch 2510, accuracy1+2 = 1
I0418 08:52:53.041856  7952 caffe.cpp:314] Batch 2510, accuracy1+2+3 = 1
I0418 08:52:53.166854  6080 data_layer.cpp:128] Prefetch batch: 124 ms.
I0418 08:52:53.166854  6080 data_layer.cpp:129]      Read time: 93.749 ms.
I0418 08:52:53.166854  6080 data_layer.cpp:130] Transform time: 31.25 ms.
I0418 08:52:54.010639  7952 caffe.cpp:314] Batch 2511, accuracy1+2 = 0
I0418 08:52:54.010639  7952 caffe.cpp:314] Batch 2511, accuracy1+2+3 = 0
I0418 08:52:54.135646  6080 data_layer.cpp:128] Prefetch batch: 125 ms.
I0418 08:52:54.135646  6080 data_layer.cpp:129]      Read time: 93.758 ms.
I0418 08:52:54.135646  6080 data_layer.cpp:130] Transform time: 31.249 ms.
I0418 08:52:54.995052  7952 caffe.cpp:314] Batch 2512, accuracy1+2 = 1
I0418 08:52:54.995052  7952 caffe.cpp:314] Batch 2512, accuracy1+2+3 = 1
I0418 08:52:55.088804  6080 data_layer.cpp:128] Prefetch batch: 93 ms.
I0418 08:52:55.088804  6080 data_layer.cpp:129]      Read time: 0 ms.
I0418 08:52:55.088804  6080 data_layer.cpp:130] Transform time: 93.752 ms.
I0418 08:52:55.963841  7952 caffe.cpp:314] Batch 2513, accuracy1+2 = 1
I0418 08:52:55.963841  7952 caffe.cpp:314] Batch 2513, accuracy1+2+3 = 1
I0418 08:52:56.104468  6080 data_layer.cpp:128] Prefetch batch: 140 ms.
I0418 08:52:56.104468  6080 data_layer.cpp:129]      Read time: 93.751 ms.
I0418 08:52:56.104468  6080 data_layer.cpp:130] Transform time: 46.876 ms.
I0418 08:52:56.948259  7952 caffe.cpp:314] Batch 2514, accuracy1+2 = 1
I0418 08:52:56.948259  7952 caffe.cpp:314] Batch 2514, accuracy1+2+3 = 1
I0418 08:52:57.073261  6080 data_layer.cpp:128] Prefetch batch: 125 ms.
I0418 08:52:57.073261  6080 data_layer.cpp:129]      Read time: 93.748 ms.
I0418 08:52:57.073261  6080 data_layer.cpp:130] Transform time: 31.254 ms.
I0418 08:52:57.917048  7952 caffe.cpp:314] Batch 2515, accuracy1+2 = 1
I0418 08:52:57.917048  7952 caffe.cpp:314] Batch 2515, accuracy1+2+3 = 1
I0418 08:52:58.042050  6080 data_layer.cpp:128] Prefetch batch: 125 ms.
I0418 08:52:58.042050  6080 data_layer.cpp:129]      Read time: 93.747 ms.
I0418 08:52:58.042050  6080 data_layer.cpp:130] Transform time: 31.255 ms.
I0418 08:52:58.885831  7952 caffe.cpp:314] Batch 2516, accuracy1+2 = 1
I0418 08:52:58.885831  7952 caffe.cpp:314] Batch 2516, accuracy1+2+3 = 1
I0418 08:52:59.010836  6080 data_layer.cpp:128] Prefetch batch: 125 ms.
I0418 08:52:59.010836  6080 data_layer.cpp:129]      Read time: 93.752 ms.
I0418 08:52:59.010836  6080 data_layer.cpp:130] Transform time: 31.253 ms.
I0418 08:52:59.870242  7952 caffe.cpp:314] Batch 2517, accuracy1+2 = 1
I0418 08:52:59.870242  7952 caffe.cpp:314] Batch 2517, accuracy1+2+3 = 1
I0418 08:52:59.995254  6080 data_layer.cpp:128] Prefetch batch: 125 ms.
I0418 08:52:59.995254  6080 data_layer.cpp:129]      Read time: 93.759 ms.
I0418 08:52:59.995254  6080 data_layer.cpp:130] Transform time: 31.252 ms.
I0418 08:53:00.839037  7952 caffe.cpp:314] Batch 2518, accuracy1+2 = 1
I0418 08:53:00.839037  7952 caffe.cpp:314] Batch 2518, accuracy1+2+3 = 1
I0418 08:53:00.948415  6080 data_layer.cpp:128] Prefetch batch: 109 ms.
I0418 08:53:00.948415  6080 data_layer.cpp:129]      Read time: 0 ms.
I0418 08:53:00.948415  6080 data_layer.cpp:130] Transform time: 109.377 ms.
I0418 08:53:01.807823  7952 caffe.cpp:314] Batch 2519, accuracy1+2 = 1
I0418 08:53:01.807823  7952 caffe.cpp:314] Batch 2519, accuracy1+2+3 = 1
I0418 08:53:01.948452  6080 data_layer.cpp:128] Prefetch batch: 140 ms.
I0418 08:53:01.948452  6080 data_layer.cpp:129]      Read time: 93.754 ms.
I0418 08:53:01.948452  6080 data_layer.cpp:130] Transform time: 46.875 ms.
I0418 08:53:02.792232  7952 caffe.cpp:314] Batch 2520, accuracy1+2 = 1
I0418 08:53:02.792232  7952 caffe.cpp:314] Batch 2520, accuracy1+2+3 = 1
I0418 08:53:02.917237  6080 data_layer.cpp:128] Prefetch batch: 125 ms.
I0418 08:53:02.917237  6080 data_layer.cpp:129]      Read time: 78.126 ms.
I0418 08:53:02.917237  6080 data_layer.cpp:130] Transform time: 46.879 ms.
I0418 08:53:03.761025  7952 caffe.cpp:314] Batch 2521, accuracy1+2 = 1
I0418 08:53:03.761025  7952 caffe.cpp:314] Batch 2521, accuracy1+2+3 = 1
I0418 08:53:03.886026  6080 data_layer.cpp:128] Prefetch batch: 125 ms.
I0418 08:53:03.886026  6080 data_layer.cpp:129]      Read time: 93.76 ms.
I0418 08:53:03.886026  6080 data_layer.cpp:130] Transform time: 31.241 ms.
I0418 08:53:04.745434  7952 caffe.cpp:314] Batch 2522, accuracy1+2 = 0
I0418 08:53:04.745434  7952 caffe.cpp:314] Batch 2522, accuracy1+2+3 = 0
I0418 08:53:04.870442  6080 data_layer.cpp:128] Prefetch batch: 125 ms.
I0418 08:53:04.870442  6080 data_layer.cpp:129]      Read time: 78.14 ms.
I0418 08:53:04.870442  6080 data_layer.cpp:130] Transform time: 46.868 ms.
I0418 08:53:05.714226  7952 caffe.cpp:314] Batch 2523, accuracy1+2 = 1
I0418 08:53:05.714226  7952 caffe.cpp:314] Batch 2523, accuracy1+2+3 = 1
I0418 08:53:05.839226  6080 data_layer.cpp:128] Prefetch batch: 125 ms.
I0418 08:53:05.839226  6080 data_layer.cpp:129]      Read time: 93.743 ms.
I0418 08:53:05.839226  6080 data_layer.cpp:130] Transform time: 31.258 ms.
I0418 08:53:06.683013  7952 caffe.cpp:314] Batch 2524, accuracy1+2 = 0
I0418 08:53:06.683013  7952 caffe.cpp:314] Batch 2524, accuracy1+2+3 = 0
I0418 08:53:06.808017  6080 data_layer.cpp:128] Prefetch batch: 125 ms.
I0418 08:53:06.808017  6080 data_layer.cpp:129]      Read time: 93.756 ms.
I0418 08:53:06.808017  6080 data_layer.cpp:130] Transform time: 31.247 ms.
I0418 08:53:07.667421  7952 caffe.cpp:314] Batch 2525, accuracy1+2 = 1
I0418 08:53:07.667421  7952 caffe.cpp:314] Batch 2525, accuracy1+2+3 = 1
I0418 08:53:07.761183  6080 data_layer.cpp:128] Prefetch batch: 93 ms.
I0418 08:53:07.761183  6080 data_layer.cpp:129]      Read time: 0 ms.
I0418 08:53:07.761183  6080 data_layer.cpp:130] Transform time: 93.762 ms.
I0418 08:53:08.636217  7952 caffe.cpp:314] Batch 2526, accuracy1+2 = 0
I0418 08:53:08.636217  7952 caffe.cpp:314] Batch 2526, accuracy1+2+3 = 0
I0418 08:53:08.761216  6080 data_layer.cpp:128] Prefetch batch: 124 ms.
I0418 08:53:08.761216  6080 data_layer.cpp:129]      Read time: 93.752 ms.
I0418 08:53:08.761216  6080 data_layer.cpp:130] Transform time: 31.247 ms.
I0418 08:53:09.605005  7952 caffe.cpp:314] Batch 2527, accuracy1+2 = 1
I0418 08:53:09.605005  7952 caffe.cpp:314] Batch 2527, accuracy1+2+3 = 1
I0418 08:53:09.730003  6080 data_layer.cpp:128] Prefetch batch: 124 ms.
I0418 08:53:09.730003  6080 data_layer.cpp:129]      Read time: 93.756 ms.
I0418 08:53:09.730003  6080 data_layer.cpp:130] Transform time: 31.243 ms.
I0418 08:53:10.589417  7952 caffe.cpp:314] Batch 2528, accuracy1+2 = 1
I0418 08:53:10.589417  7952 caffe.cpp:314] Batch 2528, accuracy1+2+3 = 1
I0418 08:53:10.714424  6080 data_layer.cpp:128] Prefetch batch: 125 ms.
I0418 08:53:10.714424  6080 data_layer.cpp:129]      Read time: 78.125 ms.
I0418 08:53:10.714424  6080 data_layer.cpp:130] Transform time: 46.882 ms.
I0418 08:53:11.558200  7952 caffe.cpp:314] Batch 2529, accuracy1+2 = 1
I0418 08:53:11.558200  7952 caffe.cpp:314] Batch 2529, accuracy1+2+3 = 1
I0418 08:53:11.683209  6080 data_layer.cpp:128] Prefetch batch: 125 ms.
I0418 08:53:11.683209  6080 data_layer.cpp:129]      Read time: 93.759 ms.
I0418 08:53:11.683209  6080 data_layer.cpp:130] Transform time: 31.25 ms.
I0418 08:53:12.542615  7952 caffe.cpp:314] Batch 2530, accuracy1+2 = 0
I0418 08:53:12.542615  7952 caffe.cpp:314] Batch 2530, accuracy1+2+3 = 0
I0418 08:53:12.636374  6080 data_layer.cpp:128] Prefetch batch: 93 ms.
I0418 08:53:12.636374  6080 data_layer.cpp:129]      Read time: 0 ms.
I0418 08:53:12.636374  6080 data_layer.cpp:130] Transform time: 93.759 ms.
I0418 08:53:13.558272  7952 caffe.cpp:314] Batch 2531, accuracy1+2 = 1
I0418 08:53:13.558272  7952 caffe.cpp:314] Batch 2531, accuracy1+2+3 = 1
I0418 08:53:13.683277  6080 data_layer.cpp:128] Prefetch batch: 125 ms.
I0418 08:53:13.683277  6080 data_layer.cpp:129]      Read time: 78.132 ms.
I0418 08:53:13.683277  6080 data_layer.cpp:130] Transform time: 46.873 ms.
I0418 08:53:14.558317  7952 caffe.cpp:314] Batch 2532, accuracy1+2 = 1
I0418 08:53:14.558317  7952 caffe.cpp:314] Batch 2532, accuracy1+2+3 = 1
I0418 08:53:14.683323  6080 data_layer.cpp:128] Prefetch batch: 125 ms.
I0418 08:53:14.683323  6080 data_layer.cpp:129]      Read time: 93.76 ms.
I0418 08:53:14.683323  6080 data_layer.cpp:130] Transform time: 31.246 ms.
I0418 08:53:15.542737  7952 caffe.cpp:314] Batch 2533, accuracy1+2 = 1
I0418 08:53:15.542737  7952 caffe.cpp:314] Batch 2533, accuracy1+2+3 = 1
I0418 08:53:15.667742  6080 data_layer.cpp:128] Prefetch batch: 125 ms.
I0418 08:53:15.667742  6080 data_layer.cpp:129]      Read time: 78.122 ms.
I0418 08:53:15.667742  6080 data_layer.cpp:130] Transform time: 46.882 ms.
I0418 08:53:16.511524  7952 caffe.cpp:314] Batch 2534, accuracy1+2 = 1
I0418 08:53:16.511524  7952 caffe.cpp:314] Batch 2534, accuracy1+2+3 = 1
I0418 08:53:16.636528  6080 data_layer.cpp:128] Prefetch batch: 125 ms.
I0418 08:53:16.636528  6080 data_layer.cpp:129]      Read time: 93.75 ms.
I0418 08:53:16.636528  6080 data_layer.cpp:130] Transform time: 31.253 ms.
I0418 08:53:17.480315  7952 caffe.cpp:314] Batch 2535, accuracy1+2 = 1
I0418 08:53:17.480315  7952 caffe.cpp:314] Batch 2535, accuracy1+2+3 = 1
I0418 08:53:17.605319  6080 data_layer.cpp:128] Prefetch batch: 125 ms.
I0418 08:53:17.605319  6080 data_layer.cpp:129]      Read time: 93.748 ms.
I0418 08:53:17.605319  6080 data_layer.cpp:130] Transform time: 31.256 ms.
I0418 08:53:18.464730  7952 caffe.cpp:314] Batch 2536, accuracy1+2 = 0
I0418 08:53:18.464730  7952 caffe.cpp:314] Batch 2536, accuracy1+2+3 = 0
I0418 08:53:18.589726  6080 data_layer.cpp:128] Prefetch batch: 124 ms.
I0418 08:53:18.589726  6080 data_layer.cpp:129]      Read time: 78.121 ms.
I0418 08:53:18.589726  6080 data_layer.cpp:130] Transform time: 46.875 ms.
I0418 08:53:19.433513  7952 caffe.cpp:314] Batch 2537, accuracy1+2 = 1
I0418 08:53:19.433513  7952 caffe.cpp:314] Batch 2537, accuracy1+2+3 = 1
I0418 08:53:19.558513  6080 data_layer.cpp:128] Prefetch batch: 125 ms.
I0418 08:53:19.558513  6080 data_layer.cpp:129]      Read time: 93.761 ms.
I0418 08:53:19.558513  6080 data_layer.cpp:130] Transform time: 31.239 ms.
I0418 08:53:20.402300  7952 caffe.cpp:314] Batch 2538, accuracy1+2 = 1
I0418 08:53:20.402300  7952 caffe.cpp:314] Batch 2538, accuracy1+2+3 = 1
I0418 08:53:20.527304  6080 data_layer.cpp:128] Prefetch batch: 125 ms.
I0418 08:53:20.527304  6080 data_layer.cpp:129]      Read time: 93.759 ms.
I0418 08:53:20.527304  6080 data_layer.cpp:130] Transform time: 31.245 ms.
I0418 08:53:21.371089  7952 caffe.cpp:314] Batch 2539, accuracy1+2 = 1
I0418 08:53:21.371089  7952 caffe.cpp:314] Batch 2539, accuracy1+2+3 = 1
I0418 08:53:21.480466  6080 data_layer.cpp:128] Prefetch batch: 109 ms.
I0418 08:53:21.480466  6080 data_layer.cpp:129]      Read time: 0 ms.
I0418 08:53:21.480466  6080 data_layer.cpp:130] Transform time: 109.377 ms.
I0418 08:53:22.355506  7952 caffe.cpp:314] Batch 2540, accuracy1+2 = 1
I0418 08:53:22.355506  7952 caffe.cpp:314] Batch 2540, accuracy1+2+3 = 1
I0418 08:53:22.480510  6080 data_layer.cpp:128] Prefetch batch: 125 ms.
I0418 08:53:22.480510  6080 data_layer.cpp:129]      Read time: 78.132 ms.
I0418 08:53:22.480510  6080 data_layer.cpp:130] Transform time: 46.872 ms.
I0418 08:53:23.324293  7952 caffe.cpp:314] Batch 2541, accuracy1+2 = 1
I0418 08:53:23.324293  7952 caffe.cpp:314] Batch 2541, accuracy1+2+3 = 1
I0418 08:53:23.449295  6080 data_layer.cpp:128] Prefetch batch: 125 ms.
I0418 08:53:23.449295  6080 data_layer.cpp:129]      Read time: 93.749 ms.
I0418 08:53:23.449295  6080 data_layer.cpp:130] Transform time: 31.252 ms.
I0418 08:53:24.293081  7952 caffe.cpp:314] Batch 2542, accuracy1+2 = 1
I0418 08:53:24.293081  7952 caffe.cpp:314] Batch 2542, accuracy1+2+3 = 1
I0418 08:53:24.418083  6080 data_layer.cpp:128] Prefetch batch: 125 ms.
I0418 08:53:24.418083  6080 data_layer.cpp:129]      Read time: 93.756 ms.
I0418 08:53:24.418083  6080 data_layer.cpp:130] Transform time: 31.247 ms.
I0418 08:53:25.277488  7952 caffe.cpp:314] Batch 2543, accuracy1+2 = 1
I0418 08:53:25.277488  7952 caffe.cpp:314] Batch 2543, accuracy1+2+3 = 1
I0418 08:53:25.402492  6080 data_layer.cpp:128] Prefetch batch: 125 ms.
I0418 08:53:25.402492  6080 data_layer.cpp:129]      Read time: 78.134 ms.
I0418 08:53:25.402492  6080 data_layer.cpp:130] Transform time: 46.869 ms.
I0418 08:53:26.246278  7952 caffe.cpp:314] Batch 2544, accuracy1+2 = 1
I0418 08:53:26.246278  7952 caffe.cpp:314] Batch 2544, accuracy1+2+3 = 1
I0418 08:53:26.386909  6080 data_layer.cpp:128] Prefetch batch: 140 ms.
I0418 08:53:26.386909  6080 data_layer.cpp:129]      Read time: 93.759 ms.
I0418 08:53:26.386909  6080 data_layer.cpp:130] Transform time: 46.873 ms.
I0418 08:53:27.230690  7952 caffe.cpp:314] Batch 2545, accuracy1+2 = 1
I0418 08:53:27.230690  7952 caffe.cpp:314] Batch 2545, accuracy1+2+3 = 1
I0418 08:53:27.355698  6080 data_layer.cpp:128] Prefetch batch: 125 ms.
I0418 08:53:27.355698  6080 data_layer.cpp:129]      Read time: 93.753 ms.
I0418 08:53:27.355698  6080 data_layer.cpp:130] Transform time: 31.255 ms.
I0418 08:53:28.199481  7952 caffe.cpp:314] Batch 2546, accuracy1+2 = 1
I0418 08:53:28.199481  7952 caffe.cpp:314] Batch 2546, accuracy1+2+3 = 1
I0418 08:53:28.324483  6080 data_layer.cpp:128] Prefetch batch: 125 ms.
I0418 08:53:28.324483  6080 data_layer.cpp:129]      Read time: 93.752 ms.
I0418 08:53:28.324483  6080 data_layer.cpp:130] Transform time: 31.25 ms.
I0418 08:53:29.183897  7952 caffe.cpp:314] Batch 2547, accuracy1+2 = 1
I0418 08:53:29.183897  7952 caffe.cpp:314] Batch 2547, accuracy1+2+3 = 1
I0418 08:53:29.277649  6080 data_layer.cpp:128] Prefetch batch: 93 ms.
I0418 08:53:29.277649  6080 data_layer.cpp:129]      Read time: 0 ms.
I0418 08:53:29.277649  6080 data_layer.cpp:130] Transform time: 93.752 ms.
I0418 08:53:30.152684  7952 caffe.cpp:314] Batch 2548, accuracy1+2 = 1
I0418 08:53:30.152684  7952 caffe.cpp:314] Batch 2548, accuracy1+2+3 = 1
I0418 08:53:30.277689  6080 data_layer.cpp:128] Prefetch batch: 125 ms.
I0418 08:53:30.277689  6080 data_layer.cpp:129]      Read time: 93.754 ms.
I0418 08:53:30.277689  6080 data_layer.cpp:130] Transform time: 31.251 ms.
I0418 08:53:31.121475  7952 caffe.cpp:314] Batch 2549, accuracy1+2 = 1
I0418 08:53:31.121475  7952 caffe.cpp:314] Batch 2549, accuracy1+2+3 = 1
I0418 08:53:31.246474  6080 data_layer.cpp:128] Prefetch batch: 124 ms.
I0418 08:53:31.246474  6080 data_layer.cpp:129]      Read time: 93.749 ms.
I0418 08:53:31.246474  6080 data_layer.cpp:130] Transform time: 31.249 ms.
I0418 08:53:32.105888  7952 caffe.cpp:314] Batch 2550, accuracy1+2 = 1
I0418 08:53:32.105888  7952 caffe.cpp:314] Batch 2550, accuracy1+2+3 = 1
I0418 08:53:32.230890  6080 data_layer.cpp:128] Prefetch batch: 125 ms.
I0418 08:53:32.230890  6080 data_layer.cpp:129]      Read time: 78.128 ms.
I0418 08:53:32.230890  6080 data_layer.cpp:130] Transform time: 46.873 ms.
I0418 08:53:33.074681  7952 caffe.cpp:314] Batch 2551, accuracy1+2 = 1
I0418 08:53:33.074681  7952 caffe.cpp:314] Batch 2551, accuracy1+2+3 = 1
I0418 08:53:33.184056  6080 data_layer.cpp:128] Prefetch batch: 109 ms.
I0418 08:53:33.184056  6080 data_layer.cpp:129]      Read time: 0 ms.
I0418 08:53:33.184056  6080 data_layer.cpp:130] Transform time: 109.375 ms.
I0418 08:53:34.090334  7952 caffe.cpp:314] Batch 2552, accuracy1+2 = 1
I0418 08:53:34.090334  7952 caffe.cpp:314] Batch 2552, accuracy1+2+3 = 1
I0418 08:53:34.215342  6080 data_layer.cpp:128] Prefetch batch: 125 ms.
I0418 08:53:34.215342  6080 data_layer.cpp:129]      Read time: 93.762 ms.
I0418 08:53:34.215342  6080 data_layer.cpp:130] Transform time: 31.246 ms.
I0418 08:53:35.059128  7952 caffe.cpp:314] Batch 2553, accuracy1+2 = 1
I0418 08:53:35.059128  7952 caffe.cpp:314] Batch 2553, accuracy1+2+3 = 1
I0418 08:53:35.184129  6080 data_layer.cpp:128] Prefetch batch: 125 ms.
I0418 08:53:35.184129  6080 data_layer.cpp:129]      Read time: 93.755 ms.
I0418 08:53:35.184129  6080 data_layer.cpp:130] Transform time: 31.247 ms.
I0418 08:53:36.043540  7952 caffe.cpp:314] Batch 2554, accuracy1+2 = 1
I0418 08:53:36.043540  7952 caffe.cpp:314] Batch 2554, accuracy1+2+3 = 1
I0418 08:53:36.168545  6080 data_layer.cpp:128] Prefetch batch: 125 ms.
I0418 08:53:36.168545  6080 data_layer.cpp:129]      Read time: 78.141 ms.
I0418 08:53:36.168545  6080 data_layer.cpp:130] Transform time: 46.864 ms.
I0418 08:53:37.012325  7952 caffe.cpp:314] Batch 2555, accuracy1+2 = 1
I0418 08:53:37.012325  7952 caffe.cpp:314] Batch 2555, accuracy1+2+3 = 1
I0418 08:53:37.137332  6080 data_layer.cpp:128] Prefetch batch: 125 ms.
I0418 08:53:37.137332  6080 data_layer.cpp:129]      Read time: 93.756 ms.
I0418 08:53:37.137332  6080 data_layer.cpp:130] Transform time: 31.252 ms.
I0418 08:53:37.981114  7952 caffe.cpp:314] Batch 2556, accuracy1+2 = 1
I0418 08:53:37.981114  7952 caffe.cpp:314] Batch 2556, accuracy1+2+3 = 1
I0418 08:53:38.106125  6080 data_layer.cpp:128] Prefetch batch: 125 ms.
I0418 08:53:38.106125  6080 data_layer.cpp:129]      Read time: 62.506 ms.
I0418 08:53:38.106125  6080 data_layer.cpp:130] Transform time: 62.505 ms.
I0418 08:53:38.965524  7952 caffe.cpp:314] Batch 2557, accuracy1+2 = 0
I0418 08:53:38.965524  7952 caffe.cpp:314] Batch 2557, accuracy1+2+3 = 0
I0418 08:53:39.090534  6080 data_layer.cpp:128] Prefetch batch: 125 ms.
I0418 08:53:39.090534  6080 data_layer.cpp:129]      Read time: 31.252 ms.
I0418 08:53:39.090534  6080 data_layer.cpp:130] Transform time: 93.758 ms.
I0418 08:53:39.934321  7952 caffe.cpp:314] Batch 2558, accuracy1+2 = 1
I0418 08:53:39.934321  7952 caffe.cpp:314] Batch 2558, accuracy1+2+3 = 1
I0418 08:53:40.059322  6080 data_layer.cpp:128] Prefetch batch: 125 ms.
I0418 08:53:40.059322  6080 data_layer.cpp:129]      Read time: 93.749 ms.
I0418 08:53:40.059322  6080 data_layer.cpp:130] Transform time: 31.252 ms.
I0418 08:53:40.918728  7952 caffe.cpp:314] Batch 2559, accuracy1+2 = 1
I0418 08:53:40.918728  7952 caffe.cpp:314] Batch 2559, accuracy1+2+3 = 1
I0418 08:53:41.043738  6080 data_layer.cpp:128] Prefetch batch: 125 ms.
I0418 08:53:41.043738  6080 data_layer.cpp:129]      Read time: 78.134 ms.
I0418 08:53:41.043738  6080 data_layer.cpp:130] Transform time: 46.876 ms.
I0418 08:53:41.887521  7952 caffe.cpp:314] Batch 2560, accuracy1+2 = 1
I0418 08:53:41.887521  7952 caffe.cpp:314] Batch 2560, accuracy1+2+3 = 1
I0418 08:53:42.012521  6080 data_layer.cpp:128] Prefetch batch: 124 ms.
I0418 08:53:42.012521  6080 data_layer.cpp:129]      Read time: 93.748 ms.
I0418 08:53:42.012521  6080 data_layer.cpp:130] Transform time: 31.251 ms.
I0418 08:53:42.856304  7952 caffe.cpp:314] Batch 2561, accuracy1+2 = 1
I0418 08:53:42.856304  7952 caffe.cpp:314] Batch 2561, accuracy1+2+3 = 1
I0418 08:53:42.981313  6080 data_layer.cpp:128] Prefetch batch: 125 ms.
I0418 08:53:42.981313  6080 data_layer.cpp:129]      Read time: 93.757 ms.
I0418 08:53:42.981313  6080 data_layer.cpp:130] Transform time: 31.252 ms.
I0418 08:53:43.840723  7952 caffe.cpp:314] Batch 2562, accuracy1+2 = 1
I0418 08:53:43.840723  7952 caffe.cpp:314] Batch 2562, accuracy1+2+3 = 1
I0418 08:53:43.965725  6080 data_layer.cpp:128] Prefetch batch: 125 ms.
I0418 08:53:43.965725  6080 data_layer.cpp:129]      Read time: 93.756 ms.
I0418 08:53:43.965725  6080 data_layer.cpp:130] Transform time: 31.247 ms.
I0418 08:53:44.840802  7952 caffe.cpp:314] Batch 2563, accuracy1+2 = 1
I0418 08:53:44.840802  7952 caffe.cpp:314] Batch 2563, accuracy1+2+3 = 1
I0418 08:53:44.934528  6080 data_layer.cpp:128] Prefetch batch: 93 ms.
I0418 08:53:44.934528  6080 data_layer.cpp:129]      Read time: 0 ms.
I0418 08:53:44.934528  6080 data_layer.cpp:130] Transform time: 93.726 ms.
I0418 08:53:45.825176  7952 caffe.cpp:314] Batch 2564, accuracy1+2 = 1
I0418 08:53:45.825176  7952 caffe.cpp:314] Batch 2564, accuracy1+2+3 = 1
I0418 08:53:45.950177  6080 data_layer.cpp:128] Prefetch batch: 125 ms.
I0418 08:53:45.950177  6080 data_layer.cpp:129]      Read time: 93.754 ms.
I0418 08:53:45.950177  6080 data_layer.cpp:130] Transform time: 31.248 ms.
I0418 08:53:46.793962  7952 caffe.cpp:314] Batch 2565, accuracy1+2 = 1
I0418 08:53:46.793962  7952 caffe.cpp:314] Batch 2565, accuracy1+2+3 = 1
I0418 08:53:46.918969  6080 data_layer.cpp:128] Prefetch batch: 125 ms.
I0418 08:53:46.918969  6080 data_layer.cpp:129]      Read time: 93.755 ms.
I0418 08:53:46.918969  6080 data_layer.cpp:130] Transform time: 31.253 ms.
I0418 08:53:47.762747  7952 caffe.cpp:314] Batch 2566, accuracy1+2 = 1
I0418 08:53:47.762747  7952 caffe.cpp:314] Batch 2566, accuracy1+2+3 = 1
I0418 08:53:47.872126  6080 data_layer.cpp:128] Prefetch batch: 109 ms.
I0418 08:53:47.872126  6080 data_layer.cpp:129]      Read time: 0 ms.
I0418 08:53:47.872126  6080 data_layer.cpp:130] Transform time: 109.38 ms.
I0418 08:53:48.747160  7952 caffe.cpp:314] Batch 2567, accuracy1+2 = 1
I0418 08:53:48.747160  7952 caffe.cpp:314] Batch 2567, accuracy1+2+3 = 1
I0418 08:53:48.872169  6080 data_layer.cpp:128] Prefetch batch: 125 ms.
I0418 08:53:48.872169  6080 data_layer.cpp:129]      Read time: 78.132 ms.
I0418 08:53:48.872169  6080 data_layer.cpp:130] Transform time: 46.876 ms.
I0418 08:53:49.715955  7952 caffe.cpp:314] Batch 2568, accuracy1+2 = 1
I0418 08:53:49.715955  7952 caffe.cpp:314] Batch 2568, accuracy1+2+3 = 1
I0418 08:53:49.840956  6080 data_layer.cpp:128] Prefetch batch: 125 ms.
I0418 08:53:49.840956  6080 data_layer.cpp:129]      Read time: 93.752 ms.
I0418 08:53:49.840956  6080 data_layer.cpp:130] Transform time: 31.25 ms.
I0418 08:53:50.700378  7952 caffe.cpp:314] Batch 2569, accuracy1+2 = 1
I0418 08:53:50.700378  7952 caffe.cpp:314] Batch 2569, accuracy1+2+3 = 1
I0418 08:53:50.841006  6080 data_layer.cpp:128] Prefetch batch: 140 ms.
I0418 08:53:50.841006  6080 data_layer.cpp:129]      Read time: 93.729 ms.
I0418 08:53:50.841006  6080 data_layer.cpp:130] Transform time: 46.898 ms.
I0418 08:53:51.716019  7952 caffe.cpp:314] Batch 2570, accuracy1+2 = 1
I0418 08:53:51.716019  7952 caffe.cpp:314] Batch 2570, accuracy1+2+3 = 1
I0418 08:53:51.856649  6080 data_layer.cpp:128] Prefetch batch: 140 ms.
I0418 08:53:51.856649  6080 data_layer.cpp:129]      Read time: 93.754 ms.
I0418 08:53:51.856649  6080 data_layer.cpp:130] Transform time: 46.876 ms.
I0418 08:53:52.731685  7952 caffe.cpp:314] Batch 2571, accuracy1+2 = 0
I0418 08:53:52.731685  7952 caffe.cpp:314] Batch 2571, accuracy1+2+3 = 0
I0418 08:53:52.872314  6080 data_layer.cpp:128] Prefetch batch: 140 ms.
I0418 08:53:52.872314  6080 data_layer.cpp:129]      Read time: 93.752 ms.
I0418 08:53:52.872314  6080 data_layer.cpp:130] Transform time: 46.877 ms.
I0418 08:53:53.716110  7952 caffe.cpp:314] Batch 2572, accuracy1+2 = 1
I0418 08:53:53.716110  7952 caffe.cpp:314] Batch 2572, accuracy1+2+3 = 1
I0418 08:53:53.825487  6080 data_layer.cpp:128] Prefetch batch: 109 ms.
I0418 08:53:53.825487  6080 data_layer.cpp:129]      Read time: 0 ms.
I0418 08:53:53.825487  6080 data_layer.cpp:130] Transform time: 109.377 ms.
I0418 08:53:54.700520  7952 caffe.cpp:314] Batch 2573, accuracy1+2 = 1
I0418 08:53:54.700520  7952 caffe.cpp:314] Batch 2573, accuracy1+2+3 = 1
I0418 08:53:54.825531  6080 data_layer.cpp:128] Prefetch batch: 125 ms.
I0418 08:53:54.825531  6080 data_layer.cpp:129]      Read time: 93.759 ms.
I0418 08:53:54.825531  6080 data_layer.cpp:130] Transform time: 31.252 ms.
I0418 08:53:55.669307  7952 caffe.cpp:314] Batch 2574, accuracy1+2 = 1
I0418 08:53:55.669307  7952 caffe.cpp:314] Batch 2574, accuracy1+2+3 = 1
I0418 08:53:55.794318  6080 data_layer.cpp:128] Prefetch batch: 125 ms.
I0418 08:53:55.794318  6080 data_layer.cpp:129]      Read time: 93.756 ms.
I0418 08:53:55.794318  6080 data_layer.cpp:130] Transform time: 31.255 ms.
I0418 08:53:56.638099  7952 caffe.cpp:314] Batch 2575, accuracy1+2 = 1
I0418 08:53:56.638099  7952 caffe.cpp:314] Batch 2575, accuracy1+2+3 = 1
I0418 08:53:56.763105  6080 data_layer.cpp:128] Prefetch batch: 125 ms.
I0418 08:53:56.763105  6080 data_layer.cpp:129]      Read time: 93.755 ms.
I0418 08:53:56.763105  6080 data_layer.cpp:130] Transform time: 31.251 ms.
I0418 08:53:57.622509  7952 caffe.cpp:314] Batch 2576, accuracy1+2 = 1
I0418 08:53:57.622509  7952 caffe.cpp:314] Batch 2576, accuracy1+2+3 = 1
I0418 08:53:57.716267  6080 data_layer.cpp:128] Prefetch batch: 93 ms.
I0418 08:53:57.716267  6080 data_layer.cpp:129]      Read time: 0 ms.
I0418 08:53:57.716267  6080 data_layer.cpp:130] Transform time: 93.759 ms.
I0418 08:53:58.591300  7952 caffe.cpp:314] Batch 2577, accuracy1+2 = 0
I0418 08:53:58.591300  7952 caffe.cpp:314] Batch 2577, accuracy1+2+3 = 0
I0418 08:53:58.716303  6080 data_layer.cpp:128] Prefetch batch: 125 ms.
I0418 08:53:58.716303  6080 data_layer.cpp:129]      Read time: 93.756 ms.
I0418 08:53:58.716303  6080 data_layer.cpp:130] Transform time: 31.248 ms.
I0418 08:53:59.560083  7952 caffe.cpp:314] Batch 2578, accuracy1+2 = 1
I0418 08:53:59.560083  7952 caffe.cpp:314] Batch 2578, accuracy1+2+3 = 1
I0418 08:53:59.685088  6080 data_layer.cpp:128] Prefetch batch: 125 ms.
I0418 08:53:59.685088  6080 data_layer.cpp:129]      Read time: 93.754 ms.
I0418 08:53:59.685088  6080 data_layer.cpp:130] Transform time: 31.251 ms.
I0418 08:54:00.528879  7952 caffe.cpp:314] Batch 2579, accuracy1+2 = 0
I0418 08:54:00.528879  7952 caffe.cpp:314] Batch 2579, accuracy1+2+3 = 0
I0418 08:54:00.653875  6080 data_layer.cpp:128] Prefetch batch: 124 ms.
I0418 08:54:00.653875  6080 data_layer.cpp:129]      Read time: 93.75 ms.
I0418 08:54:00.653875  6080 data_layer.cpp:130] Transform time: 31.246 ms.
I0418 08:54:01.513290  7952 caffe.cpp:314] Batch 2580, accuracy1+2 = 1
I0418 08:54:01.513290  7952 caffe.cpp:314] Batch 2580, accuracy1+2+3 = 1
I0418 08:54:01.607040  6080 data_layer.cpp:128] Prefetch batch: 93 ms.
I0418 08:54:01.607040  6080 data_layer.cpp:129]      Read time: 0 ms.
I0418 08:54:01.607040  6080 data_layer.cpp:130] Transform time: 93.75 ms.
I0418 08:54:02.482076  7952 caffe.cpp:314] Batch 2581, accuracy1+2 = 0
I0418 08:54:02.482076  7952 caffe.cpp:314] Batch 2581, accuracy1+2+3 = 0
I0418 08:54:02.607084  6080 data_layer.cpp:128] Prefetch batch: 125 ms.
I0418 08:54:02.607084  6080 data_layer.cpp:129]      Read time: 93.756 ms.
I0418 08:54:02.607084  6080 data_layer.cpp:130] Transform time: 31.252 ms.
I0418 08:54:03.450875  7952 caffe.cpp:314] Batch 2582, accuracy1+2 = 1
I0418 08:54:03.450875  7952 caffe.cpp:314] Batch 2582, accuracy1+2+3 = 1
I0418 08:54:03.575870  6080 data_layer.cpp:128] Prefetch batch: 124 ms.
I0418 08:54:03.575870  6080 data_layer.cpp:129]      Read time: 93.745 ms.
I0418 08:54:03.575870  6080 data_layer.cpp:130] Transform time: 31.249 ms.
I0418 08:54:04.435274  7952 caffe.cpp:314] Batch 2583, accuracy1+2 = 1
I0418 08:54:04.435274  7952 caffe.cpp:314] Batch 2583, accuracy1+2+3 = 1
I0418 08:54:04.560281  6080 data_layer.cpp:128] Prefetch batch: 125 ms.
I0418 08:54:04.560281  6080 data_layer.cpp:129]      Read time: 78.13 ms.
I0418 08:54:04.560281  6080 data_layer.cpp:130] Transform time: 46.877 ms.
I0418 08:54:05.404069  7952 caffe.cpp:314] Batch 2584, accuracy1+2 = 1
I0418 08:54:05.404069  7952 caffe.cpp:314] Batch 2584, accuracy1+2+3 = 1
I0418 08:54:05.529065  6080 data_layer.cpp:128] Prefetch batch: 124 ms.
I0418 08:54:05.529065  6080 data_layer.cpp:129]      Read time: 93.751 ms.
I0418 08:54:05.529065  6080 data_layer.cpp:130] Transform time: 31.245 ms.
I0418 08:54:06.388476  7952 caffe.cpp:314] Batch 2585, accuracy1+2 = 1
I0418 08:54:06.388476  7952 caffe.cpp:314] Batch 2585, accuracy1+2+3 = 1
I0418 08:54:06.497859  6080 data_layer.cpp:128] Prefetch batch: 109 ms.
I0418 08:54:06.497859  6080 data_layer.cpp:129]      Read time: 0 ms.
I0418 08:54:06.497859  6080 data_layer.cpp:130] Transform time: 109.382 ms.
I0418 08:54:07.357264  7952 caffe.cpp:314] Batch 2586, accuracy1+2 = 1
I0418 08:54:07.357264  7952 caffe.cpp:314] Batch 2586, accuracy1+2+3 = 1
I0418 08:54:07.482276  6080 data_layer.cpp:128] Prefetch batch: 125 ms.
I0418 08:54:07.482276  6080 data_layer.cpp:129]      Read time: 93.755 ms.
I0418 08:54:07.482276  6080 data_layer.cpp:130] Transform time: 31.257 ms.
I0418 08:54:08.341681  7952 caffe.cpp:314] Batch 2587, accuracy1+2 = 1
I0418 08:54:08.341681  7952 caffe.cpp:314] Batch 2587, accuracy1+2+3 = 1
I0418 08:54:08.466682  6080 data_layer.cpp:128] Prefetch batch: 125 ms.
I0418 08:54:08.466682  6080 data_layer.cpp:129]      Read time: 78.126 ms.
I0418 08:54:08.466682  6080 data_layer.cpp:130] Transform time: 46.875 ms.
I0418 08:54:09.310468  7952 caffe.cpp:314] Batch 2588, accuracy1+2 = 1
I0418 08:54:09.310468  7952 caffe.cpp:314] Batch 2588, accuracy1+2+3 = 1
I0418 08:54:09.435472  6080 data_layer.cpp:128] Prefetch batch: 125 ms.
I0418 08:54:09.435472  6080 data_layer.cpp:129]      Read time: 93.764 ms.
I0418 08:54:09.435472  6080 data_layer.cpp:130] Transform time: 31.24 ms.
I0418 08:54:10.279256  7952 caffe.cpp:314] Batch 2589, accuracy1+2 = 0
I0418 08:54:10.279256  7952 caffe.cpp:314] Batch 2589, accuracy1+2+3 = 0
I0418 08:54:10.388636  6080 data_layer.cpp:128] Prefetch batch: 109 ms.
I0418 08:54:10.388636  6080 data_layer.cpp:129]      Read time: 0 ms.
I0418 08:54:10.388636  6080 data_layer.cpp:130] Transform time: 109.38 ms.
I0418 08:54:11.248044  7952 caffe.cpp:314] Batch 2590, accuracy1+2 = 1
I0418 08:54:11.248044  7952 caffe.cpp:314] Batch 2590, accuracy1+2+3 = 1
I0418 08:54:11.373047  6080 data_layer.cpp:128] Prefetch batch: 125 ms.
I0418 08:54:11.373047  6080 data_layer.cpp:129]      Read time: 93.758 ms.
I0418 08:54:11.373047  6080 data_layer.cpp:130] Transform time: 31.246 ms.
I0418 08:54:12.232458  7952 caffe.cpp:314] Batch 2591, accuracy1+2 = 0
I0418 08:54:12.232458  7952 caffe.cpp:314] Batch 2591, accuracy1+2+3 = 0
I0418 08:54:12.357460  6080 data_layer.cpp:128] Prefetch batch: 125 ms.
I0418 08:54:12.357460  6080 data_layer.cpp:129]      Read time: 78.128 ms.
I0418 08:54:12.357460  6080 data_layer.cpp:130] Transform time: 46.874 ms.
I0418 08:54:13.201249  7952 caffe.cpp:314] Batch 2592, accuracy1+2 = 1
I0418 08:54:13.201249  7952 caffe.cpp:314] Batch 2592, accuracy1+2+3 = 1
I0418 08:54:13.326254  6080 data_layer.cpp:128] Prefetch batch: 125 ms.
I0418 08:54:13.326254  6080 data_layer.cpp:129]      Read time: 93.762 ms.
I0418 08:54:13.326254  6080 data_layer.cpp:130] Transform time: 31.243 ms.
I0418 08:54:14.185660  7952 caffe.cpp:314] Batch 2593, accuracy1+2 = 1
I0418 08:54:14.185660  7952 caffe.cpp:314] Batch 2593, accuracy1+2+3 = 1
I0418 08:54:14.310662  6080 data_layer.cpp:128] Prefetch batch: 125 ms.
I0418 08:54:14.310662  6080 data_layer.cpp:129]      Read time: 78.127 ms.
I0418 08:54:14.310662  6080 data_layer.cpp:130] Transform time: 46.874 ms.
I0418 08:54:15.154453  7952 caffe.cpp:314] Batch 2594, accuracy1+2 = 1
I0418 08:54:15.154453  7952 caffe.cpp:314] Batch 2594, accuracy1+2+3 = 1
I0418 08:54:15.263831  6080 data_layer.cpp:128] Prefetch batch: 109 ms.
I0418 08:54:15.263831  6080 data_layer.cpp:129]      Read time: 0 ms.
I0418 08:54:15.263831  6080 data_layer.cpp:130] Transform time: 109.379 ms.
I0418 08:54:16.123237  7952 caffe.cpp:314] Batch 2595, accuracy1+2 = 1
I0418 08:54:16.123237  7952 caffe.cpp:314] Batch 2595, accuracy1+2+3 = 1
I0418 08:54:16.248239  6080 data_layer.cpp:128] Prefetch batch: 125 ms.
I0418 08:54:16.248239  6080 data_layer.cpp:129]      Read time: 93.755 ms.
I0418 08:54:16.248239  6080 data_layer.cpp:130] Transform time: 31.247 ms.
I0418 08:54:17.107650  7952 caffe.cpp:314] Batch 2596, accuracy1+2 = 1
I0418 08:54:17.107650  7952 caffe.cpp:314] Batch 2596, accuracy1+2+3 = 1
I0418 08:54:17.232656  6080 data_layer.cpp:128] Prefetch batch: 125 ms.
I0418 08:54:17.232656  6080 data_layer.cpp:129]      Read time: 78.136 ms.
I0418 08:54:17.232656  6080 data_layer.cpp:130] Transform time: 46.87 ms.
I0418 08:54:18.076436  7952 caffe.cpp:314] Batch 2597, accuracy1+2 = 1
I0418 08:54:18.076436  7952 caffe.cpp:314] Batch 2597, accuracy1+2+3 = 1
I0418 08:54:18.201445  6080 data_layer.cpp:128] Prefetch batch: 125 ms.
I0418 08:54:18.201445  6080 data_layer.cpp:129]      Read time: 93.758 ms.
I0418 08:54:18.201445  6080 data_layer.cpp:130] Transform time: 31.251 ms.
I0418 08:54:19.045223  7952 caffe.cpp:314] Batch 2598, accuracy1+2 = 0
I0418 08:54:19.045223  7952 caffe.cpp:314] Batch 2598, accuracy1+2+3 = 0
I0418 08:54:19.185854  6080 data_layer.cpp:128] Prefetch batch: 140 ms.
I0418 08:54:19.185854  6080 data_layer.cpp:129]      Read time: 93.761 ms.
I0418 08:54:19.185854  6080 data_layer.cpp:130] Transform time: 46.87 ms.
I0418 08:54:20.029644  7952 caffe.cpp:314] Batch 2599, accuracy1+2 = 1
I0418 08:54:20.029644  7952 caffe.cpp:314] Batch 2599, accuracy1+2+3 = 1
I0418 08:54:20.123390  6080 data_layer.cpp:128] Prefetch batch: 93 ms.
I0418 08:54:20.123390  6080 data_layer.cpp:129]      Read time: 0 ms.
I0418 08:54:20.123390  6080 data_layer.cpp:130] Transform time: 93.747 ms.
I0418 08:54:20.998432  7952 caffe.cpp:314] Batch 2600, accuracy1+2 = 1
I0418 08:54:20.998432  7952 caffe.cpp:314] Batch 2600, accuracy1+2+3 = 1
I0418 08:54:21.123431  6080 data_layer.cpp:128] Prefetch batch: 124 ms.
I0418 08:54:21.123431  6080 data_layer.cpp:129]      Read time: 93.747 ms.
I0418 08:54:21.123431  6080 data_layer.cpp:130] Transform time: 31.252 ms.
I0418 08:54:21.967214  7952 caffe.cpp:314] Batch 2601, accuracy1+2 = 1
I0418 08:54:21.967214  7952 caffe.cpp:314] Batch 2601, accuracy1+2+3 = 1
I0418 08:54:22.092217  6080 data_layer.cpp:128] Prefetch batch: 125 ms.
I0418 08:54:22.092217  6080 data_layer.cpp:129]      Read time: 93.76 ms.
I0418 08:54:22.092217  6080 data_layer.cpp:130] Transform time: 31.243 ms.
I0418 08:54:22.951630  7952 caffe.cpp:314] Batch 2602, accuracy1+2 = 1
I0418 08:54:22.951630  7952 caffe.cpp:314] Batch 2602, accuracy1+2+3 = 0
I0418 08:54:23.076634  6080 data_layer.cpp:128] Prefetch batch: 125 ms.
I0418 08:54:23.076634  6080 data_layer.cpp:129]      Read time: 93.751 ms.
I0418 08:54:23.076634  6080 data_layer.cpp:130] Transform time: 31.253 ms.
I0418 08:54:23.920413  7952 caffe.cpp:314] Batch 2603, accuracy1+2 = 1
I0418 08:54:23.920413  7952 caffe.cpp:314] Batch 2603, accuracy1+2+3 = 1
I0418 08:54:24.045425  6080 data_layer.cpp:128] Prefetch batch: 125 ms.
I0418 08:54:24.045425  6080 data_layer.cpp:129]      Read time: 93.754 ms.
I0418 08:54:24.045425  6080 data_layer.cpp:130] Transform time: 31.258 ms.
I0418 08:54:24.889209  7952 caffe.cpp:314] Batch 2604, accuracy1+2 = 1
I0418 08:54:24.889209  7952 caffe.cpp:314] Batch 2604, accuracy1+2+3 = 1
I0418 08:54:24.998582  6080 data_layer.cpp:128] Prefetch batch: 109 ms.
I0418 08:54:24.998582  6080 data_layer.cpp:129]      Read time: 0 ms.
I0418 08:54:24.998582  6080 data_layer.cpp:130] Transform time: 109.374 ms.
I0418 08:54:25.873620  7952 caffe.cpp:314] Batch 2605, accuracy1+2 = 1
I0418 08:54:25.873620  7952 caffe.cpp:314] Batch 2605, accuracy1+2+3 = 1
I0418 08:54:25.998618  6080 data_layer.cpp:128] Prefetch batch: 124 ms.
I0418 08:54:25.998618  6080 data_layer.cpp:129]      Read time: 93.751 ms.
I0418 08:54:25.998618  6080 data_layer.cpp:130] Transform time: 31.247 ms.
I0418 08:54:26.858032  7952 caffe.cpp:314] Batch 2606, accuracy1+2 = 1
I0418 08:54:26.858032  7952 caffe.cpp:314] Batch 2606, accuracy1+2+3 = 1
I0418 08:54:26.983047  6080 data_layer.cpp:128] Prefetch batch: 125 ms.
I0418 08:54:26.983047  6080 data_layer.cpp:129]      Read time: 78.125 ms.
I0418 08:54:26.983047  6080 data_layer.cpp:130] Transform time: 46.889 ms.
I0418 08:54:27.826822  7952 caffe.cpp:314] Batch 2607, accuracy1+2 = 0
I0418 08:54:27.826822  7952 caffe.cpp:314] Batch 2607, accuracy1+2+3 = 0
I0418 08:54:27.951829  6080 data_layer.cpp:128] Prefetch batch: 125 ms.
I0418 08:54:27.951829  6080 data_layer.cpp:129]      Read time: 93.751 ms.
I0418 08:54:27.951829  6080 data_layer.cpp:130] Transform time: 31.257 ms.
I0418 08:54:28.826864  7952 caffe.cpp:314] Batch 2608, accuracy1+2 = 1
I0418 08:54:28.826864  7952 caffe.cpp:314] Batch 2608, accuracy1+2+3 = 1
I0418 08:54:28.951861  6080 data_layer.cpp:128] Prefetch batch: 124 ms.
I0418 08:54:28.951861  6080 data_layer.cpp:129]      Read time: 93.758 ms.
I0418 08:54:28.951861  6080 data_layer.cpp:130] Transform time: 31.24 ms.
I0418 08:54:29.842514  7952 caffe.cpp:314] Batch 2609, accuracy1+2 = 1
I0418 08:54:29.842514  7952 caffe.cpp:314] Batch 2609, accuracy1+2+3 = 1
I0418 08:54:29.967517  6080 data_layer.cpp:128] Prefetch batch: 125 ms.
I0418 08:54:29.967517  6080 data_layer.cpp:129]      Read time: 78.136 ms.
I0418 08:54:29.967517  6080 data_layer.cpp:130] Transform time: 46.867 ms.
I0418 08:54:30.826937  7952 caffe.cpp:314] Batch 2610, accuracy1+2 = 1
I0418 08:54:30.826937  7952 caffe.cpp:314] Batch 2610, accuracy1+2+3 = 1
I0418 08:54:30.920688  6080 data_layer.cpp:128] Prefetch batch: 93 ms.
I0418 08:54:30.920688  6080 data_layer.cpp:129]      Read time: 0 ms.
I0418 08:54:30.920688  6080 data_layer.cpp:130] Transform time: 93.751 ms.
I0418 08:54:31.795730  7952 caffe.cpp:314] Batch 2611, accuracy1+2 = 1
I0418 08:54:31.795730  7952 caffe.cpp:314] Batch 2611, accuracy1+2+3 = 1
I0418 08:54:31.998859  6080 data_layer.cpp:128] Prefetch batch: 203 ms.
I0418 08:54:31.998859  6080 data_layer.cpp:129]      Read time: 171.88 ms.
I0418 08:54:31.998859  6080 data_layer.cpp:130] Transform time: 31.249 ms.
I0418 08:54:32.764513  7952 caffe.cpp:314] Batch 2612, accuracy1+2 = 1
I0418 08:54:32.764513  7952 caffe.cpp:314] Batch 2612, accuracy1+2+3 = 1
I0418 08:54:32.889518  6080 data_layer.cpp:128] Prefetch batch: 125 ms.
I0418 08:54:32.889518  6080 data_layer.cpp:129]      Read time: 93.76 ms.
I0418 08:54:32.889518  6080 data_layer.cpp:130] Transform time: 31.245 ms.
I0418 08:54:33.748931  7952 caffe.cpp:314] Batch 2613, accuracy1+2 = 1
I0418 08:54:33.748931  7952 caffe.cpp:314] Batch 2613, accuracy1+2+3 = 1
I0418 08:54:33.842684  6080 data_layer.cpp:128] Prefetch batch: 93 ms.
I0418 08:54:33.842684  6080 data_layer.cpp:129]      Read time: 0 ms.
I0418 08:54:33.842684  6080 data_layer.cpp:130] Transform time: 93.752 ms.
I0418 08:54:34.717722  7952 caffe.cpp:314] Batch 2614, accuracy1+2 = 1
I0418 08:54:34.717722  7952 caffe.cpp:314] Batch 2614, accuracy1+2+3 = 1
I0418 08:54:34.842720  6080 data_layer.cpp:128] Prefetch batch: 124 ms.
I0418 08:54:34.842720  6080 data_layer.cpp:129]      Read time: 93.75 ms.
I0418 08:54:34.842720  6080 data_layer.cpp:130] Transform time: 31.248 ms.
I0418 08:54:35.686499  7952 caffe.cpp:314] Batch 2615, accuracy1+2 = 1
I0418 08:54:35.686499  7952 caffe.cpp:314] Batch 2615, accuracy1+2+3 = 1
I0418 08:54:35.811508  6080 data_layer.cpp:128] Prefetch batch: 125 ms.
I0418 08:54:35.811508  6080 data_layer.cpp:129]      Read time: 93.757 ms.
I0418 08:54:35.811508  6080 data_layer.cpp:130] Transform time: 31.252 ms.
I0418 08:54:36.655292  7952 caffe.cpp:314] Batch 2616, accuracy1+2 = 1
I0418 08:54:36.670917  7952 caffe.cpp:314] Batch 2616, accuracy1+2+3 = 1
I0418 08:54:36.795918  6080 data_layer.cpp:128] Prefetch batch: 125 ms.
I0418 08:54:36.795918  6080 data_layer.cpp:129]      Read time: 78.13 ms.
I0418 08:54:36.795918  6080 data_layer.cpp:130] Transform time: 46.872 ms.
I0418 08:54:37.639706  7952 caffe.cpp:314] Batch 2617, accuracy1+2 = 1
I0418 08:54:37.639706  7952 caffe.cpp:314] Batch 2617, accuracy1+2+3 = 1
I0418 08:54:37.764721  6080 data_layer.cpp:128] Prefetch batch: 125 ms.
I0418 08:54:37.764721  6080 data_layer.cpp:129]      Read time: 93.756 ms.
I0418 08:54:37.764721  6080 data_layer.cpp:130] Transform time: 31.259 ms.
I0418 08:54:38.608496  7952 caffe.cpp:314] Batch 2618, accuracy1+2 = 1
I0418 08:54:38.608496  7952 caffe.cpp:314] Batch 2618, accuracy1+2+3 = 1
I0418 08:54:38.717878  6080 data_layer.cpp:128] Prefetch batch: 109 ms.
I0418 08:54:38.717878  6080 data_layer.cpp:129]      Read time: 0 ms.
I0418 08:54:38.717878  6080 data_layer.cpp:130] Transform time: 109.382 ms.
I0418 08:54:39.577280  7952 caffe.cpp:314] Batch 2619, accuracy1+2 = 1
I0418 08:54:39.577280  7952 caffe.cpp:314] Batch 2619, accuracy1+2+3 = 1
I0418 08:54:39.702283  6080 data_layer.cpp:128] Prefetch batch: 125 ms.
I0418 08:54:39.702283  6080 data_layer.cpp:129]      Read time: 93.753 ms.
I0418 08:54:39.702283  6080 data_layer.cpp:130] Transform time: 31.25 ms.
I0418 08:54:40.561697  7952 caffe.cpp:314] Batch 2620, accuracy1+2 = 1
I0418 08:54:40.561697  7952 caffe.cpp:314] Batch 2620, accuracy1+2+3 = 1
I0418 08:54:40.686703  6080 data_layer.cpp:128] Prefetch batch: 125 ms.
I0418 08:54:40.686703  6080 data_layer.cpp:129]      Read time: 78.125 ms.
I0418 08:54:40.686703  6080 data_layer.cpp:130] Transform time: 46.881 ms.
I0418 08:54:41.530481  7952 caffe.cpp:314] Batch 2621, accuracy1+2 = 1
I0418 08:54:41.530481  7952 caffe.cpp:314] Batch 2621, accuracy1+2+3 = 1
I0418 08:54:41.655491  6080 data_layer.cpp:128] Prefetch batch: 125 ms.
I0418 08:54:41.655491  6080 data_layer.cpp:129]      Read time: 93.759 ms.
I0418 08:54:41.655491  6080 data_layer.cpp:130] Transform time: 31.251 ms.
I0418 08:54:42.499274  7952 caffe.cpp:314] Batch 2622, accuracy1+2 = 1
I0418 08:54:42.499274  7952 caffe.cpp:314] Batch 2622, accuracy1+2+3 = 1
I0418 08:54:42.639904  6080 data_layer.cpp:128] Prefetch batch: 140 ms.
I0418 08:54:42.639904  6080 data_layer.cpp:129]      Read time: 93.756 ms.
I0418 08:54:42.639904  6080 data_layer.cpp:130] Transform time: 46.873 ms.
I0418 08:54:43.483685  7952 caffe.cpp:314] Batch 2623, accuracy1+2 = 1
I0418 08:54:43.483685  7952 caffe.cpp:314] Batch 2623, accuracy1+2+3 = 1
I0418 08:54:43.577440  6080 data_layer.cpp:128] Prefetch batch: 93 ms.
I0418 08:54:43.577440  6080 data_layer.cpp:129]      Read time: 0 ms.
I0418 08:54:43.577440  6080 data_layer.cpp:130] Transform time: 93.756 ms.
I0418 08:54:44.452476  7952 caffe.cpp:314] Batch 2624, accuracy1+2 = 1
I0418 08:54:44.452476  7952 caffe.cpp:314] Batch 2624, accuracy1+2+3 = 1
I0418 08:54:44.593097  6080 data_layer.cpp:128] Prefetch batch: 140 ms.
I0418 08:54:44.593097  6080 data_layer.cpp:129]      Read time: 93.746 ms.
I0418 08:54:44.593097  6080 data_layer.cpp:130] Transform time: 31.256 ms.
I0418 08:54:45.436885  7952 caffe.cpp:314] Batch 2625, accuracy1+2 = 1
I0418 08:54:45.436885  7952 caffe.cpp:314] Batch 2625, accuracy1+2+3 = 1
I0418 08:54:45.561889  6080 data_layer.cpp:128] Prefetch batch: 125 ms.
I0418 08:54:45.561889  6080 data_layer.cpp:129]      Read time: 46.874 ms.
I0418 08:54:45.561889  6080 data_layer.cpp:130] Transform time: 78.13 ms.
I0418 08:54:46.405676  7952 caffe.cpp:314] Batch 2626, accuracy1+2 = 1
I0418 08:54:46.405676  7952 caffe.cpp:314] Batch 2626, accuracy1+2+3 = 1
I0418 08:54:46.530678  6080 data_layer.cpp:128] Prefetch batch: 125 ms.
I0418 08:54:46.530678  6080 data_layer.cpp:129]      Read time: 78.127 ms.
I0418 08:54:46.530678  6080 data_layer.cpp:130] Transform time: 46.875 ms.
I0418 08:54:47.374462  7952 caffe.cpp:314] Batch 2627, accuracy1+2 = 1
I0418 08:54:47.374462  7952 caffe.cpp:314] Batch 2627, accuracy1+2+3 = 1
I0418 08:54:47.499467  6080 data_layer.cpp:128] Prefetch batch: 125 ms.
I0418 08:54:47.499467  6080 data_layer.cpp:129]      Read time: 46.873 ms.
I0418 08:54:47.499467  6080 data_layer.cpp:130] Transform time: 78.132 ms.
I0418 08:54:48.358876  7952 caffe.cpp:314] Batch 2628, accuracy1+2 = 1
I0418 08:54:48.358876  7952 caffe.cpp:314] Batch 2628, accuracy1+2+3 = 1
I0418 08:54:48.483883  6080 data_layer.cpp:128] Prefetch batch: 125 ms.
I0418 08:54:48.483883  6080 data_layer.cpp:129]      Read time: 78.131 ms.
I0418 08:54:48.483883  6080 data_layer.cpp:130] Transform time: 46.876 ms.
I0418 08:54:49.327661  7952 caffe.cpp:314] Batch 2629, accuracy1+2 = 1
I0418 08:54:49.327661  7952 caffe.cpp:314] Batch 2629, accuracy1+2+3 = 1
I0418 08:54:49.452667  6080 data_layer.cpp:128] Prefetch batch: 125 ms.
I0418 08:54:49.452667  6080 data_layer.cpp:129]      Read time: 93.761 ms.
I0418 08:54:49.452667  6080 data_layer.cpp:130] Transform time: 31.246 ms.
I0418 08:54:50.296452  7952 caffe.cpp:314] Batch 2630, accuracy1+2 = 1
I0418 08:54:50.296452  7952 caffe.cpp:314] Batch 2630, accuracy1+2+3 = 1
I0418 08:54:50.421453  6080 data_layer.cpp:128] Prefetch batch: 125 ms.
I0418 08:54:50.421453  6080 data_layer.cpp:129]      Read time: 93.754 ms.
I0418 08:54:50.421453  6080 data_layer.cpp:130] Transform time: 31.248 ms.
I0418 08:54:51.265242  7952 caffe.cpp:314] Batch 2631, accuracy1+2 = 1
I0418 08:54:51.265242  7952 caffe.cpp:314] Batch 2631, accuracy1+2+3 = 1
I0418 08:54:51.374619  6080 data_layer.cpp:128] Prefetch batch: 109 ms.
I0418 08:54:51.374619  6080 data_layer.cpp:129]      Read time: 0 ms.
I0418 08:54:51.374619  6080 data_layer.cpp:130] Transform time: 109.377 ms.
I0418 08:54:52.249653  7952 caffe.cpp:314] Batch 2632, accuracy1+2 = 1
I0418 08:54:52.249653  7952 caffe.cpp:314] Batch 2632, accuracy1+2+3 = 1
I0418 08:54:52.374661  6080 data_layer.cpp:128] Prefetch batch: 125 ms.
I0418 08:54:52.374661  6080 data_layer.cpp:129]      Read time: 78.125 ms.
I0418 08:54:52.374661  6080 data_layer.cpp:130] Transform time: 46.883 ms.
I0418 08:54:53.218439  7952 caffe.cpp:314] Batch 2633, accuracy1+2 = 1
I0418 08:54:53.218439  7952 caffe.cpp:314] Batch 2633, accuracy1+2+3 = 1
I0418 08:54:53.343448  6080 data_layer.cpp:128] Prefetch batch: 125 ms.
I0418 08:54:53.343448  6080 data_layer.cpp:129]      Read time: 93.755 ms.
I0418 08:54:53.343448  6080 data_layer.cpp:130] Transform time: 31.254 ms.
I0418 08:54:54.187225  7952 caffe.cpp:314] Batch 2634, accuracy1+2 = 1
I0418 08:54:54.187225  7952 caffe.cpp:314] Batch 2634, accuracy1+2+3 = 1
I0418 08:54:54.312237  6080 data_layer.cpp:128] Prefetch batch: 125 ms.
I0418 08:54:54.312237  6080 data_layer.cpp:129]      Read time: 93.756 ms.
I0418 08:54:54.312237  6080 data_layer.cpp:130] Transform time: 31.255 ms.
I0418 08:54:55.156018  7952 caffe.cpp:314] Batch 2635, accuracy1+2 = 1
I0418 08:54:55.156018  7952 caffe.cpp:314] Batch 2635, accuracy1+2+3 = 1
I0418 08:54:55.265398  6080 data_layer.cpp:128] Prefetch batch: 109 ms.
I0418 08:54:55.265398  6080 data_layer.cpp:129]      Read time: 15.626 ms.
I0418 08:54:55.265398  6080 data_layer.cpp:130] Transform time: 93.753 ms.
I0418 08:54:56.140429  7952 caffe.cpp:314] Batch 2636, accuracy1+2 = 1
I0418 08:54:56.140429  7952 caffe.cpp:314] Batch 2636, accuracy1+2+3 = 1
I0418 08:54:56.265434  6080 data_layer.cpp:128] Prefetch batch: 125 ms.
I0418 08:54:56.265434  6080 data_layer.cpp:129]      Read time: 93.764 ms.
I0418 08:54:56.265434  6080 data_layer.cpp:130] Transform time: 31.241 ms.
I0418 08:54:57.124847  7952 caffe.cpp:314] Batch 2637, accuracy1+2 = 1
I0418 08:54:57.124847  7952 caffe.cpp:314] Batch 2637, accuracy1+2+3 = 1
I0418 08:54:57.249852  6080 data_layer.cpp:128] Prefetch batch: 125 ms.
I0418 08:54:57.249852  6080 data_layer.cpp:129]      Read time: 78.13 ms.
I0418 08:54:57.249852  6080 data_layer.cpp:130] Transform time: 46.875 ms.
I0418 08:54:58.093629  7952 caffe.cpp:314] Batch 2638, accuracy1+2 = 1
I0418 08:54:58.093629  7952 caffe.cpp:314] Batch 2638, accuracy1+2+3 = 1
I0418 08:54:58.218637  6080 data_layer.cpp:128] Prefetch batch: 125 ms.
I0418 08:54:58.218637  6080 data_layer.cpp:129]      Read time: 93.758 ms.
I0418 08:54:58.218637  6080 data_layer.cpp:130] Transform time: 31.25 ms.
I0418 08:54:59.062420  7952 caffe.cpp:314] Batch 2639, accuracy1+2 = 1
I0418 08:54:59.062420  7952 caffe.cpp:314] Batch 2639, accuracy1+2+3 = 1
I0418 08:54:59.187428  6080 data_layer.cpp:128] Prefetch batch: 125 ms.
I0418 08:54:59.187428  6080 data_layer.cpp:129]      Read time: 93.752 ms.
I0418 08:54:59.187428  6080 data_layer.cpp:130] Transform time: 31.256 ms.
I0418 08:55:00.046882  7952 caffe.cpp:314] Batch 2640, accuracy1+2 = 1
I0418 08:55:00.046882  7952 caffe.cpp:314] Batch 2640, accuracy1+2+3 = 1
I0418 08:55:00.140578  6080 data_layer.cpp:128] Prefetch batch: 93 ms.
I0418 08:55:00.140578  6080 data_layer.cpp:129]      Read time: 0 ms.
I0418 08:55:00.140578  6080 data_layer.cpp:130] Transform time: 93.696 ms.
I0418 08:55:01.031252  7952 caffe.cpp:314] Batch 2641, accuracy1+2 = 1
I0418 08:55:01.031252  7952 caffe.cpp:314] Batch 2641, accuracy1+2+3 = 1
I0418 08:55:01.156253  6080 data_layer.cpp:128] Prefetch batch: 125 ms.
I0418 08:55:01.156253  6080 data_layer.cpp:129]      Read time: 93.75 ms.
I0418 08:55:01.156253  6080 data_layer.cpp:130] Transform time: 31.251 ms.
I0418 08:55:02.000036  7952 caffe.cpp:314] Batch 2642, accuracy1+2 = 1
I0418 08:55:02.000036  7952 caffe.cpp:314] Batch 2642, accuracy1+2+3 = 1
I0418 08:55:02.140667  6080 data_layer.cpp:128] Prefetch batch: 140 ms.
I0418 08:55:02.140667  6080 data_layer.cpp:129]      Read time: 93.751 ms.
I0418 08:55:02.140667  6080 data_layer.cpp:130] Transform time: 46.881 ms.
I0418 08:55:02.984450  7952 caffe.cpp:314] Batch 2643, accuracy1+2 = 1
I0418 08:55:02.984450  7952 caffe.cpp:314] Batch 2643, accuracy1+2+3 = 1
I0418 08:55:03.109452  6080 data_layer.cpp:128] Prefetch batch: 125 ms.
I0418 08:55:03.109452  6080 data_layer.cpp:129]      Read time: 93.751 ms.
I0418 08:55:03.109452  6080 data_layer.cpp:130] Transform time: 31.25 ms.
I0418 08:55:03.968858  7952 caffe.cpp:314] Batch 2644, accuracy1+2 = 1
I0418 08:55:03.968858  7952 caffe.cpp:314] Batch 2644, accuracy1+2+3 = 1
I0418 08:55:04.093874  6080 data_layer.cpp:128] Prefetch batch: 125 ms.
I0418 08:55:04.093874  6080 data_layer.cpp:129]      Read time: 93.762 ms.
I0418 08:55:04.093874  6080 data_layer.cpp:130] Transform time: 31.254 ms.
I0418 08:55:04.953277  7952 caffe.cpp:314] Batch 2645, accuracy1+2 = 1
I0418 08:55:04.953277  7952 caffe.cpp:314] Batch 2645, accuracy1+2+3 = 1
I0418 08:55:05.047030  6080 data_layer.cpp:128] Prefetch batch: 93 ms.
I0418 08:55:05.047030  6080 data_layer.cpp:129]      Read time: 0 ms.
I0418 08:55:05.047030  6080 data_layer.cpp:130] Transform time: 93.753 ms.
I0418 08:55:05.968930  7952 caffe.cpp:314] Batch 2646, accuracy1+2 = 1
I0418 08:55:05.968930  7952 caffe.cpp:314] Batch 2646, accuracy1+2+3 = 1
I0418 08:55:06.093946  6080 data_layer.cpp:128] Prefetch batch: 125 ms.
I0418 08:55:06.093946  6080 data_layer.cpp:129]      Read time: 78.13 ms.
I0418 08:55:06.093946  6080 data_layer.cpp:130] Transform time: 46.887 ms.
I0418 08:55:06.968971  7952 caffe.cpp:314] Batch 2647, accuracy1+2 = 1
I0418 08:55:06.968971  7952 caffe.cpp:314] Batch 2647, accuracy1+2+3 = 1
I0418 08:55:07.093986  6080 data_layer.cpp:128] Prefetch batch: 125 ms.
I0418 08:55:07.093986  6080 data_layer.cpp:129]      Read time: 93.773 ms.
I0418 08:55:07.093986  6080 data_layer.cpp:130] Transform time: 31.242 ms.
I0418 08:55:07.953397  7952 caffe.cpp:314] Batch 2648, accuracy1+2 = 1
I0418 08:55:07.953397  7952 caffe.cpp:314] Batch 2648, accuracy1+2+3 = 1
I0418 08:55:08.078398  6080 data_layer.cpp:128] Prefetch batch: 125 ms.
I0418 08:55:08.078398  6080 data_layer.cpp:129]      Read time: 93.756 ms.
I0418 08:55:08.078398  6080 data_layer.cpp:130] Transform time: 31.246 ms.
I0418 08:55:08.922176  7952 caffe.cpp:314] Batch 2649, accuracy1+2 = 1
I0418 08:55:08.922176  7952 caffe.cpp:314] Batch 2649, accuracy1+2+3 = 1
I0418 08:55:09.047193  6080 data_layer.cpp:128] Prefetch batch: 125 ms.
I0418 08:55:09.047193  6080 data_layer.cpp:129]      Read time: 93.754 ms.
I0418 08:55:09.047193  6080 data_layer.cpp:130] Transform time: 31.262 ms.
I0418 08:55:09.906594  7952 caffe.cpp:314] Batch 2650, accuracy1+2 = 1
I0418 08:55:09.906594  7952 caffe.cpp:314] Batch 2650, accuracy1+2+3 = 1
I0418 08:55:10.000350  6080 data_layer.cpp:128] Prefetch batch: 93 ms.
I0418 08:55:10.000350  6080 data_layer.cpp:129]      Read time: 0 ms.
I0418 08:55:10.000350  6080 data_layer.cpp:130] Transform time: 93.757 ms.
I0418 08:55:10.875385  7952 caffe.cpp:314] Batch 2651, accuracy1+2 = 1
I0418 08:55:10.875385  7952 caffe.cpp:314] Batch 2651, accuracy1+2+3 = 1
I0418 08:55:11.000386  6080 data_layer.cpp:128] Prefetch batch: 125 ms.
I0418 08:55:11.000386  6080 data_layer.cpp:129]      Read time: 93.749 ms.
I0418 08:55:11.000386  6080 data_layer.cpp:130] Transform time: 31.252 ms.
I0418 08:55:11.859796  7952 caffe.cpp:314] Batch 2652, accuracy1+2 = 1
I0418 08:55:11.859796  7952 caffe.cpp:314] Batch 2652, accuracy1+2+3 = 1
I0418 08:55:11.984805  6080 data_layer.cpp:128] Prefetch batch: 125 ms.
I0418 08:55:11.984805  6080 data_layer.cpp:129]      Read time: 93.757 ms.
I0418 08:55:11.984805  6080 data_layer.cpp:130] Transform time: 31.253 ms.
I0418 08:55:12.844211  7952 caffe.cpp:314] Batch 2653, accuracy1+2 = 1
I0418 08:55:12.844211  7952 caffe.cpp:314] Batch 2653, accuracy1+2+3 = 1
I0418 08:55:12.969213  6080 data_layer.cpp:128] Prefetch batch: 125 ms.
I0418 08:55:12.969213  6080 data_layer.cpp:129]      Read time: 78.125 ms.
I0418 08:55:12.969213  6080 data_layer.cpp:130] Transform time: 46.876 ms.
I0418 08:55:13.812995  7952 caffe.cpp:314] Batch 2654, accuracy1+2 = 1
I0418 08:55:13.812995  7952 caffe.cpp:314] Batch 2654, accuracy1+2+3 = 1
I0418 08:55:13.922377  6080 data_layer.cpp:128] Prefetch batch: 109 ms.
I0418 08:55:13.922377  6080 data_layer.cpp:129]      Read time: 0 ms.
I0418 08:55:13.922377  6080 data_layer.cpp:130] Transform time: 109.382 ms.
I0418 08:55:14.797410  7952 caffe.cpp:314] Batch 2655, accuracy1+2 = 1
I0418 08:55:14.797410  7952 caffe.cpp:314] Batch 2655, accuracy1+2+3 = 1
I0418 08:55:14.922415  6080 data_layer.cpp:128] Prefetch batch: 125 ms.
I0418 08:55:14.922415  6080 data_layer.cpp:129]      Read time: 93.761 ms.
I0418 08:55:14.922415  6080 data_layer.cpp:130] Transform time: 31.245 ms.
I0418 08:55:15.781826  7952 caffe.cpp:314] Batch 2656, accuracy1+2 = 1
I0418 08:55:15.781826  7952 caffe.cpp:314] Batch 2656, accuracy1+2+3 = 1
I0418 08:55:15.906831  6080 data_layer.cpp:128] Prefetch batch: 125 ms.
I0418 08:55:15.906831  6080 data_layer.cpp:129]      Read time: 93.755 ms.
I0418 08:55:15.906831  6080 data_layer.cpp:130] Transform time: 31.251 ms.
I0418 08:55:16.750618  7952 caffe.cpp:314] Batch 2657, accuracy1+2 = 1
I0418 08:55:16.750618  7952 caffe.cpp:314] Batch 2657, accuracy1+2+3 = 1
I0418 08:55:16.859994  6080 data_layer.cpp:128] Prefetch batch: 109 ms.
I0418 08:55:16.859994  6080 data_layer.cpp:129]      Read time: 0 ms.
I0418 08:55:16.859994  6080 data_layer.cpp:130] Transform time: 109.376 ms.
I0418 08:55:17.735023  7952 caffe.cpp:314] Batch 2658, accuracy1+2 = 1
I0418 08:55:17.735023  7952 caffe.cpp:314] Batch 2658, accuracy1+2+3 = 1
I0418 08:55:17.860029  6080 data_layer.cpp:128] Prefetch batch: 125 ms.
I0418 08:55:17.860029  6080 data_layer.cpp:129]      Read time: 78.131 ms.
I0418 08:55:17.860029  6080 data_layer.cpp:130] Transform time: 46.876 ms.
I0418 08:55:18.703814  7952 caffe.cpp:314] Batch 2659, accuracy1+2 = 1
I0418 08:55:18.703814  7952 caffe.cpp:314] Batch 2659, accuracy1+2+3 = 1
I0418 08:55:18.828819  6080 data_layer.cpp:128] Prefetch batch: 125 ms.
I0418 08:55:18.828819  6080 data_layer.cpp:129]      Read time: 93.754 ms.
I0418 08:55:18.828819  6080 data_layer.cpp:130] Transform time: 31.252 ms.
I0418 08:55:19.688235  7952 caffe.cpp:314] Batch 2660, accuracy1+2 = 1
I0418 08:55:19.688235  7952 caffe.cpp:314] Batch 2660, accuracy1+2+3 = 1
I0418 08:55:19.813233  6080 data_layer.cpp:128] Prefetch batch: 124 ms.
I0418 08:55:19.813233  6080 data_layer.cpp:129]      Read time: 93.746 ms.
I0418 08:55:19.813233  6080 data_layer.cpp:130] Transform time: 31.253 ms.
I0418 08:55:20.657019  7952 caffe.cpp:314] Batch 2661, accuracy1+2 = 1
I0418 08:55:20.657019  7952 caffe.cpp:314] Batch 2661, accuracy1+2+3 = 1
I0418 08:55:20.766396  6080 data_layer.cpp:128] Prefetch batch: 109 ms.
I0418 08:55:20.766396  6080 data_layer.cpp:129]      Read time: 15.623 ms.
I0418 08:55:20.766396  6080 data_layer.cpp:130] Transform time: 93.753 ms.
I0418 08:55:21.641430  7952 caffe.cpp:314] Batch 2662, accuracy1+2 = 0
I0418 08:55:21.641430  7952 caffe.cpp:314] Batch 2662, accuracy1+2+3 = 1
I0418 08:55:21.766438  6080 data_layer.cpp:128] Prefetch batch: 125 ms.
I0418 08:55:21.766438  6080 data_layer.cpp:129]      Read time: 93.753 ms.
I0418 08:55:21.766438  6080 data_layer.cpp:130] Transform time: 31.254 ms.
I0418 08:55:22.625846  7952 caffe.cpp:314] Batch 2663, accuracy1+2 = 1
I0418 08:55:22.625846  7952 caffe.cpp:314] Batch 2663, accuracy1+2+3 = 1
I0418 08:55:22.750857  6080 data_layer.cpp:128] Prefetch batch: 125 ms.
I0418 08:55:22.750857  6080 data_layer.cpp:129]      Read time: 78.127 ms.
I0418 08:55:22.750857  6080 data_layer.cpp:130] Transform time: 46.884 ms.
I0418 08:55:23.594632  7952 caffe.cpp:314] Batch 2664, accuracy1+2 = 1
I0418 08:55:23.594632  7952 caffe.cpp:314] Batch 2664, accuracy1+2+3 = 1
I0418 08:55:23.719645  6080 data_layer.cpp:128] Prefetch batch: 125 ms.
I0418 08:55:23.719645  6080 data_layer.cpp:129]      Read time: 93.759 ms.
I0418 08:55:23.719645  6080 data_layer.cpp:130] Transform time: 31.253 ms.
I0418 08:55:24.563411  7952 caffe.cpp:314] Batch 2665, accuracy1+2 = 1
I0418 08:55:24.563411  7952 caffe.cpp:314] Batch 2665, accuracy1+2+3 = 1
I0418 08:55:24.672798  6080 data_layer.cpp:128] Prefetch batch: 109 ms.
I0418 08:55:24.672798  6080 data_layer.cpp:129]      Read time: 0 ms.
I0418 08:55:24.672798  6080 data_layer.cpp:130] Transform time: 109.387 ms.
I0418 08:55:25.532215  7952 caffe.cpp:314] Batch 2666, accuracy1+2 = 1
I0418 08:55:25.532215  7952 caffe.cpp:314] Batch 2666, accuracy1+2+3 = 1
I0418 08:55:25.672837  6080 data_layer.cpp:128] Prefetch batch: 140 ms.
I0418 08:55:25.672837  6080 data_layer.cpp:129]      Read time: 93.75 ms.
I0418 08:55:25.672837  6080 data_layer.cpp:130] Transform time: 31.246 ms.
I0418 08:55:26.516628  7952 caffe.cpp:314] Batch 2667, accuracy1+2 = 1
I0418 08:55:26.516628  7952 caffe.cpp:314] Batch 2667, accuracy1+2+3 = 1
I0418 08:55:26.641628  6080 data_layer.cpp:128] Prefetch batch: 125 ms.
I0418 08:55:26.641628  6080 data_layer.cpp:129]      Read time: 93.749 ms.
I0418 08:55:26.641628  6080 data_layer.cpp:130] Transform time: 31.251 ms.
I0418 08:55:27.501032  7952 caffe.cpp:314] Batch 2668, accuracy1+2 = 1
I0418 08:55:27.501032  7952 caffe.cpp:314] Batch 2668, accuracy1+2+3 = 1
I0418 08:55:27.626040  6080 data_layer.cpp:128] Prefetch batch: 125 ms.
I0418 08:55:27.626040  6080 data_layer.cpp:129]      Read time: 78.141 ms.
I0418 08:55:27.626040  6080 data_layer.cpp:130] Transform time: 46.867 ms.
I0418 08:55:28.469831  7952 caffe.cpp:314] Batch 2669, accuracy1+2 = 0
I0418 08:55:28.469831  7952 caffe.cpp:314] Batch 2669, accuracy1+2+3 = 0
I0418 08:55:28.579201  6080 data_layer.cpp:128] Prefetch batch: 109 ms.
I0418 08:55:28.579201  6080 data_layer.cpp:129]      Read time: 0 ms.
I0418 08:55:28.579201  6080 data_layer.cpp:130] Transform time: 109.37 ms.
I0418 08:55:29.438611  7952 caffe.cpp:314] Batch 2670, accuracy1+2 = 1
I0418 08:55:29.438611  7952 caffe.cpp:314] Batch 2670, accuracy1+2+3 = 1
I0418 08:55:29.563616  6080 data_layer.cpp:128] Prefetch batch: 125 ms.
I0418 08:55:29.563616  6080 data_layer.cpp:129]      Read time: 93.751 ms.
I0418 08:55:29.563616  6080 data_layer.cpp:130] Transform time: 31.254 ms.
I0418 08:55:30.423027  7952 caffe.cpp:314] Batch 2671, accuracy1+2 = 1
I0418 08:55:30.423027  7952 caffe.cpp:314] Batch 2671, accuracy1+2+3 = 1
I0418 08:55:30.548029  6080 data_layer.cpp:128] Prefetch batch: 125 ms.
I0418 08:55:30.548029  6080 data_layer.cpp:129]      Read time: 78.127 ms.
I0418 08:55:30.548029  6080 data_layer.cpp:130] Transform time: 46.875 ms.
I0418 08:55:31.391819  7952 caffe.cpp:314] Batch 2672, accuracy1+2 = 1
I0418 08:55:31.391819  7952 caffe.cpp:314] Batch 2672, accuracy1+2+3 = 1
I0418 08:55:31.516827  6080 data_layer.cpp:128] Prefetch batch: 125 ms.
I0418 08:55:31.516827  6080 data_layer.cpp:129]      Read time: 93.752 ms.
I0418 08:55:31.516827  6080 data_layer.cpp:130] Transform time: 31.257 ms.
I0418 08:55:32.360605  7952 caffe.cpp:314] Batch 2673, accuracy1+2 = 1
I0418 08:55:32.360605  7952 caffe.cpp:314] Batch 2673, accuracy1+2+3 = 1
I0418 08:55:32.485610  6080 data_layer.cpp:128] Prefetch batch: 125 ms.
I0418 08:55:32.485610  6080 data_layer.cpp:129]      Read time: 93.754 ms.
I0418 08:55:32.485610  6080 data_layer.cpp:130] Transform time: 31.251 ms.
I0418 08:55:33.329391  7952 caffe.cpp:314] Batch 2674, accuracy1+2 = 1
I0418 08:55:33.329391  7952 caffe.cpp:314] Batch 2674, accuracy1+2+3 = 1
I0418 08:55:33.470019  6080 data_layer.cpp:128] Prefetch batch: 140 ms.
I0418 08:55:33.470019  6080 data_layer.cpp:129]      Read time: 93.756 ms.
I0418 08:55:33.470019  6080 data_layer.cpp:130] Transform time: 46.872 ms.
I0418 08:55:34.313801  7952 caffe.cpp:314] Batch 2675, accuracy1+2 = 1
I0418 08:55:34.313801  7952 caffe.cpp:314] Batch 2675, accuracy1+2+3 = 0
I0418 08:55:34.407559  6080 data_layer.cpp:128] Prefetch batch: 93 ms.
I0418 08:55:34.407559  6080 data_layer.cpp:129]      Read time: 0 ms.
I0418 08:55:34.407559  6080 data_layer.cpp:130] Transform time: 93.759 ms.
I0418 08:55:35.282593  7952 caffe.cpp:314] Batch 2676, accuracy1+2 = 1
I0418 08:55:35.282593  7952 caffe.cpp:314] Batch 2676, accuracy1+2+3 = 1
I0418 08:55:35.407598  6080 data_layer.cpp:128] Prefetch batch: 125 ms.
I0418 08:55:35.407598  6080 data_layer.cpp:129]      Read time: 93.755 ms.
I0418 08:55:35.407598  6080 data_layer.cpp:130] Transform time: 31.25 ms.
I0418 08:55:36.251384  7952 caffe.cpp:314] Batch 2677, accuracy1+2 = 1
I0418 08:55:36.251384  7952 caffe.cpp:314] Batch 2677, accuracy1+2+3 = 1
I0418 08:55:36.392012  6080 data_layer.cpp:128] Prefetch batch: 140 ms.
I0418 08:55:36.392012  6080 data_layer.cpp:129]      Read time: 93.748 ms.
I0418 08:55:36.392012  6080 data_layer.cpp:130] Transform time: 46.881 ms.
I0418 08:55:37.235796  7952 caffe.cpp:314] Batch 2678, accuracy1+2 = 1
I0418 08:55:37.235796  7952 caffe.cpp:314] Batch 2678, accuracy1+2+3 = 1
I0418 08:55:37.360800  6080 data_layer.cpp:128] Prefetch batch: 125 ms.
I0418 08:55:37.360800  6080 data_layer.cpp:129]      Read time: 93.748 ms.
I0418 08:55:37.360800  6080 data_layer.cpp:130] Transform time: 31.255 ms.
I0418 08:55:38.204579  7952 caffe.cpp:314] Batch 2679, accuracy1+2 = 1
I0418 08:55:38.204579  7952 caffe.cpp:314] Batch 2679, accuracy1+2+3 = 1
I0418 08:55:38.329591  6080 data_layer.cpp:128] Prefetch batch: 125 ms.
I0418 08:55:38.329591  6080 data_layer.cpp:129]      Read time: 93.756 ms.
I0418 08:55:38.329591  6080 data_layer.cpp:130] Transform time: 31.255 ms.
I0418 08:55:39.188997  7952 caffe.cpp:314] Batch 2680, accuracy1+2 = 1
I0418 08:55:39.188997  7952 caffe.cpp:314] Batch 2680, accuracy1+2+3 = 1
I0418 08:55:39.314002  6080 data_layer.cpp:128] Prefetch batch: 125 ms.
I0418 08:55:39.314002  6080 data_layer.cpp:129]      Read time: 78.123 ms.
I0418 08:55:39.314002  6080 data_layer.cpp:130] Transform time: 46.881 ms.
I0418 08:55:40.157788  7952 caffe.cpp:314] Batch 2681, accuracy1+2 = 1
I0418 08:55:40.157788  7952 caffe.cpp:314] Batch 2681, accuracy1+2+3 = 1
I0418 08:55:40.267159  6080 data_layer.cpp:128] Prefetch batch: 109 ms.
I0418 08:55:40.267159  6080 data_layer.cpp:129]      Read time: 0 ms.
I0418 08:55:40.267159  6080 data_layer.cpp:130] Transform time: 109.372 ms.
I0418 08:55:41.142196  7952 caffe.cpp:314] Batch 2682, accuracy1+2 = 1
I0418 08:55:41.142196  7952 caffe.cpp:314] Batch 2682, accuracy1+2+3 = 1
I0418 08:55:41.267202  6080 data_layer.cpp:128] Prefetch batch: 125 ms.
I0418 08:55:41.267202  6080 data_layer.cpp:129]      Read time: 78.131 ms.
I0418 08:55:41.267202  6080 data_layer.cpp:130] Transform time: 46.875 ms.
I0418 08:55:42.110983  7952 caffe.cpp:314] Batch 2683, accuracy1+2 = 1
I0418 08:55:42.110983  7952 caffe.cpp:314] Batch 2683, accuracy1+2+3 = 1
I0418 08:55:42.235980  6080 data_layer.cpp:128] Prefetch batch: 124 ms.
I0418 08:55:42.235980  6080 data_layer.cpp:129]      Read time: 93.745 ms.
I0418 08:55:42.235980  6080 data_layer.cpp:130] Transform time: 31.251 ms.
I0418 08:55:43.111021  7952 caffe.cpp:314] Batch 2684, accuracy1+2 = 1
I0418 08:55:43.111021  7952 caffe.cpp:314] Batch 2684, accuracy1+2+3 = 1
I0418 08:55:43.236016  6080 data_layer.cpp:128] Prefetch batch: 124 ms.
I0418 08:55:43.236016  6080 data_layer.cpp:129]      Read time: 93.746 ms.
I0418 08:55:43.236016  6080 data_layer.cpp:130] Transform time: 31.249 ms.
I0418 08:55:44.126691  7952 caffe.cpp:314] Batch 2685, accuracy1+2 = 1
I0418 08:55:44.126691  7952 caffe.cpp:314] Batch 2685, accuracy1+2+3 = 1
I0418 08:55:44.220444  6080 data_layer.cpp:128] Prefetch batch: 93 ms.
I0418 08:55:44.220444  6080 data_layer.cpp:129]      Read time: 0 ms.
I0418 08:55:44.220444  6080 data_layer.cpp:130] Transform time: 93.753 ms.
I0418 08:55:45.095479  7952 caffe.cpp:314] Batch 2686, accuracy1+2 = 0
I0418 08:55:45.095479  7952 caffe.cpp:314] Batch 2686, accuracy1+2+3 = 0
I0418 08:55:45.220479  6080 data_layer.cpp:128] Prefetch batch: 125 ms.
I0418 08:55:45.220479  6080 data_layer.cpp:129]      Read time: 93.76 ms.
I0418 08:55:45.220479  6080 data_layer.cpp:130] Transform time: 31.241 ms.
I0418 08:55:46.064267  7952 caffe.cpp:314] Batch 2687, accuracy1+2 = 1
I0418 08:55:46.064267  7952 caffe.cpp:314] Batch 2687, accuracy1+2+3 = 1
I0418 08:55:46.189265  6080 data_layer.cpp:128] Prefetch batch: 124 ms.
I0418 08:55:46.189265  6080 data_layer.cpp:129]      Read time: 93.749 ms.
I0418 08:55:46.189265  6080 data_layer.cpp:130] Transform time: 31.249 ms.
I0418 08:55:47.048672  7952 caffe.cpp:314] Batch 2688, accuracy1+2 = 1
I0418 08:55:47.048672  7952 caffe.cpp:314] Batch 2688, accuracy1+2+3 = 1
I0418 08:55:47.173681  6080 data_layer.cpp:128] Prefetch batch: 125 ms.
I0418 08:55:47.173681  6080 data_layer.cpp:129]      Read time: 78.138 ms.
I0418 08:55:47.173681  6080 data_layer.cpp:130] Transform time: 46.87 ms.
I0418 08:55:48.017462  7952 caffe.cpp:314] Batch 2689, accuracy1+2 = 1
I0418 08:55:48.017462  7952 caffe.cpp:314] Batch 2689, accuracy1+2+3 = 1
I0418 08:55:48.142474  6080 data_layer.cpp:128] Prefetch batch: 125 ms.
I0418 08:55:48.142474  6080 data_layer.cpp:129]      Read time: 93.754 ms.
I0418 08:55:48.142474  6080 data_layer.cpp:130] Transform time: 31.258 ms.
I0418 08:55:48.986250  7952 caffe.cpp:314] Batch 2690, accuracy1+2 = 1
I0418 08:55:48.986250  7952 caffe.cpp:314] Batch 2690, accuracy1+2+3 = 1
I0418 08:55:49.111259  6080 data_layer.cpp:128] Prefetch batch: 125 ms.
I0418 08:55:49.111259  6080 data_layer.cpp:129]      Read time: 93.759 ms.
I0418 08:55:49.111259  6080 data_layer.cpp:130] Transform time: 31.25 ms.
I0418 08:55:49.970667  7952 caffe.cpp:314] Batch 2691, accuracy1+2 = 1
I0418 08:55:49.970667  7952 caffe.cpp:314] Batch 2691, accuracy1+2+3 = 1
I0418 08:55:50.064421  6080 data_layer.cpp:128] Prefetch batch: 93 ms.
I0418 08:55:50.064421  6080 data_layer.cpp:129]      Read time: 0 ms.
I0418 08:55:50.064421  6080 data_layer.cpp:130] Transform time: 93.754 ms.
I0418 08:55:50.939458  7952 caffe.cpp:314] Batch 2692, accuracy1+2 = 1
I0418 08:55:50.939458  7952 caffe.cpp:314] Batch 2692, accuracy1+2+3 = 1
I0418 08:55:51.064465  6080 data_layer.cpp:128] Prefetch batch: 125 ms.
I0418 08:55:51.064465  6080 data_layer.cpp:129]      Read time: 93.753 ms.
I0418 08:55:51.064465  6080 data_layer.cpp:130] Transform time: 31.253 ms.
I0418 08:55:51.908241  7952 caffe.cpp:314] Batch 2693, accuracy1+2 = 1
I0418 08:55:51.908241  7952 caffe.cpp:314] Batch 2693, accuracy1+2+3 = 1
I0418 08:55:52.033246  6080 data_layer.cpp:128] Prefetch batch: 125 ms.
I0418 08:55:52.033246  6080 data_layer.cpp:129]      Read time: 93.754 ms.
I0418 08:55:52.033246  6080 data_layer.cpp:130] Transform time: 31.25 ms.
I0418 08:55:52.877035  7952 caffe.cpp:314] Batch 2694, accuracy1+2 = 1
I0418 08:55:52.877035  7952 caffe.cpp:314] Batch 2694, accuracy1+2+3 = 1
I0418 08:55:53.002041  6080 data_layer.cpp:128] Prefetch batch: 125 ms.
I0418 08:55:53.002041  6080 data_layer.cpp:129]      Read time: 93.746 ms.
I0418 08:55:53.002041  6080 data_layer.cpp:130] Transform time: 31.26 ms.
I0418 08:55:53.861446  7952 caffe.cpp:314] Batch 2695, accuracy1+2 = 1
I0418 08:55:53.861446  7952 caffe.cpp:314] Batch 2695, accuracy1+2+3 = 1
I0418 08:55:53.986448  6080 data_layer.cpp:128] Prefetch batch: 125 ms.
I0418 08:55:53.986448  6080 data_layer.cpp:129]      Read time: 78.131 ms.
I0418 08:55:53.986448  6080 data_layer.cpp:130] Transform time: 46.87 ms.
I0418 08:55:54.830236  7952 caffe.cpp:314] Batch 2696, accuracy1+2 = 1
I0418 08:55:54.830236  7952 caffe.cpp:314] Batch 2696, accuracy1+2+3 = 1
I0418 08:55:54.939610  6080 data_layer.cpp:128] Prefetch batch: 109 ms.
I0418 08:55:54.939610  6080 data_layer.cpp:129]      Read time: 0 ms.
I0418 08:55:54.939610  6080 data_layer.cpp:130] Transform time: 109.374 ms.
I0418 08:55:55.799022  7952 caffe.cpp:314] Batch 2697, accuracy1+2 = 1
I0418 08:55:55.799022  7952 caffe.cpp:314] Batch 2697, accuracy1+2+3 = 1
I0418 08:55:55.924026  6080 data_layer.cpp:128] Prefetch batch: 125 ms.
I0418 08:55:55.924026  6080 data_layer.cpp:129]      Read time: 93.756 ms.
I0418 08:55:55.924026  6080 data_layer.cpp:130] Transform time: 31.248 ms.
I0418 08:55:56.783444  7952 caffe.cpp:314] Batch 2698, accuracy1+2 = 1
I0418 08:55:56.783444  7952 caffe.cpp:314] Batch 2698, accuracy1+2+3 = 1
I0418 08:55:56.908443  6080 data_layer.cpp:128] Prefetch batch: 124 ms.
I0418 08:55:56.908443  6080 data_layer.cpp:129]      Read time: 78.115 ms.
I0418 08:55:56.908443  6080 data_layer.cpp:130] Transform time: 46.884 ms.
I0418 08:55:57.752220  7952 caffe.cpp:314] Batch 2699, accuracy1+2 = 1
I0418 08:55:57.752220  7952 caffe.cpp:314] Batch 2699, accuracy1+2+3 = 1
I0418 08:55:57.877228  6080 data_layer.cpp:128] Prefetch batch: 125 ms.
I0418 08:55:57.877228  6080 data_layer.cpp:129]      Read time: 93.76 ms.
I0418 08:55:57.877228  6080 data_layer.cpp:130] Transform time: 31.248 ms.
I0418 08:55:58.736640  7952 caffe.cpp:314] Batch 2700, accuracy1+2 = 1
I0418 08:55:58.736640  7952 caffe.cpp:314] Batch 2700, accuracy1+2+3 = 1
I0418 08:55:58.861640  6080 data_layer.cpp:128] Prefetch batch: 125 ms.
I0418 08:55:58.861640  6080 data_layer.cpp:129]      Read time: 78.129 ms.
I0418 08:55:58.861640  6080 data_layer.cpp:130] Transform time: 46.871 ms.
I0418 08:55:59.705426  7952 caffe.cpp:314] Batch 2701, accuracy1+2 = 1
I0418 08:55:59.705426  7952 caffe.cpp:314] Batch 2701, accuracy1+2+3 = 1
I0418 08:55:59.830432  6080 data_layer.cpp:128] Prefetch batch: 125 ms.
I0418 08:55:59.830432  6080 data_layer.cpp:129]      Read time: 93.751 ms.
I0418 08:55:59.830432  6080 data_layer.cpp:130] Transform time: 31.255 ms.
I0418 08:56:00.674211  7952 caffe.cpp:314] Batch 2702, accuracy1+2 = 1
I0418 08:56:00.674211  7952 caffe.cpp:314] Batch 2702, accuracy1+2+3 = 1
I0418 08:56:00.783596  6080 data_layer.cpp:128] Prefetch batch: 109 ms.
I0418 08:56:00.783596  6080 data_layer.cpp:129]      Read time: 0 ms.
I0418 08:56:00.783596  6080 data_layer.cpp:130] Transform time: 109.384 ms.
I0418 08:56:01.658627  7952 caffe.cpp:314] Batch 2703, accuracy1+2 = 1
I0418 08:56:01.658627  7952 caffe.cpp:314] Batch 2703, accuracy1+2+3 = 1
I0418 08:56:01.783638  6080 data_layer.cpp:128] Prefetch batch: 125 ms.
I0418 08:56:01.783638  6080 data_layer.cpp:129]      Read time: 78.129 ms.
I0418 08:56:01.783638  6080 data_layer.cpp:130] Transform time: 46.881 ms.
I0418 08:56:02.627413  7952 caffe.cpp:314] Batch 2704, accuracy1+2 = 1
I0418 08:56:02.627413  7952 caffe.cpp:314] Batch 2704, accuracy1+2+3 = 1
I0418 08:56:02.752421  6080 data_layer.cpp:128] Prefetch batch: 125 ms.
I0418 08:56:02.752421  6080 data_layer.cpp:129]      Read time: 93.751 ms.
I0418 08:56:02.752421  6080 data_layer.cpp:130] Transform time: 31.257 ms.
I0418 08:56:03.596199  7952 caffe.cpp:314] Batch 2705, accuracy1+2 = 1
I0418 08:56:03.596199  7952 caffe.cpp:314] Batch 2705, accuracy1+2+3 = 1
I0418 08:56:03.705580  6080 data_layer.cpp:128] Prefetch batch: 109 ms.
I0418 08:56:03.705580  6080 data_layer.cpp:129]      Read time: 0 ms.
I0418 08:56:03.705580  6080 data_layer.cpp:130] Transform time: 109.381 ms.
I0418 08:56:04.564986  7952 caffe.cpp:314] Batch 2706, accuracy1+2 = 1
I0418 08:56:04.564986  7952 caffe.cpp:314] Batch 2706, accuracy1+2+3 = 1
I0418 08:56:04.689997  6080 data_layer.cpp:128] Prefetch batch: 125 ms.
I0418 08:56:04.689997  6080 data_layer.cpp:129]      Read time: 93.759 ms.
I0418 08:56:04.689997  6080 data_layer.cpp:130] Transform time: 31.252 ms.
I0418 08:56:05.549407  7952 caffe.cpp:314] Batch 2707, accuracy1+2 = 1
I0418 08:56:05.549407  7952 caffe.cpp:314] Batch 2707, accuracy1+2+3 = 1
I0418 08:56:05.674413  6080 data_layer.cpp:128] Prefetch batch: 125 ms.
I0418 08:56:05.674413  6080 data_layer.cpp:129]      Read time: 78.128 ms.
I0418 08:56:05.674413  6080 data_layer.cpp:130] Transform time: 46.879 ms.
I0418 08:56:06.518191  7952 caffe.cpp:314] Batch 2708, accuracy1+2 = 0
I0418 08:56:06.518191  7952 caffe.cpp:314] Batch 2708, accuracy1+2+3 = 0
I0418 08:56:06.643198  6080 data_layer.cpp:128] Prefetch batch: 125 ms.
I0418 08:56:06.643198  6080 data_layer.cpp:129]      Read time: 93.756 ms.
I0418 08:56:06.643198  6080 data_layer.cpp:130] Transform time: 31.251 ms.
I0418 08:56:07.486982  7952 caffe.cpp:314] Batch 2709, accuracy1+2 = 1
I0418 08:56:07.486982  7952 caffe.cpp:314] Batch 2709, accuracy1+2+3 = 1
I0418 08:56:07.596362  6080 data_layer.cpp:128] Prefetch batch: 109 ms.
I0418 08:56:07.596362  6080 data_layer.cpp:129]      Read time: 0 ms.
I0418 08:56:07.596362  6080 data_layer.cpp:130] Transform time: 109.38 ms.
I0418 08:56:08.471395  7952 caffe.cpp:314] Batch 2710, accuracy1+2 = 1
I0418 08:56:08.471395  7952 caffe.cpp:314] Batch 2710, accuracy1+2+3 = 1
I0418 08:56:08.596397  6080 data_layer.cpp:128] Prefetch batch: 125 ms.
I0418 08:56:08.596397  6080 data_layer.cpp:129]      Read time: 78.125 ms.
I0418 08:56:08.596397  6080 data_layer.cpp:130] Transform time: 46.877 ms.
I0418 08:56:09.440191  7952 caffe.cpp:314] Batch 2711, accuracy1+2 = 1
I0418 08:56:09.440191  7952 caffe.cpp:314] Batch 2711, accuracy1+2+3 = 1
I0418 08:56:09.565187  6080 data_layer.cpp:128] Prefetch batch: 124 ms.
I0418 08:56:09.565187  6080 data_layer.cpp:129]      Read time: 93.747 ms.
I0418 08:56:09.565187  6080 data_layer.cpp:130] Transform time: 31.249 ms.
I0418 08:56:10.408967  7952 caffe.cpp:314] Batch 2712, accuracy1+2 = 1
I0418 08:56:10.408967  7952 caffe.cpp:314] Batch 2712, accuracy1+2+3 = 1
I0418 08:56:10.533977  6080 data_layer.cpp:128] Prefetch batch: 125 ms.
I0418 08:56:10.533977  6080 data_layer.cpp:129]      Read time: 93.759 ms.
I0418 08:56:10.533977  6080 data_layer.cpp:130] Transform time: 31.252 ms.
I0418 08:56:11.377758  7952 caffe.cpp:314] Batch 2713, accuracy1+2 = 1
I0418 08:56:11.377758  7952 caffe.cpp:314] Batch 2713, accuracy1+2+3 = 1
I0418 08:56:11.502765  6080 data_layer.cpp:128] Prefetch batch: 125 ms.
I0418 08:56:11.502765  6080 data_layer.cpp:129]      Read time: 93.75 ms.
I0418 08:56:11.502765  6080 data_layer.cpp:130] Transform time: 31.258 ms.
I0418 08:56:12.362169  7952 caffe.cpp:314] Batch 2714, accuracy1+2 = 1
I0418 08:56:12.362169  7952 caffe.cpp:314] Batch 2714, accuracy1+2+3 = 1
I0418 08:56:12.455929  6080 data_layer.cpp:128] Prefetch batch: 93 ms.
I0418 08:56:12.455929  6080 data_layer.cpp:129]      Read time: 0 ms.
I0418 08:56:12.455929  6080 data_layer.cpp:130] Transform time: 93.759 ms.
I0418 08:56:13.330962  7952 caffe.cpp:314] Batch 2715, accuracy1+2 = 1
I0418 08:56:13.330962  7952 caffe.cpp:314] Batch 2715, accuracy1+2+3 = 1
I0418 08:56:13.455967  6080 data_layer.cpp:128] Prefetch batch: 125 ms.
I0418 08:56:13.455967  6080 data_layer.cpp:129]      Read time: 93.748 ms.
I0418 08:56:13.455967  6080 data_layer.cpp:130] Transform time: 31.257 ms.
I0418 08:56:14.315361  7952 caffe.cpp:314] Batch 2716, accuracy1+2 = 1
I0418 08:56:14.315361  7952 caffe.cpp:314] Batch 2716, accuracy1+2+3 = 1
I0418 08:56:14.440366  6080 data_layer.cpp:128] Prefetch batch: 125 ms.
I0418 08:56:14.440366  6080 data_layer.cpp:129]      Read time: 93.76 ms.
I0418 08:56:14.440366  6080 data_layer.cpp:130] Transform time: 31.246 ms.
I0418 08:56:15.315408  7952 caffe.cpp:314] Batch 2717, accuracy1+2 = 1
I0418 08:56:15.315408  7952 caffe.cpp:314] Batch 2717, accuracy1+2+3 = 1
I0418 08:56:15.440413  6080 data_layer.cpp:128] Prefetch batch: 125 ms.
I0418 08:56:15.440413  6080 data_layer.cpp:129]      Read time: 78.129 ms.
I0418 08:56:15.440413  6080 data_layer.cpp:130] Transform time: 46.876 ms.
I0418 08:56:16.284200  7952 caffe.cpp:314] Batch 2718, accuracy1+2 = 1
I0418 08:56:16.284200  7952 caffe.cpp:314] Batch 2718, accuracy1+2+3 = 1
I0418 08:56:16.409207  6080 data_layer.cpp:128] Prefetch batch: 125 ms.
I0418 08:56:16.409207  6080 data_layer.cpp:129]      Read time: 93.751 ms.
I0418 08:56:16.409207  6080 data_layer.cpp:130] Transform time: 31.256 ms.
I0418 08:56:17.252992  7952 caffe.cpp:314] Batch 2719, accuracy1+2 = 1
I0418 08:56:17.252992  7952 caffe.cpp:314] Batch 2719, accuracy1+2+3 = 1
I0418 08:56:17.362366  6080 data_layer.cpp:128] Prefetch batch: 109 ms.
I0418 08:56:17.362366  6080 data_layer.cpp:129]      Read time: 0 ms.
I0418 08:56:17.362366  6080 data_layer.cpp:130] Transform time: 109.374 ms.
I0418 08:56:18.221772  7952 caffe.cpp:314] Batch 2720, accuracy1+2 = 1
I0418 08:56:18.221772  7952 caffe.cpp:314] Batch 2720, accuracy1+2+3 = 1
I0418 08:56:18.346784  6080 data_layer.cpp:128] Prefetch batch: 125 ms.
I0418 08:56:18.346784  6080 data_layer.cpp:129]      Read time: 93.757 ms.
I0418 08:56:18.346784  6080 data_layer.cpp:130] Transform time: 31.255 ms.
I0418 08:56:19.206187  7952 caffe.cpp:314] Batch 2721, accuracy1+2 = 1
I0418 08:56:19.206187  7952 caffe.cpp:314] Batch 2721, accuracy1+2+3 = 1
I0418 08:56:19.331192  6080 data_layer.cpp:128] Prefetch batch: 125 ms.
I0418 08:56:19.331192  6080 data_layer.cpp:129]      Read time: 78.131 ms.
I0418 08:56:19.331192  6080 data_layer.cpp:130] Transform time: 46.873 ms.
I0418 08:56:20.174968  7952 caffe.cpp:314] Batch 2722, accuracy1+2 = 1
I0418 08:56:20.174968  7952 caffe.cpp:314] Batch 2722, accuracy1+2+3 = 1
I0418 08:56:20.315598  6080 data_layer.cpp:128] Prefetch batch: 140 ms.
I0418 08:56:20.315598  6080 data_layer.cpp:129]      Read time: 93.754 ms.
I0418 08:56:20.315598  6080 data_layer.cpp:130] Transform time: 46.877 ms.
I0418 08:56:21.190649  7952 caffe.cpp:314] Batch 2723, accuracy1+2 = 1
I0418 08:56:21.190649  7952 caffe.cpp:314] Batch 2723, accuracy1+2+3 = 1
I0418 08:56:21.284385  6080 data_layer.cpp:128] Prefetch batch: 93 ms.
I0418 08:56:21.284385  6080 data_layer.cpp:129]      Read time: 0 ms.
I0418 08:56:21.284385  6080 data_layer.cpp:130] Transform time: 93.736 ms.
I0418 08:56:22.190671  7952 caffe.cpp:314] Batch 2724, accuracy1+2 = 0
I0418 08:56:22.190671  7952 caffe.cpp:314] Batch 2724, accuracy1+2+3 = 0
I0418 08:56:22.331300  6080 data_layer.cpp:128] Prefetch batch: 125 ms.
I0418 08:56:22.331300  6080 data_layer.cpp:129]      Read time: 78.126 ms.
I0418 08:56:22.331300  6080 data_layer.cpp:130] Transform time: 46.877 ms.
I0418 08:56:23.175109  7952 caffe.cpp:314] Batch 2725, accuracy1+2 = 1
I0418 08:56:23.175109  7952 caffe.cpp:314] Batch 2725, accuracy1+2+3 = 1
I0418 08:56:23.300103  6080 data_layer.cpp:128] Prefetch batch: 124 ms.
I0418 08:56:23.300103  6080 data_layer.cpp:129]      Read time: 93.734 ms.
I0418 08:56:23.300103  6080 data_layer.cpp:130] Transform time: 31.26 ms.
I0418 08:56:24.159508  7952 caffe.cpp:314] Batch 2726, accuracy1+2 = 1
I0418 08:56:24.159508  7952 caffe.cpp:314] Batch 2726, accuracy1+2+3 = 1
I0418 08:56:24.284510  6080 data_layer.cpp:128] Prefetch batch: 125 ms.
I0418 08:56:24.284510  6080 data_layer.cpp:129]      Read time: 93.756 ms.
I0418 08:56:24.284510  6080 data_layer.cpp:130] Transform time: 31.246 ms.
I0418 08:56:25.128296  7952 caffe.cpp:314] Batch 2727, accuracy1+2 = 1
I0418 08:56:25.128296  7952 caffe.cpp:314] Batch 2727, accuracy1+2+3 = 1
I0418 08:56:25.237679  6080 data_layer.cpp:128] Prefetch batch: 109 ms.
I0418 08:56:25.237679  6080 data_layer.cpp:129]      Read time: 0 ms.
I0418 08:56:25.237679  6080 data_layer.cpp:130] Transform time: 109.382 ms.
I0418 08:56:26.097084  7952 caffe.cpp:314] Batch 2728, accuracy1+2 = 0
I0418 08:56:26.097084  7952 caffe.cpp:314] Batch 2728, accuracy1+2+3 = 0
I0418 08:56:26.222088  6080 data_layer.cpp:128] Prefetch batch: 125 ms.
I0418 08:56:26.222088  6080 data_layer.cpp:129]      Read time: 93.758 ms.
I0418 08:56:26.222088  6080 data_layer.cpp:130] Transform time: 31.246 ms.
I0418 08:56:27.081497  7952 caffe.cpp:314] Batch 2729, accuracy1+2 = 1
I0418 08:56:27.081497  7952 caffe.cpp:314] Batch 2729, accuracy1+2+3 = 1
I0418 08:56:27.206499  6080 data_layer.cpp:128] Prefetch batch: 125 ms.
I0418 08:56:27.206499  6080 data_layer.cpp:129]      Read time: 78.131 ms.
I0418 08:56:27.206499  6080 data_layer.cpp:130] Transform time: 46.871 ms.
I0418 08:56:28.050288  7952 caffe.cpp:314] Batch 2730, accuracy1+2 = 1
I0418 08:56:28.050288  7952 caffe.cpp:314] Batch 2730, accuracy1+2+3 = 1
I0418 08:56:28.175295  6080 data_layer.cpp:128] Prefetch batch: 125 ms.
I0418 08:56:28.175295  6080 data_layer.cpp:129]      Read time: 93.755 ms.
I0418 08:56:28.175295  6080 data_layer.cpp:130] Transform time: 31.252 ms.
I0418 08:56:29.034703  7952 caffe.cpp:314] Batch 2731, accuracy1+2 = 1
I0418 08:56:29.034703  7952 caffe.cpp:314] Batch 2731, accuracy1+2+3 = 1
I0418 08:56:29.159706  6080 data_layer.cpp:128] Prefetch batch: 125 ms.
I0418 08:56:29.159706  6080 data_layer.cpp:129]      Read time: 78.124 ms.
I0418 08:56:29.159706  6080 data_layer.cpp:130] Transform time: 46.879 ms.
I0418 08:56:30.003489  7952 caffe.cpp:314] Batch 2732, accuracy1+2 = 1
I0418 08:56:30.003489  7952 caffe.cpp:314] Batch 2732, accuracy1+2+3 = 1
I0418 08:56:30.128495  6080 data_layer.cpp:128] Prefetch batch: 125 ms.
I0418 08:56:30.128495  6080 data_layer.cpp:129]      Read time: 93.754 ms.
I0418 08:56:30.128495  6080 data_layer.cpp:130] Transform time: 31.252 ms.
I0418 08:56:30.972275  7952 caffe.cpp:314] Batch 2733, accuracy1+2 = 0
I0418 08:56:30.972275  7952 caffe.cpp:314] Batch 2733, accuracy1+2+3 = 0
I0418 08:56:31.081660  6080 data_layer.cpp:128] Prefetch batch: 109 ms.
I0418 08:56:31.081660  6080 data_layer.cpp:129]      Read time: 0 ms.
I0418 08:56:31.081660  6080 data_layer.cpp:130] Transform time: 109.385 ms.
I0418 08:56:31.941067  7952 caffe.cpp:314] Batch 2734, accuracy1+2 = 1
I0418 08:56:31.941067  7952 caffe.cpp:314] Batch 2734, accuracy1+2+3 = 1
I0418 08:56:32.081696  6080 data_layer.cpp:128] Prefetch batch: 140 ms.
I0418 08:56:32.081696  6080 data_layer.cpp:129]      Read time: 93.748 ms.
I0418 08:56:32.081696  6080 data_layer.cpp:130] Transform time: 46.88 ms.
I0418 08:56:32.925478  7952 caffe.cpp:314] Batch 2735, accuracy1+2 = 1
I0418 08:56:32.925478  7952 caffe.cpp:314] Batch 2735, accuracy1+2+3 = 1
I0418 08:56:33.050480  6080 data_layer.cpp:128] Prefetch batch: 125 ms.
I0418 08:56:33.050480  6080 data_layer.cpp:129]      Read time: 93.75 ms.
I0418 08:56:33.050480  6080 data_layer.cpp:130] Transform time: 31.252 ms.
I0418 08:56:33.894269  7952 caffe.cpp:314] Batch 2736, accuracy1+2 = 1
I0418 08:56:33.894269  7952 caffe.cpp:314] Batch 2736, accuracy1+2+3 = 1
I0418 08:56:34.019271  6080 data_layer.cpp:128] Prefetch batch: 125 ms.
I0418 08:56:34.019271  6080 data_layer.cpp:129]      Read time: 93.752 ms.
I0418 08:56:34.019271  6080 data_layer.cpp:130] Transform time: 31.25 ms.
I0418 08:56:34.863057  7952 caffe.cpp:314] Batch 2737, accuracy1+2 = 0
I0418 08:56:34.863057  7952 caffe.cpp:314] Batch 2737, accuracy1+2+3 = 0
I0418 08:56:34.972437  6080 data_layer.cpp:128] Prefetch batch: 109 ms.
I0418 08:56:34.972437  6080 data_layer.cpp:129]      Read time: 0 ms.
I0418 08:56:34.972437  6080 data_layer.cpp:130] Transform time: 109.38 ms.
I0418 08:56:35.847470  7952 caffe.cpp:314] Batch 2738, accuracy1+2 = 1
I0418 08:56:35.847470  7952 caffe.cpp:314] Batch 2738, accuracy1+2+3 = 1
I0418 08:56:35.972473  6080 data_layer.cpp:128] Prefetch batch: 125 ms.
I0418 08:56:35.972473  6080 data_layer.cpp:129]      Read time: 78.126 ms.
I0418 08:56:35.972473  6080 data_layer.cpp:130] Transform time: 46.877 ms.
I0418 08:56:36.816256  7952 caffe.cpp:314] Batch 2739, accuracy1+2 = 0
I0418 08:56:36.816256  7952 caffe.cpp:314] Batch 2739, accuracy1+2+3 = 0
I0418 08:56:36.941262  6080 data_layer.cpp:128] Prefetch batch: 125 ms.
I0418 08:56:36.941262  6080 data_layer.cpp:129]      Read time: 78.128 ms.
I0418 08:56:36.941262  6080 data_layer.cpp:130] Transform time: 46.877 ms.
I0418 08:56:37.785039  7952 caffe.cpp:314] Batch 2740, accuracy1+2 = 1
I0418 08:56:37.785039  7952 caffe.cpp:314] Batch 2740, accuracy1+2+3 = 1
I0418 08:56:37.910045  6080 data_layer.cpp:128] Prefetch batch: 125 ms.
I0418 08:56:37.910045  6080 data_layer.cpp:129]      Read time: 93.761 ms.
I0418 08:56:37.910045  6080 data_layer.cpp:130] Transform time: 31.245 ms.
I0418 08:56:38.753834  7952 caffe.cpp:314] Batch 2741, accuracy1+2 = 1
I0418 08:56:38.753834  7952 caffe.cpp:314] Batch 2741, accuracy1+2+3 = 1
I0418 08:56:38.878834  6080 data_layer.cpp:128] Prefetch batch: 125 ms.
I0418 08:56:38.878834  6080 data_layer.cpp:129]      Read time: 93.75 ms.
I0418 08:56:38.878834  6080 data_layer.cpp:130] Transform time: 31.251 ms.
I0418 08:56:39.738241  7952 caffe.cpp:314] Batch 2742, accuracy1+2 = 1
I0418 08:56:39.738241  7952 caffe.cpp:314] Batch 2742, accuracy1+2+3 = 1
I0418 08:56:39.832002  6080 data_layer.cpp:128] Prefetch batch: 93 ms.
I0418 08:56:39.832002  6080 data_layer.cpp:129]      Read time: 0 ms.
I0418 08:56:39.832002  6080 data_layer.cpp:130] Transform time: 93.761 ms.
I0418 08:56:40.707029  7952 caffe.cpp:314] Batch 2743, accuracy1+2 = 1
I0418 08:56:40.707029  7952 caffe.cpp:314] Batch 2743, accuracy1+2+3 = 1
I0418 08:56:40.832041  6080 data_layer.cpp:128] Prefetch batch: 125 ms.
I0418 08:56:40.832041  6080 data_layer.cpp:129]      Read time: 93.758 ms.
I0418 08:56:40.832041  6080 data_layer.cpp:130] Transform time: 31.253 ms.
I0418 08:56:41.675823  7952 caffe.cpp:314] Batch 2744, accuracy1+2 = 1
I0418 08:56:41.675823  7952 caffe.cpp:314] Batch 2744, accuracy1+2+3 = 1
I0418 08:56:41.800828  6080 data_layer.cpp:128] Prefetch batch: 125 ms.
I0418 08:56:41.800828  6080 data_layer.cpp:129]      Read time: 93.75 ms.
I0418 08:56:41.800828  6080 data_layer.cpp:130] Transform time: 31.255 ms.
I0418 08:56:42.644618  7952 caffe.cpp:314] Batch 2745, accuracy1+2 = 1
I0418 08:56:42.644618  7952 caffe.cpp:314] Batch 2745, accuracy1+2+3 = 1
I0418 08:56:42.785243  6080 data_layer.cpp:128] Prefetch batch: 140 ms.
I0418 08:56:42.785243  6080 data_layer.cpp:129]      Read time: 93.748 ms.
I0418 08:56:42.785243  6080 data_layer.cpp:130] Transform time: 46.877 ms.
I0418 08:56:43.629019  7952 caffe.cpp:314] Batch 2746, accuracy1+2 = 1
I0418 08:56:43.629019  7952 caffe.cpp:314] Batch 2746, accuracy1+2+3 = 1
I0418 08:56:43.722779  6080 data_layer.cpp:128] Prefetch batch: 93 ms.
I0418 08:56:43.722779  6080 data_layer.cpp:129]      Read time: 0 ms.
I0418 08:56:43.722779  6080 data_layer.cpp:130] Transform time: 93.76 ms.
I0418 08:56:44.597810  7952 caffe.cpp:314] Batch 2747, accuracy1+2 = 1
I0418 08:56:44.597810  7952 caffe.cpp:314] Batch 2747, accuracy1+2+3 = 1
I0418 08:56:44.722812  6080 data_layer.cpp:128] Prefetch batch: 125 ms.
I0418 08:56:44.722812  6080 data_layer.cpp:129]      Read time: 93.751 ms.
I0418 08:56:44.722812  6080 data_layer.cpp:130] Transform time: 31.251 ms.
I0418 08:56:45.566599  7952 caffe.cpp:314] Batch 2748, accuracy1+2 = 0
I0418 08:56:45.582226  7952 caffe.cpp:314] Batch 2748, accuracy1+2+3 = 0
I0418 08:56:45.707226  6080 data_layer.cpp:128] Prefetch batch: 125 ms.
I0418 08:56:45.707226  6080 data_layer.cpp:129]      Read time: 78.124 ms.
I0418 08:56:45.707226  6080 data_layer.cpp:130] Transform time: 46.877 ms.
I0418 08:56:46.551012  7952 caffe.cpp:314] Batch 2749, accuracy1+2 = 1
I0418 08:56:46.551012  7952 caffe.cpp:314] Batch 2749, accuracy1+2+3 = 1
I0418 08:56:46.676019  6080 data_layer.cpp:128] Prefetch batch: 125 ms.
I0418 08:56:46.676019  6080 data_layer.cpp:129]      Read time: 93.75 ms.
I0418 08:56:46.676019  6080 data_layer.cpp:130] Transform time: 31.257 ms.
I0418 08:56:47.519798  7952 caffe.cpp:314] Batch 2750, accuracy1+2 = 1
I0418 08:56:47.519798  7952 caffe.cpp:314] Batch 2750, accuracy1+2+3 = 1
I0418 08:56:47.629179  6080 data_layer.cpp:128] Prefetch batch: 109 ms.
I0418 08:56:47.629179  6080 data_layer.cpp:129]      Read time: 0 ms.
I0418 08:56:47.629179  6080 data_layer.cpp:130] Transform time: 109.38 ms.
I0418 08:56:48.488590  7952 caffe.cpp:314] Batch 2751, accuracy1+2 = 1
I0418 08:56:48.488590  7952 caffe.cpp:314] Batch 2751, accuracy1+2+3 = 1
I0418 08:56:48.644841  6080 data_layer.cpp:128] Prefetch batch: 156 ms.
I0418 08:56:48.644841  6080 data_layer.cpp:129]      Read time: 124.999 ms.
I0418 08:56:48.644841  6080 data_layer.cpp:130] Transform time: 31.252 ms.
I0418 08:56:49.472998  7952 caffe.cpp:314] Batch 2752, accuracy1+2 = 1
I0418 08:56:49.472998  7952 caffe.cpp:314] Batch 2752, accuracy1+2+3 = 1
I0418 08:56:49.598004  6080 data_layer.cpp:128] Prefetch batch: 125 ms.
I0418 08:56:49.598004  6080 data_layer.cpp:129]      Read time: 46.878 ms.
I0418 08:56:49.598004  6080 data_layer.cpp:130] Transform time: 78.128 ms.
I0418 08:56:50.441779  7952 caffe.cpp:314] Batch 2753, accuracy1+2 = 0
I0418 08:56:50.441779  7952 caffe.cpp:314] Batch 2753, accuracy1+2+3 = 0
I0418 08:56:50.566784  6080 data_layer.cpp:128] Prefetch batch: 125 ms.
I0418 08:56:50.566784  6080 data_layer.cpp:129]      Read time: 93.768 ms.
I0418 08:56:50.566784  6080 data_layer.cpp:130] Transform time: 31.237 ms.
I0418 08:56:51.410578  7952 caffe.cpp:314] Batch 2754, accuracy1+2 = 0
I0418 08:56:51.410578  7952 caffe.cpp:314] Batch 2754, accuracy1+2+3 = 0
I0418 08:56:51.519953  6080 data_layer.cpp:128] Prefetch batch: 109 ms.
I0418 08:56:51.519953  6080 data_layer.cpp:129]      Read time: 0 ms.
I0418 08:56:51.519953  6080 data_layer.cpp:130] Transform time: 109.376 ms.
I0418 08:56:52.379365  7952 caffe.cpp:314] Batch 2755, accuracy1+2 = 1
I0418 08:56:52.379365  7952 caffe.cpp:314] Batch 2755, accuracy1+2+3 = 1
I0418 08:56:52.519994  6080 data_layer.cpp:128] Prefetch batch: 140 ms.
I0418 08:56:52.519994  6080 data_layer.cpp:129]      Read time: 93.755 ms.
I0418 08:56:52.519994  6080 data_layer.cpp:130] Transform time: 46.874 ms.
I0418 08:56:53.363778  7952 caffe.cpp:314] Batch 2756, accuracy1+2 = 0
I0418 08:56:53.363778  7952 caffe.cpp:314] Batch 2756, accuracy1+2+3 = 0
I0418 08:56:53.504406  6080 data_layer.cpp:128] Prefetch batch: 140 ms.
I0418 08:56:53.504406  6080 data_layer.cpp:129]      Read time: 109.384 ms.
I0418 08:56:53.504406  6080 data_layer.cpp:130] Transform time: 31.244 ms.
I0418 08:56:54.332566  7952 caffe.cpp:314] Batch 2757, accuracy1+2 = 1
I0418 08:56:54.332566  7952 caffe.cpp:314] Batch 2757, accuracy1+2+3 = 0
I0418 08:56:54.457576  6080 data_layer.cpp:128] Prefetch batch: 125 ms.
I0418 08:56:54.457576  6080 data_layer.cpp:129]      Read time: 93.752 ms.
I0418 08:56:54.457576  6080 data_layer.cpp:130] Transform time: 31.258 ms.
I0418 08:56:55.316978  7952 caffe.cpp:314] Batch 2758, accuracy1+2 = 1
I0418 08:56:55.316978  7952 caffe.cpp:314] Batch 2758, accuracy1+2+3 = 1
I0418 08:56:55.441982  6080 data_layer.cpp:128] Prefetch batch: 125 ms.
I0418 08:56:55.441982  6080 data_layer.cpp:129]      Read time: 78.133 ms.
I0418 08:56:55.441982  6080 data_layer.cpp:130] Transform time: 46.871 ms.
I0418 08:56:56.285765  7952 caffe.cpp:314] Batch 2759, accuracy1+2 = 1
I0418 08:56:56.285765  7952 caffe.cpp:314] Batch 2759, accuracy1+2+3 = 1
I0418 08:56:56.379520  6080 data_layer.cpp:128] Prefetch batch: 93 ms.
I0418 08:56:56.379520  6080 data_layer.cpp:129]      Read time: 0 ms.
I0418 08:56:56.379520  6080 data_layer.cpp:130] Transform time: 93.755 ms.
I0418 08:56:57.254554  7952 caffe.cpp:314] Batch 2760, accuracy1+2 = 0
I0418 08:56:57.254554  7952 caffe.cpp:314] Batch 2760, accuracy1+2+3 = 0
I0418 08:56:57.379565  6080 data_layer.cpp:128] Prefetch batch: 125 ms.
I0418 08:56:57.379565  6080 data_layer.cpp:129]      Read time: 93.764 ms.
I0418 08:56:57.379565  6080 data_layer.cpp:130] Transform time: 31.246 ms.
I0418 08:56:58.254595  7952 caffe.cpp:314] Batch 2761, accuracy1+2 = 1
I0418 08:56:58.254595  7952 caffe.cpp:314] Batch 2761, accuracy1+2+3 = 1
I0418 08:56:58.379604  6080 data_layer.cpp:128] Prefetch batch: 125 ms.
I0418 08:56:58.379604  6080 data_layer.cpp:129]      Read time: 93.744 ms.
I0418 08:56:58.379604  6080 data_layer.cpp:130] Transform time: 31.265 ms.
I0418 08:56:59.270251  7952 caffe.cpp:314] Batch 2762, accuracy1+2 = 1
I0418 08:56:59.270251  7952 caffe.cpp:314] Batch 2762, accuracy1+2+3 = 1
I0418 08:56:59.395264  6080 data_layer.cpp:128] Prefetch batch: 125 ms.
I0418 08:56:59.395264  6080 data_layer.cpp:129]      Read time: 93.763 ms.
I0418 08:56:59.395264  6080 data_layer.cpp:130] Transform time: 31.251 ms.
I0418 08:57:00.254680  7952 caffe.cpp:314] Batch 2763, accuracy1+2 = 1
I0418 08:57:00.254680  7952 caffe.cpp:314] Batch 2763, accuracy1+2+3 = 1
I0418 08:57:00.364055  6080 data_layer.cpp:128] Prefetch batch: 109 ms.
I0418 08:57:00.364055  6080 data_layer.cpp:129]      Read time: 0 ms.
I0418 08:57:00.364055  6080 data_layer.cpp:130] Transform time: 109.375 ms.
I0418 08:57:01.223461  7952 caffe.cpp:314] Batch 2764, accuracy1+2 = 1
I0418 08:57:01.223461  7952 caffe.cpp:314] Batch 2764, accuracy1+2+3 = 1
I0418 08:57:01.348467  6080 data_layer.cpp:128] Prefetch batch: 125 ms.
I0418 08:57:01.348467  6080 data_layer.cpp:129]      Read time: 93.757 ms.
I0418 08:57:01.348467  6080 data_layer.cpp:130] Transform time: 31.249 ms.
I0418 08:57:02.192248  7952 caffe.cpp:314] Batch 2765, accuracy1+2 = 1
I0418 08:57:02.192248  7952 caffe.cpp:314] Batch 2765, accuracy1+2+3 = 1
I0418 08:57:02.317258  6080 data_layer.cpp:128] Prefetch batch: 125 ms.
I0418 08:57:02.317258  6080 data_layer.cpp:129]      Read time: 93.756 ms.
I0418 08:57:02.317258  6080 data_layer.cpp:130] Transform time: 31.254 ms.
I0418 08:57:03.176666  7952 caffe.cpp:314] Batch 2766, accuracy1+2 = 0
I0418 08:57:03.176666  7952 caffe.cpp:314] Batch 2766, accuracy1+2+3 = 0
I0418 08:57:03.301671  6080 data_layer.cpp:128] Prefetch batch: 125 ms.
I0418 08:57:03.301671  6080 data_layer.cpp:129]      Read time: 78.123 ms.
I0418 08:57:03.301671  6080 data_layer.cpp:130] Transform time: 46.882 ms.
I0418 08:57:04.145448  7952 caffe.cpp:314] Batch 2767, accuracy1+2 = 1
I0418 08:57:04.145448  7952 caffe.cpp:314] Batch 2767, accuracy1+2+3 = 1
I0418 08:57:04.239204  6080 data_layer.cpp:128] Prefetch batch: 93 ms.
I0418 08:57:04.239204  6080 data_layer.cpp:129]      Read time: 0 ms.
I0418 08:57:04.239204  6080 data_layer.cpp:130] Transform time: 93.756 ms.
I0418 08:57:05.114241  7952 caffe.cpp:314] Batch 2768, accuracy1+2 = 1
I0418 08:57:05.114241  7952 caffe.cpp:314] Batch 2768, accuracy1+2+3 = 1
I0418 08:57:05.239241  6080 data_layer.cpp:128] Prefetch batch: 125 ms.
I0418 08:57:05.239241  6080 data_layer.cpp:129]      Read time: 93.749 ms.
I0418 08:57:05.239241  6080 data_layer.cpp:130] Transform time: 31.251 ms.
I0418 08:57:06.083034  7952 caffe.cpp:314] Batch 2769, accuracy1+2 = 1
I0418 08:57:06.083034  7952 caffe.cpp:314] Batch 2769, accuracy1+2+3 = 1
I0418 08:57:06.208034  6080 data_layer.cpp:128] Prefetch batch: 125 ms.
I0418 08:57:06.208034  6080 data_layer.cpp:129]      Read time: 93.753 ms.
I0418 08:57:06.208034  6080 data_layer.cpp:130] Transform time: 31.248 ms.
I0418 08:57:07.067442  7952 caffe.cpp:314] Batch 2770, accuracy1+2 = 1
I0418 08:57:07.067442  7952 caffe.cpp:314] Batch 2770, accuracy1+2+3 = 1
I0418 08:57:07.192451  6080 data_layer.cpp:128] Prefetch batch: 125 ms.
I0418 08:57:07.192451  6080 data_layer.cpp:129]      Read time: 78.126 ms.
I0418 08:57:07.192451  6080 data_layer.cpp:130] Transform time: 46.882 ms.
I0418 08:57:08.036229  7952 caffe.cpp:314] Batch 2771, accuracy1+2 = 1
I0418 08:57:08.036229  7952 caffe.cpp:314] Batch 2771, accuracy1+2+3 = 1
I0418 08:57:08.129981  6080 data_layer.cpp:128] Prefetch batch: 93 ms.
I0418 08:57:08.129981  6080 data_layer.cpp:129]      Read time: 0 ms.
I0418 08:57:08.129981  6080 data_layer.cpp:130] Transform time: 93.752 ms.
I0418 08:57:09.005017  7952 caffe.cpp:314] Batch 2772, accuracy1+2 = 1
I0418 08:57:09.005017  7952 caffe.cpp:314] Batch 2772, accuracy1+2+3 = 1
I0418 08:57:09.130019  6080 data_layer.cpp:128] Prefetch batch: 125 ms.
I0418 08:57:09.130019  6080 data_layer.cpp:129]      Read time: 93.755 ms.
I0418 08:57:09.130019  6080 data_layer.cpp:130] Transform time: 31.247 ms.
I0418 08:57:09.973803  7952 caffe.cpp:314] Batch 2773, accuracy1+2 = 1
I0418 08:57:09.973803  7952 caffe.cpp:314] Batch 2773, accuracy1+2+3 = 1
I0418 08:57:10.098809  6080 data_layer.cpp:128] Prefetch batch: 125 ms.
I0418 08:57:10.098809  6080 data_layer.cpp:129]      Read time: 93.755 ms.
I0418 08:57:10.098809  6080 data_layer.cpp:130] Transform time: 31.252 ms.
I0418 08:57:10.958223  7952 caffe.cpp:314] Batch 2774, accuracy1+2 = 1
I0418 08:57:10.958223  7952 caffe.cpp:314] Batch 2774, accuracy1+2+3 = 1
I0418 08:57:11.083230  6080 data_layer.cpp:128] Prefetch batch: 125 ms.
I0418 08:57:11.083230  6080 data_layer.cpp:129]      Read time: 78.124 ms.
I0418 08:57:11.083230  6080 data_layer.cpp:130] Transform time: 46.883 ms.
I0418 08:57:11.927003  7952 caffe.cpp:314] Batch 2775, accuracy1+2 = 1
I0418 08:57:11.927003  7952 caffe.cpp:314] Batch 2775, accuracy1+2+3 = 1
I0418 08:57:12.052014  6080 data_layer.cpp:128] Prefetch batch: 125 ms.
I0418 08:57:12.052014  6080 data_layer.cpp:129]      Read time: 93.756 ms.
I0418 08:57:12.052014  6080 data_layer.cpp:130] Transform time: 31.255 ms.
I0418 08:57:12.895793  7952 caffe.cpp:314] Batch 2776, accuracy1+2 = 1
I0418 08:57:12.895793  7952 caffe.cpp:314] Batch 2776, accuracy1+2+3 = 1
I0418 08:57:13.005178  6080 data_layer.cpp:128] Prefetch batch: 109 ms.
I0418 08:57:13.005178  6080 data_layer.cpp:129]      Read time: 0 ms.
I0418 08:57:13.005178  6080 data_layer.cpp:130] Transform time: 109.385 ms.
I0418 08:57:13.864586  7952 caffe.cpp:314] Batch 2777, accuracy1+2 = 1
I0418 08:57:13.864586  7952 caffe.cpp:314] Batch 2777, accuracy1+2+3 = 1
I0418 08:57:13.989589  6080 data_layer.cpp:128] Prefetch batch: 125 ms.
I0418 08:57:13.989589  6080 data_layer.cpp:129]      Read time: 93.748 ms.
I0418 08:57:13.989589  6080 data_layer.cpp:130] Transform time: 31.255 ms.
I0418 08:57:14.848996  7952 caffe.cpp:314] Batch 2778, accuracy1+2 = 1
I0418 08:57:14.848996  7952 caffe.cpp:314] Batch 2778, accuracy1+2+3 = 1
I0418 08:57:14.974004  6080 data_layer.cpp:128] Prefetch batch: 125 ms.
I0418 08:57:14.974004  6080 data_layer.cpp:129]      Read time: 78.126 ms.
I0418 08:57:14.974004  6080 data_layer.cpp:130] Transform time: 46.882 ms.
I0418 08:57:15.833413  7952 caffe.cpp:314] Batch 2779, accuracy1+2 = 0
I0418 08:57:15.833413  7952 caffe.cpp:314] Batch 2779, accuracy1+2+3 = 0
I0418 08:57:15.958413  6080 data_layer.cpp:128] Prefetch batch: 125 ms.
I0418 08:57:15.958413  6080 data_layer.cpp:129]      Read time: 93.754 ms.
I0418 08:57:15.958413  6080 data_layer.cpp:130] Transform time: 31.246 ms.
I0418 08:57:16.817826  7952 caffe.cpp:314] Batch 2780, accuracy1+2 = 0
I0418 08:57:16.817826  7952 caffe.cpp:314] Batch 2780, accuracy1+2+3 = 0
I0418 08:57:16.942831  6080 data_layer.cpp:128] Prefetch batch: 125 ms.
I0418 08:57:16.942831  6080 data_layer.cpp:129]      Read time: 78.123 ms.
I0418 08:57:16.942831  6080 data_layer.cpp:130] Transform time: 46.882 ms.
I0418 08:57:17.786610  7952 caffe.cpp:314] Batch 2781, accuracy1+2 = 1
I0418 08:57:17.786610  7952 caffe.cpp:314] Batch 2781, accuracy1+2+3 = 1
I0418 08:57:17.880369  6080 data_layer.cpp:128] Prefetch batch: 93 ms.
I0418 08:57:17.880369  6080 data_layer.cpp:129]      Read time: 0 ms.
I0418 08:57:17.880369  6080 data_layer.cpp:130] Transform time: 93.759 ms.
I0418 08:57:18.755404  7952 caffe.cpp:314] Batch 2782, accuracy1+2 = 1
I0418 08:57:18.755404  7952 caffe.cpp:314] Batch 2782, accuracy1+2+3 = 1
I0418 08:57:18.880408  6080 data_layer.cpp:128] Prefetch batch: 125 ms.
I0418 08:57:18.880408  6080 data_layer.cpp:129]      Read time: 93.749 ms.
I0418 08:57:18.880408  6080 data_layer.cpp:130] Transform time: 31.254 ms.
I0418 08:57:19.724184  7952 caffe.cpp:314] Batch 2783, accuracy1+2 = 1
I0418 08:57:19.724184  7952 caffe.cpp:314] Batch 2783, accuracy1+2+3 = 1
I0418 08:57:19.849194  6080 data_layer.cpp:128] Prefetch batch: 125 ms.
I0418 08:57:19.849194  6080 data_layer.cpp:129]      Read time: 93.757 ms.
I0418 08:57:19.849194  6080 data_layer.cpp:130] Transform time: 31.252 ms.
I0418 08:57:20.708600  7952 caffe.cpp:314] Batch 2784, accuracy1+2 = 1
I0418 08:57:20.708600  7952 caffe.cpp:314] Batch 2784, accuracy1+2+3 = 1
I0418 08:57:20.833605  6080 data_layer.cpp:128] Prefetch batch: 125 ms.
I0418 08:57:20.833605  6080 data_layer.cpp:129]      Read time: 78.128 ms.
I0418 08:57:20.833605  6080 data_layer.cpp:130] Transform time: 46.876 ms.
I0418 08:57:21.677392  7952 caffe.cpp:314] Batch 2785, accuracy1+2 = 1
I0418 08:57:21.677392  7952 caffe.cpp:314] Batch 2785, accuracy1+2+3 = 1
I0418 08:57:21.802392  6080 data_layer.cpp:128] Prefetch batch: 125 ms.
I0418 08:57:21.802392  6080 data_layer.cpp:129]      Read time: 93.754 ms.
I0418 08:57:21.802392  6080 data_layer.cpp:130] Transform time: 31.246 ms.
I0418 08:57:22.646178  7952 caffe.cpp:314] Batch 2786, accuracy1+2 = 1
I0418 08:57:22.646178  7952 caffe.cpp:314] Batch 2786, accuracy1+2+3 = 1
I0418 08:57:22.755561  6080 data_layer.cpp:128] Prefetch batch: 109 ms.
I0418 08:57:22.755561  6080 data_layer.cpp:129]      Read time: 0 ms.
I0418 08:57:22.755561  6080 data_layer.cpp:130] Transform time: 109.383 ms.
I0418 08:57:23.614967  7952 caffe.cpp:314] Batch 2787, accuracy1+2 = 1
I0418 08:57:23.614967  7952 caffe.cpp:314] Batch 2787, accuracy1+2+3 = 1
I0418 08:57:23.739982  6080 data_layer.cpp:128] Prefetch batch: 125 ms.
I0418 08:57:23.739982  6080 data_layer.cpp:129]      Read time: 93.749 ms.
I0418 08:57:23.739982  6080 data_layer.cpp:130] Transform time: 31.266 ms.
I0418 08:57:24.599375  7952 caffe.cpp:314] Batch 2788, accuracy1+2 = 1
I0418 08:57:24.599375  7952 caffe.cpp:314] Batch 2788, accuracy1+2+3 = 1
I0418 08:57:24.724382  6080 data_layer.cpp:128] Prefetch batch: 125 ms.
I0418 08:57:24.724382  6080 data_layer.cpp:129]      Read time: 78.133 ms.
I0418 08:57:24.724382  6080 data_layer.cpp:130] Transform time: 46.874 ms.
I0418 08:57:25.568166  7952 caffe.cpp:314] Batch 2789, accuracy1+2 = 1
I0418 08:57:25.568166  7952 caffe.cpp:314] Batch 2789, accuracy1+2+3 = 1
I0418 08:57:25.693171  6080 data_layer.cpp:128] Prefetch batch: 125 ms.
I0418 08:57:25.693171  6080 data_layer.cpp:129]      Read time: 93.756 ms.
I0418 08:57:25.693171  6080 data_layer.cpp:130] Transform time: 31.249 ms.
I0418 08:57:26.536957  7952 caffe.cpp:314] Batch 2790, accuracy1+2 = 1
I0418 08:57:26.536957  7952 caffe.cpp:314] Batch 2790, accuracy1+2+3 = 1
I0418 08:57:26.646334  6080 data_layer.cpp:128] Prefetch batch: 109 ms.
I0418 08:57:26.646334  6080 data_layer.cpp:129]      Read time: 0 ms.
I0418 08:57:26.646334  6080 data_layer.cpp:130] Transform time: 109.377 ms.
I0418 08:57:27.505748  7952 caffe.cpp:314] Batch 2791, accuracy1+2 = 1
I0418 08:57:27.505748  7952 caffe.cpp:314] Batch 2791, accuracy1+2+3 = 1
I0418 08:57:27.630749  6080 data_layer.cpp:128] Prefetch batch: 125 ms.
I0418 08:57:27.630749  6080 data_layer.cpp:129]      Read time: 93.758 ms.
I0418 08:57:27.630749  6080 data_layer.cpp:130] Transform time: 31.244 ms.
I0418 08:57:28.490155  7952 caffe.cpp:314] Batch 2792, accuracy1+2 = 0
I0418 08:57:28.490155  7952 caffe.cpp:314] Batch 2792, accuracy1+2+3 = 1
I0418 08:57:28.615165  6080 data_layer.cpp:128] Prefetch batch: 125 ms.
I0418 08:57:28.615165  6080 data_layer.cpp:129]      Read time: 93.758 ms.
I0418 08:57:28.615165  6080 data_layer.cpp:130] Transform time: 31.252 ms.
I0418 08:57:29.458941  7952 caffe.cpp:314] Batch 2793, accuracy1+2 = 1
I0418 08:57:29.458941  7952 caffe.cpp:314] Batch 2793, accuracy1+2+3 = 1
I0418 08:57:29.583953  6080 data_layer.cpp:128] Prefetch batch: 125 ms.
I0418 08:57:29.583953  6080 data_layer.cpp:129]      Read time: 93.758 ms.
I0418 08:57:29.583953  6080 data_layer.cpp:130] Transform time: 31.254 ms.
I0418 08:57:30.443357  7952 caffe.cpp:314] Batch 2794, accuracy1+2 = 1
I0418 08:57:30.443357  7952 caffe.cpp:314] Batch 2794, accuracy1+2+3 = 1
I0418 08:57:30.537114  6080 data_layer.cpp:128] Prefetch batch: 93 ms.
I0418 08:57:30.537114  6080 data_layer.cpp:129]      Read time: 0 ms.
I0418 08:57:30.537114  6080 data_layer.cpp:130] Transform time: 93.757 ms.
I0418 08:57:31.412147  7952 caffe.cpp:314] Batch 2795, accuracy1+2 = 1
I0418 08:57:31.412147  7952 caffe.cpp:314] Batch 2795, accuracy1+2+3 = 1
I0418 08:57:31.537149  6080 data_layer.cpp:128] Prefetch batch: 125 ms.
I0418 08:57:31.537149  6080 data_layer.cpp:129]      Read time: 78.131 ms.
I0418 08:57:31.537149  6080 data_layer.cpp:130] Transform time: 46.872 ms.
I0418 08:57:32.380931  7952 caffe.cpp:314] Batch 2796, accuracy1+2 = 1
I0418 08:57:32.380931  7952 caffe.cpp:314] Batch 2796, accuracy1+2+3 = 1
I0418 08:57:32.505936  6080 data_layer.cpp:128] Prefetch batch: 125 ms.
I0418 08:57:32.505936  6080 data_layer.cpp:129]      Read time: 93.751 ms.
I0418 08:57:32.505936  6080 data_layer.cpp:130] Transform time: 31.254 ms.
I0418 08:57:33.349726  7952 caffe.cpp:314] Batch 2797, accuracy1+2 = 1
I0418 08:57:33.349726  7952 caffe.cpp:314] Batch 2797, accuracy1+2+3 = 1
I0418 08:57:33.474727  6080 data_layer.cpp:128] Prefetch batch: 125 ms.
I0418 08:57:33.474727  6080 data_layer.cpp:129]      Read time: 93.752 ms.
I0418 08:57:33.474727  6080 data_layer.cpp:130] Transform time: 31.249 ms.
I0418 08:57:34.318507  7952 caffe.cpp:314] Batch 2798, accuracy1+2 = 1
I0418 08:57:34.318507  7952 caffe.cpp:314] Batch 2798, accuracy1+2+3 = 1
I0418 08:57:34.427886  6080 data_layer.cpp:128] Prefetch batch: 109 ms.
I0418 08:57:34.427886  6080 data_layer.cpp:129]      Read time: 0 ms.
I0418 08:57:34.427886  6080 data_layer.cpp:130] Transform time: 109.379 ms.
I0418 08:57:35.334166  7952 caffe.cpp:314] Batch 2799, accuracy1+2 = 1
I0418 08:57:35.334166  7952 caffe.cpp:314] Batch 2799, accuracy1+2+3 = 1
I0418 08:57:35.459170  6080 data_layer.cpp:128] Prefetch batch: 125 ms.
I0418 08:57:35.459170  6080 data_layer.cpp:129]      Read time: 78.128 ms.
I0418 08:57:35.459170  6080 data_layer.cpp:130] Transform time: 46.877 ms.
I0418 08:57:36.334204  7952 caffe.cpp:314] Batch 2800, accuracy1+2 = 1
I0418 08:57:36.334204  7952 caffe.cpp:314] Batch 2800, accuracy1+2+3 = 1
I0418 08:57:36.459209  6080 data_layer.cpp:128] Prefetch batch: 125 ms.
I0418 08:57:36.459209  6080 data_layer.cpp:129]      Read time: 93.754 ms.
I0418 08:57:36.459209  6080 data_layer.cpp:130] Transform time: 31.251 ms.
I0418 08:57:37.318632  7952 caffe.cpp:314] Batch 2801, accuracy1+2 = 1
I0418 08:57:37.318632  7952 caffe.cpp:314] Batch 2801, accuracy1+2+3 = 1
I0418 08:57:37.443636  6080 data_layer.cpp:128] Prefetch batch: 125 ms.
I0418 08:57:37.443636  6080 data_layer.cpp:129]      Read time: 93.751 ms.
I0418 08:57:37.443636  6080 data_layer.cpp:130] Transform time: 31.253 ms.
I0418 08:57:38.287418  7952 caffe.cpp:314] Batch 2802, accuracy1+2 = 1
I0418 08:57:38.287418  7952 caffe.cpp:314] Batch 2802, accuracy1+2+3 = 1
I0418 08:57:38.412423  6080 data_layer.cpp:128] Prefetch batch: 125 ms.
I0418 08:57:38.412423  6080 data_layer.cpp:129]      Read time: 93.75 ms.
I0418 08:57:38.412423  6080 data_layer.cpp:130] Transform time: 31.255 ms.
I0418 08:57:39.271832  7952 caffe.cpp:314] Batch 2803, accuracy1+2 = 1
I0418 08:57:39.271832  7952 caffe.cpp:314] Batch 2803, accuracy1+2+3 = 1
I0418 08:57:39.396836  6080 data_layer.cpp:128] Prefetch batch: 125 ms.
I0418 08:57:39.396836  6080 data_layer.cpp:129]      Read time: 78.129 ms.
I0418 08:57:39.396836  6080 data_layer.cpp:130] Transform time: 46.875 ms.
I0418 08:57:40.240617  7952 caffe.cpp:314] Batch 2804, accuracy1+2 = 1
I0418 08:57:40.240617  7952 caffe.cpp:314] Batch 2804, accuracy1+2+3 = 1
I0418 08:57:40.350000  6080 data_layer.cpp:128] Prefetch batch: 109 ms.
I0418 08:57:40.350000  6080 data_layer.cpp:129]      Read time: 0 ms.
I0418 08:57:40.350000  6080 data_layer.cpp:130] Transform time: 109.384 ms.
I0418 08:57:41.209409  7952 caffe.cpp:314] Batch 2805, accuracy1+2 = 1
I0418 08:57:41.209409  7952 caffe.cpp:314] Batch 2805, accuracy1+2+3 = 1
I0418 08:57:41.350034  6080 data_layer.cpp:128] Prefetch batch: 140 ms.
I0418 08:57:41.350034  6080 data_layer.cpp:129]      Read time: 93.749 ms.
I0418 08:57:41.350034  6080 data_layer.cpp:130] Transform time: 46.876 ms.
I0418 08:57:42.193817  7952 caffe.cpp:314] Batch 2806, accuracy1+2 = 1
I0418 08:57:42.193817  7952 caffe.cpp:314] Batch 2806, accuracy1+2+3 = 1
I0418 08:57:42.318821  6080 data_layer.cpp:128] Prefetch batch: 125 ms.
I0418 08:57:42.318821  6080 data_layer.cpp:129]      Read time: 93.756 ms.
I0418 08:57:42.318821  6080 data_layer.cpp:130] Transform time: 31.248 ms.
I0418 08:57:43.162607  7952 caffe.cpp:314] Batch 2807, accuracy1+2 = 1
I0418 08:57:43.162607  7952 caffe.cpp:314] Batch 2807, accuracy1+2+3 = 1
I0418 08:57:43.287616  6080 data_layer.cpp:128] Prefetch batch: 125 ms.
I0418 08:57:43.287616  6080 data_layer.cpp:129]      Read time: 93.755 ms.
I0418 08:57:43.287616  6080 data_layer.cpp:130] Transform time: 31.254 ms.
I0418 08:57:44.147017  7952 caffe.cpp:314] Batch 2808, accuracy1+2 = 1
I0418 08:57:44.147017  7952 caffe.cpp:314] Batch 2808, accuracy1+2+3 = 1
I0418 08:57:44.272027  6080 data_layer.cpp:128] Prefetch batch: 125 ms.
I0418 08:57:44.272027  6080 data_layer.cpp:129]      Read time: 78.129 ms.
I0418 08:57:44.272027  6080 data_layer.cpp:130] Transform time: 46.881 ms.
I0418 08:57:45.115808  7952 caffe.cpp:314] Batch 2809, accuracy1+2 = 1
I0418 08:57:45.115808  7952 caffe.cpp:314] Batch 2809, accuracy1+2+3 = 1
I0418 08:57:45.209566  6080 data_layer.cpp:128] Prefetch batch: 93 ms.
I0418 08:57:45.209566  6080 data_layer.cpp:129]      Read time: 0 ms.
I0418 08:57:45.209566  6080 data_layer.cpp:130] Transform time: 93.758 ms.
I0418 08:57:46.084599  7952 caffe.cpp:314] Batch 2810, accuracy1+2 = 1
I0418 08:57:46.084599  7952 caffe.cpp:314] Batch 2810, accuracy1+2+3 = 1
I0418 08:57:46.209600  6080 data_layer.cpp:128] Prefetch batch: 125 ms.
I0418 08:57:46.209600  6080 data_layer.cpp:129]      Read time: 93.75 ms.
I0418 08:57:46.209600  6080 data_layer.cpp:130] Transform time: 31.252 ms.
I0418 08:57:47.053385  7952 caffe.cpp:314] Batch 2811, accuracy1+2 = 1
I0418 08:57:47.053385  7952 caffe.cpp:314] Batch 2811, accuracy1+2+3 = 1
I0418 08:57:47.178397  6080 data_layer.cpp:128] Prefetch batch: 125 ms.
I0418 08:57:47.178397  6080 data_layer.cpp:129]      Read time: 93.759 ms.
I0418 08:57:47.178397  6080 data_layer.cpp:130] Transform time: 31.253 ms.
I0418 08:57:48.037803  7952 caffe.cpp:314] Batch 2812, accuracy1+2 = 1
I0418 08:57:48.037803  7952 caffe.cpp:314] Batch 2812, accuracy1+2+3 = 1
I0418 08:57:48.162802  6080 data_layer.cpp:128] Prefetch batch: 124 ms.
I0418 08:57:48.162802  6080 data_layer.cpp:129]      Read time: 78.126 ms.
I0418 08:57:48.162802  6080 data_layer.cpp:130] Transform time: 46.873 ms.
I0418 08:57:49.006592  7952 caffe.cpp:314] Batch 2813, accuracy1+2 = 0
I0418 08:57:49.006592  7952 caffe.cpp:314] Batch 2813, accuracy1+2+3 = 0
I0418 08:57:49.115967  6080 data_layer.cpp:128] Prefetch batch: 109 ms.
I0418 08:57:49.115967  6080 data_layer.cpp:129]      Read time: 0 ms.
I0418 08:57:49.115967  6080 data_layer.cpp:130] Transform time: 109.375 ms.
I0418 08:57:49.975378  7952 caffe.cpp:314] Batch 2814, accuracy1+2 = 1
I0418 08:57:49.975378  7952 caffe.cpp:314] Batch 2814, accuracy1+2+3 = 1
I0418 08:57:50.100378  6080 data_layer.cpp:128] Prefetch batch: 125 ms.
I0418 08:57:50.100378  6080 data_layer.cpp:129]      Read time: 93.748 ms.
I0418 08:57:50.100378  6080 data_layer.cpp:130] Transform time: 31.253 ms.
I0418 08:57:50.944159  7952 caffe.cpp:314] Batch 2815, accuracy1+2 = 1
I0418 08:57:50.944159  7952 caffe.cpp:314] Batch 2815, accuracy1+2+3 = 1
I0418 08:57:51.069171  6080 data_layer.cpp:128] Prefetch batch: 125 ms.
I0418 08:57:51.069171  6080 data_layer.cpp:129]      Read time: 93.755 ms.
I0418 08:57:51.069171  6080 data_layer.cpp:130] Transform time: 31.257 ms.
I0418 08:57:51.928835  7952 caffe.cpp:314] Batch 2816, accuracy1+2 = 1
I0418 08:57:51.928835  7952 caffe.cpp:314] Batch 2816, accuracy1+2+3 = 1
I0418 08:57:52.053840  6080 data_layer.cpp:128] Prefetch batch: 125 ms.
I0418 08:57:52.053840  6080 data_layer.cpp:129]      Read time: 77.873 ms.
I0418 08:57:52.053840  6080 data_layer.cpp:130] Transform time: 47.132 ms.
I0418 08:57:52.897362  7952 caffe.cpp:314] Batch 2817, accuracy1+2 = 0
I0418 08:57:52.897362  7952 caffe.cpp:314] Batch 2817, accuracy1+2+3 = 0
I0418 08:57:52.991116  6080 data_layer.cpp:128] Prefetch batch: 93 ms.
I0418 08:57:52.991116  6080 data_layer.cpp:129]      Read time: 0 ms.
I0418 08:57:52.991116  6080 data_layer.cpp:130] Transform time: 93.753 ms.
I0418 08:57:53.866155  7952 caffe.cpp:314] Batch 2818, accuracy1+2 = 1
I0418 08:57:53.866155  7952 caffe.cpp:314] Batch 2818, accuracy1+2+3 = 1
I0418 08:57:53.991160  6080 data_layer.cpp:128] Prefetch batch: 125 ms.
I0418 08:57:53.991160  6080 data_layer.cpp:129]      Read time: 93.754 ms.
I0418 08:57:53.991160  6080 data_layer.cpp:130] Transform time: 31.251 ms.
I0418 08:57:54.834942  7952 caffe.cpp:314] Batch 2819, accuracy1+2 = 1
I0418 08:57:54.834942  7952 caffe.cpp:314] Batch 2819, accuracy1+2+3 = 1
I0418 08:57:54.975575  6080 data_layer.cpp:128] Prefetch batch: 140 ms.
I0418 08:57:54.975575  6080 data_layer.cpp:129]      Read time: 94.001 ms.
I0418 08:57:54.975575  6080 data_layer.cpp:130] Transform time: 30.998 ms.
I0418 08:57:55.819353  7952 caffe.cpp:314] Batch 2820, accuracy1+2 = 1
I0418 08:57:55.819353  7952 caffe.cpp:314] Batch 2820, accuracy1+2+3 = 1
I0418 08:57:55.944355  6080 data_layer.cpp:128] Prefetch batch: 125 ms.
I0418 08:57:55.944355  6080 data_layer.cpp:129]      Read time: 78.131 ms.
I0418 08:57:55.944355  6080 data_layer.cpp:130] Transform time: 46.871 ms.
I0418 08:57:56.788141  7952 caffe.cpp:314] Batch 2821, accuracy1+2 = 1
I0418 08:57:56.788141  7952 caffe.cpp:314] Batch 2821, accuracy1+2+3 = 1
I0418 08:57:56.913151  6080 data_layer.cpp:128] Prefetch batch: 125 ms.
I0418 08:57:56.913151  6080 data_layer.cpp:129]      Read time: 93.752 ms.
I0418 08:57:56.913151  6080 data_layer.cpp:130] Transform time: 31.259 ms.
I0418 08:57:57.756932  7952 caffe.cpp:314] Batch 2822, accuracy1+2 = 1
I0418 08:57:57.756932  7952 caffe.cpp:314] Batch 2822, accuracy1+2+3 = 1
I0418 08:57:57.881932  6080 data_layer.cpp:128] Prefetch batch: 125 ms.
I0418 08:57:57.881932  6080 data_layer.cpp:129]      Read time: 93.752 ms.
I0418 08:57:57.881932  6080 data_layer.cpp:130] Transform time: 31.248 ms.
I0418 08:57:58.741339  7952 caffe.cpp:314] Batch 2823, accuracy1+2 = 1
I0418 08:57:58.741339  7952 caffe.cpp:314] Batch 2823, accuracy1+2+3 = 1
I0418 08:57:58.835103  6080 data_layer.cpp:128] Prefetch batch: 93 ms.
I0418 08:57:58.835103  6080 data_layer.cpp:129]      Read time: 0 ms.
I0418 08:57:58.835103  6080 data_layer.cpp:130] Transform time: 93.764 ms.
I0418 08:57:59.710129  7952 caffe.cpp:314] Batch 2824, accuracy1+2 = 1
I0418 08:57:59.710129  7952 caffe.cpp:314] Batch 2824, accuracy1+2+3 = 1
I0418 08:57:59.835139  6080 data_layer.cpp:128] Prefetch batch: 125 ms.
I0418 08:57:59.835139  6080 data_layer.cpp:129]      Read time: 93.984 ms.
I0418 08:57:59.835139  6080 data_layer.cpp:130] Transform time: 31.026 ms.
I0418 08:58:00.679138  7952 caffe.cpp:314] Batch 2825, accuracy1+2 = 1
I0418 08:58:00.679138  7952 caffe.cpp:314] Batch 2825, accuracy1+2+3 = 1
I0418 08:58:00.804147  6080 data_layer.cpp:128] Prefetch batch: 125 ms.
I0418 08:58:00.804147  6080 data_layer.cpp:129]      Read time: 93.542 ms.
I0418 08:58:00.804147  6080 data_layer.cpp:130] Transform time: 31.467 ms.
I0418 08:58:01.663329  7952 caffe.cpp:314] Batch 2826, accuracy1+2 = 1
I0418 08:58:01.663329  7952 caffe.cpp:314] Batch 2826, accuracy1+2+3 = 1
I0418 08:58:01.788341  6080 data_layer.cpp:128] Prefetch batch: 125 ms.
I0418 08:58:01.788341  6080 data_layer.cpp:129]      Read time: 78.136 ms.
I0418 08:58:01.788341  6080 data_layer.cpp:130] Transform time: 46.875 ms.
I0418 08:58:02.632124  7952 caffe.cpp:314] Batch 2827, accuracy1+2 = 1
I0418 08:58:02.632124  7952 caffe.cpp:314] Batch 2827, accuracy1+2+3 = 1
I0418 08:58:02.757129  6080 data_layer.cpp:128] Prefetch batch: 125 ms.
I0418 08:58:02.757129  6080 data_layer.cpp:129]      Read time: 93.754 ms.
I0418 08:58:02.757129  6080 data_layer.cpp:130] Transform time: 31.251 ms.
I0418 08:58:03.600913  7952 caffe.cpp:314] Batch 2828, accuracy1+2 = 1
I0418 08:58:03.600913  7952 caffe.cpp:314] Batch 2828, accuracy1+2+3 = 1
I0418 08:58:03.710294  6080 data_layer.cpp:128] Prefetch batch: 109 ms.
I0418 08:58:03.710294  6080 data_layer.cpp:129]      Read time: 0 ms.
I0418 08:58:03.710294  6080 data_layer.cpp:130] Transform time: 109.381 ms.
I0418 08:58:04.569694  7952 caffe.cpp:314] Batch 2829, accuracy1+2 = 1
I0418 08:58:04.569694  7952 caffe.cpp:314] Batch 2829, accuracy1+2+3 = 1
I0418 08:58:04.694702  6080 data_layer.cpp:128] Prefetch batch: 125 ms.
I0418 08:58:04.694702  6080 data_layer.cpp:129]      Read time: 93.759 ms.
I0418 08:58:04.694702  6080 data_layer.cpp:130] Transform time: 31.249 ms.
I0418 08:58:05.554302  7952 caffe.cpp:314] Batch 2830, accuracy1+2 = 1
I0418 08:58:05.554302  7952 caffe.cpp:314] Batch 2830, accuracy1+2+3 = 1
I0418 08:58:05.679303  6080 data_layer.cpp:128] Prefetch batch: 125 ms.
I0418 08:58:05.679303  6080 data_layer.cpp:129]      Read time: 77.937 ms.
I0418 08:58:05.679303  6080 data_layer.cpp:130] Transform time: 47.064 ms.
I0418 08:58:06.522896  7952 caffe.cpp:314] Batch 2831, accuracy1+2 = 1
I0418 08:58:06.522896  7952 caffe.cpp:314] Batch 2831, accuracy1+2+3 = 1
I0418 08:58:06.647903  6080 data_layer.cpp:128] Prefetch batch: 125 ms.
I0418 08:58:06.647903  6080 data_layer.cpp:129]      Read time: 93.757 ms.
I0418 08:58:06.647903  6080 data_layer.cpp:130] Transform time: 31.251 ms.
I0418 08:58:07.491686  7952 caffe.cpp:314] Batch 2832, accuracy1+2 = 1
I0418 08:58:07.491686  7952 caffe.cpp:314] Batch 2832, accuracy1+2+3 = 1
I0418 08:58:07.616689  6080 data_layer.cpp:128] Prefetch batch: 125 ms.
I0418 08:58:07.616689  6080 data_layer.cpp:129]      Read time: 93.754 ms.
I0418 08:58:07.616689  6080 data_layer.cpp:130] Transform time: 31.249 ms.
I0418 08:58:08.460472  7952 caffe.cpp:314] Batch 2833, accuracy1+2 = 0
I0418 08:58:08.460472  7952 caffe.cpp:314] Batch 2833, accuracy1+2+3 = 0
I0418 08:58:08.569857  6080 data_layer.cpp:128] Prefetch batch: 109 ms.
I0418 08:58:08.569857  6080 data_layer.cpp:129]      Read time: 0 ms.
I0418 08:58:08.569857  6080 data_layer.cpp:130] Transform time: 109.385 ms.
I0418 08:58:09.444890  7952 caffe.cpp:314] Batch 2834, accuracy1+2 = 1
I0418 08:58:09.444890  7952 caffe.cpp:314] Batch 2834, accuracy1+2+3 = 1
I0418 08:58:09.569890  6080 data_layer.cpp:128] Prefetch batch: 125 ms.
I0418 08:58:09.569890  6080 data_layer.cpp:129]      Read time: 78.124 ms.
I0418 08:58:09.569890  6080 data_layer.cpp:130] Transform time: 46.877 ms.
I0418 08:58:10.413678  7952 caffe.cpp:314] Batch 2835, accuracy1+2 = 1
I0418 08:58:10.413678  7952 caffe.cpp:314] Batch 2835, accuracy1+2+3 = 1
I0418 08:58:10.538679  6080 data_layer.cpp:128] Prefetch batch: 125 ms.
I0418 08:58:10.538679  6080 data_layer.cpp:129]      Read time: 93.75 ms.
I0418 08:58:10.538679  6080 data_layer.cpp:130] Transform time: 31.251 ms.
I0418 08:58:11.382467  7952 caffe.cpp:314] Batch 2836, accuracy1+2 = 1
I0418 08:58:11.382467  7952 caffe.cpp:314] Batch 2836, accuracy1+2+3 = 1
I0418 08:58:11.507467  6080 data_layer.cpp:128] Prefetch batch: 125 ms.
I0418 08:58:11.507467  6080 data_layer.cpp:129]      Read time: 93.749 ms.
I0418 08:58:11.507467  6080 data_layer.cpp:130] Transform time: 31.251 ms.
I0418 08:58:12.382506  7952 caffe.cpp:314] Batch 2837, accuracy1+2 = 1
I0418 08:58:12.382506  7952 caffe.cpp:314] Batch 2837, accuracy1+2+3 = 1
I0418 08:58:12.507509  6080 data_layer.cpp:128] Prefetch batch: 125 ms.
I0418 08:58:12.507509  6080 data_layer.cpp:129]      Read time: 93.754 ms.
I0418 08:58:12.507509  6080 data_layer.cpp:130] Transform time: 31.249 ms.
I0418 08:58:13.398171  7952 caffe.cpp:314] Batch 2838, accuracy1+2 = 1
I0418 08:58:13.398171  7952 caffe.cpp:314] Batch 2838, accuracy1+2+3 = 1
I0418 08:58:13.523171  6080 data_layer.cpp:128] Prefetch batch: 125 ms.
I0418 08:58:13.523171  6080 data_layer.cpp:129]      Read time: 93.749 ms.
I0418 08:58:13.523171  6080 data_layer.cpp:130] Transform time: 31.251 ms.
I0418 08:58:14.366961  7952 caffe.cpp:314] Batch 2839, accuracy1+2 = 1
I0418 08:58:14.366961  7952 caffe.cpp:314] Batch 2839, accuracy1+2+3 = 1
I0418 08:58:14.476333  6080 data_layer.cpp:128] Prefetch batch: 109 ms.
I0418 08:58:14.476333  6080 data_layer.cpp:129]      Read time: 15.624 ms.
I0418 08:58:14.476333  6080 data_layer.cpp:130] Transform time: 93.748 ms.
I0418 08:58:15.351368  7952 caffe.cpp:314] Batch 2840, accuracy1+2 = 1
I0418 08:58:15.351368  7952 caffe.cpp:314] Batch 2840, accuracy1+2+3 = 1
I0418 08:58:15.476373  6080 data_layer.cpp:128] Prefetch batch: 125 ms.
I0418 08:58:15.476373  6080 data_layer.cpp:129]      Read time: 93.757 ms.
I0418 08:58:15.476373  6080 data_layer.cpp:130] Transform time: 31.248 ms.
I0418 08:58:16.320163  7952 caffe.cpp:314] Batch 2841, accuracy1+2 = 1
I0418 08:58:16.320163  7952 caffe.cpp:314] Batch 2841, accuracy1+2+3 = 1
I0418 08:58:16.445161  6080 data_layer.cpp:128] Prefetch batch: 124 ms.
I0418 08:58:16.445161  6080 data_layer.cpp:129]      Read time: 93.752 ms.
I0418 08:58:16.445161  6080 data_layer.cpp:130] Transform time: 31.246 ms.
I0418 08:58:17.288949  7952 caffe.cpp:314] Batch 2842, accuracy1+2 = 1
I0418 08:58:17.288949  7952 caffe.cpp:314] Batch 2842, accuracy1+2+3 = 1
I0418 08:58:17.413947  6080 data_layer.cpp:128] Prefetch batch: 124 ms.
I0418 08:58:17.413947  6080 data_layer.cpp:129]      Read time: 93.753 ms.
I0418 08:58:17.413947  6080 data_layer.cpp:130] Transform time: 31.246 ms.
I0418 08:58:18.273358  7952 caffe.cpp:314] Batch 2843, accuracy1+2 = 1
I0418 08:58:18.273358  7952 caffe.cpp:314] Batch 2843, accuracy1+2+3 = 1
I0418 08:58:18.398363  6080 data_layer.cpp:128] Prefetch batch: 125 ms.
I0418 08:58:18.398363  6080 data_layer.cpp:129]      Read time: 78.126 ms.
I0418 08:58:18.398363  6080 data_layer.cpp:130] Transform time: 46.879 ms.
I0418 08:58:19.242144  7952 caffe.cpp:314] Batch 2844, accuracy1+2 = 1
I0418 08:58:19.242144  7952 caffe.cpp:314] Batch 2844, accuracy1+2+3 = 1
I0418 08:58:19.335902  6080 data_layer.cpp:128] Prefetch batch: 93 ms.
I0418 08:58:19.335902  6080 data_layer.cpp:129]      Read time: 0 ms.
I0418 08:58:19.335902  6080 data_layer.cpp:130] Transform time: 93.758 ms.
I0418 08:58:20.210938  7952 caffe.cpp:314] Batch 2845, accuracy1+2 = 1
I0418 08:58:20.210938  7952 caffe.cpp:314] Batch 2845, accuracy1+2+3 = 1
I0418 08:58:20.335942  6080 data_layer.cpp:128] Prefetch batch: 125 ms.
I0418 08:58:20.335942  6080 data_layer.cpp:129]      Read time: 93.845 ms.
I0418 08:58:20.335942  6080 data_layer.cpp:130] Transform time: 31.159 ms.
I0418 08:58:21.195348  7952 caffe.cpp:314] Batch 2846, accuracy1+2 = 1
I0418 08:58:21.195348  7952 caffe.cpp:314] Batch 2846, accuracy1+2+3 = 1
I0418 08:58:21.320358  6080 data_layer.cpp:128] Prefetch batch: 125 ms.
I0418 08:58:21.320358  6080 data_layer.cpp:129]      Read time: 78.127 ms.
I0418 08:58:21.320358  6080 data_layer.cpp:130] Transform time: 46.882 ms.
I0418 08:58:22.164132  7952 caffe.cpp:314] Batch 2847, accuracy1+2 = 1
I0418 08:58:22.164132  7952 caffe.cpp:314] Batch 2847, accuracy1+2+3 = 1
I0418 08:58:22.289142  6080 data_layer.cpp:128] Prefetch batch: 125 ms.
I0418 08:58:22.289142  6080 data_layer.cpp:129]      Read time: 93.757 ms.
I0418 08:58:22.289142  6080 data_layer.cpp:130] Transform time: 31.253 ms.
I0418 08:58:23.132921  7952 caffe.cpp:314] Batch 2848, accuracy1+2 = 1
I0418 08:58:23.132921  7952 caffe.cpp:314] Batch 2848, accuracy1+2+3 = 1
I0418 08:58:23.257926  6080 data_layer.cpp:128] Prefetch batch: 125 ms.
I0418 08:58:23.257926  6080 data_layer.cpp:129]      Read time: 93.761 ms.
I0418 08:58:23.257926  6080 data_layer.cpp:130] Transform time: 31.244 ms.
I0418 08:58:24.117336  7952 caffe.cpp:314] Batch 2849, accuracy1+2 = 1
I0418 08:58:24.117336  7952 caffe.cpp:314] Batch 2849, accuracy1+2+3 = 1
I0418 08:58:24.242341  6080 data_layer.cpp:128] Prefetch batch: 125 ms.
I0418 08:58:24.242341  6080 data_layer.cpp:129]      Read time: 78.135 ms.
I0418 08:58:24.242341  6080 data_layer.cpp:130] Transform time: 46.87 ms.
I0418 08:58:25.086128  7952 caffe.cpp:314] Batch 2850, accuracy1+2 = 1
I0418 08:58:25.086128  7952 caffe.cpp:314] Batch 2850, accuracy1+2+3 = 1
I0418 08:58:25.179936  6080 data_layer.cpp:128] Prefetch batch: 93 ms.
I0418 08:58:25.179936  6080 data_layer.cpp:129]      Read time: 0 ms.
I0418 08:58:25.179936  6080 data_layer.cpp:130] Transform time: 93.808 ms.
I0418 08:58:26.054961  7952 caffe.cpp:314] Batch 2851, accuracy1+2 = 1
I0418 08:58:26.054961  7952 caffe.cpp:314] Batch 2851, accuracy1+2+3 = 1
I0418 08:58:26.179968  6080 data_layer.cpp:128] Prefetch batch: 125 ms.
I0418 08:58:26.179968  6080 data_layer.cpp:129]      Read time: 93.709 ms.
I0418 08:58:26.179968  6080 data_layer.cpp:130] Transform time: 31.298 ms.
I0418 08:58:27.023705  7952 caffe.cpp:314] Batch 2852, accuracy1+2 = 1
I0418 08:58:27.023705  7952 caffe.cpp:314] Batch 2852, accuracy1+2+3 = 1
I0418 08:58:27.148706  6080 data_layer.cpp:128] Prefetch batch: 125 ms.
I0418 08:58:27.148706  6080 data_layer.cpp:129]      Read time: 93.752 ms.
I0418 08:58:27.148706  6080 data_layer.cpp:130] Transform time: 31.249 ms.
I0418 08:58:28.008111  7952 caffe.cpp:314] Batch 2853, accuracy1+2 = 1
I0418 08:58:28.008111  7952 caffe.cpp:314] Batch 2853, accuracy1+2+3 = 1
I0418 08:58:28.133116  6080 data_layer.cpp:128] Prefetch batch: 125 ms.
I0418 08:58:28.133116  6080 data_layer.cpp:129]      Read time: 78.129 ms.
I0418 08:58:28.133116  6080 data_layer.cpp:130] Transform time: 46.876 ms.
I0418 08:58:28.976912  7952 caffe.cpp:314] Batch 2854, accuracy1+2 = 1
I0418 08:58:28.976912  7952 caffe.cpp:314] Batch 2854, accuracy1+2+3 = 1
I0418 08:58:29.101908  6080 data_layer.cpp:128] Prefetch batch: 124 ms.
I0418 08:58:29.101908  6080 data_layer.cpp:129]      Read time: 93.747 ms.
I0418 08:58:29.101908  6080 data_layer.cpp:130] Transform time: 31.25 ms.
I0418 08:58:29.945695  7952 caffe.cpp:314] Batch 2855, accuracy1+2 = 1
I0418 08:58:29.945695  7952 caffe.cpp:314] Batch 2855, accuracy1+2+3 = 1
I0418 08:58:30.055090  6080 data_layer.cpp:128] Prefetch batch: 93 ms.
I0418 08:58:30.055090  6080 data_layer.cpp:129]      Read time: 0 ms.
I0418 08:58:30.055090  6080 data_layer.cpp:130] Transform time: 93.771 ms.
I0418 08:58:30.930120  7952 caffe.cpp:314] Batch 2856, accuracy1+2 = 1
I0418 08:58:30.930120  7952 caffe.cpp:314] Batch 2856, accuracy1+2+3 = 1
I0418 08:58:31.055130  6080 data_layer.cpp:128] Prefetch batch: 125 ms.
I0418 08:58:31.055130  6080 data_layer.cpp:129]      Read time: 78.11 ms.
I0418 08:58:31.055130  6080 data_layer.cpp:130] Transform time: 46.9 ms.
I0418 08:58:31.898891  7952 caffe.cpp:314] Batch 2857, accuracy1+2 = 0
I0418 08:58:31.898891  7952 caffe.cpp:314] Batch 2857, accuracy1+2+3 = 0
I0418 08:58:32.023896  6080 data_layer.cpp:128] Prefetch batch: 125 ms.
I0418 08:58:32.023896  6080 data_layer.cpp:129]      Read time: 93.755 ms.
I0418 08:58:32.023896  6080 data_layer.cpp:130] Transform time: 31.25 ms.
I0418 08:58:32.867686  7952 caffe.cpp:314] Batch 2858, accuracy1+2 = 1
I0418 08:58:32.867686  7952 caffe.cpp:314] Batch 2858, accuracy1+2+3 = 1
I0418 08:58:32.992683  6080 data_layer.cpp:128] Prefetch batch: 124 ms.
I0418 08:58:32.992683  6080 data_layer.cpp:129]      Read time: 93.745 ms.
I0418 08:58:32.992683  6080 data_layer.cpp:130] Transform time: 31.253 ms.
I0418 08:58:33.852095  7952 caffe.cpp:314] Batch 2859, accuracy1+2 = 1
I0418 08:58:33.852095  7952 caffe.cpp:314] Batch 2859, accuracy1+2+3 = 1
I0418 08:58:33.977097  6080 data_layer.cpp:128] Prefetch batch: 125 ms.
I0418 08:58:33.977097  6080 data_layer.cpp:129]      Read time: 78.13 ms.
I0418 08:58:33.977097  6080 data_layer.cpp:130] Transform time: 46.872 ms.
I0418 08:58:34.820885  7952 caffe.cpp:314] Batch 2860, accuracy1+2 = 1
I0418 08:58:34.820885  7952 caffe.cpp:314] Batch 2860, accuracy1+2+3 = 1
I0418 08:58:34.930265  6080 data_layer.cpp:128] Prefetch batch: 109 ms.
I0418 08:58:34.930265  6080 data_layer.cpp:129]      Read time: 0 ms.
I0418 08:58:34.930265  6080 data_layer.cpp:130] Transform time: 109.38 ms.
I0418 08:58:35.789669  7952 caffe.cpp:314] Batch 2861, accuracy1+2 = 1
I0418 08:58:35.789669  7952 caffe.cpp:314] Batch 2861, accuracy1+2+3 = 1
I0418 08:58:35.914680  6080 data_layer.cpp:128] Prefetch batch: 125 ms.
I0418 08:58:35.914680  6080 data_layer.cpp:129]      Read time: 93.755 ms.
I0418 08:58:35.914680  6080 data_layer.cpp:130] Transform time: 31.256 ms.
I0418 08:58:36.774088  7952 caffe.cpp:314] Batch 2862, accuracy1+2 = 0
I0418 08:58:36.774088  7952 caffe.cpp:314] Batch 2862, accuracy1+2+3 = 0
I0418 08:58:36.899090  6080 data_layer.cpp:128] Prefetch batch: 125 ms.
I0418 08:58:36.899090  6080 data_layer.cpp:129]      Read time: 78.127 ms.
I0418 08:58:36.899090  6080 data_layer.cpp:130] Transform time: 46.874 ms.
I0418 08:58:37.742877  7952 caffe.cpp:314] Batch 2863, accuracy1+2 = 1
I0418 08:58:37.742877  7952 caffe.cpp:314] Batch 2863, accuracy1+2+3 = 1
I0418 08:58:37.867878  6080 data_layer.cpp:128] Prefetch batch: 125 ms.
I0418 08:58:37.867878  6080 data_layer.cpp:129]      Read time: 93.76 ms.
I0418 08:58:37.867878  6080 data_layer.cpp:130] Transform time: 31.241 ms.
I0418 08:58:38.711660  7952 caffe.cpp:314] Batch 2864, accuracy1+2 = 1
I0418 08:58:38.711660  7952 caffe.cpp:314] Batch 2864, accuracy1+2+3 = 1
I0418 08:58:38.836668  6080 data_layer.cpp:128] Prefetch batch: 125 ms.
I0418 08:58:38.836668  6080 data_layer.cpp:129]      Read time: 93.744 ms.
I0418 08:58:38.836668  6080 data_layer.cpp:130] Transform time: 31.264 ms.
I0418 08:58:39.680438  7952 caffe.cpp:314] Batch 2865, accuracy1+2 = 1
I0418 08:58:39.680438  7952 caffe.cpp:314] Batch 2865, accuracy1+2+3 = 1
I0418 08:58:39.805444  6080 data_layer.cpp:128] Prefetch batch: 125 ms.
I0418 08:58:39.805444  6080 data_layer.cpp:129]      Read time: 93.765 ms.
I0418 08:58:39.805444  6080 data_layer.cpp:130] Transform time: 31.24 ms.
I0418 08:58:40.664862  7952 caffe.cpp:314] Batch 2866, accuracy1+2 = 1
I0418 08:58:40.664862  7952 caffe.cpp:314] Batch 2866, accuracy1+2+3 = 1
I0418 08:58:40.758618  6080 data_layer.cpp:128] Prefetch batch: 93 ms.
I0418 08:58:40.758618  6080 data_layer.cpp:129]      Read time: 0 ms.
I0418 08:58:40.758618  6080 data_layer.cpp:130] Transform time: 93.756 ms.
I0418 08:58:41.633654  7952 caffe.cpp:314] Batch 2867, accuracy1+2 = 1
I0418 08:58:41.633654  7952 caffe.cpp:314] Batch 2867, accuracy1+2+3 = 1
I0418 08:58:41.758652  6080 data_layer.cpp:128] Prefetch batch: 124 ms.
I0418 08:58:41.758652  6080 data_layer.cpp:129]      Read time: 78.123 ms.
I0418 08:58:41.758652  6080 data_layer.cpp:130] Transform time: 46.875 ms.
I0418 08:58:42.602442  7952 caffe.cpp:314] Batch 2868, accuracy1+2 = 1
I0418 08:58:42.602442  7952 caffe.cpp:314] Batch 2868, accuracy1+2+3 = 1
I0418 08:58:42.727447  6080 data_layer.cpp:128] Prefetch batch: 125 ms.
I0418 08:58:42.727447  6080 data_layer.cpp:129]      Read time: 93.752 ms.
I0418 08:58:42.727447  6080 data_layer.cpp:130] Transform time: 31.252 ms.
I0418 08:58:43.571221  7952 caffe.cpp:314] Batch 2869, accuracy1+2 = 0
I0418 08:58:43.571221  7952 caffe.cpp:314] Batch 2869, accuracy1+2+3 = 0
I0418 08:58:43.696221  6080 data_layer.cpp:128] Prefetch batch: 125 ms.
I0418 08:58:43.696221  6080 data_layer.cpp:129]      Read time: 93.749 ms.
I0418 08:58:43.696221  6080 data_layer.cpp:130] Transform time: 31.251 ms.
I0418 08:58:44.571269  7952 caffe.cpp:314] Batch 2870, accuracy1+2 = 1
I0418 08:58:44.571269  7952 caffe.cpp:314] Batch 2870, accuracy1+2+3 = 1
I0418 08:58:44.696274  6080 data_layer.cpp:128] Prefetch batch: 125 ms.
I0418 08:58:44.696274  6080 data_layer.cpp:129]      Read time: 93.755 ms.
I0418 08:58:44.696274  6080 data_layer.cpp:130] Transform time: 31.25 ms.
I0418 08:58:45.555668  7952 caffe.cpp:314] Batch 2871, accuracy1+2 = 1
I0418 08:58:45.555668  7952 caffe.cpp:314] Batch 2871, accuracy1+2+3 = 1
I0418 08:58:45.649430  6080 data_layer.cpp:128] Prefetch batch: 93 ms.
I0418 08:58:45.649430  6080 data_layer.cpp:129]      Read time: 0 ms.
I0418 08:58:45.649430  6080 data_layer.cpp:130] Transform time: 93.762 ms.
I0418 08:58:46.524472  7952 caffe.cpp:314] Batch 2872, accuracy1+2 = 1
I0418 08:58:46.524472  7952 caffe.cpp:314] Batch 2872, accuracy1+2+3 = 1
I0418 08:58:46.649477  6080 data_layer.cpp:128] Prefetch batch: 125 ms.
I0418 08:58:46.649477  6080 data_layer.cpp:129]      Read time: 93.752 ms.
I0418 08:58:46.649477  6080 data_layer.cpp:130] Transform time: 31.253 ms.
I0418 08:58:47.493257  7952 caffe.cpp:314] Batch 2873, accuracy1+2 = 1
I0418 08:58:47.493257  7952 caffe.cpp:314] Batch 2873, accuracy1+2+3 = 1
I0418 08:58:47.618250  6080 data_layer.cpp:128] Prefetch batch: 124 ms.
I0418 08:58:47.618250  6080 data_layer.cpp:129]      Read time: 93.755 ms.
I0418 08:58:47.618250  6080 data_layer.cpp:130] Transform time: 31.239 ms.
I0418 08:58:48.462045  7952 caffe.cpp:314] Batch 2874, accuracy1+2 = 1
I0418 08:58:48.462045  7952 caffe.cpp:314] Batch 2874, accuracy1+2+3 = 1
I0418 08:58:48.587046  6080 data_layer.cpp:128] Prefetch batch: 125 ms.
I0418 08:58:48.587046  6080 data_layer.cpp:129]      Read time: 93.741 ms.
I0418 08:58:48.587046  6080 data_layer.cpp:130] Transform time: 31.26 ms.
I0418 08:58:49.446477  7952 caffe.cpp:314] Batch 2875, accuracy1+2 = 1
I0418 08:58:49.446477  7952 caffe.cpp:314] Batch 2875, accuracy1+2+3 = 1
I0418 08:58:49.571452  6080 data_layer.cpp:128] Prefetch batch: 124 ms.
I0418 08:58:49.571452  6080 data_layer.cpp:129]      Read time: 93.728 ms.
I0418 08:58:49.571452  6080 data_layer.cpp:130] Transform time: 31.247 ms.
I0418 08:58:50.446493  7952 caffe.cpp:314] Batch 2876, accuracy1+2 = 1
I0418 08:58:50.446493  7952 caffe.cpp:314] Batch 2876, accuracy1+2+3 = 1
I0418 08:58:50.555865  6080 data_layer.cpp:128] Prefetch batch: 109 ms.
I0418 08:58:50.555865  6080 data_layer.cpp:129]      Read time: 0 ms.
I0418 08:58:50.555865  6080 data_layer.cpp:130] Transform time: 109.371 ms.
I0418 08:58:51.462164  7952 caffe.cpp:314] Batch 2877, accuracy1+2 = 1
I0418 08:58:51.462164  7952 caffe.cpp:314] Batch 2877, accuracy1+2+3 = 1
I0418 08:58:51.587167  6080 data_layer.cpp:128] Prefetch batch: 125 ms.
I0418 08:58:51.587167  6080 data_layer.cpp:129]      Read time: 93.74 ms.
I0418 08:58:51.587167  6080 data_layer.cpp:130] Transform time: 31.262 ms.
I0418 08:58:52.462203  7952 caffe.cpp:314] Batch 2878, accuracy1+2 = 1
I0418 08:58:52.462203  7952 caffe.cpp:314] Batch 2878, accuracy1+2+3 = 1
I0418 08:58:52.587251  6080 data_layer.cpp:128] Prefetch batch: 125 ms.
I0418 08:58:52.587251  6080 data_layer.cpp:129]      Read time: 93.741 ms.
I0418 08:58:52.587251  6080 data_layer.cpp:130] Transform time: 31.308 ms.
I0418 08:58:53.430977  7952 caffe.cpp:314] Batch 2879, accuracy1+2 = 1
I0418 08:58:53.430977  7952 caffe.cpp:314] Batch 2879, accuracy1+2+3 = 1
I0418 08:58:53.555982  6080 data_layer.cpp:128] Prefetch batch: 125 ms.
I0418 08:58:53.555982  6080 data_layer.cpp:129]      Read time: 93.763 ms.
I0418 08:58:53.555982  6080 data_layer.cpp:130] Transform time: 31.242 ms.
I0418 08:58:54.415403  7952 caffe.cpp:314] Batch 2880, accuracy1+2 = 1
I0418 08:58:54.415403  7952 caffe.cpp:314] Batch 2880, accuracy1+2+3 = 1
I0418 08:58:54.540403  6080 data_layer.cpp:128] Prefetch batch: 125 ms.
I0418 08:58:54.540403  6080 data_layer.cpp:129]      Read time: 78.13 ms.
I0418 08:58:54.540403  6080 data_layer.cpp:130] Transform time: 46.87 ms.
I0418 08:58:55.384191  7952 caffe.cpp:314] Batch 2881, accuracy1+2 = 1
I0418 08:58:55.384191  7952 caffe.cpp:314] Batch 2881, accuracy1+2+3 = 1
I0418 08:58:55.493569  6080 data_layer.cpp:128] Prefetch batch: 109 ms.
I0418 08:58:55.493569  6080 data_layer.cpp:129]      Read time: 0 ms.
I0418 08:58:55.493569  6080 data_layer.cpp:130] Transform time: 109.378 ms.
I0418 08:58:56.352980  7952 caffe.cpp:314] Batch 2882, accuracy1+2 = 1
I0418 08:58:56.352980  7952 caffe.cpp:314] Batch 2882, accuracy1+2+3 = 1
I0418 08:58:56.477982  6080 data_layer.cpp:128] Prefetch batch: 125 ms.
I0418 08:58:56.477982  6080 data_layer.cpp:129]      Read time: 93.753 ms.
I0418 08:58:56.477982  6080 data_layer.cpp:130] Transform time: 31.249 ms.
I0418 08:58:57.321766  7952 caffe.cpp:314] Batch 2883, accuracy1+2 = 1
I0418 08:58:57.321766  7952 caffe.cpp:314] Batch 2883, accuracy1+2+3 = 1
I0418 08:58:57.462396  6080 data_layer.cpp:128] Prefetch batch: 140 ms.
I0418 08:58:57.462396  6080 data_layer.cpp:129]      Read time: 93.756 ms.
I0418 08:58:57.462396  6080 data_layer.cpp:130] Transform time: 46.874 ms.
I0418 08:58:58.306169  7952 caffe.cpp:314] Batch 2884, accuracy1+2 = 0
I0418 08:58:58.306169  7952 caffe.cpp:314] Batch 2884, accuracy1+2+3 = 0
I0418 08:58:58.431174  6080 data_layer.cpp:128] Prefetch batch: 125 ms.
I0418 08:58:58.431174  6080 data_layer.cpp:129]      Read time: 78.144 ms.
I0418 08:58:58.431174  6080 data_layer.cpp:130] Transform time: 46.861 ms.
I0418 08:58:59.274967  7952 caffe.cpp:314] Batch 2885, accuracy1+2 = 1
I0418 08:58:59.274967  7952 caffe.cpp:314] Batch 2885, accuracy1+2+3 = 1
I0418 08:58:59.399969  6080 data_layer.cpp:128] Prefetch batch: 125 ms.
I0418 08:58:59.399969  6080 data_layer.cpp:129]      Read time: 93.761 ms.
I0418 08:58:59.399969  6080 data_layer.cpp:130] Transform time: 31.241 ms.
I0418 08:59:00.259392  7952 caffe.cpp:314] Batch 2886, accuracy1+2 = 0
I0418 08:59:00.259392  7952 caffe.cpp:314] Batch 2886, accuracy1+2+3 = 0
I0418 08:59:00.368757  6080 data_layer.cpp:128] Prefetch batch: 109 ms.
I0418 08:59:00.368757  6080 data_layer.cpp:129]      Read time: 0 ms.
I0418 08:59:00.368757  6080 data_layer.cpp:130] Transform time: 93.749 ms.
I0418 08:59:01.228164  7952 caffe.cpp:314] Batch 2887, accuracy1+2 = 0
I0418 08:59:01.228164  7952 caffe.cpp:314] Batch 2887, accuracy1+2+3 = 0
I0418 08:59:01.353178  6080 data_layer.cpp:128] Prefetch batch: 125 ms.
I0418 08:59:01.353178  6080 data_layer.cpp:129]      Read time: 78.122 ms.
I0418 08:59:01.353178  6080 data_layer.cpp:130] Transform time: 46.891 ms.
I0418 08:59:02.196960  7952 caffe.cpp:314] Batch 2888, accuracy1+2 = 1
I0418 08:59:02.196960  7952 caffe.cpp:314] Batch 2888, accuracy1+2+3 = 1
I0418 08:59:02.321960  6080 data_layer.cpp:128] Prefetch batch: 125 ms.
I0418 08:59:02.321960  6080 data_layer.cpp:129]      Read time: 31.289 ms.
I0418 08:59:02.321960  6080 data_layer.cpp:130] Transform time: 93.711 ms.
I0418 08:59:03.165746  7952 caffe.cpp:314] Batch 2889, accuracy1+2 = 1
I0418 08:59:03.165746  7952 caffe.cpp:314] Batch 2889, accuracy1+2+3 = 1
I0418 08:59:03.290755  6080 data_layer.cpp:128] Prefetch batch: 125 ms.
I0418 08:59:03.290755  6080 data_layer.cpp:129]      Read time: 78.131 ms.
I0418 08:59:03.290755  6080 data_layer.cpp:130] Transform time: 46.877 ms.
I0418 08:59:04.134532  7952 caffe.cpp:314] Batch 2890, accuracy1+2 = 1
I0418 08:59:04.134532  7952 caffe.cpp:314] Batch 2890, accuracy1+2+3 = 1
I0418 08:59:04.275167  6080 data_layer.cpp:128] Prefetch batch: 140 ms.
I0418 08:59:04.275167  6080 data_layer.cpp:129]      Read time: 109.39 ms.
I0418 08:59:04.275167  6080 data_layer.cpp:130] Transform time: 31.245 ms.
I0418 08:59:05.118948  7952 caffe.cpp:314] Batch 2891, accuracy1+2 = 0
I0418 08:59:05.118948  7952 caffe.cpp:314] Batch 2891, accuracy1+2+3 = 0
I0418 08:59:05.243953  6080 data_layer.cpp:128] Prefetch batch: 125 ms.
I0418 08:59:05.243953  6080 data_layer.cpp:129]      Read time: 93.752 ms.
I0418 08:59:05.243953  6080 data_layer.cpp:130] Transform time: 31.253 ms.
I0418 08:59:06.087739  7952 caffe.cpp:314] Batch 2892, accuracy1+2 = 1
I0418 08:59:06.087739  7952 caffe.cpp:314] Batch 2892, accuracy1+2+3 = 1
I0418 08:59:06.212745  6080 data_layer.cpp:128] Prefetch batch: 125 ms.
I0418 08:59:06.212745  6080 data_layer.cpp:129]      Read time: 93.738 ms.
I0418 08:59:06.212745  6080 data_layer.cpp:130] Transform time: 31.268 ms.
I0418 08:59:07.056512  7952 caffe.cpp:314] Batch 2893, accuracy1+2 = 0
I0418 08:59:07.056512  7952 caffe.cpp:314] Batch 2893, accuracy1+2+3 = 0
I0418 08:59:07.181517  6080 data_layer.cpp:128] Prefetch batch: 125 ms.
I0418 08:59:07.197151  6080 data_layer.cpp:129]      Read time: 93.768 ms.
I0418 08:59:07.197151  6080 data_layer.cpp:130] Transform time: 31.237 ms.
I0418 08:59:08.040938  7952 caffe.cpp:314] Batch 2894, accuracy1+2 = 1
I0418 08:59:08.040938  7952 caffe.cpp:314] Batch 2894, accuracy1+2+3 = 1
I0418 08:59:08.134694  6080 data_layer.cpp:128] Prefetch batch: 93 ms.
I0418 08:59:08.134694  6080 data_layer.cpp:129]      Read time: 0 ms.
I0418 08:59:08.134694  6080 data_layer.cpp:130] Transform time: 93.756 ms.
I0418 08:59:09.009727  7952 caffe.cpp:314] Batch 2895, accuracy1+2 = 0
I0418 08:59:09.009727  7952 caffe.cpp:314] Batch 2895, accuracy1+2+3 = 0
I0418 08:59:09.134732  6080 data_layer.cpp:128] Prefetch batch: 125 ms.
I0418 08:59:09.134732  6080 data_layer.cpp:129]      Read time: 93.75 ms.
I0418 08:59:09.134732  6080 data_layer.cpp:130] Transform time: 31.256 ms.
I0418 08:59:09.978514  7952 caffe.cpp:314] Batch 2896, accuracy1+2 = 1
I0418 08:59:09.978514  7952 caffe.cpp:314] Batch 2896, accuracy1+2+3 = 1
I0418 08:59:10.103521  6080 data_layer.cpp:128] Prefetch batch: 125 ms.
I0418 08:59:10.103521  6080 data_layer.cpp:129]      Read time: 93.75 ms.
I0418 08:59:10.103521  6080 data_layer.cpp:130] Transform time: 31.257 ms.
I0418 08:59:10.947301  7952 caffe.cpp:314] Batch 2897, accuracy1+2 = 1
I0418 08:59:10.947301  7952 caffe.cpp:314] Batch 2897, accuracy1+2+3 = 1
I0418 08:59:11.056669  6080 data_layer.cpp:128] Prefetch batch: 109 ms.
I0418 08:59:11.056669  6080 data_layer.cpp:129]      Read time: 0 ms.
I0418 08:59:11.056669  6080 data_layer.cpp:130] Transform time: 109.368 ms.
I0418 08:59:11.931704  7952 caffe.cpp:314] Batch 2898, accuracy1+2 = 1
I0418 08:59:11.931704  7952 caffe.cpp:314] Batch 2898, accuracy1+2+3 = 1
I0418 08:59:12.056710  6080 data_layer.cpp:128] Prefetch batch: 125 ms.
I0418 08:59:12.056710  6080 data_layer.cpp:129]      Read time: 78.14 ms.
I0418 08:59:12.056710  6080 data_layer.cpp:130] Transform time: 46.866 ms.
I0418 08:59:12.900504  7952 caffe.cpp:314] Batch 2899, accuracy1+2 = 1
I0418 08:59:12.900504  7952 caffe.cpp:314] Batch 2899, accuracy1+2+3 = 1
I0418 08:59:13.025511  6080 data_layer.cpp:128] Prefetch batch: 125 ms.
I0418 08:59:13.025511  6080 data_layer.cpp:129]      Read time: 93.752 ms.
I0418 08:59:13.025511  6080 data_layer.cpp:130] Transform time: 31.254 ms.
I0418 08:59:13.869287  7952 caffe.cpp:314] Batch 2900, accuracy1+2 = 1
I0418 08:59:13.869287  7952 caffe.cpp:314] Batch 2900, accuracy1+2+3 = 1
I0418 08:59:13.994292  6080 data_layer.cpp:128] Prefetch batch: 125 ms.
I0418 08:59:13.994292  6080 data_layer.cpp:129]      Read time: 93.758 ms.
I0418 08:59:13.994292  6080 data_layer.cpp:130] Transform time: 31.247 ms.
I0418 08:59:14.853703  7952 caffe.cpp:314] Batch 2901, accuracy1+2 = 1
I0418 08:59:14.853703  7952 caffe.cpp:314] Batch 2901, accuracy1+2+3 = 0
I0418 08:59:14.978711  6080 data_layer.cpp:128] Prefetch batch: 125 ms.
I0418 08:59:14.978711  6080 data_layer.cpp:129]      Read time: 93.767 ms.
I0418 08:59:14.978711  6080 data_layer.cpp:130] Transform time: 31.241 ms.
I0418 08:59:15.822496  7952 caffe.cpp:314] Batch 2902, accuracy1+2 = 1
I0418 08:59:15.822496  7952 caffe.cpp:314] Batch 2902, accuracy1+2+3 = 1
I0418 08:59:15.947494  6080 data_layer.cpp:128] Prefetch batch: 124 ms.
I0418 08:59:15.947494  6080 data_layer.cpp:129]      Read time: 93.749 ms.
I0418 08:59:15.947494  6080 data_layer.cpp:130] Transform time: 31.248 ms.
I0418 08:59:16.791281  7952 caffe.cpp:314] Batch 2903, accuracy1+2 = 0
I0418 08:59:16.791281  7952 caffe.cpp:314] Batch 2903, accuracy1+2+3 = 0
I0418 08:59:16.916290  6080 data_layer.cpp:128] Prefetch batch: 125 ms.
I0418 08:59:16.916290  6080 data_layer.cpp:129]      Read time: 93.752 ms.
I0418 08:59:16.916290  6080 data_layer.cpp:130] Transform time: 31.256 ms.
I0418 08:59:17.775696  7952 caffe.cpp:314] Batch 2904, accuracy1+2 = 1
I0418 08:59:17.775696  7952 caffe.cpp:314] Batch 2904, accuracy1+2+3 = 1
I0418 08:59:17.900699  6080 data_layer.cpp:128] Prefetch batch: 125 ms.
I0418 08:59:17.900699  6080 data_layer.cpp:129]      Read time: 78.124 ms.
I0418 08:59:17.900699  6080 data_layer.cpp:130] Transform time: 46.88 ms.
I0418 08:59:18.744477  7952 caffe.cpp:314] Batch 2905, accuracy1+2 = 1
I0418 08:59:18.744477  7952 caffe.cpp:314] Batch 2905, accuracy1+2+3 = 1
I0418 08:59:18.853864  6080 data_layer.cpp:128] Prefetch batch: 109 ms.
I0418 08:59:18.853864  6080 data_layer.cpp:129]      Read time: 0 ms.
I0418 08:59:18.853864  6080 data_layer.cpp:130] Transform time: 109.387 ms.
I0418 08:59:19.713265  7952 caffe.cpp:314] Batch 2906, accuracy1+2 = 1
I0418 08:59:19.713265  7952 caffe.cpp:314] Batch 2906, accuracy1+2+3 = 1
I0418 08:59:19.838274  6080 data_layer.cpp:128] Prefetch batch: 125 ms.
I0418 08:59:19.838274  6080 data_layer.cpp:129]      Read time: 93.8 ms.
I0418 08:59:19.838274  6080 data_layer.cpp:130] Transform time: 31.209 ms.
I0418 08:59:20.682052  7952 caffe.cpp:314] Batch 2907, accuracy1+2 = 1
I0418 08:59:20.682052  7952 caffe.cpp:314] Batch 2907, accuracy1+2+3 = 1
I0418 08:59:20.807057  6080 data_layer.cpp:128] Prefetch batch: 125 ms.
I0418 08:59:20.807057  6080 data_layer.cpp:129]      Read time: 93.762 ms.
I0418 08:59:20.807057  6080 data_layer.cpp:130] Transform time: 31.243 ms.
I0418 08:59:21.666473  7952 caffe.cpp:314] Batch 2908, accuracy1+2 = 1
I0418 08:59:21.666473  7952 caffe.cpp:314] Batch 2908, accuracy1+2+3 = 1
I0418 08:59:21.791479  6080 data_layer.cpp:128] Prefetch batch: 125 ms.
I0418 08:59:21.791479  6080 data_layer.cpp:129]      Read time: 78.132 ms.
I0418 08:59:21.791479  6080 data_layer.cpp:130] Transform time: 46.874 ms.
I0418 08:59:22.635255  7952 caffe.cpp:314] Batch 2909, accuracy1+2 = 1
I0418 08:59:22.635255  7952 caffe.cpp:314] Batch 2909, accuracy1+2+3 = 1
I0418 08:59:22.744635  6080 data_layer.cpp:128] Prefetch batch: 109 ms.
I0418 08:59:22.744635  6080 data_layer.cpp:129]      Read time: 0 ms.
I0418 08:59:22.744635  6080 data_layer.cpp:130] Transform time: 109.38 ms.
I0418 08:59:23.604048  7952 caffe.cpp:314] Batch 2910, accuracy1+2 = 1
I0418 08:59:23.604048  7952 caffe.cpp:314] Batch 2910, accuracy1+2+3 = 1
I0418 08:59:23.744678  6080 data_layer.cpp:128] Prefetch batch: 140 ms.
I0418 08:59:23.744678  6080 data_layer.cpp:129]      Read time: 93.752 ms.
I0418 08:59:23.744678  6080 data_layer.cpp:130] Transform time: 46.878 ms.
I0418 08:59:24.588457  7952 caffe.cpp:314] Batch 2911, accuracy1+2 = 1
I0418 08:59:24.588457  7952 caffe.cpp:314] Batch 2911, accuracy1+2+3 = 1
I0418 08:59:24.713469  6080 data_layer.cpp:128] Prefetch batch: 125 ms.
I0418 08:59:24.713469  6080 data_layer.cpp:129]      Read time: 78.131 ms.
I0418 08:59:24.713469  6080 data_layer.cpp:130] Transform time: 31.259 ms.
I0418 08:59:25.557246  7952 caffe.cpp:314] Batch 2912, accuracy1+2 = 0
I0418 08:59:25.557246  7952 caffe.cpp:314] Batch 2912, accuracy1+2+3 = 0
I0418 08:59:25.682276  6080 data_layer.cpp:128] Prefetch batch: 125 ms.
I0418 08:59:25.682276  6080 data_layer.cpp:129]      Read time: 93.76 ms.
I0418 08:59:25.682276  6080 data_layer.cpp:130] Transform time: 31.27 ms.
I0418 08:59:26.526033  7952 caffe.cpp:314] Batch 2913, accuracy1+2 = 0
I0418 08:59:26.526033  7952 caffe.cpp:314] Batch 2913, accuracy1+2+3 = 0
I0418 08:59:26.651046  6080 data_layer.cpp:128] Prefetch batch: 125 ms.
I0418 08:59:26.666671  6080 data_layer.cpp:129]      Read time: 93.755 ms.
I0418 08:59:26.666671  6080 data_layer.cpp:130] Transform time: 31.257 ms.
I0418 08:59:27.510440  7952 caffe.cpp:314] Batch 2914, accuracy1+2 = 1
I0418 08:59:27.510440  7952 caffe.cpp:314] Batch 2914, accuracy1+2+3 = 1
I0418 08:59:27.619819  6080 data_layer.cpp:128] Prefetch batch: 109 ms.
I0418 08:59:27.619819  6080 data_layer.cpp:129]      Read time: 0 ms.
I0418 08:59:27.619819  6080 data_layer.cpp:130] Transform time: 109.379 ms.
I0418 08:59:28.526105  7952 caffe.cpp:314] Batch 2915, accuracy1+2 = 1
I0418 08:59:28.526105  7952 caffe.cpp:314] Batch 2915, accuracy1+2+3 = 1
I0418 08:59:28.651114  6080 data_layer.cpp:128] Prefetch batch: 125 ms.
I0418 08:59:28.651114  6080 data_layer.cpp:129]      Read time: 93.758 ms.
I0418 08:59:28.651114  6080 data_layer.cpp:130] Transform time: 31.251 ms.
I0418 08:59:29.541779  7952 caffe.cpp:314] Batch 2916, accuracy1+2 = 1
I0418 08:59:29.541779  7952 caffe.cpp:314] Batch 2916, accuracy1+2+3 = 1
I0418 08:59:29.666782  6080 data_layer.cpp:128] Prefetch batch: 125 ms.
I0418 08:59:29.666782  6080 data_layer.cpp:129]      Read time: 78.132 ms.
I0418 08:59:29.666782  6080 data_layer.cpp:130] Transform time: 46.871 ms.
I0418 08:59:30.510566  7952 caffe.cpp:314] Batch 2917, accuracy1+2 = 1
I0418 08:59:30.510566  7952 caffe.cpp:314] Batch 2917, accuracy1+2+3 = 1
I0418 08:59:30.635573  6080 data_layer.cpp:128] Prefetch batch: 125 ms.
I0418 08:59:30.635573  6080 data_layer.cpp:129]      Read time: 93.754 ms.
I0418 08:59:30.635573  6080 data_layer.cpp:130] Transform time: 31.253 ms.
I0418 08:59:31.479358  7952 caffe.cpp:314] Batch 2918, accuracy1+2 = 0
I0418 08:59:31.479358  7952 caffe.cpp:314] Batch 2918, accuracy1+2+3 = 0
I0418 08:59:31.604364  6080 data_layer.cpp:128] Prefetch batch: 125 ms.
I0418 08:59:31.604364  6080 data_layer.cpp:129]      Read time: 93.752 ms.
I0418 08:59:31.604364  6080 data_layer.cpp:130] Transform time: 31.254 ms.
I0418 08:59:32.448146  7952 caffe.cpp:314] Batch 2919, accuracy1+2 = 0
I0418 08:59:32.448146  7952 caffe.cpp:314] Batch 2919, accuracy1+2+3 = 0
I0418 08:59:32.557533  6080 data_layer.cpp:128] Prefetch batch: 109 ms.
I0418 08:59:32.557533  6080 data_layer.cpp:129]      Read time: 0 ms.
I0418 08:59:32.557533  6080 data_layer.cpp:130] Transform time: 109.386 ms.
I0418 08:59:33.432557  7952 caffe.cpp:314] Batch 2920, accuracy1+2 = 1
I0418 08:59:33.432557  7952 caffe.cpp:314] Batch 2920, accuracy1+2+3 = 1
I0418 08:59:33.557562  6080 data_layer.cpp:128] Prefetch batch: 125 ms.
I0418 08:59:33.557562  6080 data_layer.cpp:129]      Read time: 78.127 ms.
I0418 08:59:33.557562  6080 data_layer.cpp:130] Transform time: 46.878 ms.
I0418 08:59:34.401346  7952 caffe.cpp:314] Batch 2921, accuracy1+2 = 1
I0418 08:59:34.401346  7952 caffe.cpp:314] Batch 2921, accuracy1+2+3 = 1
I0418 08:59:34.526353  6080 data_layer.cpp:128] Prefetch batch: 125 ms.
I0418 08:59:34.526353  6080 data_layer.cpp:129]      Read time: 93.755 ms.
I0418 08:59:34.526353  6080 data_layer.cpp:130] Transform time: 31.252 ms.
I0418 08:59:35.370136  7952 caffe.cpp:314] Batch 2922, accuracy1+2 = 1
I0418 08:59:35.370136  7952 caffe.cpp:314] Batch 2922, accuracy1+2+3 = 1
I0418 08:59:35.495139  6080 data_layer.cpp:128] Prefetch batch: 125 ms.
I0418 08:59:35.495139  6080 data_layer.cpp:129]      Read time: 93.747 ms.
I0418 08:59:35.495139  6080 data_layer.cpp:130] Transform time: 31.257 ms.
I0418 08:59:36.354545  7952 caffe.cpp:314] Batch 2923, accuracy1+2 = 0
I0418 08:59:36.354545  7952 caffe.cpp:314] Batch 2923, accuracy1+2+3 = 0
I0418 08:59:36.448305  6080 data_layer.cpp:128] Prefetch batch: 93 ms.
I0418 08:59:36.448305  6080 data_layer.cpp:129]      Read time: 0 ms.
I0418 08:59:36.448305  6080 data_layer.cpp:130] Transform time: 93.76 ms.
I0418 08:59:37.323335  7952 caffe.cpp:314] Batch 2924, accuracy1+2 = 1
I0418 08:59:37.323335  7952 caffe.cpp:314] Batch 2924, accuracy1+2+3 = 1
I0418 08:59:37.448338  6080 data_layer.cpp:128] Prefetch batch: 125 ms.
I0418 08:59:37.448338  6080 data_layer.cpp:129]      Read time: 93.757 ms.
I0418 08:59:37.448338  6080 data_layer.cpp:130] Transform time: 31.246 ms.
I0418 08:59:38.292125  7952 caffe.cpp:314] Batch 2925, accuracy1+2 = 1
I0418 08:59:38.292125  7952 caffe.cpp:314] Batch 2925, accuracy1+2+3 = 1
I0418 08:59:38.417132  6080 data_layer.cpp:128] Prefetch batch: 125 ms.
I0418 08:59:38.417132  6080 data_layer.cpp:129]      Read time: 93.75 ms.
I0418 08:59:38.417132  6080 data_layer.cpp:130] Transform time: 31.257 ms.
I0418 08:59:39.260917  7952 caffe.cpp:314] Batch 2926, accuracy1+2 = 0
I0418 08:59:39.260917  7952 caffe.cpp:314] Batch 2926, accuracy1+2+3 = 1
I0418 08:59:39.401540  6080 data_layer.cpp:128] Prefetch batch: 140 ms.
I0418 08:59:39.401540  6080 data_layer.cpp:129]      Read time: 93.748 ms.
I0418 08:59:39.401540  6080 data_layer.cpp:130] Transform time: 46.874 ms.
I0418 08:59:40.245321  7952 caffe.cpp:314] Batch 2927, accuracy1+2 = 1
I0418 08:59:40.245321  7952 caffe.cpp:314] Batch 2927, accuracy1+2+3 = 1
I0418 08:59:40.354714  6080 data_layer.cpp:128] Prefetch batch: 109 ms.
I0418 08:59:40.354714  6080 data_layer.cpp:129]      Read time: 0 ms.
I0418 08:59:40.354714  6080 data_layer.cpp:130] Transform time: 109.393 ms.
I0418 08:59:41.214112  7952 caffe.cpp:314] Batch 2928, accuracy1+2 = 1
I0418 08:59:41.214112  7952 caffe.cpp:314] Batch 2928, accuracy1+2+3 = 1
I0418 08:59:41.339118  6080 data_layer.cpp:128] Prefetch batch: 125 ms.
I0418 08:59:41.339118  6080 data_layer.cpp:129]      Read time: 93.761 ms.
I0418 08:59:41.339118  6080 data_layer.cpp:130] Transform time: 31.244 ms.
I0418 08:59:42.198526  7952 caffe.cpp:314] Batch 2929, accuracy1+2 = 1
I0418 08:59:42.198526  7952 caffe.cpp:314] Batch 2929, accuracy1+2+3 = 0
I0418 08:59:42.323528  6080 data_layer.cpp:128] Prefetch batch: 125 ms.
I0418 08:59:42.323528  6080 data_layer.cpp:129]      Read time: 93.75 ms.
I0418 08:59:42.323528  6080 data_layer.cpp:130] Transform time: 31.251 ms.
I0418 08:59:43.167312  7952 caffe.cpp:314] Batch 2930, accuracy1+2 = 1
I0418 08:59:43.167312  7952 caffe.cpp:314] Batch 2930, accuracy1+2+3 = 1
I0418 08:59:43.292321  6080 data_layer.cpp:128] Prefetch batch: 125 ms.
I0418 08:59:43.292321  6080 data_layer.cpp:129]      Read time: 93.759 ms.
I0418 08:59:43.292321  6080 data_layer.cpp:130] Transform time: 31.25 ms.
I0418 08:59:44.151728  7952 caffe.cpp:314] Batch 2931, accuracy1+2 = 0
I0418 08:59:44.151728  7952 caffe.cpp:314] Batch 2931, accuracy1+2+3 = 0
I0418 08:59:44.245482  6080 data_layer.cpp:128] Prefetch batch: 93 ms.
I0418 08:59:44.245482  6080 data_layer.cpp:129]      Read time: 0 ms.
I0418 08:59:44.245482  6080 data_layer.cpp:130] Transform time: 93.754 ms.
I0418 08:59:45.120517  7952 caffe.cpp:314] Batch 2932, accuracy1+2 = 1
I0418 08:59:45.120517  7952 caffe.cpp:314] Batch 2932, accuracy1+2+3 = 1
I0418 08:59:45.245522  6080 data_layer.cpp:128] Prefetch batch: 125 ms.
I0418 08:59:45.245522  6080 data_layer.cpp:129]      Read time: 93.747 ms.
I0418 08:59:45.245522  6080 data_layer.cpp:130] Transform time: 31.258 ms.
I0418 08:59:46.089308  7952 caffe.cpp:314] Batch 2933, accuracy1+2 = 1
I0418 08:59:46.089308  7952 caffe.cpp:314] Batch 2933, accuracy1+2+3 = 1
I0418 08:59:46.214310  6080 data_layer.cpp:128] Prefetch batch: 125 ms.
I0418 08:59:46.214310  6080 data_layer.cpp:129]      Read time: 93.747 ms.
I0418 08:59:46.214310  6080 data_layer.cpp:130] Transform time: 31.256 ms.
I0418 08:59:47.058092  7952 caffe.cpp:314] Batch 2934, accuracy1+2 = 1
I0418 08:59:47.058092  7952 caffe.cpp:314] Batch 2934, accuracy1+2+3 = 1
I0418 08:59:47.198724  6080 data_layer.cpp:128] Prefetch batch: 140 ms.
I0418 08:59:47.198724  6080 data_layer.cpp:129]      Read time: 93.752 ms.
I0418 08:59:47.198724  6080 data_layer.cpp:130] Transform time: 46.88 ms.
I0418 08:59:48.042506  7952 caffe.cpp:314] Batch 2935, accuracy1+2 = 1
I0418 08:59:48.042506  7952 caffe.cpp:314] Batch 2935, accuracy1+2+3 = 1
I0418 08:59:48.167507  6080 data_layer.cpp:128] Prefetch batch: 125 ms.
I0418 08:59:48.167507  6080 data_layer.cpp:129]      Read time: 78.126 ms.
I0418 08:59:48.167507  6080 data_layer.cpp:130] Transform time: 46.875 ms.
I0418 08:59:49.011297  7952 caffe.cpp:314] Batch 2936, accuracy1+2 = 0
I0418 08:59:49.011297  7952 caffe.cpp:314] Batch 2936, accuracy1+2+3 = 0
I0418 08:59:49.120677  6080 data_layer.cpp:128] Prefetch batch: 109 ms.
I0418 08:59:49.120677  6080 data_layer.cpp:129]      Read time: 0 ms.
I0418 08:59:49.120677  6080 data_layer.cpp:130] Transform time: 109.38 ms.
I0418 08:59:49.980079  7952 caffe.cpp:314] Batch 2937, accuracy1+2 = 1
I0418 08:59:49.980079  7952 caffe.cpp:314] Batch 2937, accuracy1+2+3 = 1
I0418 08:59:50.105093  6080 data_layer.cpp:128] Prefetch batch: 125 ms.
I0418 08:59:50.105093  6080 data_layer.cpp:129]      Read time: 93.76 ms.
I0418 08:59:50.105093  6080 data_layer.cpp:130] Transform time: 31.253 ms.
I0418 08:59:50.964496  7952 caffe.cpp:314] Batch 2938, accuracy1+2 = 1
I0418 08:59:50.964496  7952 caffe.cpp:314] Batch 2938, accuracy1+2+3 = 1
I0418 08:59:51.089504  6080 data_layer.cpp:128] Prefetch batch: 125 ms.
I0418 08:59:51.089504  6080 data_layer.cpp:129]      Read time: 78.124 ms.
I0418 08:59:51.089504  6080 data_layer.cpp:130] Transform time: 46.884 ms.
I0418 08:59:51.933281  7952 caffe.cpp:314] Batch 2939, accuracy1+2 = 0
I0418 08:59:51.933281  7952 caffe.cpp:314] Batch 2939, accuracy1+2+3 = 0
I0418 08:59:52.058286  6080 data_layer.cpp:128] Prefetch batch: 125 ms.
I0418 08:59:52.058286  6080 data_layer.cpp:129]      Read time: 93.759 ms.
I0418 08:59:52.058286  6080 data_layer.cpp:130] Transform time: 31.246 ms.
I0418 08:59:52.902072  7952 caffe.cpp:314] Batch 2940, accuracy1+2 = 0
I0418 08:59:52.902072  7952 caffe.cpp:314] Batch 2940, accuracy1+2+3 = 0
I0418 08:59:53.027073  6080 data_layer.cpp:128] Prefetch batch: 125 ms.
I0418 08:59:53.027073  6080 data_layer.cpp:129]      Read time: 93.751 ms.
I0418 08:59:53.027073  6080 data_layer.cpp:130] Transform time: 31.25 ms.
I0418 08:59:53.886483  7952 caffe.cpp:314] Batch 2941, accuracy1+2 = 1
I0418 08:59:53.886483  7952 caffe.cpp:314] Batch 2941, accuracy1+2+3 = 1
I0418 08:59:53.980242  6080 data_layer.cpp:128] Prefetch batch: 93 ms.
I0418 08:59:53.980242  6080 data_layer.cpp:129]      Read time: 0 ms.
I0418 08:59:53.980242  6080 data_layer.cpp:130] Transform time: 93.759 ms.
I0418 08:59:54.855275  7952 caffe.cpp:314] Batch 2942, accuracy1+2 = 1
I0418 08:59:54.855275  7952 caffe.cpp:314] Batch 2942, accuracy1+2+3 = 1
I0418 08:59:54.980281  6080 data_layer.cpp:128] Prefetch batch: 125 ms.
I0418 08:59:54.980281  6080 data_layer.cpp:129]      Read time: 93.752 ms.
I0418 08:59:54.980281  6080 data_layer.cpp:130] Transform time: 31.254 ms.
I0418 08:59:55.824062  7952 caffe.cpp:314] Batch 2943, accuracy1+2 = 1
I0418 08:59:55.824062  7952 caffe.cpp:314] Batch 2943, accuracy1+2+3 = 1
I0418 08:59:55.949069  6080 data_layer.cpp:128] Prefetch batch: 125 ms.
I0418 08:59:55.949069  6080 data_layer.cpp:129]      Read time: 93.751 ms.
I0418 08:59:55.949069  6080 data_layer.cpp:130] Transform time: 31.256 ms.
I0418 08:59:56.792847  7952 caffe.cpp:314] Batch 2944, accuracy1+2 = 1
I0418 08:59:56.792847  7952 caffe.cpp:314] Batch 2944, accuracy1+2+3 = 1
I0418 08:59:56.933478  6080 data_layer.cpp:128] Prefetch batch: 140 ms.
I0418 08:59:56.933478  6080 data_layer.cpp:129]      Read time: 93.754 ms.
I0418 08:59:56.933478  6080 data_layer.cpp:130] Transform time: 46.877 ms.
I0418 08:59:57.777261  7952 caffe.cpp:314] Batch 2945, accuracy1+2 = 1
I0418 08:59:57.777261  7952 caffe.cpp:314] Batch 2945, accuracy1+2+3 = 1
I0418 08:59:57.902264  6080 data_layer.cpp:128] Prefetch batch: 125 ms.
I0418 08:59:57.902264  6080 data_layer.cpp:129]      Read time: 93.75 ms.
I0418 08:59:57.902264  6080 data_layer.cpp:130] Transform time: 31.253 ms.
I0418 08:59:58.746052  7952 caffe.cpp:314] Batch 2946, accuracy1+2 = 0
I0418 08:59:58.746052  7952 caffe.cpp:314] Batch 2946, accuracy1+2+3 = 0
I0418 08:59:58.855430  6080 data_layer.cpp:128] Prefetch batch: 109 ms.
I0418 08:59:58.855430  6080 data_layer.cpp:129]      Read time: 0 ms.
I0418 08:59:58.855430  6080 data_layer.cpp:130] Transform time: 109.379 ms.
I0418 08:59:59.730463  7952 caffe.cpp:314] Batch 2947, accuracy1+2 = 1
I0418 08:59:59.730463  7952 caffe.cpp:314] Batch 2947, accuracy1+2+3 = 1
I0418 08:59:59.855495  6080 data_layer.cpp:128] Prefetch batch: 125 ms.
I0418 08:59:59.855495  6080 data_layer.cpp:129]      Read time: 78.128 ms.
I0418 08:59:59.855495  6080 data_layer.cpp:130] Transform time: 46.904 ms.
I0418 09:00:00.699255  7952 caffe.cpp:314] Batch 2948, accuracy1+2 = 1
I0418 09:00:00.699255  7952 caffe.cpp:314] Batch 2948, accuracy1+2+3 = 1
I0418 09:00:00.824254  6080 data_layer.cpp:128] Prefetch batch: 124 ms.
I0418 09:00:00.824254  6080 data_layer.cpp:129]      Read time: 93.747 ms.
I0418 09:00:00.824254  6080 data_layer.cpp:130] Transform time: 31.252 ms.
I0418 09:00:01.668042  7952 caffe.cpp:314] Batch 2949, accuracy1+2 = 1
I0418 09:00:01.668042  7952 caffe.cpp:314] Batch 2949, accuracy1+2+3 = 1
I0418 09:00:01.793045  6080 data_layer.cpp:128] Prefetch batch: 125 ms.
I0418 09:00:01.793045  6080 data_layer.cpp:129]      Read time: 93.753 ms.
I0418 09:00:01.793045  6080 data_layer.cpp:130] Transform time: 31.249 ms.
I0418 09:00:02.652451  7952 caffe.cpp:314] Batch 2950, accuracy1+2 = 1
I0418 09:00:02.652451  7952 caffe.cpp:314] Batch 2950, accuracy1+2+3 = 1
I0418 09:00:02.777462  6080 data_layer.cpp:128] Prefetch batch: 125 ms.
I0418 09:00:02.777462  6080 data_layer.cpp:129]      Read time: 78.137 ms.
I0418 09:00:02.777462  6080 data_layer.cpp:130] Transform time: 46.873 ms.
I0418 09:00:03.621240  7952 caffe.cpp:314] Batch 2951, accuracy1+2 = 1
I0418 09:00:03.621240  7952 caffe.cpp:314] Batch 2951, accuracy1+2+3 = 1
I0418 09:00:03.746243  6080 data_layer.cpp:128] Prefetch batch: 125 ms.
I0418 09:00:03.746243  6080 data_layer.cpp:129]      Read time: 93.752 ms.
I0418 09:00:03.746243  6080 data_layer.cpp:130] Transform time: 31.251 ms.
I0418 09:00:04.605653  7952 caffe.cpp:314] Batch 2952, accuracy1+2 = 0
I0418 09:00:04.605653  7952 caffe.cpp:314] Batch 2952, accuracy1+2+3 = 0
I0418 09:00:04.715035  6080 data_layer.cpp:128] Prefetch batch: 109 ms.
I0418 09:00:04.715035  6080 data_layer.cpp:129]      Read time: 15.619 ms.
I0418 09:00:04.715035  6080 data_layer.cpp:130] Transform time: 93.764 ms.
I0418 09:00:05.621316  7952 caffe.cpp:314] Batch 2953, accuracy1+2 = 1
I0418 09:00:05.621316  7952 caffe.cpp:314] Batch 2953, accuracy1+2+3 = 1
I0418 09:00:05.746315  6080 data_layer.cpp:128] Prefetch batch: 124 ms.
I0418 09:00:05.746315  6080 data_layer.cpp:129]      Read time: 93.748 ms.
I0418 09:00:05.746315  6080 data_layer.cpp:130] Transform time: 31.251 ms.
I0418 09:00:06.605732  7952 caffe.cpp:314] Batch 2954, accuracy1+2 = 1
I0418 09:00:06.605732  7952 caffe.cpp:314] Batch 2954, accuracy1+2+3 = 1
I0418 09:00:06.730741  6080 data_layer.cpp:128] Prefetch batch: 125 ms.
I0418 09:00:06.730741  6080 data_layer.cpp:129]      Read time: 93.751 ms.
I0418 09:00:06.730741  6080 data_layer.cpp:130] Transform time: 31.258 ms.
I0418 09:00:07.590147  7952 caffe.cpp:314] Batch 2955, accuracy1+2 = 1
I0418 09:00:07.590147  7952 caffe.cpp:314] Batch 2955, accuracy1+2+3 = 1
I0418 09:00:07.715155  6080 data_layer.cpp:128] Prefetch batch: 125 ms.
I0418 09:00:07.715155  6080 data_layer.cpp:129]      Read time: 78.13 ms.
I0418 09:00:07.715155  6080 data_layer.cpp:130] Transform time: 46.879 ms.
I0418 09:00:08.558939  7952 caffe.cpp:314] Batch 2956, accuracy1+2 = 1
I0418 09:00:08.558939  7952 caffe.cpp:314] Batch 2956, accuracy1+2+3 = 1
I0418 09:00:08.683940  6080 data_layer.cpp:128] Prefetch batch: 125 ms.
I0418 09:00:08.683940  6080 data_layer.cpp:129]      Read time: 62.499 ms.
I0418 09:00:08.683940  6080 data_layer.cpp:130] Transform time: 62.502 ms.
I0418 09:00:09.527725  7952 caffe.cpp:314] Batch 2957, accuracy1+2 = 1
I0418 09:00:09.527725  7952 caffe.cpp:314] Batch 2957, accuracy1+2+3 = 1
I0418 09:00:09.683992  6080 data_layer.cpp:128] Prefetch batch: 156 ms.
I0418 09:00:09.683992  6080 data_layer.cpp:129]      Read time: 125.003 ms.
I0418 09:00:09.683992  6080 data_layer.cpp:130] Transform time: 31.264 ms.
I0418 09:00:10.512135  7952 caffe.cpp:314] Batch 2958, accuracy1+2 = 1
I0418 09:00:10.512135  7952 caffe.cpp:314] Batch 2958, accuracy1+2+3 = 1
I0418 09:00:10.621517  6080 data_layer.cpp:128] Prefetch batch: 109 ms.
I0418 09:00:10.621517  6080 data_layer.cpp:129]      Read time: 0 ms.
I0418 09:00:10.621517  6080 data_layer.cpp:130] Transform time: 109.383 ms.
I0418 09:00:11.480926  7952 caffe.cpp:314] Batch 2959, accuracy1+2 = 1
I0418 09:00:11.480926  7952 caffe.cpp:314] Batch 2959, accuracy1+2+3 = 1
I0418 09:00:11.605933  6080 data_layer.cpp:128] Prefetch batch: 125 ms.
I0418 09:00:11.605933  6080 data_layer.cpp:129]      Read time: 93.754 ms.
I0418 09:00:11.605933  6080 data_layer.cpp:130] Transform time: 31.253 ms.
I0418 09:00:12.465339  7952 caffe.cpp:314] Batch 2960, accuracy1+2 = 1
I0418 09:00:12.465339  7952 caffe.cpp:314] Batch 2960, accuracy1+2+3 = 1
I0418 09:00:12.590343  6080 data_layer.cpp:128] Prefetch batch: 125 ms.
I0418 09:00:12.590343  6080 data_layer.cpp:129]      Read time: 78.128 ms.
I0418 09:00:12.590343  6080 data_layer.cpp:130] Transform time: 46.876 ms.
I0418 09:00:13.434129  7952 caffe.cpp:314] Batch 2961, accuracy1+2 = 1
I0418 09:00:13.434129  7952 caffe.cpp:314] Batch 2961, accuracy1+2+3 = 1
I0418 09:00:13.559134  6080 data_layer.cpp:128] Prefetch batch: 125 ms.
I0418 09:00:13.559134  6080 data_layer.cpp:129]      Read time: 93.753 ms.
I0418 09:00:13.559134  6080 data_layer.cpp:130] Transform time: 31.251 ms.
I0418 09:00:14.402914  7952 caffe.cpp:314] Batch 2962, accuracy1+2 = 1
I0418 09:00:14.418542  7952 caffe.cpp:314] Batch 2962, accuracy1+2+3 = 1
I0418 09:00:14.543542  6080 data_layer.cpp:128] Prefetch batch: 125 ms.
I0418 09:00:14.543542  6080 data_layer.cpp:129]      Read time: 78.126 ms.
I0418 09:00:14.543542  6080 data_layer.cpp:130] Transform time: 46.874 ms.
I0418 09:00:15.387331  7952 caffe.cpp:314] Batch 2963, accuracy1+2 = 0
I0418 09:00:15.387331  7952 caffe.cpp:314] Batch 2963, accuracy1+2+3 = 0
I0418 09:00:15.512336  6080 data_layer.cpp:128] Prefetch batch: 125 ms.
I0418 09:00:15.512336  6080 data_layer.cpp:129]      Read time: 93.748 ms.
I0418 09:00:15.512336  6080 data_layer.cpp:130] Transform time: 31.258 ms.
I0418 09:00:16.356113  7952 caffe.cpp:314] Batch 2964, accuracy1+2 = 0
I0418 09:00:16.356113  7952 caffe.cpp:314] Batch 2964, accuracy1+2+3 = 0
I0418 09:00:16.465495  6080 data_layer.cpp:128] Prefetch batch: 109 ms.
I0418 09:00:16.465495  6080 data_layer.cpp:129]      Read time: 0 ms.
I0418 09:00:16.465495  6080 data_layer.cpp:130] Transform time: 109.382 ms.
I0418 09:00:17.340533  7952 caffe.cpp:314] Batch 2965, accuracy1+2 = 1
I0418 09:00:17.340533  7952 caffe.cpp:314] Batch 2965, accuracy1+2+3 = 1
I0418 09:00:17.465534  6080 data_layer.cpp:128] Prefetch batch: 125 ms.
I0418 09:00:17.465534  6080 data_layer.cpp:129]      Read time: 78.124 ms.
I0418 09:00:17.465534  6080 data_layer.cpp:130] Transform time: 46.878 ms.
I0418 09:00:18.309316  7952 caffe.cpp:314] Batch 2966, accuracy1+2 = 1
I0418 09:00:18.309316  7952 caffe.cpp:314] Batch 2966, accuracy1+2+3 = 1
I0418 09:00:18.434324  6080 data_layer.cpp:128] Prefetch batch: 125 ms.
I0418 09:00:18.434324  6080 data_layer.cpp:129]      Read time: 93.755 ms.
I0418 09:00:18.434324  6080 data_layer.cpp:130] Transform time: 31.253 ms.
I0418 09:00:19.278102  7952 caffe.cpp:314] Batch 2967, accuracy1+2 = 1
I0418 09:00:19.278102  7952 caffe.cpp:314] Batch 2967, accuracy1+2+3 = 1
I0418 09:00:19.403107  6080 data_layer.cpp:128] Prefetch batch: 125 ms.
I0418 09:00:19.403107  6080 data_layer.cpp:129]      Read time: 93.757 ms.
I0418 09:00:19.403107  6080 data_layer.cpp:130] Transform time: 31.248 ms.
I0418 09:00:20.246891  7952 caffe.cpp:314] Batch 2968, accuracy1+2 = 1
I0418 09:00:20.246891  7952 caffe.cpp:314] Batch 2968, accuracy1+2+3 = 1
I0418 09:00:20.371901  6080 data_layer.cpp:128] Prefetch batch: 125 ms.
I0418 09:00:20.371901  6080 data_layer.cpp:129]      Read time: 93.756 ms.
I0418 09:00:20.371901  6080 data_layer.cpp:130] Transform time: 31.253 ms.
I0418 09:00:21.246927  7952 caffe.cpp:314] Batch 2969, accuracy1+2 = 1
I0418 09:00:21.246927  7952 caffe.cpp:314] Batch 2969, accuracy1+2+3 = 1
I0418 09:00:21.340689  6080 data_layer.cpp:128] Prefetch batch: 93 ms.
I0418 09:00:21.340689  6080 data_layer.cpp:129]      Read time: 0 ms.
I0418 09:00:21.340689  6080 data_layer.cpp:130] Transform time: 93.762 ms.
I0418 09:00:22.215721  7952 caffe.cpp:314] Batch 2970, accuracy1+2 = 1
I0418 09:00:22.215721  7952 caffe.cpp:314] Batch 2970, accuracy1+2+3 = 1
I0418 09:00:22.340728  6080 data_layer.cpp:128] Prefetch batch: 125 ms.
I0418 09:00:22.340728  6080 data_layer.cpp:129]      Read time: 93.753 ms.
I0418 09:00:22.340728  6080 data_layer.cpp:130] Transform time: 31.253 ms.
I0418 09:00:23.200139  7952 caffe.cpp:314] Batch 2971, accuracy1+2 = 0
I0418 09:00:23.200139  7952 caffe.cpp:314] Batch 2971, accuracy1+2+3 = 0
I0418 09:00:23.325136  6080 data_layer.cpp:128] Prefetch batch: 124 ms.
I0418 09:00:23.325136  6080 data_layer.cpp:129]      Read time: 93.756 ms.
I0418 09:00:23.325136  6080 data_layer.cpp:130] Transform time: 31.242 ms.
I0418 09:00:24.184548  7952 caffe.cpp:314] Batch 2972, accuracy1+2 = 1
I0418 09:00:24.184548  7952 caffe.cpp:314] Batch 2972, accuracy1+2+3 = 1
I0418 09:00:24.309551  6080 data_layer.cpp:128] Prefetch batch: 125 ms.
I0418 09:00:24.309551  6080 data_layer.cpp:129]      Read time: 93.757 ms.
I0418 09:00:24.309551  6080 data_layer.cpp:130] Transform time: 31.245 ms.
I0418 09:00:25.168962  7952 caffe.cpp:314] Batch 2973, accuracy1+2 = 1
I0418 09:00:25.168962  7952 caffe.cpp:314] Batch 2973, accuracy1+2+3 = 1
I0418 09:00:25.262712  6080 data_layer.cpp:128] Prefetch batch: 93 ms.
I0418 09:00:25.262712  6080 data_layer.cpp:129]      Read time: 0 ms.
I0418 09:00:25.262712  6080 data_layer.cpp:130] Transform time: 93.751 ms.
I0418 09:00:26.153373  7952 caffe.cpp:314] Batch 2974, accuracy1+2 = 1
I0418 09:00:26.153373  7952 caffe.cpp:314] Batch 2974, accuracy1+2+3 = 1
I0418 09:00:26.278383  6080 data_layer.cpp:128] Prefetch batch: 125 ms.
I0418 09:00:26.278383  6080 data_layer.cpp:129]      Read time: 78.128 ms.
I0418 09:00:26.278383  6080 data_layer.cpp:130] Transform time: 46.882 ms.
I0418 09:00:27.122164  7952 caffe.cpp:314] Batch 2975, accuracy1+2 = 1
I0418 09:00:27.122164  7952 caffe.cpp:314] Batch 2975, accuracy1+2+3 = 1
I0418 09:00:27.247167  6080 data_layer.cpp:128] Prefetch batch: 125 ms.
I0418 09:00:27.262796  6080 data_layer.cpp:129]      Read time: 93.753 ms.
I0418 09:00:27.262796  6080 data_layer.cpp:130] Transform time: 31.25 ms.
I0418 09:00:28.106578  7952 caffe.cpp:314] Batch 2976, accuracy1+2 = 1
I0418 09:00:28.106578  7952 caffe.cpp:314] Batch 2976, accuracy1+2+3 = 1
I0418 09:00:28.231581  6080 data_layer.cpp:128] Prefetch batch: 125 ms.
I0418 09:00:28.231581  6080 data_layer.cpp:129]      Read time: 93.751 ms.
I0418 09:00:28.231581  6080 data_layer.cpp:130] Transform time: 31.252 ms.
I0418 09:00:29.075376  7952 caffe.cpp:314] Batch 2977, accuracy1+2 = 0
I0418 09:00:29.075376  7952 caffe.cpp:314] Batch 2977, accuracy1+2+3 = 0
I0418 09:00:29.184742  6080 data_layer.cpp:128] Prefetch batch: 109 ms.
I0418 09:00:29.184742  6080 data_layer.cpp:129]      Read time: 0 ms.
I0418 09:00:29.184742  6080 data_layer.cpp:130] Transform time: 109.367 ms.
I0418 09:00:30.059789  7952 caffe.cpp:314] Batch 2978, accuracy1+2 = 0
I0418 09:00:30.059789  7952 caffe.cpp:314] Batch 2978, accuracy1+2+3 = 0
I0418 09:00:30.184783  6080 data_layer.cpp:128] Prefetch batch: 124 ms.
I0418 09:00:30.184783  6080 data_layer.cpp:129]      Read time: 93.74 ms.
I0418 09:00:30.184783  6080 data_layer.cpp:130] Transform time: 31.254 ms.
I0418 09:00:31.028565  7952 caffe.cpp:314] Batch 2979, accuracy1+2 = 0
I0418 09:00:31.028565  7952 caffe.cpp:314] Batch 2979, accuracy1+2+3 = 0
I0418 09:00:31.169194  6080 data_layer.cpp:128] Prefetch batch: 140 ms.
I0418 09:00:31.169194  6080 data_layer.cpp:129]      Read time: 93.757 ms.
I0418 09:00:31.169194  6080 data_layer.cpp:130] Transform time: 46.872 ms.
I0418 09:00:32.012985  7952 caffe.cpp:314] Batch 2980, accuracy1+2 = 0
I0418 09:00:32.012985  7952 caffe.cpp:314] Batch 2980, accuracy1+2+3 = 0
I0418 09:00:32.137985  6080 data_layer.cpp:128] Prefetch batch: 125 ms.
I0418 09:00:32.137985  6080 data_layer.cpp:129]      Read time: 93.748 ms.
I0418 09:00:32.137985  6080 data_layer.cpp:130] Transform time: 31.252 ms.
I0418 09:00:32.997397  7952 caffe.cpp:314] Batch 2981, accuracy1+2 = 0
I0418 09:00:32.997397  7952 caffe.cpp:314] Batch 2981, accuracy1+2+3 = 0
I0418 09:00:33.122403  6080 data_layer.cpp:128] Prefetch batch: 125 ms.
I0418 09:00:33.122403  6080 data_layer.cpp:129]      Read time: 78.126 ms.
I0418 09:00:33.122403  6080 data_layer.cpp:130] Transform time: 46.88 ms.
I0418 09:00:33.981806  7952 caffe.cpp:314] Batch 2982, accuracy1+2 = 1
I0418 09:00:33.981806  7952 caffe.cpp:314] Batch 2982, accuracy1+2+3 = 1
I0418 09:00:34.106811  6080 data_layer.cpp:128] Prefetch batch: 125 ms.
I0418 09:00:34.106811  6080 data_layer.cpp:129]      Read time: 78.13 ms.
I0418 09:00:34.106811  6080 data_layer.cpp:130] Transform time: 46.874 ms.
I0418 09:00:34.950592  7952 caffe.cpp:314] Batch 2983, accuracy1+2 = 1
I0418 09:00:34.950592  7952 caffe.cpp:314] Batch 2983, accuracy1+2+3 = 1
I0418 09:00:35.059972  6080 data_layer.cpp:128] Prefetch batch: 109 ms.
I0418 09:00:35.059972  6080 data_layer.cpp:129]      Read time: 0 ms.
I0418 09:00:35.059972  6080 data_layer.cpp:130] Transform time: 109.379 ms.
I0418 09:00:35.919387  7952 caffe.cpp:314] Batch 2984, accuracy1+2 = 1
I0418 09:00:35.919387  7952 caffe.cpp:314] Batch 2984, accuracy1+2+3 = 1
I0418 09:00:36.044392  6080 data_layer.cpp:128] Prefetch batch: 125 ms.
I0418 09:00:36.044392  6080 data_layer.cpp:129]      Read time: 93.755 ms.
I0418 09:00:36.044392  6080 data_layer.cpp:130] Transform time: 31.25 ms.
I0418 09:00:36.903795  7952 caffe.cpp:314] Batch 2985, accuracy1+2 = 1
I0418 09:00:36.903795  7952 caffe.cpp:314] Batch 2985, accuracy1+2+3 = 1
I0418 09:00:37.028802  6080 data_layer.cpp:128] Prefetch batch: 125 ms.
I0418 09:00:37.028802  6080 data_layer.cpp:129]      Read time: 93.755 ms.
I0418 09:00:37.028802  6080 data_layer.cpp:130] Transform time: 31.252 ms.
I0418 09:00:37.872588  7952 caffe.cpp:314] Batch 2986, accuracy1+2 = 1
I0418 09:00:37.872588  7952 caffe.cpp:314] Batch 2986, accuracy1+2+3 = 1
I0418 09:00:37.997593  6080 data_layer.cpp:128] Prefetch batch: 125 ms.
I0418 09:00:37.997593  6080 data_layer.cpp:129]      Read time: 93.749 ms.
I0418 09:00:37.997593  6080 data_layer.cpp:130] Transform time: 31.256 ms.
I0418 09:00:38.857002  7952 caffe.cpp:314] Batch 2987, accuracy1+2 = 0
I0418 09:00:38.857002  7952 caffe.cpp:314] Batch 2987, accuracy1+2+3 = 0
I0418 09:00:38.966382  6080 data_layer.cpp:128] Prefetch batch: 109 ms.
I0418 09:00:38.966382  6080 data_layer.cpp:129]      Read time: 0 ms.
I0418 09:00:38.966382  6080 data_layer.cpp:130] Transform time: 109.379 ms.
I0418 09:00:39.841409  7952 caffe.cpp:314] Batch 2988, accuracy1+2 = 1
I0418 09:00:39.841409  7952 caffe.cpp:314] Batch 2988, accuracy1+2+3 = 0
I0418 09:00:39.966413  6080 data_layer.cpp:128] Prefetch batch: 125 ms.
I0418 09:00:39.966413  6080 data_layer.cpp:129]      Read time: 78.133 ms.
I0418 09:00:39.966413  6080 data_layer.cpp:130] Transform time: 46.871 ms.
I0418 09:00:40.810204  7952 caffe.cpp:314] Batch 2989, accuracy1+2 = 1
I0418 09:00:40.810204  7952 caffe.cpp:314] Batch 2989, accuracy1+2+3 = 1
I0418 09:00:40.935202  6080 data_layer.cpp:128] Prefetch batch: 124 ms.
I0418 09:00:40.935202  6080 data_layer.cpp:129]      Read time: 93.749 ms.
I0418 09:00:40.935202  6080 data_layer.cpp:130] Transform time: 31.249 ms.
I0418 09:00:41.810240  7952 caffe.cpp:314] Batch 2990, accuracy1+2 = 1
I0418 09:00:41.810240  7952 caffe.cpp:314] Batch 2990, accuracy1+2+3 = 1
I0418 09:00:41.935240  6080 data_layer.cpp:128] Prefetch batch: 125 ms.
I0418 09:00:41.935240  6080 data_layer.cpp:129]      Read time: 93.749 ms.
I0418 09:00:41.935240  6080 data_layer.cpp:130] Transform time: 31.251 ms.
I0418 09:00:42.825894  7952 caffe.cpp:314] Batch 2991, accuracy1+2 = 1
I0418 09:00:42.825894  7952 caffe.cpp:314] Batch 2991, accuracy1+2+3 = 1
I0418 09:00:42.950913  6080 data_layer.cpp:128] Prefetch batch: 125 ms.
I0418 09:00:42.950913  6080 data_layer.cpp:129]      Read time: 93.76 ms.
I0418 09:00:42.950913  6080 data_layer.cpp:130] Transform time: 31.259 ms.
I0418 09:00:43.810317  7952 caffe.cpp:314] Batch 2992, accuracy1+2 = 1
I0418 09:00:43.810317  7952 caffe.cpp:314] Batch 2992, accuracy1+2+3 = 1
I0418 09:00:43.935325  6080 data_layer.cpp:128] Prefetch batch: 125 ms.
I0418 09:00:43.935325  6080 data_layer.cpp:129]      Read time: 93.755 ms.
I0418 09:00:43.935325  6080 data_layer.cpp:130] Transform time: 31.254 ms.
I0418 09:00:44.794728  7952 caffe.cpp:314] Batch 2993, accuracy1+2 = 1
I0418 09:00:44.794728  7952 caffe.cpp:314] Batch 2993, accuracy1+2+3 = 1
I0418 09:00:44.888485  6080 data_layer.cpp:128] Prefetch batch: 93 ms.
I0418 09:00:44.888485  6080 data_layer.cpp:129]      Read time: 0 ms.
I0418 09:00:44.888485  6080 data_layer.cpp:130] Transform time: 93.757 ms.
I0418 09:00:45.763523  7952 caffe.cpp:314] Batch 2994, accuracy1+2 = 1
I0418 09:00:45.763523  7952 caffe.cpp:314] Batch 2994, accuracy1+2+3 = 1
I0418 09:00:45.888521  6080 data_layer.cpp:128] Prefetch batch: 124 ms.
I0418 09:00:45.888521  6080 data_layer.cpp:129]      Read time: 93.748 ms.
I0418 09:00:45.888521  6080 data_layer.cpp:130] Transform time: 31.25 ms.
I0418 09:00:46.732306  7952 caffe.cpp:314] Batch 2995, accuracy1+2 = 1
I0418 09:00:46.732306  7952 caffe.cpp:314] Batch 2995, accuracy1+2+3 = 1
I0418 09:00:46.872942  6080 data_layer.cpp:128] Prefetch batch: 140 ms.
I0418 09:00:46.872942  6080 data_layer.cpp:129]      Read time: 93.757 ms.
I0418 09:00:46.872942  6080 data_layer.cpp:130] Transform time: 46.879 ms.
I0418 09:00:47.716722  7952 caffe.cpp:314] Batch 2996, accuracy1+2 = 1
I0418 09:00:47.716722  7952 caffe.cpp:314] Batch 2996, accuracy1+2+3 = 1
I0418 09:00:47.841727  6080 data_layer.cpp:128] Prefetch batch: 125 ms.
I0418 09:00:47.841727  6080 data_layer.cpp:129]      Read time: 78.141 ms.
I0418 09:00:47.841727  6080 data_layer.cpp:130] Transform time: 46.865 ms.
I0418 09:00:48.685516  7952 caffe.cpp:314] Batch 2997, accuracy1+2 = 1
I0418 09:00:48.685516  7952 caffe.cpp:314] Batch 2997, accuracy1+2+3 = 1
I0418 09:00:48.810513  6080 data_layer.cpp:128] Prefetch batch: 124 ms.
I0418 09:00:48.810513  6080 data_layer.cpp:129]      Read time: 109.371 ms.
I0418 09:00:48.810513  6080 data_layer.cpp:130] Transform time: 15.625 ms.
I0418 09:00:49.669914  7952 caffe.cpp:314] Batch 2998, accuracy1+2 = 1
I0418 09:00:49.669914  7952 caffe.cpp:314] Batch 2998, accuracy1+2+3 = 1
I0418 09:00:49.794924  6080 data_layer.cpp:128] Prefetch batch: 125 ms.
I0418 09:00:49.794924  6080 data_layer.cpp:129]      Read time: 93.767 ms.
I0418 09:00:49.794924  6080 data_layer.cpp:130] Transform time: 31.244 ms.
I0418 09:00:50.638710  7952 caffe.cpp:314] Batch 2999, accuracy1+2 = 1
I0418 09:00:50.638710  7952 caffe.cpp:314] Batch 2999, accuracy1+2+3 = 1
I0418 09:00:50.748092  6080 data_layer.cpp:128] Prefetch batch: 109 ms.
I0418 09:00:50.748092  6080 data_layer.cpp:129]      Read time: 0 ms.
I0418 09:00:50.748092  6080 data_layer.cpp:130] Transform time: 109.383 ms.
I0418 09:00:51.607498  7952 caffe.cpp:314] Batch 3000, accuracy1+2 = 1
I0418 09:00:51.607498  7952 caffe.cpp:314] Batch 3000, accuracy1+2+3 = 1
I0418 09:00:51.748127  6080 data_layer.cpp:128] Prefetch batch: 140 ms.
I0418 09:00:51.748127  6080 data_layer.cpp:129]      Read time: 93.754 ms.
I0418 09:00:51.748127  6080 data_layer.cpp:130] Transform time: 46.875 ms.
I0418 09:00:52.591909  7952 caffe.cpp:314] Batch 3001, accuracy1+2 = 1
I0418 09:00:52.591909  7952 caffe.cpp:314] Batch 3001, accuracy1+2+3 = 1
I0418 09:00:52.716913  6080 data_layer.cpp:128] Prefetch batch: 125 ms.
I0418 09:00:52.716913  6080 data_layer.cpp:129]      Read time: 93.754 ms.
I0418 09:00:52.716913  6080 data_layer.cpp:130] Transform time: 31.25 ms.
I0418 09:00:53.560701  7952 caffe.cpp:314] Batch 3002, accuracy1+2 = 0
I0418 09:00:53.560701  7952 caffe.cpp:314] Batch 3002, accuracy1+2+3 = 0
I0418 09:00:53.685706  6080 data_layer.cpp:128] Prefetch batch: 125 ms.
I0418 09:00:53.685706  6080 data_layer.cpp:129]      Read time: 93.751 ms.
I0418 09:00:53.685706  6080 data_layer.cpp:130] Transform time: 31.254 ms.
I0418 09:00:54.529491  7952 caffe.cpp:314] Batch 3003, accuracy1+2 = 1
I0418 09:00:54.529491  7952 caffe.cpp:314] Batch 3003, accuracy1+2+3 = 1
I0418 09:00:54.654497  6080 data_layer.cpp:128] Prefetch batch: 125 ms.
I0418 09:00:54.654497  6080 data_layer.cpp:129]      Read time: 93.75 ms.
I0418 09:00:54.654497  6080 data_layer.cpp:130] Transform time: 31.256 ms.
I0418 09:00:55.513906  7952 caffe.cpp:314] Batch 3004, accuracy1+2 = 1
I0418 09:00:55.513906  7952 caffe.cpp:314] Batch 3004, accuracy1+2+3 = 1
I0418 09:00:55.607658  6080 data_layer.cpp:128] Prefetch batch: 93 ms.
I0418 09:00:55.607658  6080 data_layer.cpp:129]      Read time: 0 ms.
I0418 09:00:55.607658  6080 data_layer.cpp:130] Transform time: 93.753 ms.
I0418 09:00:56.482686  7952 caffe.cpp:314] Batch 3005, accuracy1+2 = 1
I0418 09:00:56.482686  7952 caffe.cpp:314] Batch 3005, accuracy1+2+3 = 1
I0418 09:00:56.607693  6080 data_layer.cpp:128] Prefetch batch: 125 ms.
I0418 09:00:56.607693  6080 data_layer.cpp:129]      Read time: 93.762 ms.
I0418 09:00:56.607693  6080 data_layer.cpp:130] Transform time: 31.245 ms.
I0418 09:00:57.451478  7952 caffe.cpp:314] Batch 3006, accuracy1+2 = 1
I0418 09:00:57.451478  7952 caffe.cpp:314] Batch 3006, accuracy1+2+3 = 1
I0418 09:00:57.576481  6080 data_layer.cpp:128] Prefetch batch: 125 ms.
I0418 09:00:57.576481  6080 data_layer.cpp:129]      Read time: 93.751 ms.
I0418 09:00:57.576481  6080 data_layer.cpp:130] Transform time: 31.253 ms.
I0418 09:00:58.420264  7952 caffe.cpp:314] Batch 3007, accuracy1+2 = 1
I0418 09:00:58.420264  7952 caffe.cpp:314] Batch 3007, accuracy1+2+3 = 1
I0418 09:00:58.545269  6080 data_layer.cpp:128] Prefetch batch: 125 ms.
I0418 09:00:58.545269  6080 data_layer.cpp:129]      Read time: 93.752 ms.
I0418 09:00:58.545269  6080 data_layer.cpp:130] Transform time: 31.253 ms.
I0418 09:00:59.404680  7952 caffe.cpp:314] Batch 3008, accuracy1+2 = 1
I0418 09:00:59.404680  7952 caffe.cpp:314] Batch 3008, accuracy1+2+3 = 1
I0418 09:00:59.529681  6080 data_layer.cpp:128] Prefetch batch: 125 ms.
I0418 09:00:59.529681  6080 data_layer.cpp:129]      Read time: 93.762 ms.
I0418 09:00:59.529681  6080 data_layer.cpp:130] Transform time: 31.24 ms.
I0418 09:01:00.373471  7952 caffe.cpp:314] Batch 3009, accuracy1+2 = 1
I0418 09:01:00.373471  7952 caffe.cpp:314] Batch 3009, accuracy1+2+3 = 1
I0418 09:01:00.498469  6080 data_layer.cpp:128] Prefetch batch: 124 ms.
I0418 09:01:00.498469  6080 data_layer.cpp:129]      Read time: 93.748 ms.
I0418 09:01:00.498469  6080 data_layer.cpp:130] Transform time: 31.25 ms.
I0418 09:01:01.357887  7952 caffe.cpp:314] Batch 3010, accuracy1+2 = 1
I0418 09:01:01.357887  7952 caffe.cpp:314] Batch 3010, accuracy1+2+3 = 1
I0418 09:01:01.467259  6080 data_layer.cpp:128] Prefetch batch: 109 ms.
I0418 09:01:01.467259  6080 data_layer.cpp:129]      Read time: 0 ms.
I0418 09:01:01.467259  6080 data_layer.cpp:130] Transform time: 109.373 ms.
I0418 09:01:02.326673  7952 caffe.cpp:314] Batch 3011, accuracy1+2 = 1
I0418 09:01:02.326673  7952 caffe.cpp:314] Batch 3011, accuracy1+2+3 = 1
I0418 09:01:02.451679  6080 data_layer.cpp:128] Prefetch batch: 125 ms.
I0418 09:01:02.451679  6080 data_layer.cpp:129]      Read time: 93.754 ms.
I0418 09:01:02.451679  6080 data_layer.cpp:130] Transform time: 31.252 ms.
I0418 09:01:03.295460  7952 caffe.cpp:314] Batch 3012, accuracy1+2 = 1
I0418 09:01:03.295460  7952 caffe.cpp:314] Batch 3012, accuracy1+2+3 = 1
I0418 09:01:03.420460  6080 data_layer.cpp:128] Prefetch batch: 125 ms.
I0418 09:01:03.420460  6080 data_layer.cpp:129]      Read time: 93.748 ms.
I0418 09:01:03.420460  6080 data_layer.cpp:130] Transform time: 31.252 ms.
I0418 09:01:04.279875  7952 caffe.cpp:314] Batch 3013, accuracy1+2 = 1
I0418 09:01:04.279875  7952 caffe.cpp:314] Batch 3013, accuracy1+2+3 = 1
I0418 09:01:04.404881  6080 data_layer.cpp:128] Prefetch batch: 125 ms.
I0418 09:01:04.404881  6080 data_layer.cpp:129]      Read time: 78.115 ms.
I0418 09:01:04.404881  6080 data_layer.cpp:130] Transform time: 46.892 ms.
I0418 09:01:05.248662  7952 caffe.cpp:314] Batch 3014, accuracy1+2 = 1
I0418 09:01:05.248662  7952 caffe.cpp:314] Batch 3014, accuracy1+2+3 = 1
I0418 09:01:05.342411  6080 data_layer.cpp:128] Prefetch batch: 93 ms.
I0418 09:01:05.342411  6080 data_layer.cpp:129]      Read time: 0 ms.
I0418 09:01:05.358037  6080 data_layer.cpp:130] Transform time: 93.749 ms.
I0418 09:01:06.217444  7952 caffe.cpp:314] Batch 3015, accuracy1+2 = 1
I0418 09:01:06.217444  7952 caffe.cpp:314] Batch 3015, accuracy1+2+3 = 1
I0418 09:01:06.342453  6080 data_layer.cpp:128] Prefetch batch: 125 ms.
I0418 09:01:06.342453  6080 data_layer.cpp:129]      Read time: 93.753 ms.
I0418 09:01:06.342453  6080 data_layer.cpp:130] Transform time: 31.256 ms.
I0418 09:01:07.201861  7952 caffe.cpp:314] Batch 3016, accuracy1+2 = 1
I0418 09:01:07.201861  7952 caffe.cpp:314] Batch 3016, accuracy1+2+3 = 1
I0418 09:01:07.326864  6080 data_layer.cpp:128] Prefetch batch: 125 ms.
I0418 09:01:07.326864  6080 data_layer.cpp:129]      Read time: 78.127 ms.
I0418 09:01:07.326864  6080 data_layer.cpp:130] Transform time: 46.876 ms.
I0418 09:01:08.170650  7952 caffe.cpp:314] Batch 3017, accuracy1+2 = 1
I0418 09:01:08.170650  7952 caffe.cpp:314] Batch 3017, accuracy1+2+3 = 1
I0418 09:01:08.295657  6080 data_layer.cpp:128] Prefetch batch: 125 ms.
I0418 09:01:08.295657  6080 data_layer.cpp:129]      Read time: 93.753 ms.
I0418 09:01:08.295657  6080 data_layer.cpp:130] Transform time: 31.255 ms.
I0418 09:01:09.139439  7952 caffe.cpp:314] Batch 3018, accuracy1+2 = 1
I0418 09:01:09.139439  7952 caffe.cpp:314] Batch 3018, accuracy1+2+3 = 1
I0418 09:01:09.248817  6080 data_layer.cpp:128] Prefetch batch: 109 ms.
I0418 09:01:09.248817  6080 data_layer.cpp:129]      Read time: 0 ms.
I0418 09:01:09.248817  6080 data_layer.cpp:130] Transform time: 109.378 ms.
I0418 09:01:10.108227  7952 caffe.cpp:314] Batch 3019, accuracy1+2 = 1
I0418 09:01:10.108227  7952 caffe.cpp:314] Batch 3019, accuracy1+2+3 = 1
I0418 09:01:10.248853  6080 data_layer.cpp:128] Prefetch batch: 140 ms.
I0418 09:01:10.248853  6080 data_layer.cpp:129]      Read time: 78.123 ms.
I0418 09:01:10.248853  6080 data_layer.cpp:130] Transform time: 46.872 ms.
I0418 09:01:11.092635  7952 caffe.cpp:314] Batch 3020, accuracy1+2 = 1
I0418 09:01:11.092635  7952 caffe.cpp:314] Batch 3020, accuracy1+2+3 = 1
I0418 09:01:11.217640  6080 data_layer.cpp:128] Prefetch batch: 125 ms.
I0418 09:01:11.217640  6080 data_layer.cpp:129]      Read time: 93.76 ms.
I0418 09:01:11.217640  6080 data_layer.cpp:130] Transform time: 31.245 ms.
I0418 09:01:12.061424  7952 caffe.cpp:314] Batch 3021, accuracy1+2 = 1
I0418 09:01:12.061424  7952 caffe.cpp:314] Batch 3021, accuracy1+2+3 = 1
I0418 09:01:12.186432  6080 data_layer.cpp:128] Prefetch batch: 125 ms.
I0418 09:01:12.186432  6080 data_layer.cpp:129]      Read time: 62.505 ms.
I0418 09:01:12.186432  6080 data_layer.cpp:130] Transform time: 62.503 ms.
I0418 09:01:13.045840  7952 caffe.cpp:314] Batch 3022, accuracy1+2 = 1
I0418 09:01:13.045840  7952 caffe.cpp:314] Batch 3022, accuracy1+2+3 = 1
I0418 09:01:13.170847  6080 data_layer.cpp:128] Prefetch batch: 125 ms.
I0418 09:01:13.170847  6080 data_layer.cpp:129]      Read time: 31.251 ms.
I0418 09:01:13.170847  6080 data_layer.cpp:130] Transform time: 93.756 ms.
I0418 09:01:14.045869  7952 caffe.cpp:314] Batch 3023, accuracy1+2 = 0
I0418 09:01:14.045869  7952 caffe.cpp:314] Batch 3023, accuracy1+2+3 = 0
I0418 09:01:14.170888  6080 data_layer.cpp:128] Prefetch batch: 125 ms.
I0418 09:01:14.170888  6080 data_layer.cpp:129]      Read time: 93.766 ms.
I0418 09:01:14.170888  6080 data_layer.cpp:130] Transform time: 31.253 ms.
I0418 09:01:15.030292  7952 caffe.cpp:314] Batch 3024, accuracy1+2 = 0
I0418 09:01:15.030292  7952 caffe.cpp:314] Batch 3024, accuracy1+2+3 = 0
I0418 09:01:15.155302  6080 data_layer.cpp:128] Prefetch batch: 125 ms.
I0418 09:01:15.155302  6080 data_layer.cpp:129]      Read time: 78.133 ms.
I0418 09:01:15.155302  6080 data_layer.cpp:130] Transform time: 46.877 ms.
I0418 09:01:15.999080  7952 caffe.cpp:314] Batch 3025, accuracy1+2 = 1
I0418 09:01:15.999080  7952 caffe.cpp:314] Batch 3025, accuracy1+2+3 = 1
I0418 09:01:16.124088  6080 data_layer.cpp:128] Prefetch batch: 125 ms.
I0418 09:01:16.124088  6080 data_layer.cpp:129]      Read time: 93.744 ms.
I0418 09:01:16.124088  6080 data_layer.cpp:130] Transform time: 31.263 ms.
I0418 09:01:16.967869  7952 caffe.cpp:314] Batch 3026, accuracy1+2 = 1
I0418 09:01:16.967869  7952 caffe.cpp:314] Batch 3026, accuracy1+2+3 = 1
I0418 09:01:17.092870  6080 data_layer.cpp:128] Prefetch batch: 125 ms.
I0418 09:01:17.092870  6080 data_layer.cpp:129]      Read time: 93.756 ms.
I0418 09:01:17.092870  6080 data_layer.cpp:130] Transform time: 31.245 ms.
I0418 09:01:17.952283  7952 caffe.cpp:314] Batch 3027, accuracy1+2 = 1
I0418 09:01:17.952283  7952 caffe.cpp:314] Batch 3027, accuracy1+2+3 = 1
I0418 09:01:18.046032  6080 data_layer.cpp:128] Prefetch batch: 93 ms.
I0418 09:01:18.046032  6080 data_layer.cpp:129]      Read time: 0 ms.
I0418 09:01:18.046032  6080 data_layer.cpp:130] Transform time: 93.749 ms.
I0418 09:01:18.921075  7952 caffe.cpp:314] Batch 3028, accuracy1+2 = 1
I0418 09:01:18.921075  7952 caffe.cpp:314] Batch 3028, accuracy1+2+3 = 1
I0418 09:01:19.046066  6080 data_layer.cpp:128] Prefetch batch: 124 ms.
I0418 09:01:19.046066  6080 data_layer.cpp:129]      Read time: 93.751 ms.
I0418 09:01:19.046066  6080 data_layer.cpp:130] Transform time: 31.239 ms.
I0418 09:01:19.921118  7952 caffe.cpp:314] Batch 3029, accuracy1+2 = 1
I0418 09:01:19.921118  7952 caffe.cpp:314] Batch 3029, accuracy1+2+3 = 1
I0418 09:01:20.046113  6080 data_layer.cpp:128] Prefetch batch: 124 ms.
I0418 09:01:20.046113  6080 data_layer.cpp:129]      Read time: 93.746 ms.
I0418 09:01:20.046113  6080 data_layer.cpp:130] Transform time: 31.249 ms.
I0418 09:01:20.936769  7952 caffe.cpp:314] Batch 3030, accuracy1+2 = 0
I0418 09:01:20.936769  7952 caffe.cpp:314] Batch 3030, accuracy1+2+3 = 0
I0418 09:01:21.046149  6080 data_layer.cpp:128] Prefetch batch: 109 ms.
I0418 09:01:21.046149  6080 data_layer.cpp:129]      Read time: 0 ms.
I0418 09:01:21.046149  6080 data_layer.cpp:130] Transform time: 109.379 ms.
I0418 09:01:21.936815  7952 caffe.cpp:314] Batch 3031, accuracy1+2 = 0
I0418 09:01:21.936815  7952 caffe.cpp:314] Batch 3031, accuracy1+2+3 = 0
I0418 09:01:22.061822  6080 data_layer.cpp:128] Prefetch batch: 125 ms.
I0418 09:01:22.061822  6080 data_layer.cpp:129]      Read time: 93.757 ms.
I0418 09:01:22.061822  6080 data_layer.cpp:130] Transform time: 31.251 ms.
I0418 09:01:22.921231  7952 caffe.cpp:314] Batch 3032, accuracy1+2 = 0
I0418 09:01:22.921231  7952 caffe.cpp:314] Batch 3032, accuracy1+2+3 = 0
I0418 09:01:23.046233  6080 data_layer.cpp:128] Prefetch batch: 125 ms.
I0418 09:01:23.046233  6080 data_layer.cpp:129]      Read time: 93.753 ms.
I0418 09:01:23.046233  6080 data_layer.cpp:130] Transform time: 31.249 ms.
I0418 09:01:23.890015  7952 caffe.cpp:314] Batch 3033, accuracy1+2 = 1
I0418 09:01:23.890015  7952 caffe.cpp:314] Batch 3033, accuracy1+2+3 = 1
I0418 09:01:24.015020  6080 data_layer.cpp:128] Prefetch batch: 125 ms.
I0418 09:01:24.015020  6080 data_layer.cpp:129]      Read time: 93.75 ms.
I0418 09:01:24.015020  6080 data_layer.cpp:130] Transform time: 31.255 ms.
I0418 09:01:24.858803  7952 caffe.cpp:314] Batch 3034, accuracy1+2 = 1
I0418 09:01:24.858803  7952 caffe.cpp:314] Batch 3034, accuracy1+2+3 = 1
I0418 09:01:24.983813  6080 data_layer.cpp:128] Prefetch batch: 125 ms.
I0418 09:01:24.983813  6080 data_layer.cpp:129]      Read time: 93.75 ms.
I0418 09:01:24.983813  6080 data_layer.cpp:130] Transform time: 31.259 ms.
I0418 09:01:25.843219  7952 caffe.cpp:314] Batch 3035, accuracy1+2 = 1
I0418 09:01:25.843219  7952 caffe.cpp:314] Batch 3035, accuracy1+2+3 = 1
I0418 09:01:25.936970  6080 data_layer.cpp:128] Prefetch batch: 93 ms.
I0418 09:01:25.936970  6080 data_layer.cpp:129]      Read time: 0 ms.
I0418 09:01:25.936970  6080 data_layer.cpp:130] Transform time: 93.751 ms.
I0418 09:01:26.812007  7952 caffe.cpp:314] Batch 3036, accuracy1+2 = 1
I0418 09:01:26.812007  7952 caffe.cpp:314] Batch 3036, accuracy1+2+3 = 1
I0418 09:01:26.937011  6080 data_layer.cpp:128] Prefetch batch: 125 ms.
I0418 09:01:26.937011  6080 data_layer.cpp:129]      Read time: 93.75 ms.
I0418 09:01:26.937011  6080 data_layer.cpp:130] Transform time: 31.254 ms.
I0418 09:01:27.780789  7952 caffe.cpp:314] Batch 3037, accuracy1+2 = 1
I0418 09:01:27.780789  7952 caffe.cpp:314] Batch 3037, accuracy1+2+3 = 1
I0418 09:01:27.905808  6080 data_layer.cpp:128] Prefetch batch: 125 ms.
I0418 09:01:27.905808  6080 data_layer.cpp:129]      Read time: 93.761 ms.
I0418 09:01:27.905808  6080 data_layer.cpp:130] Transform time: 31.258 ms.
I0418 09:01:28.765205  7952 caffe.cpp:314] Batch 3038, accuracy1+2 = 1
I0418 09:01:28.765205  7952 caffe.cpp:314] Batch 3038, accuracy1+2+3 = 1
I0418 09:01:28.890211  6080 data_layer.cpp:128] Prefetch batch: 125 ms.
I0418 09:01:28.890211  6080 data_layer.cpp:129]      Read time: 78.13 ms.
I0418 09:01:28.890211  6080 data_layer.cpp:130] Transform time: 46.876 ms.
I0418 09:01:29.733995  7952 caffe.cpp:314] Batch 3039, accuracy1+2 = 0
I0418 09:01:29.733995  7952 caffe.cpp:314] Batch 3039, accuracy1+2+3 = 0
I0418 09:01:29.859004  6080 data_layer.cpp:128] Prefetch batch: 125 ms.
I0418 09:01:29.859004  6080 data_layer.cpp:129]      Read time: 93.756 ms.
I0418 09:01:29.859004  6080 data_layer.cpp:130] Transform time: 31.252 ms.
I0418 09:01:30.718411  7952 caffe.cpp:314] Batch 3040, accuracy1+2 = 0
I0418 09:01:30.718411  7952 caffe.cpp:314] Batch 3040, accuracy1+2+3 = 0
I0418 09:01:30.827786  6080 data_layer.cpp:128] Prefetch batch: 109 ms.
I0418 09:01:30.827786  6080 data_layer.cpp:129]      Read time: 0 ms.
I0418 09:01:30.827786  6080 data_layer.cpp:130] Transform time: 109.375 ms.
I0418 09:01:31.687201  7952 caffe.cpp:314] Batch 3041, accuracy1+2 = 1
I0418 09:01:31.687201  7952 caffe.cpp:314] Batch 3041, accuracy1+2+3 = 1
I0418 09:01:31.812201  6080 data_layer.cpp:128] Prefetch batch: 125 ms.
I0418 09:01:31.812201  6080 data_layer.cpp:129]      Read time: 93.753 ms.
I0418 09:01:31.812201  6080 data_layer.cpp:130] Transform time: 31.248 ms.
I0418 09:01:32.671609  7952 caffe.cpp:314] Batch 3042, accuracy1+2 = 0
I0418 09:01:32.671609  7952 caffe.cpp:314] Batch 3042, accuracy1+2+3 = 1
I0418 09:01:32.796615  6080 data_layer.cpp:128] Prefetch batch: 125 ms.
I0418 09:01:32.796615  6080 data_layer.cpp:129]      Read time: 78.125 ms.
I0418 09:01:32.796615  6080 data_layer.cpp:130] Transform time: 46.881 ms.
I0418 09:01:33.640396  7952 caffe.cpp:314] Batch 3043, accuracy1+2 = 0
I0418 09:01:33.640396  7952 caffe.cpp:314] Batch 3043, accuracy1+2+3 = 0
I0418 09:01:33.765403  6080 data_layer.cpp:128] Prefetch batch: 125 ms.
I0418 09:01:33.765403  6080 data_layer.cpp:129]      Read time: 93.758 ms.
I0418 09:01:33.765403  6080 data_layer.cpp:130] Transform time: 31.249 ms.
I0418 09:01:34.609187  7952 caffe.cpp:314] Batch 3044, accuracy1+2 = 1
I0418 09:01:34.609187  7952 caffe.cpp:314] Batch 3044, accuracy1+2+3 = 1
I0418 09:01:34.734194  6080 data_layer.cpp:128] Prefetch batch: 125 ms.
I0418 09:01:34.734194  6080 data_layer.cpp:129]      Read time: 93.756 ms.
I0418 09:01:34.734194  6080 data_layer.cpp:130] Transform time: 31.25 ms.
I0418 09:01:35.593600  7952 caffe.cpp:314] Batch 3045, accuracy1+2 = 1
I0418 09:01:35.593600  7952 caffe.cpp:314] Batch 3045, accuracy1+2+3 = 1
I0418 09:01:35.718605  6080 data_layer.cpp:128] Prefetch batch: 125 ms.
I0418 09:01:35.718605  6080 data_layer.cpp:129]      Read time: 78.131 ms.
I0418 09:01:35.718605  6080 data_layer.cpp:130] Transform time: 46.873 ms.
I0418 09:01:36.562387  7952 caffe.cpp:314] Batch 3046, accuracy1+2 = 1
I0418 09:01:36.562387  7952 caffe.cpp:314] Batch 3046, accuracy1+2+3 = 1
I0418 09:01:36.656146  6080 data_layer.cpp:128] Prefetch batch: 93 ms.
I0418 09:01:36.656146  6080 data_layer.cpp:129]      Read time: 0 ms.
I0418 09:01:36.656146  6080 data_layer.cpp:130] Transform time: 93.758 ms.
I0418 09:01:37.531172  7952 caffe.cpp:314] Batch 3047, accuracy1+2 = 0
I0418 09:01:37.531172  7952 caffe.cpp:314] Batch 3047, accuracy1+2+3 = 0
I0418 09:01:37.656178  6080 data_layer.cpp:128] Prefetch batch: 125 ms.
I0418 09:01:37.656178  6080 data_layer.cpp:129]      Read time: 93.763 ms.
I0418 09:01:37.656178  6080 data_layer.cpp:130] Transform time: 31.243 ms.
I0418 09:01:38.499966  7952 caffe.cpp:314] Batch 3048, accuracy1+2 = 0
I0418 09:01:38.499966  7952 caffe.cpp:314] Batch 3048, accuracy1+2+3 = 0
I0418 09:01:38.624971  6080 data_layer.cpp:128] Prefetch batch: 125 ms.
I0418 09:01:38.624971  6080 data_layer.cpp:129]      Read time: 93.75 ms.
I0418 09:01:38.640599  6080 data_layer.cpp:130] Transform time: 31.255 ms.
I0418 09:01:39.484380  7952 caffe.cpp:314] Batch 3049, accuracy1+2 = 0
I0418 09:01:39.484380  7952 caffe.cpp:314] Batch 3049, accuracy1+2+3 = 0
I0418 09:01:39.609385  6080 data_layer.cpp:128] Prefetch batch: 125 ms.
I0418 09:01:39.609385  6080 data_layer.cpp:129]      Read time: 78.126 ms.
I0418 09:01:39.609385  6080 data_layer.cpp:130] Transform time: 46.878 ms.
I0418 09:01:40.453166  7952 caffe.cpp:314] Batch 3050, accuracy1+2 = 1
I0418 09:01:40.453166  7952 caffe.cpp:314] Batch 3050, accuracy1+2+3 = 1
I0418 09:01:40.578171  6080 data_layer.cpp:128] Prefetch batch: 125 ms.
I0418 09:01:40.578171  6080 data_layer.cpp:129]      Read time: 93.742 ms.
I0418 09:01:40.578171  6080 data_layer.cpp:130] Transform time: 31.262 ms.
I0418 09:01:41.437582  7952 caffe.cpp:314] Batch 3051, accuracy1+2 = 1
I0418 09:01:41.437582  7952 caffe.cpp:314] Batch 3051, accuracy1+2+3 = 1
I0418 09:01:41.531334  6080 data_layer.cpp:128] Prefetch batch: 93 ms.
I0418 09:01:41.531334  6080 data_layer.cpp:129]      Read time: 0 ms.
I0418 09:01:41.531334  6080 data_layer.cpp:130] Transform time: 93.753 ms.
I0418 09:01:42.406366  7952 caffe.cpp:314] Batch 3052, accuracy1+2 = 0
I0418 09:01:42.406366  7952 caffe.cpp:314] Batch 3052, accuracy1+2+3 = 0
I0418 09:01:42.531371  6080 data_layer.cpp:128] Prefetch batch: 125 ms.
I0418 09:01:42.531371  6080 data_layer.cpp:129]      Read time: 93.753 ms.
I0418 09:01:42.531371  6080 data_layer.cpp:130] Transform time: 31.252 ms.
I0418 09:01:43.375151  7952 caffe.cpp:314] Batch 3053, accuracy1+2 = 1
I0418 09:01:43.375151  7952 caffe.cpp:314] Batch 3053, accuracy1+2+3 = 1
I0418 09:01:43.515789  6080 data_layer.cpp:128] Prefetch batch: 125 ms.
I0418 09:01:43.515789  6080 data_layer.cpp:129]      Read time: 78.132 ms.
I0418 09:01:43.515789  6080 data_layer.cpp:130] Transform time: 46.875 ms.
I0418 09:01:44.359565  7952 caffe.cpp:314] Batch 3054, accuracy1+2 = 1
I0418 09:01:44.359565  7952 caffe.cpp:314] Batch 3054, accuracy1+2+3 = 1
I0418 09:01:44.484576  6080 data_layer.cpp:128] Prefetch batch: 125 ms.
I0418 09:01:44.484576  6080 data_layer.cpp:129]      Read time: 93.753 ms.
I0418 09:01:44.484576  6080 data_layer.cpp:130] Transform time: 31.258 ms.
I0418 09:01:45.343981  7952 caffe.cpp:314] Batch 3055, accuracy1+2 = 1
I0418 09:01:45.343981  7952 caffe.cpp:314] Batch 3055, accuracy1+2+3 = 1
I0418 09:01:45.468991  6080 data_layer.cpp:128] Prefetch batch: 125 ms.
I0418 09:01:45.468991  6080 data_layer.cpp:129]      Read time: 78.134 ms.
I0418 09:01:45.468991  6080 data_layer.cpp:130] Transform time: 46.875 ms.
I0418 09:01:46.312774  7952 caffe.cpp:314] Batch 3056, accuracy1+2 = 1
I0418 09:01:46.312774  7952 caffe.cpp:314] Batch 3056, accuracy1+2+3 = 1
I0418 09:01:46.406527  6080 data_layer.cpp:128] Prefetch batch: 93 ms.
I0418 09:01:46.406527  6080 data_layer.cpp:129]      Read time: 0 ms.
I0418 09:01:46.406527  6080 data_layer.cpp:130] Transform time: 93.752 ms.
I0418 09:01:47.281556  7952 caffe.cpp:314] Batch 3057, accuracy1+2 = 1
I0418 09:01:47.281556  7952 caffe.cpp:314] Batch 3057, accuracy1+2+3 = 1
I0418 09:01:47.406565  6080 data_layer.cpp:128] Prefetch batch: 125 ms.
I0418 09:01:47.406565  6080 data_layer.cpp:129]      Read time: 93.757 ms.
I0418 09:01:47.406565  6080 data_layer.cpp:130] Transform time: 31.252 ms.
I0418 09:01:48.265974  7952 caffe.cpp:314] Batch 3058, accuracy1+2 = 1
I0418 09:01:48.265974  7952 caffe.cpp:314] Batch 3058, accuracy1+2+3 = 1
I0418 09:01:48.390976  6080 data_layer.cpp:128] Prefetch batch: 125 ms.
I0418 09:01:48.390976  6080 data_layer.cpp:129]      Read time: 78.122 ms.
I0418 09:01:48.390976  6080 data_layer.cpp:130] Transform time: 46.88 ms.
I0418 09:01:49.234755  7952 caffe.cpp:314] Batch 3059, accuracy1+2 = 1
I0418 09:01:49.234755  7952 caffe.cpp:314] Batch 3059, accuracy1+2+3 = 1
I0418 09:01:49.359766  6080 data_layer.cpp:128] Prefetch batch: 125 ms.
I0418 09:01:49.359766  6080 data_layer.cpp:129]      Read time: 93.762 ms.
I0418 09:01:49.359766  6080 data_layer.cpp:130] Transform time: 31.249 ms.
I0418 09:01:50.203547  7952 caffe.cpp:314] Batch 3060, accuracy1+2 = 1
I0418 09:01:50.203547  7952 caffe.cpp:314] Batch 3060, accuracy1+2+3 = 1
I0418 09:01:50.312925  6080 data_layer.cpp:128] Prefetch batch: 109 ms.
I0418 09:01:50.312925  6080 data_layer.cpp:129]      Read time: 0 ms.
I0418 09:01:50.312925  6080 data_layer.cpp:130] Transform time: 109.379 ms.
I0418 09:01:51.187963  7952 caffe.cpp:314] Batch 3061, accuracy1+2 = 0
I0418 09:01:51.187963  7952 caffe.cpp:314] Batch 3061, accuracy1+2+3 = 0
I0418 09:01:51.312963  6080 data_layer.cpp:128] Prefetch batch: 125 ms.
I0418 09:01:51.312963  6080 data_layer.cpp:129]      Read time: 78.125 ms.
I0418 09:01:51.312963  6080 data_layer.cpp:130] Transform time: 46.875 ms.
I0418 09:01:52.156750  7952 caffe.cpp:314] Batch 3062, accuracy1+2 = 1
I0418 09:01:52.156750  7952 caffe.cpp:314] Batch 3062, accuracy1+2+3 = 1
I0418 09:01:52.281752  6080 data_layer.cpp:128] Prefetch batch: 125 ms.
I0418 09:01:52.281752  6080 data_layer.cpp:129]      Read time: 93.757 ms.
I0418 09:01:52.281752  6080 data_layer.cpp:130] Transform time: 31.245 ms.
I0418 09:01:53.125538  7952 caffe.cpp:314] Batch 3063, accuracy1+2 = 1
I0418 09:01:53.125538  7952 caffe.cpp:314] Batch 3063, accuracy1+2+3 = 1
I0418 09:01:53.250546  6080 data_layer.cpp:128] Prefetch batch: 125 ms.
I0418 09:01:53.250546  6080 data_layer.cpp:129]      Read time: 93.753 ms.
I0418 09:01:53.250546  6080 data_layer.cpp:130] Transform time: 31.255 ms.
I0418 09:01:54.109952  7952 caffe.cpp:314] Batch 3064, accuracy1+2 = 1
I0418 09:01:54.109952  7952 caffe.cpp:314] Batch 3064, accuracy1+2+3 = 1
I0418 09:01:54.234958  6080 data_layer.cpp:128] Prefetch batch: 125 ms.
I0418 09:01:54.234958  6080 data_layer.cpp:129]      Read time: 93.755 ms.
I0418 09:01:54.234958  6080 data_layer.cpp:130] Transform time: 31.251 ms.
I0418 09:01:55.078739  7952 caffe.cpp:314] Batch 3065, accuracy1+2 = 1
I0418 09:01:55.078739  7952 caffe.cpp:314] Batch 3065, accuracy1+2+3 = 1
I0418 09:01:55.203743  6080 data_layer.cpp:128] Prefetch batch: 125 ms.
I0418 09:01:55.203743  6080 data_layer.cpp:129]      Read time: 93.749 ms.
I0418 09:01:55.203743  6080 data_layer.cpp:130] Transform time: 31.255 ms.
I0418 09:01:56.047530  7952 caffe.cpp:314] Batch 3066, accuracy1+2 = 1
I0418 09:01:56.047530  7952 caffe.cpp:314] Batch 3066, accuracy1+2+3 = 1
I0418 09:01:56.156904  6080 data_layer.cpp:128] Prefetch batch: 109 ms.
I0418 09:01:56.156904  6080 data_layer.cpp:129]      Read time: 0 ms.
I0418 09:01:56.156904  6080 data_layer.cpp:130] Transform time: 109.374 ms.
I0418 09:01:57.031930  7952 caffe.cpp:314] Batch 3067, accuracy1+2 = 1
I0418 09:01:57.031930  7952 caffe.cpp:314] Batch 3067, accuracy1+2+3 = 1
I0418 09:01:57.156935  6080 data_layer.cpp:128] Prefetch batch: 125 ms.
I0418 09:01:57.156935  6080 data_layer.cpp:129]      Read time: 93.754 ms.
I0418 09:01:57.156935  6080 data_layer.cpp:130] Transform time: 31.251 ms.
I0418 09:01:58.047595  7952 caffe.cpp:314] Batch 3068, accuracy1+2 = 1
I0418 09:01:58.047595  7952 caffe.cpp:314] Batch 3068, accuracy1+2+3 = 1
I0418 09:01:58.172600  6080 data_layer.cpp:128] Prefetch batch: 125 ms.
I0418 09:01:58.172600  6080 data_layer.cpp:129]      Read time: 78.128 ms.
I0418 09:01:58.172600  6080 data_layer.cpp:130] Transform time: 46.877 ms.
I0418 09:01:59.047648  7952 caffe.cpp:314] Batch 3069, accuracy1+2 = 1
I0418 09:01:59.047648  7952 caffe.cpp:314] Batch 3069, accuracy1+2+3 = 1
I0418 09:01:59.157027  6080 data_layer.cpp:128] Prefetch batch: 109 ms.
I0418 09:01:59.157027  6080 data_layer.cpp:129]      Read time: 0 ms.
I0418 09:01:59.157027  6080 data_layer.cpp:130] Transform time: 109.379 ms.
I0418 09:02:00.016434  7952 caffe.cpp:314] Batch 3070, accuracy1+2 = 0
I0418 09:02:00.016434  7952 caffe.cpp:314] Batch 3070, accuracy1+2+3 = 0
I0418 09:02:00.141439  6080 data_layer.cpp:128] Prefetch batch: 125 ms.
I0418 09:02:00.141439  6080 data_layer.cpp:129]      Read time: 93.755 ms.
I0418 09:02:00.141439  6080 data_layer.cpp:130] Transform time: 31.25 ms.
I0418 09:02:01.000847  7952 caffe.cpp:314] Batch 3071, accuracy1+2 = 1
I0418 09:02:01.000847  7952 caffe.cpp:314] Batch 3071, accuracy1+2+3 = 1
I0418 09:02:01.125850  6080 data_layer.cpp:128] Prefetch batch: 125 ms.
I0418 09:02:01.125850  6080 data_layer.cpp:129]      Read time: 93.752 ms.
I0418 09:02:01.125850  6080 data_layer.cpp:130] Transform time: 31.251 ms.
I0418 09:02:01.969635  7952 caffe.cpp:314] Batch 3072, accuracy1+2 = 1
I0418 09:02:01.969635  7952 caffe.cpp:314] Batch 3072, accuracy1+2+3 = 0
I0418 09:02:02.079016  6080 data_layer.cpp:128] Prefetch batch: 109 ms.
I0418 09:02:02.079016  6080 data_layer.cpp:129]      Read time: 15.627 ms.
I0418 09:02:02.079016  6080 data_layer.cpp:130] Transform time: 93.755 ms.
I0418 09:02:02.954047  7952 caffe.cpp:314] Batch 3073, accuracy1+2 = 0
I0418 09:02:02.954047  7952 caffe.cpp:314] Batch 3073, accuracy1+2+3 = 0
I0418 09:02:03.079054  6080 data_layer.cpp:128] Prefetch batch: 125 ms.
I0418 09:02:03.079054  6080 data_layer.cpp:129]      Read time: 78.126 ms.
I0418 09:02:03.079054  6080 data_layer.cpp:130] Transform time: 46.881 ms.
I0418 09:02:03.922837  7952 caffe.cpp:314] Batch 3074, accuracy1+2 = 1
I0418 09:02:03.922837  7952 caffe.cpp:314] Batch 3074, accuracy1+2+3 = 1
I0418 09:02:04.047840  6080 data_layer.cpp:128] Prefetch batch: 125 ms.
I0418 09:02:04.047840  6080 data_layer.cpp:129]      Read time: 93.754 ms.
I0418 09:02:04.047840  6080 data_layer.cpp:130] Transform time: 31.25 ms.
I0418 09:02:04.907248  7952 caffe.cpp:314] Batch 3075, accuracy1+2 = 1
I0418 09:02:04.907248  7952 caffe.cpp:314] Batch 3075, accuracy1+2+3 = 1
I0418 09:02:05.001006  6080 data_layer.cpp:128] Prefetch batch: 93 ms.
I0418 09:02:05.001006  6080 data_layer.cpp:129]      Read time: 0 ms.
I0418 09:02:05.001006  6080 data_layer.cpp:130] Transform time: 93.758 ms.
I0418 09:02:05.876040  7952 caffe.cpp:314] Batch 3076, accuracy1+2 = 0
I0418 09:02:05.876040  7952 caffe.cpp:314] Batch 3076, accuracy1+2+3 = 0
I0418 09:02:06.001039  6080 data_layer.cpp:128] Prefetch batch: 124 ms.
I0418 09:02:06.001039  6080 data_layer.cpp:129]      Read time: 78.127 ms.
I0418 09:02:06.001039  6080 data_layer.cpp:130] Transform time: 46.872 ms.
I0418 09:02:06.844830  7952 caffe.cpp:314] Batch 3077, accuracy1+2 = 1
I0418 09:02:06.844830  7952 caffe.cpp:314] Batch 3077, accuracy1+2+3 = 1
I0418 09:02:06.969828  6080 data_layer.cpp:128] Prefetch batch: 124 ms.
I0418 09:02:06.969828  6080 data_layer.cpp:129]      Read time: 93.746 ms.
I0418 09:02:06.969828  6080 data_layer.cpp:130] Transform time: 31.253 ms.
I0418 09:02:07.813619  7952 caffe.cpp:314] Batch 3078, accuracy1+2 = 1
I0418 09:02:07.813619  7952 caffe.cpp:314] Batch 3078, accuracy1+2+3 = 1
I0418 09:02:07.922996  6080 data_layer.cpp:128] Prefetch batch: 109 ms.
I0418 09:02:07.922996  6080 data_layer.cpp:129]      Read time: 0 ms.
I0418 09:02:07.922996  6080 data_layer.cpp:130] Transform time: 109.377 ms.
I0418 09:02:08.782405  7952 caffe.cpp:314] Batch 3079, accuracy1+2 = 1
I0418 09:02:08.782405  7952 caffe.cpp:314] Batch 3079, accuracy1+2+3 = 1
I0418 09:02:08.907408  6080 data_layer.cpp:128] Prefetch batch: 125 ms.
I0418 09:02:08.907408  6080 data_layer.cpp:129]      Read time: 93.789 ms.
I0418 09:02:08.923029  6080 data_layer.cpp:130] Transform time: 31.214 ms.
I0418 09:02:09.766816  7952 caffe.cpp:314] Batch 3080, accuracy1+2 = 1
I0418 09:02:09.766816  7952 caffe.cpp:314] Batch 3080, accuracy1+2+3 = 1
I0418 09:02:09.891824  6080 data_layer.cpp:128] Prefetch batch: 125 ms.
I0418 09:02:09.891824  6080 data_layer.cpp:129]      Read time: 78.127 ms.
I0418 09:02:09.891824  6080 data_layer.cpp:130] Transform time: 31.258 ms.
I0418 09:02:10.751232  7952 caffe.cpp:314] Batch 3081, accuracy1+2 = 1
I0418 09:02:10.751232  7952 caffe.cpp:314] Batch 3081, accuracy1+2+3 = 1
I0418 09:02:10.876236  6080 data_layer.cpp:128] Prefetch batch: 125 ms.
I0418 09:02:10.876236  6080 data_layer.cpp:129]      Read time: 78.127 ms.
I0418 09:02:10.876236  6080 data_layer.cpp:130] Transform time: 46.877 ms.
I0418 09:02:11.720017  7952 caffe.cpp:314] Batch 3082, accuracy1+2 = 1
I0418 09:02:11.720017  7952 caffe.cpp:314] Batch 3082, accuracy1+2+3 = 1
I0418 09:02:11.845022  6080 data_layer.cpp:128] Prefetch batch: 125 ms.
I0418 09:02:11.845022  6080 data_layer.cpp:129]      Read time: 93.755 ms.
I0418 09:02:11.845022  6080 data_layer.cpp:130] Transform time: 31.25 ms.
I0418 09:02:12.688804  7952 caffe.cpp:314] Batch 3083, accuracy1+2 = 1
I0418 09:02:12.688804  7952 caffe.cpp:314] Batch 3083, accuracy1+2+3 = 1
I0418 09:02:12.813812  6080 data_layer.cpp:128] Prefetch batch: 125 ms.
I0418 09:02:12.813812  6080 data_layer.cpp:129]      Read time: 93.751 ms.
I0418 09:02:12.813812  6080 data_layer.cpp:130] Transform time: 31.257 ms.
I0418 09:02:13.673219  7952 caffe.cpp:314] Batch 3084, accuracy1+2 = 0
I0418 09:02:13.673219  7952 caffe.cpp:314] Batch 3084, accuracy1+2+3 = 0
I0418 09:02:13.782601  6080 data_layer.cpp:128] Prefetch batch: 109 ms.
I0418 09:02:13.782601  6080 data_layer.cpp:129]      Read time: 0 ms.
I0418 09:02:13.782601  6080 data_layer.cpp:130] Transform time: 109.382 ms.
I0418 09:02:14.657632  7952 caffe.cpp:314] Batch 3085, accuracy1+2 = 1
I0418 09:02:14.657632  7952 caffe.cpp:314] Batch 3085, accuracy1+2+3 = 1
I0418 09:02:14.782634  6080 data_layer.cpp:128] Prefetch batch: 125 ms.
I0418 09:02:14.782634  6080 data_layer.cpp:129]      Read time: 93.756 ms.
I0418 09:02:14.782634  6080 data_layer.cpp:130] Transform time: 31.245 ms.
I0418 09:02:15.642050  7952 caffe.cpp:314] Batch 3086, accuracy1+2 = 1
I0418 09:02:15.642050  7952 caffe.cpp:314] Batch 3086, accuracy1+2+3 = 1
I0418 09:02:15.767040  6080 data_layer.cpp:128] Prefetch batch: 124 ms.
I0418 09:02:15.767040  6080 data_layer.cpp:129]      Read time: 93.746 ms.
I0418 09:02:15.767040  6080 data_layer.cpp:130] Transform time: 31.245 ms.
I0418 09:02:16.642089  7952 caffe.cpp:314] Batch 3087, accuracy1+2 = 1
I0418 09:02:16.642089  7952 caffe.cpp:314] Batch 3087, accuracy1+2+3 = 1
I0418 09:02:16.767089  6080 data_layer.cpp:128] Prefetch batch: 125 ms.
I0418 09:02:16.767089  6080 data_layer.cpp:129]      Read time: 93.754 ms.
I0418 09:02:16.767089  6080 data_layer.cpp:130] Transform time: 31.246 ms.
I0418 09:02:17.626502  7952 caffe.cpp:314] Batch 3088, accuracy1+2 = 1
I0418 09:02:17.626502  7952 caffe.cpp:314] Batch 3088, accuracy1+2+3 = 1
I0418 09:02:17.735877  6080 data_layer.cpp:128] Prefetch batch: 109 ms.
I0418 09:02:17.735877  6080 data_layer.cpp:129]      Read time: 0 ms.
I0418 09:02:17.735877  6080 data_layer.cpp:130] Transform time: 109.375 ms.
I0418 09:02:18.610915  7952 caffe.cpp:314] Batch 3089, accuracy1+2 = 1
I0418 09:02:18.610915  7952 caffe.cpp:314] Batch 3089, accuracy1+2+3 = 1
I0418 09:02:18.735918  6080 data_layer.cpp:128] Prefetch batch: 125 ms.
I0418 09:02:18.735918  6080 data_layer.cpp:129]      Read time: 93.758 ms.
I0418 09:02:18.735918  6080 data_layer.cpp:130] Transform time: 31.244 ms.
I0418 09:02:19.595325  7952 caffe.cpp:314] Batch 3090, accuracy1+2 = 1
I0418 09:02:19.595325  7952 caffe.cpp:314] Batch 3090, accuracy1+2+3 = 1
I0418 09:02:19.720329  6080 data_layer.cpp:128] Prefetch batch: 125 ms.
I0418 09:02:19.720329  6080 data_layer.cpp:129]      Read time: 93.751 ms.
I0418 09:02:19.720329  6080 data_layer.cpp:130] Transform time: 31.252 ms.
I0418 09:02:20.579742  7952 caffe.cpp:314] Batch 3091, accuracy1+2 = 1
I0418 09:02:20.579742  7952 caffe.cpp:314] Batch 3091, accuracy1+2+3 = 1
I0418 09:02:20.720374  6080 data_layer.cpp:128] Prefetch batch: 140 ms.
I0418 09:02:20.720374  6080 data_layer.cpp:129]      Read time: 93.751 ms.
I0418 09:02:20.720374  6080 data_layer.cpp:130] Transform time: 46.881 ms.
I0418 09:02:21.564154  7952 caffe.cpp:314] Batch 3092, accuracy1+2 = 1
I0418 09:02:21.564154  7952 caffe.cpp:314] Batch 3092, accuracy1+2+3 = 1
I0418 09:02:21.704779  6080 data_layer.cpp:128] Prefetch batch: 140 ms.
I0418 09:02:21.704779  6080 data_layer.cpp:129]      Read time: 93.75 ms.
I0418 09:02:21.704779  6080 data_layer.cpp:130] Transform time: 46.875 ms.
I0418 09:02:22.548563  7952 caffe.cpp:314] Batch 3093, accuracy1+2 = 0
I0418 09:02:22.548563  7952 caffe.cpp:314] Batch 3093, accuracy1+2+3 = 0
I0418 09:02:22.689193  6080 data_layer.cpp:128] Prefetch batch: 140 ms.
I0418 09:02:22.689193  6080 data_layer.cpp:129]      Read time: 93.759 ms.
I0418 09:02:22.689193  6080 data_layer.cpp:130] Transform time: 46.871 ms.
I0418 09:02:23.548595  7952 caffe.cpp:314] Batch 3094, accuracy1+2 = 0
I0418 09:02:23.548595  7952 caffe.cpp:314] Batch 3094, accuracy1+2+3 = 0
I0418 09:02:23.642349  6080 data_layer.cpp:128] Prefetch batch: 93 ms.
I0418 09:02:23.642349  6080 data_layer.cpp:129]      Read time: 0 ms.
I0418 09:02:23.642349  6080 data_layer.cpp:130] Transform time: 93.754 ms.
I0418 09:02:24.548641  7952 caffe.cpp:314] Batch 3095, accuracy1+2 = 1
I0418 09:02:24.548641  7952 caffe.cpp:314] Batch 3095, accuracy1+2+3 = 1
I0418 09:02:24.673648  6080 data_layer.cpp:128] Prefetch batch: 125 ms.
I0418 09:02:24.673648  6080 data_layer.cpp:129]      Read time: 93.756 ms.
I0418 09:02:24.673648  6080 data_layer.cpp:130] Transform time: 31.251 ms.
I0418 09:02:25.533057  7952 caffe.cpp:314] Batch 3096, accuracy1+2 = 1
I0418 09:02:25.533057  7952 caffe.cpp:314] Batch 3096, accuracy1+2+3 = 1
I0418 09:02:25.658059  6080 data_layer.cpp:128] Prefetch batch: 125 ms.
I0418 09:02:25.658059  6080 data_layer.cpp:129]      Read time: 93.753 ms.
I0418 09:02:25.658059  6080 data_layer.cpp:130] Transform time: 31.249 ms.
I0418 09:02:26.501848  7952 caffe.cpp:314] Batch 3097, accuracy1+2 = 1
I0418 09:02:26.501848  7952 caffe.cpp:314] Batch 3097, accuracy1+2+3 = 1
I0418 09:02:26.626852  6080 data_layer.cpp:128] Prefetch batch: 125 ms.
I0418 09:02:26.626852  6080 data_layer.cpp:129]      Read time: 93.752 ms.
I0418 09:02:26.626852  6080 data_layer.cpp:130] Transform time: 31.251 ms.
I0418 09:02:27.470628  7952 caffe.cpp:314] Batch 3098, accuracy1+2 = 1
I0418 09:02:27.470628  7952 caffe.cpp:314] Batch 3098, accuracy1+2+3 = 1
I0418 09:02:27.595636  6080 data_layer.cpp:128] Prefetch batch: 125 ms.
I0418 09:02:27.595636  6080 data_layer.cpp:129]      Read time: 93.762 ms.
I0418 09:02:27.595636  6080 data_layer.cpp:130] Transform time: 31.246 ms.
I0418 09:02:28.439419  7952 caffe.cpp:314] Batch 3099, accuracy1+2 = 1
I0418 09:02:28.439419  7952 caffe.cpp:314] Batch 3099, accuracy1+2+3 = 1
I0418 09:02:28.580051  6080 data_layer.cpp:128] Prefetch batch: 140 ms.
I0418 09:02:28.580051  6080 data_layer.cpp:129]      Read time: 78.126 ms.
I0418 09:02:28.580051  6080 data_layer.cpp:130] Transform time: 46.878 ms.
I0418 09:02:29.423836  7952 caffe.cpp:314] Batch 3100, accuracy1+2 = 1
I0418 09:02:29.423836  7952 caffe.cpp:314] Batch 3100, accuracy1+2+3 = 1
I0418 09:02:29.548843  6080 data_layer.cpp:128] Prefetch batch: 125 ms.
I0418 09:02:29.548843  6080 data_layer.cpp:129]      Read time: 93.751 ms.
I0418 09:02:29.548843  6080 data_layer.cpp:130] Transform time: 31.256 ms.
I0418 09:02:30.392627  7952 caffe.cpp:314] Batch 3101, accuracy1+2 = 1
I0418 09:02:30.392627  7952 caffe.cpp:314] Batch 3101, accuracy1+2+3 = 1
I0418 09:02:30.502007  6080 data_layer.cpp:128] Prefetch batch: 109 ms.
I0418 09:02:30.502007  6080 data_layer.cpp:129]      Read time: 0 ms.
I0418 09:02:30.502007  6080 data_layer.cpp:130] Transform time: 109.379 ms.
I0418 09:02:31.377034  7952 caffe.cpp:314] Batch 3102, accuracy1+2 = 1
I0418 09:02:31.377034  7952 caffe.cpp:314] Batch 3102, accuracy1+2+3 = 1
I0418 09:02:31.502038  6080 data_layer.cpp:128] Prefetch batch: 125 ms.
I0418 09:02:31.502038  6080 data_layer.cpp:129]      Read time: 93.754 ms.
I0418 09:02:31.502038  6080 data_layer.cpp:130] Transform time: 31.25 ms.
I0418 09:02:32.345824  7952 caffe.cpp:314] Batch 3103, accuracy1+2 = 1
I0418 09:02:32.345824  7952 caffe.cpp:314] Batch 3103, accuracy1+2+3 = 1
I0418 09:02:32.470834  6080 data_layer.cpp:128] Prefetch batch: 125 ms.
I0418 09:02:32.470834  6080 data_layer.cpp:129]      Read time: 93.746 ms.
I0418 09:02:32.470834  6080 data_layer.cpp:130] Transform time: 31.264 ms.
I0418 09:02:33.330235  7952 caffe.cpp:314] Batch 3104, accuracy1+2 = 1
I0418 09:02:33.330235  7952 caffe.cpp:314] Batch 3104, accuracy1+2+3 = 1
I0418 09:02:33.455245  6080 data_layer.cpp:128] Prefetch batch: 125 ms.
I0418 09:02:33.455245  6080 data_layer.cpp:129]      Read time: 78.133 ms.
I0418 09:02:33.455245  6080 data_layer.cpp:130] Transform time: 46.877 ms.
I0418 09:02:34.314654  7952 caffe.cpp:314] Batch 3105, accuracy1+2 = 1
I0418 09:02:34.314654  7952 caffe.cpp:314] Batch 3105, accuracy1+2+3 = 1
I0418 09:02:34.455271  6080 data_layer.cpp:128] Prefetch batch: 140 ms.
I0418 09:02:34.455271  6080 data_layer.cpp:129]      Read time: 93.74 ms.
I0418 09:02:34.455271  6080 data_layer.cpp:130] Transform time: 46.877 ms.
I0418 09:02:35.330307  7952 caffe.cpp:314] Batch 3106, accuracy1+2 = 1
I0418 09:02:35.330307  7952 caffe.cpp:314] Batch 3106, accuracy1+2+3 = 1
I0418 09:02:35.424062  6080 data_layer.cpp:128] Prefetch batch: 93 ms.
I0418 09:02:35.424062  6080 data_layer.cpp:129]      Read time: 0 ms.
I0418 09:02:35.424062  6080 data_layer.cpp:130] Transform time: 93.755 ms.
I0418 09:02:36.314730  7952 caffe.cpp:314] Batch 3107, accuracy1+2 = 1
I0418 09:02:36.314730  7952 caffe.cpp:314] Batch 3107, accuracy1+2+3 = 1
I0418 09:02:36.439739  6080 data_layer.cpp:128] Prefetch batch: 125 ms.
I0418 09:02:36.439739  6080 data_layer.cpp:129]      Read time: 93.757 ms.
I0418 09:02:36.439739  6080 data_layer.cpp:130] Transform time: 31.252 ms.
I0418 09:02:37.283517  7952 caffe.cpp:314] Batch 3108, accuracy1+2 = 1
I0418 09:02:37.283517  7952 caffe.cpp:314] Batch 3108, accuracy1+2+3 = 1
I0418 09:02:37.408521  6080 data_layer.cpp:128] Prefetch batch: 125 ms.
I0418 09:02:37.408521  6080 data_layer.cpp:129]      Read time: 93.758 ms.
I0418 09:02:37.408521  6080 data_layer.cpp:130] Transform time: 31.246 ms.
I0418 09:02:38.267935  7952 caffe.cpp:314] Batch 3109, accuracy1+2 = 1
I0418 09:02:38.267935  7952 caffe.cpp:314] Batch 3109, accuracy1+2+3 = 1
I0418 09:02:38.392941  6080 data_layer.cpp:128] Prefetch batch: 125 ms.
I0418 09:02:38.392941  6080 data_layer.cpp:129]      Read time: 78.128 ms.
I0418 09:02:38.392941  6080 data_layer.cpp:130] Transform time: 46.878 ms.
I0418 09:02:39.236723  7952 caffe.cpp:314] Batch 3110, accuracy1+2 = 0
I0418 09:02:39.236723  7952 caffe.cpp:314] Batch 3110, accuracy1+2+3 = 0
I0418 09:02:39.361722  6080 data_layer.cpp:128] Prefetch batch: 124 ms.
I0418 09:02:39.361722  6080 data_layer.cpp:129]      Read time: 93.754 ms.
I0418 09:02:39.361722  6080 data_layer.cpp:130] Transform time: 31.245 ms.
I0418 09:02:40.205513  7952 caffe.cpp:314] Batch 3111, accuracy1+2 = 1
I0418 09:02:40.205513  7952 caffe.cpp:314] Batch 3111, accuracy1+2+3 = 1
I0418 09:02:40.314884  6080 data_layer.cpp:128] Prefetch batch: 109 ms.
I0418 09:02:40.314884  6080 data_layer.cpp:129]      Read time: 0 ms.
I0418 09:02:40.314884  6080 data_layer.cpp:130] Transform time: 109.372 ms.
I0418 09:02:41.174298  7952 caffe.cpp:314] Batch 3112, accuracy1+2 = 1
I0418 09:02:41.174298  7952 caffe.cpp:314] Batch 3112, accuracy1+2+3 = 1
I0418 09:02:41.314929  6080 data_layer.cpp:128] Prefetch batch: 140 ms.
I0418 09:02:41.314929  6080 data_layer.cpp:129]      Read time: 93.757 ms.
I0418 09:02:41.314929  6080 data_layer.cpp:130] Transform time: 46.875 ms.
I0418 09:02:42.158713  7952 caffe.cpp:314] Batch 3113, accuracy1+2 = 1
I0418 09:02:42.158713  7952 caffe.cpp:314] Batch 3113, accuracy1+2+3 = 1
I0418 09:02:42.283720  6080 data_layer.cpp:128] Prefetch batch: 125 ms.
I0418 09:02:42.283720  6080 data_layer.cpp:129]      Read time: 93.753 ms.
I0418 09:02:42.283720  6080 data_layer.cpp:130] Transform time: 31.253 ms.
I0418 09:02:43.127497  7952 caffe.cpp:314] Batch 3114, accuracy1+2 = 1
I0418 09:02:43.127497  7952 caffe.cpp:314] Batch 3114, accuracy1+2+3 = 1
I0418 09:02:43.252501  6080 data_layer.cpp:128] Prefetch batch: 125 ms.
I0418 09:02:43.252501  6080 data_layer.cpp:129]      Read time: 93.752 ms.
I0418 09:02:43.252501  6080 data_layer.cpp:130] Transform time: 31.251 ms.
I0418 09:02:44.111913  7952 caffe.cpp:314] Batch 3115, accuracy1+2 = 1
I0418 09:02:44.111913  7952 caffe.cpp:314] Batch 3115, accuracy1+2+3 = 1
I0418 09:02:44.236915  6080 data_layer.cpp:128] Prefetch batch: 125 ms.
I0418 09:02:44.236915  6080 data_layer.cpp:129]      Read time: 93.756 ms.
I0418 09:02:44.236915  6080 data_layer.cpp:130] Transform time: 31.246 ms.
I0418 09:02:45.080703  7952 caffe.cpp:314] Batch 3116, accuracy1+2 = 0
I0418 09:02:45.080703  7952 caffe.cpp:314] Batch 3116, accuracy1+2+3 = 1
I0418 09:02:45.205705  6080 data_layer.cpp:128] Prefetch batch: 125 ms.
I0418 09:02:45.205705  6080 data_layer.cpp:129]      Read time: 93.927 ms.
I0418 09:02:45.205705  6080 data_layer.cpp:130] Transform time: 31.075 ms.
I0418 09:02:46.049491  7952 caffe.cpp:314] Batch 3117, accuracy1+2 = 1
I0418 09:02:46.049491  7952 caffe.cpp:314] Batch 3117, accuracy1+2+3 = 1
I0418 09:02:46.174499  6080 data_layer.cpp:128] Prefetch batch: 125 ms.
I0418 09:02:46.174499  6080 data_layer.cpp:129]      Read time: 93.747 ms.
I0418 09:02:46.174499  6080 data_layer.cpp:130] Transform time: 31.261 ms.
I0418 09:02:47.033905  7952 caffe.cpp:314] Batch 3118, accuracy1+2 = 1
I0418 09:02:47.033905  7952 caffe.cpp:314] Batch 3118, accuracy1+2+3 = 1
I0418 09:02:47.127651  6080 data_layer.cpp:128] Prefetch batch: 93 ms.
I0418 09:02:47.127651  6080 data_layer.cpp:129]      Read time: 0 ms.
I0418 09:02:47.127651  6080 data_layer.cpp:130] Transform time: 93.746 ms.
I0418 09:02:48.002687  7952 caffe.cpp:314] Batch 3119, accuracy1+2 = 1
I0418 09:02:48.002687  7952 caffe.cpp:314] Batch 3119, accuracy1+2+3 = 1
I0418 09:02:48.127698  6080 data_layer.cpp:128] Prefetch batch: 125 ms.
I0418 09:02:48.127698  6080 data_layer.cpp:129]      Read time: 93.758 ms.
I0418 09:02:48.127698  6080 data_layer.cpp:130] Transform time: 31.253 ms.
I0418 09:02:48.971480  7952 caffe.cpp:314] Batch 3120, accuracy1+2 = 1
I0418 09:02:48.971480  7952 caffe.cpp:314] Batch 3120, accuracy1+2+3 = 1
I0418 09:02:49.096480  6080 data_layer.cpp:128] Prefetch batch: 125 ms.
I0418 09:02:49.096480  6080 data_layer.cpp:129]      Read time: 93.748 ms.
I0418 09:02:49.096480  6080 data_layer.cpp:130] Transform time: 31.252 ms.
I0418 09:02:49.955894  7952 caffe.cpp:314] Batch 3121, accuracy1+2 = 1
I0418 09:02:49.955894  7952 caffe.cpp:314] Batch 3121, accuracy1+2+3 = 1
I0418 09:02:50.080894  6080 data_layer.cpp:128] Prefetch batch: 125 ms.
I0418 09:02:50.080894  6080 data_layer.cpp:129]      Read time: 78.126 ms.
I0418 09:02:50.080894  6080 data_layer.cpp:130] Transform time: 46.874 ms.
I0418 09:02:50.924677  7952 caffe.cpp:314] Batch 3122, accuracy1+2 = 1
I0418 09:02:50.924677  7952 caffe.cpp:314] Batch 3122, accuracy1+2+3 = 1
I0418 09:02:51.049682  6080 data_layer.cpp:128] Prefetch batch: 125 ms.
I0418 09:02:51.049682  6080 data_layer.cpp:129]      Read time: 93.754 ms.
I0418 09:02:51.049682  6080 data_layer.cpp:130] Transform time: 31.251 ms.
I0418 09:02:51.893471  7952 caffe.cpp:314] Batch 3123, accuracy1+2 = 1
I0418 09:02:51.893471  7952 caffe.cpp:314] Batch 3123, accuracy1+2+3 = 1
I0418 09:02:52.018474  6080 data_layer.cpp:128] Prefetch batch: 125 ms.
I0418 09:02:52.018474  6080 data_layer.cpp:129]      Read time: 93.748 ms.
I0418 09:02:52.018474  6080 data_layer.cpp:130] Transform time: 31.256 ms.
I0418 09:02:52.877883  7952 caffe.cpp:314] Batch 3124, accuracy1+2 = 1
I0418 09:02:52.877883  7952 caffe.cpp:314] Batch 3124, accuracy1+2+3 = 1
I0418 09:02:53.002885  6080 data_layer.cpp:128] Prefetch batch: 125 ms.
I0418 09:02:53.002885  6080 data_layer.cpp:129]      Read time: 78.13 ms.
I0418 09:02:53.002885  6080 data_layer.cpp:130] Transform time: 46.872 ms.
I0418 09:02:53.846668  7952 caffe.cpp:314] Batch 3125, accuracy1+2 = 1
I0418 09:02:53.846668  7952 caffe.cpp:314] Batch 3125, accuracy1+2+3 = 1
I0418 09:02:53.956050  6080 data_layer.cpp:128] Prefetch batch: 109 ms.
I0418 09:02:53.956050  6080 data_layer.cpp:129]      Read time: 0 ms.
I0418 09:02:53.956050  6080 data_layer.cpp:130] Transform time: 109.383 ms.
I0418 09:02:54.815448  7952 caffe.cpp:314] Batch 3126, accuracy1+2 = 1
I0418 09:02:54.815448  7952 caffe.cpp:314] Batch 3126, accuracy1+2+3 = 1
I0418 09:02:54.940459  6080 data_layer.cpp:128] Prefetch batch: 125 ms.
I0418 09:02:54.940459  6080 data_layer.cpp:129]      Read time: 93.768 ms.
I0418 09:02:54.940459  6080 data_layer.cpp:130] Transform time: 31.243 ms.
I0418 09:02:55.799867  7952 caffe.cpp:314] Batch 3127, accuracy1+2 = 1
I0418 09:02:55.799867  7952 caffe.cpp:314] Batch 3127, accuracy1+2+3 = 1
I0418 09:02:55.924878  6080 data_layer.cpp:128] Prefetch batch: 125 ms.
I0418 09:02:55.924878  6080 data_layer.cpp:129]      Read time: 78.133 ms.
I0418 09:02:55.924878  6080 data_layer.cpp:130] Transform time: 46.878 ms.
I0418 09:02:56.768661  7952 caffe.cpp:314] Batch 3128, accuracy1+2 = 1
I0418 09:02:56.768661  7952 caffe.cpp:314] Batch 3128, accuracy1+2+3 = 1
I0418 09:02:56.893666  6080 data_layer.cpp:128] Prefetch batch: 125 ms.
I0418 09:02:56.893666  6080 data_layer.cpp:129]      Read time: 93.754 ms.
I0418 09:02:56.893666  6080 data_layer.cpp:130] Transform time: 31.251 ms.
I0418 09:02:57.737449  7952 caffe.cpp:314] Batch 3129, accuracy1+2 = 1
I0418 09:02:57.737449  7952 caffe.cpp:314] Batch 3129, accuracy1+2+3 = 1
I0418 09:02:57.878067  6080 data_layer.cpp:128] Prefetch batch: 140 ms.
I0418 09:02:57.878067  6080 data_layer.cpp:129]      Read time: 109.376 ms.
I0418 09:02:57.878067  6080 data_layer.cpp:130] Transform time: 31.241 ms.
I0418 09:02:58.721856  7952 caffe.cpp:314] Batch 3130, accuracy1+2 = 1
I0418 09:02:58.721856  7952 caffe.cpp:314] Batch 3130, accuracy1+2+3 = 1
I0418 09:02:58.846868  6080 data_layer.cpp:128] Prefetch batch: 125 ms.
I0418 09:02:58.846868  6080 data_layer.cpp:129]      Read time: 93.757 ms.
I0418 09:02:58.846868  6080 data_layer.cpp:130] Transform time: 31.255 ms.
I0418 09:02:59.690644  7952 caffe.cpp:314] Batch 3131, accuracy1+2 = 1
I0418 09:02:59.690644  7952 caffe.cpp:314] Batch 3131, accuracy1+2+3 = 1
I0418 09:02:59.784400  6080 data_layer.cpp:128] Prefetch batch: 93 ms.
I0418 09:02:59.784400  6080 data_layer.cpp:129]      Read time: 0 ms.
I0418 09:02:59.784400  6080 data_layer.cpp:130] Transform time: 93.757 ms.
I0418 09:03:00.659432  7952 caffe.cpp:314] Batch 3132, accuracy1+2 = 1
I0418 09:03:00.659432  7952 caffe.cpp:314] Batch 3132, accuracy1+2+3 = 1
I0418 09:03:00.784443  6080 data_layer.cpp:128] Prefetch batch: 125 ms.
I0418 09:03:00.784443  6080 data_layer.cpp:129]      Read time: 93.757 ms.
I0418 09:03:00.784443  6080 data_layer.cpp:130] Transform time: 31.254 ms.
I0418 09:03:01.643851  7952 caffe.cpp:314] Batch 3133, accuracy1+2 = 1
I0418 09:03:01.643851  7952 caffe.cpp:314] Batch 3133, accuracy1+2+3 = 1
I0418 09:03:01.768857  6080 data_layer.cpp:128] Prefetch batch: 125 ms.
I0418 09:03:01.768857  6080 data_layer.cpp:129]      Read time: 93.755 ms.
I0418 09:03:01.768857  6080 data_layer.cpp:130] Transform time: 31.251 ms.
I0418 09:03:02.612643  7952 caffe.cpp:314] Batch 3134, accuracy1+2 = 1
I0418 09:03:02.612643  7952 caffe.cpp:314] Batch 3134, accuracy1+2+3 = 1
I0418 09:03:02.737644  6080 data_layer.cpp:128] Prefetch batch: 125 ms.
I0418 09:03:02.737644  6080 data_layer.cpp:129]      Read time: 93.745 ms.
I0418 09:03:02.737644  6080 data_layer.cpp:130] Transform time: 31.257 ms.
I0418 09:03:03.597054  7952 caffe.cpp:314] Batch 3135, accuracy1+2 = 1
I0418 09:03:03.597054  7952 caffe.cpp:314] Batch 3135, accuracy1+2+3 = 1
I0418 09:03:03.722057  6080 data_layer.cpp:128] Prefetch batch: 125 ms.
I0418 09:03:03.722057  6080 data_layer.cpp:129]      Read time: 78.125 ms.
I0418 09:03:03.722057  6080 data_layer.cpp:130] Transform time: 46.879 ms.
I0418 09:03:04.565835  7952 caffe.cpp:314] Batch 3136, accuracy1+2 = 0
I0418 09:03:04.565835  7952 caffe.cpp:314] Batch 3136, accuracy1+2+3 = 0
I0418 09:03:04.675222  6080 data_layer.cpp:128] Prefetch batch: 109 ms.
I0418 09:03:04.675222  6080 data_layer.cpp:129]      Read time: 0 ms.
I0418 09:03:04.675222  6080 data_layer.cpp:130] Transform time: 109.387 ms.
I0418 09:03:05.534631  7952 caffe.cpp:314] Batch 3137, accuracy1+2 = 1
I0418 09:03:05.534631  7952 caffe.cpp:314] Batch 3137, accuracy1+2+3 = 1
I0418 09:03:05.659629  6080 data_layer.cpp:128] Prefetch batch: 124 ms.
I0418 09:03:05.659629  6080 data_layer.cpp:129]      Read time: 93.748 ms.
I0418 09:03:05.659629  6080 data_layer.cpp:130] Transform time: 31.251 ms.
I0418 09:03:06.519042  7952 caffe.cpp:314] Batch 3138, accuracy1+2 = 1
I0418 09:03:06.519042  7952 caffe.cpp:314] Batch 3138, accuracy1+2+3 = 1
I0418 09:03:06.644049  6080 data_layer.cpp:128] Prefetch batch: 125 ms.
I0418 09:03:06.644049  6080 data_layer.cpp:129]      Read time: 93.754 ms.
I0418 09:03:06.644049  6080 data_layer.cpp:130] Transform time: 31.253 ms.
I0418 09:03:07.487826  7952 caffe.cpp:314] Batch 3139, accuracy1+2 = 1
I0418 09:03:07.487826  7952 caffe.cpp:314] Batch 3139, accuracy1+2+3 = 1
I0418 09:03:07.612833  6080 data_layer.cpp:128] Prefetch batch: 125 ms.
I0418 09:03:07.612833  6080 data_layer.cpp:129]      Read time: 93.756 ms.
I0418 09:03:07.612833  6080 data_layer.cpp:130] Transform time: 31.25 ms.
I0418 09:03:08.472242  7952 caffe.cpp:314] Batch 3140, accuracy1+2 = 1
I0418 09:03:08.472242  7952 caffe.cpp:314] Batch 3140, accuracy1+2+3 = 1
I0418 09:03:08.597251  6080 data_layer.cpp:128] Prefetch batch: 125 ms.
I0418 09:03:08.597251  6080 data_layer.cpp:129]      Read time: 93.76 ms.
I0418 09:03:08.597251  6080 data_layer.cpp:130] Transform time: 31.249 ms.
I0418 09:03:09.441032  7952 caffe.cpp:314] Batch 3141, accuracy1+2 = 1
I0418 09:03:09.441032  7952 caffe.cpp:314] Batch 3141, accuracy1+2+3 = 1
I0418 09:03:09.550410  6080 data_layer.cpp:128] Prefetch batch: 109 ms.
I0418 09:03:09.550410  6080 data_layer.cpp:129]      Read time: 0 ms.
I0418 09:03:09.550410  6080 data_layer.cpp:130] Transform time: 109.377 ms.
I0418 09:03:10.409818  7952 caffe.cpp:314] Batch 3142, accuracy1+2 = 1
I0418 09:03:10.409818  7952 caffe.cpp:314] Batch 3142, accuracy1+2+3 = 1
I0418 09:03:10.550451  6080 data_layer.cpp:128] Prefetch batch: 140 ms.
I0418 09:03:10.550451  6080 data_layer.cpp:129]      Read time: 93.762 ms.
I0418 09:03:10.550451  6080 data_layer.cpp:130] Transform time: 46.871 ms.
I0418 09:03:11.409858  7952 caffe.cpp:314] Batch 3143, accuracy1+2 = 1
I0418 09:03:11.409858  7952 caffe.cpp:314] Batch 3143, accuracy1+2+3 = 1
I0418 09:03:11.534867  6080 data_layer.cpp:128] Prefetch batch: 125 ms.
I0418 09:03:11.534867  6080 data_layer.cpp:129]      Read time: 93.754 ms.
I0418 09:03:11.534867  6080 data_layer.cpp:130] Transform time: 31.254 ms.
I0418 09:03:12.425510  7952 caffe.cpp:314] Batch 3144, accuracy1+2 = 0
I0418 09:03:12.425510  7952 caffe.cpp:314] Batch 3144, accuracy1+2+3 = 0
I0418 09:03:12.550550  6080 data_layer.cpp:128] Prefetch batch: 125 ms.
I0418 09:03:12.550550  6080 data_layer.cpp:129]      Read time: 93.763 ms.
I0418 09:03:12.550550  6080 data_layer.cpp:130] Transform time: 31.277 ms.
I0418 09:03:13.409934  7952 caffe.cpp:314] Batch 3145, accuracy1+2 = 1
I0418 09:03:13.409934  7952 caffe.cpp:314] Batch 3145, accuracy1+2+3 = 1
I0418 09:03:13.519317  6080 data_layer.cpp:128] Prefetch batch: 109 ms.
I0418 09:03:13.519317  6080 data_layer.cpp:129]      Read time: 0 ms.
I0418 09:03:13.519317  6080 data_layer.cpp:130] Transform time: 109.384 ms.
I0418 09:03:14.394353  7952 caffe.cpp:314] Batch 3146, accuracy1+2 = 1
I0418 09:03:14.394353  7952 caffe.cpp:314] Batch 3146, accuracy1+2+3 = 1
I0418 09:03:14.519352  6080 data_layer.cpp:128] Prefetch batch: 124 ms.
I0418 09:03:14.519352  6080 data_layer.cpp:129]      Read time: 78.127 ms.
I0418 09:03:14.519352  6080 data_layer.cpp:130] Transform time: 46.872 ms.
I0418 09:03:15.363137  7952 caffe.cpp:314] Batch 3147, accuracy1+2 = 1
I0418 09:03:15.363137  7952 caffe.cpp:314] Batch 3147, accuracy1+2+3 = 1
I0418 09:03:15.488145  6080 data_layer.cpp:128] Prefetch batch: 125 ms.
I0418 09:03:15.488145  6080 data_layer.cpp:129]      Read time: 93.756 ms.
I0418 09:03:15.488145  6080 data_layer.cpp:130] Transform time: 31.252 ms.
I0418 09:03:16.331931  7952 caffe.cpp:314] Batch 3148, accuracy1+2 = 1
I0418 09:03:16.331931  7952 caffe.cpp:314] Batch 3148, accuracy1+2+3 = 1
I0418 09:03:16.456934  6080 data_layer.cpp:128] Prefetch batch: 125 ms.
I0418 09:03:16.456934  6080 data_layer.cpp:129]      Read time: 93.747 ms.
I0418 09:03:16.456934  6080 data_layer.cpp:130] Transform time: 31.256 ms.
I0418 09:03:17.300712  7952 caffe.cpp:314] Batch 3149, accuracy1+2 = 0
I0418 09:03:17.300712  7952 caffe.cpp:314] Batch 3149, accuracy1+2+3 = 0
I0418 09:03:17.410090  6080 data_layer.cpp:128] Prefetch batch: 109 ms.
I0418 09:03:17.410090  6080 data_layer.cpp:129]      Read time: 0 ms.
I0418 09:03:17.410090  6080 data_layer.cpp:130] Transform time: 109.378 ms.
I0418 09:03:18.285130  7952 caffe.cpp:314] Batch 3150, accuracy1+2 = 1
I0418 09:03:18.285130  7952 caffe.cpp:314] Batch 3150, accuracy1+2+3 = 1
I0418 09:03:18.410135  6080 data_layer.cpp:128] Prefetch batch: 125 ms.
I0418 09:03:18.410135  6080 data_layer.cpp:129]      Read time: 62.499 ms.
I0418 09:03:18.410135  6080 data_layer.cpp:130] Transform time: 62.506 ms.
I0418 09:03:19.253912  7952 caffe.cpp:314] Batch 3151, accuracy1+2 = 1
I0418 09:03:19.253912  7952 caffe.cpp:314] Batch 3151, accuracy1+2+3 = 1
I0418 09:03:19.394546  6080 data_layer.cpp:128] Prefetch batch: 140 ms.
I0418 09:03:19.394546  6080 data_layer.cpp:129]      Read time: 125.007 ms.
I0418 09:03:19.394546  6080 data_layer.cpp:130] Transform time: 15.627 ms.
I0418 09:03:20.222702  7952 caffe.cpp:314] Batch 3152, accuracy1+2 = 0
I0418 09:03:20.222702  7952 caffe.cpp:314] Batch 3152, accuracy1+2+3 = 0
I0418 09:03:20.347705  6080 data_layer.cpp:128] Prefetch batch: 125 ms.
I0418 09:03:20.347705  6080 data_layer.cpp:129]      Read time: 93.754 ms.
I0418 09:03:20.347705  6080 data_layer.cpp:130] Transform time: 31.249 ms.
I0418 09:03:21.207120  7952 caffe.cpp:314] Batch 3153, accuracy1+2 = 0
I0418 09:03:21.207120  7952 caffe.cpp:314] Batch 3153, accuracy1+2+3 = 0
I0418 09:03:21.300868  6080 data_layer.cpp:128] Prefetch batch: 93 ms.
I0418 09:03:21.300868  6080 data_layer.cpp:129]      Read time: 0 ms.
I0418 09:03:21.300868  6080 data_layer.cpp:130] Transform time: 93.747 ms.
I0418 09:03:22.175910  7952 caffe.cpp:314] Batch 3154, accuracy1+2 = 1
I0418 09:03:22.175910  7952 caffe.cpp:314] Batch 3154, accuracy1+2+3 = 1
I0418 09:03:22.300910  6080 data_layer.cpp:128] Prefetch batch: 125 ms.
I0418 09:03:22.300910  6080 data_layer.cpp:129]      Read time: 93.748 ms.
I0418 09:03:22.300910  6080 data_layer.cpp:130] Transform time: 31.252 ms.
I0418 09:03:23.144697  7952 caffe.cpp:314] Batch 3155, accuracy1+2 = 1
I0418 09:03:23.144697  7952 caffe.cpp:314] Batch 3155, accuracy1+2+3 = 1
I0418 09:03:23.269703  6080 data_layer.cpp:128] Prefetch batch: 125 ms.
I0418 09:03:23.269703  6080 data_layer.cpp:129]      Read time: 93.754 ms.
I0418 09:03:23.269703  6080 data_layer.cpp:130] Transform time: 31.252 ms.
I0418 09:03:24.113481  7952 caffe.cpp:314] Batch 3156, accuracy1+2 = 0
I0418 09:03:24.113481  7952 caffe.cpp:314] Batch 3156, accuracy1+2+3 = 0
I0418 09:03:24.238489  6080 data_layer.cpp:128] Prefetch batch: 125 ms.
I0418 09:03:24.254112  6080 data_layer.cpp:129]      Read time: 93.755 ms.
I0418 09:03:24.254112  6080 data_layer.cpp:130] Transform time: 31.253 ms.
I0418 09:03:25.097898  7952 caffe.cpp:314] Batch 3157, accuracy1+2 = 0
I0418 09:03:25.097898  7952 caffe.cpp:314] Batch 3157, accuracy1+2+3 = 0
I0418 09:03:25.222908  6080 data_layer.cpp:128] Prefetch batch: 125 ms.
I0418 09:03:25.222908  6080 data_layer.cpp:129]      Read time: 93.752 ms.
I0418 09:03:25.222908  6080 data_layer.cpp:130] Transform time: 31.258 ms.
I0418 09:03:26.066682  7952 caffe.cpp:314] Batch 3158, accuracy1+2 = 0
I0418 09:03:26.066682  7952 caffe.cpp:314] Batch 3158, accuracy1+2+3 = 0
I0418 09:03:26.176064  6080 data_layer.cpp:128] Prefetch batch: 109 ms.
I0418 09:03:26.176064  6080 data_layer.cpp:129]      Read time: 0 ms.
I0418 09:03:26.176064  6080 data_layer.cpp:130] Transform time: 109.382 ms.
I0418 09:03:27.035467  7952 caffe.cpp:314] Batch 3159, accuracy1+2 = 1
I0418 09:03:27.035467  7952 caffe.cpp:314] Batch 3159, accuracy1+2+3 = 1
I0418 09:03:27.160480  6080 data_layer.cpp:128] Prefetch batch: 125 ms.
I0418 09:03:27.160480  6080 data_layer.cpp:129]      Read time: 93.76 ms.
I0418 09:03:27.160480  6080 data_layer.cpp:130] Transform time: 31.253 ms.
I0418 09:03:28.019886  7952 caffe.cpp:314] Batch 3160, accuracy1+2 = 1
I0418 09:03:28.019886  7952 caffe.cpp:314] Batch 3160, accuracy1+2+3 = 1
I0418 09:03:28.144879  6080 data_layer.cpp:128] Prefetch batch: 124 ms.
I0418 09:03:28.144879  6080 data_layer.cpp:129]      Read time: 78.133 ms.
I0418 09:03:28.144879  6080 data_layer.cpp:130] Transform time: 46.86 ms.
I0418 09:03:28.988662  7952 caffe.cpp:314] Batch 3161, accuracy1+2 = 0
I0418 09:03:28.988662  7952 caffe.cpp:314] Batch 3161, accuracy1+2+3 = 0
I0418 09:03:29.113667  6080 data_layer.cpp:128] Prefetch batch: 125 ms.
I0418 09:03:29.113667  6080 data_layer.cpp:129]      Read time: 93.754 ms.
I0418 09:03:29.113667  6080 data_layer.cpp:130] Transform time: 31.251 ms.
I0418 09:03:29.957458  7952 caffe.cpp:314] Batch 3162, accuracy1+2 = 1
I0418 09:03:29.957458  7952 caffe.cpp:314] Batch 3162, accuracy1+2+3 = 1
I0418 09:03:30.098093  6080 data_layer.cpp:128] Prefetch batch: 140 ms.
I0418 09:03:30.098093  6080 data_layer.cpp:129]      Read time: 93.756 ms.
I0418 09:03:30.098093  6080 data_layer.cpp:130] Transform time: 46.878 ms.
I0418 09:03:30.941877  7952 caffe.cpp:314] Batch 3163, accuracy1+2 = 1
I0418 09:03:30.941877  7952 caffe.cpp:314] Batch 3163, accuracy1+2+3 = 1
I0418 09:03:31.066879  6080 data_layer.cpp:128] Prefetch batch: 125 ms.
I0418 09:03:31.066879  6080 data_layer.cpp:129]      Read time: 93.747 ms.
I0418 09:03:31.066879  6080 data_layer.cpp:130] Transform time: 31.255 ms.
I0418 09:03:31.910663  7952 caffe.cpp:314] Batch 3164, accuracy1+2 = 1
I0418 09:03:31.910663  7952 caffe.cpp:314] Batch 3164, accuracy1+2+3 = 0
I0418 09:03:32.051292  6080 data_layer.cpp:128] Prefetch batch: 140 ms.
I0418 09:03:32.051292  6080 data_layer.cpp:129]      Read time: 93.757 ms.
I0418 09:03:32.051292  6080 data_layer.cpp:130] Transform time: 46.872 ms.
I0418 09:03:32.895076  7952 caffe.cpp:314] Batch 3165, accuracy1+2 = 1
I0418 09:03:32.895076  7952 caffe.cpp:314] Batch 3165, accuracy1+2+3 = 1
I0418 09:03:32.988828  6080 data_layer.cpp:128] Prefetch batch: 93 ms.
I0418 09:03:32.988828  6080 data_layer.cpp:129]      Read time: 0 ms.
I0418 09:03:32.988828  6080 data_layer.cpp:130] Transform time: 93.753 ms.
I0418 09:03:33.863862  7952 caffe.cpp:314] Batch 3166, accuracy1+2 = 1
I0418 09:03:33.863862  7952 caffe.cpp:314] Batch 3166, accuracy1+2+3 = 1
I0418 09:03:33.988873  6080 data_layer.cpp:128] Prefetch batch: 125 ms.
I0418 09:03:33.988873  6080 data_layer.cpp:129]      Read time: 93.757 ms.
I0418 09:03:33.988873  6080 data_layer.cpp:130] Transform time: 31.254 ms.
I0418 09:03:34.832651  7952 caffe.cpp:314] Batch 3167, accuracy1+2 = 1
I0418 09:03:34.832651  7952 caffe.cpp:314] Batch 3167, accuracy1+2+3 = 1
I0418 09:03:34.957653  6080 data_layer.cpp:128] Prefetch batch: 125 ms.
I0418 09:03:34.957653  6080 data_layer.cpp:129]      Read time: 93.757 ms.
I0418 09:03:34.957653  6080 data_layer.cpp:130] Transform time: 31.245 ms.
I0418 09:03:35.801446  7952 caffe.cpp:314] Batch 3168, accuracy1+2 = 1
I0418 09:03:35.801446  7952 caffe.cpp:314] Batch 3168, accuracy1+2+3 = 1
I0418 09:03:35.942066  6080 data_layer.cpp:128] Prefetch batch: 140 ms.
I0418 09:03:35.942066  6080 data_layer.cpp:129]      Read time: 93.743 ms.
I0418 09:03:35.942066  6080 data_layer.cpp:130] Transform time: 46.877 ms.
I0418 09:03:36.785856  7952 caffe.cpp:314] Batch 3169, accuracy1+2 = 1
I0418 09:03:36.785856  7952 caffe.cpp:314] Batch 3169, accuracy1+2+3 = 1
I0418 09:03:36.910862  6080 data_layer.cpp:128] Prefetch batch: 125 ms.
I0418 09:03:36.910862  6080 data_layer.cpp:129]      Read time: 93.747 ms.
I0418 09:03:36.910862  6080 data_layer.cpp:130] Transform time: 31.26 ms.
I0418 09:03:37.754643  7952 caffe.cpp:314] Batch 3170, accuracy1+2 = 1
I0418 09:03:37.754643  7952 caffe.cpp:314] Batch 3170, accuracy1+2+3 = 1
I0418 09:03:37.864023  6080 data_layer.cpp:128] Prefetch batch: 109 ms.
I0418 09:03:37.864023  6080 data_layer.cpp:129]      Read time: 0 ms.
I0418 09:03:37.864023  6080 data_layer.cpp:130] Transform time: 109.38 ms.
I0418 09:03:38.723425  7952 caffe.cpp:314] Batch 3171, accuracy1+2 = 1
I0418 09:03:38.723425  7952 caffe.cpp:314] Batch 3171, accuracy1+2+3 = 1
I0418 09:03:38.848438  6080 data_layer.cpp:128] Prefetch batch: 125 ms.
I0418 09:03:38.848438  6080 data_layer.cpp:129]      Read time: 93.755 ms.
I0418 09:03:38.848438  6080 data_layer.cpp:130] Transform time: 31.258 ms.
I0418 09:03:39.692214  7952 caffe.cpp:314] Batch 3172, accuracy1+2 = 1
I0418 09:03:39.692214  7952 caffe.cpp:314] Batch 3172, accuracy1+2+3 = 1
I0418 09:03:39.817222  6080 data_layer.cpp:128] Prefetch batch: 125 ms.
I0418 09:03:39.832849  6080 data_layer.cpp:129]      Read time: 93.756 ms.
I0418 09:03:39.832849  6080 data_layer.cpp:130] Transform time: 31.253 ms.
I0418 09:03:40.676630  7952 caffe.cpp:314] Batch 3173, accuracy1+2 = 1
I0418 09:03:40.676630  7952 caffe.cpp:314] Batch 3173, accuracy1+2+3 = 1
I0418 09:03:40.801635  6080 data_layer.cpp:128] Prefetch batch: 125 ms.
I0418 09:03:40.801635  6080 data_layer.cpp:129]      Read time: 93.756 ms.
I0418 09:03:40.801635  6080 data_layer.cpp:130] Transform time: 31.249 ms.
I0418 09:03:41.645423  7952 caffe.cpp:314] Batch 3174, accuracy1+2 = 1
I0418 09:03:41.645423  7952 caffe.cpp:314] Batch 3174, accuracy1+2+3 = 1
I0418 09:03:41.754794  6080 data_layer.cpp:128] Prefetch batch: 109 ms.
I0418 09:03:41.754794  6080 data_layer.cpp:129]      Read time: 0 ms.
I0418 09:03:41.754794  6080 data_layer.cpp:130] Transform time: 109.371 ms.
I0418 09:03:42.629832  7952 caffe.cpp:314] Batch 3175, accuracy1+2 = 1
I0418 09:03:42.629832  7952 caffe.cpp:314] Batch 3175, accuracy1+2+3 = 1
I0418 09:03:42.754834  6080 data_layer.cpp:128] Prefetch batch: 125 ms.
I0418 09:03:42.754834  6080 data_layer.cpp:129]      Read time: 93.754 ms.
I0418 09:03:42.754834  6080 data_layer.cpp:130] Transform time: 31.248 ms.
I0418 09:03:43.629869  7952 caffe.cpp:314] Batch 3176, accuracy1+2 = 1
I0418 09:03:43.629869  7952 caffe.cpp:314] Batch 3176, accuracy1+2+3 = 1
I0418 09:03:43.754878  6080 data_layer.cpp:128] Prefetch batch: 125 ms.
I0418 09:03:43.754878  6080 data_layer.cpp:129]      Read time: 93.754 ms.
I0418 09:03:43.754878  6080 data_layer.cpp:130] Transform time: 31.254 ms.
I0418 09:03:44.614286  7952 caffe.cpp:314] Batch 3177, accuracy1+2 = 1
I0418 09:03:44.614286  7952 caffe.cpp:314] Batch 3177, accuracy1+2+3 = 1
I0418 09:03:44.739292  6080 data_layer.cpp:128] Prefetch batch: 125 ms.
I0418 09:03:44.739292  6080 data_layer.cpp:129]      Read time: 78.129 ms.
I0418 09:03:44.739292  6080 data_layer.cpp:130] Transform time: 46.877 ms.
I0418 09:03:45.583075  7952 caffe.cpp:314] Batch 3178, accuracy1+2 = 1
I0418 09:03:45.583075  7952 caffe.cpp:314] Batch 3178, accuracy1+2+3 = 1
I0418 09:03:45.692450  6080 data_layer.cpp:128] Prefetch batch: 109 ms.
I0418 09:03:45.692450  6080 data_layer.cpp:129]      Read time: 0 ms.
I0418 09:03:45.692450  6080 data_layer.cpp:130] Transform time: 109.375 ms.
I0418 09:03:46.551861  7952 caffe.cpp:314] Batch 3179, accuracy1+2 = 1
I0418 09:03:46.551861  7952 caffe.cpp:314] Batch 3179, accuracy1+2+3 = 1
I0418 09:03:46.676867  6080 data_layer.cpp:128] Prefetch batch: 125 ms.
I0418 09:03:46.676867  6080 data_layer.cpp:129]      Read time: 93.755 ms.
I0418 09:03:46.676867  6080 data_layer.cpp:130] Transform time: 31.252 ms.
I0418 09:03:47.520650  7952 caffe.cpp:314] Batch 3180, accuracy1+2 = 0
I0418 09:03:47.520650  7952 caffe.cpp:314] Batch 3180, accuracy1+2+3 = 0
I0418 09:03:47.661283  6080 data_layer.cpp:128] Prefetch batch: 140 ms.
I0418 09:03:47.661283  6080 data_layer.cpp:129]      Read time: 93.753 ms.
I0418 09:03:47.661283  6080 data_layer.cpp:130] Transform time: 46.88 ms.
I0418 09:03:48.505064  7952 caffe.cpp:314] Batch 3181, accuracy1+2 = 1
I0418 09:03:48.505064  7952 caffe.cpp:314] Batch 3181, accuracy1+2+3 = 1
I0418 09:03:48.630058  6080 data_layer.cpp:128] Prefetch batch: 124 ms.
I0418 09:03:48.630058  6080 data_layer.cpp:129]      Read time: 93.742 ms.
I0418 09:03:48.630058  6080 data_layer.cpp:130] Transform time: 31.251 ms.
I0418 09:03:49.520717  7952 caffe.cpp:314] Batch 3182, accuracy1+2 = 0
I0418 09:03:49.520717  7952 caffe.cpp:314] Batch 3182, accuracy1+2+3 = 0
I0418 09:03:49.645721  6080 data_layer.cpp:128] Prefetch batch: 125 ms.
I0418 09:03:49.645721  6080 data_layer.cpp:129]      Read time: 78.142 ms.
I0418 09:03:49.645721  6080 data_layer.cpp:130] Transform time: 46.862 ms.
I0418 09:03:50.520761  7952 caffe.cpp:314] Batch 3183, accuracy1+2 = 1
I0418 09:03:50.520761  7952 caffe.cpp:314] Batch 3183, accuracy1+2+3 = 1
I0418 09:03:50.630141  6080 data_layer.cpp:128] Prefetch batch: 109 ms.
I0418 09:03:50.630141  6080 data_layer.cpp:129]      Read time: 0 ms.
I0418 09:03:50.630141  6080 data_layer.cpp:130] Transform time: 109.379 ms.
I0418 09:03:51.536430  7952 caffe.cpp:314] Batch 3184, accuracy1+2 = 1
I0418 09:03:51.536430  7952 caffe.cpp:314] Batch 3184, accuracy1+2+3 = 1
I0418 09:03:51.661433  6080 data_layer.cpp:128] Prefetch batch: 125 ms.
I0418 09:03:51.661433  6080 data_layer.cpp:129]      Read time: 78.126 ms.
I0418 09:03:51.661433  6080 data_layer.cpp:130] Transform time: 46.877 ms.
I0418 09:03:52.505221  7952 caffe.cpp:314] Batch 3185, accuracy1+2 = 0
I0418 09:03:52.505221  7952 caffe.cpp:314] Batch 3185, accuracy1+2+3 = 0
I0418 09:03:52.630223  6080 data_layer.cpp:128] Prefetch batch: 125 ms.
I0418 09:03:52.630223  6080 data_layer.cpp:129]      Read time: 93.755 ms.
I0418 09:03:52.630223  6080 data_layer.cpp:130] Transform time: 31.247 ms.
I0418 09:03:53.474007  7952 caffe.cpp:314] Batch 3186, accuracy1+2 = 1
I0418 09:03:53.474007  7952 caffe.cpp:314] Batch 3186, accuracy1+2+3 = 1
I0418 09:03:53.599016  6080 data_layer.cpp:128] Prefetch batch: 125 ms.
I0418 09:03:53.599016  6080 data_layer.cpp:129]      Read time: 93.751 ms.
I0418 09:03:53.599016  6080 data_layer.cpp:130] Transform time: 31.258 ms.
I0418 09:03:54.458422  7952 caffe.cpp:314] Batch 3187, accuracy1+2 = 1
I0418 09:03:54.458422  7952 caffe.cpp:314] Batch 3187, accuracy1+2+3 = 1
I0418 09:03:54.583431  6080 data_layer.cpp:128] Prefetch batch: 125 ms.
I0418 09:03:54.583431  6080 data_layer.cpp:129]      Read time: 78.124 ms.
I0418 09:03:54.583431  6080 data_layer.cpp:130] Transform time: 46.884 ms.
I0418 09:03:55.427206  7952 caffe.cpp:314] Batch 3188, accuracy1+2 = 0
I0418 09:03:55.427206  7952 caffe.cpp:314] Batch 3188, accuracy1+2+3 = 0
I0418 09:03:55.552217  6080 data_layer.cpp:128] Prefetch batch: 125 ms.
I0418 09:03:55.552217  6080 data_layer.cpp:129]      Read time: 93.756 ms.
I0418 09:03:55.552217  6080 data_layer.cpp:130] Transform time: 31.255 ms.
I0418 09:03:56.395995  7952 caffe.cpp:314] Batch 3189, accuracy1+2 = 1
I0418 09:03:56.395995  7952 caffe.cpp:314] Batch 3189, accuracy1+2+3 = 1
I0418 09:03:56.521000  6080 data_layer.cpp:128] Prefetch batch: 125 ms.
I0418 09:03:56.521000  6080 data_layer.cpp:129]      Read time: 93.757 ms.
I0418 09:03:56.521000  6080 data_layer.cpp:130] Transform time: 31.248 ms.
I0418 09:03:57.364784  7952 caffe.cpp:314] Batch 3190, accuracy1+2 = 1
I0418 09:03:57.364784  7952 caffe.cpp:314] Batch 3190, accuracy1+2+3 = 1
I0418 09:03:57.474169  6080 data_layer.cpp:128] Prefetch batch: 109 ms.
I0418 09:03:57.474169  6080 data_layer.cpp:129]      Read time: 0 ms.
I0418 09:03:57.474169  6080 data_layer.cpp:130] Transform time: 109.385 ms.
I0418 09:03:58.349196  7952 caffe.cpp:314] Batch 3191, accuracy1+2 = 1
I0418 09:03:58.349196  7952 caffe.cpp:314] Batch 3191, accuracy1+2+3 = 1
I0418 09:03:58.474205  6080 data_layer.cpp:128] Prefetch batch: 125 ms.
I0418 09:03:58.474205  6080 data_layer.cpp:129]      Read time: 93.76 ms.
I0418 09:03:58.474205  6080 data_layer.cpp:130] Transform time: 31.249 ms.
I0418 09:03:59.317984  7952 caffe.cpp:314] Batch 3192, accuracy1+2 = 1
I0418 09:03:59.317984  7952 caffe.cpp:314] Batch 3192, accuracy1+2+3 = 1
I0418 09:03:59.442989  6080 data_layer.cpp:128] Prefetch batch: 125 ms.
I0418 09:03:59.442989  6080 data_layer.cpp:129]      Read time: 93.753 ms.
I0418 09:03:59.442989  6080 data_layer.cpp:130] Transform time: 31.252 ms.
I0418 09:04:00.286773  7952 caffe.cpp:314] Batch 3193, accuracy1+2 = 1
I0418 09:04:00.286773  7952 caffe.cpp:314] Batch 3193, accuracy1+2+3 = 1
I0418 09:04:00.396157  6080 data_layer.cpp:128] Prefetch batch: 109 ms.
I0418 09:04:00.396157  6080 data_layer.cpp:129]      Read time: 0 ms.
I0418 09:04:00.396157  6080 data_layer.cpp:130] Transform time: 109.384 ms.
I0418 09:04:01.271188  7952 caffe.cpp:314] Batch 3194, accuracy1+2 = 1
I0418 09:04:01.271188  7952 caffe.cpp:314] Batch 3194, accuracy1+2+3 = 1
I0418 09:04:01.396198  6080 data_layer.cpp:128] Prefetch batch: 125 ms.
I0418 09:04:01.396198  6080 data_layer.cpp:129]      Read time: 78.136 ms.
I0418 09:04:01.396198  6080 data_layer.cpp:130] Transform time: 46.873 ms.
I0418 09:04:02.239977  7952 caffe.cpp:314] Batch 3195, accuracy1+2 = 1
I0418 09:04:02.239977  7952 caffe.cpp:314] Batch 3195, accuracy1+2+3 = 1
I0418 09:04:02.364984  6080 data_layer.cpp:128] Prefetch batch: 125 ms.
I0418 09:04:02.364984  6080 data_layer.cpp:129]      Read time: 93.755 ms.
I0418 09:04:02.364984  6080 data_layer.cpp:130] Transform time: 31.252 ms.
I0418 09:04:03.208761  7952 caffe.cpp:314] Batch 3196, accuracy1+2 = 0
I0418 09:04:03.208761  7952 caffe.cpp:314] Batch 3196, accuracy1+2+3 = 0
I0418 09:04:03.333772  6080 data_layer.cpp:128] Prefetch batch: 125 ms.
I0418 09:04:03.333772  6080 data_layer.cpp:129]      Read time: 93.755 ms.
I0418 09:04:03.333772  6080 data_layer.cpp:130] Transform time: 31.256 ms.
I0418 09:04:04.193176  7952 caffe.cpp:314] Batch 3197, accuracy1+2 = 1
I0418 09:04:04.193176  7952 caffe.cpp:314] Batch 3197, accuracy1+2+3 = 1
I0418 09:04:04.318182  6080 data_layer.cpp:128] Prefetch batch: 125 ms.
I0418 09:04:04.318182  6080 data_layer.cpp:129]      Read time: 78.133 ms.
I0418 09:04:04.318182  6080 data_layer.cpp:130] Transform time: 46.874 ms.
I0418 09:04:05.161972  7952 caffe.cpp:314] Batch 3198, accuracy1+2 = 1
I0418 09:04:05.161972  7952 caffe.cpp:314] Batch 3198, accuracy1+2+3 = 0
I0418 09:04:05.271348  6080 data_layer.cpp:128] Prefetch batch: 109 ms.
I0418 09:04:05.271348  6080 data_layer.cpp:129]      Read time: 0 ms.
I0418 09:04:05.271348  6080 data_layer.cpp:130] Transform time: 109.377 ms.
I0418 09:04:06.130758  7952 caffe.cpp:314] Batch 3199, accuracy1+2 = 1
I0418 09:04:06.130758  7952 caffe.cpp:314] Batch 3199, accuracy1+2+3 = 1
I0418 09:04:06.255762  6080 data_layer.cpp:128] Prefetch batch: 125 ms.
I0418 09:04:06.255762  6080 data_layer.cpp:129]      Read time: 93.759 ms.
I0418 09:04:06.255762  6080 data_layer.cpp:130] Transform time: 31.246 ms.
I0418 09:04:07.099546  7952 caffe.cpp:314] Batch 3200, accuracy1+2 = 1
I0418 09:04:07.099546  7952 caffe.cpp:314] Batch 3200, accuracy1+2+3 = 1
I0418 09:04:07.224545  6080 data_layer.cpp:128] Prefetch batch: 124 ms.
I0418 09:04:07.224545  6080 data_layer.cpp:129]      Read time: 93.749 ms.
I0418 09:04:07.224545  6080 data_layer.cpp:130] Transform time: 31.249 ms.
I0418 09:04:08.083956  7952 caffe.cpp:314] Batch 3201, accuracy1+2 = 1
I0418 09:04:08.083956  7952 caffe.cpp:314] Batch 3201, accuracy1+2+3 = 1
I0418 09:04:08.208961  6080 data_layer.cpp:128] Prefetch batch: 125 ms.
I0418 09:04:08.208961  6080 data_layer.cpp:129]      Read time: 78.126 ms.
I0418 09:04:08.208961  6080 data_layer.cpp:130] Transform time: 46.88 ms.
I0418 09:04:09.052743  7952 caffe.cpp:314] Batch 3202, accuracy1+2 = 1
I0418 09:04:09.052743  7952 caffe.cpp:314] Batch 3202, accuracy1+2+3 = 1
I0418 09:04:09.162123  6080 data_layer.cpp:128] Prefetch batch: 109 ms.
I0418 09:04:09.162123  6080 data_layer.cpp:129]      Read time: 0 ms.
I0418 09:04:09.162123  6080 data_layer.cpp:130] Transform time: 109.38 ms.
I0418 09:04:10.021528  7952 caffe.cpp:314] Batch 3203, accuracy1+2 = 1
I0418 09:04:10.021528  7952 caffe.cpp:314] Batch 3203, accuracy1+2+3 = 1
I0418 09:04:10.146538  6080 data_layer.cpp:128] Prefetch batch: 125 ms.
I0418 09:04:10.146538  6080 data_layer.cpp:129]      Read time: 93.76 ms.
I0418 09:04:10.146538  6080 data_layer.cpp:130] Transform time: 31.249 ms.
I0418 09:04:10.990322  7952 caffe.cpp:314] Batch 3204, accuracy1+2 = 1
I0418 09:04:11.005956  7952 caffe.cpp:314] Batch 3204, accuracy1+2+3 = 1
I0418 09:04:11.130950  6080 data_layer.cpp:128] Prefetch batch: 124 ms.
I0418 09:04:11.130950  6080 data_layer.cpp:129]      Read time: 78.117 ms.
I0418 09:04:11.130950  6080 data_layer.cpp:130] Transform time: 46.877 ms.
I0418 09:04:11.974731  7952 caffe.cpp:314] Batch 3205, accuracy1+2 = 1
I0418 09:04:11.974731  7952 caffe.cpp:314] Batch 3205, accuracy1+2+3 = 1
I0418 09:04:12.099738  6080 data_layer.cpp:128] Prefetch batch: 125 ms.
I0418 09:04:12.099738  6080 data_layer.cpp:129]      Read time: 93.761 ms.
I0418 09:04:12.099738  6080 data_layer.cpp:130] Transform time: 31.246 ms.
I0418 09:04:12.943524  7952 caffe.cpp:314] Batch 3206, accuracy1+2 = 1
I0418 09:04:12.943524  7952 caffe.cpp:314] Batch 3206, accuracy1+2+3 = 1
I0418 09:04:13.068528  6080 data_layer.cpp:128] Prefetch batch: 125 ms.
I0418 09:04:13.068528  6080 data_layer.cpp:129]      Read time: 93.749 ms.
I0418 09:04:13.068528  6080 data_layer.cpp:130] Transform time: 31.255 ms.
I0418 09:04:13.912308  7952 caffe.cpp:314] Batch 3207, accuracy1+2 = 1
I0418 09:04:13.912308  7952 caffe.cpp:314] Batch 3207, accuracy1+2+3 = 1
I0418 09:04:14.052937  6080 data_layer.cpp:128] Prefetch batch: 140 ms.
I0418 09:04:14.052937  6080 data_layer.cpp:129]      Read time: 93.755 ms.
I0418 09:04:14.052937  6080 data_layer.cpp:130] Transform time: 46.873 ms.
I0418 09:04:14.896719  7952 caffe.cpp:314] Batch 3208, accuracy1+2 = 1
I0418 09:04:14.896719  7952 caffe.cpp:314] Batch 3208, accuracy1+2+3 = 1
I0418 09:04:15.006103  6080 data_layer.cpp:128] Prefetch batch: 109 ms.
I0418 09:04:15.006103  6080 data_layer.cpp:129]      Read time: 0 ms.
I0418 09:04:15.006103  6080 data_layer.cpp:130] Transform time: 109.383 ms.
I0418 09:04:15.865514  7952 caffe.cpp:314] Batch 3209, accuracy1+2 = 1
I0418 09:04:15.865514  7952 caffe.cpp:314] Batch 3209, accuracy1+2+3 = 1
I0418 09:04:15.990520  6080 data_layer.cpp:128] Prefetch batch: 125 ms.
I0418 09:04:15.990520  6080 data_layer.cpp:129]      Read time: 93.754 ms.
I0418 09:04:15.990520  6080 data_layer.cpp:130] Transform time: 31.251 ms.
I0418 09:04:16.849927  7952 caffe.cpp:314] Batch 3210, accuracy1+2 = 1
I0418 09:04:16.849927  7952 caffe.cpp:314] Batch 3210, accuracy1+2+3 = 1
I0418 09:04:16.974927  6080 data_layer.cpp:128] Prefetch batch: 125 ms.
I0418 09:04:16.974927  6080 data_layer.cpp:129]      Read time: 78.127 ms.
I0418 09:04:16.974927  6080 data_layer.cpp:130] Transform time: 46.873 ms.
I0418 09:04:17.818713  7952 caffe.cpp:314] Batch 3211, accuracy1+2 = 1
I0418 09:04:17.818713  7952 caffe.cpp:314] Batch 3211, accuracy1+2+3 = 1
I0418 09:04:17.943716  6080 data_layer.cpp:128] Prefetch batch: 125 ms.
I0418 09:04:17.943716  6080 data_layer.cpp:129]      Read time: 93.758 ms.
I0418 09:04:17.943716  6080 data_layer.cpp:130] Transform time: 31.244 ms.
I0418 09:04:18.787500  7952 caffe.cpp:314] Batch 3212, accuracy1+2 = 1
I0418 09:04:18.787500  7952 caffe.cpp:314] Batch 3212, accuracy1+2+3 = 1
I0418 09:04:18.912506  6080 data_layer.cpp:128] Prefetch batch: 125 ms.
I0418 09:04:18.912506  6080 data_layer.cpp:129]      Read time: 93.751 ms.
I0418 09:04:18.912506  6080 data_layer.cpp:130] Transform time: 31.255 ms.
I0418 09:04:19.771919  7952 caffe.cpp:314] Batch 3213, accuracy1+2 = 1
I0418 09:04:19.771919  7952 caffe.cpp:314] Batch 3213, accuracy1+2+3 = 1
I0418 09:04:19.865667  6080 data_layer.cpp:128] Prefetch batch: 93 ms.
I0418 09:04:19.865667  6080 data_layer.cpp:129]      Read time: 0 ms.
I0418 09:04:19.865667  6080 data_layer.cpp:130] Transform time: 93.748 ms.
I0418 09:04:20.740701  7952 caffe.cpp:314] Batch 3214, accuracy1+2 = 1
I0418 09:04:20.740701  7952 caffe.cpp:314] Batch 3214, accuracy1+2+3 = 1
I0418 09:04:20.928211  6080 data_layer.cpp:128] Prefetch batch: 187 ms.
I0418 09:04:20.928211  6080 data_layer.cpp:129]      Read time: 156.261 ms.
I0418 09:04:20.928211  6080 data_layer.cpp:130] Transform time: 31.249 ms.
I0418 09:04:21.709492  7952 caffe.cpp:314] Batch 3215, accuracy1+2 = 1
I0418 09:04:21.725118  7952 caffe.cpp:314] Batch 3215, accuracy1+2+3 = 1
I0418 09:04:21.818867  6080 data_layer.cpp:128] Prefetch batch: 93 ms.
I0418 09:04:21.818867  6080 data_layer.cpp:129]      Read time: 0 ms.
I0418 09:04:21.818867  6080 data_layer.cpp:130] Transform time: 93.749 ms.
I0418 09:04:22.693900  7952 caffe.cpp:314] Batch 3216, accuracy1+2 = 1
I0418 09:04:22.693900  7952 caffe.cpp:314] Batch 3216, accuracy1+2+3 = 1
I0418 09:04:22.818909  6080 data_layer.cpp:128] Prefetch batch: 125 ms.
I0418 09:04:22.818909  6080 data_layer.cpp:129]      Read time: 93.754 ms.
I0418 09:04:22.818909  6080 data_layer.cpp:130] Transform time: 31.255 ms.
I0418 09:04:23.662690  7952 caffe.cpp:314] Batch 3217, accuracy1+2 = 1
I0418 09:04:23.662690  7952 caffe.cpp:314] Batch 3217, accuracy1+2+3 = 1
I0418 09:04:23.787693  6080 data_layer.cpp:128] Prefetch batch: 125 ms.
I0418 09:04:23.787693  6080 data_layer.cpp:129]      Read time: 93.756 ms.
I0418 09:04:23.787693  6080 data_layer.cpp:130] Transform time: 31.247 ms.
I0418 09:04:24.631477  7952 caffe.cpp:314] Batch 3218, accuracy1+2 = 1
I0418 09:04:24.631477  7952 caffe.cpp:314] Batch 3218, accuracy1+2+3 = 1
I0418 09:04:24.756481  6080 data_layer.cpp:128] Prefetch batch: 125 ms.
I0418 09:04:24.756481  6080 data_layer.cpp:129]      Read time: 93.759 ms.
I0418 09:04:24.756481  6080 data_layer.cpp:130] Transform time: 31.245 ms.
I0418 09:04:25.615895  7952 caffe.cpp:314] Batch 3219, accuracy1+2 = 1
I0418 09:04:25.615895  7952 caffe.cpp:314] Batch 3219, accuracy1+2+3 = 1
I0418 09:04:25.709647  6080 data_layer.cpp:128] Prefetch batch: 93 ms.
I0418 09:04:25.709647  6080 data_layer.cpp:129]      Read time: 0 ms.
I0418 09:04:25.709647  6080 data_layer.cpp:130] Transform time: 93.752 ms.
I0418 09:04:26.584671  7952 caffe.cpp:314] Batch 3220, accuracy1+2 = 1
I0418 09:04:26.584671  7952 caffe.cpp:314] Batch 3220, accuracy1+2+3 = 1
I0418 09:04:26.709674  6080 data_layer.cpp:128] Prefetch batch: 125 ms.
I0418 09:04:26.709674  6080 data_layer.cpp:129]      Read time: 93.752 ms.
I0418 09:04:26.709674  6080 data_layer.cpp:130] Transform time: 31.251 ms.
I0418 09:04:27.600337  7952 caffe.cpp:314] Batch 3221, accuracy1+2 = 1
I0418 09:04:27.600337  7952 caffe.cpp:314] Batch 3221, accuracy1+2+3 = 1
I0418 09:04:27.725342  6080 data_layer.cpp:128] Prefetch batch: 125 ms.
I0418 09:04:27.725342  6080 data_layer.cpp:129]      Read time: 78.128 ms.
I0418 09:04:27.725342  6080 data_layer.cpp:130] Transform time: 46.877 ms.
I0418 09:04:28.600381  7952 caffe.cpp:314] Batch 3222, accuracy1+2 = 0
I0418 09:04:28.600381  7952 caffe.cpp:314] Batch 3222, accuracy1+2+3 = 0
I0418 09:04:28.725388  6080 data_layer.cpp:128] Prefetch batch: 125 ms.
I0418 09:04:28.725388  6080 data_layer.cpp:129]      Read time: 93.758 ms.
I0418 09:04:28.725388  6080 data_layer.cpp:130] Transform time: 31.248 ms.
I0418 09:04:29.569174  7952 caffe.cpp:314] Batch 3223, accuracy1+2 = 1
I0418 09:04:29.569174  7952 caffe.cpp:314] Batch 3223, accuracy1+2+3 = 1
I0418 09:04:29.694181  6080 data_layer.cpp:128] Prefetch batch: 125 ms.
I0418 09:04:29.694181  6080 data_layer.cpp:129]      Read time: 93.756 ms.
I0418 09:04:29.694181  6080 data_layer.cpp:130] Transform time: 31.252 ms.
I0418 09:04:30.537958  7952 caffe.cpp:314] Batch 3224, accuracy1+2 = 1
I0418 09:04:30.537958  7952 caffe.cpp:314] Batch 3224, accuracy1+2+3 = 1
I0418 09:04:30.647337  6080 data_layer.cpp:128] Prefetch batch: 109 ms.
I0418 09:04:30.647337  6080 data_layer.cpp:129]      Read time: 0 ms.
I0418 09:04:30.647337  6080 data_layer.cpp:130] Transform time: 109.379 ms.
I0418 09:04:31.522374  7952 caffe.cpp:314] Batch 3225, accuracy1+2 = 1
I0418 09:04:31.522374  7952 caffe.cpp:314] Batch 3225, accuracy1+2+3 = 1
I0418 09:04:31.647380  6080 data_layer.cpp:128] Prefetch batch: 125 ms.
I0418 09:04:31.647380  6080 data_layer.cpp:129]      Read time: 78.132 ms.
I0418 09:04:31.647380  6080 data_layer.cpp:130] Transform time: 46.874 ms.
I0418 09:04:32.506793  7952 caffe.cpp:314] Batch 3226, accuracy1+2 = 1
I0418 09:04:32.506793  7952 caffe.cpp:314] Batch 3226, accuracy1+2+3 = 1
I0418 09:04:32.631796  6080 data_layer.cpp:128] Prefetch batch: 125 ms.
I0418 09:04:32.631796  6080 data_layer.cpp:129]      Read time: 78.121 ms.
I0418 09:04:32.631796  6080 data_layer.cpp:130] Transform time: 46.883 ms.
I0418 09:04:33.475580  7952 caffe.cpp:314] Batch 3227, accuracy1+2 = 1
I0418 09:04:33.475580  7952 caffe.cpp:314] Batch 3227, accuracy1+2+3 = 1
I0418 09:04:33.600579  6080 data_layer.cpp:128] Prefetch batch: 124 ms.
I0418 09:04:33.600579  6080 data_layer.cpp:129]      Read time: 93.753 ms.
I0418 09:04:33.600579  6080 data_layer.cpp:130] Transform time: 31.245 ms.
I0418 09:04:34.444361  7952 caffe.cpp:314] Batch 3228, accuracy1+2 = 1
I0418 09:04:34.444361  7952 caffe.cpp:314] Batch 3228, accuracy1+2+3 = 1
I0418 09:04:34.569372  6080 data_layer.cpp:128] Prefetch batch: 125 ms.
I0418 09:04:34.569372  6080 data_layer.cpp:129]      Read time: 93.754 ms.
I0418 09:04:34.569372  6080 data_layer.cpp:130] Transform time: 31.257 ms.
I0418 09:04:35.413156  7952 caffe.cpp:314] Batch 3229, accuracy1+2 = 1
I0418 09:04:35.413156  7952 caffe.cpp:314] Batch 3229, accuracy1+2+3 = 1
I0418 09:04:35.522531  6080 data_layer.cpp:128] Prefetch batch: 109 ms.
I0418 09:04:35.522531  6080 data_layer.cpp:129]      Read time: 0 ms.
I0418 09:04:35.522531  6080 data_layer.cpp:130] Transform time: 109.376 ms.
I0418 09:04:36.397567  7952 caffe.cpp:314] Batch 3230, accuracy1+2 = 1
I0418 09:04:36.397567  7952 caffe.cpp:314] Batch 3230, accuracy1+2+3 = 1
I0418 09:04:36.522573  6080 data_layer.cpp:128] Prefetch batch: 125 ms.
I0418 09:04:36.522573  6080 data_layer.cpp:129]      Read time: 78.127 ms.
I0418 09:04:36.522573  6080 data_layer.cpp:130] Transform time: 46.879 ms.
I0418 09:04:37.366358  7952 caffe.cpp:314] Batch 3231, accuracy1+2 = 1
I0418 09:04:37.366358  7952 caffe.cpp:314] Batch 3231, accuracy1+2+3 = 1
I0418 09:04:37.491359  6080 data_layer.cpp:128] Prefetch batch: 125 ms.
I0418 09:04:37.491359  6080 data_layer.cpp:129]      Read time: 93.748 ms.
I0418 09:04:37.491359  6080 data_layer.cpp:130] Transform time: 31.253 ms.
I0418 09:04:38.335144  7952 caffe.cpp:314] Batch 3232, accuracy1+2 = 1
I0418 09:04:38.335144  7952 caffe.cpp:314] Batch 3232, accuracy1+2+3 = 1
I0418 09:04:38.460152  6080 data_layer.cpp:128] Prefetch batch: 125 ms.
I0418 09:04:38.460152  6080 data_layer.cpp:129]      Read time: 93.754 ms.
I0418 09:04:38.460152  6080 data_layer.cpp:130] Transform time: 31.254 ms.
I0418 09:04:39.303933  7952 caffe.cpp:314] Batch 3233, accuracy1+2 = 1
I0418 09:04:39.303933  7952 caffe.cpp:314] Batch 3233, accuracy1+2+3 = 1
I0418 09:04:39.413306  6080 data_layer.cpp:128] Prefetch batch: 109 ms.
I0418 09:04:39.413306  6080 data_layer.cpp:129]      Read time: 0 ms.
I0418 09:04:39.413306  6080 data_layer.cpp:130] Transform time: 109.373 ms.
I0418 09:04:40.272722  7952 caffe.cpp:314] Batch 3234, accuracy1+2 = 1
I0418 09:04:40.272722  7952 caffe.cpp:314] Batch 3234, accuracy1+2+3 = 1
I0418 09:04:40.397722  6080 data_layer.cpp:128] Prefetch batch: 124 ms.
I0418 09:04:40.397722  6080 data_layer.cpp:129]      Read time: 93.746 ms.
I0418 09:04:40.413353  6080 data_layer.cpp:130] Transform time: 31.253 ms.
I0418 09:04:41.257128  7952 caffe.cpp:314] Batch 3235, accuracy1+2 = 1
I0418 09:04:41.257128  7952 caffe.cpp:314] Batch 3235, accuracy1+2+3 = 1
I0418 09:04:41.382139  6080 data_layer.cpp:128] Prefetch batch: 125 ms.
I0418 09:04:41.382139  6080 data_layer.cpp:129]      Read time: 93.766 ms.
I0418 09:04:41.382139  6080 data_layer.cpp:130] Transform time: 31.245 ms.
I0418 09:04:42.225924  7952 caffe.cpp:314] Batch 3236, accuracy1+2 = 1
I0418 09:04:42.225924  7952 caffe.cpp:314] Batch 3236, accuracy1+2+3 = 1
I0418 09:04:42.350921  6080 data_layer.cpp:128] Prefetch batch: 124 ms.
I0418 09:04:42.350921  6080 data_layer.cpp:129]      Read time: 93.752 ms.
I0418 09:04:42.350921  6080 data_layer.cpp:130] Transform time: 31.246 ms.
I0418 09:04:43.210333  7952 caffe.cpp:314] Batch 3237, accuracy1+2 = 1
I0418 09:04:43.210333  7952 caffe.cpp:314] Batch 3237, accuracy1+2+3 = 1
I0418 09:04:43.335335  6080 data_layer.cpp:128] Prefetch batch: 125 ms.
I0418 09:04:43.335335  6080 data_layer.cpp:129]      Read time: 78.13 ms.
I0418 09:04:43.335335  6080 data_layer.cpp:130] Transform time: 46.872 ms.
I0418 09:04:44.179118  7952 caffe.cpp:314] Batch 3238, accuracy1+2 = 1
I0418 09:04:44.179118  7952 caffe.cpp:314] Batch 3238, accuracy1+2+3 = 1
I0418 09:04:44.304128  6080 data_layer.cpp:128] Prefetch batch: 125 ms.
I0418 09:04:44.304128  6080 data_layer.cpp:129]      Read time: 93.754 ms.
I0418 09:04:44.304128  6080 data_layer.cpp:130] Transform time: 31.256 ms.
I0418 09:04:45.147912  7952 caffe.cpp:314] Batch 3239, accuracy1+2 = 1
I0418 09:04:45.147912  7952 caffe.cpp:314] Batch 3239, accuracy1+2+3 = 1
I0418 09:04:45.257285  6080 data_layer.cpp:128] Prefetch batch: 109 ms.
I0418 09:04:45.257285  6080 data_layer.cpp:129]      Read time: 0 ms.
I0418 09:04:45.257285  6080 data_layer.cpp:130] Transform time: 109.374 ms.
I0418 09:04:46.132321  7952 caffe.cpp:314] Batch 3240, accuracy1+2 = 1
I0418 09:04:46.132321  7952 caffe.cpp:314] Batch 3240, accuracy1+2+3 = 1
I0418 09:04:46.257333  6080 data_layer.cpp:128] Prefetch batch: 125 ms.
I0418 09:04:46.257333  6080 data_layer.cpp:129]      Read time: 78.132 ms.
I0418 09:04:46.257333  6080 data_layer.cpp:130] Transform time: 46.879 ms.
I0418 09:04:47.101109  7952 caffe.cpp:314] Batch 3241, accuracy1+2 = 1
I0418 09:04:47.101109  7952 caffe.cpp:314] Batch 3241, accuracy1+2+3 = 1
I0418 09:04:47.226119  6080 data_layer.cpp:128] Prefetch batch: 125 ms.
I0418 09:04:47.226119  6080 data_layer.cpp:129]      Read time: 93.755 ms.
I0418 09:04:47.226119  6080 data_layer.cpp:130] Transform time: 31.255 ms.
I0418 09:04:48.069902  7952 caffe.cpp:314] Batch 3242, accuracy1+2 = 1
I0418 09:04:48.069902  7952 caffe.cpp:314] Batch 3242, accuracy1+2+3 = 1
I0418 09:04:48.179283  6080 data_layer.cpp:128] Prefetch batch: 109 ms.
I0418 09:04:48.179283  6080 data_layer.cpp:129]      Read time: 0 ms.
I0418 09:04:48.179283  6080 data_layer.cpp:130] Transform time: 109.381 ms.
I0418 09:04:49.038686  7952 caffe.cpp:314] Batch 3243, accuracy1+2 = 1
I0418 09:04:49.038686  7952 caffe.cpp:314] Batch 3243, accuracy1+2+3 = 1
I0418 09:04:49.163692  6080 data_layer.cpp:128] Prefetch batch: 125 ms.
I0418 09:04:49.163692  6080 data_layer.cpp:129]      Read time: 93.758 ms.
I0418 09:04:49.163692  6080 data_layer.cpp:130] Transform time: 31.248 ms.
I0418 09:04:50.023103  7952 caffe.cpp:314] Batch 3244, accuracy1+2 = 1
I0418 09:04:50.023103  7952 caffe.cpp:314] Batch 3244, accuracy1+2+3 = 1
I0418 09:04:50.148109  6080 data_layer.cpp:128] Prefetch batch: 125 ms.
I0418 09:04:50.148109  6080 data_layer.cpp:129]      Read time: 78.129 ms.
I0418 09:04:50.148109  6080 data_layer.cpp:130] Transform time: 46.877 ms.
I0418 09:04:50.991886  7952 caffe.cpp:314] Batch 3245, accuracy1+2 = 1
I0418 09:04:50.991886  7952 caffe.cpp:314] Batch 3245, accuracy1+2+3 = 1
I0418 09:04:51.116897  6080 data_layer.cpp:128] Prefetch batch: 125 ms.
I0418 09:04:51.116897  6080 data_layer.cpp:129]      Read time: 93.753 ms.
I0418 09:04:51.116897  6080 data_layer.cpp:130] Transform time: 31.258 ms.
I0418 09:04:51.960678  7952 caffe.cpp:314] Batch 3246, accuracy1+2 = 1
I0418 09:04:51.960678  7952 caffe.cpp:314] Batch 3246, accuracy1+2+3 = 1
I0418 09:04:52.085682  6080 data_layer.cpp:128] Prefetch batch: 125 ms.
I0418 09:04:52.085682  6080 data_layer.cpp:129]      Read time: 93.755 ms.
I0418 09:04:52.085682  6080 data_layer.cpp:130] Transform time: 31.249 ms.
I0418 09:04:52.929469  7952 caffe.cpp:314] Batch 3247, accuracy1+2 = 1
I0418 09:04:52.929469  7952 caffe.cpp:314] Batch 3247, accuracy1+2+3 = 1
I0418 09:04:53.038846  6080 data_layer.cpp:128] Prefetch batch: 109 ms.
I0418 09:04:53.038846  6080 data_layer.cpp:129]      Read time: 0 ms.
I0418 09:04:53.038846  6080 data_layer.cpp:130] Transform time: 109.377 ms.
I0418 09:04:53.913880  7952 caffe.cpp:314] Batch 3248, accuracy1+2 = 1
I0418 09:04:53.913880  7952 caffe.cpp:314] Batch 3248, accuracy1+2+3 = 1
I0418 09:04:54.038885  6080 data_layer.cpp:128] Prefetch batch: 125 ms.
I0418 09:04:54.038885  6080 data_layer.cpp:129]      Read time: 78.125 ms.
I0418 09:04:54.038885  6080 data_layer.cpp:130] Transform time: 46.88 ms.
I0418 09:04:54.882663  7952 caffe.cpp:314] Batch 3249, accuracy1+2 = 1
I0418 09:04:54.882663  7952 caffe.cpp:314] Batch 3249, accuracy1+2+3 = 1
I0418 09:04:55.007674  6080 data_layer.cpp:128] Prefetch batch: 125 ms.
I0418 09:04:55.007674  6080 data_layer.cpp:129]      Read time: 93.753 ms.
I0418 09:04:55.007674  6080 data_layer.cpp:130] Transform time: 31.258 ms.
I0418 09:04:55.851455  7952 caffe.cpp:314] Batch 3250, accuracy1+2 = 1
I0418 09:04:55.851455  7952 caffe.cpp:314] Batch 3250, accuracy1+2+3 = 1
I0418 09:04:55.976462  6080 data_layer.cpp:128] Prefetch batch: 125 ms.
I0418 09:04:55.976462  6080 data_layer.cpp:129]      Read time: 93.752 ms.
I0418 09:04:55.976462  6080 data_layer.cpp:130] Transform time: 31.255 ms.
I0418 09:04:56.835867  7952 caffe.cpp:314] Batch 3251, accuracy1+2 = 1
I0418 09:04:56.835867  7952 caffe.cpp:314] Batch 3251, accuracy1+2+3 = 1
I0418 09:04:56.960871  6080 data_layer.cpp:128] Prefetch batch: 125 ms.
I0418 09:04:56.960871  6080 data_layer.cpp:129]      Read time: 78.14 ms.
I0418 09:04:56.960871  6080 data_layer.cpp:130] Transform time: 46.864 ms.
I0418 09:04:57.804654  7952 caffe.cpp:314] Batch 3252, accuracy1+2 = 1
I0418 09:04:57.804654  7952 caffe.cpp:314] Batch 3252, accuracy1+2+3 = 1
I0418 09:04:57.898412  6080 data_layer.cpp:128] Prefetch batch: 93 ms.
I0418 09:04:57.898412  6080 data_layer.cpp:129]      Read time: 0 ms.
I0418 09:04:57.898412  6080 data_layer.cpp:130] Transform time: 93.758 ms.
I0418 09:04:58.773445  7952 caffe.cpp:314] Batch 3253, accuracy1+2 = 1
I0418 09:04:58.773445  7952 caffe.cpp:314] Batch 3253, accuracy1+2+3 = 1
I0418 09:04:58.898458  6080 data_layer.cpp:128] Prefetch batch: 125 ms.
I0418 09:04:58.898458  6080 data_layer.cpp:129]      Read time: 93.755 ms.
I0418 09:04:58.898458  6080 data_layer.cpp:130] Transform time: 31.257 ms.
I0418 09:04:59.742230  7952 caffe.cpp:314] Batch 3254, accuracy1+2 = 0
I0418 09:04:59.742230  7952 caffe.cpp:314] Batch 3254, accuracy1+2+3 = 0
I0418 09:04:59.867235  6080 data_layer.cpp:128] Prefetch batch: 125 ms.
I0418 09:04:59.867235  6080 data_layer.cpp:129]      Read time: 93.752 ms.
I0418 09:04:59.867235  6080 data_layer.cpp:130] Transform time: 31.253 ms.
I0418 09:05:00.726649  7952 caffe.cpp:314] Batch 3255, accuracy1+2 = 1
I0418 09:05:00.726649  7952 caffe.cpp:314] Batch 3255, accuracy1+2+3 = 1
I0418 09:05:00.851649  6080 data_layer.cpp:128] Prefetch batch: 125 ms.
I0418 09:05:00.851649  6080 data_layer.cpp:129]      Read time: 78.122 ms.
I0418 09:05:00.851649  6080 data_layer.cpp:130] Transform time: 46.879 ms.
I0418 09:05:01.695436  7952 caffe.cpp:314] Batch 3256, accuracy1+2 = 1
I0418 09:05:01.695436  7952 caffe.cpp:314] Batch 3256, accuracy1+2+3 = 1
I0418 09:05:01.789183  6080 data_layer.cpp:128] Prefetch batch: 93 ms.
I0418 09:05:01.789183  6080 data_layer.cpp:129]      Read time: 0 ms.
I0418 09:05:01.789183  6080 data_layer.cpp:130] Transform time: 93.747 ms.
I0418 09:05:02.679844  7952 caffe.cpp:314] Batch 3257, accuracy1+2 = 1
I0418 09:05:02.679844  7952 caffe.cpp:314] Batch 3257, accuracy1+2+3 = 1
I0418 09:05:02.804855  6080 data_layer.cpp:128] Prefetch batch: 125 ms.
I0418 09:05:02.804855  6080 data_layer.cpp:129]      Read time: 78.128 ms.
I0418 09:05:02.804855  6080 data_layer.cpp:130] Transform time: 46.883 ms.
I0418 09:05:03.664261  7952 caffe.cpp:314] Batch 3258, accuracy1+2 = 1
I0418 09:05:03.664261  7952 caffe.cpp:314] Batch 3258, accuracy1+2+3 = 1
I0418 09:05:03.789263  6080 data_layer.cpp:128] Prefetch batch: 125 ms.
I0418 09:05:03.789263  6080 data_layer.cpp:129]      Read time: 93.751 ms.
I0418 09:05:03.789263  6080 data_layer.cpp:130] Transform time: 31.25 ms.
I0418 09:05:04.664296  7952 caffe.cpp:314] Batch 3259, accuracy1+2 = 0
I0418 09:05:04.664296  7952 caffe.cpp:314] Batch 3259, accuracy1+2+3 = 1
I0418 09:05:04.804932  6080 data_layer.cpp:128] Prefetch batch: 140 ms.
I0418 09:05:04.804932  6080 data_layer.cpp:129]      Read time: 93.754 ms.
I0418 09:05:04.804932  6080 data_layer.cpp:130] Transform time: 46.882 ms.
I0418 09:05:05.664341  7952 caffe.cpp:314] Batch 3260, accuracy1+2 = 1
I0418 09:05:05.664341  7952 caffe.cpp:314] Batch 3260, accuracy1+2+3 = 1
I0418 09:05:05.773715  6080 data_layer.cpp:128] Prefetch batch: 109 ms.
I0418 09:05:05.773715  6080 data_layer.cpp:129]      Read time: 0 ms.
I0418 09:05:05.773715  6080 data_layer.cpp:130] Transform time: 109.374 ms.
I0418 09:05:06.648757  7952 caffe.cpp:314] Batch 3261, accuracy1+2 = 1
I0418 09:05:06.648757  7952 caffe.cpp:314] Batch 3261, accuracy1+2+3 = 1
I0418 09:05:06.773761  6080 data_layer.cpp:128] Prefetch batch: 125 ms.
I0418 09:05:06.773761  6080 data_layer.cpp:129]      Read time: 78.131 ms.
I0418 09:05:06.773761  6080 data_layer.cpp:130] Transform time: 46.873 ms.
I0418 09:05:07.617537  7952 caffe.cpp:314] Batch 3262, accuracy1+2 = 1
I0418 09:05:07.617537  7952 caffe.cpp:314] Batch 3262, accuracy1+2+3 = 1
I0418 09:05:07.742549  6080 data_layer.cpp:128] Prefetch batch: 125 ms.
I0418 09:05:07.742549  6080 data_layer.cpp:129]      Read time: 93.762 ms.
I0418 09:05:07.742549  6080 data_layer.cpp:130] Transform time: 31.25 ms.
I0418 09:05:08.586331  7952 caffe.cpp:314] Batch 3263, accuracy1+2 = 1
I0418 09:05:08.586331  7952 caffe.cpp:314] Batch 3263, accuracy1+2+3 = 1
I0418 09:05:08.711338  6080 data_layer.cpp:128] Prefetch batch: 125 ms.
I0418 09:05:08.711338  6080 data_layer.cpp:129]      Read time: 93.751 ms.
I0418 09:05:08.711338  6080 data_layer.cpp:130] Transform time: 31.256 ms.
I0418 09:05:09.570739  7952 caffe.cpp:314] Batch 3264, accuracy1+2 = 1
I0418 09:05:09.570739  7952 caffe.cpp:314] Batch 3264, accuracy1+2+3 = 1
I0418 09:05:09.695744  6080 data_layer.cpp:128] Prefetch batch: 125 ms.
I0418 09:05:09.695744  6080 data_layer.cpp:129]      Read time: 78.133 ms.
I0418 09:05:09.695744  6080 data_layer.cpp:130] Transform time: 46.872 ms.
I0418 09:05:10.539528  7952 caffe.cpp:314] Batch 3265, accuracy1+2 = 1
I0418 09:05:10.539528  7952 caffe.cpp:314] Batch 3265, accuracy1+2+3 = 1
I0418 09:05:10.648914  6080 data_layer.cpp:128] Prefetch batch: 109 ms.
I0418 09:05:10.648914  6080 data_layer.cpp:129]      Read time: 0 ms.
I0418 09:05:10.648914  6080 data_layer.cpp:130] Transform time: 109.386 ms.
I0418 09:05:11.508316  7952 caffe.cpp:314] Batch 3266, accuracy1+2 = 0
I0418 09:05:11.508316  7952 caffe.cpp:314] Batch 3266, accuracy1+2+3 = 0
I0418 09:05:11.633321  6080 data_layer.cpp:128] Prefetch batch: 125 ms.
I0418 09:05:11.633321  6080 data_layer.cpp:129]      Read time: 93.76 ms.
I0418 09:05:11.633321  6080 data_layer.cpp:130] Transform time: 31.244 ms.
I0418 09:05:12.492732  7952 caffe.cpp:314] Batch 3267, accuracy1+2 = 1
I0418 09:05:12.492732  7952 caffe.cpp:314] Batch 3267, accuracy1+2+3 = 1
I0418 09:05:12.617741  6080 data_layer.cpp:128] Prefetch batch: 125 ms.
I0418 09:05:12.617741  6080 data_layer.cpp:129]      Read time: 78.132 ms.
I0418 09:05:12.617741  6080 data_layer.cpp:130] Transform time: 46.878 ms.
I0418 09:05:13.461524  7952 caffe.cpp:314] Batch 3268, accuracy1+2 = 0
I0418 09:05:13.461524  7952 caffe.cpp:314] Batch 3268, accuracy1+2+3 = 0
I0418 09:05:13.570899  6080 data_layer.cpp:128] Prefetch batch: 109 ms.
I0418 09:05:13.570899  6080 data_layer.cpp:129]      Read time: 0 ms.
I0418 09:05:13.570899  6080 data_layer.cpp:130] Transform time: 109.375 ms.
I0418 09:05:14.430310  7952 caffe.cpp:314] Batch 3269, accuracy1+2 = 1
I0418 09:05:14.430310  7952 caffe.cpp:314] Batch 3269, accuracy1+2+3 = 1
I0418 09:05:14.570942  6080 data_layer.cpp:128] Prefetch batch: 140 ms.
I0418 09:05:14.570942  6080 data_layer.cpp:129]      Read time: 93.755 ms.
I0418 09:05:14.570942  6080 data_layer.cpp:130] Transform time: 46.878 ms.
I0418 09:05:15.414716  7952 caffe.cpp:314] Batch 3270, accuracy1+2 = 1
I0418 09:05:15.414716  7952 caffe.cpp:314] Batch 3270, accuracy1+2+3 = 1
I0418 09:05:15.539727  6080 data_layer.cpp:128] Prefetch batch: 125 ms.
I0418 09:05:15.539727  6080 data_layer.cpp:129]      Read time: 93.762 ms.
I0418 09:05:15.539727  6080 data_layer.cpp:130] Transform time: 31.249 ms.
I0418 09:05:16.383507  7952 caffe.cpp:314] Batch 3271, accuracy1+2 = 1
I0418 09:05:16.383507  7952 caffe.cpp:314] Batch 3271, accuracy1+2+3 = 1
I0418 09:05:16.508515  6080 data_layer.cpp:128] Prefetch batch: 125 ms.
I0418 09:05:16.508515  6080 data_layer.cpp:129]      Read time: 93.756 ms.
I0418 09:05:16.508515  6080 data_layer.cpp:130] Transform time: 31.253 ms.
I0418 09:05:17.352294  7952 caffe.cpp:314] Batch 3272, accuracy1+2 = 1
I0418 09:05:17.352294  7952 caffe.cpp:314] Batch 3272, accuracy1+2+3 = 1
I0418 09:05:17.492929  6080 data_layer.cpp:128] Prefetch batch: 125 ms.
I0418 09:05:17.492929  6080 data_layer.cpp:129]      Read time: 93.762 ms.
I0418 09:05:17.492929  6080 data_layer.cpp:130] Transform time: 31.247 ms.
I0418 09:05:18.336710  7952 caffe.cpp:314] Batch 3273, accuracy1+2 = 1
I0418 09:05:18.336710  7952 caffe.cpp:314] Batch 3273, accuracy1+2+3 = 1
I0418 09:05:18.446089  6080 data_layer.cpp:128] Prefetch batch: 109 ms.
I0418 09:05:18.446089  6080 data_layer.cpp:129]      Read time: 0 ms.
I0418 09:05:18.446089  6080 data_layer.cpp:130] Transform time: 93.759 ms.
I0418 09:05:19.305500  7952 caffe.cpp:314] Batch 3274, accuracy1+2 = 1
I0418 09:05:19.305500  7952 caffe.cpp:314] Batch 3274, accuracy1+2+3 = 1
I0418 09:05:19.430508  6080 data_layer.cpp:128] Prefetch batch: 125 ms.
I0418 09:05:19.430508  6080 data_layer.cpp:129]      Read time: 78.131 ms.
I0418 09:05:19.430508  6080 data_layer.cpp:130] Transform time: 46.878 ms.
I0418 09:05:20.321166  7952 caffe.cpp:314] Batch 3275, accuracy1+2 = 1
I0418 09:05:20.321166  7952 caffe.cpp:314] Batch 3275, accuracy1+2+3 = 1
I0418 09:05:20.446172  6080 data_layer.cpp:128] Prefetch batch: 125 ms.
I0418 09:05:20.446172  6080 data_layer.cpp:129]      Read time: 93.756 ms.
I0418 09:05:20.446172  6080 data_layer.cpp:130] Transform time: 31.251 ms.
I0418 09:05:21.289955  7952 caffe.cpp:314] Batch 3276, accuracy1+2 = 1
I0418 09:05:21.289955  7952 caffe.cpp:314] Batch 3276, accuracy1+2+3 = 1
I0418 09:05:21.414959  6080 data_layer.cpp:128] Prefetch batch: 125 ms.
I0418 09:05:21.414959  6080 data_layer.cpp:129]      Read time: 93.749 ms.
I0418 09:05:21.414959  6080 data_layer.cpp:130] Transform time: 31.255 ms.
I0418 09:05:22.258744  7952 caffe.cpp:314] Batch 3277, accuracy1+2 = 1
I0418 09:05:22.258744  7952 caffe.cpp:314] Batch 3277, accuracy1+2+3 = 1
I0418 09:05:22.383741  6080 data_layer.cpp:128] Prefetch batch: 124 ms.
I0418 09:05:22.399374  6080 data_layer.cpp:129]      Read time: 93.752 ms.
I0418 09:05:22.399374  6080 data_layer.cpp:130] Transform time: 31.246 ms.
I0418 09:05:23.243156  7952 caffe.cpp:314] Batch 3278, accuracy1+2 = 1
I0418 09:05:23.243156  7952 caffe.cpp:314] Batch 3278, accuracy1+2+3 = 1
I0418 09:05:23.336907  6080 data_layer.cpp:128] Prefetch batch: 93 ms.
I0418 09:05:23.336907  6080 data_layer.cpp:129]      Read time: 0 ms.
I0418 09:05:23.336907  6080 data_layer.cpp:130] Transform time: 93.751 ms.
I0418 09:05:24.211941  7952 caffe.cpp:314] Batch 3279, accuracy1+2 = 0
I0418 09:05:24.211941  7952 caffe.cpp:314] Batch 3279, accuracy1+2+3 = 0
I0418 09:05:24.336947  6080 data_layer.cpp:128] Prefetch batch: 125 ms.
I0418 09:05:24.336947  6080 data_layer.cpp:129]      Read time: 93.757 ms.
I0418 09:05:24.336947  6080 data_layer.cpp:130] Transform time: 31.249 ms.
I0418 09:05:25.180733  7952 caffe.cpp:314] Batch 3280, accuracy1+2 = 1
I0418 09:05:25.180733  7952 caffe.cpp:314] Batch 3280, accuracy1+2+3 = 1
I0418 09:05:25.305737  6080 data_layer.cpp:128] Prefetch batch: 125 ms.
I0418 09:05:25.305737  6080 data_layer.cpp:129]      Read time: 93.749 ms.
I0418 09:05:25.305737  6080 data_layer.cpp:130] Transform time: 31.254 ms.
I0418 09:05:26.165140  7952 caffe.cpp:314] Batch 3281, accuracy1+2 = 1
I0418 09:05:26.165140  7952 caffe.cpp:314] Batch 3281, accuracy1+2+3 = 1
I0418 09:05:26.258898  6080 data_layer.cpp:128] Prefetch batch: 93 ms.
I0418 09:05:26.258898  6080 data_layer.cpp:129]      Read time: 0 ms.
I0418 09:05:26.258898  6080 data_layer.cpp:130] Transform time: 93.757 ms.
I0418 09:05:27.133932  7952 caffe.cpp:314] Batch 3282, accuracy1+2 = 1
I0418 09:05:27.133932  7952 caffe.cpp:314] Batch 3282, accuracy1+2+3 = 1
I0418 09:05:27.258934  6080 data_layer.cpp:128] Prefetch batch: 125 ms.
I0418 09:05:27.258934  6080 data_layer.cpp:129]      Read time: 93.756 ms.
I0418 09:05:27.258934  6080 data_layer.cpp:130] Transform time: 31.245 ms.
I0418 09:05:28.102721  7952 caffe.cpp:314] Batch 3283, accuracy1+2 = 0
I0418 09:05:28.102721  7952 caffe.cpp:314] Batch 3283, accuracy1+2+3 = 0
I0418 09:05:28.227727  6080 data_layer.cpp:128] Prefetch batch: 125 ms.
I0418 09:05:28.227727  6080 data_layer.cpp:129]      Read time: 93.751 ms.
I0418 09:05:28.227727  6080 data_layer.cpp:130] Transform time: 31.255 ms.
I0418 09:05:29.071509  7952 caffe.cpp:314] Batch 3284, accuracy1+2 = 1
I0418 09:05:29.071509  7952 caffe.cpp:314] Batch 3284, accuracy1+2+3 = 1
I0418 09:05:29.196509  6080 data_layer.cpp:128] Prefetch batch: 125 ms.
I0418 09:05:29.196509  6080 data_layer.cpp:129]      Read time: 93.754 ms.
I0418 09:05:29.196509  6080 data_layer.cpp:130] Transform time: 31.246 ms.
I0418 09:05:30.055917  7952 caffe.cpp:314] Batch 3285, accuracy1+2 = 1
I0418 09:05:30.055917  7952 caffe.cpp:314] Batch 3285, accuracy1+2+3 = 1
I0418 09:05:30.180928  6080 data_layer.cpp:128] Prefetch batch: 125 ms.
I0418 09:05:30.180928  6080 data_layer.cpp:129]      Read time: 78.136 ms.
I0418 09:05:30.180928  6080 data_layer.cpp:130] Transform time: 46.875 ms.
I0418 09:05:31.024705  7952 caffe.cpp:314] Batch 3286, accuracy1+2 = 0
I0418 09:05:31.024705  7952 caffe.cpp:314] Batch 3286, accuracy1+2+3 = 0
I0418 09:05:31.134089  6080 data_layer.cpp:128] Prefetch batch: 109 ms.
I0418 09:05:31.134089  6080 data_layer.cpp:129]      Read time: 0 ms.
I0418 09:05:31.134089  6080 data_layer.cpp:130] Transform time: 109.384 ms.
I0418 09:05:31.993494  7952 caffe.cpp:314] Batch 3287, accuracy1+2 = 1
I0418 09:05:31.993494  7952 caffe.cpp:314] Batch 3287, accuracy1+2+3 = 1
I0418 09:05:32.118499  6080 data_layer.cpp:128] Prefetch batch: 125 ms.
I0418 09:05:32.118499  6080 data_layer.cpp:129]      Read time: 93.761 ms.
I0418 09:05:32.118499  6080 data_layer.cpp:130] Transform time: 31.245 ms.
I0418 09:05:32.977907  7952 caffe.cpp:314] Batch 3288, accuracy1+2 = 1
I0418 09:05:32.977907  7952 caffe.cpp:314] Batch 3288, accuracy1+2+3 = 1
I0418 09:05:33.102919  6080 data_layer.cpp:128] Prefetch batch: 125 ms.
I0418 09:05:33.102919  6080 data_layer.cpp:129]      Read time: 93.758 ms.
I0418 09:05:33.102919  6080 data_layer.cpp:130] Transform time: 31.254 ms.
I0418 09:05:33.962324  7952 caffe.cpp:314] Batch 3289, accuracy1+2 = 0
I0418 09:05:33.962324  7952 caffe.cpp:314] Batch 3289, accuracy1+2+3 = 0
I0418 09:05:34.087332  6080 data_layer.cpp:128] Prefetch batch: 125 ms.
I0418 09:05:34.087332  6080 data_layer.cpp:129]      Read time: 78.131 ms.
I0418 09:05:34.087332  6080 data_layer.cpp:130] Transform time: 46.877 ms.
I0418 09:05:34.931110  7952 caffe.cpp:314] Batch 3290, accuracy1+2 = 1
I0418 09:05:34.931110  7952 caffe.cpp:314] Batch 3290, accuracy1+2+3 = 1
I0418 09:05:35.056115  6080 data_layer.cpp:128] Prefetch batch: 125 ms.
I0418 09:05:35.056115  6080 data_layer.cpp:129]      Read time: 93.754 ms.
I0418 09:05:35.056115  6080 data_layer.cpp:130] Transform time: 31.251 ms.
I0418 09:05:35.899900  7952 caffe.cpp:314] Batch 3291, accuracy1+2 = 1
I0418 09:05:35.899900  7952 caffe.cpp:314] Batch 3291, accuracy1+2+3 = 1
I0418 09:05:36.009282  6080 data_layer.cpp:128] Prefetch batch: 109 ms.
I0418 09:05:36.009282  6080 data_layer.cpp:129]      Read time: 0 ms.
I0418 09:05:36.009282  6080 data_layer.cpp:130] Transform time: 109.382 ms.
I0418 09:05:36.884318  7952 caffe.cpp:314] Batch 3292, accuracy1+2 = 1
I0418 09:05:36.884318  7952 caffe.cpp:314] Batch 3292, accuracy1+2+3 = 1
I0418 09:05:37.009323  6080 data_layer.cpp:128] Prefetch batch: 125 ms.
I0418 09:05:37.009323  6080 data_layer.cpp:129]      Read time: 78.127 ms.
I0418 09:05:37.009323  6080 data_layer.cpp:130] Transform time: 46.878 ms.
I0418 09:05:37.853102  7952 caffe.cpp:314] Batch 3293, accuracy1+2 = 1
I0418 09:05:37.853102  7952 caffe.cpp:314] Batch 3293, accuracy1+2+3 = 1
I0418 09:05:37.978111  6080 data_layer.cpp:128] Prefetch batch: 125 ms.
I0418 09:05:37.978111  6080 data_layer.cpp:129]      Read time: 93.754 ms.
I0418 09:05:37.978111  6080 data_layer.cpp:130] Transform time: 31.254 ms.
I0418 09:05:38.821897  7952 caffe.cpp:314] Batch 3294, accuracy1+2 = 1
I0418 09:05:38.821897  7952 caffe.cpp:314] Batch 3294, accuracy1+2+3 = 1
I0418 09:05:38.946899  6080 data_layer.cpp:128] Prefetch batch: 125 ms.
I0418 09:05:38.946899  6080 data_layer.cpp:129]      Read time: 93.748 ms.
I0418 09:05:38.946899  6080 data_layer.cpp:130] Transform time: 31.254 ms.
I0418 09:05:39.806300  7952 caffe.cpp:314] Batch 3295, accuracy1+2 = 1
I0418 09:05:39.806300  7952 caffe.cpp:314] Batch 3295, accuracy1+2+3 = 1
I0418 09:05:39.900055  6080 data_layer.cpp:128] Prefetch batch: 93 ms.
I0418 09:05:39.900055  6080 data_layer.cpp:129]      Read time: 0 ms.
I0418 09:05:39.900055  6080 data_layer.cpp:130] Transform time: 93.755 ms.
I0418 09:05:40.790719  7952 caffe.cpp:314] Batch 3296, accuracy1+2 = 0
I0418 09:05:40.790719  7952 caffe.cpp:314] Batch 3296, accuracy1+2+3 = 0
I0418 09:05:40.915724  6080 data_layer.cpp:128] Prefetch batch: 125 ms.
I0418 09:05:40.931344  6080 data_layer.cpp:129]      Read time: 93.779 ms.
I0418 09:05:40.931344  6080 data_layer.cpp:130] Transform time: 31.227 ms.
I0418 09:05:41.806385  7952 caffe.cpp:314] Batch 3297, accuracy1+2 = 1
I0418 09:05:41.806385  7952 caffe.cpp:314] Batch 3297, accuracy1+2+3 = 1
I0418 09:05:41.931383  6080 data_layer.cpp:128] Prefetch batch: 124 ms.
I0418 09:05:41.931383  6080 data_layer.cpp:129]      Read time: 93.754 ms.
I0418 09:05:41.931383  6080 data_layer.cpp:130] Transform time: 31.244 ms.
I0418 09:05:42.822049  7952 caffe.cpp:314] Batch 3298, accuracy1+2 = 1
I0418 09:05:42.822049  7952 caffe.cpp:314] Batch 3298, accuracy1+2+3 = 1
I0418 09:05:42.947054  6080 data_layer.cpp:128] Prefetch batch: 125 ms.
I0418 09:05:42.947054  6080 data_layer.cpp:129]      Read time: 93.751 ms.
I0418 09:05:42.947054  6080 data_layer.cpp:130] Transform time: 31.254 ms.
I0418 09:05:43.806463  7952 caffe.cpp:314] Batch 3299, accuracy1+2 = 1
I0418 09:05:43.806463  7952 caffe.cpp:314] Batch 3299, accuracy1+2+3 = 1
I0418 09:05:43.931466  6080 data_layer.cpp:128] Prefetch batch: 125 ms.
I0418 09:05:43.931466  6080 data_layer.cpp:129]      Read time: 78.13 ms.
I0418 09:05:43.931466  6080 data_layer.cpp:130] Transform time: 46.874 ms.
I0418 09:05:44.790874  7952 caffe.cpp:314] Batch 3300, accuracy1+2 = 1
I0418 09:05:44.790874  7952 caffe.cpp:314] Batch 3300, accuracy1+2+3 = 1
I0418 09:05:44.915879  6080 data_layer.cpp:128] Prefetch batch: 125 ms.
I0418 09:05:44.915879  6080 data_layer.cpp:129]      Read time: 78.128 ms.
I0418 09:05:44.915879  6080 data_layer.cpp:130] Transform time: 46.878 ms.
I0418 09:05:45.759662  7952 caffe.cpp:314] Batch 3301, accuracy1+2 = 1
I0418 09:05:45.759662  7952 caffe.cpp:314] Batch 3301, accuracy1+2+3 = 1
I0418 09:05:45.869041  6080 data_layer.cpp:128] Prefetch batch: 109 ms.
I0418 09:05:45.869041  6080 data_layer.cpp:129]      Read time: 0 ms.
I0418 09:05:45.869041  6080 data_layer.cpp:130] Transform time: 109.379 ms.
I0418 09:05:46.744065  7952 caffe.cpp:314] Batch 3302, accuracy1+2 = 1
I0418 09:05:46.744065  7952 caffe.cpp:314] Batch 3302, accuracy1+2+3 = 1
I0418 09:05:46.869071  6080 data_layer.cpp:128] Prefetch batch: 125 ms.
I0418 09:05:46.869071  6080 data_layer.cpp:129]      Read time: 93.754 ms.
I0418 09:05:46.869071  6080 data_layer.cpp:130] Transform time: 31.251 ms.
I0418 09:05:47.712853  7952 caffe.cpp:314] Batch 3303, accuracy1+2 = 1
I0418 09:05:47.712853  7952 caffe.cpp:314] Batch 3303, accuracy1+2+3 = 1
I0418 09:05:47.947238  6080 data_layer.cpp:128] Prefetch batch: 234 ms.
I0418 09:05:47.947238  6080 data_layer.cpp:129]      Read time: 218.759 ms.
I0418 09:05:47.947238  6080 data_layer.cpp:130] Transform time: 15.626 ms.
I0418 09:05:48.697268  7952 caffe.cpp:314] Batch 3304, accuracy1+2 = 1
I0418 09:05:48.697268  7952 caffe.cpp:314] Batch 3304, accuracy1+2+3 = 1
I0418 09:05:48.853523  6080 data_layer.cpp:128] Prefetch batch: 156 ms.
I0418 09:05:48.853523  6080 data_layer.cpp:129]      Read time: 125.005 ms.
I0418 09:05:48.853523  6080 data_layer.cpp:130] Transform time: 31.251 ms.
I0418 09:05:49.697317  7952 caffe.cpp:314] Batch 3305, accuracy1+2 = 1
I0418 09:05:49.697317  7952 caffe.cpp:314] Batch 3305, accuracy1+2+3 = 1
I0418 09:05:49.791071  6080 data_layer.cpp:128] Prefetch batch: 93 ms.
I0418 09:05:49.791071  6080 data_layer.cpp:129]      Read time: 0 ms.
I0418 09:05:49.791071  6080 data_layer.cpp:130] Transform time: 93.754 ms.
I0418 09:05:50.666107  7952 caffe.cpp:314] Batch 3306, accuracy1+2 = 1
I0418 09:05:50.666107  7952 caffe.cpp:314] Batch 3306, accuracy1+2+3 = 1
I0418 09:05:50.791106  6080 data_layer.cpp:128] Prefetch batch: 124 ms.
I0418 09:05:50.791106  6080 data_layer.cpp:129]      Read time: 93.746 ms.
I0418 09:05:50.791106  6080 data_layer.cpp:130] Transform time: 31.253 ms.
I0418 09:05:51.650514  7952 caffe.cpp:314] Batch 3307, accuracy1+2 = 1
I0418 09:05:51.650514  7952 caffe.cpp:314] Batch 3307, accuracy1+2+3 = 1
I0418 09:05:51.775518  6080 data_layer.cpp:128] Prefetch batch: 125 ms.
I0418 09:05:51.775518  6080 data_layer.cpp:129]      Read time: 93.761 ms.
I0418 09:05:51.775518  6080 data_layer.cpp:130] Transform time: 31.243 ms.
I0418 09:05:52.619318  7952 caffe.cpp:314] Batch 3308, accuracy1+2 = 1
I0418 09:05:52.619318  7952 caffe.cpp:314] Batch 3308, accuracy1+2+3 = 1
I0418 09:05:52.744307  6080 data_layer.cpp:128] Prefetch batch: 124 ms.
I0418 09:05:52.744307  6080 data_layer.cpp:129]      Read time: 93.74 ms.
I0418 09:05:52.744307  6080 data_layer.cpp:130] Transform time: 31.249 ms.
I0418 09:05:53.603721  7952 caffe.cpp:314] Batch 3309, accuracy1+2 = 0
I0418 09:05:53.603721  7952 caffe.cpp:314] Batch 3309, accuracy1+2+3 = 0
I0418 09:05:53.728723  6080 data_layer.cpp:128] Prefetch batch: 125 ms.
I0418 09:05:53.728723  6080 data_layer.cpp:129]      Read time: 93.749 ms.
I0418 09:05:53.728723  6080 data_layer.cpp:130] Transform time: 31.252 ms.
I0418 09:05:54.588134  7952 caffe.cpp:314] Batch 3310, accuracy1+2 = 1
I0418 09:05:54.588134  7952 caffe.cpp:314] Batch 3310, accuracy1+2+3 = 1
I0418 09:05:54.681882  6080 data_layer.cpp:128] Prefetch batch: 93 ms.
I0418 09:05:54.681882  6080 data_layer.cpp:129]      Read time: 0 ms.
I0418 09:05:54.681882  6080 data_layer.cpp:130] Transform time: 93.749 ms.
I0418 09:05:55.556911  7952 caffe.cpp:314] Batch 3311, accuracy1+2 = 1
I0418 09:05:55.556911  7952 caffe.cpp:314] Batch 3311, accuracy1+2+3 = 1
I0418 09:05:55.681926  6080 data_layer.cpp:128] Prefetch batch: 125 ms.
I0418 09:05:55.681926  6080 data_layer.cpp:129]      Read time: 93.761 ms.
I0418 09:05:55.681926  6080 data_layer.cpp:130] Transform time: 31.254 ms.
I0418 09:05:56.525707  7952 caffe.cpp:314] Batch 3312, accuracy1+2 = 1
I0418 09:05:56.525707  7952 caffe.cpp:314] Batch 3312, accuracy1+2+3 = 1
I0418 09:05:56.666344  6080 data_layer.cpp:128] Prefetch batch: 140 ms.
I0418 09:05:56.666344  6080 data_layer.cpp:129]      Read time: 93.753 ms.
I0418 09:05:56.666344  6080 data_layer.cpp:130] Transform time: 46.885 ms.
I0418 09:05:57.510123  7952 caffe.cpp:314] Batch 3313, accuracy1+2 = 1
I0418 09:05:57.510123  7952 caffe.cpp:314] Batch 3313, accuracy1+2+3 = 1
I0418 09:05:57.635118  6080 data_layer.cpp:128] Prefetch batch: 124 ms.
I0418 09:05:57.635118  6080 data_layer.cpp:129]      Read time: 93.759 ms.
I0418 09:05:57.635118  6080 data_layer.cpp:130] Transform time: 31.236 ms.
I0418 09:05:58.478905  7952 caffe.cpp:314] Batch 3314, accuracy1+2 = 1
I0418 09:05:58.478905  7952 caffe.cpp:314] Batch 3314, accuracy1+2+3 = 1
I0418 09:05:58.588291  6080 data_layer.cpp:128] Prefetch batch: 109 ms.
I0418 09:05:58.588291  6080 data_layer.cpp:129]      Read time: 15.631 ms.
I0418 09:05:58.588291  6080 data_layer.cpp:130] Transform time: 93.755 ms.
I0418 09:05:59.463325  7952 caffe.cpp:314] Batch 3315, accuracy1+2 = 1
I0418 09:05:59.463325  7952 caffe.cpp:314] Batch 3315, accuracy1+2+3 = 1
I0418 09:05:59.588333  6080 data_layer.cpp:128] Prefetch batch: 125 ms.
I0418 09:05:59.588333  6080 data_layer.cpp:129]      Read time: 93.754 ms.
I0418 09:05:59.588333  6080 data_layer.cpp:130] Transform time: 31.255 ms.
I0418 09:06:00.432111  7952 caffe.cpp:314] Batch 3316, accuracy1+2 = 1
I0418 09:06:00.432111  7952 caffe.cpp:314] Batch 3316, accuracy1+2+3 = 1
I0418 09:06:00.557119  6080 data_layer.cpp:128] Prefetch batch: 125 ms.
I0418 09:06:00.557119  6080 data_layer.cpp:129]      Read time: 93.755 ms.
I0418 09:06:00.557119  6080 data_layer.cpp:130] Transform time: 31.253 ms.
I0418 09:06:01.416528  7952 caffe.cpp:314] Batch 3317, accuracy1+2 = 1
I0418 09:06:01.416528  7952 caffe.cpp:314] Batch 3317, accuracy1+2+3 = 1
I0418 09:06:01.541532  6080 data_layer.cpp:128] Prefetch batch: 125 ms.
I0418 09:06:01.541532  6080 data_layer.cpp:129]      Read time: 93.752 ms.
I0418 09:06:01.541532  6080 data_layer.cpp:130] Transform time: 31.252 ms.
I0418 09:06:02.400940  7952 caffe.cpp:314] Batch 3318, accuracy1+2 = 1
I0418 09:06:02.400940  7952 caffe.cpp:314] Batch 3318, accuracy1+2+3 = 1
I0418 09:06:02.510318  6080 data_layer.cpp:128] Prefetch batch: 109 ms.
I0418 09:06:02.510318  6080 data_layer.cpp:129]      Read time: 0 ms.
I0418 09:06:02.510318  6080 data_layer.cpp:130] Transform time: 109.377 ms.
I0418 09:06:03.385354  7952 caffe.cpp:314] Batch 3319, accuracy1+2 = 1
I0418 09:06:03.385354  7952 caffe.cpp:314] Batch 3319, accuracy1+2+3 = 1
I0418 09:06:03.510359  6080 data_layer.cpp:128] Prefetch batch: 125 ms.
I0418 09:06:03.510359  6080 data_layer.cpp:129]      Read time: 78.133 ms.
I0418 09:06:03.510359  6080 data_layer.cpp:130] Transform time: 46.872 ms.
I0418 09:06:04.354142  7952 caffe.cpp:314] Batch 3320, accuracy1+2 = 1
I0418 09:06:04.354142  7952 caffe.cpp:314] Batch 3320, accuracy1+2+3 = 1
I0418 09:06:04.479153  6080 data_layer.cpp:128] Prefetch batch: 125 ms.
I0418 09:06:04.479153  6080 data_layer.cpp:129]      Read time: 93.754 ms.
I0418 09:06:04.479153  6080 data_layer.cpp:130] Transform time: 31.257 ms.
I0418 09:06:05.338553  7952 caffe.cpp:314] Batch 3321, accuracy1+2 = 1
I0418 09:06:05.338553  7952 caffe.cpp:314] Batch 3321, accuracy1+2+3 = 1
I0418 09:06:05.463559  6080 data_layer.cpp:128] Prefetch batch: 125 ms.
I0418 09:06:05.463559  6080 data_layer.cpp:129]      Read time: 93.759 ms.
I0418 09:06:05.463559  6080 data_layer.cpp:130] Transform time: 31.247 ms.
I0418 09:06:06.307344  7952 caffe.cpp:314] Batch 3322, accuracy1+2 = 1
I0418 09:06:06.307344  7952 caffe.cpp:314] Batch 3322, accuracy1+2+3 = 1
I0418 09:06:06.416724  6080 data_layer.cpp:128] Prefetch batch: 109 ms.
I0418 09:06:06.416724  6080 data_layer.cpp:129]      Read time: 0 ms.
I0418 09:06:06.416724  6080 data_layer.cpp:130] Transform time: 109.38 ms.
I0418 09:06:07.291755  7952 caffe.cpp:314] Batch 3323, accuracy1+2 = 1
I0418 09:06:07.291755  7952 caffe.cpp:314] Batch 3323, accuracy1+2+3 = 1
I0418 09:06:07.416760  6080 data_layer.cpp:128] Prefetch batch: 125 ms.
I0418 09:06:07.416760  6080 data_layer.cpp:129]      Read time: 78.132 ms.
I0418 09:06:07.416760  6080 data_layer.cpp:130] Transform time: 46.873 ms.
I0418 09:06:08.260546  7952 caffe.cpp:314] Batch 3324, accuracy1+2 = 1
I0418 09:06:08.260546  7952 caffe.cpp:314] Batch 3324, accuracy1+2+3 = 1
I0418 09:06:08.385545  6080 data_layer.cpp:128] Prefetch batch: 124 ms.
I0418 09:06:08.385545  6080 data_layer.cpp:129]      Read time: 93.755 ms.
I0418 09:06:08.385545  6080 data_layer.cpp:130] Transform time: 31.243 ms.
I0418 09:06:09.244954  7952 caffe.cpp:314] Batch 3325, accuracy1+2 = 1
I0418 09:06:09.244954  7952 caffe.cpp:314] Batch 3325, accuracy1+2+3 = 1
I0418 09:06:09.369969  6080 data_layer.cpp:128] Prefetch batch: 125 ms.
I0418 09:06:09.369969  6080 data_layer.cpp:129]      Read time: 78.132 ms.
I0418 09:06:09.369969  6080 data_layer.cpp:130] Transform time: 46.883 ms.
I0418 09:06:10.213744  7952 caffe.cpp:314] Batch 3326, accuracy1+2 = 0
I0418 09:06:10.213744  7952 caffe.cpp:314] Batch 3326, accuracy1+2+3 = 0
I0418 09:06:10.338752  6080 data_layer.cpp:128] Prefetch batch: 125 ms.
I0418 09:06:10.338752  6080 data_layer.cpp:129]      Read time: 93.753 ms.
I0418 09:06:10.338752  6080 data_layer.cpp:130] Transform time: 31.254 ms.
I0418 09:06:11.182538  7952 caffe.cpp:314] Batch 3327, accuracy1+2 = 1
I0418 09:06:11.182538  7952 caffe.cpp:314] Batch 3327, accuracy1+2+3 = 1
I0418 09:06:11.307538  6080 data_layer.cpp:128] Prefetch batch: 124 ms.
I0418 09:06:11.307538  6080 data_layer.cpp:129]      Read time: 93.746 ms.
I0418 09:06:11.307538  6080 data_layer.cpp:130] Transform time: 31.253 ms.
I0418 09:06:12.166951  7952 caffe.cpp:314] Batch 3328, accuracy1+2 = 0
I0418 09:06:12.166951  7952 caffe.cpp:314] Batch 3328, accuracy1+2+3 = 0
I0418 09:06:12.260704  6080 data_layer.cpp:128] Prefetch batch: 93 ms.
I0418 09:06:12.260704  6080 data_layer.cpp:129]      Read time: 0 ms.
I0418 09:06:12.260704  6080 data_layer.cpp:130] Transform time: 93.752 ms.
I0418 09:06:13.166981  7952 caffe.cpp:314] Batch 3329, accuracy1+2 = 1
I0418 09:06:13.166981  7952 caffe.cpp:314] Batch 3329, accuracy1+2+3 = 1
I0418 09:06:13.291991  6080 data_layer.cpp:128] Prefetch batch: 125 ms.
I0418 09:06:13.291991  6080 data_layer.cpp:129]      Read time: 93.757 ms.
I0418 09:06:13.291991  6080 data_layer.cpp:130] Transform time: 31.253 ms.
I0418 09:06:14.151401  7952 caffe.cpp:314] Batch 3330, accuracy1+2 = 0
I0418 09:06:14.151401  7952 caffe.cpp:314] Batch 3330, accuracy1+2+3 = 0
I0418 09:06:14.276407  6080 data_layer.cpp:128] Prefetch batch: 125 ms.
I0418 09:06:14.276407  6080 data_layer.cpp:129]      Read time: 78.133 ms.
I0418 09:06:14.276407  6080 data_layer.cpp:130] Transform time: 46.873 ms.
I0418 09:06:15.120187  7952 caffe.cpp:314] Batch 3331, accuracy1+2 = 1
I0418 09:06:15.120187  7952 caffe.cpp:314] Batch 3331, accuracy1+2+3 = 1
I0418 09:06:15.245193  6080 data_layer.cpp:128] Prefetch batch: 125 ms.
I0418 09:06:15.245193  6080 data_layer.cpp:129]      Read time: 93.764 ms.
I0418 09:06:15.245193  6080 data_layer.cpp:130] Transform time: 31.242 ms.
I0418 09:06:16.088980  7952 caffe.cpp:314] Batch 3332, accuracy1+2 = 1
I0418 09:06:16.088980  7952 caffe.cpp:314] Batch 3332, accuracy1+2+3 = 1
I0418 09:06:16.198346  6080 data_layer.cpp:128] Prefetch batch: 109 ms.
I0418 09:06:16.198346  6080 data_layer.cpp:129]      Read time: 0 ms.
I0418 09:06:16.198346  6080 data_layer.cpp:130] Transform time: 109.366 ms.
I0418 09:06:17.057768  7952 caffe.cpp:314] Batch 3333, accuracy1+2 = 1
I0418 09:06:17.057768  7952 caffe.cpp:314] Batch 3333, accuracy1+2+3 = 1
I0418 09:06:17.182767  6080 data_layer.cpp:128] Prefetch batch: 124 ms.
I0418 09:06:17.182767  6080 data_layer.cpp:129]      Read time: 93.751 ms.
I0418 09:06:17.182767  6080 data_layer.cpp:130] Transform time: 31.248 ms.
I0418 09:06:18.042178  7952 caffe.cpp:314] Batch 3334, accuracy1+2 = 1
I0418 09:06:18.042178  7952 caffe.cpp:314] Batch 3334, accuracy1+2+3 = 1
I0418 09:06:18.167186  6080 data_layer.cpp:128] Prefetch batch: 125 ms.
I0418 09:06:18.167186  6080 data_layer.cpp:129]      Read time: 78.125 ms.
I0418 09:06:18.167186  6080 data_layer.cpp:130] Transform time: 46.883 ms.
I0418 09:06:19.042246  7952 caffe.cpp:314] Batch 3335, accuracy1+2 = 0
I0418 09:06:19.042246  7952 caffe.cpp:314] Batch 3335, accuracy1+2+3 = 0
I0418 09:06:19.167232  6080 data_layer.cpp:128] Prefetch batch: 124 ms.
I0418 09:06:19.167232  6080 data_layer.cpp:129]      Read time: 62.464 ms.
I0418 09:06:19.167232  6080 data_layer.cpp:130] Transform time: 62.522 ms.
I0418 09:06:20.057878  7952 caffe.cpp:314] Batch 3336, accuracy1+2 = 1
I0418 09:06:20.057878  7952 caffe.cpp:314] Batch 3336, accuracy1+2+3 = 1
I0418 09:06:20.182878  6080 data_layer.cpp:128] Prefetch batch: 124 ms.
I0418 09:06:20.182878  6080 data_layer.cpp:129]      Read time: 31.245 ms.
I0418 09:06:20.182878  6080 data_layer.cpp:130] Transform time: 93.754 ms.
I0418 09:06:21.057919  7952 caffe.cpp:314] Batch 3337, accuracy1+2 = 1
I0418 09:06:21.057919  7952 caffe.cpp:314] Batch 3337, accuracy1+2+3 = 1
I0418 09:06:21.182924  6080 data_layer.cpp:128] Prefetch batch: 125 ms.
I0418 09:06:21.182924  6080 data_layer.cpp:129]      Read time: 93.761 ms.
I0418 09:06:21.182924  6080 data_layer.cpp:130] Transform time: 31.243 ms.
I0418 09:06:22.042338  7952 caffe.cpp:314] Batch 3338, accuracy1+2 = 1
I0418 09:06:22.042338  7952 caffe.cpp:314] Batch 3338, accuracy1+2+3 = 1
I0418 09:06:22.167336  6080 data_layer.cpp:128] Prefetch batch: 124 ms.
I0418 09:06:22.167336  6080 data_layer.cpp:129]      Read time: 78.13 ms.
I0418 09:06:22.167336  6080 data_layer.cpp:130] Transform time: 46.868 ms.
I0418 09:06:23.011118  7952 caffe.cpp:314] Batch 3339, accuracy1+2 = 1
I0418 09:06:23.011118  7952 caffe.cpp:314] Batch 3339, accuracy1+2+3 = 1
I0418 09:06:23.136132  6080 data_layer.cpp:128] Prefetch batch: 125 ms.
I0418 09:06:23.136132  6080 data_layer.cpp:129]      Read time: 93.757 ms.
I0418 09:06:23.136132  6080 data_layer.cpp:130] Transform time: 31.257 ms.
I0418 09:06:23.979914  7952 caffe.cpp:314] Batch 3340, accuracy1+2 = 1
I0418 09:06:23.979914  7952 caffe.cpp:314] Batch 3340, accuracy1+2+3 = 1
I0418 09:06:24.104917  6080 data_layer.cpp:128] Prefetch batch: 125 ms.
I0418 09:06:24.104917  6080 data_layer.cpp:129]      Read time: 93.751 ms.
I0418 09:06:24.104917  6080 data_layer.cpp:130] Transform time: 31.251 ms.
I0418 09:06:24.948699  7952 caffe.cpp:314] Batch 3341, accuracy1+2 = 1
I0418 09:06:24.964321  7952 caffe.cpp:314] Batch 3341, accuracy1+2+3 = 1
I0418 09:06:25.058081  6080 data_layer.cpp:128] Prefetch batch: 93 ms.
I0418 09:06:25.058081  6080 data_layer.cpp:129]      Read time: 0 ms.
I0418 09:06:25.058081  6080 data_layer.cpp:130] Transform time: 93.76 ms.
I0418 09:06:25.933115  7952 caffe.cpp:314] Batch 3342, accuracy1+2 = 0
I0418 09:06:25.933115  7952 caffe.cpp:314] Batch 3342, accuracy1+2+3 = 0
I0418 09:06:26.058117  6080 data_layer.cpp:128] Prefetch batch: 125 ms.
I0418 09:06:26.058117  6080 data_layer.cpp:129]      Read time: 93.76 ms.
I0418 09:06:26.058117  6080 data_layer.cpp:130] Transform time: 31.242 ms.
I0418 09:06:26.901901  7952 caffe.cpp:314] Batch 3343, accuracy1+2 = 1
I0418 09:06:26.901901  7952 caffe.cpp:314] Batch 3343, accuracy1+2+3 = 1
I0418 09:06:27.026906  6080 data_layer.cpp:128] Prefetch batch: 125 ms.
I0418 09:06:27.026906  6080 data_layer.cpp:129]      Read time: 93.75 ms.
I0418 09:06:27.026906  6080 data_layer.cpp:130] Transform time: 31.255 ms.
I0418 09:06:27.870688  7952 caffe.cpp:314] Batch 3344, accuracy1+2 = 1
I0418 09:06:27.870688  7952 caffe.cpp:314] Batch 3344, accuracy1+2+3 = 1
I0418 09:06:28.011317  6080 data_layer.cpp:128] Prefetch batch: 140 ms.
I0418 09:06:28.011317  6080 data_layer.cpp:129]      Read time: 93.755 ms.
I0418 09:06:28.011317  6080 data_layer.cpp:130] Transform time: 46.874 ms.
I0418 09:06:28.855104  7952 caffe.cpp:314] Batch 3345, accuracy1+2 = 1
I0418 09:06:28.855104  7952 caffe.cpp:314] Batch 3345, accuracy1+2+3 = 1
I0418 09:06:28.980111  6080 data_layer.cpp:128] Prefetch batch: 125 ms.
I0418 09:06:28.980111  6080 data_layer.cpp:129]      Read time: 78.125 ms.
I0418 09:06:28.980111  6080 data_layer.cpp:130] Transform time: 46.882 ms.
I0418 09:06:29.823890  7952 caffe.cpp:314] Batch 3346, accuracy1+2 = 0
I0418 09:06:29.823890  7952 caffe.cpp:314] Batch 3346, accuracy1+2+3 = 0
I0418 09:06:29.933269  6080 data_layer.cpp:128] Prefetch batch: 109 ms.
I0418 09:06:29.933269  6080 data_layer.cpp:129]      Read time: 0 ms.
I0418 09:06:29.933269  6080 data_layer.cpp:130] Transform time: 109.379 ms.
I0418 09:06:30.792676  7952 caffe.cpp:314] Batch 3347, accuracy1+2 = 1
I0418 09:06:30.792676  7952 caffe.cpp:314] Batch 3347, accuracy1+2+3 = 1
I0418 09:06:30.917681  6080 data_layer.cpp:128] Prefetch batch: 125 ms.
I0418 09:06:30.917681  6080 data_layer.cpp:129]      Read time: 93.758 ms.
I0418 09:06:30.917681  6080 data_layer.cpp:130] Transform time: 31.247 ms.
I0418 09:06:31.761468  7952 caffe.cpp:314] Batch 3348, accuracy1+2 = 1
I0418 09:06:31.777096  7952 caffe.cpp:314] Batch 3348, accuracy1+2+3 = 1
I0418 09:06:31.902099  6080 data_layer.cpp:128] Prefetch batch: 125 ms.
I0418 09:06:31.902099  6080 data_layer.cpp:129]      Read time: 78.128 ms.
I0418 09:06:31.902099  6080 data_layer.cpp:130] Transform time: 46.876 ms.
I0418 09:06:32.745880  7952 caffe.cpp:314] Batch 3349, accuracy1+2 = 1
I0418 09:06:32.745880  7952 caffe.cpp:314] Batch 3349, accuracy1+2+3 = 1
I0418 09:06:32.870887  6080 data_layer.cpp:128] Prefetch batch: 125 ms.
I0418 09:06:32.870887  6080 data_layer.cpp:129]      Read time: 93.756 ms.
I0418 09:06:32.870887  6080 data_layer.cpp:130] Transform time: 31.251 ms.
I0418 09:06:33.730290  7952 caffe.cpp:314] Batch 3350, accuracy1+2 = 1
I0418 09:06:33.730290  7952 caffe.cpp:314] Batch 3350, accuracy1+2+3 = 1
I0418 09:06:33.855303  6080 data_layer.cpp:128] Prefetch batch: 125 ms.
I0418 09:06:33.855303  6080 data_layer.cpp:129]      Read time: 78.138 ms.
I0418 09:06:33.855303  6080 data_layer.cpp:130] Transform time: 46.874 ms.
I0418 09:06:34.699081  7952 caffe.cpp:314] Batch 3351, accuracy1+2 = 1
I0418 09:06:34.699081  7952 caffe.cpp:314] Batch 3351, accuracy1+2+3 = 1
I0418 09:06:34.824091  6080 data_layer.cpp:128] Prefetch batch: 125 ms.
I0418 09:06:34.824091  6080 data_layer.cpp:129]      Read time: 93.755 ms.
I0418 09:06:34.824091  6080 data_layer.cpp:130] Transform time: 31.255 ms.
I0418 09:06:35.667866  7952 caffe.cpp:314] Batch 3352, accuracy1+2 = 1
I0418 09:06:35.667866  7952 caffe.cpp:314] Batch 3352, accuracy1+2+3 = 1
I0418 09:06:35.777245  6080 data_layer.cpp:128] Prefetch batch: 109 ms.
I0418 09:06:35.777245  6080 data_layer.cpp:129]      Read time: 0 ms.
I0418 09:06:35.777245  6080 data_layer.cpp:130] Transform time: 109.379 ms.
I0418 09:06:36.636657  7952 caffe.cpp:314] Batch 3353, accuracy1+2 = 1
I0418 09:06:36.636657  7952 caffe.cpp:314] Batch 3353, accuracy1+2+3 = 1
I0418 09:06:36.761667  6080 data_layer.cpp:128] Prefetch batch: 125 ms.
I0418 09:06:36.761667  6080 data_layer.cpp:129]      Read time: 93.753 ms.
I0418 09:06:36.761667  6080 data_layer.cpp:130] Transform time: 31.257 ms.
I0418 09:06:37.621073  7952 caffe.cpp:314] Batch 3354, accuracy1+2 = 1
I0418 09:06:37.621073  7952 caffe.cpp:314] Batch 3354, accuracy1+2+3 = 1
I0418 09:06:37.746081  6080 data_layer.cpp:128] Prefetch batch: 125 ms.
I0418 09:06:37.746081  6080 data_layer.cpp:129]      Read time: 78.126 ms.
I0418 09:06:37.746081  6080 data_layer.cpp:130] Transform time: 46.883 ms.
I0418 09:06:38.589857  7952 caffe.cpp:314] Batch 3355, accuracy1+2 = 1
I0418 09:06:38.589857  7952 caffe.cpp:314] Batch 3355, accuracy1+2+3 = 1
I0418 09:06:38.714861  6080 data_layer.cpp:128] Prefetch batch: 125 ms.
I0418 09:06:38.714861  6080 data_layer.cpp:129]      Read time: 93.759 ms.
I0418 09:06:38.714861  6080 data_layer.cpp:130] Transform time: 31.245 ms.
I0418 09:06:39.558651  7952 caffe.cpp:314] Batch 3356, accuracy1+2 = 1
I0418 09:06:39.558651  7952 caffe.cpp:314] Batch 3356, accuracy1+2+3 = 1
I0418 09:06:39.699275  6080 data_layer.cpp:128] Prefetch batch: 140 ms.
I0418 09:06:39.699275  6080 data_layer.cpp:129]      Read time: 93.752 ms.
I0418 09:06:39.699275  6080 data_layer.cpp:130] Transform time: 46.872 ms.
I0418 09:06:40.543059  7952 caffe.cpp:314] Batch 3357, accuracy1+2 = 0
I0418 09:06:40.543059  7952 caffe.cpp:314] Batch 3357, accuracy1+2+3 = 0
I0418 09:06:40.668068  6080 data_layer.cpp:128] Prefetch batch: 125 ms.
I0418 09:06:40.668068  6080 data_layer.cpp:129]      Read time: 93.756 ms.
I0418 09:06:40.668068  6080 data_layer.cpp:130] Transform time: 31.253 ms.
I0418 09:06:41.511850  7952 caffe.cpp:314] Batch 3358, accuracy1+2 = 0
I0418 09:06:41.511850  7952 caffe.cpp:314] Batch 3358, accuracy1+2+3 = 0
I0418 09:06:41.636857  6080 data_layer.cpp:128] Prefetch batch: 125 ms.
I0418 09:06:41.636857  6080 data_layer.cpp:129]      Read time: 93.756 ms.
I0418 09:06:41.636857  6080 data_layer.cpp:130] Transform time: 31.251 ms.
I0418 09:06:42.496265  7952 caffe.cpp:314] Batch 3359, accuracy1+2 = 1
I0418 09:06:42.496265  7952 caffe.cpp:314] Batch 3359, accuracy1+2+3 = 1
I0418 09:06:42.590018  6080 data_layer.cpp:128] Prefetch batch: 93 ms.
I0418 09:06:42.590018  6080 data_layer.cpp:129]      Read time: 0 ms.
I0418 09:06:42.590018  6080 data_layer.cpp:130] Transform time: 93.752 ms.
I0418 09:06:43.465054  7952 caffe.cpp:314] Batch 3360, accuracy1+2 = 0
I0418 09:06:43.465054  7952 caffe.cpp:314] Batch 3360, accuracy1+2+3 = 0
I0418 09:06:43.590054  6080 data_layer.cpp:128] Prefetch batch: 125 ms.
I0418 09:06:43.590054  6080 data_layer.cpp:129]      Read time: 93.748 ms.
I0418 09:06:43.590054  6080 data_layer.cpp:130] Transform time: 31.253 ms.
I0418 09:06:44.449471  7952 caffe.cpp:314] Batch 3361, accuracy1+2 = 0
I0418 09:06:44.449471  7952 caffe.cpp:314] Batch 3361, accuracy1+2+3 = 0
I0418 09:06:44.574473  6080 data_layer.cpp:128] Prefetch batch: 125 ms.
I0418 09:06:44.574473  6080 data_layer.cpp:129]      Read time: 78.124 ms.
I0418 09:06:44.574473  6080 data_layer.cpp:130] Transform time: 46.878 ms.
I0418 09:06:45.418256  7952 caffe.cpp:314] Batch 3362, accuracy1+2 = 1
I0418 09:06:45.418256  7952 caffe.cpp:314] Batch 3362, accuracy1+2+3 = 1
I0418 09:06:45.543270  6080 data_layer.cpp:128] Prefetch batch: 125 ms.
I0418 09:06:45.543270  6080 data_layer.cpp:129]      Read time: 93.753 ms.
I0418 09:06:45.543270  6080 data_layer.cpp:130] Transform time: 31.262 ms.
I0418 09:06:46.387039  7952 caffe.cpp:314] Batch 3363, accuracy1+2 = 0
I0418 09:06:46.387039  7952 caffe.cpp:314] Batch 3363, accuracy1+2+3 = 0
I0418 09:06:46.496418  6080 data_layer.cpp:128] Prefetch batch: 109 ms.
I0418 09:06:46.496418  6080 data_layer.cpp:129]      Read time: 0 ms.
I0418 09:06:46.496418  6080 data_layer.cpp:130] Transform time: 109.379 ms.
I0418 09:06:47.355824  7952 caffe.cpp:314] Batch 3364, accuracy1+2 = 1
I0418 09:06:47.355824  7952 caffe.cpp:314] Batch 3364, accuracy1+2+3 = 1
I0418 09:06:47.496460  6080 data_layer.cpp:128] Prefetch batch: 140 ms.
I0418 09:06:47.496460  6080 data_layer.cpp:129]      Read time: 93.76 ms.
I0418 09:06:47.496460  6080 data_layer.cpp:130] Transform time: 46.876 ms.
I0418 09:06:48.340242  7952 caffe.cpp:314] Batch 3365, accuracy1+2 = 1
I0418 09:06:48.340242  7952 caffe.cpp:314] Batch 3365, accuracy1+2+3 = 1
I0418 09:06:48.465248  6080 data_layer.cpp:128] Prefetch batch: 125 ms.
I0418 09:06:48.465248  6080 data_layer.cpp:129]      Read time: 93.75 ms.
I0418 09:06:48.465248  6080 data_layer.cpp:130] Transform time: 31.256 ms.
I0418 09:06:49.309027  7952 caffe.cpp:314] Batch 3366, accuracy1+2 = 1
I0418 09:06:49.309027  7952 caffe.cpp:314] Batch 3366, accuracy1+2+3 = 1
I0418 09:06:49.434033  6080 data_layer.cpp:128] Prefetch batch: 125 ms.
I0418 09:06:49.434033  6080 data_layer.cpp:129]      Read time: 93.758 ms.
I0418 09:06:49.434033  6080 data_layer.cpp:130] Transform time: 31.248 ms.
I0418 09:06:50.277814  7952 caffe.cpp:314] Batch 3367, accuracy1+2 = 1
I0418 09:06:50.293447  7952 caffe.cpp:314] Batch 3367, accuracy1+2+3 = 1
I0418 09:06:50.418444  6080 data_layer.cpp:128] Prefetch batch: 124 ms.
I0418 09:06:50.418444  6080 data_layer.cpp:129]      Read time: 78.124 ms.
I0418 09:06:50.418444  6080 data_layer.cpp:130] Transform time: 46.874 ms.
I0418 09:06:51.262231  7952 caffe.cpp:314] Batch 3368, accuracy1+2 = 1
I0418 09:06:51.262231  7952 caffe.cpp:314] Batch 3368, accuracy1+2+3 = 1
I0418 09:06:51.387234  6080 data_layer.cpp:128] Prefetch batch: 125 ms.
I0418 09:06:51.387234  6080 data_layer.cpp:129]      Read time: 93.758 ms.
I0418 09:06:51.387234  6080 data_layer.cpp:130] Transform time: 31.245 ms.
I0418 09:06:52.231016  7952 caffe.cpp:314] Batch 3369, accuracy1+2 = 1
I0418 09:06:52.231016  7952 caffe.cpp:314] Batch 3369, accuracy1+2+3 = 1
I0418 09:06:52.356025  6080 data_layer.cpp:128] Prefetch batch: 125 ms.
I0418 09:06:52.356025  6080 data_layer.cpp:129]      Read time: 93.757 ms.
I0418 09:06:52.356025  6080 data_layer.cpp:130] Transform time: 31.252 ms.
I0418 09:06:53.215441  7952 caffe.cpp:314] Batch 3370, accuracy1+2 = 0
I0418 09:06:53.215441  7952 caffe.cpp:314] Batch 3370, accuracy1+2+3 = 0
I0418 09:06:53.309188  6080 data_layer.cpp:128] Prefetch batch: 93 ms.
I0418 09:06:53.309188  6080 data_layer.cpp:129]      Read time: 0 ms.
I0418 09:06:53.309188  6080 data_layer.cpp:130] Transform time: 93.747 ms.
I0418 09:06:54.184224  7952 caffe.cpp:314] Batch 3371, accuracy1+2 = 0
I0418 09:06:54.184224  7952 caffe.cpp:314] Batch 3371, accuracy1+2+3 = 0
I0418 09:06:54.309222  6080 data_layer.cpp:128] Prefetch batch: 124 ms.
I0418 09:06:54.309222  6080 data_layer.cpp:129]      Read time: 78.128 ms.
I0418 09:06:54.309222  6080 data_layer.cpp:130] Transform time: 46.87 ms.
I0418 09:06:55.153007  7952 caffe.cpp:314] Batch 3372, accuracy1+2 = 0
I0418 09:06:55.153007  7952 caffe.cpp:314] Batch 3372, accuracy1+2+3 = 0
I0418 09:06:55.278014  6080 data_layer.cpp:128] Prefetch batch: 125 ms.
I0418 09:06:55.278014  6080 data_layer.cpp:129]      Read time: 93.757 ms.
I0418 09:06:55.278014  6080 data_layer.cpp:130] Transform time: 31.25 ms.
I0418 09:06:56.121793  7952 caffe.cpp:314] Batch 3373, accuracy1+2 = 1
I0418 09:06:56.121793  7952 caffe.cpp:314] Batch 3373, accuracy1+2+3 = 1
I0418 09:06:56.246793  6080 data_layer.cpp:128] Prefetch batch: 124 ms.
I0418 09:06:56.246793  6080 data_layer.cpp:129]      Read time: 93.747 ms.
I0418 09:06:56.246793  6080 data_layer.cpp:130] Transform time: 31.252 ms.
I0418 09:06:57.137450  7952 caffe.cpp:314] Batch 3374, accuracy1+2 = 0
I0418 09:06:57.137450  7952 caffe.cpp:314] Batch 3374, accuracy1+2+3 = 0
I0418 09:06:57.262456  6080 data_layer.cpp:128] Prefetch batch: 125 ms.
I0418 09:06:57.262456  6080 data_layer.cpp:129]      Read time: 93.756 ms.
I0418 09:06:57.262456  6080 data_layer.cpp:130] Transform time: 31.25 ms.
I0418 09:06:58.153126  7952 caffe.cpp:314] Batch 3375, accuracy1+2 = 1
I0418 09:06:58.153126  7952 caffe.cpp:314] Batch 3375, accuracy1+2+3 = 1
I0418 09:06:58.246877  6080 data_layer.cpp:128] Prefetch batch: 93 ms.
I0418 09:06:58.246877  6080 data_layer.cpp:129]      Read time: 0 ms.
I0418 09:06:58.246877  6080 data_layer.cpp:130] Transform time: 93.751 ms.
I0418 09:06:59.121915  7952 caffe.cpp:314] Batch 3376, accuracy1+2 = 1
I0418 09:06:59.121915  7952 caffe.cpp:314] Batch 3376, accuracy1+2+3 = 1
I0418 09:06:59.246918  6080 data_layer.cpp:128] Prefetch batch: 125 ms.
I0418 09:06:59.246918  6080 data_layer.cpp:129]      Read time: 93.755 ms.
I0418 09:06:59.246918  6080 data_layer.cpp:130] Transform time: 31.248 ms.
I0418 09:07:00.090705  7952 caffe.cpp:314] Batch 3377, accuracy1+2 = 1
I0418 09:07:00.090705  7952 caffe.cpp:314] Batch 3377, accuracy1+2+3 = 1
I0418 09:07:00.215709  6080 data_layer.cpp:128] Prefetch batch: 125 ms.
I0418 09:07:00.215709  6080 data_layer.cpp:129]      Read time: 93.755 ms.
I0418 09:07:00.215709  6080 data_layer.cpp:130] Transform time: 31.249 ms.
I0418 09:07:01.059489  7952 caffe.cpp:314] Batch 3378, accuracy1+2 = 1
I0418 09:07:01.059489  7952 caffe.cpp:314] Batch 3378, accuracy1+2+3 = 1
I0418 09:07:01.184497  6080 data_layer.cpp:128] Prefetch batch: 125 ms.
I0418 09:07:01.200120  6080 data_layer.cpp:129]      Read time: 93.758 ms.
I0418 09:07:01.200120  6080 data_layer.cpp:130] Transform time: 31.25 ms.
I0418 09:07:02.043907  7952 caffe.cpp:314] Batch 3379, accuracy1+2 = 0
I0418 09:07:02.043907  7952 caffe.cpp:314] Batch 3379, accuracy1+2+3 = 0
I0418 09:07:02.137660  6080 data_layer.cpp:128] Prefetch batch: 93 ms.
I0418 09:07:02.137660  6080 data_layer.cpp:129]      Read time: 0 ms.
I0418 09:07:02.137660  6080 data_layer.cpp:130] Transform time: 93.752 ms.
I0418 09:07:03.012694  7952 caffe.cpp:314] Batch 3380, accuracy1+2 = 1
I0418 09:07:03.012694  7952 caffe.cpp:314] Batch 3380, accuracy1+2+3 = 1
I0418 09:07:03.137694  6080 data_layer.cpp:128] Prefetch batch: 125 ms.
I0418 09:07:03.137694  6080 data_layer.cpp:129]      Read time: 93.754 ms.
I0418 09:07:03.137694  6080 data_layer.cpp:130] Transform time: 31.246 ms.
I0418 09:07:03.997107  7952 caffe.cpp:314] Batch 3381, accuracy1+2 = 1
I0418 09:07:03.997107  7952 caffe.cpp:314] Batch 3381, accuracy1+2+3 = 1
I0418 09:07:04.122110  6080 data_layer.cpp:128] Prefetch batch: 125 ms.
I0418 09:07:04.122110  6080 data_layer.cpp:129]      Read time: 78.131 ms.
I0418 09:07:04.122110  6080 data_layer.cpp:130] Transform time: 46.873 ms.
I0418 09:07:04.965898  7952 caffe.cpp:314] Batch 3382, accuracy1+2 = 1
I0418 09:07:04.965898  7952 caffe.cpp:314] Batch 3382, accuracy1+2+3 = 1
I0418 09:07:05.090895  6080 data_layer.cpp:128] Prefetch batch: 124 ms.
I0418 09:07:05.090895  6080 data_layer.cpp:129]      Read time: 93.747 ms.
I0418 09:07:05.090895  6080 data_layer.cpp:130] Transform time: 31.25 ms.
I0418 09:07:05.934684  7952 caffe.cpp:314] Batch 3383, accuracy1+2 = 1
I0418 09:07:05.934684  7952 caffe.cpp:314] Batch 3383, accuracy1+2+3 = 1
I0418 09:07:06.044064  6080 data_layer.cpp:128] Prefetch batch: 109 ms.
I0418 09:07:06.044064  6080 data_layer.cpp:129]      Read time: 0 ms.
I0418 09:07:06.044064  6080 data_layer.cpp:130] Transform time: 109.38 ms.
I0418 09:07:06.919098  7952 caffe.cpp:314] Batch 3384, accuracy1+2 = 1
I0418 09:07:06.919098  7952 caffe.cpp:314] Batch 3384, accuracy1+2+3 = 1
I0418 09:07:07.044098  6080 data_layer.cpp:128] Prefetch batch: 125 ms.
I0418 09:07:07.044098  6080 data_layer.cpp:129]      Read time: 93.75 ms.
I0418 09:07:07.044098  6080 data_layer.cpp:130] Transform time: 31.25 ms.
I0418 09:07:07.887881  7952 caffe.cpp:314] Batch 3385, accuracy1+2 = 1
I0418 09:07:07.887881  7952 caffe.cpp:314] Batch 3385, accuracy1+2+3 = 1
I0418 09:07:08.012890  6080 data_layer.cpp:128] Prefetch batch: 125 ms.
I0418 09:07:08.012890  6080 data_layer.cpp:129]      Read time: 93.754 ms.
I0418 09:07:08.012890  6080 data_layer.cpp:130] Transform time: 31.256 ms.
I0418 09:07:08.856674  7952 caffe.cpp:314] Batch 3386, accuracy1+2 = 1
I0418 09:07:08.856674  7952 caffe.cpp:314] Batch 3386, accuracy1+2+3 = 1
I0418 09:07:08.981680  6080 data_layer.cpp:128] Prefetch batch: 125 ms.
I0418 09:07:08.981680  6080 data_layer.cpp:129]      Read time: 93.751 ms.
I0418 09:07:08.981680  6080 data_layer.cpp:130] Transform time: 31.255 ms.
I0418 09:07:09.841090  7952 caffe.cpp:314] Batch 3387, accuracy1+2 = 0
I0418 09:07:09.841090  7952 caffe.cpp:314] Batch 3387, accuracy1+2+3 = 0
I0418 09:07:09.966094  6080 data_layer.cpp:128] Prefetch batch: 125 ms.
I0418 09:07:09.966094  6080 data_layer.cpp:129]      Read time: 93.752 ms.
I0418 09:07:09.966094  6080 data_layer.cpp:130] Transform time: 31.252 ms.
I0418 09:07:10.809876  7952 caffe.cpp:314] Batch 3388, accuracy1+2 = 1
I0418 09:07:10.809876  7952 caffe.cpp:314] Batch 3388, accuracy1+2+3 = 1
I0418 09:07:10.919250  6080 data_layer.cpp:128] Prefetch batch: 109 ms.
I0418 09:07:10.919250  6080 data_layer.cpp:129]      Read time: 0 ms.
I0418 09:07:10.919250  6080 data_layer.cpp:130] Transform time: 109.373 ms.
I0418 09:07:11.778661  7952 caffe.cpp:314] Batch 3389, accuracy1+2 = 1
I0418 09:07:11.778661  7952 caffe.cpp:314] Batch 3389, accuracy1+2+3 = 1
I0418 09:07:11.919288  6080 data_layer.cpp:128] Prefetch batch: 140 ms.
I0418 09:07:11.919288  6080 data_layer.cpp:129]      Read time: 93.753 ms.
I0418 09:07:11.919288  6080 data_layer.cpp:130] Transform time: 46.875 ms.
I0418 09:07:12.763078  7952 caffe.cpp:314] Batch 3390, accuracy1+2 = 0
I0418 09:07:12.763078  7952 caffe.cpp:314] Batch 3390, accuracy1+2+3 = 1
I0418 09:07:12.888077  6080 data_layer.cpp:128] Prefetch batch: 124 ms.
I0418 09:07:12.888077  6080 data_layer.cpp:129]      Read time: 93.752 ms.
I0418 09:07:12.888077  6080 data_layer.cpp:130] Transform time: 31.247 ms.
I0418 09:07:13.731863  7952 caffe.cpp:314] Batch 3391, accuracy1+2 = 1
I0418 09:07:13.731863  7952 caffe.cpp:314] Batch 3391, accuracy1+2+3 = 1
I0418 09:07:13.856865  6080 data_layer.cpp:128] Prefetch batch: 125 ms.
I0418 09:07:13.856865  6080 data_layer.cpp:129]      Read time: 93.752 ms.
I0418 09:07:13.856865  6080 data_layer.cpp:130] Transform time: 31.25 ms.
I0418 09:07:14.700652  7952 caffe.cpp:314] Batch 3392, accuracy1+2 = 0
I0418 09:07:14.700652  7952 caffe.cpp:314] Batch 3392, accuracy1+2+3 = 0
I0418 09:07:14.810030  6080 data_layer.cpp:128] Prefetch batch: 109 ms.
I0418 09:07:14.810030  6080 data_layer.cpp:129]      Read time: 15.621 ms.
I0418 09:07:14.810030  6080 data_layer.cpp:130] Transform time: 93.757 ms.
I0418 09:07:15.685065  7952 caffe.cpp:314] Batch 3393, accuracy1+2 = 1
I0418 09:07:15.685065  7952 caffe.cpp:314] Batch 3393, accuracy1+2+3 = 1
I0418 09:07:15.825691  6080 data_layer.cpp:128] Prefetch batch: 140 ms.
I0418 09:07:15.825691  6080 data_layer.cpp:129]      Read time: 93.754 ms.
I0418 09:07:15.825691  6080 data_layer.cpp:130] Transform time: 46.873 ms.
I0418 09:07:16.669479  7952 caffe.cpp:314] Batch 3394, accuracy1+2 = 1
I0418 09:07:16.669479  7952 caffe.cpp:314] Batch 3394, accuracy1+2+3 = 1
I0418 09:07:16.794492  6080 data_layer.cpp:128] Prefetch batch: 125 ms.
I0418 09:07:16.794492  6080 data_layer.cpp:129]      Read time: 93.752 ms.
I0418 09:07:16.794492  6080 data_layer.cpp:130] Transform time: 31.261 ms.
I0418 09:07:17.638264  7952 caffe.cpp:314] Batch 3395, accuracy1+2 = 1
I0418 09:07:17.638264  7952 caffe.cpp:314] Batch 3395, accuracy1+2+3 = 0
I0418 09:07:17.747647  6080 data_layer.cpp:128] Prefetch batch: 109 ms.
I0418 09:07:17.747647  6080 data_layer.cpp:129]      Read time: 0 ms.
I0418 09:07:17.747647  6080 data_layer.cpp:130] Transform time: 109.382 ms.
I0418 09:07:18.622680  7952 caffe.cpp:314] Batch 3396, accuracy1+2 = 1
I0418 09:07:18.622680  7952 caffe.cpp:314] Batch 3396, accuracy1+2+3 = 1
I0418 09:07:18.747681  6080 data_layer.cpp:128] Prefetch batch: 125 ms.
I0418 09:07:18.747681  6080 data_layer.cpp:129]      Read time: 78.13 ms.
I0418 09:07:18.747681  6080 data_layer.cpp:130] Transform time: 46.871 ms.
I0418 09:07:19.591467  7952 caffe.cpp:314] Batch 3397, accuracy1+2 = 1
I0418 09:07:19.591467  7952 caffe.cpp:314] Batch 3397, accuracy1+2+3 = 1
I0418 09:07:19.716475  6080 data_layer.cpp:128] Prefetch batch: 125 ms.
I0418 09:07:19.716475  6080 data_layer.cpp:129]      Read time: 93.754 ms.
I0418 09:07:19.716475  6080 data_layer.cpp:130] Transform time: 31.254 ms.
I0418 09:07:20.560257  7952 caffe.cpp:314] Batch 3398, accuracy1+2 = 1
I0418 09:07:20.560257  7952 caffe.cpp:314] Batch 3398, accuracy1+2+3 = 1
I0418 09:07:20.685261  6080 data_layer.cpp:128] Prefetch batch: 125 ms.
I0418 09:07:20.685261  6080 data_layer.cpp:129]      Read time: 93.757 ms.
I0418 09:07:20.685261  6080 data_layer.cpp:130] Transform time: 31.247 ms.
I0418 09:07:21.544667  7952 caffe.cpp:314] Batch 3399, accuracy1+2 = 1
I0418 09:07:21.544667  7952 caffe.cpp:314] Batch 3399, accuracy1+2+3 = 1
I0418 09:07:21.638420  6080 data_layer.cpp:128] Prefetch batch: 93 ms.
I0418 09:07:21.638420  6080 data_layer.cpp:129]      Read time: 0 ms.
I0418 09:07:21.638420  6080 data_layer.cpp:130] Transform time: 93.754 ms.
I0418 09:07:22.513453  7952 caffe.cpp:314] Batch 3400, accuracy1+2 = 1
I0418 09:07:22.513453  7952 caffe.cpp:314] Batch 3400, accuracy1+2+3 = 1
I0418 09:07:22.638464  6080 data_layer.cpp:128] Prefetch batch: 125 ms.
I0418 09:07:22.638464  6080 data_layer.cpp:129]      Read time: 93.757 ms.
I0418 09:07:22.638464  6080 data_layer.cpp:130] Transform time: 31.254 ms.
I0418 09:07:23.482244  7952 caffe.cpp:314] Batch 3401, accuracy1+2 = 1
I0418 09:07:23.482244  7952 caffe.cpp:314] Batch 3401, accuracy1+2+3 = 1
I0418 09:07:23.607249  6080 data_layer.cpp:128] Prefetch batch: 125 ms.
I0418 09:07:23.607249  6080 data_layer.cpp:129]      Read time: 93.759 ms.
I0418 09:07:23.607249  6080 data_layer.cpp:130] Transform time: 31.245 ms.
I0418 09:07:24.466658  7952 caffe.cpp:314] Batch 3402, accuracy1+2 = 1
I0418 09:07:24.466658  7952 caffe.cpp:314] Batch 3402, accuracy1+2+3 = 1
I0418 09:07:24.591668  6080 data_layer.cpp:128] Prefetch batch: 125 ms.
I0418 09:07:24.591668  6080 data_layer.cpp:129]      Read time: 93.757 ms.
I0418 09:07:24.591668  6080 data_layer.cpp:130] Transform time: 31.253 ms.
I0418 09:07:25.435449  7952 caffe.cpp:314] Batch 3403, accuracy1+2 = 1
I0418 09:07:25.435449  7952 caffe.cpp:314] Batch 3403, accuracy1+2+3 = 1
I0418 09:07:25.560453  6080 data_layer.cpp:128] Prefetch batch: 125 ms.
I0418 09:07:25.560453  6080 data_layer.cpp:129]      Read time: 93.751 ms.
I0418 09:07:25.560453  6080 data_layer.cpp:130] Transform time: 31.253 ms.
I0418 09:07:26.404233  7952 caffe.cpp:314] Batch 3404, accuracy1+2 = 1
I0418 09:07:26.404233  7952 caffe.cpp:314] Batch 3404, accuracy1+2+3 = 1
I0418 09:07:26.529242  6080 data_layer.cpp:128] Prefetch batch: 125 ms.
I0418 09:07:26.529242  6080 data_layer.cpp:129]      Read time: 93.752 ms.
I0418 09:07:26.529242  6080 data_layer.cpp:130] Transform time: 31.257 ms.
I0418 09:07:27.388648  7952 caffe.cpp:314] Batch 3405, accuracy1+2 = 1
I0418 09:07:27.388648  7952 caffe.cpp:314] Batch 3405, accuracy1+2+3 = 1
I0418 09:07:27.482405  6080 data_layer.cpp:128] Prefetch batch: 93 ms.
I0418 09:07:27.482405  6080 data_layer.cpp:129]      Read time: 0 ms.
I0418 09:07:27.482405  6080 data_layer.cpp:130] Transform time: 93.758 ms.
I0418 09:07:28.357432  7952 caffe.cpp:314] Batch 3406, accuracy1+2 = 1
I0418 09:07:28.357432  7952 caffe.cpp:314] Batch 3406, accuracy1+2+3 = 1
I0418 09:07:28.482439  6080 data_layer.cpp:128] Prefetch batch: 125 ms.
I0418 09:07:28.482439  6080 data_layer.cpp:129]      Read time: 93.761 ms.
I0418 09:07:28.482439  6080 data_layer.cpp:130] Transform time: 31.245 ms.
I0418 09:07:29.326225  7952 caffe.cpp:314] Batch 3407, accuracy1+2 = 1
I0418 09:07:29.326225  7952 caffe.cpp:314] Batch 3407, accuracy1+2+3 = 1
I0418 09:07:29.451227  6080 data_layer.cpp:128] Prefetch batch: 125 ms.
I0418 09:07:29.451227  6080 data_layer.cpp:129]      Read time: 93.751 ms.
I0418 09:07:29.451227  6080 data_layer.cpp:130] Transform time: 31.251 ms.
I0418 09:07:30.310642  7952 caffe.cpp:314] Batch 3408, accuracy1+2 = 1
I0418 09:07:30.310642  7952 caffe.cpp:314] Batch 3408, accuracy1+2+3 = 1
I0418 09:07:30.435645  6080 data_layer.cpp:128] Prefetch batch: 125 ms.
I0418 09:07:30.435645  6080 data_layer.cpp:129]      Read time: 78.123 ms.
I0418 09:07:30.435645  6080 data_layer.cpp:130] Transform time: 46.881 ms.
I0418 09:07:31.279428  7952 caffe.cpp:314] Batch 3409, accuracy1+2 = 1
I0418 09:07:31.279428  7952 caffe.cpp:314] Batch 3409, accuracy1+2+3 = 1
I0418 09:07:31.404433  6080 data_layer.cpp:128] Prefetch batch: 125 ms.
I0418 09:07:31.404433  6080 data_layer.cpp:129]      Read time: 93.755 ms.
I0418 09:07:31.404433  6080 data_layer.cpp:130] Transform time: 31.251 ms.
I0418 09:07:32.248216  7952 caffe.cpp:314] Batch 3410, accuracy1+2 = 1
I0418 09:07:32.248216  7952 caffe.cpp:314] Batch 3410, accuracy1+2+3 = 1
I0418 09:07:32.357597  6080 data_layer.cpp:128] Prefetch batch: 109 ms.
I0418 09:07:32.357597  6080 data_layer.cpp:129]      Read time: 0 ms.
I0418 09:07:32.357597  6080 data_layer.cpp:130] Transform time: 109.381 ms.
I0418 09:07:33.232628  7952 caffe.cpp:314] Batch 3411, accuracy1+2 = 1
I0418 09:07:33.232628  7952 caffe.cpp:314] Batch 3411, accuracy1+2+3 = 1
I0418 09:07:33.357631  6080 data_layer.cpp:128] Prefetch batch: 125 ms.
I0418 09:07:33.357631  6080 data_layer.cpp:129]      Read time: 93.758 ms.
I0418 09:07:33.357631  6080 data_layer.cpp:130] Transform time: 31.245 ms.
I0418 09:07:34.248296  7952 caffe.cpp:314] Batch 3412, accuracy1+2 = 0
I0418 09:07:34.248296  7952 caffe.cpp:314] Batch 3412, accuracy1+2+3 = 0
I0418 09:07:34.373301  6080 data_layer.cpp:128] Prefetch batch: 125 ms.
I0418 09:07:34.373301  6080 data_layer.cpp:129]      Read time: 93.757 ms.
I0418 09:07:34.373301  6080 data_layer.cpp:130] Transform time: 31.248 ms.
I0418 09:07:35.248329  7952 caffe.cpp:314] Batch 3413, accuracy1+2 = 1
I0418 09:07:35.248329  7952 caffe.cpp:314] Batch 3413, accuracy1+2+3 = 1
I0418 09:07:35.373337  6080 data_layer.cpp:128] Prefetch batch: 125 ms.
I0418 09:07:35.373337  6080 data_layer.cpp:129]      Read time: 93.757 ms.
I0418 09:07:35.373337  6080 data_layer.cpp:130] Transform time: 31.25 ms.
I0418 09:07:36.217116  7952 caffe.cpp:314] Batch 3414, accuracy1+2 = 1
I0418 09:07:36.217116  7952 caffe.cpp:314] Batch 3414, accuracy1+2+3 = 1
I0418 09:07:36.342128  6080 data_layer.cpp:128] Prefetch batch: 125 ms.
I0418 09:07:36.342128  6080 data_layer.cpp:129]      Read time: 93.757 ms.
I0418 09:07:36.342128  6080 data_layer.cpp:130] Transform time: 31.255 ms.
I0418 09:07:37.201534  7952 caffe.cpp:314] Batch 3415, accuracy1+2 = 0
I0418 09:07:37.201534  7952 caffe.cpp:314] Batch 3415, accuracy1+2+3 = 0
I0418 09:07:37.295285  6080 data_layer.cpp:128] Prefetch batch: 93 ms.
I0418 09:07:37.295285  6080 data_layer.cpp:129]      Read time: 0 ms.
I0418 09:07:37.295285  6080 data_layer.cpp:130] Transform time: 93.752 ms.
I0418 09:07:38.170318  7952 caffe.cpp:314] Batch 3416, accuracy1+2 = 0
I0418 09:07:38.170318  7952 caffe.cpp:314] Batch 3416, accuracy1+2+3 = 0
I0418 09:07:38.295328  6080 data_layer.cpp:128] Prefetch batch: 125 ms.
I0418 09:07:38.295328  6080 data_layer.cpp:129]      Read time: 93.761 ms.
I0418 09:07:38.295328  6080 data_layer.cpp:130] Transform time: 31.249 ms.
I0418 09:07:39.139113  7952 caffe.cpp:314] Batch 3417, accuracy1+2 = 1
I0418 09:07:39.139113  7952 caffe.cpp:314] Batch 3417, accuracy1+2+3 = 1
I0418 09:07:39.264113  6080 data_layer.cpp:128] Prefetch batch: 125 ms.
I0418 09:07:39.264113  6080 data_layer.cpp:129]      Read time: 93.753 ms.
I0418 09:07:39.264113  6080 data_layer.cpp:130] Transform time: 31.247 ms.
I0418 09:07:40.123522  7952 caffe.cpp:314] Batch 3418, accuracy1+2 = 0
I0418 09:07:40.123522  7952 caffe.cpp:314] Batch 3418, accuracy1+2+3 = 0
I0418 09:07:40.248527  6080 data_layer.cpp:128] Prefetch batch: 125 ms.
I0418 09:07:40.248527  6080 data_layer.cpp:129]      Read time: 78.133 ms.
I0418 09:07:40.248527  6080 data_layer.cpp:130] Transform time: 46.872 ms.
I0418 09:07:41.092314  7952 caffe.cpp:314] Batch 3419, accuracy1+2 = 1
I0418 09:07:41.092314  7952 caffe.cpp:314] Batch 3419, accuracy1+2+3 = 1
I0418 09:07:41.217314  6080 data_layer.cpp:128] Prefetch batch: 124 ms.
I0418 09:07:41.217314  6080 data_layer.cpp:129]      Read time: 93.747 ms.
I0418 09:07:41.232941  6080 data_layer.cpp:130] Transform time: 31.252 ms.
I0418 09:07:42.076726  7952 caffe.cpp:314] Batch 3420, accuracy1+2 = 1
I0418 09:07:42.076726  7952 caffe.cpp:314] Batch 3420, accuracy1+2+3 = 1
I0418 09:07:42.201725  6080 data_layer.cpp:128] Prefetch batch: 124 ms.
I0418 09:07:42.201725  6080 data_layer.cpp:129]      Read time: 93.749 ms.
I0418 09:07:42.201725  6080 data_layer.cpp:130] Transform time: 31.25 ms.
I0418 09:07:43.045514  7952 caffe.cpp:314] Batch 3421, accuracy1+2 = 1
I0418 09:07:43.045514  7952 caffe.cpp:314] Batch 3421, accuracy1+2+3 = 1
I0418 09:07:43.154893  6080 data_layer.cpp:128] Prefetch batch: 109 ms.
I0418 09:07:43.154893  6080 data_layer.cpp:129]      Read time: 15.619 ms.
I0418 09:07:43.154893  6080 data_layer.cpp:130] Transform time: 93.76 ms.
I0418 09:07:44.029927  7952 caffe.cpp:314] Batch 3422, accuracy1+2 = 1
I0418 09:07:44.029927  7952 caffe.cpp:314] Batch 3422, accuracy1+2+3 = 1
I0418 09:07:44.154930  6080 data_layer.cpp:128] Prefetch batch: 125 ms.
I0418 09:07:44.154930  6080 data_layer.cpp:129]      Read time: 93.749 ms.
I0418 09:07:44.154930  6080 data_layer.cpp:130] Transform time: 31.254 ms.
I0418 09:07:44.998713  7952 caffe.cpp:314] Batch 3423, accuracy1+2 = 0
I0418 09:07:44.998713  7952 caffe.cpp:314] Batch 3423, accuracy1+2+3 = 0
I0418 09:07:45.123718  6080 data_layer.cpp:128] Prefetch batch: 125 ms.
I0418 09:07:45.123718  6080 data_layer.cpp:129]      Read time: 93.759 ms.
I0418 09:07:45.123718  6080 data_layer.cpp:130] Transform time: 31.247 ms.
I0418 09:07:45.983126  7952 caffe.cpp:314] Batch 3424, accuracy1+2 = 1
I0418 09:07:45.983126  7952 caffe.cpp:314] Batch 3424, accuracy1+2+3 = 1
I0418 09:07:46.108135  6080 data_layer.cpp:128] Prefetch batch: 125 ms.
I0418 09:07:46.108135  6080 data_layer.cpp:129]      Read time: 78.126 ms.
I0418 09:07:46.108135  6080 data_layer.cpp:130] Transform time: 46.883 ms.
I0418 09:07:46.951918  7952 caffe.cpp:314] Batch 3425, accuracy1+2 = 1
I0418 09:07:46.951918  7952 caffe.cpp:314] Batch 3425, accuracy1+2+3 = 1
I0418 09:07:47.076921  6080 data_layer.cpp:128] Prefetch batch: 125 ms.
I0418 09:07:47.076921  6080 data_layer.cpp:129]      Read time: 93.754 ms.
I0418 09:07:47.076921  6080 data_layer.cpp:130] Transform time: 31.249 ms.
I0418 09:07:47.920707  7952 caffe.cpp:314] Batch 3426, accuracy1+2 = 1
I0418 09:07:47.920707  7952 caffe.cpp:314] Batch 3426, accuracy1+2+3 = 1
I0418 09:07:48.045706  6080 data_layer.cpp:128] Prefetch batch: 124 ms.
I0418 09:07:48.045706  6080 data_layer.cpp:129]      Read time: 93.748 ms.
I0418 09:07:48.045706  6080 data_layer.cpp:130] Transform time: 31.25 ms.
I0418 09:07:48.905119  7952 caffe.cpp:314] Batch 3427, accuracy1+2 = 1
I0418 09:07:48.905119  7952 caffe.cpp:314] Batch 3427, accuracy1+2+3 = 1
I0418 09:07:48.998872  6080 data_layer.cpp:128] Prefetch batch: 93 ms.
I0418 09:07:48.998872  6080 data_layer.cpp:129]      Read time: 0 ms.
I0418 09:07:48.998872  6080 data_layer.cpp:130] Transform time: 93.752 ms.
I0418 09:07:49.873908  7952 caffe.cpp:314] Batch 3428, accuracy1+2 = 1
I0418 09:07:49.873908  7952 caffe.cpp:314] Batch 3428, accuracy1+2+3 = 1
I0418 09:07:50.014533  6080 data_layer.cpp:128] Prefetch batch: 140 ms.
I0418 09:07:50.014533  6080 data_layer.cpp:129]      Read time: 93.753 ms.
I0418 09:07:50.014533  6080 data_layer.cpp:130] Transform time: 46.872 ms.
I0418 09:07:50.858319  7952 caffe.cpp:314] Batch 3429, accuracy1+2 = 0
I0418 09:07:50.858319  7952 caffe.cpp:314] Batch 3429, accuracy1+2+3 = 0
I0418 09:07:50.983321  6080 data_layer.cpp:128] Prefetch batch: 125 ms.
I0418 09:07:50.983321  6080 data_layer.cpp:129]      Read time: 93.758 ms.
I0418 09:07:50.983321  6080 data_layer.cpp:130] Transform time: 31.245 ms.
I0418 09:07:51.827103  7952 caffe.cpp:314] Batch 3430, accuracy1+2 = 1
I0418 09:07:51.827103  7952 caffe.cpp:314] Batch 3430, accuracy1+2+3 = 1
I0418 09:07:51.952112  6080 data_layer.cpp:128] Prefetch batch: 125 ms.
I0418 09:07:51.952112  6080 data_layer.cpp:129]      Read time: 93.757 ms.
I0418 09:07:51.952112  6080 data_layer.cpp:130] Transform time: 31.252 ms.
I0418 09:07:52.811522  7952 caffe.cpp:314] Batch 3431, accuracy1+2 = 1
I0418 09:07:52.811522  7952 caffe.cpp:314] Batch 3431, accuracy1+2+3 = 1
I0418 09:07:52.936528  6080 data_layer.cpp:128] Prefetch batch: 125 ms.
I0418 09:07:52.936528  6080 data_layer.cpp:129]      Read time: 78.124 ms.
I0418 09:07:52.936528  6080 data_layer.cpp:130] Transform time: 46.882 ms.
I0418 09:07:53.780313  7952 caffe.cpp:314] Batch 3432, accuracy1+2 = 1
I0418 09:07:53.780313  7952 caffe.cpp:314] Batch 3432, accuracy1+2+3 = 1
I0418 09:07:53.874063  6080 data_layer.cpp:128] Prefetch batch: 93 ms.
I0418 09:07:53.874063  6080 data_layer.cpp:129]      Read time: 0 ms.
I0418 09:07:53.889685  6080 data_layer.cpp:130] Transform time: 93.751 ms.
I0418 09:07:54.749096  7952 caffe.cpp:314] Batch 3433, accuracy1+2 = 1
I0418 09:07:54.749096  7952 caffe.cpp:314] Batch 3433, accuracy1+2+3 = 1
I0418 09:07:54.874100  6080 data_layer.cpp:128] Prefetch batch: 125 ms.
I0418 09:07:54.874100  6080 data_layer.cpp:129]      Read time: 93.754 ms.
I0418 09:07:54.874100  6080 data_layer.cpp:130] Transform time: 31.25 ms.
I0418 09:07:55.717887  7952 caffe.cpp:314] Batch 3434, accuracy1+2 = 1
I0418 09:07:55.717887  7952 caffe.cpp:314] Batch 3434, accuracy1+2+3 = 1
I0418 09:07:55.842891  6080 data_layer.cpp:128] Prefetch batch: 125 ms.
I0418 09:07:55.842891  6080 data_layer.cpp:129]      Read time: 93.749 ms.
I0418 09:07:55.842891  6080 data_layer.cpp:130] Transform time: 31.255 ms.
I0418 09:07:56.702301  7952 caffe.cpp:314] Batch 3435, accuracy1+2 = 1
I0418 09:07:56.702301  7952 caffe.cpp:314] Batch 3435, accuracy1+2+3 = 1
I0418 09:07:56.827302  6080 data_layer.cpp:128] Prefetch batch: 125 ms.
I0418 09:07:56.827302  6080 data_layer.cpp:129]      Read time: 78.123 ms.
I0418 09:07:56.827302  6080 data_layer.cpp:130] Transform time: 46.878 ms.
I0418 09:07:57.671085  7952 caffe.cpp:314] Batch 3436, accuracy1+2 = 1
I0418 09:07:57.671085  7952 caffe.cpp:314] Batch 3436, accuracy1+2+3 = 1
I0418 09:07:57.796087  6080 data_layer.cpp:128] Prefetch batch: 125 ms.
I0418 09:07:57.796087  6080 data_layer.cpp:129]      Read time: 93.756 ms.
I0418 09:07:57.796087  6080 data_layer.cpp:130] Transform time: 31.246 ms.
I0418 09:07:58.639871  7952 caffe.cpp:314] Batch 3437, accuracy1+2 = 0
I0418 09:07:58.639871  7952 caffe.cpp:314] Batch 3437, accuracy1+2+3 = 0
I0418 09:07:58.749256  6080 data_layer.cpp:128] Prefetch batch: 109 ms.
I0418 09:07:58.749256  6080 data_layer.cpp:129]      Read time: 0 ms.
I0418 09:07:58.749256  6080 data_layer.cpp:130] Transform time: 109.385 ms.
I0418 09:07:59.608664  7952 caffe.cpp:314] Batch 3438, accuracy1+2 = 0
I0418 09:07:59.608664  7952 caffe.cpp:314] Batch 3438, accuracy1+2+3 = 0
I0418 09:07:59.749295  6080 data_layer.cpp:128] Prefetch batch: 140 ms.
I0418 09:07:59.749295  6080 data_layer.cpp:129]      Read time: 93.751 ms.
I0418 09:07:59.749295  6080 data_layer.cpp:130] Transform time: 46.88 ms.
I0418 09:08:00.593080  7952 caffe.cpp:314] Batch 3439, accuracy1+2 = 1
I0418 09:08:00.593080  7952 caffe.cpp:314] Batch 3439, accuracy1+2+3 = 1
I0418 09:08:00.718080  6080 data_layer.cpp:128] Prefetch batch: 124 ms.
I0418 09:08:00.718080  6080 data_layer.cpp:129]      Read time: 93.752 ms.
I0418 09:08:00.718080  6080 data_layer.cpp:130] Transform time: 31.247 ms.
I0418 09:08:01.561866  7952 caffe.cpp:314] Batch 3440, accuracy1+2 = 0
I0418 09:08:01.561866  7952 caffe.cpp:314] Batch 3440, accuracy1+2+3 = 0
I0418 09:08:01.686864  6080 data_layer.cpp:128] Prefetch batch: 124 ms.
I0418 09:08:01.686864  6080 data_layer.cpp:129]      Read time: 93.754 ms.
I0418 09:08:01.686864  6080 data_layer.cpp:130] Transform time: 31.244 ms.
I0418 09:08:02.530661  7952 caffe.cpp:314] Batch 3441, accuracy1+2 = 1
I0418 09:08:02.530661  7952 caffe.cpp:314] Batch 3441, accuracy1+2+3 = 1
I0418 09:08:02.640033  6080 data_layer.cpp:128] Prefetch batch: 109 ms.
I0418 09:08:02.640033  6080 data_layer.cpp:129]      Read time: 0 ms.
I0418 09:08:02.640033  6080 data_layer.cpp:130] Transform time: 109.371 ms.
I0418 09:08:03.515065  7952 caffe.cpp:314] Batch 3442, accuracy1+2 = 1
I0418 09:08:03.515065  7952 caffe.cpp:314] Batch 3442, accuracy1+2+3 = 1
I0418 09:08:03.640069  6080 data_layer.cpp:128] Prefetch batch: 125 ms.
I0418 09:08:03.640069  6080 data_layer.cpp:129]      Read time: 78.127 ms.
I0418 09:08:03.640069  6080 data_layer.cpp:130] Transform time: 46.877 ms.
I0418 09:08:04.483855  7952 caffe.cpp:314] Batch 3443, accuracy1+2 = 1
I0418 09:08:04.483855  7952 caffe.cpp:314] Batch 3443, accuracy1+2+3 = 1
I0418 09:08:04.608855  6080 data_layer.cpp:128] Prefetch batch: 125 ms.
I0418 09:08:04.608855  6080 data_layer.cpp:129]      Read time: 93.743 ms.
I0418 09:08:04.608855  6080 data_layer.cpp:130] Transform time: 31.258 ms.
I0418 09:08:05.452644  7952 caffe.cpp:314] Batch 3444, accuracy1+2 = 1
I0418 09:08:05.452644  7952 caffe.cpp:314] Batch 3444, accuracy1+2+3 = 1
I0418 09:08:05.593274  6080 data_layer.cpp:128] Prefetch batch: 140 ms.
I0418 09:08:05.593274  6080 data_layer.cpp:129]      Read time: 93.754 ms.
I0418 09:08:05.593274  6080 data_layer.cpp:130] Transform time: 46.876 ms.
I0418 09:08:06.437058  7952 caffe.cpp:314] Batch 3445, accuracy1+2 = 1
I0418 09:08:06.437058  7952 caffe.cpp:314] Batch 3445, accuracy1+2+3 = 1
I0418 09:08:06.530805  6080 data_layer.cpp:128] Prefetch batch: 93 ms.
I0418 09:08:06.530805  6080 data_layer.cpp:129]      Read time: 0 ms.
I0418 09:08:06.530805  6080 data_layer.cpp:130] Transform time: 93.747 ms.
I0418 09:08:07.405848  7952 caffe.cpp:314] Batch 3446, accuracy1+2 = 1
I0418 09:08:07.405848  7952 caffe.cpp:314] Batch 3446, accuracy1+2+3 = 1
I0418 09:08:07.530854  6080 data_layer.cpp:128] Prefetch batch: 125 ms.
I0418 09:08:07.530854  6080 data_layer.cpp:129]      Read time: 93.749 ms.
I0418 09:08:07.530854  6080 data_layer.cpp:130] Transform time: 31.258 ms.
I0418 09:08:08.374634  7952 caffe.cpp:314] Batch 3447, accuracy1+2 = 1
I0418 09:08:08.374634  7952 caffe.cpp:314] Batch 3447, accuracy1+2+3 = 1
I0418 09:08:08.499632  6080 data_layer.cpp:128] Prefetch batch: 124 ms.
I0418 09:08:08.499632  6080 data_layer.cpp:129]      Read time: 93.748 ms.
I0418 09:08:08.499632  6080 data_layer.cpp:130] Transform time: 31.251 ms.
I0418 09:08:09.343417  7952 caffe.cpp:314] Batch 3448, accuracy1+2 = 1
I0418 09:08:09.343417  7952 caffe.cpp:314] Batch 3448, accuracy1+2+3 = 1
I0418 09:08:09.484050  6080 data_layer.cpp:128] Prefetch batch: 140 ms.
I0418 09:08:09.484050  6080 data_layer.cpp:129]      Read time: 93.757 ms.
I0418 09:08:09.484050  6080 data_layer.cpp:130] Transform time: 46.876 ms.
I0418 09:08:10.327822  7952 caffe.cpp:314] Batch 3449, accuracy1+2 = 1
I0418 09:08:10.327822  7952 caffe.cpp:314] Batch 3449, accuracy1+2+3 = 1
I0418 09:08:10.452827  6080 data_layer.cpp:128] Prefetch batch: 125 ms.
I0418 09:08:10.452827  6080 data_layer.cpp:129]      Read time: 93.754 ms.
I0418 09:08:10.452827  6080 data_layer.cpp:130] Transform time: 31.251 ms.
I0418 09:08:11.343487  7952 caffe.cpp:314] Batch 3450, accuracy1+2 = 1
I0418 09:08:11.343487  7952 caffe.cpp:314] Batch 3450, accuracy1+2+3 = 1
I0418 09:08:11.468497  6080 data_layer.cpp:128] Prefetch batch: 125 ms.
I0418 09:08:11.468497  6080 data_layer.cpp:129]      Read time: 93.758 ms.
I0418 09:08:11.468497  6080 data_layer.cpp:130] Transform time: 31.252 ms.
I0418 09:08:12.343534  7952 caffe.cpp:314] Batch 3451, accuracy1+2 = 1
I0418 09:08:12.343534  7952 caffe.cpp:314] Batch 3451, accuracy1+2+3 = 1
I0418 09:08:12.437288  6080 data_layer.cpp:128] Prefetch batch: 93 ms.
I0418 09:08:12.437288  6080 data_layer.cpp:129]      Read time: 0 ms.
I0418 09:08:12.452915  6080 data_layer.cpp:130] Transform time: 93.753 ms.
I0418 09:08:13.312319  7952 caffe.cpp:314] Batch 3452, accuracy1+2 = 1
I0418 09:08:13.312319  7952 caffe.cpp:314] Batch 3452, accuracy1+2+3 = 1
I0418 09:08:13.437325  6080 data_layer.cpp:128] Prefetch batch: 125 ms.
I0418 09:08:13.437325  6080 data_layer.cpp:129]      Read time: 93.765 ms.
I0418 09:08:13.437325  6080 data_layer.cpp:130] Transform time: 31.24 ms.
I0418 09:08:14.281111  7952 caffe.cpp:314] Batch 3453, accuracy1+2 = 1
I0418 09:08:14.281111  7952 caffe.cpp:314] Batch 3453, accuracy1+2+3 = 1
I0418 09:08:14.406121  6080 data_layer.cpp:128] Prefetch batch: 125 ms.
I0418 09:08:14.406121  6080 data_layer.cpp:129]      Read time: 93.752 ms.
I0418 09:08:14.406121  6080 data_layer.cpp:130] Transform time: 31.258 ms.
I0418 09:08:15.265525  7952 caffe.cpp:314] Batch 3454, accuracy1+2 = 0
I0418 09:08:15.265525  7952 caffe.cpp:314] Batch 3454, accuracy1+2+3 = 0
I0418 09:08:15.390530  6080 data_layer.cpp:128] Prefetch batch: 125 ms.
I0418 09:08:15.390530  6080 data_layer.cpp:129]      Read time: 93.755 ms.
I0418 09:08:15.390530  6080 data_layer.cpp:130] Transform time: 31.25 ms.
I0418 09:08:16.234313  7952 caffe.cpp:314] Batch 3455, accuracy1+2 = 0
I0418 09:08:16.234313  7952 caffe.cpp:314] Batch 3455, accuracy1+2+3 = 0
I0418 09:08:16.343699  6080 data_layer.cpp:128] Prefetch batch: 109 ms.
I0418 09:08:16.343699  6080 data_layer.cpp:129]      Read time: 0 ms.
I0418 09:08:16.343699  6080 data_layer.cpp:130] Transform time: 109.386 ms.
I0418 09:08:17.203104  7952 caffe.cpp:314] Batch 3456, accuracy1+2 = 1
I0418 09:08:17.203104  7952 caffe.cpp:314] Batch 3456, accuracy1+2+3 = 1
I0418 09:08:17.328115  6080 data_layer.cpp:128] Prefetch batch: 125 ms.
I0418 09:08:17.328115  6080 data_layer.cpp:129]      Read time: 93.755 ms.
I0418 09:08:17.328115  6080 data_layer.cpp:130] Transform time: 31.256 ms.
I0418 09:08:18.187520  7952 caffe.cpp:314] Batch 3457, accuracy1+2 = 1
I0418 09:08:18.187520  7952 caffe.cpp:314] Batch 3457, accuracy1+2+3 = 1
I0418 09:08:18.312525  6080 data_layer.cpp:128] Prefetch batch: 125 ms.
I0418 09:08:18.312525  6080 data_layer.cpp:129]      Read time: 78.121 ms.
I0418 09:08:18.312525  6080 data_layer.cpp:130] Transform time: 46.884 ms.
I0418 09:08:19.156308  7952 caffe.cpp:314] Batch 3458, accuracy1+2 = 1
I0418 09:08:19.156308  7952 caffe.cpp:314] Batch 3458, accuracy1+2+3 = 1
I0418 09:08:19.281307  6080 data_layer.cpp:128] Prefetch batch: 124 ms.
I0418 09:08:19.281307  6080 data_layer.cpp:129]      Read time: 93.739 ms.
I0418 09:08:19.281307  6080 data_layer.cpp:130] Transform time: 31.26 ms.
I0418 09:08:20.125090  7952 caffe.cpp:314] Batch 3459, accuracy1+2 = 1
I0418 09:08:20.125090  7952 caffe.cpp:314] Batch 3459, accuracy1+2+3 = 1
I0418 09:08:20.250098  6080 data_layer.cpp:128] Prefetch batch: 125 ms.
I0418 09:08:20.250098  6080 data_layer.cpp:129]      Read time: 93.754 ms.
I0418 09:08:20.250098  6080 data_layer.cpp:130] Transform time: 31.254 ms.
I0418 09:08:21.109508  7952 caffe.cpp:314] Batch 3460, accuracy1+2 = 1
I0418 09:08:21.109508  7952 caffe.cpp:314] Batch 3460, accuracy1+2+3 = 1
I0418 09:08:21.203253  6080 data_layer.cpp:128] Prefetch batch: 93 ms.
I0418 09:08:21.203253  6080 data_layer.cpp:129]      Read time: 0 ms.
I0418 09:08:21.203253  6080 data_layer.cpp:130] Transform time: 93.745 ms.
I0418 09:08:22.078295  7952 caffe.cpp:314] Batch 3461, accuracy1+2 = 1
I0418 09:08:22.078295  7952 caffe.cpp:314] Batch 3461, accuracy1+2+3 = 1
I0418 09:08:22.203299  6080 data_layer.cpp:128] Prefetch batch: 125 ms.
I0418 09:08:22.203299  6080 data_layer.cpp:129]      Read time: 93.753 ms.
I0418 09:08:22.203299  6080 data_layer.cpp:130] Transform time: 31.25 ms.
I0418 09:08:23.047082  7952 caffe.cpp:314] Batch 3462, accuracy1+2 = 1
I0418 09:08:23.047082  7952 caffe.cpp:314] Batch 3462, accuracy1+2+3 = 1
I0418 09:08:23.172083  6080 data_layer.cpp:128] Prefetch batch: 125 ms.
I0418 09:08:23.172083  6080 data_layer.cpp:129]      Read time: 93.754 ms.
I0418 09:08:23.172083  6080 data_layer.cpp:130] Transform time: 31.247 ms.
I0418 09:08:24.031498  7952 caffe.cpp:314] Batch 3463, accuracy1+2 = 1
I0418 09:08:24.031498  7952 caffe.cpp:314] Batch 3463, accuracy1+2+3 = 1
I0418 09:08:24.156502  6080 data_layer.cpp:128] Prefetch batch: 125 ms.
I0418 09:08:24.156502  6080 data_layer.cpp:129]      Read time: 78.127 ms.
I0418 09:08:24.156502  6080 data_layer.cpp:130] Transform time: 46.877 ms.
I0418 09:08:25.000283  7952 caffe.cpp:314] Batch 3464, accuracy1+2 = 1
I0418 09:08:25.000283  7952 caffe.cpp:314] Batch 3464, accuracy1+2+3 = 1
I0418 09:08:25.109673  6080 data_layer.cpp:128] Prefetch batch: 109 ms.
I0418 09:08:25.109673  6080 data_layer.cpp:129]      Read time: 0 ms.
I0418 09:08:25.109673  6080 data_layer.cpp:130] Transform time: 93.751 ms.
I0418 09:08:25.969075  7952 caffe.cpp:314] Batch 3465, accuracy1+2 = 1
I0418 09:08:25.969075  7952 caffe.cpp:314] Batch 3465, accuracy1+2+3 = 1
I0418 09:08:26.094120  6080 data_layer.cpp:128] Prefetch batch: 125 ms.
I0418 09:08:26.094120  6080 data_layer.cpp:129]      Read time: 93.751 ms.
I0418 09:08:26.094120  6080 data_layer.cpp:130] Transform time: 31.294 ms.
I0418 09:08:26.937865  7952 caffe.cpp:314] Batch 3466, accuracy1+2 = 1
I0418 09:08:26.937865  7952 caffe.cpp:314] Batch 3466, accuracy1+2+3 = 1
I0418 09:08:27.062867  6080 data_layer.cpp:128] Prefetch batch: 125 ms.
I0418 09:08:27.062867  6080 data_layer.cpp:129]      Read time: 93.749 ms.
I0418 09:08:27.062867  6080 data_layer.cpp:130] Transform time: 31.254 ms.
I0418 09:08:27.922284  7952 caffe.cpp:314] Batch 3467, accuracy1+2 = 1
I0418 09:08:27.922284  7952 caffe.cpp:314] Batch 3467, accuracy1+2+3 = 1
I0418 09:08:28.047281  6080 data_layer.cpp:128] Prefetch batch: 124 ms.
I0418 09:08:28.047281  6080 data_layer.cpp:129]      Read time: 78.117 ms.
I0418 09:08:28.047281  6080 data_layer.cpp:130] Transform time: 46.88 ms.
I0418 09:08:28.891059  7952 caffe.cpp:314] Batch 3468, accuracy1+2 = 1
I0418 09:08:28.891059  7952 caffe.cpp:314] Batch 3468, accuracy1+2+3 = 1
I0418 09:08:29.016067  6080 data_layer.cpp:128] Prefetch batch: 125 ms.
I0418 09:08:29.016067  6080 data_layer.cpp:129]      Read time: 93.754 ms.
I0418 09:08:29.016067  6080 data_layer.cpp:130] Transform time: 31.253 ms.
I0418 09:08:29.859853  7952 caffe.cpp:314] Batch 3469, accuracy1+2 = 1
I0418 09:08:29.859853  7952 caffe.cpp:314] Batch 3469, accuracy1+2+3 = 1
I0418 09:08:29.969226  6080 data_layer.cpp:128] Prefetch batch: 109 ms.
I0418 09:08:29.969226  6080 data_layer.cpp:129]      Read time: 0 ms.
I0418 09:08:29.969226  6080 data_layer.cpp:130] Transform time: 109.374 ms.
I0418 09:08:30.844260  7952 caffe.cpp:314] Batch 3470, accuracy1+2 = 0
I0418 09:08:30.844260  7952 caffe.cpp:314] Batch 3470, accuracy1+2+3 = 0
I0418 09:08:30.969264  6080 data_layer.cpp:128] Prefetch batch: 125 ms.
I0418 09:08:30.969264  6080 data_layer.cpp:129]      Read time: 78.134 ms.
I0418 09:08:30.969264  6080 data_layer.cpp:130] Transform time: 46.87 ms.
I0418 09:08:31.813047  7952 caffe.cpp:314] Batch 3471, accuracy1+2 = 1
I0418 09:08:31.813047  7952 caffe.cpp:314] Batch 3471, accuracy1+2+3 = 1
I0418 09:08:31.938055  6080 data_layer.cpp:128] Prefetch batch: 125 ms.
I0418 09:08:31.938055  6080 data_layer.cpp:129]      Read time: 93.758 ms.
I0418 09:08:31.938055  6080 data_layer.cpp:130] Transform time: 31.25 ms.
I0418 09:08:32.781842  7952 caffe.cpp:314] Batch 3472, accuracy1+2 = 1
I0418 09:08:32.781842  7952 caffe.cpp:314] Batch 3472, accuracy1+2+3 = 1
I0418 09:08:32.906846  6080 data_layer.cpp:128] Prefetch batch: 125 ms.
I0418 09:08:32.906846  6080 data_layer.cpp:129]      Read time: 93.752 ms.
I0418 09:08:32.906846  6080 data_layer.cpp:130] Transform time: 31.251 ms.
I0418 09:08:33.766255  7952 caffe.cpp:314] Batch 3473, accuracy1+2 = 1
I0418 09:08:33.766255  7952 caffe.cpp:314] Batch 3473, accuracy1+2+3 = 1
I0418 09:08:33.891261  6080 data_layer.cpp:128] Prefetch batch: 125 ms.
I0418 09:08:33.891261  6080 data_layer.cpp:129]      Read time: 78.121 ms.
I0418 09:08:33.891261  6080 data_layer.cpp:130] Transform time: 46.885 ms.
I0418 09:08:34.735039  7952 caffe.cpp:314] Batch 3474, accuracy1+2 = 1
I0418 09:08:34.735039  7952 caffe.cpp:314] Batch 3474, accuracy1+2+3 = 1
I0418 09:08:34.844420  6080 data_layer.cpp:128] Prefetch batch: 109 ms.
I0418 09:08:34.844420  6080 data_layer.cpp:129]      Read time: 0 ms.
I0418 09:08:34.844420  6080 data_layer.cpp:130] Transform time: 109.381 ms.
I0418 09:08:35.719457  7952 caffe.cpp:314] Batch 3475, accuracy1+2 = 1
I0418 09:08:35.719457  7952 caffe.cpp:314] Batch 3475, accuracy1+2+3 = 1
I0418 09:08:35.844460  6080 data_layer.cpp:128] Prefetch batch: 125 ms.
I0418 09:08:35.844460  6080 data_layer.cpp:129]      Read time: 78.128 ms.
I0418 09:08:35.844460  6080 data_layer.cpp:130] Transform time: 46.874 ms.
I0418 09:08:36.688243  7952 caffe.cpp:314] Batch 3476, accuracy1+2 = 1
I0418 09:08:36.688243  7952 caffe.cpp:314] Batch 3476, accuracy1+2+3 = 1
I0418 09:08:36.813243  6080 data_layer.cpp:128] Prefetch batch: 125 ms.
I0418 09:08:36.813243  6080 data_layer.cpp:129]      Read time: 93.75 ms.
I0418 09:08:36.813243  6080 data_layer.cpp:130] Transform time: 31.25 ms.
I0418 09:08:37.657032  7952 caffe.cpp:314] Batch 3477, accuracy1+2 = 1
I0418 09:08:37.657032  7952 caffe.cpp:314] Batch 3477, accuracy1+2+3 = 1
I0418 09:08:37.782034  6080 data_layer.cpp:128] Prefetch batch: 125 ms.
I0418 09:08:37.782034  6080 data_layer.cpp:129]      Read time: 93.749 ms.
I0418 09:08:37.782034  6080 data_layer.cpp:130] Transform time: 31.254 ms.
I0418 09:08:38.625818  7952 caffe.cpp:314] Batch 3478, accuracy1+2 = 1
I0418 09:08:38.625818  7952 caffe.cpp:314] Batch 3478, accuracy1+2+3 = 1
I0418 09:08:38.766450  6080 data_layer.cpp:128] Prefetch batch: 140 ms.
I0418 09:08:38.766450  6080 data_layer.cpp:129]      Read time: 93.753 ms.
I0418 09:08:38.766450  6080 data_layer.cpp:130] Transform time: 46.879 ms.
I0418 09:08:39.610231  7952 caffe.cpp:314] Batch 3479, accuracy1+2 = 1
I0418 09:08:39.610231  7952 caffe.cpp:314] Batch 3479, accuracy1+2+3 = 1
I0418 09:08:39.703981  6080 data_layer.cpp:128] Prefetch batch: 93 ms.
I0418 09:08:39.703981  6080 data_layer.cpp:129]      Read time: 0 ms.
I0418 09:08:39.703981  6080 data_layer.cpp:130] Transform time: 93.75 ms.
I0418 09:08:40.579016  7952 caffe.cpp:314] Batch 3480, accuracy1+2 = 1
I0418 09:08:40.579016  7952 caffe.cpp:314] Batch 3480, accuracy1+2+3 = 1
I0418 09:08:40.704025  6080 data_layer.cpp:128] Prefetch batch: 125 ms.
I0418 09:08:40.704025  6080 data_layer.cpp:129]      Read time: 93.753 ms.
I0418 09:08:40.704025  6080 data_layer.cpp:130] Transform time: 31.255 ms.
I0418 09:08:41.547803  7952 caffe.cpp:314] Batch 3481, accuracy1+2 = 1
I0418 09:08:41.547803  7952 caffe.cpp:314] Batch 3481, accuracy1+2+3 = 1
I0418 09:08:41.672816  6080 data_layer.cpp:128] Prefetch batch: 125 ms.
I0418 09:08:41.672816  6080 data_layer.cpp:129]      Read time: 93.759 ms.
I0418 09:08:41.672816  6080 data_layer.cpp:130] Transform time: 31.254 ms.
I0418 09:08:42.547842  7952 caffe.cpp:314] Batch 3482, accuracy1+2 = 1
I0418 09:08:42.547842  7952 caffe.cpp:314] Batch 3482, accuracy1+2+3 = 1
I0418 09:08:42.672842  6080 data_layer.cpp:128] Prefetch batch: 125 ms.
I0418 09:08:42.672842  6080 data_layer.cpp:129]      Read time: 93.77 ms.
I0418 09:08:42.688521  6080 data_layer.cpp:130] Transform time: 31.23 ms.
I0418 09:08:43.532263  7952 caffe.cpp:314] Batch 3483, accuracy1+2 = 1
I0418 09:08:43.532263  7952 caffe.cpp:314] Batch 3483, accuracy1+2+3 = 1
I0418 09:08:43.641638  6080 data_layer.cpp:128] Prefetch batch: 109 ms.
I0418 09:08:43.641638  6080 data_layer.cpp:129]      Read time: 0 ms.
I0418 09:08:43.641638  6080 data_layer.cpp:130] Transform time: 109.376 ms.
I0418 09:08:44.516676  7952 caffe.cpp:314] Batch 3484, accuracy1+2 = 1
I0418 09:08:44.516676  7952 caffe.cpp:314] Batch 3484, accuracy1+2+3 = 1
I0418 09:08:44.641680  6080 data_layer.cpp:128] Prefetch batch: 125 ms.
I0418 09:08:44.641680  6080 data_layer.cpp:129]      Read time: 78.127 ms.
I0418 09:08:44.641680  6080 data_layer.cpp:130] Transform time: 46.877 ms.
I0418 09:08:45.485465  7952 caffe.cpp:314] Batch 3485, accuracy1+2 = 1
I0418 09:08:45.485465  7952 caffe.cpp:314] Batch 3485, accuracy1+2+3 = 1
I0418 09:08:45.610469  6080 data_layer.cpp:128] Prefetch batch: 125 ms.
I0418 09:08:45.610469  6080 data_layer.cpp:129]      Read time: 93.748 ms.
I0418 09:08:45.610469  6080 data_layer.cpp:130] Transform time: 31.257 ms.
I0418 09:08:46.454246  7952 caffe.cpp:314] Batch 3486, accuracy1+2 = 1
I0418 09:08:46.454246  7952 caffe.cpp:314] Batch 3486, accuracy1+2+3 = 1
I0418 09:08:46.579252  6080 data_layer.cpp:128] Prefetch batch: 125 ms.
I0418 09:08:46.579252  6080 data_layer.cpp:129]      Read time: 93.76 ms.
I0418 09:08:46.579252  6080 data_layer.cpp:130] Transform time: 31.245 ms.
I0418 09:08:47.423036  7952 caffe.cpp:314] Batch 3487, accuracy1+2 = 1
I0418 09:08:47.423036  7952 caffe.cpp:314] Batch 3487, accuracy1+2+3 = 1
I0418 09:08:47.532415  6080 data_layer.cpp:128] Prefetch batch: 109 ms.
I0418 09:08:47.532415  6080 data_layer.cpp:129]      Read time: 15.631 ms.
I0418 09:08:47.532415  6080 data_layer.cpp:130] Transform time: 93.748 ms.
I0418 09:08:48.423075  7952 caffe.cpp:314] Batch 3488, accuracy1+2 = 1
I0418 09:08:48.423075  7952 caffe.cpp:314] Batch 3488, accuracy1+2+3 = 1
I0418 09:08:48.563745  6080 data_layer.cpp:128] Prefetch batch: 140 ms.
I0418 09:08:48.563745  6080 data_layer.cpp:129]      Read time: 93.793 ms.
I0418 09:08:48.563745  6080 data_layer.cpp:130] Transform time: 46.876 ms.
I0418 09:08:49.438730  7952 caffe.cpp:314] Batch 3489, accuracy1+2 = 1
I0418 09:08:49.438730  7952 caffe.cpp:314] Batch 3489, accuracy1+2+3 = 1
I0418 09:08:49.563735  6080 data_layer.cpp:128] Prefetch batch: 125 ms.
I0418 09:08:49.563735  6080 data_layer.cpp:129]      Read time: 93.753 ms.
I0418 09:08:49.563735  6080 data_layer.cpp:130] Transform time: 31.252 ms.
I0418 09:08:50.454396  7952 caffe.cpp:314] Batch 3490, accuracy1+2 = 1
I0418 09:08:50.454396  7952 caffe.cpp:314] Batch 3490, accuracy1+2+3 = 1
I0418 09:08:50.579406  6080 data_layer.cpp:128] Prefetch batch: 125 ms.
I0418 09:08:50.579406  6080 data_layer.cpp:129]      Read time: 93.754 ms.
I0418 09:08:50.579406  6080 data_layer.cpp:130] Transform time: 31.256 ms.
I0418 09:08:51.438822  7952 caffe.cpp:314] Batch 3491, accuracy1+2 = 1
I0418 09:08:51.438822  7952 caffe.cpp:314] Batch 3491, accuracy1+2+3 = 1
I0418 09:08:51.563820  6080 data_layer.cpp:128] Prefetch batch: 124 ms.
I0418 09:08:51.563820  6080 data_layer.cpp:129]      Read time: 93.746 ms.
I0418 09:08:51.563820  6080 data_layer.cpp:130] Transform time: 31.252 ms.
I0418 09:08:52.407613  7952 caffe.cpp:314] Batch 3492, accuracy1+2 = 1
I0418 09:08:52.407613  7952 caffe.cpp:314] Batch 3492, accuracy1+2+3 = 1
I0418 09:08:52.516986  6080 data_layer.cpp:128] Prefetch batch: 109 ms.
I0418 09:08:52.516986  6080 data_layer.cpp:129]      Read time: 0 ms.
I0418 09:08:52.516986  6080 data_layer.cpp:130] Transform time: 109.374 ms.
I0418 09:08:53.376400  7952 caffe.cpp:314] Batch 3493, accuracy1+2 = 1
I0418 09:08:53.376400  7952 caffe.cpp:314] Batch 3493, accuracy1+2+3 = 1
I0418 09:08:53.501397  6080 data_layer.cpp:128] Prefetch batch: 124 ms.
I0418 09:08:53.501397  6080 data_layer.cpp:129]      Read time: 93.761 ms.
I0418 09:08:53.501397  6080 data_layer.cpp:130] Transform time: 31.236 ms.
I0418 09:08:54.345185  7952 caffe.cpp:314] Batch 3494, accuracy1+2 = 1
I0418 09:08:54.345185  7952 caffe.cpp:314] Batch 3494, accuracy1+2+3 = 1
I0418 09:08:54.470191  6080 data_layer.cpp:128] Prefetch batch: 125 ms.
I0418 09:08:54.470191  6080 data_layer.cpp:129]      Read time: 93.757 ms.
I0418 09:08:54.470191  6080 data_layer.cpp:130] Transform time: 31.25 ms.
I0418 09:08:55.329602  7952 caffe.cpp:314] Batch 3495, accuracy1+2 = 0
I0418 09:08:55.329602  7952 caffe.cpp:314] Batch 3495, accuracy1+2+3 = 0
I0418 09:08:55.454602  6080 data_layer.cpp:128] Prefetch batch: 125 ms.
I0418 09:08:55.454602  6080 data_layer.cpp:129]      Read time: 78.123 ms.
I0418 09:08:55.454602  6080 data_layer.cpp:130] Transform time: 46.877 ms.
I0418 09:08:56.298389  7952 caffe.cpp:314] Batch 3496, accuracy1+2 = 1
I0418 09:08:56.298389  7952 caffe.cpp:314] Batch 3496, accuracy1+2+3 = 1
I0418 09:08:56.407763  6080 data_layer.cpp:128] Prefetch batch: 109 ms.
I0418 09:08:56.407763  6080 data_layer.cpp:129]      Read time: 0 ms.
I0418 09:08:56.407763  6080 data_layer.cpp:130] Transform time: 109.374 ms.
I0418 09:08:57.267180  7952 caffe.cpp:314] Batch 3497, accuracy1+2 = 1
I0418 09:08:57.267180  7952 caffe.cpp:314] Batch 3497, accuracy1+2+3 = 1
I0418 09:08:57.392179  6080 data_layer.cpp:128] Prefetch batch: 124 ms.
I0418 09:08:57.392179  6080 data_layer.cpp:129]      Read time: 93.744 ms.
I0418 09:08:57.392179  6080 data_layer.cpp:130] Transform time: 31.254 ms.
I0418 09:08:58.235965  7952 caffe.cpp:314] Batch 3498, accuracy1+2 = 1
I0418 09:08:58.235965  7952 caffe.cpp:314] Batch 3498, accuracy1+2+3 = 1
I0418 09:08:58.376590  6080 data_layer.cpp:128] Prefetch batch: 140 ms.
I0418 09:08:58.376590  6080 data_layer.cpp:129]      Read time: 93.757 ms.
I0418 09:08:58.376590  6080 data_layer.cpp:130] Transform time: 46.867 ms.
I0418 09:08:59.220373  7952 caffe.cpp:314] Batch 3499, accuracy1+2 = 1
I0418 09:08:59.220373  7952 caffe.cpp:314] Batch 3499, accuracy1+2+3 = 1
I0418 09:08:59.314128  6080 data_layer.cpp:128] Prefetch batch: 93 ms.
I0418 09:08:59.314128  6080 data_layer.cpp:129]      Read time: 0 ms.
I0418 09:08:59.314128  6080 data_layer.cpp:130] Transform time: 93.755 ms.
I0418 09:09:00.189165  7952 caffe.cpp:314] Batch 3500, accuracy1+2 = 1
I0418 09:09:00.189165  7952 caffe.cpp:314] Batch 3500, accuracy1+2+3 = 1
I0418 09:09:00.314172  6080 data_layer.cpp:128] Prefetch batch: 125 ms.
I0418 09:09:00.314172  6080 data_layer.cpp:129]      Read time: 93.754 ms.
I0418 09:09:00.314172  6080 data_layer.cpp:130] Transform time: 31.253 ms.
I0418 09:09:01.157948  7952 caffe.cpp:314] Batch 3501, accuracy1+2 = 1
I0418 09:09:01.157948  7952 caffe.cpp:314] Batch 3501, accuracy1+2+3 = 1
I0418 09:09:01.282954  6080 data_layer.cpp:128] Prefetch batch: 125 ms.
I0418 09:09:01.282954  6080 data_layer.cpp:129]      Read time: 93.755 ms.
I0418 09:09:01.282954  6080 data_layer.cpp:130] Transform time: 31.251 ms.
I0418 09:09:02.142364  7952 caffe.cpp:314] Batch 3502, accuracy1+2 = 1
I0418 09:09:02.142364  7952 caffe.cpp:314] Batch 3502, accuracy1+2+3 = 1
I0418 09:09:02.267369  6080 data_layer.cpp:128] Prefetch batch: 125 ms.
I0418 09:09:02.267369  6080 data_layer.cpp:129]      Read time: 78.133 ms.
I0418 09:09:02.267369  6080 data_layer.cpp:130] Transform time: 46.871 ms.
I0418 09:09:03.111151  7952 caffe.cpp:314] Batch 3503, accuracy1+2 = 1
I0418 09:09:03.111151  7952 caffe.cpp:314] Batch 3503, accuracy1+2+3 = 1
I0418 09:09:03.220531  6080 data_layer.cpp:128] Prefetch batch: 109 ms.
I0418 09:09:03.220531  6080 data_layer.cpp:129]      Read time: 0 ms.
I0418 09:09:03.220531  6080 data_layer.cpp:130] Transform time: 109.38 ms.
I0418 09:09:04.079939  7952 caffe.cpp:314] Batch 3504, accuracy1+2 = 1
I0418 09:09:04.079939  7952 caffe.cpp:314] Batch 3504, accuracy1+2+3 = 1
I0418 09:09:04.220568  6080 data_layer.cpp:128] Prefetch batch: 140 ms.
I0418 09:09:04.220568  6080 data_layer.cpp:129]      Read time: 93.759 ms.
I0418 09:09:04.220568  6080 data_layer.cpp:130] Transform time: 46.87 ms.
I0418 09:09:05.064357  7952 caffe.cpp:314] Batch 3505, accuracy1+2 = 1
I0418 09:09:05.064357  7952 caffe.cpp:314] Batch 3505, accuracy1+2+3 = 1
I0418 09:09:05.189363  6080 data_layer.cpp:128] Prefetch batch: 125 ms.
I0418 09:09:05.189363  6080 data_layer.cpp:129]      Read time: 93.754 ms.
I0418 09:09:05.189363  6080 data_layer.cpp:130] Transform time: 31.252 ms.
I0418 09:09:06.033145  7952 caffe.cpp:314] Batch 3506, accuracy1+2 = 1
I0418 09:09:06.033145  7952 caffe.cpp:314] Batch 3506, accuracy1+2+3 = 1
I0418 09:09:06.142524  6080 data_layer.cpp:128] Prefetch batch: 109 ms.
I0418 09:09:06.142524  6080 data_layer.cpp:129]      Read time: 0 ms.
I0418 09:09:06.142524  6080 data_layer.cpp:130] Transform time: 109.378 ms.
I0418 09:09:07.001927  7952 caffe.cpp:314] Batch 3507, accuracy1+2 = 1
I0418 09:09:07.001927  7952 caffe.cpp:314] Batch 3507, accuracy1+2+3 = 1
I0418 09:09:07.126940  6080 data_layer.cpp:128] Prefetch batch: 125 ms.
I0418 09:09:07.126940  6080 data_layer.cpp:129]      Read time: 93.761 ms.
I0418 09:09:07.126940  6080 data_layer.cpp:130] Transform time: 31.251 ms.
I0418 09:09:07.986342  7952 caffe.cpp:314] Batch 3508, accuracy1+2 = 1
I0418 09:09:07.986342  7952 caffe.cpp:314] Batch 3508, accuracy1+2+3 = 1
I0418 09:09:08.111347  6080 data_layer.cpp:128] Prefetch batch: 125 ms.
I0418 09:09:08.111347  6080 data_layer.cpp:129]      Read time: 93.756 ms.
I0418 09:09:08.111347  6080 data_layer.cpp:130] Transform time: 31.249 ms.
I0418 09:09:08.955132  7952 caffe.cpp:314] Batch 3509, accuracy1+2 = 1
I0418 09:09:08.955132  7952 caffe.cpp:314] Batch 3509, accuracy1+2+3 = 1
I0418 09:09:09.080137  6080 data_layer.cpp:128] Prefetch batch: 125 ms.
I0418 09:09:09.080137  6080 data_layer.cpp:129]      Read time: 93.744 ms.
I0418 09:09:09.080137  6080 data_layer.cpp:130] Transform time: 31.261 ms.
I0418 09:09:09.923923  7952 caffe.cpp:314] Batch 3510, accuracy1+2 = 1
I0418 09:09:09.923923  7952 caffe.cpp:314] Batch 3510, accuracy1+2+3 = 1
I0418 09:09:10.033300  6080 data_layer.cpp:128] Prefetch batch: 109 ms.
I0418 09:09:10.033300  6080 data_layer.cpp:129]      Read time: 0 ms.
I0418 09:09:10.033300  6080 data_layer.cpp:130] Transform time: 109.378 ms.
I0418 09:09:10.892710  7952 caffe.cpp:314] Batch 3511, accuracy1+2 = 1
I0418 09:09:10.892710  7952 caffe.cpp:314] Batch 3511, accuracy1+2+3 = 1
I0418 09:09:11.033334  6080 data_layer.cpp:128] Prefetch batch: 140 ms.
I0418 09:09:11.033334  6080 data_layer.cpp:129]      Read time: 93.752 ms.
I0418 09:09:11.033334  6080 data_layer.cpp:130] Transform time: 46.872 ms.
I0418 09:09:11.877125  7952 caffe.cpp:314] Batch 3512, accuracy1+2 = 1
I0418 09:09:11.877125  7952 caffe.cpp:314] Batch 3512, accuracy1+2+3 = 1
I0418 09:09:12.002121  6080 data_layer.cpp:128] Prefetch batch: 124 ms.
I0418 09:09:12.002121  6080 data_layer.cpp:129]      Read time: 93.751 ms.
I0418 09:09:12.002121  6080 data_layer.cpp:130] Transform time: 31.245 ms.
I0418 09:09:12.845908  7952 caffe.cpp:314] Batch 3513, accuracy1+2 = 1
I0418 09:09:12.845908  7952 caffe.cpp:314] Batch 3513, accuracy1+2+3 = 1
I0418 09:09:12.955286  6080 data_layer.cpp:128] Prefetch batch: 109 ms.
I0418 09:09:12.955286  6080 data_layer.cpp:129]      Read time: 0 ms.
I0418 09:09:12.955286  6080 data_layer.cpp:130] Transform time: 109.378 ms.
I0418 09:09:13.814702  7952 caffe.cpp:314] Batch 3514, accuracy1+2 = 1
I0418 09:09:13.814702  7952 caffe.cpp:314] Batch 3514, accuracy1+2+3 = 1
I0418 09:09:13.939707  6080 data_layer.cpp:128] Prefetch batch: 125 ms.
I0418 09:09:13.939707  6080 data_layer.cpp:129]      Read time: 93.746 ms.
I0418 09:09:13.939707  6080 data_layer.cpp:130] Transform time: 31.258 ms.
I0418 09:09:14.799111  7952 caffe.cpp:314] Batch 3515, accuracy1+2 = 1
I0418 09:09:14.799111  7952 caffe.cpp:314] Batch 3515, accuracy1+2+3 = 1
I0418 09:09:14.924120  6080 data_layer.cpp:128] Prefetch batch: 125 ms.
I0418 09:09:14.924120  6080 data_layer.cpp:129]      Read time: 93.757 ms.
I0418 09:09:14.924120  6080 data_layer.cpp:130] Transform time: 31.252 ms.
I0418 09:09:15.767900  7952 caffe.cpp:314] Batch 3516, accuracy1+2 = 1
I0418 09:09:15.767900  7952 caffe.cpp:314] Batch 3516, accuracy1+2+3 = 1
I0418 09:09:15.892909  6080 data_layer.cpp:128] Prefetch batch: 125 ms.
I0418 09:09:15.892909  6080 data_layer.cpp:129]      Read time: 93.755 ms.
I0418 09:09:15.892909  6080 data_layer.cpp:130] Transform time: 31.253 ms.
I0418 09:09:16.752311  7952 caffe.cpp:314] Batch 3517, accuracy1+2 = 1
I0418 09:09:16.752311  7952 caffe.cpp:314] Batch 3517, accuracy1+2+3 = 1
I0418 09:09:16.846065  6080 data_layer.cpp:128] Prefetch batch: 93 ms.
I0418 09:09:16.846065  6080 data_layer.cpp:129]      Read time: 0 ms.
I0418 09:09:16.846065  6080 data_layer.cpp:130] Transform time: 93.754 ms.
I0418 09:09:17.721105  7952 caffe.cpp:314] Batch 3518, accuracy1+2 = 1
I0418 09:09:17.721105  7952 caffe.cpp:314] Batch 3518, accuracy1+2+3 = 1
I0418 09:09:17.846104  6080 data_layer.cpp:128] Prefetch batch: 124 ms.
I0418 09:09:17.846104  6080 data_layer.cpp:129]      Read time: 78.126 ms.
I0418 09:09:17.846104  6080 data_layer.cpp:130] Transform time: 46.873 ms.
I0418 09:09:18.689894  7952 caffe.cpp:314] Batch 3519, accuracy1+2 = 1
I0418 09:09:18.689894  7952 caffe.cpp:314] Batch 3519, accuracy1+2+3 = 1
I0418 09:09:18.814896  6080 data_layer.cpp:128] Prefetch batch: 125 ms.
I0418 09:09:18.814896  6080 data_layer.cpp:129]      Read time: 93.752 ms.
I0418 09:09:18.814896  6080 data_layer.cpp:130] Transform time: 31.25 ms.
I0418 09:09:19.658679  7952 caffe.cpp:314] Batch 3520, accuracy1+2 = 1
I0418 09:09:19.658679  7952 caffe.cpp:314] Batch 3520, accuracy1+2+3 = 1
I0418 09:09:19.783680  6080 data_layer.cpp:128] Prefetch batch: 125 ms.
I0418 09:09:19.783680  6080 data_layer.cpp:129]      Read time: 93.749 ms.
I0418 09:09:19.783680  6080 data_layer.cpp:130] Transform time: 31.252 ms.
I0418 09:09:20.643090  7952 caffe.cpp:314] Batch 3521, accuracy1+2 = 1
I0418 09:09:20.643090  7952 caffe.cpp:314] Batch 3521, accuracy1+2+3 = 1
I0418 09:09:20.736848  6080 data_layer.cpp:128] Prefetch batch: 93 ms.
I0418 09:09:20.736848  6080 data_layer.cpp:129]      Read time: 0 ms.
I0418 09:09:20.736848  6080 data_layer.cpp:130] Transform time: 93.758 ms.
I0418 09:09:21.611878  7952 caffe.cpp:314] Batch 3522, accuracy1+2 = 1
I0418 09:09:21.611878  7952 caffe.cpp:314] Batch 3522, accuracy1+2+3 = 1
I0418 09:09:21.736882  6080 data_layer.cpp:128] Prefetch batch: 125 ms.
I0418 09:09:21.736882  6080 data_layer.cpp:129]      Read time: 93.75 ms.
I0418 09:09:21.736882  6080 data_layer.cpp:130] Transform time: 31.254 ms.
I0418 09:09:22.580667  7952 caffe.cpp:314] Batch 3523, accuracy1+2 = 1
I0418 09:09:22.580667  7952 caffe.cpp:314] Batch 3523, accuracy1+2+3 = 1
I0418 09:09:22.705674  6080 data_layer.cpp:128] Prefetch batch: 125 ms.
I0418 09:09:22.705674  6080 data_layer.cpp:129]      Read time: 93.752 ms.
I0418 09:09:22.705674  6080 data_layer.cpp:130] Transform time: 31.255 ms.
I0418 09:09:23.549458  7952 caffe.cpp:314] Batch 3524, accuracy1+2 = 1
I0418 09:09:23.549458  7952 caffe.cpp:314] Batch 3524, accuracy1+2+3 = 1
I0418 09:09:23.674459  6080 data_layer.cpp:128] Prefetch batch: 125 ms.
I0418 09:09:23.674459  6080 data_layer.cpp:129]      Read time: 93.753 ms.
I0418 09:09:23.690085  6080 data_layer.cpp:130] Transform time: 31.248 ms.
I0418 09:09:24.533867  7952 caffe.cpp:314] Batch 3525, accuracy1+2 = 1
I0418 09:09:24.533867  7952 caffe.cpp:314] Batch 3525, accuracy1+2+3 = 1
I0418 09:09:24.658870  6080 data_layer.cpp:128] Prefetch batch: 125 ms.
I0418 09:09:24.658870  6080 data_layer.cpp:129]      Read time: 93.764 ms.
I0418 09:09:24.658870  6080 data_layer.cpp:130] Transform time: 31.239 ms.
I0418 09:09:25.502660  7952 caffe.cpp:314] Batch 3526, accuracy1+2 = 1
I0418 09:09:25.502660  7952 caffe.cpp:314] Batch 3526, accuracy1+2+3 = 1
I0418 09:09:25.612040  6080 data_layer.cpp:128] Prefetch batch: 109 ms.
I0418 09:09:25.612040  6080 data_layer.cpp:129]      Read time: 0 ms.
I0418 09:09:25.612040  6080 data_layer.cpp:130] Transform time: 109.379 ms.
I0418 09:09:26.502696  7952 caffe.cpp:314] Batch 3527, accuracy1+2 = 0
I0418 09:09:26.502696  7952 caffe.cpp:314] Batch 3527, accuracy1+2+3 = 0
I0418 09:09:26.627701  6080 data_layer.cpp:128] Prefetch batch: 125 ms.
I0418 09:09:26.627701  6080 data_layer.cpp:129]      Read time: 93.743 ms.
I0418 09:09:26.627701  6080 data_layer.cpp:130] Transform time: 31.262 ms.
I0418 09:09:27.518358  7952 caffe.cpp:314] Batch 3528, accuracy1+2 = 1
I0418 09:09:27.518358  7952 caffe.cpp:314] Batch 3528, accuracy1+2+3 = 1
I0418 09:09:27.643362  6080 data_layer.cpp:128] Prefetch batch: 125 ms.
I0418 09:09:27.643362  6080 data_layer.cpp:129]      Read time: 93.746 ms.
I0418 09:09:27.643362  6080 data_layer.cpp:130] Transform time: 31.258 ms.
I0418 09:09:28.487148  7952 caffe.cpp:314] Batch 3529, accuracy1+2 = 1
I0418 09:09:28.487148  7952 caffe.cpp:314] Batch 3529, accuracy1+2+3 = 1
I0418 09:09:28.596531  6080 data_layer.cpp:128] Prefetch batch: 109 ms.
I0418 09:09:28.596531  6080 data_layer.cpp:129]      Read time: 0 ms.
I0418 09:09:28.596531  6080 data_layer.cpp:130] Transform time: 109.384 ms.
I0418 09:09:29.471565  7952 caffe.cpp:314] Batch 3530, accuracy1+2 = 1
I0418 09:09:29.471565  7952 caffe.cpp:314] Batch 3530, accuracy1+2+3 = 1
I0418 09:09:29.596571  6080 data_layer.cpp:128] Prefetch batch: 125 ms.
I0418 09:09:29.596571  6080 data_layer.cpp:129]      Read time: 93.748 ms.
I0418 09:09:29.596571  6080 data_layer.cpp:130] Transform time: 31.259 ms.
I0418 09:09:30.440347  7952 caffe.cpp:314] Batch 3531, accuracy1+2 = 1
I0418 09:09:30.440347  7952 caffe.cpp:314] Batch 3531, accuracy1+2+3 = 1
I0418 09:09:30.565352  6080 data_layer.cpp:128] Prefetch batch: 125 ms.
I0418 09:09:30.565352  6080 data_layer.cpp:129]      Read time: 93.76 ms.
I0418 09:09:30.565352  6080 data_layer.cpp:130] Transform time: 31.245 ms.
I0418 09:09:31.409142  7952 caffe.cpp:314] Batch 3532, accuracy1+2 = 1
I0418 09:09:31.409142  7952 caffe.cpp:314] Batch 3532, accuracy1+2+3 = 1
I0418 09:09:31.534143  6080 data_layer.cpp:128] Prefetch batch: 125 ms.
I0418 09:09:31.534143  6080 data_layer.cpp:129]      Read time: 93.748 ms.
I0418 09:09:31.534143  6080 data_layer.cpp:130] Transform time: 31.253 ms.
I0418 09:09:32.377929  7952 caffe.cpp:314] Batch 3533, accuracy1+2 = 1
I0418 09:09:32.377929  7952 caffe.cpp:314] Batch 3533, accuracy1+2+3 = 1
I0418 09:09:32.487308  6080 data_layer.cpp:128] Prefetch batch: 109 ms.
I0418 09:09:32.487308  6080 data_layer.cpp:129]      Read time: 0 ms.
I0418 09:09:32.487308  6080 data_layer.cpp:130] Transform time: 109.379 ms.
I0418 09:09:33.362342  7952 caffe.cpp:314] Batch 3534, accuracy1+2 = 1
I0418 09:09:33.362342  7952 caffe.cpp:314] Batch 3534, accuracy1+2+3 = 1
I0418 09:09:33.487341  6080 data_layer.cpp:128] Prefetch batch: 124 ms.
I0418 09:09:33.487341  6080 data_layer.cpp:129]      Read time: 78.129 ms.
I0418 09:09:33.487341  6080 data_layer.cpp:130] Transform time: 46.87 ms.
I0418 09:09:34.331131  7952 caffe.cpp:314] Batch 3535, accuracy1+2 = 0
I0418 09:09:34.331131  7952 caffe.cpp:314] Batch 3535, accuracy1+2+3 = 0
I0418 09:09:34.456132  6080 data_layer.cpp:128] Prefetch batch: 125 ms.
I0418 09:09:34.456132  6080 data_layer.cpp:129]      Read time: 93.753 ms.
I0418 09:09:34.456132  6080 data_layer.cpp:130] Transform time: 31.248 ms.
I0418 09:09:35.315543  7952 caffe.cpp:314] Batch 3536, accuracy1+2 = 1
I0418 09:09:35.315543  7952 caffe.cpp:314] Batch 3536, accuracy1+2+3 = 1
I0418 09:09:35.440549  6080 data_layer.cpp:128] Prefetch batch: 125 ms.
I0418 09:09:35.440549  6080 data_layer.cpp:129]      Read time: 78.129 ms.
I0418 09:09:35.440549  6080 data_layer.cpp:130] Transform time: 46.877 ms.
I0418 09:09:36.284327  7952 caffe.cpp:314] Batch 3537, accuracy1+2 = 1
I0418 09:09:36.284327  7952 caffe.cpp:314] Batch 3537, accuracy1+2+3 = 1
I0418 09:09:36.409332  6080 data_layer.cpp:128] Prefetch batch: 125 ms.
I0418 09:09:36.409332  6080 data_layer.cpp:129]      Read time: 93.753 ms.
I0418 09:09:36.409332  6080 data_layer.cpp:130] Transform time: 31.251 ms.
I0418 09:09:37.253118  7952 caffe.cpp:314] Batch 3538, accuracy1+2 = 1
I0418 09:09:37.253118  7952 caffe.cpp:314] Batch 3538, accuracy1+2+3 = 1
I0418 09:09:37.362494  6080 data_layer.cpp:128] Prefetch batch: 109 ms.
I0418 09:09:37.362494  6080 data_layer.cpp:129]      Read time: 0 ms.
I0418 09:09:37.362494  6080 data_layer.cpp:130] Transform time: 109.377 ms.
I0418 09:09:38.221904  7952 caffe.cpp:314] Batch 3539, accuracy1+2 = 1
I0418 09:09:38.221904  7952 caffe.cpp:314] Batch 3539, accuracy1+2+3 = 1
I0418 09:09:38.346907  6080 data_layer.cpp:128] Prefetch batch: 125 ms.
I0418 09:09:38.346907  6080 data_layer.cpp:129]      Read time: 93.759 ms.
I0418 09:09:38.346907  6080 data_layer.cpp:130] Transform time: 31.245 ms.
I0418 09:09:39.206315  7952 caffe.cpp:314] Batch 3540, accuracy1+2 = 1
I0418 09:09:39.206315  7952 caffe.cpp:314] Batch 3540, accuracy1+2+3 = 1
I0418 09:09:39.331326  6080 data_layer.cpp:128] Prefetch batch: 125 ms.
I0418 09:09:39.331326  6080 data_layer.cpp:129]      Read time: 78.133 ms.
I0418 09:09:39.331326  6080 data_layer.cpp:130] Transform time: 46.877 ms.
I0418 09:09:40.175104  7952 caffe.cpp:314] Batch 3541, accuracy1+2 = 1
I0418 09:09:40.175104  7952 caffe.cpp:314] Batch 3541, accuracy1+2+3 = 1
I0418 09:09:40.300112  6080 data_layer.cpp:128] Prefetch batch: 125 ms.
I0418 09:09:40.300112  6080 data_layer.cpp:129]      Read time: 93.759 ms.
I0418 09:09:40.300112  6080 data_layer.cpp:130] Transform time: 31.249 ms.
I0418 09:09:41.159518  7952 caffe.cpp:314] Batch 3542, accuracy1+2 = 1
I0418 09:09:41.159518  7952 caffe.cpp:314] Batch 3542, accuracy1+2+3 = 1
I0418 09:09:41.253278  6080 data_layer.cpp:128] Prefetch batch: 93 ms.
I0418 09:09:41.253278  6080 data_layer.cpp:129]      Read time: 0 ms.
I0418 09:09:41.253278  6080 data_layer.cpp:130] Transform time: 93.76 ms.
I0418 09:09:42.128312  7952 caffe.cpp:314] Batch 3543, accuracy1+2 = 1
I0418 09:09:42.128312  7952 caffe.cpp:314] Batch 3543, accuracy1+2+3 = 1
I0418 09:09:42.253312  6080 data_layer.cpp:128] Prefetch batch: 125 ms.
I0418 09:09:42.253312  6080 data_layer.cpp:129]      Read time: 93.752 ms.
I0418 09:09:42.253312  6080 data_layer.cpp:130] Transform time: 31.248 ms.
I0418 09:09:43.097100  7952 caffe.cpp:314] Batch 3544, accuracy1+2 = 1
I0418 09:09:43.097100  7952 caffe.cpp:314] Batch 3544, accuracy1+2+3 = 1
I0418 09:09:43.222100  6080 data_layer.cpp:128] Prefetch batch: 124 ms.
I0418 09:09:43.222100  6080 data_layer.cpp:129]      Read time: 93.747 ms.
I0418 09:09:43.222100  6080 data_layer.cpp:130] Transform time: 31.252 ms.
I0418 09:09:44.081513  7952 caffe.cpp:314] Batch 3545, accuracy1+2 = 1
I0418 09:09:44.081513  7952 caffe.cpp:314] Batch 3545, accuracy1+2+3 = 1
I0418 09:09:44.206516  6080 data_layer.cpp:128] Prefetch batch: 125 ms.
I0418 09:09:44.206516  6080 data_layer.cpp:129]      Read time: 78.124 ms.
I0418 09:09:44.206516  6080 data_layer.cpp:130] Transform time: 46.878 ms.
I0418 09:09:45.050299  7952 caffe.cpp:314] Batch 3546, accuracy1+2 = 1
I0418 09:09:45.050299  7952 caffe.cpp:314] Batch 3546, accuracy1+2+3 = 1
I0418 09:09:45.175302  6080 data_layer.cpp:128] Prefetch batch: 125 ms.
I0418 09:09:45.175302  6080 data_layer.cpp:129]      Read time: 93.755 ms.
I0418 09:09:45.175302  6080 data_layer.cpp:130] Transform time: 31.248 ms.
I0418 09:09:46.019088  7952 caffe.cpp:314] Batch 3547, accuracy1+2 = 1
I0418 09:09:46.019088  7952 caffe.cpp:314] Batch 3547, accuracy1+2+3 = 1
I0418 09:09:46.128468  6080 data_layer.cpp:128] Prefetch batch: 109 ms.
I0418 09:09:46.128468  6080 data_layer.cpp:129]      Read time: 0 ms.
I0418 09:09:46.128468  6080 data_layer.cpp:130] Transform time: 109.38 ms.
I0418 09:09:46.987870  7952 caffe.cpp:314] Batch 3548, accuracy1+2 = 1
I0418 09:09:46.987870  7952 caffe.cpp:314] Batch 3548, accuracy1+2+3 = 1
I0418 09:09:47.112875  6080 data_layer.cpp:128] Prefetch batch: 125 ms.
I0418 09:09:47.112875  6080 data_layer.cpp:129]      Read time: 93.755 ms.
I0418 09:09:47.112875  6080 data_layer.cpp:130] Transform time: 31.25 ms.
I0418 09:09:47.972285  7952 caffe.cpp:314] Batch 3549, accuracy1+2 = 1
I0418 09:09:47.972285  7952 caffe.cpp:314] Batch 3549, accuracy1+2+3 = 1
I0418 09:09:48.097292  6080 data_layer.cpp:128] Prefetch batch: 125 ms.
I0418 09:09:48.097292  6080 data_layer.cpp:129]      Read time: 78.127 ms.
I0418 09:09:48.097292  6080 data_layer.cpp:130] Transform time: 46.88 ms.
I0418 09:09:48.941074  7952 caffe.cpp:314] Batch 3550, accuracy1+2 = 1
I0418 09:09:48.941074  7952 caffe.cpp:314] Batch 3550, accuracy1+2+3 = 1
I0418 09:09:49.066084  6080 data_layer.cpp:128] Prefetch batch: 125 ms.
I0418 09:09:49.066084  6080 data_layer.cpp:129]      Read time: 93.752 ms.
I0418 09:09:49.066084  6080 data_layer.cpp:130] Transform time: 31.258 ms.
I0418 09:09:49.909865  7952 caffe.cpp:314] Batch 3551, accuracy1+2 = 1
I0418 09:09:49.909865  7952 caffe.cpp:314] Batch 3551, accuracy1+2+3 = 1
I0418 09:09:50.019243  6080 data_layer.cpp:128] Prefetch batch: 109 ms.
I0418 09:09:50.019243  6080 data_layer.cpp:129]      Read time: 0 ms.
I0418 09:09:50.019243  6080 data_layer.cpp:130] Transform time: 109.377 ms.
I0418 09:09:50.878650  7952 caffe.cpp:314] Batch 3552, accuracy1+2 = 1
I0418 09:09:50.878650  7952 caffe.cpp:314] Batch 3552, accuracy1+2+3 = 1
I0418 09:09:51.003661  6080 data_layer.cpp:128] Prefetch batch: 125 ms.
I0418 09:09:51.003661  6080 data_layer.cpp:129]      Read time: 93.753 ms.
I0418 09:09:51.003661  6080 data_layer.cpp:130] Transform time: 31.258 ms.
I0418 09:09:51.863065  7952 caffe.cpp:314] Batch 3553, accuracy1+2 = 1
I0418 09:09:51.863065  7952 caffe.cpp:314] Batch 3553, accuracy1+2+3 = 1
I0418 09:09:51.988072  6080 data_layer.cpp:128] Prefetch batch: 125 ms.
I0418 09:09:51.988072  6080 data_layer.cpp:129]      Read time: 93.757 ms.
I0418 09:09:51.988072  6080 data_layer.cpp:130] Transform time: 31.25 ms.
I0418 09:09:52.831854  7952 caffe.cpp:314] Batch 3554, accuracy1+2 = 1
I0418 09:09:52.831854  7952 caffe.cpp:314] Batch 3554, accuracy1+2+3 = 1
I0418 09:09:52.956858  6080 data_layer.cpp:128] Prefetch batch: 125 ms.
I0418 09:09:52.956858  6080 data_layer.cpp:129]      Read time: 93.756 ms.
I0418 09:09:52.956858  6080 data_layer.cpp:130] Transform time: 31.248 ms.
I0418 09:09:53.800642  7952 caffe.cpp:314] Batch 3555, accuracy1+2 = 1
I0418 09:09:53.800642  7952 caffe.cpp:314] Batch 3555, accuracy1+2+3 = 1
I0418 09:09:53.925642  6080 data_layer.cpp:128] Prefetch batch: 125 ms.
I0418 09:09:53.925642  6080 data_layer.cpp:129]      Read time: 93.765 ms.
I0418 09:09:53.925642  6080 data_layer.cpp:130] Transform time: 31.235 ms.
I0418 09:09:54.785056  7952 caffe.cpp:314] Batch 3556, accuracy1+2 = 1
I0418 09:09:54.785056  7952 caffe.cpp:314] Batch 3556, accuracy1+2+3 = 1
I0418 09:09:54.910058  6080 data_layer.cpp:128] Prefetch batch: 125 ms.
I0418 09:09:54.910058  6080 data_layer.cpp:129]      Read time: 78.128 ms.
I0418 09:09:54.910058  6080 data_layer.cpp:130] Transform time: 46.873 ms.
I0418 09:09:55.753844  7952 caffe.cpp:314] Batch 3557, accuracy1+2 = 0
I0418 09:09:55.753844  7952 caffe.cpp:314] Batch 3557, accuracy1+2+3 = 1
I0418 09:09:55.847601  6080 data_layer.cpp:128] Prefetch batch: 93 ms.
I0418 09:09:55.847601  6080 data_layer.cpp:129]      Read time: 0 ms.
I0418 09:09:55.847601  6080 data_layer.cpp:130] Transform time: 93.758 ms.
I0418 09:09:56.722635  7952 caffe.cpp:314] Batch 3558, accuracy1+2 = 1
I0418 09:09:56.722635  7952 caffe.cpp:314] Batch 3558, accuracy1+2+3 = 1
I0418 09:09:56.847636  6080 data_layer.cpp:128] Prefetch batch: 125 ms.
I0418 09:09:56.847636  6080 data_layer.cpp:129]      Read time: 93.753 ms.
I0418 09:09:56.847636  6080 data_layer.cpp:130] Transform time: 31.248 ms.
I0418 09:09:57.691416  7952 caffe.cpp:314] Batch 3559, accuracy1+2 = 0
I0418 09:09:57.691416  7952 caffe.cpp:314] Batch 3559, accuracy1+2+3 = 0
I0418 09:09:57.816426  6080 data_layer.cpp:128] Prefetch batch: 125 ms.
I0418 09:09:57.816426  6080 data_layer.cpp:129]      Read time: 93.765 ms.
I0418 09:09:57.816426  6080 data_layer.cpp:130] Transform time: 31.245 ms.
I0418 09:09:58.675837  7952 caffe.cpp:314] Batch 3560, accuracy1+2 = 0
I0418 09:09:58.675837  7952 caffe.cpp:314] Batch 3560, accuracy1+2+3 = 1
I0418 09:09:58.800837  6080 data_layer.cpp:128] Prefetch batch: 124 ms.
I0418 09:09:58.800837  6080 data_layer.cpp:129]      Read time: 93.758 ms.
I0418 09:09:58.800837  6080 data_layer.cpp:130] Transform time: 31.241 ms.
I0418 09:09:59.644623  7952 caffe.cpp:314] Batch 3561, accuracy1+2 = 1
I0418 09:09:59.644623  7952 caffe.cpp:314] Batch 3561, accuracy1+2+3 = 1
I0418 09:09:59.769629  6080 data_layer.cpp:128] Prefetch batch: 125 ms.
I0418 09:09:59.769629  6080 data_layer.cpp:129]      Read time: 93.752 ms.
I0418 09:09:59.769629  6080 data_layer.cpp:130] Transform time: 31.253 ms.
I0418 09:10:00.613411  7952 caffe.cpp:314] Batch 3562, accuracy1+2 = 1
I0418 09:10:00.613411  7952 caffe.cpp:314] Batch 3562, accuracy1+2+3 = 1
I0418 09:10:00.722792  6080 data_layer.cpp:128] Prefetch batch: 109 ms.
I0418 09:10:00.722792  6080 data_layer.cpp:129]      Read time: 0 ms.
I0418 09:10:00.722792  6080 data_layer.cpp:130] Transform time: 109.381 ms.
I0418 09:10:01.597825  7952 caffe.cpp:314] Batch 3563, accuracy1+2 = 1
I0418 09:10:01.597825  7952 caffe.cpp:314] Batch 3563, accuracy1+2+3 = 1
I0418 09:10:01.722826  6080 data_layer.cpp:128] Prefetch batch: 125 ms.
I0418 09:10:01.722826  6080 data_layer.cpp:129]      Read time: 78.127 ms.
I0418 09:10:01.722826  6080 data_layer.cpp:130] Transform time: 46.874 ms.
I0418 09:10:02.566612  7952 caffe.cpp:314] Batch 3564, accuracy1+2 = 1
I0418 09:10:02.566612  7952 caffe.cpp:314] Batch 3564, accuracy1+2+3 = 1
I0418 09:10:02.691606  6080 data_layer.cpp:128] Prefetch batch: 124 ms.
I0418 09:10:02.691606  6080 data_layer.cpp:129]      Read time: 93.751 ms.
I0418 09:10:02.691606  6080 data_layer.cpp:130] Transform time: 31.243 ms.
I0418 09:10:03.566639  7952 caffe.cpp:314] Batch 3565, accuracy1+2 = 0
I0418 09:10:03.566639  7952 caffe.cpp:314] Batch 3565, accuracy1+2+3 = 0
I0418 09:10:03.707280  6080 data_layer.cpp:128] Prefetch batch: 140 ms.
I0418 09:10:03.707280  6080 data_layer.cpp:129]      Read time: 93.762 ms.
I0418 09:10:03.707280  6080 data_layer.cpp:130] Transform time: 46.879 ms.
I0418 09:10:04.582304  7952 caffe.cpp:314] Batch 3566, accuracy1+2 = 0
I0418 09:10:04.582304  7952 caffe.cpp:314] Batch 3566, accuracy1+2+3 = 1
I0418 09:10:04.691697  6080 data_layer.cpp:128] Prefetch batch: 109 ms.
I0418 09:10:04.691697  6080 data_layer.cpp:129]      Read time: 0 ms.
I0418 09:10:04.691697  6080 data_layer.cpp:130] Transform time: 109.393 ms.
I0418 09:10:05.551100  7952 caffe.cpp:314] Batch 3567, accuracy1+2 = 1
I0418 09:10:05.551100  7952 caffe.cpp:314] Batch 3567, accuracy1+2+3 = 1
I0418 09:10:05.676111  6080 data_layer.cpp:128] Prefetch batch: 125 ms.
I0418 09:10:05.676111  6080 data_layer.cpp:129]      Read time: 93.756 ms.
I0418 09:10:05.676111  6080 data_layer.cpp:130] Transform time: 31.255 ms.
I0418 09:10:06.519891  7952 caffe.cpp:314] Batch 3568, accuracy1+2 = 1
I0418 09:10:06.519891  7952 caffe.cpp:314] Batch 3568, accuracy1+2+3 = 1
I0418 09:10:06.644898  6080 data_layer.cpp:128] Prefetch batch: 125 ms.
I0418 09:10:06.644898  6080 data_layer.cpp:129]      Read time: 93.753 ms.
I0418 09:10:06.644898  6080 data_layer.cpp:130] Transform time: 31.254 ms.
I0418 09:10:07.504302  7952 caffe.cpp:314] Batch 3569, accuracy1+2 = 1
I0418 09:10:07.504302  7952 caffe.cpp:314] Batch 3569, accuracy1+2+3 = 1
I0418 09:10:07.629308  6080 data_layer.cpp:128] Prefetch batch: 125 ms.
I0418 09:10:07.629308  6080 data_layer.cpp:129]      Read time: 78.135 ms.
I0418 09:10:07.629308  6080 data_layer.cpp:130] Transform time: 46.872 ms.
I0418 09:10:08.473095  7952 caffe.cpp:314] Batch 3570, accuracy1+2 = 1
I0418 09:10:08.473095  7952 caffe.cpp:314] Batch 3570, accuracy1+2+3 = 1
I0418 09:10:08.598098  6080 data_layer.cpp:128] Prefetch batch: 125 ms.
I0418 09:10:08.598098  6080 data_layer.cpp:129]      Read time: 93.747 ms.
I0418 09:10:08.598098  6080 data_layer.cpp:130] Transform time: 31.255 ms.
I0418 09:10:09.441877  7952 caffe.cpp:314] Batch 3571, accuracy1+2 = 1
I0418 09:10:09.441877  7952 caffe.cpp:314] Batch 3571, accuracy1+2+3 = 1
I0418 09:10:09.551264  6080 data_layer.cpp:128] Prefetch batch: 109 ms.
I0418 09:10:09.551264  6080 data_layer.cpp:129]      Read time: 0 ms.
I0418 09:10:09.551264  6080 data_layer.cpp:130] Transform time: 109.386 ms.
I0418 09:10:10.410665  7952 caffe.cpp:314] Batch 3572, accuracy1+2 = 1
I0418 09:10:10.410665  7952 caffe.cpp:314] Batch 3572, accuracy1+2+3 = 1
I0418 09:10:10.551296  6080 data_layer.cpp:128] Prefetch batch: 140 ms.
I0418 09:10:10.551296  6080 data_layer.cpp:129]      Read time: 93.755 ms.
I0418 09:10:10.551296  6080 data_layer.cpp:130] Transform time: 46.877 ms.
I0418 09:10:11.395084  7952 caffe.cpp:314] Batch 3573, accuracy1+2 = 1
I0418 09:10:11.395084  7952 caffe.cpp:314] Batch 3573, accuracy1+2+3 = 1
I0418 09:10:11.520083  6080 data_layer.cpp:128] Prefetch batch: 124 ms.
I0418 09:10:11.520083  6080 data_layer.cpp:129]      Read time: 78.128 ms.
I0418 09:10:11.520083  6080 data_layer.cpp:130] Transform time: 46.871 ms.
I0418 09:10:12.363868  7952 caffe.cpp:314] Batch 3574, accuracy1+2 = 1
I0418 09:10:12.363868  7952 caffe.cpp:314] Batch 3574, accuracy1+2+3 = 1
I0418 09:10:12.473248  6080 data_layer.cpp:128] Prefetch batch: 109 ms.
I0418 09:10:12.473248  6080 data_layer.cpp:129]      Read time: 0 ms.
I0418 09:10:12.473248  6080 data_layer.cpp:130] Transform time: 109.379 ms.
I0418 09:10:13.332656  7952 caffe.cpp:314] Batch 3575, accuracy1+2 = 1
I0418 09:10:13.332656  7952 caffe.cpp:314] Batch 3575, accuracy1+2+3 = 1
I0418 09:10:13.457661  6080 data_layer.cpp:128] Prefetch batch: 125 ms.
I0418 09:10:13.457661  6080 data_layer.cpp:129]      Read time: 93.756 ms.
I0418 09:10:13.457661  6080 data_layer.cpp:130] Transform time: 31.249 ms.
I0418 09:10:14.317075  7952 caffe.cpp:314] Batch 3576, accuracy1+2 = 1
I0418 09:10:14.317075  7952 caffe.cpp:314] Batch 3576, accuracy1+2+3 = 1
I0418 09:10:14.442080  6080 data_layer.cpp:128] Prefetch batch: 125 ms.
I0418 09:10:14.442080  6080 data_layer.cpp:129]      Read time: 78.134 ms.
I0418 09:10:14.442080  6080 data_layer.cpp:130] Transform time: 46.871 ms.
I0418 09:10:15.285861  7952 caffe.cpp:314] Batch 3577, accuracy1+2 = 1
I0418 09:10:15.285861  7952 caffe.cpp:314] Batch 3577, accuracy1+2+3 = 1
I0418 09:10:15.410868  6080 data_layer.cpp:128] Prefetch batch: 125 ms.
I0418 09:10:15.410868  6080 data_layer.cpp:129]      Read time: 93.752 ms.
I0418 09:10:15.410868  6080 data_layer.cpp:130] Transform time: 31.256 ms.
I0418 09:10:16.254647  7952 caffe.cpp:314] Batch 3578, accuracy1+2 = 1
I0418 09:10:16.254647  7952 caffe.cpp:314] Batch 3578, accuracy1+2+3 = 1
I0418 09:10:16.364023  6080 data_layer.cpp:128] Prefetch batch: 109 ms.
I0418 09:10:16.364023  6080 data_layer.cpp:129]      Read time: 0 ms.
I0418 09:10:16.364023  6080 data_layer.cpp:130] Transform time: 109.376 ms.
I0418 09:10:17.223433  7952 caffe.cpp:314] Batch 3579, accuracy1+2 = 1
I0418 09:10:17.223433  7952 caffe.cpp:314] Batch 3579, accuracy1+2+3 = 1
I0418 09:10:17.348436  6080 data_layer.cpp:128] Prefetch batch: 125 ms.
I0418 09:10:17.348436  6080 data_layer.cpp:129]      Read time: 93.76 ms.
I0418 09:10:17.348436  6080 data_layer.cpp:130] Transform time: 31.243 ms.
I0418 09:10:18.207850  7952 caffe.cpp:314] Batch 3580, accuracy1+2 = 1
I0418 09:10:18.207850  7952 caffe.cpp:314] Batch 3580, accuracy1+2+3 = 1
I0418 09:10:18.332856  6080 data_layer.cpp:128] Prefetch batch: 125 ms.
I0418 09:10:18.332856  6080 data_layer.cpp:129]      Read time: 78.13 ms.
I0418 09:10:18.332856  6080 data_layer.cpp:130] Transform time: 46.876 ms.
I0418 09:10:19.176637  7952 caffe.cpp:314] Batch 3581, accuracy1+2 = 1
I0418 09:10:19.176637  7952 caffe.cpp:314] Batch 3581, accuracy1+2+3 = 1
I0418 09:10:19.301646  6080 data_layer.cpp:128] Prefetch batch: 125 ms.
I0418 09:10:19.301646  6080 data_layer.cpp:129]      Read time: 93.752 ms.
I0418 09:10:19.301646  6080 data_layer.cpp:130] Transform time: 31.257 ms.
I0418 09:10:20.145426  7952 caffe.cpp:314] Batch 3582, accuracy1+2 = 1
I0418 09:10:20.145426  7952 caffe.cpp:314] Batch 3582, accuracy1+2+3 = 1
I0418 09:10:20.270431  6080 data_layer.cpp:128] Prefetch batch: 125 ms.
I0418 09:10:20.270431  6080 data_layer.cpp:129]      Read time: 93.753 ms.
I0418 09:10:20.270431  6080 data_layer.cpp:130] Transform time: 31.252 ms.
I0418 09:10:21.114223  7952 caffe.cpp:314] Batch 3583, accuracy1+2 = 1
I0418 09:10:21.114223  7952 caffe.cpp:314] Batch 3583, accuracy1+2+3 = 1
I0418 09:10:21.223598  6080 data_layer.cpp:128] Prefetch batch: 109 ms.
I0418 09:10:21.223598  6080 data_layer.cpp:129]      Read time: 0 ms.
I0418 09:10:21.223598  6080 data_layer.cpp:130] Transform time: 109.375 ms.
I0418 09:10:22.098623  7952 caffe.cpp:314] Batch 3584, accuracy1+2 = 1
I0418 09:10:22.098623  7952 caffe.cpp:314] Batch 3584, accuracy1+2+3 = 1
I0418 09:10:22.223628  6080 data_layer.cpp:128] Prefetch batch: 125 ms.
I0418 09:10:22.223628  6080 data_layer.cpp:129]      Read time: 93.757 ms.
I0418 09:10:22.223628  6080 data_layer.cpp:130] Transform time: 31.248 ms.
I0418 09:10:23.067410  7952 caffe.cpp:314] Batch 3585, accuracy1+2 = 1
I0418 09:10:23.067410  7952 caffe.cpp:314] Batch 3585, accuracy1+2+3 = 1
I0418 09:10:23.192420  6080 data_layer.cpp:128] Prefetch batch: 125 ms.
I0418 09:10:23.192420  6080 data_layer.cpp:129]      Read time: 93.756 ms.
I0418 09:10:23.192420  6080 data_layer.cpp:130] Transform time: 31.254 ms.
I0418 09:10:24.036206  7952 caffe.cpp:314] Batch 3586, accuracy1+2 = 1
I0418 09:10:24.036206  7952 caffe.cpp:314] Batch 3586, accuracy1+2+3 = 1
I0418 09:10:24.176836  6080 data_layer.cpp:128] Prefetch batch: 140 ms.
I0418 09:10:24.176836  6080 data_layer.cpp:129]      Read time: 93.748 ms.
I0418 09:10:24.176836  6080 data_layer.cpp:130] Transform time: 46.882 ms.
I0418 09:10:25.020612  7952 caffe.cpp:314] Batch 3587, accuracy1+2 = 0
I0418 09:10:25.020612  7952 caffe.cpp:314] Batch 3587, accuracy1+2+3 = 0
I0418 09:10:25.114367  6080 data_layer.cpp:128] Prefetch batch: 93 ms.
I0418 09:10:25.114367  6080 data_layer.cpp:129]      Read time: 0 ms.
I0418 09:10:25.114367  6080 data_layer.cpp:130] Transform time: 93.755 ms.
I0418 09:10:25.989408  7952 caffe.cpp:314] Batch 3588, accuracy1+2 = 0
I0418 09:10:25.989408  7952 caffe.cpp:314] Batch 3588, accuracy1+2+3 = 0
I0418 09:10:26.114408  6080 data_layer.cpp:128] Prefetch batch: 124 ms.
I0418 09:10:26.114408  6080 data_layer.cpp:129]      Read time: 93.75 ms.
I0418 09:10:26.114408  6080 data_layer.cpp:130] Transform time: 31.249 ms.
I0418 09:10:26.958189  7952 caffe.cpp:314] Batch 3589, accuracy1+2 = 1
I0418 09:10:26.958189  7952 caffe.cpp:314] Batch 3589, accuracy1+2+3 = 1
I0418 09:10:27.098822  6080 data_layer.cpp:128] Prefetch batch: 140 ms.
I0418 09:10:27.098822  6080 data_layer.cpp:129]      Read time: 93.752 ms.
I0418 09:10:27.098822  6080 data_layer.cpp:130] Transform time: 31.259 ms.
I0418 09:10:27.942606  7952 caffe.cpp:314] Batch 3590, accuracy1+2 = 1
I0418 09:10:27.942606  7952 caffe.cpp:314] Batch 3590, accuracy1+2+3 = 1
I0418 09:10:28.067613  6080 data_layer.cpp:128] Prefetch batch: 125 ms.
I0418 09:10:28.067613  6080 data_layer.cpp:129]      Read time: 31.253 ms.
I0418 09:10:28.067613  6080 data_layer.cpp:130] Transform time: 93.754 ms.
I0418 09:10:28.911391  7952 caffe.cpp:314] Batch 3591, accuracy1+2 = 0
I0418 09:10:28.911391  7952 caffe.cpp:314] Batch 3591, accuracy1+2+3 = 0
I0418 09:10:29.036397  6080 data_layer.cpp:128] Prefetch batch: 125 ms.
I0418 09:10:29.036397  6080 data_layer.cpp:129]      Read time: 78.127 ms.
I0418 09:10:29.036397  6080 data_layer.cpp:130] Transform time: 46.879 ms.
I0418 09:10:29.880182  7952 caffe.cpp:314] Batch 3592, accuracy1+2 = 1
I0418 09:10:29.880182  7952 caffe.cpp:314] Batch 3592, accuracy1+2+3 = 1
I0418 09:10:30.052060  6080 data_layer.cpp:128] Prefetch batch: 171 ms.
I0418 09:10:30.052060  6080 data_layer.cpp:129]      Read time: 156.252 ms.
I0418 09:10:30.052060  6080 data_layer.cpp:130] Transform time: 15.626 ms.
I0418 09:10:30.864593  7952 caffe.cpp:314] Batch 3593, accuracy1+2 = 0
I0418 09:10:30.864593  7952 caffe.cpp:314] Batch 3593, accuracy1+2+3 = 0
I0418 09:10:30.958351  6080 data_layer.cpp:128] Prefetch batch: 93 ms.
I0418 09:10:30.958351  6080 data_layer.cpp:129]      Read time: 0 ms.
I0418 09:10:30.958351  6080 data_layer.cpp:130] Transform time: 93.758 ms.
I0418 09:10:31.833384  7952 caffe.cpp:314] Batch 3594, accuracy1+2 = 1
I0418 09:10:31.833384  7952 caffe.cpp:314] Batch 3594, accuracy1+2+3 = 1
I0418 09:10:31.958387  6080 data_layer.cpp:128] Prefetch batch: 125 ms.
I0418 09:10:31.958387  6080 data_layer.cpp:129]      Read time: 93.762 ms.
I0418 09:10:31.958387  6080 data_layer.cpp:130] Transform time: 31.242 ms.
I0418 09:10:32.802171  7952 caffe.cpp:314] Batch 3595, accuracy1+2 = 1
I0418 09:10:32.802171  7952 caffe.cpp:314] Batch 3595, accuracy1+2+3 = 1
I0418 09:10:32.927176  6080 data_layer.cpp:128] Prefetch batch: 125 ms.
I0418 09:10:32.927176  6080 data_layer.cpp:129]      Read time: 93.756 ms.
I0418 09:10:32.927176  6080 data_layer.cpp:130] Transform time: 31.249 ms.
I0418 09:10:33.786584  7952 caffe.cpp:314] Batch 3596, accuracy1+2 = 1
I0418 09:10:33.786584  7952 caffe.cpp:314] Batch 3596, accuracy1+2+3 = 1
I0418 09:10:33.911588  6080 data_layer.cpp:128] Prefetch batch: 125 ms.
I0418 09:10:33.911588  6080 data_layer.cpp:129]      Read time: 78.126 ms.
I0418 09:10:33.911588  6080 data_layer.cpp:130] Transform time: 46.878 ms.
I0418 09:10:34.755378  7952 caffe.cpp:314] Batch 3597, accuracy1+2 = 1
I0418 09:10:34.755378  7952 caffe.cpp:314] Batch 3597, accuracy1+2+3 = 1
I0418 09:10:34.880378  6080 data_layer.cpp:128] Prefetch batch: 125 ms.
I0418 09:10:34.880378  6080 data_layer.cpp:129]      Read time: 93.748 ms.
I0418 09:10:34.880378  6080 data_layer.cpp:130] Transform time: 31.252 ms.
I0418 09:10:35.739789  7952 caffe.cpp:314] Batch 3598, accuracy1+2 = 1
I0418 09:10:35.739789  7952 caffe.cpp:314] Batch 3598, accuracy1+2+3 = 1
I0418 09:10:35.864791  6080 data_layer.cpp:128] Prefetch batch: 125 ms.
I0418 09:10:35.864791  6080 data_layer.cpp:129]      Read time: 93.753 ms.
I0418 09:10:35.864791  6080 data_layer.cpp:130] Transform time: 31.249 ms.
I0418 09:10:36.708573  7952 caffe.cpp:314] Batch 3599, accuracy1+2 = 1
I0418 09:10:36.708573  7952 caffe.cpp:314] Batch 3599, accuracy1+2+3 = 1
I0418 09:10:36.817952  6080 data_layer.cpp:128] Prefetch batch: 109 ms.
I0418 09:10:36.817952  6080 data_layer.cpp:129]      Read time: 0 ms.
I0418 09:10:36.817952  6080 data_layer.cpp:130] Transform time: 109.379 ms.
I0418 09:10:37.677361  7952 caffe.cpp:314] Batch 3600, accuracy1+2 = 0
I0418 09:10:37.677361  7952 caffe.cpp:314] Batch 3600, accuracy1+2+3 = 0
I0418 09:10:37.802366  6080 data_layer.cpp:128] Prefetch batch: 125 ms.
I0418 09:10:37.802366  6080 data_layer.cpp:129]      Read time: 93.755 ms.
I0418 09:10:37.802366  6080 data_layer.cpp:130] Transform time: 31.249 ms.
I0418 09:10:38.661777  7952 caffe.cpp:314] Batch 3601, accuracy1+2 = 1
I0418 09:10:38.661777  7952 caffe.cpp:314] Batch 3601, accuracy1+2+3 = 1
I0418 09:10:38.786785  6080 data_layer.cpp:128] Prefetch batch: 125 ms.
I0418 09:10:38.786785  6080 data_layer.cpp:129]      Read time: 78.132 ms.
I0418 09:10:38.786785  6080 data_layer.cpp:130] Transform time: 46.876 ms.
I0418 09:10:39.630561  7952 caffe.cpp:314] Batch 3602, accuracy1+2 = 1
I0418 09:10:39.630561  7952 caffe.cpp:314] Batch 3602, accuracy1+2+3 = 1
I0418 09:10:39.724318  6080 data_layer.cpp:128] Prefetch batch: 93 ms.
I0418 09:10:39.724318  6080 data_layer.cpp:129]      Read time: 0 ms.
I0418 09:10:39.724318  6080 data_layer.cpp:130] Transform time: 93.756 ms.
I0418 09:10:40.630597  7952 caffe.cpp:314] Batch 3603, accuracy1+2 = 1
I0418 09:10:40.630597  7952 caffe.cpp:314] Batch 3603, accuracy1+2+3 = 1
I0418 09:10:40.755599  6080 data_layer.cpp:128] Prefetch batch: 125 ms.
I0418 09:10:40.755599  6080 data_layer.cpp:129]      Read time: 93.75 ms.
I0418 09:10:40.755599  6080 data_layer.cpp:130] Transform time: 31.251 ms.
I0418 09:10:41.630646  7952 caffe.cpp:314] Batch 3604, accuracy1+2 = 0
I0418 09:10:41.630646  7952 caffe.cpp:314] Batch 3604, accuracy1+2+3 = 0
I0418 09:10:41.755646  6080 data_layer.cpp:128] Prefetch batch: 125 ms.
I0418 09:10:41.755646  6080 data_layer.cpp:129]      Read time: 93.751 ms.
I0418 09:10:41.755646  6080 data_layer.cpp:130] Transform time: 31.249 ms.
I0418 09:10:42.615052  7952 caffe.cpp:314] Batch 3605, accuracy1+2 = 1
I0418 09:10:42.615052  7952 caffe.cpp:314] Batch 3605, accuracy1+2+3 = 1
I0418 09:10:42.740064  6080 data_layer.cpp:128] Prefetch batch: 125 ms.
I0418 09:10:42.740064  6080 data_layer.cpp:129]      Read time: 78.129 ms.
I0418 09:10:42.740064  6080 data_layer.cpp:130] Transform time: 46.883 ms.
I0418 09:10:43.583840  7952 caffe.cpp:314] Batch 3606, accuracy1+2 = 0
I0418 09:10:43.583840  7952 caffe.cpp:314] Batch 3606, accuracy1+2+3 = 0
I0418 09:10:43.693222  6080 data_layer.cpp:128] Prefetch batch: 109 ms.
I0418 09:10:43.693222  6080 data_layer.cpp:129]      Read time: 0 ms.
I0418 09:10:43.693222  6080 data_layer.cpp:130] Transform time: 109.381 ms.
I0418 09:10:44.568254  7952 caffe.cpp:314] Batch 3607, accuracy1+2 = 1
I0418 09:10:44.568254  7952 caffe.cpp:314] Batch 3607, accuracy1+2+3 = 1
I0418 09:10:44.693260  6080 data_layer.cpp:128] Prefetch batch: 125 ms.
I0418 09:10:44.693260  6080 data_layer.cpp:129]      Read time: 78.13 ms.
I0418 09:10:44.693260  6080 data_layer.cpp:130] Transform time: 46.876 ms.
I0418 09:10:45.537047  7952 caffe.cpp:314] Batch 3608, accuracy1+2 = 0
I0418 09:10:45.537047  7952 caffe.cpp:314] Batch 3608, accuracy1+2+3 = 0
I0418 09:10:45.662052  6080 data_layer.cpp:128] Prefetch batch: 125 ms.
I0418 09:10:45.662052  6080 data_layer.cpp:129]      Read time: 93.758 ms.
I0418 09:10:45.662052  6080 data_layer.cpp:130] Transform time: 31.247 ms.
I0418 09:10:46.505832  7952 caffe.cpp:314] Batch 3609, accuracy1+2 = 1
I0418 09:10:46.505832  7952 caffe.cpp:314] Batch 3609, accuracy1+2+3 = 1
I0418 09:10:46.615214  6080 data_layer.cpp:128] Prefetch batch: 109 ms.
I0418 09:10:46.615214  6080 data_layer.cpp:129]      Read time: 0 ms.
I0418 09:10:46.615214  6080 data_layer.cpp:130] Transform time: 109.382 ms.
I0418 09:10:47.474622  7952 caffe.cpp:314] Batch 3610, accuracy1+2 = 1
I0418 09:10:47.474622  7952 caffe.cpp:314] Batch 3610, accuracy1+2+3 = 1
I0418 09:10:47.599630  6080 data_layer.cpp:128] Prefetch batch: 125 ms.
I0418 09:10:47.599630  6080 data_layer.cpp:129]      Read time: 93.757 ms.
I0418 09:10:47.599630  6080 data_layer.cpp:130] Transform time: 31.251 ms.
I0418 09:10:48.459038  7952 caffe.cpp:314] Batch 3611, accuracy1+2 = 1
I0418 09:10:48.459038  7952 caffe.cpp:314] Batch 3611, accuracy1+2+3 = 1
I0418 09:10:48.584038  6080 data_layer.cpp:128] Prefetch batch: 125 ms.
I0418 09:10:48.584038  6080 data_layer.cpp:129]      Read time: 78.125 ms.
I0418 09:10:48.584038  6080 data_layer.cpp:130] Transform time: 46.875 ms.
I0418 09:10:49.427819  7952 caffe.cpp:314] Batch 3612, accuracy1+2 = 1
I0418 09:10:49.427819  7952 caffe.cpp:314] Batch 3612, accuracy1+2+3 = 1
I0418 09:10:49.552825  6080 data_layer.cpp:128] Prefetch batch: 125 ms.
I0418 09:10:49.552825  6080 data_layer.cpp:129]      Read time: 109.383 ms.
I0418 09:10:49.552825  6080 data_layer.cpp:130] Transform time: 15.623 ms.
I0418 09:10:50.396612  7952 caffe.cpp:314] Batch 3613, accuracy1+2 = 0
I0418 09:10:50.396612  7952 caffe.cpp:314] Batch 3613, accuracy1+2+3 = 0
I0418 09:10:50.521616  6080 data_layer.cpp:128] Prefetch batch: 125 ms.
I0418 09:10:50.521616  6080 data_layer.cpp:129]      Read time: 109.379 ms.
I0418 09:10:50.521616  6080 data_layer.cpp:130] Transform time: 15.625 ms.
I0418 09:10:51.381028  7952 caffe.cpp:314] Batch 3614, accuracy1+2 = 0
I0418 09:10:51.381028  7952 caffe.cpp:314] Batch 3614, accuracy1+2+3 = 0
I0418 09:10:51.506032  6080 data_layer.cpp:128] Prefetch batch: 125 ms.
I0418 09:10:51.506032  6080 data_layer.cpp:129]      Read time: 78.123 ms.
I0418 09:10:51.506032  6080 data_layer.cpp:130] Transform time: 46.881 ms.
I0418 09:10:52.349809  7952 caffe.cpp:314] Batch 3615, accuracy1+2 = 1
I0418 09:10:52.349809  7952 caffe.cpp:314] Batch 3615, accuracy1+2+3 = 1
I0418 09:10:52.459193  6080 data_layer.cpp:128] Prefetch batch: 109 ms.
I0418 09:10:52.459193  6080 data_layer.cpp:129]      Read time: 0 ms.
I0418 09:10:52.459193  6080 data_layer.cpp:130] Transform time: 109.384 ms.
I0418 09:10:53.318603  7952 caffe.cpp:314] Batch 3616, accuracy1+2 = 1
I0418 09:10:53.318603  7952 caffe.cpp:314] Batch 3616, accuracy1+2+3 = 1
I0418 09:10:53.474859  6080 data_layer.cpp:128] Prefetch batch: 156 ms.
I0418 09:10:53.474859  6080 data_layer.cpp:129]      Read time: 140.625 ms.
I0418 09:10:53.474859  6080 data_layer.cpp:130] Transform time: 15.631 ms.
I0418 09:10:54.303010  7952 caffe.cpp:314] Batch 3617, accuracy1+2 = 1
I0418 09:10:54.303010  7952 caffe.cpp:314] Batch 3617, accuracy1+2+3 = 1
I0418 09:10:54.428015  6080 data_layer.cpp:128] Prefetch batch: 125 ms.
I0418 09:10:54.428015  6080 data_layer.cpp:129]      Read time: 78.134 ms.
I0418 09:10:54.428015  6080 data_layer.cpp:130] Transform time: 46.871 ms.
I0418 09:10:55.271805  7952 caffe.cpp:314] Batch 3618, accuracy1+2 = 1
I0418 09:10:55.271805  7952 caffe.cpp:314] Batch 3618, accuracy1+2+3 = 1
I0418 09:10:55.396812  6080 data_layer.cpp:128] Prefetch batch: 125 ms.
I0418 09:10:55.396812  6080 data_layer.cpp:129]      Read time: 93.752 ms.
I0418 09:10:55.396812  6080 data_layer.cpp:130] Transform time: 31.256 ms.
I0418 09:10:56.240587  7952 caffe.cpp:314] Batch 3619, accuracy1+2 = 1
I0418 09:10:56.240587  7952 caffe.cpp:314] Batch 3619, accuracy1+2+3 = 1
I0418 09:10:56.349969  6080 data_layer.cpp:128] Prefetch batch: 109 ms.
I0418 09:10:56.349969  6080 data_layer.cpp:129]      Read time: 0 ms.
I0418 09:10:56.349969  6080 data_layer.cpp:130] Transform time: 109.382 ms.
I0418 09:10:57.209380  7952 caffe.cpp:314] Batch 3620, accuracy1+2 = 1
I0418 09:10:57.209380  7952 caffe.cpp:314] Batch 3620, accuracy1+2+3 = 1
I0418 09:10:57.334385  6080 data_layer.cpp:128] Prefetch batch: 125 ms.
I0418 09:10:57.334385  6080 data_layer.cpp:129]      Read time: 93.753 ms.
I0418 09:10:57.334385  6080 data_layer.cpp:130] Transform time: 31.252 ms.
I0418 09:10:58.193795  7952 caffe.cpp:314] Batch 3621, accuracy1+2 = 1
I0418 09:10:58.193795  7952 caffe.cpp:314] Batch 3621, accuracy1+2+3 = 1
I0418 09:10:58.318797  6080 data_layer.cpp:128] Prefetch batch: 125 ms.
I0418 09:10:58.318797  6080 data_layer.cpp:129]      Read time: 78.127 ms.
I0418 09:10:58.318797  6080 data_layer.cpp:130] Transform time: 46.875 ms.
I0418 09:10:59.162578  7952 caffe.cpp:314] Batch 3622, accuracy1+2 = 1
I0418 09:10:59.162578  7952 caffe.cpp:314] Batch 3622, accuracy1+2+3 = 1
I0418 09:10:59.287588  6080 data_layer.cpp:128] Prefetch batch: 125 ms.
I0418 09:10:59.287588  6080 data_layer.cpp:129]      Read time: 93.752 ms.
I0418 09:10:59.287588  6080 data_layer.cpp:130] Transform time: 31.258 ms.
I0418 09:11:00.131372  7952 caffe.cpp:314] Batch 3623, accuracy1+2 = 1
I0418 09:11:00.131372  7952 caffe.cpp:314] Batch 3623, accuracy1+2+3 = 1
I0418 09:11:00.256373  6080 data_layer.cpp:128] Prefetch batch: 125 ms.
I0418 09:11:00.256373  6080 data_layer.cpp:129]      Read time: 93.754 ms.
I0418 09:11:00.256373  6080 data_layer.cpp:130] Transform time: 31.247 ms.
I0418 09:11:01.100159  7952 caffe.cpp:314] Batch 3624, accuracy1+2 = 1
I0418 09:11:01.100159  7952 caffe.cpp:314] Batch 3624, accuracy1+2+3 = 1
I0418 09:11:01.209532  6080 data_layer.cpp:128] Prefetch batch: 109 ms.
I0418 09:11:01.209532  6080 data_layer.cpp:129]      Read time: 0 ms.
I0418 09:11:01.209532  6080 data_layer.cpp:130] Transform time: 109.373 ms.
I0418 09:11:02.084569  7952 caffe.cpp:314] Batch 3625, accuracy1+2 = 1
I0418 09:11:02.084569  7952 caffe.cpp:314] Batch 3625, accuracy1+2+3 = 1
I0418 09:11:02.209575  6080 data_layer.cpp:128] Prefetch batch: 125 ms.
I0418 09:11:02.209575  6080 data_layer.cpp:129]      Read time: 78.126 ms.
I0418 09:11:02.209575  6080 data_layer.cpp:130] Transform time: 46.88 ms.
I0418 09:11:03.053349  7952 caffe.cpp:314] Batch 3626, accuracy1+2 = 1
I0418 09:11:03.053349  7952 caffe.cpp:314] Batch 3626, accuracy1+2+3 = 1
I0418 09:11:03.178352  6080 data_layer.cpp:128] Prefetch batch: 125 ms.
I0418 09:11:03.178352  6080 data_layer.cpp:129]      Read time: 93.753 ms.
I0418 09:11:03.178352  6080 data_layer.cpp:130] Transform time: 31.251 ms.
I0418 09:11:04.037783  7952 caffe.cpp:314] Batch 3627, accuracy1+2 = 1
I0418 09:11:04.037783  7952 caffe.cpp:314] Batch 3627, accuracy1+2+3 = 1
I0418 09:11:04.162776  6080 data_layer.cpp:128] Prefetch batch: 124 ms.
I0418 09:11:04.162776  6080 data_layer.cpp:129]      Read time: 93.74 ms.
I0418 09:11:04.162776  6080 data_layer.cpp:130] Transform time: 31.253 ms.
I0418 09:11:05.022186  7952 caffe.cpp:314] Batch 3628, accuracy1+2 = 0
I0418 09:11:05.022186  7952 caffe.cpp:314] Batch 3628, accuracy1+2+3 = 0
I0418 09:11:05.147188  6080 data_layer.cpp:128] Prefetch batch: 125 ms.
I0418 09:11:05.147188  6080 data_layer.cpp:129]      Read time: 93.752 ms.
I0418 09:11:05.147188  6080 data_layer.cpp:130] Transform time: 31.251 ms.
I0418 09:11:06.006595  7952 caffe.cpp:314] Batch 3629, accuracy1+2 = 1
I0418 09:11:06.006595  7952 caffe.cpp:314] Batch 3629, accuracy1+2+3 = 1
I0418 09:11:06.131606  6080 data_layer.cpp:128] Prefetch batch: 125 ms.
I0418 09:11:06.131606  6080 data_layer.cpp:129]      Read time: 93.758 ms.
I0418 09:11:06.131606  6080 data_layer.cpp:130] Transform time: 31.253 ms.
I0418 09:11:06.991009  7952 caffe.cpp:314] Batch 3630, accuracy1+2 = 1
I0418 09:11:06.991009  7952 caffe.cpp:314] Batch 3630, accuracy1+2+3 = 1
I0418 09:11:07.084765  6080 data_layer.cpp:128] Prefetch batch: 93 ms.
I0418 09:11:07.084765  6080 data_layer.cpp:129]      Read time: 0 ms.
I0418 09:11:07.084765  6080 data_layer.cpp:130] Transform time: 93.756 ms.
I0418 09:11:07.959803  7952 caffe.cpp:314] Batch 3631, accuracy1+2 = 1
I0418 09:11:07.959803  7952 caffe.cpp:314] Batch 3631, accuracy1+2+3 = 1
I0418 09:11:08.084806  6080 data_layer.cpp:128] Prefetch batch: 125 ms.
I0418 09:11:08.084806  6080 data_layer.cpp:129]      Read time: 93.749 ms.
I0418 09:11:08.084806  6080 data_layer.cpp:130] Transform time: 31.254 ms.
I0418 09:11:08.944214  7952 caffe.cpp:314] Batch 3632, accuracy1+2 = 1
I0418 09:11:08.944214  7952 caffe.cpp:314] Batch 3632, accuracy1+2+3 = 1
I0418 09:11:09.069217  6080 data_layer.cpp:128] Prefetch batch: 125 ms.
I0418 09:11:09.069217  6080 data_layer.cpp:129]      Read time: 78.126 ms.
I0418 09:11:09.069217  6080 data_layer.cpp:130] Transform time: 46.877 ms.
I0418 09:11:09.913000  7952 caffe.cpp:314] Batch 3633, accuracy1+2 = 1
I0418 09:11:09.913000  7952 caffe.cpp:314] Batch 3633, accuracy1+2+3 = 1
I0418 09:11:10.038003  6080 data_layer.cpp:128] Prefetch batch: 125 ms.
I0418 09:11:10.038003  6080 data_layer.cpp:129]      Read time: 93.758 ms.
I0418 09:11:10.038003  6080 data_layer.cpp:130] Transform time: 31.245 ms.
I0418 09:11:10.881786  7952 caffe.cpp:314] Batch 3634, accuracy1+2 = 1
I0418 09:11:10.881786  7952 caffe.cpp:314] Batch 3634, accuracy1+2+3 = 1
I0418 09:11:11.006798  6080 data_layer.cpp:128] Prefetch batch: 125 ms.
I0418 09:11:11.006798  6080 data_layer.cpp:129]      Read time: 93.757 ms.
I0418 09:11:11.006798  6080 data_layer.cpp:130] Transform time: 31.254 ms.
I0418 09:11:11.881855  7952 caffe.cpp:314] Batch 3635, accuracy1+2 = 1
I0418 09:11:11.881855  7952 caffe.cpp:314] Batch 3635, accuracy1+2+3 = 1
I0418 09:11:11.975584  6080 data_layer.cpp:128] Prefetch batch: 93 ms.
I0418 09:11:11.975584  6080 data_layer.cpp:129]      Read time: 0 ms.
I0418 09:11:11.975584  6080 data_layer.cpp:130] Transform time: 93.73 ms.
I0418 09:11:12.866246  7952 caffe.cpp:314] Batch 3636, accuracy1+2 = 0
I0418 09:11:12.866246  7952 caffe.cpp:314] Batch 3636, accuracy1+2+3 = 0
I0418 09:11:12.991245  6080 data_layer.cpp:128] Prefetch batch: 124 ms.
I0418 09:11:12.991245  6080 data_layer.cpp:129]      Read time: 93.749 ms.
I0418 09:11:12.991245  6080 data_layer.cpp:130] Transform time: 31.25 ms.
I0418 09:11:13.850663  7952 caffe.cpp:314] Batch 3637, accuracy1+2 = 0
I0418 09:11:13.850663  7952 caffe.cpp:314] Batch 3637, accuracy1+2+3 = 0
I0418 09:11:13.975659  6080 data_layer.cpp:128] Prefetch batch: 124 ms.
I0418 09:11:13.975659  6080 data_layer.cpp:129]      Read time: 93.747 ms.
I0418 09:11:13.975659  6080 data_layer.cpp:130] Transform time: 31.249 ms.
I0418 09:11:14.835069  7952 caffe.cpp:314] Batch 3638, accuracy1+2 = 1
I0418 09:11:14.835069  7952 caffe.cpp:314] Batch 3638, accuracy1+2+3 = 1
I0418 09:11:14.960078  6080 data_layer.cpp:128] Prefetch batch: 125 ms.
I0418 09:11:14.960078  6080 data_layer.cpp:129]      Read time: 78.127 ms.
I0418 09:11:14.960078  6080 data_layer.cpp:130] Transform time: 46.881 ms.
I0418 09:11:15.803854  7952 caffe.cpp:314] Batch 3639, accuracy1+2 = 1
I0418 09:11:15.803854  7952 caffe.cpp:314] Batch 3639, accuracy1+2+3 = 1
I0418 09:11:15.928864  6080 data_layer.cpp:128] Prefetch batch: 125 ms.
I0418 09:11:15.928864  6080 data_layer.cpp:129]      Read time: 93.756 ms.
I0418 09:11:15.928864  6080 data_layer.cpp:130] Transform time: 31.253 ms.
I0418 09:11:16.788276  7952 caffe.cpp:314] Batch 3640, accuracy1+2 = 1
I0418 09:11:16.788276  7952 caffe.cpp:314] Batch 3640, accuracy1+2+3 = 1
I0418 09:11:16.882022  6080 data_layer.cpp:128] Prefetch batch: 93 ms.
I0418 09:11:16.882022  6080 data_layer.cpp:129]      Read time: 0 ms.
I0418 09:11:16.882022  6080 data_layer.cpp:130] Transform time: 93.746 ms.
I0418 09:11:17.772702  7952 caffe.cpp:314] Batch 3641, accuracy1+2 = 1
I0418 09:11:17.772702  7952 caffe.cpp:314] Batch 3641, accuracy1+2+3 = 1
I0418 09:11:17.897725  6080 data_layer.cpp:128] Prefetch batch: 125 ms.
I0418 09:11:17.897725  6080 data_layer.cpp:129]      Read time: 93.727 ms.
I0418 09:11:17.897725  6080 data_layer.cpp:130] Transform time: 31.296 ms.
I0418 09:11:18.788352  7952 caffe.cpp:314] Batch 3642, accuracy1+2 = 1
I0418 09:11:18.788352  7952 caffe.cpp:314] Batch 3642, accuracy1+2+3 = 1
I0418 09:11:18.913345  6080 data_layer.cpp:128] Prefetch batch: 124 ms.
I0418 09:11:18.913345  6080 data_layer.cpp:129]      Read time: 93.742 ms.
I0418 09:11:18.913345  6080 data_layer.cpp:130] Transform time: 31.252 ms.
I0418 09:11:19.804005  7952 caffe.cpp:314] Batch 3643, accuracy1+2 = 1
I0418 09:11:19.804005  7952 caffe.cpp:314] Batch 3643, accuracy1+2+3 = 1
I0418 09:11:19.929009  6080 data_layer.cpp:128] Prefetch batch: 125 ms.
I0418 09:11:19.929009  6080 data_layer.cpp:129]      Read time: 78.128 ms.
I0418 09:11:19.929009  6080 data_layer.cpp:130] Transform time: 46.876 ms.
I0418 09:11:20.788429  7952 caffe.cpp:314] Batch 3644, accuracy1+2 = 1
I0418 09:11:20.788429  7952 caffe.cpp:314] Batch 3644, accuracy1+2+3 = 1
I0418 09:11:20.913430  6080 data_layer.cpp:128] Prefetch batch: 125 ms.
I0418 09:11:20.913430  6080 data_layer.cpp:129]      Read time: 93.756 ms.
I0418 09:11:20.913430  6080 data_layer.cpp:130] Transform time: 31.245 ms.
I0418 09:11:21.757213  7952 caffe.cpp:314] Batch 3645, accuracy1+2 = 1
I0418 09:11:21.757213  7952 caffe.cpp:314] Batch 3645, accuracy1+2+3 = 1
I0418 09:11:21.960353  6080 data_layer.cpp:128] Prefetch batch: 203 ms.
I0418 09:11:21.960353  6080 data_layer.cpp:129]      Read time: 187.513 ms.
I0418 09:11:21.960353  6080 data_layer.cpp:130] Transform time: 15.627 ms.
I0418 09:11:22.741631  7952 caffe.cpp:314] Batch 3646, accuracy1+2 = 1
I0418 09:11:22.741631  7952 caffe.cpp:314] Batch 3646, accuracy1+2+3 = 1
I0418 09:11:22.866633  6080 data_layer.cpp:128] Prefetch batch: 125 ms.
I0418 09:11:22.866633  6080 data_layer.cpp:129]      Read time: 93.757 ms.
I0418 09:11:22.866633  6080 data_layer.cpp:130] Transform time: 31.246 ms.
I0418 09:11:23.726043  7952 caffe.cpp:314] Batch 3647, accuracy1+2 = 1
I0418 09:11:23.726043  7952 caffe.cpp:314] Batch 3647, accuracy1+2+3 = 1
I0418 09:11:23.819795  6080 data_layer.cpp:128] Prefetch batch: 93 ms.
I0418 09:11:23.819795  6080 data_layer.cpp:129]      Read time: 0 ms.
I0418 09:11:23.819795  6080 data_layer.cpp:130] Transform time: 93.752 ms.
I0418 09:11:24.694833  7952 caffe.cpp:314] Batch 3648, accuracy1+2 = 0
I0418 09:11:24.694833  7952 caffe.cpp:314] Batch 3648, accuracy1+2+3 = 0
I0418 09:11:24.819836  6080 data_layer.cpp:128] Prefetch batch: 125 ms.
I0418 09:11:24.819836  6080 data_layer.cpp:129]      Read time: 93.753 ms.
I0418 09:11:24.819836  6080 data_layer.cpp:130] Transform time: 31.251 ms.
I0418 09:11:25.679246  7952 caffe.cpp:314] Batch 3649, accuracy1+2 = 1
I0418 09:11:25.679246  7952 caffe.cpp:314] Batch 3649, accuracy1+2+3 = 1
I0418 09:11:25.804252  6080 data_layer.cpp:128] Prefetch batch: 125 ms.
I0418 09:11:25.804252  6080 data_layer.cpp:129]      Read time: 93.753 ms.
I0418 09:11:25.804252  6080 data_layer.cpp:130] Transform time: 31.253 ms.
I0418 09:11:26.648031  7952 caffe.cpp:314] Batch 3650, accuracy1+2 = 1
I0418 09:11:26.648031  7952 caffe.cpp:314] Batch 3650, accuracy1+2+3 = 1
I0418 09:11:26.788666  6080 data_layer.cpp:128] Prefetch batch: 140 ms.
I0418 09:11:26.788666  6080 data_layer.cpp:129]      Read time: 93.76 ms.
I0418 09:11:26.788666  6080 data_layer.cpp:130] Transform time: 46.874 ms.
I0418 09:11:27.632448  7952 caffe.cpp:314] Batch 3651, accuracy1+2 = 1
I0418 09:11:27.632448  7952 caffe.cpp:314] Batch 3651, accuracy1+2+3 = 1
I0418 09:11:27.757453  6080 data_layer.cpp:128] Prefetch batch: 125 ms.
I0418 09:11:27.757453  6080 data_layer.cpp:129]      Read time: 62.505 ms.
I0418 09:11:27.757453  6080 data_layer.cpp:130] Transform time: 62.5 ms.
I0418 09:11:28.616863  7952 caffe.cpp:314] Batch 3652, accuracy1+2 = 1
I0418 09:11:28.616863  7952 caffe.cpp:314] Batch 3652, accuracy1+2+3 = 1
I0418 09:11:28.741863  6080 data_layer.cpp:128] Prefetch batch: 125 ms.
I0418 09:11:28.741863  6080 data_layer.cpp:129]      Read time: 78.128 ms.
I0418 09:11:28.741863  6080 data_layer.cpp:130] Transform time: 46.872 ms.
I0418 09:11:29.585650  7952 caffe.cpp:314] Batch 3653, accuracy1+2 = 1
I0418 09:11:29.585650  7952 caffe.cpp:314] Batch 3653, accuracy1+2+3 = 1
I0418 09:11:29.695026  6080 data_layer.cpp:128] Prefetch batch: 109 ms.
I0418 09:11:29.695026  6080 data_layer.cpp:129]      Read time: 0 ms.
I0418 09:11:29.695026  6080 data_layer.cpp:130] Transform time: 109.376 ms.
I0418 09:11:30.554437  7952 caffe.cpp:314] Batch 3654, accuracy1+2 = 1
I0418 09:11:30.554437  7952 caffe.cpp:314] Batch 3654, accuracy1+2+3 = 1
I0418 09:11:30.695066  6080 data_layer.cpp:128] Prefetch batch: 140 ms.
I0418 09:11:30.695066  6080 data_layer.cpp:129]      Read time: 125.003 ms.
I0418 09:11:30.695066  6080 data_layer.cpp:130] Transform time: 15.626 ms.
I0418 09:11:31.538852  7952 caffe.cpp:314] Batch 3655, accuracy1+2 = 1
I0418 09:11:31.538852  7952 caffe.cpp:314] Batch 3655, accuracy1+2+3 = 1
I0418 09:11:31.663851  6080 data_layer.cpp:128] Prefetch batch: 124 ms.
I0418 09:11:31.663851  6080 data_layer.cpp:129]      Read time: 78.123 ms.
I0418 09:11:31.663851  6080 data_layer.cpp:130] Transform time: 46.876 ms.
I0418 09:11:32.507638  7952 caffe.cpp:314] Batch 3656, accuracy1+2 = 1
I0418 09:11:32.507638  7952 caffe.cpp:314] Batch 3656, accuracy1+2+3 = 1
I0418 09:11:32.617017  6080 data_layer.cpp:128] Prefetch batch: 109 ms.
I0418 09:11:32.617017  6080 data_layer.cpp:129]      Read time: 0 ms.
I0418 09:11:32.617017  6080 data_layer.cpp:130] Transform time: 109.379 ms.
I0418 09:11:33.476430  7952 caffe.cpp:314] Batch 3657, accuracy1+2 = 1
I0418 09:11:33.476430  7952 caffe.cpp:314] Batch 3657, accuracy1+2+3 = 1
I0418 09:11:33.601433  6080 data_layer.cpp:128] Prefetch batch: 125 ms.
I0418 09:11:33.601433  6080 data_layer.cpp:129]      Read time: 93.747 ms.
I0418 09:11:33.601433  6080 data_layer.cpp:130] Transform time: 31.256 ms.
I0418 09:11:34.445219  7952 caffe.cpp:314] Batch 3658, accuracy1+2 = 1
I0418 09:11:34.445219  7952 caffe.cpp:314] Batch 3658, accuracy1+2+3 = 1
I0418 09:11:34.570219  6080 data_layer.cpp:128] Prefetch batch: 125 ms.
I0418 09:11:34.570219  6080 data_layer.cpp:129]      Read time: 93.752 ms.
I0418 09:11:34.570219  6080 data_layer.cpp:130] Transform time: 31.249 ms.
I0418 09:11:35.429626  7952 caffe.cpp:314] Batch 3659, accuracy1+2 = 1
I0418 09:11:35.429626  7952 caffe.cpp:314] Batch 3659, accuracy1+2+3 = 1
I0418 09:11:35.554632  6080 data_layer.cpp:128] Prefetch batch: 125 ms.
I0418 09:11:35.554632  6080 data_layer.cpp:129]      Read time: 93.763 ms.
I0418 09:11:35.554632  6080 data_layer.cpp:130] Transform time: 31.243 ms.
I0418 09:11:36.398416  7952 caffe.cpp:314] Batch 3660, accuracy1+2 = 0
I0418 09:11:36.398416  7952 caffe.cpp:314] Batch 3660, accuracy1+2+3 = 0
I0418 09:11:36.539054  6080 data_layer.cpp:128] Prefetch batch: 140 ms.
I0418 09:11:36.539054  6080 data_layer.cpp:129]      Read time: 93.758 ms.
I0418 09:11:36.539054  6080 data_layer.cpp:130] Transform time: 46.88 ms.
I0418 09:11:37.382834  7952 caffe.cpp:314] Batch 3661, accuracy1+2 = 0
I0418 09:11:37.382834  7952 caffe.cpp:314] Batch 3661, accuracy1+2+3 = 0
I0418 09:11:37.507839  6080 data_layer.cpp:128] Prefetch batch: 125 ms.
I0418 09:11:37.507839  6080 data_layer.cpp:129]      Read time: 93.748 ms.
I0418 09:11:37.507839  6080 data_layer.cpp:130] Transform time: 31.257 ms.
I0418 09:11:38.351615  7952 caffe.cpp:314] Batch 3662, accuracy1+2 = 1
I0418 09:11:38.351615  7952 caffe.cpp:314] Batch 3662, accuracy1+2+3 = 1
I0418 09:11:38.461001  6080 data_layer.cpp:128] Prefetch batch: 109 ms.
I0418 09:11:38.461001  6080 data_layer.cpp:129]      Read time: 0 ms.
I0418 09:11:38.461001  6080 data_layer.cpp:130] Transform time: 109.386 ms.
I0418 09:11:39.320405  7952 caffe.cpp:314] Batch 3663, accuracy1+2 = 1
I0418 09:11:39.320405  7952 caffe.cpp:314] Batch 3663, accuracy1+2+3 = 1
I0418 09:11:39.445413  6080 data_layer.cpp:128] Prefetch batch: 125 ms.
I0418 09:11:39.445413  6080 data_layer.cpp:129]      Read time: 93.752 ms.
I0418 09:11:39.445413  6080 data_layer.cpp:130] Transform time: 31.256 ms.
I0418 09:11:40.289198  7952 caffe.cpp:314] Batch 3664, accuracy1+2 = 1
I0418 09:11:40.289198  7952 caffe.cpp:314] Batch 3664, accuracy1+2+3 = 1
I0418 09:11:40.414198  6080 data_layer.cpp:128] Prefetch batch: 125 ms.
I0418 09:11:40.414198  6080 data_layer.cpp:129]      Read time: 93.748 ms.
I0418 09:11:40.414198  6080 data_layer.cpp:130] Transform time: 31.252 ms.
I0418 09:11:41.273603  7952 caffe.cpp:314] Batch 3665, accuracy1+2 = 1
I0418 09:11:41.273603  7952 caffe.cpp:314] Batch 3665, accuracy1+2+3 = 1
I0418 09:11:41.398608  6080 data_layer.cpp:128] Prefetch batch: 125 ms.
I0418 09:11:41.398608  6080 data_layer.cpp:129]      Read time: 93.757 ms.
I0418 09:11:41.398608  6080 data_layer.cpp:130] Transform time: 31.248 ms.
I0418 09:11:42.258021  7952 caffe.cpp:314] Batch 3666, accuracy1+2 = 1
I0418 09:11:42.258021  7952 caffe.cpp:314] Batch 3666, accuracy1+2+3 = 1
I0418 09:11:42.383029  6080 data_layer.cpp:128] Prefetch batch: 125 ms.
I0418 09:11:42.383029  6080 data_layer.cpp:129]      Read time: 78.126 ms.
I0418 09:11:42.383029  6080 data_layer.cpp:130] Transform time: 46.882 ms.
I0418 09:11:43.226809  7952 caffe.cpp:314] Batch 3667, accuracy1+2 = 1
I0418 09:11:43.226809  7952 caffe.cpp:314] Batch 3667, accuracy1+2+3 = 1
I0418 09:11:43.320566  6080 data_layer.cpp:128] Prefetch batch: 93 ms.
I0418 09:11:43.320566  6080 data_layer.cpp:129]      Read time: 0 ms.
I0418 09:11:43.320566  6080 data_layer.cpp:130] Transform time: 93.758 ms.
I0418 09:11:44.195595  7952 caffe.cpp:314] Batch 3668, accuracy1+2 = 1
I0418 09:11:44.195595  7952 caffe.cpp:314] Batch 3668, accuracy1+2+3 = 1
I0418 09:11:44.320606  6080 data_layer.cpp:128] Prefetch batch: 125 ms.
I0418 09:11:44.320606  6080 data_layer.cpp:129]      Read time: 93.755 ms.
I0418 09:11:44.336236  6080 data_layer.cpp:130] Transform time: 31.257 ms.
I0418 09:11:45.180014  7952 caffe.cpp:314] Batch 3669, accuracy1+2 = 1
I0418 09:11:45.180014  7952 caffe.cpp:314] Batch 3669, accuracy1+2+3 = 1
I0418 09:11:45.305011  6080 data_layer.cpp:128] Prefetch batch: 124 ms.
I0418 09:11:45.305011  6080 data_layer.cpp:129]      Read time: 93.752 ms.
I0418 09:11:45.305011  6080 data_layer.cpp:130] Transform time: 31.245 ms.
I0418 09:11:46.148800  7952 caffe.cpp:314] Batch 3670, accuracy1+2 = 0
I0418 09:11:46.148800  7952 caffe.cpp:314] Batch 3670, accuracy1+2+3 = 0
I0418 09:11:46.273802  6080 data_layer.cpp:128] Prefetch batch: 125 ms.
I0418 09:11:46.273802  6080 data_layer.cpp:129]      Read time: 93.755 ms.
I0418 09:11:46.273802  6080 data_layer.cpp:130] Transform time: 31.246 ms.
I0418 09:11:47.117588  7952 caffe.cpp:314] Batch 3671, accuracy1+2 = 1
I0418 09:11:47.117588  7952 caffe.cpp:314] Batch 3671, accuracy1+2+3 = 1
I0418 09:11:47.242596  6080 data_layer.cpp:128] Prefetch batch: 125 ms.
I0418 09:11:47.242596  6080 data_layer.cpp:129]      Read time: 93.759 ms.
I0418 09:11:47.242596  6080 data_layer.cpp:130] Transform time: 31.25 ms.
I0418 09:11:48.102005  7952 caffe.cpp:314] Batch 3672, accuracy1+2 = 1
I0418 09:11:48.102005  7952 caffe.cpp:314] Batch 3672, accuracy1+2+3 = 1
I0418 09:11:48.195750  6080 data_layer.cpp:128] Prefetch batch: 93 ms.
I0418 09:11:48.195750  6080 data_layer.cpp:129]      Read time: 0 ms.
I0418 09:11:48.195750  6080 data_layer.cpp:130] Transform time: 93.746 ms.
I0418 09:11:49.070786  7952 caffe.cpp:314] Batch 3673, accuracy1+2 = 1
I0418 09:11:49.070786  7952 caffe.cpp:314] Batch 3673, accuracy1+2+3 = 1
I0418 09:11:49.195796  6080 data_layer.cpp:128] Prefetch batch: 125 ms.
I0418 09:11:49.195796  6080 data_layer.cpp:129]      Read time: 93.752 ms.
I0418 09:11:49.195796  6080 data_layer.cpp:130] Transform time: 31.257 ms.
I0418 09:11:50.039578  7952 caffe.cpp:314] Batch 3674, accuracy1+2 = 1
I0418 09:11:50.039578  7952 caffe.cpp:314] Batch 3674, accuracy1+2+3 = 1
I0418 09:11:50.164577  6080 data_layer.cpp:128] Prefetch batch: 124 ms.
I0418 09:11:50.164577  6080 data_layer.cpp:129]      Read time: 93.758 ms.
I0418 09:11:50.164577  6080 data_layer.cpp:130] Transform time: 31.241 ms.
I0418 09:11:51.008368  7952 caffe.cpp:314] Batch 3675, accuracy1+2 = 1
I0418 09:11:51.008368  7952 caffe.cpp:314] Batch 3675, accuracy1+2+3 = 1
I0418 09:11:51.148998  6080 data_layer.cpp:128] Prefetch batch: 140 ms.
I0418 09:11:51.148998  6080 data_layer.cpp:129]      Read time: 93.747 ms.
I0418 09:11:51.148998  6080 data_layer.cpp:130] Transform time: 46.883 ms.
I0418 09:11:51.992780  7952 caffe.cpp:314] Batch 3676, accuracy1+2 = 1
I0418 09:11:51.992780  7952 caffe.cpp:314] Batch 3676, accuracy1+2+3 = 1
I0418 09:11:52.117780  6080 data_layer.cpp:128] Prefetch batch: 125 ms.
I0418 09:11:52.117780  6080 data_layer.cpp:129]      Read time: 93.755 ms.
I0418 09:11:52.117780  6080 data_layer.cpp:130] Transform time: 31.245 ms.
I0418 09:11:52.961560  7952 caffe.cpp:314] Batch 3677, accuracy1+2 = 0
I0418 09:11:52.961560  7952 caffe.cpp:314] Batch 3677, accuracy1+2+3 = 0
I0418 09:11:53.070945  6080 data_layer.cpp:128] Prefetch batch: 109 ms.
I0418 09:11:53.070945  6080 data_layer.cpp:129]      Read time: 0 ms.
I0418 09:11:53.070945  6080 data_layer.cpp:130] Transform time: 109.385 ms.
I0418 09:11:53.930356  7952 caffe.cpp:314] Batch 3678, accuracy1+2 = 0
I0418 09:11:53.930356  7952 caffe.cpp:314] Batch 3678, accuracy1+2+3 = 0
I0418 09:11:54.055356  6080 data_layer.cpp:128] Prefetch batch: 125 ms.
I0418 09:11:54.055356  6080 data_layer.cpp:129]      Read time: 93.755 ms.
I0418 09:11:54.055356  6080 data_layer.cpp:130] Transform time: 31.245 ms.
I0418 09:11:54.899142  7952 caffe.cpp:314] Batch 3679, accuracy1+2 = 1
I0418 09:11:54.899142  7952 caffe.cpp:314] Batch 3679, accuracy1+2+3 = 1
I0418 09:11:55.039775  6080 data_layer.cpp:128] Prefetch batch: 140 ms.
I0418 09:11:55.039775  6080 data_layer.cpp:129]      Read time: 93.752 ms.
I0418 09:11:55.039775  6080 data_layer.cpp:130] Transform time: 46.882 ms.
I0418 09:11:55.899170  7952 caffe.cpp:314] Batch 3680, accuracy1+2 = 1
I0418 09:11:55.899170  7952 caffe.cpp:314] Batch 3680, accuracy1+2+3 = 1
I0418 09:11:56.024183  6080 data_layer.cpp:128] Prefetch batch: 125 ms.
I0418 09:11:56.024183  6080 data_layer.cpp:129]      Read time: 93.765 ms.
I0418 09:11:56.024183  6080 data_layer.cpp:130] Transform time: 31.247 ms.
I0418 09:11:56.914847  7952 caffe.cpp:314] Batch 3681, accuracy1+2 = 0
I0418 09:11:56.914847  7952 caffe.cpp:314] Batch 3681, accuracy1+2+3 = 0
I0418 09:11:57.039849  6080 data_layer.cpp:128] Prefetch batch: 125 ms.
I0418 09:11:57.039849  6080 data_layer.cpp:129]      Read time: 93.755 ms.
I0418 09:11:57.039849  6080 data_layer.cpp:130] Transform time: 31.247 ms.
I0418 09:11:57.899262  7952 caffe.cpp:314] Batch 3682, accuracy1+2 = 1
I0418 09:11:57.899262  7952 caffe.cpp:314] Batch 3682, accuracy1+2+3 = 1
I0418 09:11:57.993015  6080 data_layer.cpp:128] Prefetch batch: 93 ms.
I0418 09:11:57.993015  6080 data_layer.cpp:129]      Read time: 0 ms.
I0418 09:11:57.993015  6080 data_layer.cpp:130] Transform time: 93.752 ms.
I0418 09:11:58.868046  7952 caffe.cpp:314] Batch 3683, accuracy1+2 = 0
I0418 09:11:58.868046  7952 caffe.cpp:314] Batch 3683, accuracy1+2+3 = 0
I0418 09:11:58.993048  6080 data_layer.cpp:128] Prefetch batch: 125 ms.
I0418 09:11:58.993048  6080 data_layer.cpp:129]      Read time: 93.754 ms.
I0418 09:11:58.993048  6080 data_layer.cpp:130] Transform time: 31.249 ms.
I0418 09:11:59.836838  7952 caffe.cpp:314] Batch 3684, accuracy1+2 = 0
I0418 09:11:59.836838  7952 caffe.cpp:314] Batch 3684, accuracy1+2+3 = 0
I0418 09:11:59.961838  6080 data_layer.cpp:128] Prefetch batch: 125 ms.
I0418 09:11:59.961838  6080 data_layer.cpp:129]      Read time: 93.75 ms.
I0418 09:11:59.961838  6080 data_layer.cpp:130] Transform time: 31.251 ms.
I0418 09:12:00.805625  7952 caffe.cpp:314] Batch 3685, accuracy1+2 = 1
I0418 09:12:00.805625  7952 caffe.cpp:314] Batch 3685, accuracy1+2+3 = 1
I0418 09:12:00.930629  6080 data_layer.cpp:128] Prefetch batch: 125 ms.
I0418 09:12:00.930629  6080 data_layer.cpp:129]      Read time: 93.754 ms.
I0418 09:12:00.930629  6080 data_layer.cpp:130] Transform time: 31.249 ms.
I0418 09:12:01.790033  7952 caffe.cpp:314] Batch 3686, accuracy1+2 = 1
I0418 09:12:01.790033  7952 caffe.cpp:314] Batch 3686, accuracy1+2+3 = 1
I0418 09:12:01.915040  6080 data_layer.cpp:128] Prefetch batch: 125 ms.
I0418 09:12:01.915040  6080 data_layer.cpp:129]      Read time: 78.134 ms.
I0418 09:12:01.915040  6080 data_layer.cpp:130] Transform time: 46.873 ms.
I0418 09:12:02.758824  7952 caffe.cpp:314] Batch 3687, accuracy1+2 = 1
I0418 09:12:02.758824  7952 caffe.cpp:314] Batch 3687, accuracy1+2+3 = 1
I0418 09:12:02.883827  6080 data_layer.cpp:128] Prefetch batch: 125 ms.
I0418 09:12:02.883827  6080 data_layer.cpp:129]      Read time: 93.751 ms.
I0418 09:12:02.883827  6080 data_layer.cpp:130] Transform time: 31.252 ms.
I0418 09:12:03.727613  7952 caffe.cpp:314] Batch 3688, accuracy1+2 = 1
I0418 09:12:03.727613  7952 caffe.cpp:314] Batch 3688, accuracy1+2+3 = 1
I0418 09:12:03.836990  6080 data_layer.cpp:128] Prefetch batch: 109 ms.
I0418 09:12:03.836990  6080 data_layer.cpp:129]      Read time: 0 ms.
I0418 09:12:03.836990  6080 data_layer.cpp:130] Transform time: 109.377 ms.
I0418 09:12:04.712029  7952 caffe.cpp:314] Batch 3689, accuracy1+2 = 1
I0418 09:12:04.712029  7952 caffe.cpp:314] Batch 3689, accuracy1+2+3 = 1
I0418 09:12:04.837035  6080 data_layer.cpp:128] Prefetch batch: 125 ms.
I0418 09:12:04.837035  6080 data_layer.cpp:129]      Read time: 78.128 ms.
I0418 09:12:04.837035  6080 data_layer.cpp:130] Transform time: 46.878 ms.
I0418 09:12:05.680811  7952 caffe.cpp:314] Batch 3690, accuracy1+2 = 1
I0418 09:12:05.680811  7952 caffe.cpp:314] Batch 3690, accuracy1+2+3 = 1
I0418 09:12:05.805817  6080 data_layer.cpp:128] Prefetch batch: 125 ms.
I0418 09:12:05.805817  6080 data_layer.cpp:129]      Read time: 93.753 ms.
I0418 09:12:05.805817  6080 data_layer.cpp:130] Transform time: 31.253 ms.
I0418 09:12:06.665226  7952 caffe.cpp:314] Batch 3691, accuracy1+2 = 1
I0418 09:12:06.665226  7952 caffe.cpp:314] Batch 3691, accuracy1+2+3 = 1
I0418 09:12:06.790236  6080 data_layer.cpp:128] Prefetch batch: 125 ms.
I0418 09:12:06.790236  6080 data_layer.cpp:129]      Read time: 93.752 ms.
I0418 09:12:06.790236  6080 data_layer.cpp:130] Transform time: 31.258 ms.
I0418 09:12:07.634019  7952 caffe.cpp:314] Batch 3692, accuracy1+2 = 1
I0418 09:12:07.634019  7952 caffe.cpp:314] Batch 3692, accuracy1+2+3 = 0
I0418 09:12:07.743393  6080 data_layer.cpp:128] Prefetch batch: 109 ms.
I0418 09:12:07.743393  6080 data_layer.cpp:129]      Read time: 0 ms.
I0418 09:12:07.743393  6080 data_layer.cpp:130] Transform time: 109.374 ms.
I0418 09:12:08.602804  7952 caffe.cpp:314] Batch 3693, accuracy1+2 = 1
I0418 09:12:08.602804  7952 caffe.cpp:314] Batch 3693, accuracy1+2+3 = 1
I0418 09:12:08.727811  6080 data_layer.cpp:128] Prefetch batch: 125 ms.
I0418 09:12:08.727811  6080 data_layer.cpp:129]      Read time: 93.757 ms.
I0418 09:12:08.727811  6080 data_layer.cpp:130] Transform time: 31.25 ms.
I0418 09:12:09.587218  7952 caffe.cpp:314] Batch 3694, accuracy1+2 = 1
I0418 09:12:09.587218  7952 caffe.cpp:314] Batch 3694, accuracy1+2+3 = 1
I0418 09:12:09.712225  6080 data_layer.cpp:128] Prefetch batch: 125 ms.
I0418 09:12:09.712225  6080 data_layer.cpp:129]      Read time: 93.752 ms.
I0418 09:12:09.712225  6080 data_layer.cpp:130] Transform time: 31.256 ms.
I0418 09:12:10.556006  7952 caffe.cpp:314] Batch 3695, accuracy1+2 = 1
I0418 09:12:10.556006  7952 caffe.cpp:314] Batch 3695, accuracy1+2+3 = 1
I0418 09:12:10.681013  6080 data_layer.cpp:128] Prefetch batch: 125 ms.
I0418 09:12:10.681013  6080 data_layer.cpp:129]      Read time: 93.752 ms.
I0418 09:12:10.681013  6080 data_layer.cpp:130] Transform time: 31.255 ms.
I0418 09:12:11.540424  7952 caffe.cpp:314] Batch 3696, accuracy1+2 = 1
I0418 09:12:11.540424  7952 caffe.cpp:314] Batch 3696, accuracy1+2+3 = 1
I0418 09:12:11.665421  6080 data_layer.cpp:128] Prefetch batch: 124 ms.
I0418 09:12:11.665421  6080 data_layer.cpp:129]      Read time: 78.125 ms.
I0418 09:12:11.665421  6080 data_layer.cpp:130] Transform time: 46.872 ms.
I0418 09:12:12.509210  7952 caffe.cpp:314] Batch 3697, accuracy1+2 = 1
I0418 09:12:12.509210  7952 caffe.cpp:314] Batch 3697, accuracy1+2+3 = 1
I0418 09:12:12.602960  6080 data_layer.cpp:128] Prefetch batch: 93 ms.
I0418 09:12:12.602960  6080 data_layer.cpp:129]      Read time: 0 ms.
I0418 09:12:12.602960  6080 data_layer.cpp:130] Transform time: 93.75 ms.
I0418 09:12:13.477994  7952 caffe.cpp:314] Batch 3698, accuracy1+2 = 0
I0418 09:12:13.477994  7952 caffe.cpp:314] Batch 3698, accuracy1+2+3 = 0
I0418 09:12:13.602998  6080 data_layer.cpp:128] Prefetch batch: 125 ms.
I0418 09:12:13.602998  6080 data_layer.cpp:129]      Read time: 93.759 ms.
I0418 09:12:13.602998  6080 data_layer.cpp:130] Transform time: 31.245 ms.
I0418 09:12:14.446784  7952 caffe.cpp:314] Batch 3699, accuracy1+2 = 1
I0418 09:12:14.446784  7952 caffe.cpp:314] Batch 3699, accuracy1+2+3 = 1
I0418 09:12:14.587410  6080 data_layer.cpp:128] Prefetch batch: 125 ms.
I0418 09:12:14.587410  6080 data_layer.cpp:129]      Read time: 78.128 ms.
I0418 09:12:14.587410  6080 data_layer.cpp:130] Transform time: 46.874 ms.
I0418 09:12:15.446812  7952 caffe.cpp:314] Batch 3700, accuracy1+2 = 1
I0418 09:12:15.446812  7952 caffe.cpp:314] Batch 3700, accuracy1+2+3 = 1
I0418 09:12:15.571830  6080 data_layer.cpp:128] Prefetch batch: 125 ms.
I0418 09:12:15.571830  6080 data_layer.cpp:129]      Read time: 78.128 ms.
I0418 09:12:15.571830  6080 data_layer.cpp:130] Transform time: 46.89 ms.
I0418 09:12:16.415616  7952 caffe.cpp:314] Batch 3701, accuracy1+2 = 1
I0418 09:12:16.415616  7952 caffe.cpp:314] Batch 3701, accuracy1+2+3 = 1
I0418 09:12:16.556246  6080 data_layer.cpp:128] Prefetch batch: 140 ms.
I0418 09:12:16.556246  6080 data_layer.cpp:129]      Read time: 93.751 ms.
I0418 09:12:16.556246  6080 data_layer.cpp:130] Transform time: 46.879 ms.
I0418 09:12:17.400020  7952 caffe.cpp:314] Batch 3702, accuracy1+2 = 1
I0418 09:12:17.400020  7952 caffe.cpp:314] Batch 3702, accuracy1+2+3 = 1
I0418 09:12:17.525025  6080 data_layer.cpp:128] Prefetch batch: 125 ms.
I0418 09:12:17.525025  6080 data_layer.cpp:129]      Read time: 93.758 ms.
I0418 09:12:17.525025  6080 data_layer.cpp:130] Transform time: 31.247 ms.
I0418 09:12:18.368811  7952 caffe.cpp:314] Batch 3703, accuracy1+2 = 0
I0418 09:12:18.368811  7952 caffe.cpp:314] Batch 3703, accuracy1+2+3 = 0
I0418 09:12:18.478193  6080 data_layer.cpp:128] Prefetch batch: 109 ms.
I0418 09:12:18.478193  6080 data_layer.cpp:129]      Read time: 0 ms.
I0418 09:12:18.478193  6080 data_layer.cpp:130] Transform time: 109.381 ms.
I0418 09:12:19.337590  7952 caffe.cpp:314] Batch 3704, accuracy1+2 = 0
I0418 09:12:19.337590  7952 caffe.cpp:314] Batch 3704, accuracy1+2+3 = 0
I0418 09:12:19.462607  6080 data_layer.cpp:128] Prefetch batch: 125 ms.
I0418 09:12:19.478233  6080 data_layer.cpp:129]      Read time: 93.765 ms.
I0418 09:12:19.478233  6080 data_layer.cpp:130] Transform time: 31.252 ms.
I0418 09:12:20.322016  7952 caffe.cpp:314] Batch 3705, accuracy1+2 = 0
I0418 09:12:20.322016  7952 caffe.cpp:314] Batch 3705, accuracy1+2+3 = 0
I0418 09:12:20.447017  6080 data_layer.cpp:128] Prefetch batch: 125 ms.
I0418 09:12:20.447017  6080 data_layer.cpp:129]      Read time: 78.126 ms.
I0418 09:12:20.447017  6080 data_layer.cpp:130] Transform time: 46.875 ms.
I0418 09:12:21.290804  7952 caffe.cpp:314] Batch 3706, accuracy1+2 = 1
I0418 09:12:21.290804  7952 caffe.cpp:314] Batch 3706, accuracy1+2+3 = 1
I0418 09:12:21.415813  6080 data_layer.cpp:128] Prefetch batch: 125 ms.
I0418 09:12:21.415813  6080 data_layer.cpp:129]      Read time: 93.741 ms.
I0418 09:12:21.415813  6080 data_layer.cpp:130] Transform time: 31.268 ms.
I0418 09:12:22.259593  7952 caffe.cpp:314] Batch 3707, accuracy1+2 = 1
I0418 09:12:22.259593  7952 caffe.cpp:314] Batch 3707, accuracy1+2+3 = 1
I0418 09:12:22.368965  6080 data_layer.cpp:128] Prefetch batch: 109 ms.
I0418 09:12:22.368965  6080 data_layer.cpp:129]      Read time: 0 ms.
I0418 09:12:22.368965  6080 data_layer.cpp:130] Transform time: 109.372 ms.
I0418 09:12:23.244002  7952 caffe.cpp:314] Batch 3708, accuracy1+2 = 1
I0418 09:12:23.244002  7952 caffe.cpp:314] Batch 3708, accuracy1+2+3 = 1
I0418 09:12:23.369011  6080 data_layer.cpp:128] Prefetch batch: 125 ms.
I0418 09:12:23.369011  6080 data_layer.cpp:129]      Read time: 78.132 ms.
I0418 09:12:23.369011  6080 data_layer.cpp:130] Transform time: 46.877 ms.
I0418 09:12:24.212795  7952 caffe.cpp:314] Batch 3709, accuracy1+2 = 1
I0418 09:12:24.212795  7952 caffe.cpp:314] Batch 3709, accuracy1+2+3 = 1
I0418 09:12:24.337795  6080 data_layer.cpp:128] Prefetch batch: 125 ms.
I0418 09:12:24.337795  6080 data_layer.cpp:129]      Read time: 93.755 ms.
I0418 09:12:24.337795  6080 data_layer.cpp:130] Transform time: 31.245 ms.
I0418 09:12:25.181586  7952 caffe.cpp:314] Batch 3710, accuracy1+2 = 0
I0418 09:12:25.181586  7952 caffe.cpp:314] Batch 3710, accuracy1+2+3 = 0
I0418 09:12:25.306589  6080 data_layer.cpp:128] Prefetch batch: 125 ms.
I0418 09:12:25.306589  6080 data_layer.cpp:129]      Read time: 93.749 ms.
I0418 09:12:25.306589  6080 data_layer.cpp:130] Transform time: 31.255 ms.
I0418 09:12:26.165987  7952 caffe.cpp:314] Batch 3711, accuracy1+2 = 1
I0418 09:12:26.165987  7952 caffe.cpp:314] Batch 3711, accuracy1+2+3 = 1
I0418 09:12:26.259743  6080 data_layer.cpp:128] Prefetch batch: 93 ms.
I0418 09:12:26.259743  6080 data_layer.cpp:129]      Read time: 0 ms.
I0418 09:12:26.259743  6080 data_layer.cpp:130] Transform time: 93.756 ms.
I0418 09:12:27.134784  7952 caffe.cpp:314] Batch 3712, accuracy1+2 = 1
I0418 09:12:27.134784  7952 caffe.cpp:314] Batch 3712, accuracy1+2+3 = 1
I0418 09:12:27.259783  6080 data_layer.cpp:128] Prefetch batch: 124 ms.
I0418 09:12:27.259783  6080 data_layer.cpp:129]      Read time: 93.74 ms.
I0418 09:12:27.259783  6080 data_layer.cpp:130] Transform time: 31.259 ms.
I0418 09:12:28.103569  7952 caffe.cpp:314] Batch 3713, accuracy1+2 = 1
I0418 09:12:28.103569  7952 caffe.cpp:314] Batch 3713, accuracy1+2+3 = 1
I0418 09:12:28.228576  6080 data_layer.cpp:128] Prefetch batch: 125 ms.
I0418 09:12:28.228576  6080 data_layer.cpp:129]      Read time: 93.757 ms.
I0418 09:12:28.228576  6080 data_layer.cpp:130] Transform time: 31.251 ms.
I0418 09:12:29.072361  7952 caffe.cpp:314] Batch 3714, accuracy1+2 = 0
I0418 09:12:29.072361  7952 caffe.cpp:314] Batch 3714, accuracy1+2+3 = 0
I0418 09:12:29.197363  6080 data_layer.cpp:128] Prefetch batch: 125 ms.
I0418 09:12:29.197363  6080 data_layer.cpp:129]      Read time: 93.75 ms.
I0418 09:12:29.197363  6080 data_layer.cpp:130] Transform time: 31.252 ms.
I0418 09:12:30.056772  7952 caffe.cpp:314] Batch 3715, accuracy1+2 = 1
I0418 09:12:30.056772  7952 caffe.cpp:314] Batch 3715, accuracy1+2+3 = 1
I0418 09:12:30.181773  6080 data_layer.cpp:128] Prefetch batch: 125 ms.
I0418 09:12:30.181773  6080 data_layer.cpp:129]      Read time: 78.123 ms.
I0418 09:12:30.181773  6080 data_layer.cpp:130] Transform time: 46.878 ms.
I0418 09:12:31.025563  7952 caffe.cpp:314] Batch 3716, accuracy1+2 = 1
I0418 09:12:31.025563  7952 caffe.cpp:314] Batch 3716, accuracy1+2+3 = 1
I0418 09:12:31.134934  6080 data_layer.cpp:128] Prefetch batch: 109 ms.
I0418 09:12:31.134934  6080 data_layer.cpp:129]      Read time: 0 ms.
I0418 09:12:31.134934  6080 data_layer.cpp:130] Transform time: 109.372 ms.
I0418 09:12:31.994350  7952 caffe.cpp:314] Batch 3717, accuracy1+2 = 1
I0418 09:12:31.994350  7952 caffe.cpp:314] Batch 3717, accuracy1+2+3 = 1
I0418 09:12:32.134977  6080 data_layer.cpp:128] Prefetch batch: 140 ms.
I0418 09:12:32.134977  6080 data_layer.cpp:129]      Read time: 46.877 ms.
I0418 09:12:32.134977  6080 data_layer.cpp:130] Transform time: 93.75 ms.
I0418 09:12:33.010001  7952 caffe.cpp:314] Batch 3718, accuracy1+2 = 1
I0418 09:12:33.010001  7952 caffe.cpp:314] Batch 3718, accuracy1+2+3 = 1
I0418 09:12:33.166260  6080 data_layer.cpp:128] Prefetch batch: 156 ms.
I0418 09:12:33.166260  6080 data_layer.cpp:129]      Read time: 140.68 ms.
I0418 09:12:33.166260  6080 data_layer.cpp:130] Transform time: 15.579 ms.
I0418 09:12:34.025666  7952 caffe.cpp:314] Batch 3719, accuracy1+2 = 1
I0418 09:12:34.025666  7952 caffe.cpp:314] Batch 3719, accuracy1+2+3 = 1
I0418 09:12:34.150676  6080 data_layer.cpp:128] Prefetch batch: 125 ms.
I0418 09:12:34.150676  6080 data_layer.cpp:129]      Read time: 93.752 ms.
I0418 09:12:34.150676  6080 data_layer.cpp:130] Transform time: 31.257 ms.
I0418 09:12:35.010092  7952 caffe.cpp:314] Batch 3720, accuracy1+2 = 0
I0418 09:12:35.010092  7952 caffe.cpp:314] Batch 3720, accuracy1+2+3 = 0
I0418 09:12:35.103847  6080 data_layer.cpp:128] Prefetch batch: 93 ms.
I0418 09:12:35.103847  6080 data_layer.cpp:129]      Read time: 0 ms.
I0418 09:12:35.103847  6080 data_layer.cpp:130] Transform time: 93.755 ms.
I0418 09:12:35.978881  7952 caffe.cpp:314] Batch 3721, accuracy1+2 = 0
I0418 09:12:35.978881  7952 caffe.cpp:314] Batch 3721, accuracy1+2+3 = 0
I0418 09:12:36.103881  6080 data_layer.cpp:128] Prefetch batch: 125 ms.
I0418 09:12:36.103881  6080 data_layer.cpp:129]      Read time: 93.751 ms.
I0418 09:12:36.103881  6080 data_layer.cpp:130] Transform time: 31.249 ms.
I0418 09:12:36.963294  7952 caffe.cpp:314] Batch 3722, accuracy1+2 = 0
I0418 09:12:36.963294  7952 caffe.cpp:314] Batch 3722, accuracy1+2+3 = 0
I0418 09:12:37.088296  6080 data_layer.cpp:128] Prefetch batch: 125 ms.
I0418 09:12:37.088296  6080 data_layer.cpp:129]      Read time: 93.752 ms.
I0418 09:12:37.088296  6080 data_layer.cpp:130] Transform time: 31.251 ms.
I0418 09:12:37.932078  7952 caffe.cpp:314] Batch 3723, accuracy1+2 = 1
I0418 09:12:37.932078  7952 caffe.cpp:314] Batch 3723, accuracy1+2+3 = 1
I0418 09:12:38.057080  6080 data_layer.cpp:128] Prefetch batch: 125 ms.
I0418 09:12:38.057080  6080 data_layer.cpp:129]      Read time: 93.754 ms.
I0418 09:12:38.057080  6080 data_layer.cpp:130] Transform time: 31.248 ms.
I0418 09:12:38.900866  7952 caffe.cpp:314] Batch 3724, accuracy1+2 = 0
I0418 09:12:38.900866  7952 caffe.cpp:314] Batch 3724, accuracy1+2+3 = 0
I0418 09:12:39.025872  6080 data_layer.cpp:128] Prefetch batch: 125 ms.
I0418 09:12:39.025872  6080 data_layer.cpp:129]      Read time: 93.758 ms.
I0418 09:12:39.025872  6080 data_layer.cpp:130] Transform time: 31.249 ms.
I0418 09:12:39.885285  7952 caffe.cpp:314] Batch 3725, accuracy1+2 = 1
I0418 09:12:39.885285  7952 caffe.cpp:314] Batch 3725, accuracy1+2+3 = 1
I0418 09:12:40.010290  6080 data_layer.cpp:128] Prefetch batch: 125 ms.
I0418 09:12:40.010290  6080 data_layer.cpp:129]      Read time: 78.115 ms.
I0418 09:12:40.010290  6080 data_layer.cpp:130] Transform time: 46.89 ms.
I0418 09:12:40.854063  7952 caffe.cpp:314] Batch 3726, accuracy1+2 = 1
I0418 09:12:40.854063  7952 caffe.cpp:314] Batch 3726, accuracy1+2+3 = 1
I0418 09:12:40.963450  6080 data_layer.cpp:128] Prefetch batch: 109 ms.
I0418 09:12:40.963450  6080 data_layer.cpp:129]      Read time: 0 ms.
I0418 09:12:40.963450  6080 data_layer.cpp:130] Transform time: 109.387 ms.
I0418 09:12:41.822857  7952 caffe.cpp:314] Batch 3727, accuracy1+2 = 1
I0418 09:12:41.822857  7952 caffe.cpp:314] Batch 3727, accuracy1+2+3 = 1
I0418 09:12:41.947859  6080 data_layer.cpp:128] Prefetch batch: 125 ms.
I0418 09:12:41.947859  6080 data_layer.cpp:129]      Read time: 93.757 ms.
I0418 09:12:41.947859  6080 data_layer.cpp:130] Transform time: 31.244 ms.
I0418 09:12:42.807274  7952 caffe.cpp:314] Batch 3728, accuracy1+2 = 1
I0418 09:12:42.807274  7952 caffe.cpp:314] Batch 3728, accuracy1+2+3 = 1
I0418 09:12:42.932272  6080 data_layer.cpp:128] Prefetch batch: 124 ms.
I0418 09:12:42.932272  6080 data_layer.cpp:129]      Read time: 78.121 ms.
I0418 09:12:42.932272  6080 data_layer.cpp:130] Transform time: 46.877 ms.
I0418 09:12:43.776062  7952 caffe.cpp:314] Batch 3729, accuracy1+2 = 1
I0418 09:12:43.776062  7952 caffe.cpp:314] Batch 3729, accuracy1+2+3 = 1
I0418 09:12:43.901059  6080 data_layer.cpp:128] Prefetch batch: 124 ms.
I0418 09:12:43.901059  6080 data_layer.cpp:129]      Read time: 93.753 ms.
I0418 09:12:43.901059  6080 data_layer.cpp:130] Transform time: 31.245 ms.
I0418 09:12:44.760475  7952 caffe.cpp:314] Batch 3730, accuracy1+2 = 1
I0418 09:12:44.760475  7952 caffe.cpp:314] Batch 3730, accuracy1+2+3 = 1
I0418 09:12:44.854228  6080 data_layer.cpp:128] Prefetch batch: 93 ms.
I0418 09:12:44.854228  6080 data_layer.cpp:129]      Read time: 0 ms.
I0418 09:12:44.854228  6080 data_layer.cpp:130] Transform time: 93.752 ms.
I0418 09:12:45.729257  7952 caffe.cpp:314] Batch 3731, accuracy1+2 = 1
I0418 09:12:45.729257  7952 caffe.cpp:314] Batch 3731, accuracy1+2+3 = 1
I0418 09:12:45.854267  6080 data_layer.cpp:128] Prefetch batch: 125 ms.
I0418 09:12:45.854267  6080 data_layer.cpp:129]      Read time: 93.759 ms.
I0418 09:12:45.854267  6080 data_layer.cpp:130] Transform time: 31.251 ms.
I0418 09:12:46.698045  7952 caffe.cpp:314] Batch 3732, accuracy1+2 = 1
I0418 09:12:46.698045  7952 caffe.cpp:314] Batch 3732, accuracy1+2+3 = 1
I0418 09:12:46.823057  6080 data_layer.cpp:128] Prefetch batch: 125 ms.
I0418 09:12:46.823057  6080 data_layer.cpp:129]      Read time: 93.768 ms.
I0418 09:12:46.823057  6080 data_layer.cpp:130] Transform time: 31.244 ms.
I0418 09:12:47.666834  7952 caffe.cpp:314] Batch 3733, accuracy1+2 = 1
I0418 09:12:47.666834  7952 caffe.cpp:314] Batch 3733, accuracy1+2+3 = 1
I0418 09:12:47.791843  6080 data_layer.cpp:128] Prefetch batch: 125 ms.
I0418 09:12:47.791843  6080 data_layer.cpp:129]      Read time: 93.758 ms.
I0418 09:12:47.791843  6080 data_layer.cpp:130] Transform time: 31.251 ms.
I0418 09:12:48.651247  7952 caffe.cpp:314] Batch 3734, accuracy1+2 = 1
I0418 09:12:48.651247  7952 caffe.cpp:314] Batch 3734, accuracy1+2+3 = 1
I0418 09:12:48.776255  6080 data_layer.cpp:128] Prefetch batch: 125 ms.
I0418 09:12:48.776255  6080 data_layer.cpp:129]      Read time: 93.759 ms.
I0418 09:12:48.776255  6080 data_layer.cpp:130] Transform time: 31.25 ms.
I0418 09:12:49.620040  7952 caffe.cpp:314] Batch 3735, accuracy1+2 = 1
I0418 09:12:49.620040  7952 caffe.cpp:314] Batch 3735, accuracy1+2+3 = 1
I0418 09:12:49.729418  6080 data_layer.cpp:128] Prefetch batch: 109 ms.
I0418 09:12:49.729418  6080 data_layer.cpp:129]      Read time: 0 ms.
I0418 09:12:49.729418  6080 data_layer.cpp:130] Transform time: 109.377 ms.
I0418 09:12:50.588829  7952 caffe.cpp:314] Batch 3736, accuracy1+2 = 1
I0418 09:12:50.588829  7952 caffe.cpp:314] Batch 3736, accuracy1+2+3 = 1
I0418 09:12:50.713832  6080 data_layer.cpp:128] Prefetch batch: 125 ms.
I0418 09:12:50.713832  6080 data_layer.cpp:129]      Read time: 93.749 ms.
I0418 09:12:50.713832  6080 data_layer.cpp:130] Transform time: 31.255 ms.
I0418 09:12:51.557616  7952 caffe.cpp:314] Batch 3737, accuracy1+2 = 1
I0418 09:12:51.557616  7952 caffe.cpp:314] Batch 3737, accuracy1+2+3 = 1
I0418 09:12:51.682620  6080 data_layer.cpp:128] Prefetch batch: 125 ms.
I0418 09:12:51.698248  6080 data_layer.cpp:129]      Read time: 93.751 ms.
I0418 09:12:51.698248  6080 data_layer.cpp:130] Transform time: 31.252 ms.
I0418 09:12:52.542026  7952 caffe.cpp:314] Batch 3738, accuracy1+2 = 1
I0418 09:12:52.542026  7952 caffe.cpp:314] Batch 3738, accuracy1+2+3 = 1
I0418 09:12:52.667032  6080 data_layer.cpp:128] Prefetch batch: 125 ms.
I0418 09:12:52.667032  6080 data_layer.cpp:129]      Read time: 78.132 ms.
I0418 09:12:52.667032  6080 data_layer.cpp:130] Transform time: 46.874 ms.
I0418 09:12:53.510818  7952 caffe.cpp:314] Batch 3739, accuracy1+2 = 0
I0418 09:12:53.510818  7952 caffe.cpp:314] Batch 3739, accuracy1+2+3 = 0
I0418 09:12:53.620198  6080 data_layer.cpp:128] Prefetch batch: 109 ms.
I0418 09:12:53.620198  6080 data_layer.cpp:129]      Read time: 0 ms.
I0418 09:12:53.620198  6080 data_layer.cpp:130] Transform time: 109.38 ms.
I0418 09:12:54.479602  7952 caffe.cpp:314] Batch 3740, accuracy1+2 = 1
I0418 09:12:54.479602  7952 caffe.cpp:314] Batch 3740, accuracy1+2+3 = 1
I0418 09:12:54.604611  6080 data_layer.cpp:128] Prefetch batch: 125 ms.
I0418 09:12:54.604611  6080 data_layer.cpp:129]      Read time: 93.756 ms.
I0418 09:12:54.604611  6080 data_layer.cpp:130] Transform time: 31.253 ms.
I0418 09:12:55.464013  7952 caffe.cpp:314] Batch 3741, accuracy1+2 = 1
I0418 09:12:55.464013  7952 caffe.cpp:314] Batch 3741, accuracy1+2+3 = 1
I0418 09:12:55.589020  6080 data_layer.cpp:128] Prefetch batch: 125 ms.
I0418 09:12:55.589020  6080 data_layer.cpp:129]      Read time: 78.133 ms.
I0418 09:12:55.589020  6080 data_layer.cpp:130] Transform time: 46.873 ms.
I0418 09:12:56.432809  7952 caffe.cpp:314] Batch 3742, accuracy1+2 = 1
I0418 09:12:56.432809  7952 caffe.cpp:314] Batch 3742, accuracy1+2+3 = 1
I0418 09:12:56.557819  6080 data_layer.cpp:128] Prefetch batch: 125 ms.
I0418 09:12:56.557819  6080 data_layer.cpp:129]      Read time: 93.753 ms.
I0418 09:12:56.557819  6080 data_layer.cpp:130] Transform time: 31.257 ms.
I0418 09:12:57.401593  7952 caffe.cpp:314] Batch 3743, accuracy1+2 = 1
I0418 09:12:57.401593  7952 caffe.cpp:314] Batch 3743, accuracy1+2+3 = 1
I0418 09:12:57.510972  6080 data_layer.cpp:128] Prefetch batch: 109 ms.
I0418 09:12:57.510972  6080 data_layer.cpp:129]      Read time: 0 ms.
I0418 09:12:57.510972  6080 data_layer.cpp:130] Transform time: 109.379 ms.
I0418 09:12:58.386006  7952 caffe.cpp:314] Batch 3744, accuracy1+2 = 1
I0418 09:12:58.386006  7952 caffe.cpp:314] Batch 3744, accuracy1+2+3 = 1
I0418 09:12:58.511024  6080 data_layer.cpp:128] Prefetch batch: 125 ms.
I0418 09:12:58.511024  6080 data_layer.cpp:129]      Read time: 78.131 ms.
I0418 09:12:58.511024  6080 data_layer.cpp:130] Transform time: 46.887 ms.
I0418 09:12:59.354795  7952 caffe.cpp:314] Batch 3745, accuracy1+2 = 1
I0418 09:12:59.354795  7952 caffe.cpp:314] Batch 3745, accuracy1+2+3 = 1
I0418 09:12:59.479804  6080 data_layer.cpp:128] Prefetch batch: 125 ms.
I0418 09:12:59.479804  6080 data_layer.cpp:129]      Read time: 93.757 ms.
I0418 09:12:59.479804  6080 data_layer.cpp:130] Transform time: 31.252 ms.
I0418 09:13:00.323586  7952 caffe.cpp:314] Batch 3746, accuracy1+2 = 0
I0418 09:13:00.323586  7952 caffe.cpp:314] Batch 3746, accuracy1+2+3 = 0
I0418 09:13:00.448588  6080 data_layer.cpp:128] Prefetch batch: 125 ms.
I0418 09:13:00.448588  6080 data_layer.cpp:129]      Read time: 93.753 ms.
I0418 09:13:00.448588  6080 data_layer.cpp:130] Transform time: 31.249 ms.
I0418 09:13:01.292373  7952 caffe.cpp:314] Batch 3747, accuracy1+2 = 1
I0418 09:13:01.292373  7952 caffe.cpp:314] Batch 3747, accuracy1+2+3 = 1
I0418 09:13:01.401754  6080 data_layer.cpp:128] Prefetch batch: 109 ms.
I0418 09:13:01.401754  6080 data_layer.cpp:129]      Read time: 0 ms.
I0418 09:13:01.401754  6080 data_layer.cpp:130] Transform time: 109.381 ms.
I0418 09:13:02.276782  7952 caffe.cpp:314] Batch 3748, accuracy1+2 = 1
I0418 09:13:02.276782  7952 caffe.cpp:314] Batch 3748, accuracy1+2+3 = 1
I0418 09:13:02.401790  6080 data_layer.cpp:128] Prefetch batch: 125 ms.
I0418 09:13:02.401790  6080 data_layer.cpp:129]      Read time: 78.13 ms.
I0418 09:13:02.401790  6080 data_layer.cpp:130] Transform time: 46.879 ms.
I0418 09:13:03.245573  7952 caffe.cpp:314] Batch 3749, accuracy1+2 = 0
I0418 09:13:03.245573  7952 caffe.cpp:314] Batch 3749, accuracy1+2+3 = 0
I0418 09:13:03.370581  6080 data_layer.cpp:128] Prefetch batch: 125 ms.
I0418 09:13:03.370581  6080 data_layer.cpp:129]      Read time: 93.756 ms.
I0418 09:13:03.370581  6080 data_layer.cpp:130] Transform time: 31.253 ms.
I0418 09:13:04.214357  7952 caffe.cpp:314] Batch 3750, accuracy1+2 = 1
I0418 09:13:04.214357  7952 caffe.cpp:314] Batch 3750, accuracy1+2+3 = 1
I0418 09:13:04.354990  6080 data_layer.cpp:128] Prefetch batch: 140 ms.
I0418 09:13:04.354990  6080 data_layer.cpp:129]      Read time: 93.756 ms.
I0418 09:13:04.354990  6080 data_layer.cpp:130] Transform time: 46.877 ms.
I0418 09:13:05.198765  7952 caffe.cpp:314] Batch 3751, accuracy1+2 = 1
I0418 09:13:05.198765  7952 caffe.cpp:314] Batch 3751, accuracy1+2+3 = 1
I0418 09:13:05.308154  6080 data_layer.cpp:128] Prefetch batch: 109 ms.
I0418 09:13:05.308154  6080 data_layer.cpp:129]      Read time: 0 ms.
I0418 09:13:05.308154  6080 data_layer.cpp:130] Transform time: 109.39 ms.
I0418 09:13:06.167558  7952 caffe.cpp:314] Batch 3752, accuracy1+2 = 1
I0418 09:13:06.167558  7952 caffe.cpp:314] Batch 3752, accuracy1+2+3 = 1
I0418 09:13:06.292564  6080 data_layer.cpp:128] Prefetch batch: 125 ms.
I0418 09:13:06.292564  6080 data_layer.cpp:129]      Read time: 93.755 ms.
I0418 09:13:06.292564  6080 data_layer.cpp:130] Transform time: 31.251 ms.
I0418 09:13:07.151978  7952 caffe.cpp:314] Batch 3753, accuracy1+2 = 1
I0418 09:13:07.151978  7952 caffe.cpp:314] Batch 3753, accuracy1+2+3 = 1
I0418 09:13:07.276983  6080 data_layer.cpp:128] Prefetch batch: 125 ms.
I0418 09:13:07.276983  6080 data_layer.cpp:129]      Read time: 93.748 ms.
I0418 09:13:07.276983  6080 data_layer.cpp:130] Transform time: 31.257 ms.
I0418 09:13:08.120764  7952 caffe.cpp:314] Batch 3754, accuracy1+2 = 1
I0418 09:13:08.120764  7952 caffe.cpp:314] Batch 3754, accuracy1+2+3 = 1
I0418 09:13:08.245772  6080 data_layer.cpp:128] Prefetch batch: 125 ms.
I0418 09:13:08.245772  6080 data_layer.cpp:129]      Read time: 93.756 ms.
I0418 09:13:08.245772  6080 data_layer.cpp:130] Transform time: 31.252 ms.
I0418 09:13:09.089552  7952 caffe.cpp:314] Batch 3755, accuracy1+2 = 1
I0418 09:13:09.089552  7952 caffe.cpp:314] Batch 3755, accuracy1+2+3 = 1
I0418 09:13:09.198928  6080 data_layer.cpp:128] Prefetch batch: 109 ms.
I0418 09:13:09.198928  6080 data_layer.cpp:129]      Read time: 0 ms.
I0418 09:13:09.198928  6080 data_layer.cpp:130] Transform time: 109.376 ms.
I0418 09:13:10.089587  7952 caffe.cpp:314] Batch 3756, accuracy1+2 = 1
I0418 09:13:10.089587  7952 caffe.cpp:314] Batch 3756, accuracy1+2+3 = 1
I0418 09:13:10.214597  6080 data_layer.cpp:128] Prefetch batch: 125 ms.
I0418 09:13:10.214597  6080 data_layer.cpp:129]      Read time: 93.767 ms.
I0418 09:13:10.214597  6080 data_layer.cpp:130] Transform time: 31.243 ms.
I0418 09:13:11.105252  7952 caffe.cpp:314] Batch 3757, accuracy1+2 = 1
I0418 09:13:11.105252  7952 caffe.cpp:314] Batch 3757, accuracy1+2+3 = 1
I0418 09:13:11.230263  6080 data_layer.cpp:128] Prefetch batch: 125 ms.
I0418 09:13:11.230263  6080 data_layer.cpp:129]      Read time: 93.757 ms.
I0418 09:13:11.230263  6080 data_layer.cpp:130] Transform time: 31.254 ms.
I0418 09:13:12.074044  7952 caffe.cpp:314] Batch 3758, accuracy1+2 = 1
I0418 09:13:12.074044  7952 caffe.cpp:314] Batch 3758, accuracy1+2+3 = 1
I0418 09:13:12.199049  6080 data_layer.cpp:128] Prefetch batch: 125 ms.
I0418 09:13:12.199049  6080 data_layer.cpp:129]      Read time: 93.75 ms.
I0418 09:13:12.199049  6080 data_layer.cpp:130] Transform time: 31.255 ms.
I0418 09:13:13.042830  7952 caffe.cpp:314] Batch 3759, accuracy1+2 = 1
I0418 09:13:13.042830  7952 caffe.cpp:314] Batch 3759, accuracy1+2+3 = 1
I0418 09:13:13.183459  6080 data_layer.cpp:128] Prefetch batch: 140 ms.
I0418 09:13:13.183459  6080 data_layer.cpp:129]      Read time: 93.755 ms.
I0418 09:13:13.183459  6080 data_layer.cpp:130] Transform time: 46.874 ms.
I0418 09:13:14.027233  7952 caffe.cpp:314] Batch 3760, accuracy1+2 = 1
I0418 09:13:14.027233  7952 caffe.cpp:314] Batch 3760, accuracy1+2+3 = 1
I0418 09:13:14.121000  6080 data_layer.cpp:128] Prefetch batch: 93 ms.
I0418 09:13:14.121000  6080 data_layer.cpp:129]      Read time: 0 ms.
I0418 09:13:14.121000  6080 data_layer.cpp:130] Transform time: 93.766 ms.
I0418 09:13:14.996031  7952 caffe.cpp:314] Batch 3761, accuracy1+2 = 1
I0418 09:13:14.996031  7952 caffe.cpp:314] Batch 3761, accuracy1+2+3 = 1
I0418 09:13:15.121035  6080 data_layer.cpp:128] Prefetch batch: 125 ms.
I0418 09:13:15.121035  6080 data_layer.cpp:129]      Read time: 93.754 ms.
I0418 09:13:15.121035  6080 data_layer.cpp:130] Transform time: 31.25 ms.
I0418 09:13:15.964818  7952 caffe.cpp:314] Batch 3762, accuracy1+2 = 1
I0418 09:13:15.964818  7952 caffe.cpp:314] Batch 3762, accuracy1+2+3 = 1
I0418 09:13:16.089824  6080 data_layer.cpp:128] Prefetch batch: 125 ms.
I0418 09:13:16.089824  6080 data_layer.cpp:129]      Read time: 93.753 ms.
I0418 09:13:16.089824  6080 data_layer.cpp:130] Transform time: 31.253 ms.
I0418 09:13:16.949234  7952 caffe.cpp:314] Batch 3763, accuracy1+2 = 0
I0418 09:13:16.949234  7952 caffe.cpp:314] Batch 3763, accuracy1+2+3 = 0
I0418 09:13:17.074239  6080 data_layer.cpp:128] Prefetch batch: 125 ms.
I0418 09:13:17.074239  6080 data_layer.cpp:129]      Read time: 78.127 ms.
I0418 09:13:17.074239  6080 data_layer.cpp:130] Transform time: 46.878 ms.
I0418 09:13:17.918020  7952 caffe.cpp:314] Batch 3764, accuracy1+2 = 1
I0418 09:13:17.918020  7952 caffe.cpp:314] Batch 3764, accuracy1+2+3 = 1
I0418 09:13:18.027401  6080 data_layer.cpp:128] Prefetch batch: 109 ms.
I0418 09:13:18.027401  6080 data_layer.cpp:129]      Read time: 0 ms.
I0418 09:13:18.027401  6080 data_layer.cpp:130] Transform time: 109.381 ms.
I0418 09:13:18.886807  7952 caffe.cpp:314] Batch 3765, accuracy1+2 = 1
I0418 09:13:18.886807  7952 caffe.cpp:314] Batch 3765, accuracy1+2+3 = 1
I0418 09:13:19.011821  6080 data_layer.cpp:128] Prefetch batch: 125 ms.
I0418 09:13:19.011821  6080 data_layer.cpp:129]      Read time: 93.764 ms.
I0418 09:13:19.011821  6080 data_layer.cpp:130] Transform time: 31.249 ms.
I0418 09:13:19.855600  7952 caffe.cpp:314] Batch 3766, accuracy1+2 = 1
I0418 09:13:19.855600  7952 caffe.cpp:314] Batch 3766, accuracy1+2+3 = 1
I0418 09:13:19.980603  6080 data_layer.cpp:128] Prefetch batch: 125 ms.
I0418 09:13:19.980603  6080 data_layer.cpp:129]      Read time: 93.751 ms.
I0418 09:13:19.980603  6080 data_layer.cpp:130] Transform time: 31.252 ms.
I0418 09:13:20.840011  7952 caffe.cpp:314] Batch 3767, accuracy1+2 = 1
I0418 09:13:20.840011  7952 caffe.cpp:314] Batch 3767, accuracy1+2+3 = 1
I0418 09:13:20.965021  6080 data_layer.cpp:128] Prefetch batch: 125 ms.
I0418 09:13:20.965021  6080 data_layer.cpp:129]      Read time: 78.133 ms.
I0418 09:13:20.965021  6080 data_layer.cpp:130] Transform time: 46.877 ms.
I0418 09:13:21.808804  7952 caffe.cpp:314] Batch 3768, accuracy1+2 = 1
I0418 09:13:21.808804  7952 caffe.cpp:314] Batch 3768, accuracy1+2+3 = 1
I0418 09:13:21.933805  6080 data_layer.cpp:128] Prefetch batch: 125 ms.
I0418 09:13:21.933805  6080 data_layer.cpp:129]      Read time: 93.752 ms.
I0418 09:13:21.933805  6080 data_layer.cpp:130] Transform time: 31.25 ms.
I0418 09:13:22.777592  7952 caffe.cpp:314] Batch 3769, accuracy1+2 = 1
I0418 09:13:22.777592  7952 caffe.cpp:314] Batch 3769, accuracy1+2+3 = 1
I0418 09:13:22.886966  6080 data_layer.cpp:128] Prefetch batch: 109 ms.
I0418 09:13:22.886966  6080 data_layer.cpp:129]      Read time: 0 ms.
I0418 09:13:22.886966  6080 data_layer.cpp:130] Transform time: 109.374 ms.
I0418 09:13:23.746376  7952 caffe.cpp:314] Batch 3770, accuracy1+2 = 1
I0418 09:13:23.762002  7952 caffe.cpp:314] Batch 3770, accuracy1+2+3 = 1
I0418 09:13:23.887007  6080 data_layer.cpp:128] Prefetch batch: 125 ms.
I0418 09:13:23.887007  6080 data_layer.cpp:129]      Read time: 78.128 ms.
I0418 09:13:23.887007  6080 data_layer.cpp:130] Transform time: 46.877 ms.
I0418 09:13:24.730792  7952 caffe.cpp:314] Batch 3771, accuracy1+2 = 1
I0418 09:13:24.730792  7952 caffe.cpp:314] Batch 3771, accuracy1+2+3 = 1
I0418 09:13:24.855794  6080 data_layer.cpp:128] Prefetch batch: 125 ms.
I0418 09:13:24.855794  6080 data_layer.cpp:129]      Read time: 93.757 ms.
I0418 09:13:24.855794  6080 data_layer.cpp:130] Transform time: 31.246 ms.
I0418 09:13:25.699576  7952 caffe.cpp:314] Batch 3772, accuracy1+2 = 1
I0418 09:13:25.699576  7952 caffe.cpp:314] Batch 3772, accuracy1+2+3 = 1
I0418 09:13:25.824579  6080 data_layer.cpp:128] Prefetch batch: 125 ms.
I0418 09:13:25.824579  6080 data_layer.cpp:129]      Read time: 93.756 ms.
I0418 09:13:25.824579  6080 data_layer.cpp:130] Transform time: 31.247 ms.
I0418 09:13:26.668364  7952 caffe.cpp:314] Batch 3773, accuracy1+2 = 1
I0418 09:13:26.668364  7952 caffe.cpp:314] Batch 3773, accuracy1+2+3 = 1
I0418 09:13:26.793370  6080 data_layer.cpp:128] Prefetch batch: 125 ms.
I0418 09:13:26.793370  6080 data_layer.cpp:129]      Read time: 93.753 ms.
I0418 09:13:26.793370  6080 data_layer.cpp:130] Transform time: 31.254 ms.
I0418 09:13:27.652779  7952 caffe.cpp:314] Batch 3774, accuracy1+2 = 1
I0418 09:13:27.652779  7952 caffe.cpp:314] Batch 3774, accuracy1+2+3 = 1
I0418 09:13:27.777788  6080 data_layer.cpp:128] Prefetch batch: 125 ms.
I0418 09:13:27.777788  6080 data_layer.cpp:129]      Read time: 78.133 ms.
I0418 09:13:27.777788  6080 data_layer.cpp:130] Transform time: 46.876 ms.
I0418 09:13:28.621567  7952 caffe.cpp:314] Batch 3775, accuracy1+2 = 1
I0418 09:13:28.621567  7952 caffe.cpp:314] Batch 3775, accuracy1+2+3 = 1
I0418 09:13:28.730945  6080 data_layer.cpp:128] Prefetch batch: 109 ms.
I0418 09:13:28.730945  6080 data_layer.cpp:129]      Read time: 0 ms.
I0418 09:13:28.730945  6080 data_layer.cpp:130] Transform time: 109.378 ms.
I0418 09:13:29.590359  7952 caffe.cpp:314] Batch 3776, accuracy1+2 = 1
I0418 09:13:29.590359  7952 caffe.cpp:314] Batch 3776, accuracy1+2+3 = 1
I0418 09:13:29.715355  6080 data_layer.cpp:128] Prefetch batch: 124 ms.
I0418 09:13:29.715355  6080 data_layer.cpp:129]      Read time: 93.753 ms.
I0418 09:13:29.715355  6080 data_layer.cpp:130] Transform time: 31.243 ms.
I0418 09:13:30.574771  7952 caffe.cpp:314] Batch 3777, accuracy1+2 = 1
I0418 09:13:30.574771  7952 caffe.cpp:314] Batch 3777, accuracy1+2+3 = 1
I0418 09:13:30.699771  6080 data_layer.cpp:128] Prefetch batch: 125 ms.
I0418 09:13:30.699771  6080 data_layer.cpp:129]      Read time: 78.13 ms.
I0418 09:13:30.699771  6080 data_layer.cpp:130] Transform time: 46.87 ms.
I0418 09:13:31.543561  7952 caffe.cpp:314] Batch 3778, accuracy1+2 = 1
I0418 09:13:31.543561  7952 caffe.cpp:314] Batch 3778, accuracy1+2+3 = 1
I0418 09:13:31.668560  6080 data_layer.cpp:128] Prefetch batch: 124 ms.
I0418 09:13:31.668560  6080 data_layer.cpp:129]      Read time: 93.752 ms.
I0418 09:13:31.668560  6080 data_layer.cpp:130] Transform time: 31.246 ms.
I0418 09:13:32.512347  7952 caffe.cpp:314] Batch 3779, accuracy1+2 = 1
I0418 09:13:32.512347  7952 caffe.cpp:314] Batch 3779, accuracy1+2+3 = 1
I0418 09:13:32.621726  6080 data_layer.cpp:128] Prefetch batch: 109 ms.
I0418 09:13:32.621726  6080 data_layer.cpp:129]      Read time: 0 ms.
I0418 09:13:32.621726  6080 data_layer.cpp:130] Transform time: 109.379 ms.
I0418 09:13:33.481137  7952 caffe.cpp:314] Batch 3780, accuracy1+2 = 1
I0418 09:13:33.481137  7952 caffe.cpp:314] Batch 3780, accuracy1+2+3 = 1
I0418 09:13:33.606142  6080 data_layer.cpp:128] Prefetch batch: 125 ms.
I0418 09:13:33.606142  6080 data_layer.cpp:129]      Read time: 93.754 ms.
I0418 09:13:33.606142  6080 data_layer.cpp:130] Transform time: 31.251 ms.
I0418 09:13:34.465550  7952 caffe.cpp:314] Batch 3781, accuracy1+2 = 1
I0418 09:13:34.465550  7952 caffe.cpp:314] Batch 3781, accuracy1+2+3 = 1
I0418 09:13:34.590554  6080 data_layer.cpp:128] Prefetch batch: 125 ms.
I0418 09:13:34.590554  6080 data_layer.cpp:129]      Read time: 78.123 ms.
I0418 09:13:34.590554  6080 data_layer.cpp:130] Transform time: 46.881 ms.
I0418 09:13:35.434339  7952 caffe.cpp:314] Batch 3782, accuracy1+2 = 1
I0418 09:13:35.434339  7952 caffe.cpp:314] Batch 3782, accuracy1+2+3 = 1
I0418 09:13:35.559340  6080 data_layer.cpp:128] Prefetch batch: 125 ms.
I0418 09:13:35.559340  6080 data_layer.cpp:129]      Read time: 93.75 ms.
I0418 09:13:35.559340  6080 data_layer.cpp:130] Transform time: 31.251 ms.
I0418 09:13:36.403120  7952 caffe.cpp:314] Batch 3783, accuracy1+2 = 1
I0418 09:13:36.403120  7952 caffe.cpp:314] Batch 3783, accuracy1+2+3 = 1
I0418 09:13:36.528131  6080 data_layer.cpp:128] Prefetch batch: 125 ms.
I0418 09:13:36.528131  6080 data_layer.cpp:129]      Read time: 93.759 ms.
I0418 09:13:36.528131  6080 data_layer.cpp:130] Transform time: 31.252 ms.
I0418 09:13:37.387539  7952 caffe.cpp:314] Batch 3784, accuracy1+2 = 1
I0418 09:13:37.387539  7952 caffe.cpp:314] Batch 3784, accuracy1+2+3 = 1
I0418 09:13:37.496914  6080 data_layer.cpp:128] Prefetch batch: 109 ms.
I0418 09:13:37.496914  6080 data_layer.cpp:129]      Read time: 0 ms.
I0418 09:13:37.496914  6080 data_layer.cpp:130] Transform time: 109.375 ms.
I0418 09:13:38.356328  7952 caffe.cpp:314] Batch 3785, accuracy1+2 = 1
I0418 09:13:38.356328  7952 caffe.cpp:314] Batch 3785, accuracy1+2+3 = 1
I0418 09:13:38.481333  6080 data_layer.cpp:128] Prefetch batch: 125 ms.
I0418 09:13:38.481333  6080 data_layer.cpp:129]      Read time: 93.748 ms.
I0418 09:13:38.481333  6080 data_layer.cpp:130] Transform time: 31.257 ms.
I0418 09:13:39.325114  7952 caffe.cpp:314] Batch 3786, accuracy1+2 = 1
I0418 09:13:39.325114  7952 caffe.cpp:314] Batch 3786, accuracy1+2+3 = 1
I0418 09:13:39.450119  6080 data_layer.cpp:128] Prefetch batch: 125 ms.
I0418 09:13:39.450119  6080 data_layer.cpp:129]      Read time: 93.756 ms.
I0418 09:13:39.450119  6080 data_layer.cpp:130] Transform time: 31.25 ms.
I0418 09:13:40.309526  7952 caffe.cpp:314] Batch 3787, accuracy1+2 = 1
I0418 09:13:40.309526  7952 caffe.cpp:314] Batch 3787, accuracy1+2+3 = 1
I0418 09:13:40.434531  6080 data_layer.cpp:128] Prefetch batch: 125 ms.
I0418 09:13:40.434531  6080 data_layer.cpp:129]      Read time: 78.13 ms.
I0418 09:13:40.434531  6080 data_layer.cpp:130] Transform time: 46.875 ms.
I0418 09:13:41.293956  7952 caffe.cpp:314] Batch 3788, accuracy1+2 = 1
I0418 09:13:41.293956  7952 caffe.cpp:314] Batch 3788, accuracy1+2+3 = 1
I0418 09:13:41.387691  6080 data_layer.cpp:128] Prefetch batch: 93 ms.
I0418 09:13:41.387691  6080 data_layer.cpp:129]      Read time: 0 ms.
I0418 09:13:41.387691  6080 data_layer.cpp:130] Transform time: 93.735 ms.
I0418 09:13:42.293982  7952 caffe.cpp:314] Batch 3789, accuracy1+2 = 1
I0418 09:13:42.293982  7952 caffe.cpp:314] Batch 3789, accuracy1+2+3 = 1
I0418 09:13:42.418983  6080 data_layer.cpp:128] Prefetch batch: 125 ms.
I0418 09:13:42.418983  6080 data_layer.cpp:129]      Read time: 78.127 ms.
I0418 09:13:42.418983  6080 data_layer.cpp:130] Transform time: 46.874 ms.
I0418 09:13:43.262768  7952 caffe.cpp:314] Batch 3790, accuracy1+2 = 1
I0418 09:13:43.262768  7952 caffe.cpp:314] Batch 3790, accuracy1+2+3 = 1
I0418 09:13:43.387770  6080 data_layer.cpp:128] Prefetch batch: 125 ms.
I0418 09:13:43.387770  6080 data_layer.cpp:129]      Read time: 93.756 ms.
I0418 09:13:43.387770  6080 data_layer.cpp:130] Transform time: 31.246 ms.
I0418 09:13:44.247181  7952 caffe.cpp:314] Batch 3791, accuracy1+2 = 1
I0418 09:13:44.247181  7952 caffe.cpp:314] Batch 3791, accuracy1+2+3 = 1
I0418 09:13:44.372181  6080 data_layer.cpp:128] Prefetch batch: 125 ms.
I0418 09:13:44.372181  6080 data_layer.cpp:129]      Read time: 93.756 ms.
I0418 09:13:44.372181  6080 data_layer.cpp:130] Transform time: 31.244 ms.
I0418 09:13:45.215972  7952 caffe.cpp:314] Batch 3792, accuracy1+2 = 1
I0418 09:13:45.215972  7952 caffe.cpp:314] Batch 3792, accuracy1+2+3 = 1
I0418 09:13:45.340975  6080 data_layer.cpp:128] Prefetch batch: 125 ms.
I0418 09:13:45.340975  6080 data_layer.cpp:129]      Read time: 93.75 ms.
I0418 09:13:45.340975  6080 data_layer.cpp:130] Transform time: 31.252 ms.
I0418 09:13:46.184757  7952 caffe.cpp:314] Batch 3793, accuracy1+2 = 0
I0418 09:13:46.184757  7952 caffe.cpp:314] Batch 3793, accuracy1+2+3 = 0
I0418 09:13:46.309767  6080 data_layer.cpp:128] Prefetch batch: 125 ms.
I0418 09:13:46.309767  6080 data_layer.cpp:129]      Read time: 93.75 ms.
I0418 09:13:46.309767  6080 data_layer.cpp:130] Transform time: 31.259 ms.
I0418 09:13:47.169170  7952 caffe.cpp:314] Batch 3794, accuracy1+2 = 1
I0418 09:13:47.169170  7952 caffe.cpp:314] Batch 3794, accuracy1+2+3 = 1
I0418 09:13:47.294178  6080 data_layer.cpp:128] Prefetch batch: 125 ms.
I0418 09:13:47.294178  6080 data_layer.cpp:129]      Read time: 93.756 ms.
I0418 09:13:47.294178  6080 data_layer.cpp:130] Transform time: 31.252 ms.
I0418 09:13:48.184825  7952 caffe.cpp:314] Batch 3795, accuracy1+2 = 1
I0418 09:13:48.184825  7952 caffe.cpp:314] Batch 3795, accuracy1+2+3 = 1
I0418 09:13:48.294217  6080 data_layer.cpp:128] Prefetch batch: 109 ms.
I0418 09:13:48.294217  6080 data_layer.cpp:129]      Read time: 0 ms.
I0418 09:13:48.294217  6080 data_layer.cpp:130] Transform time: 109.392 ms.
I0418 09:13:49.200495  7952 caffe.cpp:314] Batch 3796, accuracy1+2 = 1
I0418 09:13:49.200495  7952 caffe.cpp:314] Batch 3796, accuracy1+2+3 = 1
I0418 09:13:49.325507  6080 data_layer.cpp:128] Prefetch batch: 125 ms.
I0418 09:13:49.325507  6080 data_layer.cpp:129]      Read time: 78.138 ms.
I0418 09:13:49.325507  6080 data_layer.cpp:130] Transform time: 46.875 ms.
I0418 09:13:50.200534  7952 caffe.cpp:314] Batch 3797, accuracy1+2 = 1
I0418 09:13:50.200534  7952 caffe.cpp:314] Batch 3797, accuracy1+2+3 = 1
I0418 09:13:50.325546  6080 data_layer.cpp:128] Prefetch batch: 125 ms.
I0418 09:13:50.325546  6080 data_layer.cpp:129]      Read time: 78.134 ms.
I0418 09:13:50.325546  6080 data_layer.cpp:130] Transform time: 46.877 ms.
I0418 09:13:51.169323  7952 caffe.cpp:314] Batch 3798, accuracy1+2 = 1
I0418 09:13:51.169323  7952 caffe.cpp:314] Batch 3798, accuracy1+2+3 = 1
I0418 09:13:51.278707  6080 data_layer.cpp:128] Prefetch batch: 109 ms.
I0418 09:13:51.278707  6080 data_layer.cpp:129]      Read time: 0 ms.
I0418 09:13:51.278707  6080 data_layer.cpp:130] Transform time: 109.384 ms.
I0418 09:13:52.138113  7952 caffe.cpp:314] Batch 3799, accuracy1+2 = 1
I0418 09:13:52.138113  7952 caffe.cpp:314] Batch 3799, accuracy1+2+3 = 1
I0418 09:13:52.263120  6080 data_layer.cpp:128] Prefetch batch: 125 ms.
I0418 09:13:52.263120  6080 data_layer.cpp:129]      Read time: 93.759 ms.
I0418 09:13:52.263120  6080 data_layer.cpp:130] Transform time: 31.248 ms.
I0418 09:13:53.106900  7952 caffe.cpp:314] Batch 3800, accuracy1+2 = 1
I0418 09:13:53.106900  7952 caffe.cpp:314] Batch 3800, accuracy1+2+3 = 1
I0418 09:13:53.231911  6080 data_layer.cpp:128] Prefetch batch: 125 ms.
I0418 09:13:53.231911  6080 data_layer.cpp:129]      Read time: 93.76 ms.
I0418 09:13:53.231911  6080 data_layer.cpp:130] Transform time: 31.251 ms.
I0418 09:13:54.091315  7952 caffe.cpp:314] Batch 3801, accuracy1+2 = 1
I0418 09:13:54.091315  7952 caffe.cpp:314] Batch 3801, accuracy1+2+3 = 1
I0418 09:13:54.216322  6080 data_layer.cpp:128] Prefetch batch: 125 ms.
I0418 09:13:54.216322  6080 data_layer.cpp:129]      Read time: 93.758 ms.
I0418 09:13:54.216322  6080 data_layer.cpp:130] Transform time: 31.249 ms.
I0418 09:13:55.060103  7952 caffe.cpp:314] Batch 3802, accuracy1+2 = 1
I0418 09:13:55.060103  7952 caffe.cpp:314] Batch 3802, accuracy1+2+3 = 1
I0418 09:13:55.185109  6080 data_layer.cpp:128] Prefetch batch: 125 ms.
I0418 09:13:55.185109  6080 data_layer.cpp:129]      Read time: 93.755 ms.
I0418 09:13:55.185109  6080 data_layer.cpp:130] Transform time: 31.251 ms.
I0418 09:13:56.028889  7952 caffe.cpp:314] Batch 3803, accuracy1+2 = 1
I0418 09:13:56.028889  7952 caffe.cpp:314] Batch 3803, accuracy1+2+3 = 1
I0418 09:13:56.153901  6080 data_layer.cpp:128] Prefetch batch: 125 ms.
I0418 09:13:56.153901  6080 data_layer.cpp:129]      Read time: 93.757 ms.
I0418 09:13:56.153901  6080 data_layer.cpp:130] Transform time: 31.255 ms.
I0418 09:13:57.013305  7952 caffe.cpp:314] Batch 3804, accuracy1+2 = 1
I0418 09:13:57.013305  7952 caffe.cpp:314] Batch 3804, accuracy1+2+3 = 1
I0418 09:13:57.107056  6080 data_layer.cpp:128] Prefetch batch: 93 ms.
I0418 09:13:57.107056  6080 data_layer.cpp:129]      Read time: 0 ms.
I0418 09:13:57.107056  6080 data_layer.cpp:130] Transform time: 93.751 ms.
I0418 09:13:57.982091  7952 caffe.cpp:314] Batch 3805, accuracy1+2 = 1
I0418 09:13:57.982091  7952 caffe.cpp:314] Batch 3805, accuracy1+2+3 = 1
I0418 09:13:58.107101  6080 data_layer.cpp:128] Prefetch batch: 125 ms.
I0418 09:13:58.107101  6080 data_layer.cpp:129]      Read time: 93.757 ms.
I0418 09:13:58.107101  6080 data_layer.cpp:130] Transform time: 31.253 ms.
I0418 09:13:58.950880  7952 caffe.cpp:314] Batch 3806, accuracy1+2 = 1
I0418 09:13:58.950880  7952 caffe.cpp:314] Batch 3806, accuracy1+2+3 = 1
I0418 09:13:59.075887  6080 data_layer.cpp:128] Prefetch batch: 125 ms.
I0418 09:13:59.075887  6080 data_layer.cpp:129]      Read time: 93.754 ms.
I0418 09:13:59.075887  6080 data_layer.cpp:130] Transform time: 31.254 ms.
I0418 09:13:59.919673  7952 caffe.cpp:314] Batch 3807, accuracy1+2 = 1
I0418 09:13:59.919673  7952 caffe.cpp:314] Batch 3807, accuracy1+2+3 = 1
I0418 09:14:00.060305  6080 data_layer.cpp:128] Prefetch batch: 140 ms.
I0418 09:14:00.060305  6080 data_layer.cpp:129]      Read time: 93.753 ms.
I0418 09:14:00.060305  6080 data_layer.cpp:130] Transform time: 46.879 ms.
I0418 09:14:00.904080  7952 caffe.cpp:314] Batch 3808, accuracy1+2 = 1
I0418 09:14:00.904080  7952 caffe.cpp:314] Batch 3808, accuracy1+2+3 = 1
I0418 09:14:01.029090  6080 data_layer.cpp:128] Prefetch batch: 125 ms.
I0418 09:14:01.029090  6080 data_layer.cpp:129]      Read time: 93.762 ms.
I0418 09:14:01.029090  6080 data_layer.cpp:130] Transform time: 31.248 ms.
I0418 09:14:01.872874  7952 caffe.cpp:314] Batch 3809, accuracy1+2 = 1
I0418 09:14:01.872874  7952 caffe.cpp:314] Batch 3809, accuracy1+2+3 = 1
I0418 09:14:01.982256  6080 data_layer.cpp:128] Prefetch batch: 109 ms.
I0418 09:14:01.982256  6080 data_layer.cpp:129]      Read time: 0 ms.
I0418 09:14:01.982256  6080 data_layer.cpp:130] Transform time: 109.382 ms.
I0418 09:14:02.841660  7952 caffe.cpp:314] Batch 3810, accuracy1+2 = 1
I0418 09:14:02.841660  7952 caffe.cpp:314] Batch 3810, accuracy1+2+3 = 1
I0418 09:14:02.966666  6080 data_layer.cpp:128] Prefetch batch: 125 ms.
I0418 09:14:02.966666  6080 data_layer.cpp:129]      Read time: 93.755 ms.
I0418 09:14:02.966666  6080 data_layer.cpp:130] Transform time: 31.252 ms.
I0418 09:14:03.826071  7952 caffe.cpp:314] Batch 3811, accuracy1+2 = 1
I0418 09:14:03.826071  7952 caffe.cpp:314] Batch 3811, accuracy1+2+3 = 1
I0418 09:14:03.951081  6080 data_layer.cpp:128] Prefetch batch: 125 ms.
I0418 09:14:03.951081  6080 data_layer.cpp:129]      Read time: 78.133 ms.
I0418 09:14:03.951081  6080 data_layer.cpp:130] Transform time: 46.878 ms.
I0418 09:14:04.794864  7952 caffe.cpp:314] Batch 3812, accuracy1+2 = 1
I0418 09:14:04.794864  7952 caffe.cpp:314] Batch 3812, accuracy1+2+3 = 1
I0418 09:14:04.919867  6080 data_layer.cpp:128] Prefetch batch: 125 ms.
I0418 09:14:04.919867  6080 data_layer.cpp:129]      Read time: 93.749 ms.
I0418 09:14:04.919867  6080 data_layer.cpp:130] Transform time: 31.253 ms.
I0418 09:14:05.763648  7952 caffe.cpp:314] Batch 3813, accuracy1+2 = 1
I0418 09:14:05.763648  7952 caffe.cpp:314] Batch 3813, accuracy1+2+3 = 1
I0418 09:14:05.904278  6080 data_layer.cpp:128] Prefetch batch: 140 ms.
I0418 09:14:05.904278  6080 data_layer.cpp:129]      Read time: 93.758 ms.
I0418 09:14:05.904278  6080 data_layer.cpp:130] Transform time: 46.872 ms.
I0418 09:14:06.748066  7952 caffe.cpp:314] Batch 3814, accuracy1+2 = 1
I0418 09:14:06.748066  7952 caffe.cpp:314] Batch 3814, accuracy1+2+3 = 1
I0418 09:14:06.857442  6080 data_layer.cpp:128] Prefetch batch: 109 ms.
I0418 09:14:06.857442  6080 data_layer.cpp:129]      Read time: 0 ms.
I0418 09:14:06.857442  6080 data_layer.cpp:130] Transform time: 109.376 ms.
I0418 09:14:07.716856  7952 caffe.cpp:314] Batch 3815, accuracy1+2 = 1
I0418 09:14:07.716856  7952 caffe.cpp:314] Batch 3815, accuracy1+2+3 = 1
I0418 09:14:07.841861  6080 data_layer.cpp:128] Prefetch batch: 125 ms.
I0418 09:14:07.841861  6080 data_layer.cpp:129]      Read time: 93.746 ms.
I0418 09:14:07.841861  6080 data_layer.cpp:130] Transform time: 31.259 ms.
I0418 09:14:08.701267  7952 caffe.cpp:314] Batch 3816, accuracy1+2 = 1
I0418 09:14:08.701267  7952 caffe.cpp:314] Batch 3816, accuracy1+2+3 = 1
I0418 09:14:08.826273  6080 data_layer.cpp:128] Prefetch batch: 125 ms.
I0418 09:14:08.826273  6080 data_layer.cpp:129]      Read time: 78.125 ms.
I0418 09:14:08.826273  6080 data_layer.cpp:130] Transform time: 46.881 ms.
I0418 09:14:09.670049  7952 caffe.cpp:314] Batch 3817, accuracy1+2 = 1
I0418 09:14:09.670049  7952 caffe.cpp:314] Batch 3817, accuracy1+2+3 = 1
I0418 09:14:09.795058  6080 data_layer.cpp:128] Prefetch batch: 125 ms.
I0418 09:14:09.795058  6080 data_layer.cpp:129]      Read time: 93.758 ms.
I0418 09:14:09.795058  6080 data_layer.cpp:130] Transform time: 31.251 ms.
I0418 09:14:10.638840  7952 caffe.cpp:314] Batch 3818, accuracy1+2 = 1
I0418 09:14:10.638840  7952 caffe.cpp:314] Batch 3818, accuracy1+2+3 = 1
I0418 09:14:10.763849  6080 data_layer.cpp:128] Prefetch batch: 125 ms.
I0418 09:14:10.763849  6080 data_layer.cpp:129]      Read time: 93.751 ms.
I0418 09:14:10.763849  6080 data_layer.cpp:130] Transform time: 31.258 ms.
I0418 09:14:11.623258  7952 caffe.cpp:314] Batch 3819, accuracy1+2 = 1
I0418 09:14:11.623258  7952 caffe.cpp:314] Batch 3819, accuracy1+2+3 = 1
I0418 09:14:11.748261  6080 data_layer.cpp:128] Prefetch batch: 125 ms.
I0418 09:14:11.748261  6080 data_layer.cpp:129]      Read time: 78.12 ms.
I0418 09:14:11.748261  6080 data_layer.cpp:130] Transform time: 46.883 ms.
I0418 09:14:12.592042  7952 caffe.cpp:314] Batch 3820, accuracy1+2 = 1
I0418 09:14:12.592042  7952 caffe.cpp:314] Batch 3820, accuracy1+2+3 = 1
I0418 09:14:12.717048  6080 data_layer.cpp:128] Prefetch batch: 125 ms.
I0418 09:14:12.717048  6080 data_layer.cpp:129]      Read time: 93.751 ms.
I0418 09:14:12.717048  6080 data_layer.cpp:130] Transform time: 31.255 ms.
I0418 09:14:13.560828  7952 caffe.cpp:314] Batch 3821, accuracy1+2 = 1
I0418 09:14:13.560828  7952 caffe.cpp:314] Batch 3821, accuracy1+2+3 = 1
I0418 09:14:13.670212  6080 data_layer.cpp:128] Prefetch batch: 109 ms.
I0418 09:14:13.670212  6080 data_layer.cpp:129]      Read time: 0 ms.
I0418 09:14:13.670212  6080 data_layer.cpp:130] Transform time: 109.384 ms.
I0418 09:14:14.545248  7952 caffe.cpp:314] Batch 3822, accuracy1+2 = 1
I0418 09:14:14.545248  7952 caffe.cpp:314] Batch 3822, accuracy1+2+3 = 1
I0418 09:14:14.670251  6080 data_layer.cpp:128] Prefetch batch: 125 ms.
I0418 09:14:14.670251  6080 data_layer.cpp:129]      Read time: 93.753 ms.
I0418 09:14:14.670251  6080 data_layer.cpp:130] Transform time: 31.251 ms.
I0418 09:14:15.514031  7952 caffe.cpp:314] Batch 3823, accuracy1+2 = 1
I0418 09:14:15.514031  7952 caffe.cpp:314] Batch 3823, accuracy1+2+3 = 1
I0418 09:14:15.639034  6080 data_layer.cpp:128] Prefetch batch: 125 ms.
I0418 09:14:15.639034  6080 data_layer.cpp:129]      Read time: 93.751 ms.
I0418 09:14:15.639034  6080 data_layer.cpp:130] Transform time: 31.251 ms.
I0418 09:14:16.498450  7952 caffe.cpp:314] Batch 3824, accuracy1+2 = 1
I0418 09:14:16.498450  7952 caffe.cpp:314] Batch 3824, accuracy1+2+3 = 1
I0418 09:14:16.623458  6080 data_layer.cpp:128] Prefetch batch: 125 ms.
I0418 09:14:16.623458  6080 data_layer.cpp:129]      Read time: 78.128 ms.
I0418 09:14:16.623458  6080 data_layer.cpp:130] Transform time: 46.88 ms.
I0418 09:14:17.467237  7952 caffe.cpp:314] Batch 3825, accuracy1+2 = 1
I0418 09:14:17.467237  7952 caffe.cpp:314] Batch 3825, accuracy1+2+3 = 1
I0418 09:14:17.592238  6080 data_layer.cpp:128] Prefetch batch: 125 ms.
I0418 09:14:17.592238  6080 data_layer.cpp:129]      Read time: 93.751 ms.
I0418 09:14:17.592238  6080 data_layer.cpp:130] Transform time: 31.25 ms.
I0418 09:14:18.436022  7952 caffe.cpp:314] Batch 3826, accuracy1+2 = 0
I0418 09:14:18.436022  7952 caffe.cpp:314] Batch 3826, accuracy1+2+3 = 0
I0418 09:14:18.545405  6080 data_layer.cpp:128] Prefetch batch: 109 ms.
I0418 09:14:18.545405  6080 data_layer.cpp:129]      Read time: 0 ms.
I0418 09:14:18.545405  6080 data_layer.cpp:130] Transform time: 109.383 ms.
I0418 09:14:19.404814  7952 caffe.cpp:314] Batch 3827, accuracy1+2 = 1
I0418 09:14:19.404814  7952 caffe.cpp:314] Batch 3827, accuracy1+2+3 = 1
I0418 09:14:19.529815  6080 data_layer.cpp:128] Prefetch batch: 125 ms.
I0418 09:14:19.529815  6080 data_layer.cpp:129]      Read time: 93.749 ms.
I0418 09:14:19.529815  6080 data_layer.cpp:130] Transform time: 31.252 ms.
I0418 09:14:20.389220  7952 caffe.cpp:314] Batch 3828, accuracy1+2 = 1
I0418 09:14:20.389220  7952 caffe.cpp:314] Batch 3828, accuracy1+2+3 = 1
I0418 09:14:20.514231  6080 data_layer.cpp:128] Prefetch batch: 125 ms.
I0418 09:14:20.514231  6080 data_layer.cpp:129]      Read time: 93.757 ms.
I0418 09:14:20.514231  6080 data_layer.cpp:130] Transform time: 31.254 ms.
I0418 09:14:21.358013  7952 caffe.cpp:314] Batch 3829, accuracy1+2 = 1
I0418 09:14:21.358013  7952 caffe.cpp:314] Batch 3829, accuracy1+2+3 = 1
I0418 09:14:21.483017  6080 data_layer.cpp:128] Prefetch batch: 125 ms.
I0418 09:14:21.483017  6080 data_layer.cpp:129]      Read time: 93.755 ms.
I0418 09:14:21.483017  6080 data_layer.cpp:130] Transform time: 31.249 ms.
I0418 09:14:22.326802  7952 caffe.cpp:314] Batch 3830, accuracy1+2 = 1
I0418 09:14:22.326802  7952 caffe.cpp:314] Batch 3830, accuracy1+2+3 = 1
I0418 09:14:22.436177  6080 data_layer.cpp:128] Prefetch batch: 109 ms.
I0418 09:14:22.436177  6080 data_layer.cpp:129]      Read time: 0 ms.
I0418 09:14:22.436177  6080 data_layer.cpp:130] Transform time: 109.375 ms.
I0418 09:14:23.311213  7952 caffe.cpp:314] Batch 3831, accuracy1+2 = 1
I0418 09:14:23.311213  7952 caffe.cpp:314] Batch 3831, accuracy1+2+3 = 1
I0418 09:14:23.436219  6080 data_layer.cpp:128] Prefetch batch: 125 ms.
I0418 09:14:23.436219  6080 data_layer.cpp:129]      Read time: 78.131 ms.
I0418 09:14:23.436219  6080 data_layer.cpp:130] Transform time: 46.875 ms.
I0418 09:14:24.280000  7952 caffe.cpp:314] Batch 3832, accuracy1+2 = 1
I0418 09:14:24.280000  7952 caffe.cpp:314] Batch 3832, accuracy1+2+3 = 1
I0418 09:14:24.405009  6080 data_layer.cpp:128] Prefetch batch: 125 ms.
I0418 09:14:24.405009  6080 data_layer.cpp:129]      Read time: 93.757 ms.
I0418 09:14:24.405009  6080 data_layer.cpp:130] Transform time: 31.251 ms.
I0418 09:14:25.264405  7952 caffe.cpp:314] Batch 3833, accuracy1+2 = 1
I0418 09:14:25.264405  7952 caffe.cpp:314] Batch 3833, accuracy1+2+3 = 1
I0418 09:14:25.389410  6080 data_layer.cpp:128] Prefetch batch: 125 ms.
I0418 09:14:25.389410  6080 data_layer.cpp:129]      Read time: 78.128 ms.
I0418 09:14:25.389410  6080 data_layer.cpp:130] Transform time: 46.877 ms.
I0418 09:14:26.280069  7952 caffe.cpp:314] Batch 3834, accuracy1+2 = 1
I0418 09:14:26.280069  7952 caffe.cpp:314] Batch 3834, accuracy1+2+3 = 1
I0418 09:14:26.405079  6080 data_layer.cpp:128] Prefetch batch: 125 ms.
I0418 09:14:26.405079  6080 data_layer.cpp:129]      Read time: 78.128 ms.
I0418 09:14:26.405079  6080 data_layer.cpp:130] Transform time: 46.882 ms.
I0418 09:14:27.280118  7952 caffe.cpp:314] Batch 3835, accuracy1+2 = 1
I0418 09:14:27.280118  7952 caffe.cpp:314] Batch 3835, accuracy1+2+3 = 1
I0418 09:14:27.405122  6080 data_layer.cpp:128] Prefetch batch: 125 ms.
I0418 09:14:27.405122  6080 data_layer.cpp:129]      Read time: 93.757 ms.
I0418 09:14:27.405122  6080 data_layer.cpp:130] Transform time: 31.247 ms.
I0418 09:14:28.248910  7952 caffe.cpp:314] Batch 3836, accuracy1+2 = 1
I0418 09:14:28.248910  7952 caffe.cpp:314] Batch 3836, accuracy1+2+3 = 1
I0418 09:14:28.358289  6080 data_layer.cpp:128] Prefetch batch: 109 ms.
I0418 09:14:28.358289  6080 data_layer.cpp:129]      Read time: 0 ms.
I0418 09:14:28.358289  6080 data_layer.cpp:130] Transform time: 109.379 ms.
I0418 09:14:29.217700  7952 caffe.cpp:314] Batch 3837, accuracy1+2 = 1
I0418 09:14:29.217700  7952 caffe.cpp:314] Batch 3837, accuracy1+2+3 = 1
I0418 09:14:29.342702  6080 data_layer.cpp:128] Prefetch batch: 125 ms.
I0418 09:14:29.342702  6080 data_layer.cpp:129]      Read time: 93.759 ms.
I0418 09:14:29.342702  6080 data_layer.cpp:130] Transform time: 31.244 ms.
I0418 09:14:30.202105  7952 caffe.cpp:314] Batch 3838, accuracy1+2 = 0
I0418 09:14:30.202105  7952 caffe.cpp:314] Batch 3838, accuracy1+2+3 = 0
I0418 09:14:30.327113  6080 data_layer.cpp:128] Prefetch batch: 125 ms.
I0418 09:14:30.327113  6080 data_layer.cpp:129]      Read time: 78.131 ms.
I0418 09:14:30.327113  6080 data_layer.cpp:130] Transform time: 46.878 ms.
I0418 09:14:31.170895  7952 caffe.cpp:314] Batch 3839, accuracy1+2 = 1
I0418 09:14:31.170895  7952 caffe.cpp:314] Batch 3839, accuracy1+2+3 = 1
I0418 09:14:31.280279  6080 data_layer.cpp:128] Prefetch batch: 109 ms.
I0418 09:14:31.280279  6080 data_layer.cpp:129]      Read time: 0 ms.
I0418 09:14:31.280279  6080 data_layer.cpp:130] Transform time: 109.384 ms.
I0418 09:14:32.139684  7952 caffe.cpp:314] Batch 3840, accuracy1+2 = 1
I0418 09:14:32.139684  7952 caffe.cpp:314] Batch 3840, accuracy1+2+3 = 1
I0418 09:14:32.264688  6080 data_layer.cpp:128] Prefetch batch: 125 ms.
I0418 09:14:32.264688  6080 data_layer.cpp:129]      Read time: 93.753 ms.
I0418 09:14:32.264688  6080 data_layer.cpp:130] Transform time: 31.251 ms.
I0418 09:14:33.124097  7952 caffe.cpp:314] Batch 3841, accuracy1+2 = 1
I0418 09:14:33.124097  7952 caffe.cpp:314] Batch 3841, accuracy1+2+3 = 1
I0418 09:14:33.249106  6080 data_layer.cpp:128] Prefetch batch: 125 ms.
I0418 09:14:33.249106  6080 data_layer.cpp:129]      Read time: 78.136 ms.
I0418 09:14:33.249106  6080 data_layer.cpp:130] Transform time: 46.873 ms.
I0418 09:14:34.092887  7952 caffe.cpp:314] Batch 3842, accuracy1+2 = 0
I0418 09:14:34.092887  7952 caffe.cpp:314] Batch 3842, accuracy1+2+3 = 0
I0418 09:14:34.217891  6080 data_layer.cpp:128] Prefetch batch: 125 ms.
I0418 09:14:34.217891  6080 data_layer.cpp:129]      Read time: 93.749 ms.
I0418 09:14:34.217891  6080 data_layer.cpp:130] Transform time: 31.255 ms.
I0418 09:14:35.061678  7952 caffe.cpp:314] Batch 3843, accuracy1+2 = 1
I0418 09:14:35.061678  7952 caffe.cpp:314] Batch 3843, accuracy1+2+3 = 1
I0418 09:14:35.171056  6080 data_layer.cpp:128] Prefetch batch: 109 ms.
I0418 09:14:35.171056  6080 data_layer.cpp:129]      Read time: 0 ms.
I0418 09:14:35.171056  6080 data_layer.cpp:130] Transform time: 109.377 ms.
I0418 09:14:36.030463  7952 caffe.cpp:314] Batch 3844, accuracy1+2 = 1
I0418 09:14:36.030463  7952 caffe.cpp:314] Batch 3844, accuracy1+2+3 = 1
I0418 09:14:36.171094  6080 data_layer.cpp:128] Prefetch batch: 140 ms.
I0418 09:14:36.171094  6080 data_layer.cpp:129]      Read time: 93.755 ms.
I0418 09:14:36.171094  6080 data_layer.cpp:130] Transform time: 46.876 ms.
I0418 09:14:37.014873  7952 caffe.cpp:314] Batch 3845, accuracy1+2 = 1
I0418 09:14:37.014873  7952 caffe.cpp:314] Batch 3845, accuracy1+2+3 = 1
I0418 09:14:37.139878  6080 data_layer.cpp:128] Prefetch batch: 125 ms.
I0418 09:14:37.139878  6080 data_layer.cpp:129]      Read time: 93.756 ms.
I0418 09:14:37.139878  6080 data_layer.cpp:130] Transform time: 31.249 ms.
I0418 09:14:37.999294  7952 caffe.cpp:314] Batch 3846, accuracy1+2 = 1
I0418 09:14:37.999294  7952 caffe.cpp:314] Batch 3846, accuracy1+2+3 = 1
I0418 09:14:38.124294  6080 data_layer.cpp:128] Prefetch batch: 125 ms.
I0418 09:14:38.124294  6080 data_layer.cpp:129]      Read time: 78.127 ms.
I0418 09:14:38.124294  6080 data_layer.cpp:130] Transform time: 46.874 ms.
I0418 09:14:38.968078  7952 caffe.cpp:314] Batch 3847, accuracy1+2 = 1
I0418 09:14:38.968078  7952 caffe.cpp:314] Batch 3847, accuracy1+2+3 = 1
I0418 09:14:39.093080  6080 data_layer.cpp:128] Prefetch batch: 125 ms.
I0418 09:14:39.093080  6080 data_layer.cpp:129]      Read time: 93.756 ms.
I0418 09:14:39.093080  6080 data_layer.cpp:130] Transform time: 31.246 ms.
I0418 09:14:39.936864  7952 caffe.cpp:314] Batch 3848, accuracy1+2 = 1
I0418 09:14:39.936864  7952 caffe.cpp:314] Batch 3848, accuracy1+2+3 = 1
I0418 09:14:40.046247  6080 data_layer.cpp:128] Prefetch batch: 109 ms.
I0418 09:14:40.046247  6080 data_layer.cpp:129]      Read time: 0 ms.
I0418 09:14:40.046247  6080 data_layer.cpp:130] Transform time: 109.383 ms.
I0418 09:14:40.905650  7952 caffe.cpp:314] Batch 3849, accuracy1+2 = 1
I0418 09:14:40.905650  7952 caffe.cpp:314] Batch 3849, accuracy1+2+3 = 1
I0418 09:14:41.030660  6080 data_layer.cpp:128] Prefetch batch: 125 ms.
I0418 09:14:41.030660  6080 data_layer.cpp:129]      Read time: 93.76 ms.
I0418 09:14:41.030660  6080 data_layer.cpp:130] Transform time: 31.25 ms.
I0418 09:14:41.874442  7952 caffe.cpp:314] Batch 3850, accuracy1+2 = 0
I0418 09:14:41.874442  7952 caffe.cpp:314] Batch 3850, accuracy1+2+3 = 0
I0418 09:14:42.015069  6080 data_layer.cpp:128] Prefetch batch: 124 ms.
I0418 09:14:42.015069  6080 data_layer.cpp:129]      Read time: 78.12 ms.
I0418 09:14:42.015069  6080 data_layer.cpp:130] Transform time: 46.874 ms.
I0418 09:14:42.858856  7952 caffe.cpp:314] Batch 3851, accuracy1+2 = 0
I0418 09:14:42.858856  7952 caffe.cpp:314] Batch 3851, accuracy1+2+3 = 0
I0418 09:14:42.983856  6080 data_layer.cpp:128] Prefetch batch: 125 ms.
I0418 09:14:42.983856  6080 data_layer.cpp:129]      Read time: 93.763 ms.
I0418 09:14:42.983856  6080 data_layer.cpp:130] Transform time: 31.237 ms.
I0418 09:14:43.827642  7952 caffe.cpp:314] Batch 3852, accuracy1+2 = 1
I0418 09:14:43.827642  7952 caffe.cpp:314] Batch 3852, accuracy1+2+3 = 1
I0418 09:14:43.952644  6080 data_layer.cpp:128] Prefetch batch: 125 ms.
I0418 09:14:43.952644  6080 data_layer.cpp:129]      Read time: 93.754 ms.
I0418 09:14:43.952644  6080 data_layer.cpp:130] Transform time: 31.248 ms.
I0418 09:14:44.812057  7952 caffe.cpp:314] Batch 3853, accuracy1+2 = 0
I0418 09:14:44.812057  7952 caffe.cpp:314] Batch 3853, accuracy1+2+3 = 0
I0418 09:14:44.905814  6080 data_layer.cpp:128] Prefetch batch: 93 ms.
I0418 09:14:44.905814  6080 data_layer.cpp:129]      Read time: 0 ms.
I0418 09:14:44.905814  6080 data_layer.cpp:130] Transform time: 93.758 ms.
I0418 09:14:45.780846  7952 caffe.cpp:314] Batch 3854, accuracy1+2 = 1
I0418 09:14:45.780846  7952 caffe.cpp:314] Batch 3854, accuracy1+2+3 = 1
I0418 09:14:45.905848  6080 data_layer.cpp:128] Prefetch batch: 125 ms.
I0418 09:14:45.905848  6080 data_layer.cpp:129]      Read time: 93.752 ms.
I0418 09:14:45.905848  6080 data_layer.cpp:130] Transform time: 31.25 ms.
I0418 09:14:46.749637  7952 caffe.cpp:314] Batch 3855, accuracy1+2 = 1
I0418 09:14:46.749637  7952 caffe.cpp:314] Batch 3855, accuracy1+2+3 = 1
I0418 09:14:46.874636  6080 data_layer.cpp:128] Prefetch batch: 124 ms.
I0418 09:14:46.874636  6080 data_layer.cpp:129]      Read time: 93.753 ms.
I0418 09:14:46.874636  6080 data_layer.cpp:130] Transform time: 31.246 ms.
I0418 09:14:47.718420  7952 caffe.cpp:314] Batch 3856, accuracy1+2 = 1
I0418 09:14:47.718420  7952 caffe.cpp:314] Batch 3856, accuracy1+2+3 = 1
I0418 09:14:47.859053  6080 data_layer.cpp:128] Prefetch batch: 140 ms.
I0418 09:14:47.859053  6080 data_layer.cpp:129]      Read time: 93.759 ms.
I0418 09:14:47.859053  6080 data_layer.cpp:130] Transform time: 46.875 ms.
I0418 09:14:48.702837  7952 caffe.cpp:314] Batch 3857, accuracy1+2 = 1
I0418 09:14:48.702837  7952 caffe.cpp:314] Batch 3857, accuracy1+2+3 = 1
I0418 09:14:48.796577  6080 data_layer.cpp:128] Prefetch batch: 93 ms.
I0418 09:14:48.796577  6080 data_layer.cpp:129]      Read time: 0 ms.
I0418 09:14:48.796577  6080 data_layer.cpp:130] Transform time: 93.74 ms.
I0418 09:14:49.671623  7952 caffe.cpp:314] Batch 3858, accuracy1+2 = 0
I0418 09:14:49.671623  7952 caffe.cpp:314] Batch 3858, accuracy1+2+3 = 0
I0418 09:14:49.796628  6080 data_layer.cpp:128] Prefetch batch: 125 ms.
I0418 09:14:49.796628  6080 data_layer.cpp:129]      Read time: 93.752 ms.
I0418 09:14:49.796628  6080 data_layer.cpp:130] Transform time: 31.253 ms.
I0418 09:14:50.640410  7952 caffe.cpp:314] Batch 3859, accuracy1+2 = 1
I0418 09:14:50.640410  7952 caffe.cpp:314] Batch 3859, accuracy1+2+3 = 1
I0418 09:14:50.765419  6080 data_layer.cpp:128] Prefetch batch: 125 ms.
I0418 09:14:50.765419  6080 data_layer.cpp:129]      Read time: 93.752 ms.
I0418 09:14:50.765419  6080 data_layer.cpp:130] Transform time: 31.256 ms.
I0418 09:14:51.609195  7952 caffe.cpp:314] Batch 3860, accuracy1+2 = 1
I0418 09:14:51.609195  7952 caffe.cpp:314] Batch 3860, accuracy1+2+3 = 1
I0418 09:14:51.749830  6080 data_layer.cpp:128] Prefetch batch: 140 ms.
I0418 09:14:51.749830  6080 data_layer.cpp:129]      Read time: 93.754 ms.
I0418 09:14:51.749830  6080 data_layer.cpp:130] Transform time: 46.881 ms.
I0418 09:14:52.593614  7952 caffe.cpp:314] Batch 3861, accuracy1+2 = 1
I0418 09:14:52.593614  7952 caffe.cpp:314] Batch 3861, accuracy1+2+3 = 1
I0418 09:14:52.718621  6080 data_layer.cpp:128] Prefetch batch: 125 ms.
I0418 09:14:52.718621  6080 data_layer.cpp:129]      Read time: 93.75 ms.
I0418 09:14:52.718621  6080 data_layer.cpp:130] Transform time: 31.256 ms.
I0418 09:14:53.562402  7952 caffe.cpp:314] Batch 3862, accuracy1+2 = 1
I0418 09:14:53.562402  7952 caffe.cpp:314] Batch 3862, accuracy1+2+3 = 1
I0418 09:14:53.687405  6080 data_layer.cpp:128] Prefetch batch: 125 ms.
I0418 09:14:53.687405  6080 data_layer.cpp:129]      Read time: 93.754 ms.
I0418 09:14:53.687405  6080 data_layer.cpp:130] Transform time: 31.249 ms.
I0418 09:14:54.531188  7952 caffe.cpp:314] Batch 3863, accuracy1+2 = 1
I0418 09:14:54.531188  7952 caffe.cpp:314] Batch 3863, accuracy1+2+3 = 1
I0418 09:14:54.640569  6080 data_layer.cpp:128] Prefetch batch: 109 ms.
I0418 09:14:54.640569  6080 data_layer.cpp:129]      Read time: 15.629 ms.
I0418 09:14:54.640569  6080 data_layer.cpp:130] Transform time: 93.753 ms.
I0418 09:14:55.515604  7952 caffe.cpp:314] Batch 3864, accuracy1+2 = 1
I0418 09:14:55.515604  7952 caffe.cpp:314] Batch 3864, accuracy1+2+3 = 1
I0418 09:14:55.640604  6080 data_layer.cpp:128] Prefetch batch: 125 ms.
I0418 09:14:55.640604  6080 data_layer.cpp:129]      Read time: 93.751 ms.
I0418 09:14:55.640604  6080 data_layer.cpp:130] Transform time: 31.25 ms.
I0418 09:14:56.484393  7952 caffe.cpp:314] Batch 3865, accuracy1+2 = 1
I0418 09:14:56.484393  7952 caffe.cpp:314] Batch 3865, accuracy1+2+3 = 1
I0418 09:14:56.609393  6080 data_layer.cpp:128] Prefetch batch: 125 ms.
I0418 09:14:56.609393  6080 data_layer.cpp:129]      Read time: 93.745 ms.
I0418 09:14:56.609393  6080 data_layer.cpp:130] Transform time: 31.255 ms.
I0418 09:14:57.453178  7952 caffe.cpp:314] Batch 3866, accuracy1+2 = 1
I0418 09:14:57.453178  7952 caffe.cpp:314] Batch 3866, accuracy1+2+3 = 1
I0418 09:14:57.578186  6080 data_layer.cpp:128] Prefetch batch: 125 ms.
I0418 09:14:57.578186  6080 data_layer.cpp:129]      Read time: 93.753 ms.
I0418 09:14:57.578186  6080 data_layer.cpp:130] Transform time: 31.255 ms.
I0418 09:14:58.437593  7952 caffe.cpp:314] Batch 3867, accuracy1+2 = 0
I0418 09:14:58.437593  7952 caffe.cpp:314] Batch 3867, accuracy1+2+3 = 0
I0418 09:14:58.562592  6080 data_layer.cpp:128] Prefetch batch: 124 ms.
I0418 09:14:58.562592  6080 data_layer.cpp:129]      Read time: 78.129 ms.
I0418 09:14:58.562592  6080 data_layer.cpp:130] Transform time: 46.87 ms.
I0418 09:14:59.406376  7952 caffe.cpp:314] Batch 3868, accuracy1+2 = 1
I0418 09:14:59.406376  7952 caffe.cpp:314] Batch 3868, accuracy1+2+3 = 1
I0418 09:14:59.500138  6080 data_layer.cpp:128] Prefetch batch: 93 ms.
I0418 09:14:59.500138  6080 data_layer.cpp:129]      Read time: 0 ms.
I0418 09:14:59.500138  6080 data_layer.cpp:130] Transform time: 93.762 ms.
I0418 09:15:00.375169  7952 caffe.cpp:314] Batch 3869, accuracy1+2 = 1
I0418 09:15:00.375169  7952 caffe.cpp:314] Batch 3869, accuracy1+2+3 = 1
I0418 09:15:00.500169  6080 data_layer.cpp:128] Prefetch batch: 125 ms.
I0418 09:15:00.500169  6080 data_layer.cpp:129]      Read time: 93.749 ms.
I0418 09:15:00.500169  6080 data_layer.cpp:130] Transform time: 31.251 ms.
I0418 09:15:01.343951  7952 caffe.cpp:314] Batch 3870, accuracy1+2 = 1
I0418 09:15:01.343951  7952 caffe.cpp:314] Batch 3870, accuracy1+2+3 = 1
I0418 09:15:01.468963  6080 data_layer.cpp:128] Prefetch batch: 125 ms.
I0418 09:15:01.468963  6080 data_layer.cpp:129]      Read time: 93.76 ms.
I0418 09:15:01.468963  6080 data_layer.cpp:130] Transform time: 31.252 ms.
I0418 09:15:02.343997  7952 caffe.cpp:314] Batch 3871, accuracy1+2 = 0
I0418 09:15:02.343997  7952 caffe.cpp:314] Batch 3871, accuracy1+2+3 = 0
I0418 09:15:02.437744  6080 data_layer.cpp:128] Prefetch batch: 93 ms.
I0418 09:15:02.437744  6080 data_layer.cpp:129]      Read time: 0 ms.
I0418 09:15:02.437744  6080 data_layer.cpp:130] Transform time: 93.748 ms.
I0418 09:15:03.344032  7952 caffe.cpp:314] Batch 3872, accuracy1+2 = 0
I0418 09:15:03.344032  7952 caffe.cpp:314] Batch 3872, accuracy1+2+3 = 0
I0418 09:15:03.484653  6080 data_layer.cpp:128] Prefetch batch: 140 ms.
I0418 09:15:03.484653  6080 data_layer.cpp:129]      Read time: 93.757 ms.
I0418 09:15:03.484653  6080 data_layer.cpp:130] Transform time: 46.865 ms.
I0418 09:15:04.344075  7952 caffe.cpp:314] Batch 3873, accuracy1+2 = 1
I0418 09:15:04.344075  7952 caffe.cpp:314] Batch 3873, accuracy1+2+3 = 1
I0418 09:15:04.469081  6080 data_layer.cpp:128] Prefetch batch: 125 ms.
I0418 09:15:04.469081  6080 data_layer.cpp:129]      Read time: 93.75 ms.
I0418 09:15:04.469081  6080 data_layer.cpp:130] Transform time: 31.256 ms.
I0418 09:15:05.312860  7952 caffe.cpp:314] Batch 3874, accuracy1+2 = 1
I0418 09:15:05.312860  7952 caffe.cpp:314] Batch 3874, accuracy1+2+3 = 1
I0418 09:15:05.437862  6080 data_layer.cpp:128] Prefetch batch: 125 ms.
I0418 09:15:05.453490  6080 data_layer.cpp:129]      Read time: 93.754 ms.
I0418 09:15:05.453490  6080 data_layer.cpp:130] Transform time: 31.249 ms.
I0418 09:15:06.297277  7952 caffe.cpp:314] Batch 3875, accuracy1+2 = 0
I0418 09:15:06.297277  7952 caffe.cpp:314] Batch 3875, accuracy1+2+3 = 0
I0418 09:15:06.422276  6080 data_layer.cpp:128] Prefetch batch: 124 ms.
I0418 09:15:06.422276  6080 data_layer.cpp:129]      Read time: 93.757 ms.
I0418 09:15:06.422276  6080 data_layer.cpp:130] Transform time: 31.242 ms.
I0418 09:15:07.266064  7952 caffe.cpp:314] Batch 3876, accuracy1+2 = 1
I0418 09:15:07.266064  7952 caffe.cpp:314] Batch 3876, accuracy1+2+3 = 1
I0418 09:15:07.375442  6080 data_layer.cpp:128] Prefetch batch: 109 ms.
I0418 09:15:07.375442  6080 data_layer.cpp:129]      Read time: 0 ms.
I0418 09:15:07.375442  6080 data_layer.cpp:130] Transform time: 109.378 ms.
I0418 09:15:08.250480  7952 caffe.cpp:314] Batch 3877, accuracy1+2 = 1
I0418 09:15:08.250480  7952 caffe.cpp:314] Batch 3877, accuracy1+2+3 = 1
I0418 09:15:08.375478  6080 data_layer.cpp:128] Prefetch batch: 124 ms.
I0418 09:15:08.375478  6080 data_layer.cpp:129]      Read time: 78.122 ms.
I0418 09:15:08.375478  6080 data_layer.cpp:130] Transform time: 46.875 ms.
I0418 09:15:09.219264  7952 caffe.cpp:314] Batch 3878, accuracy1+2 = 1
I0418 09:15:09.219264  7952 caffe.cpp:314] Batch 3878, accuracy1+2+3 = 1
I0418 09:15:09.344270  6080 data_layer.cpp:128] Prefetch batch: 125 ms.
I0418 09:15:09.344270  6080 data_layer.cpp:129]      Read time: 93.757 ms.
I0418 09:15:09.344270  6080 data_layer.cpp:130] Transform time: 31.249 ms.
I0418 09:15:10.188053  7952 caffe.cpp:314] Batch 3879, accuracy1+2 = 1
I0418 09:15:10.188053  7952 caffe.cpp:314] Batch 3879, accuracy1+2+3 = 1
I0418 09:15:10.313055  6080 data_layer.cpp:128] Prefetch batch: 125 ms.
I0418 09:15:10.313055  6080 data_layer.cpp:129]      Read time: 93.75 ms.
I0418 09:15:10.313055  6080 data_layer.cpp:130] Transform time: 31.252 ms.
I0418 09:15:11.172466  7952 caffe.cpp:314] Batch 3880, accuracy1+2 = 1
I0418 09:15:11.172466  7952 caffe.cpp:314] Batch 3880, accuracy1+2+3 = 1
I0418 09:15:11.266223  6080 data_layer.cpp:128] Prefetch batch: 93 ms.
I0418 09:15:11.266223  6080 data_layer.cpp:129]      Read time: 0 ms.
I0418 09:15:11.266223  6080 data_layer.cpp:130] Transform time: 93.758 ms.
I0418 09:15:12.141255  7952 caffe.cpp:314] Batch 3881, accuracy1+2 = 1
I0418 09:15:12.141255  7952 caffe.cpp:314] Batch 3881, accuracy1+2+3 = 1
I0418 09:15:12.266261  6080 data_layer.cpp:128] Prefetch batch: 125 ms.
I0418 09:15:12.266261  6080 data_layer.cpp:129]      Read time: 93.756 ms.
I0418 09:15:12.266261  6080 data_layer.cpp:130] Transform time: 31.25 ms.
I0418 09:15:13.110044  7952 caffe.cpp:314] Batch 3882, accuracy1+2 = 1
I0418 09:15:13.110044  7952 caffe.cpp:314] Batch 3882, accuracy1+2+3 = 1
I0418 09:15:13.235049  6080 data_layer.cpp:128] Prefetch batch: 125 ms.
I0418 09:15:13.235049  6080 data_layer.cpp:129]      Read time: 93.756 ms.
I0418 09:15:13.235049  6080 data_layer.cpp:130] Transform time: 31.25 ms.
I0418 09:15:14.094454  7952 caffe.cpp:314] Batch 3883, accuracy1+2 = 1
I0418 09:15:14.094454  7952 caffe.cpp:314] Batch 3883, accuracy1+2+3 = 1
I0418 09:15:14.219458  6080 data_layer.cpp:128] Prefetch batch: 125 ms.
I0418 09:15:14.219458  6080 data_layer.cpp:129]      Read time: 93.752 ms.
I0418 09:15:14.219458  6080 data_layer.cpp:130] Transform time: 31.253 ms.
I0418 09:15:15.063246  7952 caffe.cpp:314] Batch 3884, accuracy1+2 = 1
I0418 09:15:15.063246  7952 caffe.cpp:314] Batch 3884, accuracy1+2+3 = 1
I0418 09:15:15.188244  6080 data_layer.cpp:128] Prefetch batch: 124 ms.
I0418 09:15:15.188244  6080 data_layer.cpp:129]      Read time: 93.755 ms.
I0418 09:15:15.188244  6080 data_layer.cpp:130] Transform time: 31.244 ms.
I0418 09:15:16.032029  7952 caffe.cpp:314] Batch 3885, accuracy1+2 = 1
I0418 09:15:16.032029  7952 caffe.cpp:314] Batch 3885, accuracy1+2+3 = 1
I0418 09:15:16.141412  6080 data_layer.cpp:128] Prefetch batch: 109 ms.
I0418 09:15:16.141412  6080 data_layer.cpp:129]      Read time: 0 ms.
I0418 09:15:16.141412  6080 data_layer.cpp:130] Transform time: 109.382 ms.
I0418 09:15:17.016449  7952 caffe.cpp:314] Batch 3886, accuracy1+2 = 1
I0418 09:15:17.016449  7952 caffe.cpp:314] Batch 3886, accuracy1+2+3 = 1
I0418 09:15:17.141448  6080 data_layer.cpp:128] Prefetch batch: 124 ms.
I0418 09:15:17.141448  6080 data_layer.cpp:129]      Read time: 78.122 ms.
I0418 09:15:17.141448  6080 data_layer.cpp:130] Transform time: 46.876 ms.
I0418 09:15:17.985234  7952 caffe.cpp:314] Batch 3887, accuracy1+2 = 1
I0418 09:15:17.985234  7952 caffe.cpp:314] Batch 3887, accuracy1+2+3 = 1
I0418 09:15:18.110240  6080 data_layer.cpp:128] Prefetch batch: 125 ms.
I0418 09:15:18.110240  6080 data_layer.cpp:129]      Read time: 93.756 ms.
I0418 09:15:18.110240  6080 data_layer.cpp:130] Transform time: 31.25 ms.
I0418 09:15:18.954017  7952 caffe.cpp:314] Batch 3888, accuracy1+2 = 1
I0418 09:15:18.954017  7952 caffe.cpp:314] Batch 3888, accuracy1+2+3 = 1
I0418 09:15:19.063396  6080 data_layer.cpp:128] Prefetch batch: 109 ms.
I0418 09:15:19.063396  6080 data_layer.cpp:129]      Read time: 0 ms.
I0418 09:15:19.063396  6080 data_layer.cpp:130] Transform time: 109.379 ms.
I0418 09:15:19.922806  7952 caffe.cpp:314] Batch 3889, accuracy1+2 = 1
I0418 09:15:19.922806  7952 caffe.cpp:314] Batch 3889, accuracy1+2+3 = 1
I0418 09:15:20.047811  6080 data_layer.cpp:128] Prefetch batch: 125 ms.
I0418 09:15:20.047811  6080 data_layer.cpp:129]      Read time: 93.752 ms.
I0418 09:15:20.047811  6080 data_layer.cpp:130] Transform time: 31.252 ms.
I0418 09:15:20.907225  7952 caffe.cpp:314] Batch 3890, accuracy1+2 = 1
I0418 09:15:20.907225  7952 caffe.cpp:314] Batch 3890, accuracy1+2+3 = 1
I0418 09:15:21.032223  6080 data_layer.cpp:128] Prefetch batch: 124 ms.
I0418 09:15:21.032223  6080 data_layer.cpp:129]      Read time: 78.126 ms.
I0418 09:15:21.032223  6080 data_layer.cpp:130] Transform time: 46.872 ms.
I0418 09:15:21.876013  7952 caffe.cpp:314] Batch 3891, accuracy1+2 = 0
I0418 09:15:21.876013  7952 caffe.cpp:314] Batch 3891, accuracy1+2+3 = 0
I0418 09:15:22.001011  6080 data_layer.cpp:128] Prefetch batch: 124 ms.
I0418 09:15:22.001011  6080 data_layer.cpp:129]      Read time: 93.753 ms.
I0418 09:15:22.001011  6080 data_layer.cpp:130] Transform time: 31.246 ms.
I0418 09:15:22.844802  7952 caffe.cpp:314] Batch 3892, accuracy1+2 = 1
I0418 09:15:22.844802  7952 caffe.cpp:314] Batch 3892, accuracy1+2+3 = 1
I0418 09:15:22.969805  6080 data_layer.cpp:128] Prefetch batch: 125 ms.
I0418 09:15:22.969805  6080 data_layer.cpp:129]      Read time: 93.747 ms.
I0418 09:15:22.969805  6080 data_layer.cpp:130] Transform time: 31.255 ms.
I0418 09:15:23.813585  7952 caffe.cpp:314] Batch 3893, accuracy1+2 = 0
I0418 09:15:23.813585  7952 caffe.cpp:314] Batch 3893, accuracy1+2+3 = 0
I0418 09:15:23.922966  6080 data_layer.cpp:128] Prefetch batch: 109 ms.
I0418 09:15:23.922966  6080 data_layer.cpp:129]      Read time: 0 ms.
I0418 09:15:23.922966  6080 data_layer.cpp:130] Transform time: 109.38 ms.
I0418 09:15:24.797999  7952 caffe.cpp:314] Batch 3894, accuracy1+2 = 0
I0418 09:15:24.797999  7952 caffe.cpp:314] Batch 3894, accuracy1+2+3 = 0
I0418 09:15:24.923005  6080 data_layer.cpp:128] Prefetch batch: 125 ms.
I0418 09:15:24.923005  6080 data_layer.cpp:129]      Read time: 78.131 ms.
I0418 09:15:24.923005  6080 data_layer.cpp:130] Transform time: 46.875 ms.
I0418 09:15:25.766790  7952 caffe.cpp:314] Batch 3895, accuracy1+2 = 0
I0418 09:15:25.766790  7952 caffe.cpp:314] Batch 3895, accuracy1+2+3 = 1
I0418 09:15:25.891793  6080 data_layer.cpp:128] Prefetch batch: 125 ms.
I0418 09:15:25.891793  6080 data_layer.cpp:129]      Read time: 93.748 ms.
I0418 09:15:25.891793  6080 data_layer.cpp:130] Transform time: 31.255 ms.
I0418 09:15:26.735579  7952 caffe.cpp:314] Batch 3896, accuracy1+2 = 1
I0418 09:15:26.735579  7952 caffe.cpp:314] Batch 3896, accuracy1+2+3 = 1
I0418 09:15:26.876204  6080 data_layer.cpp:128] Prefetch batch: 140 ms.
I0418 09:15:26.876204  6080 data_layer.cpp:129]      Read time: 93.748 ms.
I0418 09:15:26.876204  6080 data_layer.cpp:130] Transform time: 46.877 ms.
I0418 09:15:27.719987  7952 caffe.cpp:314] Batch 3897, accuracy1+2 = 1
I0418 09:15:27.719987  7952 caffe.cpp:314] Batch 3897, accuracy1+2+3 = 1
I0418 09:15:27.813741  6080 data_layer.cpp:128] Prefetch batch: 93 ms.
I0418 09:15:27.813741  6080 data_layer.cpp:129]      Read time: 0 ms.
I0418 09:15:27.813741  6080 data_layer.cpp:130] Transform time: 93.754 ms.
I0418 09:15:28.688779  7952 caffe.cpp:314] Batch 3898, accuracy1+2 = 1
I0418 09:15:28.688779  7952 caffe.cpp:314] Batch 3898, accuracy1+2+3 = 1
I0418 09:15:28.813783  6080 data_layer.cpp:128] Prefetch batch: 125 ms.
I0418 09:15:28.813783  6080 data_layer.cpp:129]      Read time: 93.749 ms.
I0418 09:15:28.813783  6080 data_layer.cpp:130] Transform time: 31.255 ms.
I0418 09:15:29.657567  7952 caffe.cpp:314] Batch 3899, accuracy1+2 = 1
I0418 09:15:29.657567  7952 caffe.cpp:314] Batch 3899, accuracy1+2+3 = 1
I0418 09:15:29.782567  6080 data_layer.cpp:128] Prefetch batch: 125 ms.
I0418 09:15:29.782567  6080 data_layer.cpp:129]      Read time: 93.75 ms.
I0418 09:15:29.782567  6080 data_layer.cpp:130] Transform time: 31.25 ms.
I0418 09:15:30.626349  7952 caffe.cpp:314] Batch 3900, accuracy1+2 = 1
I0418 09:15:30.626349  7952 caffe.cpp:314] Batch 3900, accuracy1+2+3 = 1
I0418 09:15:30.751358  6080 data_layer.cpp:128] Prefetch batch: 125 ms.
I0418 09:15:30.751358  6080 data_layer.cpp:129]      Read time: 93.76 ms.
I0418 09:15:30.751358  6080 data_layer.cpp:130] Transform time: 31.248 ms.
I0418 09:15:31.610765  7952 caffe.cpp:314] Batch 3901, accuracy1+2 = 1
I0418 09:15:31.610765  7952 caffe.cpp:314] Batch 3901, accuracy1+2+3 = 1
I0418 09:15:31.735770  6080 data_layer.cpp:128] Prefetch batch: 125 ms.
I0418 09:15:31.735770  6080 data_layer.cpp:129]      Read time: 78.131 ms.
I0418 09:15:31.735770  6080 data_layer.cpp:130] Transform time: 46.874 ms.
I0418 09:15:32.579551  7952 caffe.cpp:314] Batch 3902, accuracy1+2 = 0
I0418 09:15:32.579551  7952 caffe.cpp:314] Batch 3902, accuracy1+2+3 = 1
I0418 09:15:32.704563  6080 data_layer.cpp:128] Prefetch batch: 125 ms.
I0418 09:15:32.704563  6080 data_layer.cpp:129]      Read time: 93.76 ms.
I0418 09:15:32.704563  6080 data_layer.cpp:130] Transform time: 31.252 ms.
I0418 09:15:33.548341  7952 caffe.cpp:314] Batch 3903, accuracy1+2 = 1
I0418 09:15:33.548341  7952 caffe.cpp:314] Batch 3903, accuracy1+2+3 = 1
I0418 09:15:33.657721  6080 data_layer.cpp:128] Prefetch batch: 109 ms.
I0418 09:15:33.657721  6080 data_layer.cpp:129]      Read time: 0 ms.
I0418 09:15:33.657721  6080 data_layer.cpp:130] Transform time: 109.38 ms.
I0418 09:15:34.517127  7952 caffe.cpp:314] Batch 3904, accuracy1+2 = 1
I0418 09:15:34.517127  7952 caffe.cpp:314] Batch 3904, accuracy1+2+3 = 1
I0418 09:15:34.642132  6080 data_layer.cpp:128] Prefetch batch: 125 ms.
I0418 09:15:34.657764  6080 data_layer.cpp:129]      Read time: 78.134 ms.
I0418 09:15:34.657764  6080 data_layer.cpp:130] Transform time: 46.871 ms.
I0418 09:15:35.501546  7952 caffe.cpp:314] Batch 3905, accuracy1+2 = 1
I0418 09:15:35.501546  7952 caffe.cpp:314] Batch 3905, accuracy1+2+3 = 1
I0418 09:15:35.642165  6080 data_layer.cpp:128] Prefetch batch: 140 ms.
I0418 09:15:35.642165  6080 data_layer.cpp:129]      Read time: 109.381 ms.
I0418 09:15:35.642165  6080 data_layer.cpp:130] Transform time: 31.238 ms.
I0418 09:15:36.470332  7952 caffe.cpp:314] Batch 3906, accuracy1+2 = 1
I0418 09:15:36.470332  7952 caffe.cpp:314] Batch 3906, accuracy1+2+3 = 1
I0418 09:15:36.579708  6080 data_layer.cpp:128] Prefetch batch: 109 ms.
I0418 09:15:36.579708  6080 data_layer.cpp:129]      Read time: 0 ms.
I0418 09:15:36.579708  6080 data_layer.cpp:130] Transform time: 109.376 ms.
I0418 09:15:37.439117  7952 caffe.cpp:314] Batch 3907, accuracy1+2 = 0
I0418 09:15:37.439117  7952 caffe.cpp:314] Batch 3907, accuracy1+2+3 = 0
I0418 09:15:37.564126  6080 data_layer.cpp:128] Prefetch batch: 125 ms.
I0418 09:15:37.564126  6080 data_layer.cpp:129]      Read time: 93.758 ms.
I0418 09:15:37.564126  6080 data_layer.cpp:130] Transform time: 31.25 ms.
I0418 09:15:38.423537  7952 caffe.cpp:314] Batch 3908, accuracy1+2 = 1
I0418 09:15:38.423537  7952 caffe.cpp:314] Batch 3908, accuracy1+2+3 = 1
I0418 09:15:38.548537  6080 data_layer.cpp:128] Prefetch batch: 125 ms.
I0418 09:15:38.548537  6080 data_layer.cpp:129]      Read time: 93.753 ms.
I0418 09:15:38.548537  6080 data_layer.cpp:130] Transform time: 31.247 ms.
I0418 09:15:39.407943  7952 caffe.cpp:314] Batch 3909, accuracy1+2 = 1
I0418 09:15:39.407943  7952 caffe.cpp:314] Batch 3909, accuracy1+2+3 = 1
I0418 09:15:39.532948  6080 data_layer.cpp:128] Prefetch batch: 125 ms.
I0418 09:15:39.532948  6080 data_layer.cpp:129]      Read time: 93.749 ms.
I0418 09:15:39.532948  6080 data_layer.cpp:130] Transform time: 31.256 ms.
I0418 09:15:40.423614  7952 caffe.cpp:314] Batch 3910, accuracy1+2 = 1
I0418 09:15:40.423614  7952 caffe.cpp:314] Batch 3910, accuracy1+2+3 = 1
I0418 09:15:40.517356  6080 data_layer.cpp:128] Prefetch batch: 93 ms.
I0418 09:15:40.517356  6080 data_layer.cpp:129]      Read time: 0 ms.
I0418 09:15:40.517356  6080 data_layer.cpp:130] Transform time: 93.743 ms.
I0418 09:15:41.408030  7952 caffe.cpp:314] Batch 3911, accuracy1+2 = 1
I0418 09:15:41.408030  7952 caffe.cpp:314] Batch 3911, accuracy1+2+3 = 1
I0418 09:15:41.548660  6080 data_layer.cpp:128] Prefetch batch: 140 ms.
I0418 09:15:41.548660  6080 data_layer.cpp:129]      Read time: 93.75 ms.
I0418 09:15:41.548660  6080 data_layer.cpp:130] Transform time: 46.881 ms.
I0418 09:15:42.392436  7952 caffe.cpp:314] Batch 3912, accuracy1+2 = 1
I0418 09:15:42.392436  7952 caffe.cpp:314] Batch 3912, accuracy1+2+3 = 1
I0418 09:15:42.517441  6080 data_layer.cpp:128] Prefetch batch: 125 ms.
I0418 09:15:42.517441  6080 data_layer.cpp:129]      Read time: 93.756 ms.
I0418 09:15:42.517441  6080 data_layer.cpp:130] Transform time: 31.248 ms.
I0418 09:15:43.361227  7952 caffe.cpp:314] Batch 3913, accuracy1+2 = 1
I0418 09:15:43.361227  7952 caffe.cpp:314] Batch 3913, accuracy1+2+3 = 1
I0418 09:15:43.486232  6080 data_layer.cpp:128] Prefetch batch: 125 ms.
I0418 09:15:43.486232  6080 data_layer.cpp:129]      Read time: 93.752 ms.
I0418 09:15:43.486232  6080 data_layer.cpp:130] Transform time: 31.254 ms.
I0418 09:15:44.345651  7952 caffe.cpp:314] Batch 3914, accuracy1+2 = 1
I0418 09:15:44.345651  7952 caffe.cpp:314] Batch 3914, accuracy1+2+3 = 1
I0418 09:15:44.439395  6080 data_layer.cpp:128] Prefetch batch: 93 ms.
I0418 09:15:44.439395  6080 data_layer.cpp:129]      Read time: 0 ms.
I0418 09:15:44.439395  6080 data_layer.cpp:130] Transform time: 93.744 ms.
I0418 09:15:45.314429  7952 caffe.cpp:314] Batch 3915, accuracy1+2 = 1
I0418 09:15:45.314429  7952 caffe.cpp:314] Batch 3915, accuracy1+2+3 = 1
I0418 09:15:45.439430  6080 data_layer.cpp:128] Prefetch batch: 125 ms.
I0418 09:15:45.439430  6080 data_layer.cpp:129]      Read time: 93.757 ms.
I0418 09:15:45.439430  6080 data_layer.cpp:130] Transform time: 31.245 ms.
I0418 09:15:46.283212  7952 caffe.cpp:314] Batch 3916, accuracy1+2 = 1
I0418 09:15:46.283212  7952 caffe.cpp:314] Batch 3916, accuracy1+2+3 = 1
I0418 09:15:46.408223  6080 data_layer.cpp:128] Prefetch batch: 125 ms.
I0418 09:15:46.408223  6080 data_layer.cpp:129]      Read time: 93.762 ms.
I0418 09:15:46.408223  6080 data_layer.cpp:130] Transform time: 31.249 ms.
I0418 09:15:47.267634  7952 caffe.cpp:314] Batch 3917, accuracy1+2 = 1
I0418 09:15:47.267634  7952 caffe.cpp:314] Batch 3917, accuracy1+2+3 = 1
I0418 09:15:47.392632  6080 data_layer.cpp:128] Prefetch batch: 124 ms.
I0418 09:15:47.392632  6080 data_layer.cpp:129]      Read time: 78.121 ms.
I0418 09:15:47.392632  6080 data_layer.cpp:130] Transform time: 46.877 ms.
I0418 09:15:48.236415  7952 caffe.cpp:314] Batch 3918, accuracy1+2 = 1
I0418 09:15:48.236415  7952 caffe.cpp:314] Batch 3918, accuracy1+2+3 = 1
I0418 09:15:48.330176  6080 data_layer.cpp:128] Prefetch batch: 93 ms.
I0418 09:15:48.330176  6080 data_layer.cpp:129]      Read time: 0 ms.
I0418 09:15:48.330176  6080 data_layer.cpp:130] Transform time: 93.761 ms.
I0418 09:15:49.205209  7952 caffe.cpp:314] Batch 3919, accuracy1+2 = 1
I0418 09:15:49.205209  7952 caffe.cpp:314] Batch 3919, accuracy1+2+3 = 1
I0418 09:15:49.330210  6080 data_layer.cpp:128] Prefetch batch: 125 ms.
I0418 09:15:49.330210  6080 data_layer.cpp:129]      Read time: 93.751 ms.
I0418 09:15:49.330210  6080 data_layer.cpp:130] Transform time: 31.25 ms.
I0418 09:15:50.173996  7952 caffe.cpp:314] Batch 3920, accuracy1+2 = 0
I0418 09:15:50.173996  7952 caffe.cpp:314] Batch 3920, accuracy1+2+3 = 0
I0418 09:15:50.299002  6080 data_layer.cpp:128] Prefetch batch: 125 ms.
I0418 09:15:50.299002  6080 data_layer.cpp:129]      Read time: 93.755 ms.
I0418 09:15:50.299002  6080 data_layer.cpp:130] Transform time: 31.251 ms.
I0418 09:15:51.158406  7952 caffe.cpp:314] Batch 3921, accuracy1+2 = 1
I0418 09:15:51.158406  7952 caffe.cpp:314] Batch 3921, accuracy1+2+3 = 1
I0418 09:15:51.283414  6080 data_layer.cpp:128] Prefetch batch: 125 ms.
I0418 09:15:51.283414  6080 data_layer.cpp:129]      Read time: 78.133 ms.
I0418 09:15:51.283414  6080 data_layer.cpp:130] Transform time: 46.876 ms.
I0418 09:15:52.127198  7952 caffe.cpp:314] Batch 3922, accuracy1+2 = 1
I0418 09:15:52.127198  7952 caffe.cpp:314] Batch 3922, accuracy1+2+3 = 1
I0418 09:15:52.252204  6080 data_layer.cpp:128] Prefetch batch: 125 ms.
I0418 09:15:52.252204  6080 data_layer.cpp:129]      Read time: 93.75 ms.
I0418 09:15:52.252204  6080 data_layer.cpp:130] Transform time: 31.256 ms.
I0418 09:15:53.095981  7952 caffe.cpp:314] Batch 3923, accuracy1+2 = 1
I0418 09:15:53.095981  7952 caffe.cpp:314] Batch 3923, accuracy1+2+3 = 1
I0418 09:15:53.205368  6080 data_layer.cpp:128] Prefetch batch: 109 ms.
I0418 09:15:53.205368  6080 data_layer.cpp:129]      Read time: 0 ms.
I0418 09:15:53.205368  6080 data_layer.cpp:130] Transform time: 109.387 ms.
I0418 09:15:54.064776  7952 caffe.cpp:314] Batch 3924, accuracy1+2 = 1
I0418 09:15:54.064776  7952 caffe.cpp:314] Batch 3924, accuracy1+2+3 = 1
I0418 09:15:54.189779  6080 data_layer.cpp:128] Prefetch batch: 125 ms.
I0418 09:15:54.189779  6080 data_layer.cpp:129]      Read time: 93.751 ms.
I0418 09:15:54.189779  6080 data_layer.cpp:130] Transform time: 31.251 ms.
I0418 09:15:55.049188  7952 caffe.cpp:314] Batch 3925, accuracy1+2 = 0
I0418 09:15:55.049188  7952 caffe.cpp:314] Batch 3925, accuracy1+2+3 = 0
I0418 09:15:55.174195  6080 data_layer.cpp:128] Prefetch batch: 125 ms.
I0418 09:15:55.174195  6080 data_layer.cpp:129]      Read time: 93.754 ms.
I0418 09:15:55.174195  6080 data_layer.cpp:130] Transform time: 31.252 ms.
I0418 09:15:56.017974  7952 caffe.cpp:314] Batch 3926, accuracy1+2 = 1
I0418 09:15:56.017974  7952 caffe.cpp:314] Batch 3926, accuracy1+2+3 = 1
I0418 09:15:56.142980  6080 data_layer.cpp:128] Prefetch batch: 125 ms.
I0418 09:15:56.142980  6080 data_layer.cpp:129]      Read time: 93.754 ms.
I0418 09:15:56.142980  6080 data_layer.cpp:130] Transform time: 31.252 ms.
I0418 09:15:56.986764  7952 caffe.cpp:314] Batch 3927, accuracy1+2 = 1
I0418 09:15:56.986764  7952 caffe.cpp:314] Batch 3927, accuracy1+2+3 = 1
I0418 09:15:57.096140  6080 data_layer.cpp:128] Prefetch batch: 109 ms.
I0418 09:15:57.096140  6080 data_layer.cpp:129]      Read time: 0 ms.
I0418 09:15:57.096140  6080 data_layer.cpp:130] Transform time: 109.376 ms.
I0418 09:15:57.955548  7952 caffe.cpp:314] Batch 3928, accuracy1+2 = 1
I0418 09:15:57.955548  7952 caffe.cpp:314] Batch 3928, accuracy1+2+3 = 1
I0418 09:15:58.096181  6080 data_layer.cpp:128] Prefetch batch: 140 ms.
I0418 09:15:58.096181  6080 data_layer.cpp:129]      Read time: 93.76 ms.
I0418 09:15:58.096181  6080 data_layer.cpp:130] Transform time: 46.874 ms.
I0418 09:15:58.939975  7952 caffe.cpp:314] Batch 3929, accuracy1+2 = 1
I0418 09:15:58.939975  7952 caffe.cpp:314] Batch 3929, accuracy1+2+3 = 1
I0418 09:15:59.064970  6080 data_layer.cpp:128] Prefetch batch: 124 ms.
I0418 09:15:59.064970  6080 data_layer.cpp:129]      Read time: 93.739 ms.
I0418 09:15:59.064970  6080 data_layer.cpp:130] Transform time: 31.255 ms.
I0418 09:15:59.908751  7952 caffe.cpp:314] Batch 3930, accuracy1+2 = 0
I0418 09:15:59.908751  7952 caffe.cpp:314] Batch 3930, accuracy1+2+3 = 0
I0418 09:16:00.033759  6080 data_layer.cpp:128] Prefetch batch: 125 ms.
I0418 09:16:00.033759  6080 data_layer.cpp:129]      Read time: 93.755 ms.
I0418 09:16:00.033759  6080 data_layer.cpp:130] Transform time: 31.254 ms.
I0418 09:16:00.893169  7952 caffe.cpp:314] Batch 3931, accuracy1+2 = 1
I0418 09:16:00.893169  7952 caffe.cpp:314] Batch 3931, accuracy1+2+3 = 1
I0418 09:16:00.986917  6080 data_layer.cpp:128] Prefetch batch: 93 ms.
I0418 09:16:00.986917  6080 data_layer.cpp:129]      Read time: 0 ms.
I0418 09:16:00.986917  6080 data_layer.cpp:130] Transform time: 93.747 ms.
I0418 09:16:01.861953  7952 caffe.cpp:314] Batch 3932, accuracy1+2 = 1
I0418 09:16:01.861953  7952 caffe.cpp:314] Batch 3932, accuracy1+2+3 = 1
I0418 09:16:01.986955  6080 data_layer.cpp:128] Prefetch batch: 125 ms.
I0418 09:16:01.986955  6080 data_layer.cpp:129]      Read time: 78.126 ms.
I0418 09:16:01.986955  6080 data_layer.cpp:130] Transform time: 46.876 ms.
I0418 09:16:02.830744  7952 caffe.cpp:314] Batch 3933, accuracy1+2 = 0
I0418 09:16:02.830744  7952 caffe.cpp:314] Batch 3933, accuracy1+2+3 = 0
I0418 09:16:02.955749  6080 data_layer.cpp:128] Prefetch batch: 125 ms.
I0418 09:16:02.955749  6080 data_layer.cpp:129]      Read time: 93.753 ms.
I0418 09:16:02.955749  6080 data_layer.cpp:130] Transform time: 31.251 ms.
I0418 09:16:03.799528  7952 caffe.cpp:314] Batch 3934, accuracy1+2 = 0
I0418 09:16:03.799528  7952 caffe.cpp:314] Batch 3934, accuracy1+2+3 = 0
I0418 09:16:03.924535  6080 data_layer.cpp:128] Prefetch batch: 125 ms.
I0418 09:16:03.924535  6080 data_layer.cpp:129]      Read time: 93.754 ms.
I0418 09:16:03.924535  6080 data_layer.cpp:130] Transform time: 31.252 ms.
I0418 09:16:04.783932  7952 caffe.cpp:314] Batch 3935, accuracy1+2 = 0
I0418 09:16:04.783932  7952 caffe.cpp:314] Batch 3935, accuracy1+2+3 = 0
I0418 09:16:04.908951  6080 data_layer.cpp:128] Prefetch batch: 125 ms.
I0418 09:16:04.908951  6080 data_layer.cpp:129]      Read time: 78.143 ms.
I0418 09:16:04.908951  6080 data_layer.cpp:130] Transform time: 46.875 ms.
I0418 09:16:05.752734  7952 caffe.cpp:314] Batch 3936, accuracy1+2 = 1
I0418 09:16:05.752734  7952 caffe.cpp:314] Batch 3936, accuracy1+2+3 = 1
I0418 09:16:05.846488  6080 data_layer.cpp:128] Prefetch batch: 93 ms.
I0418 09:16:05.846488  6080 data_layer.cpp:129]      Read time: 0 ms.
I0418 09:16:05.846488  6080 data_layer.cpp:130] Transform time: 93.754 ms.
I0418 09:16:06.721515  7952 caffe.cpp:314] Batch 3937, accuracy1+2 = 1
I0418 09:16:06.721515  7952 caffe.cpp:314] Batch 3937, accuracy1+2+3 = 1
I0418 09:16:06.846524  6080 data_layer.cpp:128] Prefetch batch: 125 ms.
I0418 09:16:06.846524  6080 data_layer.cpp:129]      Read time: 93.754 ms.
I0418 09:16:06.846524  6080 data_layer.cpp:130] Transform time: 31.255 ms.
I0418 09:16:07.690304  7952 caffe.cpp:314] Batch 3938, accuracy1+2 = 1
I0418 09:16:07.690304  7952 caffe.cpp:314] Batch 3938, accuracy1+2+3 = 1
I0418 09:16:07.815310  6080 data_layer.cpp:128] Prefetch batch: 125 ms.
I0418 09:16:07.815310  6080 data_layer.cpp:129]      Read time: 93.756 ms.
I0418 09:16:07.815310  6080 data_layer.cpp:130] Transform time: 31.25 ms.
I0418 09:16:08.659097  7952 caffe.cpp:314] Batch 3939, accuracy1+2 = 1
I0418 09:16:08.674720  7952 caffe.cpp:314] Batch 3939, accuracy1+2+3 = 1
I0418 09:16:08.799729  6080 data_layer.cpp:128] Prefetch batch: 125 ms.
I0418 09:16:08.799729  6080 data_layer.cpp:129]      Read time: 78.129 ms.
I0418 09:16:08.799729  6080 data_layer.cpp:130] Transform time: 46.881 ms.
I0418 09:16:09.643512  7952 caffe.cpp:314] Batch 3940, accuracy1+2 = 1
I0418 09:16:09.643512  7952 caffe.cpp:314] Batch 3940, accuracy1+2+3 = 1
I0418 09:16:09.737259  6080 data_layer.cpp:128] Prefetch batch: 93 ms.
I0418 09:16:09.737259  6080 data_layer.cpp:129]      Read time: 0 ms.
I0418 09:16:09.737259  6080 data_layer.cpp:130] Transform time: 93.748 ms.
I0418 09:16:10.612301  7952 caffe.cpp:314] Batch 3941, accuracy1+2 = 1
I0418 09:16:10.612301  7952 caffe.cpp:314] Batch 3941, accuracy1+2+3 = 1
I0418 09:16:10.737305  6080 data_layer.cpp:128] Prefetch batch: 125 ms.
I0418 09:16:10.737305  6080 data_layer.cpp:129]      Read time: 93.753 ms.
I0418 09:16:10.737305  6080 data_layer.cpp:130] Transform time: 31.251 ms.
I0418 09:16:11.612347  7952 caffe.cpp:314] Batch 3942, accuracy1+2 = 1
I0418 09:16:11.612347  7952 caffe.cpp:314] Batch 3942, accuracy1+2+3 = 1
I0418 09:16:11.737340  6080 data_layer.cpp:128] Prefetch batch: 124 ms.
I0418 09:16:11.737340  6080 data_layer.cpp:129]      Read time: 93.737 ms.
I0418 09:16:11.737340  6080 data_layer.cpp:130] Transform time: 31.256 ms.
I0418 09:16:12.581127  7952 caffe.cpp:314] Batch 3943, accuracy1+2 = 0
I0418 09:16:12.581127  7952 caffe.cpp:314] Batch 3943, accuracy1+2+3 = 1
I0418 09:16:12.706131  6080 data_layer.cpp:128] Prefetch batch: 125 ms.
I0418 09:16:12.706131  6080 data_layer.cpp:129]      Read time: 93.753 ms.
I0418 09:16:12.706131  6080 data_layer.cpp:130] Transform time: 31.251 ms.
I0418 09:16:13.565534  7952 caffe.cpp:314] Batch 3944, accuracy1+2 = 1
I0418 09:16:13.565534  7952 caffe.cpp:314] Batch 3944, accuracy1+2+3 = 1
I0418 09:16:13.659296  6080 data_layer.cpp:128] Prefetch batch: 93 ms.
I0418 09:16:13.659296  6080 data_layer.cpp:129]      Read time: 0 ms.
I0418 09:16:13.659296  6080 data_layer.cpp:130] Transform time: 93.761 ms.
I0418 09:16:14.534322  7952 caffe.cpp:314] Batch 3945, accuracy1+2 = 1
I0418 09:16:14.534322  7952 caffe.cpp:314] Batch 3945, accuracy1+2+3 = 1
I0418 09:16:14.659332  6080 data_layer.cpp:128] Prefetch batch: 125 ms.
I0418 09:16:14.659332  6080 data_layer.cpp:129]      Read time: 93.755 ms.
I0418 09:16:14.659332  6080 data_layer.cpp:130] Transform time: 31.255 ms.
I0418 09:16:15.503116  7952 caffe.cpp:314] Batch 3946, accuracy1+2 = 1
I0418 09:16:15.503116  7952 caffe.cpp:314] Batch 3946, accuracy1+2+3 = 1
I0418 09:16:15.628123  6080 data_layer.cpp:128] Prefetch batch: 125 ms.
I0418 09:16:15.628123  6080 data_layer.cpp:129]      Read time: 93.748 ms.
I0418 09:16:15.628123  6080 data_layer.cpp:130] Transform time: 31.259 ms.
I0418 09:16:16.471904  7952 caffe.cpp:314] Batch 3947, accuracy1+2 = 1
I0418 09:16:16.471904  7952 caffe.cpp:314] Batch 3947, accuracy1+2+3 = 1
I0418 09:16:16.612532  6080 data_layer.cpp:128] Prefetch batch: 140 ms.
I0418 09:16:16.612532  6080 data_layer.cpp:129]      Read time: 93.749 ms.
I0418 09:16:16.612532  6080 data_layer.cpp:130] Transform time: 46.879 ms.
I0418 09:16:17.487593  7952 caffe.cpp:314] Batch 3948, accuracy1+2 = 1
I0418 09:16:17.487593  7952 caffe.cpp:314] Batch 3948, accuracy1+2+3 = 1
I0418 09:16:17.612567  6080 data_layer.cpp:128] Prefetch batch: 124 ms.
I0418 09:16:17.612567  6080 data_layer.cpp:129]      Read time: 93.717 ms.
I0418 09:16:17.612567  6080 data_layer.cpp:130] Transform time: 31.257 ms.
I0418 09:16:18.503221  7952 caffe.cpp:314] Batch 3949, accuracy1+2 = 1
I0418 09:16:18.503221  7952 caffe.cpp:314] Batch 3949, accuracy1+2+3 = 1
I0418 09:16:18.596979  6080 data_layer.cpp:128] Prefetch batch: 93 ms.
I0418 09:16:18.596979  6080 data_layer.cpp:129]      Read time: 0 ms.
I0418 09:16:18.596979  6080 data_layer.cpp:130] Transform time: 93.758 ms.
I0418 09:16:19.503259  7952 caffe.cpp:314] Batch 3950, accuracy1+2 = 1
I0418 09:16:19.503259  7952 caffe.cpp:314] Batch 3950, accuracy1+2+3 = 1
I0418 09:16:19.628276  6080 data_layer.cpp:128] Prefetch batch: 125 ms.
I0418 09:16:19.628276  6080 data_layer.cpp:129]      Read time: 93.759 ms.
I0418 09:16:19.628276  6080 data_layer.cpp:130] Transform time: 31.258 ms.
I0418 09:16:20.487681  7952 caffe.cpp:314] Batch 3951, accuracy1+2 = 0
I0418 09:16:20.487681  7952 caffe.cpp:314] Batch 3951, accuracy1+2+3 = 0
I0418 09:16:20.612689  6080 data_layer.cpp:128] Prefetch batch: 125 ms.
I0418 09:16:20.612689  6080 data_layer.cpp:129]      Read time: 93.755 ms.
I0418 09:16:20.612689  6080 data_layer.cpp:130] Transform time: 31.252 ms.
I0418 09:16:21.456476  7952 caffe.cpp:314] Batch 3952, accuracy1+2 = 1
I0418 09:16:21.456476  7952 caffe.cpp:314] Batch 3952, accuracy1+2+3 = 1
I0418 09:16:21.581476  6080 data_layer.cpp:128] Prefetch batch: 125 ms.
I0418 09:16:21.581476  6080 data_layer.cpp:129]      Read time: 93.748 ms.
I0418 09:16:21.581476  6080 data_layer.cpp:130] Transform time: 31.252 ms.
I0418 09:16:22.425257  7952 caffe.cpp:314] Batch 3953, accuracy1+2 = 1
I0418 09:16:22.425257  7952 caffe.cpp:314] Batch 3953, accuracy1+2+3 = 1
I0418 09:16:22.534646  6080 data_layer.cpp:128] Prefetch batch: 109 ms.
I0418 09:16:22.534646  6080 data_layer.cpp:129]      Read time: 0 ms.
I0418 09:16:22.534646  6080 data_layer.cpp:130] Transform time: 109.388 ms.
I0418 09:16:23.394048  7952 caffe.cpp:314] Batch 3954, accuracy1+2 = 1
I0418 09:16:23.394048  7952 caffe.cpp:314] Batch 3954, accuracy1+2+3 = 1
I0418 09:16:23.519049  6080 data_layer.cpp:128] Prefetch batch: 125 ms.
I0418 09:16:23.519049  6080 data_layer.cpp:129]      Read time: 93.754 ms.
I0418 09:16:23.519049  6080 data_layer.cpp:130] Transform time: 31.247 ms.
I0418 09:16:24.378459  7952 caffe.cpp:314] Batch 3955, accuracy1+2 = 1
I0418 09:16:24.378459  7952 caffe.cpp:314] Batch 3955, accuracy1+2+3 = 1
I0418 09:16:24.519096  6080 data_layer.cpp:128] Prefetch batch: 140 ms.
I0418 09:16:24.519096  6080 data_layer.cpp:129]      Read time: 93.762 ms.
I0418 09:16:24.519096  6080 data_layer.cpp:130] Transform time: 46.875 ms.
I0418 09:16:25.362876  7952 caffe.cpp:314] Batch 3956, accuracy1+2 = 0
I0418 09:16:25.362876  7952 caffe.cpp:314] Batch 3956, accuracy1+2+3 = 0
I0418 09:16:25.487880  6080 data_layer.cpp:128] Prefetch batch: 125 ms.
I0418 09:16:25.487880  6080 data_layer.cpp:129]      Read time: 93.754 ms.
I0418 09:16:25.487880  6080 data_layer.cpp:130] Transform time: 31.25 ms.
I0418 09:16:26.347290  7952 caffe.cpp:314] Batch 3957, accuracy1+2 = 1
I0418 09:16:26.347290  7952 caffe.cpp:314] Batch 3957, accuracy1+2+3 = 1
I0418 09:16:26.472295  6080 data_layer.cpp:128] Prefetch batch: 125 ms.
I0418 09:16:26.472295  6080 data_layer.cpp:129]      Read time: 78.124 ms.
I0418 09:16:26.472295  6080 data_layer.cpp:130] Transform time: 46.881 ms.
I0418 09:16:27.316077  7952 caffe.cpp:314] Batch 3958, accuracy1+2 = 1
I0418 09:16:27.316077  7952 caffe.cpp:314] Batch 3958, accuracy1+2+3 = 1
I0418 09:16:27.425460  6080 data_layer.cpp:128] Prefetch batch: 109 ms.
I0418 09:16:27.425460  6080 data_layer.cpp:129]      Read time: 0 ms.
I0418 09:16:27.425460  6080 data_layer.cpp:130] Transform time: 109.383 ms.
I0418 09:16:28.300493  7952 caffe.cpp:314] Batch 3959, accuracy1+2 = 1
I0418 09:16:28.300493  7952 caffe.cpp:314] Batch 3959, accuracy1+2+3 = 1
I0418 09:16:28.425493  6080 data_layer.cpp:128] Prefetch batch: 125 ms.
I0418 09:16:28.425493  6080 data_layer.cpp:129]      Read time: 78.124 ms.
I0418 09:16:28.425493  6080 data_layer.cpp:130] Transform time: 46.876 ms.
I0418 09:16:29.269275  7952 caffe.cpp:314] Batch 3960, accuracy1+2 = 1
I0418 09:16:29.269275  7952 caffe.cpp:314] Batch 3960, accuracy1+2+3 = 1
I0418 09:16:29.394280  6080 data_layer.cpp:128] Prefetch batch: 125 ms.
I0418 09:16:29.394280  6080 data_layer.cpp:129]      Read time: 93.763 ms.
I0418 09:16:29.394280  6080 data_layer.cpp:130] Transform time: 31.242 ms.
I0418 09:16:30.253691  7952 caffe.cpp:314] Batch 3961, accuracy1+2 = 0
I0418 09:16:30.253691  7952 caffe.cpp:314] Batch 3961, accuracy1+2+3 = 1
I0418 09:16:30.378697  6080 data_layer.cpp:128] Prefetch batch: 125 ms.
I0418 09:16:30.378697  6080 data_layer.cpp:129]      Read time: 93.755 ms.
I0418 09:16:30.378697  6080 data_layer.cpp:130] Transform time: 31.251 ms.
I0418 09:16:31.222478  7952 caffe.cpp:314] Batch 3962, accuracy1+2 = 1
I0418 09:16:31.222478  7952 caffe.cpp:314] Batch 3962, accuracy1+2+3 = 1
I0418 09:16:31.347484  6080 data_layer.cpp:128] Prefetch batch: 125 ms.
I0418 09:16:31.347484  6080 data_layer.cpp:129]      Read time: 93.754 ms.
I0418 09:16:31.347484  6080 data_layer.cpp:130] Transform time: 31.252 ms.
I0418 09:16:32.191270  7952 caffe.cpp:314] Batch 3963, accuracy1+2 = 1
I0418 09:16:32.191270  7952 caffe.cpp:314] Batch 3963, accuracy1+2+3 = 1
I0418 09:16:32.300643  6080 data_layer.cpp:128] Prefetch batch: 109 ms.
I0418 09:16:32.300643  6080 data_layer.cpp:129]      Read time: 0 ms.
I0418 09:16:32.300643  6080 data_layer.cpp:130] Transform time: 109.373 ms.
I0418 09:16:33.175679  7952 caffe.cpp:314] Batch 3964, accuracy1+2 = 1
I0418 09:16:33.175679  7952 caffe.cpp:314] Batch 3964, accuracy1+2+3 = 1
I0418 09:16:33.300683  6080 data_layer.cpp:128] Prefetch batch: 125 ms.
I0418 09:16:33.300683  6080 data_layer.cpp:129]      Read time: 93.754 ms.
I0418 09:16:33.300683  6080 data_layer.cpp:130] Transform time: 31.25 ms.
I0418 09:16:34.160099  7952 caffe.cpp:314] Batch 3965, accuracy1+2 = 1
I0418 09:16:34.160099  7952 caffe.cpp:314] Batch 3965, accuracy1+2+3 = 1
I0418 09:16:34.285099  6080 data_layer.cpp:128] Prefetch batch: 125 ms.
I0418 09:16:34.285099  6080 data_layer.cpp:129]      Read time: 93.751 ms.
I0418 09:16:34.285099  6080 data_layer.cpp:130] Transform time: 31.25 ms.
I0418 09:16:35.128890  7952 caffe.cpp:314] Batch 3966, accuracy1+2 = 1
I0418 09:16:35.128890  7952 caffe.cpp:314] Batch 3966, accuracy1+2+3 = 1
I0418 09:16:35.253890  6080 data_layer.cpp:128] Prefetch batch: 124 ms.
I0418 09:16:35.253890  6080 data_layer.cpp:129]      Read time: 93.747 ms.
I0418 09:16:35.253890  6080 data_layer.cpp:130] Transform time: 31.252 ms.
I0418 09:16:36.113299  7952 caffe.cpp:314] Batch 3967, accuracy1+2 = 0
I0418 09:16:36.113299  7952 caffe.cpp:314] Batch 3967, accuracy1+2+3 = 0
I0418 09:16:36.238299  6080 data_layer.cpp:128] Prefetch batch: 125 ms.
I0418 09:16:36.238299  6080 data_layer.cpp:129]      Read time: 93.751 ms.
I0418 09:16:36.238299  6080 data_layer.cpp:130] Transform time: 31.249 ms.
I0418 09:16:37.097714  7952 caffe.cpp:314] Batch 3968, accuracy1+2 = 1
I0418 09:16:37.097714  7952 caffe.cpp:314] Batch 3968, accuracy1+2+3 = 1
I0418 09:16:37.191468  6080 data_layer.cpp:128] Prefetch batch: 93 ms.
I0418 09:16:37.191468  6080 data_layer.cpp:129]      Read time: 0 ms.
I0418 09:16:37.191468  6080 data_layer.cpp:130] Transform time: 93.753 ms.
I0418 09:16:38.066498  7952 caffe.cpp:314] Batch 3969, accuracy1+2 = 0
I0418 09:16:38.066498  7952 caffe.cpp:314] Batch 3969, accuracy1+2+3 = 0
I0418 09:16:38.191498  6080 data_layer.cpp:128] Prefetch batch: 125 ms.
I0418 09:16:38.191498  6080 data_layer.cpp:129]      Read time: 93.75 ms.
I0418 09:16:38.191498  6080 data_layer.cpp:130] Transform time: 31.25 ms.
I0418 09:16:39.050915  7952 caffe.cpp:314] Batch 3970, accuracy1+2 = 0
I0418 09:16:39.050915  7952 caffe.cpp:314] Batch 3970, accuracy1+2+3 = 0
I0418 09:16:39.175917  6080 data_layer.cpp:128] Prefetch batch: 125 ms.
I0418 09:16:39.175917  6080 data_layer.cpp:129]      Read time: 78.123 ms.
I0418 09:16:39.175917  6080 data_layer.cpp:130] Transform time: 46.88 ms.
I0418 09:16:40.019701  7952 caffe.cpp:314] Batch 3971, accuracy1+2 = 1
I0418 09:16:40.019701  7952 caffe.cpp:314] Batch 3971, accuracy1+2+3 = 1
I0418 09:16:40.144707  6080 data_layer.cpp:128] Prefetch batch: 125 ms.
I0418 09:16:40.144707  6080 data_layer.cpp:129]      Read time: 93.753 ms.
I0418 09:16:40.144707  6080 data_layer.cpp:130] Transform time: 31.253 ms.
I0418 09:16:40.988486  7952 caffe.cpp:314] Batch 3972, accuracy1+2 = 1
I0418 09:16:40.988486  7952 caffe.cpp:314] Batch 3972, accuracy1+2+3 = 1
I0418 09:16:41.129122  6080 data_layer.cpp:128] Prefetch batch: 140 ms.
I0418 09:16:41.129122  6080 data_layer.cpp:129]      Read time: 109.379 ms.
I0418 09:16:41.129122  6080 data_layer.cpp:130] Transform time: 31.257 ms.
I0418 09:16:41.972900  7952 caffe.cpp:314] Batch 3973, accuracy1+2 = 1
I0418 09:16:41.972900  7952 caffe.cpp:314] Batch 3973, accuracy1+2+3 = 1
I0418 09:16:42.097903  6080 data_layer.cpp:128] Prefetch batch: 125 ms.
I0418 09:16:42.097903  6080 data_layer.cpp:129]      Read time: 93.754 ms.
I0418 09:16:42.097903  6080 data_layer.cpp:130] Transform time: 31.248 ms.
I0418 09:16:42.957315  7952 caffe.cpp:314] Batch 3974, accuracy1+2 = 1
I0418 09:16:42.957315  7952 caffe.cpp:314] Batch 3974, accuracy1+2+3 = 1
I0418 09:16:43.082319  6080 data_layer.cpp:128] Prefetch batch: 125 ms.
I0418 09:16:43.082319  6080 data_layer.cpp:129]      Read time: 78.13 ms.
I0418 09:16:43.082319  6080 data_layer.cpp:130] Transform time: 46.873 ms.
I0418 09:16:43.926093  7952 caffe.cpp:314] Batch 3975, accuracy1+2 = 1
I0418 09:16:43.926093  7952 caffe.cpp:314] Batch 3975, accuracy1+2+3 = 1
I0418 09:16:44.035495  6080 data_layer.cpp:128] Prefetch batch: 109 ms.
I0418 09:16:44.035495  6080 data_layer.cpp:129]      Read time: 0 ms.
I0418 09:16:44.035495  6080 data_layer.cpp:130] Transform time: 109.401 ms.
I0418 09:16:44.910518  7952 caffe.cpp:314] Batch 3976, accuracy1+2 = 1
I0418 09:16:44.910518  7952 caffe.cpp:314] Batch 3976, accuracy1+2+3 = 1
I0418 09:16:45.035521  6080 data_layer.cpp:128] Prefetch batch: 125 ms.
I0418 09:16:45.035521  6080 data_layer.cpp:129]      Read time: 93.751 ms.
I0418 09:16:45.035521  6080 data_layer.cpp:130] Transform time: 31.251 ms.
I0418 09:16:45.879307  7952 caffe.cpp:314] Batch 3977, accuracy1+2 = 1
I0418 09:16:45.879307  7952 caffe.cpp:314] Batch 3977, accuracy1+2+3 = 1
I0418 09:16:46.004307  6080 data_layer.cpp:128] Prefetch batch: 125 ms.
I0418 09:16:46.004307  6080 data_layer.cpp:129]      Read time: 93.75 ms.
I0418 09:16:46.004307  6080 data_layer.cpp:130] Transform time: 31.25 ms.
I0418 09:16:46.863720  7952 caffe.cpp:314] Batch 3978, accuracy1+2 = 1
I0418 09:16:46.863720  7952 caffe.cpp:314] Batch 3978, accuracy1+2+3 = 1
I0418 09:16:46.988728  6080 data_layer.cpp:128] Prefetch batch: 125 ms.
I0418 09:16:46.988728  6080 data_layer.cpp:129]      Read time: 93.751 ms.
I0418 09:16:46.988728  6080 data_layer.cpp:130] Transform time: 31.256 ms.
I0418 09:16:47.832504  7952 caffe.cpp:314] Batch 3979, accuracy1+2 = 1
I0418 09:16:47.832504  7952 caffe.cpp:314] Batch 3979, accuracy1+2+3 = 1
I0418 09:16:47.941882  6080 data_layer.cpp:128] Prefetch batch: 109 ms.
I0418 09:16:47.941882  6080 data_layer.cpp:129]      Read time: 0 ms.
I0418 09:16:47.941882  6080 data_layer.cpp:130] Transform time: 109.379 ms.
I0418 09:16:48.801298  7952 caffe.cpp:314] Batch 3980, accuracy1+2 = 0
I0418 09:16:48.801298  7952 caffe.cpp:314] Batch 3980, accuracy1+2+3 = 0
I0418 09:16:48.941926  6080 data_layer.cpp:128] Prefetch batch: 140 ms.
I0418 09:16:48.941926  6080 data_layer.cpp:129]      Read time: 93.754 ms.
I0418 09:16:48.941926  6080 data_layer.cpp:130] Transform time: 46.873 ms.
I0418 09:16:49.785709  7952 caffe.cpp:314] Batch 3981, accuracy1+2 = 1
I0418 09:16:49.785709  7952 caffe.cpp:314] Batch 3981, accuracy1+2+3 = 1
I0418 09:16:49.910722  6080 data_layer.cpp:128] Prefetch batch: 125 ms.
I0418 09:16:49.910722  6080 data_layer.cpp:129]      Read time: 93.751 ms.
I0418 09:16:49.910722  6080 data_layer.cpp:130] Transform time: 31.261 ms.
I0418 09:16:50.770119  7952 caffe.cpp:314] Batch 3982, accuracy1+2 = 1
I0418 09:16:50.770119  7952 caffe.cpp:314] Batch 3982, accuracy1+2+3 = 1
I0418 09:16:50.895125  6080 data_layer.cpp:128] Prefetch batch: 125 ms.
I0418 09:16:50.895125  6080 data_layer.cpp:129]      Read time: 78.131 ms.
I0418 09:16:50.895125  6080 data_layer.cpp:130] Transform time: 46.875 ms.
I0418 09:16:51.738910  7952 caffe.cpp:314] Batch 3983, accuracy1+2 = 1
I0418 09:16:51.738910  7952 caffe.cpp:314] Batch 3983, accuracy1+2+3 = 1
I0418 09:16:51.863919  6080 data_layer.cpp:128] Prefetch batch: 125 ms.
I0418 09:16:51.863919  6080 data_layer.cpp:129]      Read time: 93.754 ms.
I0418 09:16:51.863919  6080 data_layer.cpp:130] Transform time: 31.254 ms.
I0418 09:16:52.707698  7952 caffe.cpp:314] Batch 3984, accuracy1+2 = 1
I0418 09:16:52.707698  7952 caffe.cpp:314] Batch 3984, accuracy1+2+3 = 1
I0418 09:16:52.817071  6080 data_layer.cpp:128] Prefetch batch: 109 ms.
I0418 09:16:52.817071  6080 data_layer.cpp:129]      Read time: 0 ms.
I0418 09:16:52.817071  6080 data_layer.cpp:130] Transform time: 109.373 ms.
I0418 09:16:53.676481  7952 caffe.cpp:314] Batch 3985, accuracy1+2 = 1
I0418 09:16:53.676481  7952 caffe.cpp:314] Batch 3985, accuracy1+2+3 = 1
I0418 09:16:53.801491  6080 data_layer.cpp:128] Prefetch batch: 125 ms.
I0418 09:16:53.801491  6080 data_layer.cpp:129]      Read time: 93.758 ms.
I0418 09:16:53.801491  6080 data_layer.cpp:130] Transform time: 31.253 ms.
I0418 09:16:54.660899  7952 caffe.cpp:314] Batch 3986, accuracy1+2 = 1
I0418 09:16:54.660899  7952 caffe.cpp:314] Batch 3986, accuracy1+2+3 = 1
I0418 09:16:54.785894  6080 data_layer.cpp:128] Prefetch batch: 124 ms.
I0418 09:16:54.785894  6080 data_layer.cpp:129]      Read time: 78.118 ms.
I0418 09:16:54.785894  6080 data_layer.cpp:130] Transform time: 46.877 ms.
I0418 09:16:55.660928  7952 caffe.cpp:314] Batch 3987, accuracy1+2 = 1
I0418 09:16:55.660928  7952 caffe.cpp:314] Batch 3987, accuracy1+2+3 = 1
I0418 09:16:55.770308  6080 data_layer.cpp:128] Prefetch batch: 109 ms.
I0418 09:16:55.770308  6080 data_layer.cpp:129]      Read time: 0 ms.
I0418 09:16:55.770308  6080 data_layer.cpp:130] Transform time: 93.754 ms.
I0418 09:16:56.676604  7952 caffe.cpp:314] Batch 3988, accuracy1+2 = 1
I0418 09:16:56.676604  7952 caffe.cpp:314] Batch 3988, accuracy1+2+3 = 1
I0418 09:16:56.801611  6080 data_layer.cpp:128] Prefetch batch: 125 ms.
I0418 09:16:56.801611  6080 data_layer.cpp:129]      Read time: 93.754 ms.
I0418 09:16:56.801611  6080 data_layer.cpp:130] Transform time: 31.253 ms.
I0418 09:16:57.645390  7952 caffe.cpp:314] Batch 3989, accuracy1+2 = 1
I0418 09:16:57.645390  7952 caffe.cpp:314] Batch 3989, accuracy1+2+3 = 1
I0418 09:16:57.770395  6080 data_layer.cpp:128] Prefetch batch: 125 ms.
I0418 09:16:57.770395  6080 data_layer.cpp:129]      Read time: 93.76 ms.
I0418 09:16:57.770395  6080 data_layer.cpp:130] Transform time: 31.246 ms.
I0418 09:16:58.614182  7952 caffe.cpp:314] Batch 3990, accuracy1+2 = 1
I0418 09:16:58.614182  7952 caffe.cpp:314] Batch 3990, accuracy1+2+3 = 1
I0418 09:16:58.723557  6080 data_layer.cpp:128] Prefetch batch: 109 ms.
I0418 09:16:58.723557  6080 data_layer.cpp:129]      Read time: 0 ms.
I0418 09:16:58.723557  6080 data_layer.cpp:130] Transform time: 109.375 ms.
I0418 09:16:59.598590  7952 caffe.cpp:314] Batch 3991, accuracy1+2 = 1
I0418 09:16:59.598590  7952 caffe.cpp:314] Batch 3991, accuracy1+2+3 = 1
I0418 09:16:59.723603  6080 data_layer.cpp:128] Prefetch batch: 125 ms.
I0418 09:16:59.723603  6080 data_layer.cpp:129]      Read time: 78.128 ms.
I0418 09:16:59.723603  6080 data_layer.cpp:130] Transform time: 46.884 ms.
I0418 09:17:00.567378  7952 caffe.cpp:314] Batch 3992, accuracy1+2 = 1
I0418 09:17:00.567378  7952 caffe.cpp:314] Batch 3992, accuracy1+2+3 = 1
I0418 09:17:00.692384  6080 data_layer.cpp:128] Prefetch batch: 125 ms.
I0418 09:17:00.692384  6080 data_layer.cpp:129]      Read time: 93.754 ms.
I0418 09:17:00.692384  6080 data_layer.cpp:130] Transform time: 31.252 ms.
I0418 09:17:01.536164  7952 caffe.cpp:314] Batch 3993, accuracy1+2 = 1
I0418 09:17:01.536164  7952 caffe.cpp:314] Batch 3993, accuracy1+2+3 = 1
I0418 09:17:01.661183  6080 data_layer.cpp:128] Prefetch batch: 125 ms.
I0418 09:17:01.661183  6080 data_layer.cpp:129]      Read time: 93.755 ms.
I0418 09:17:01.661183  6080 data_layer.cpp:130] Transform time: 31.265 ms.
I0418 09:17:02.520584  7952 caffe.cpp:314] Batch 3994, accuracy1+2 = 1
I0418 09:17:02.520584  7952 caffe.cpp:314] Batch 3994, accuracy1+2+3 = 1
I0418 09:17:02.645591  6080 data_layer.cpp:128] Prefetch batch: 125 ms.
I0418 09:17:02.645591  6080 data_layer.cpp:129]      Read time: 78.127 ms.
I0418 09:17:02.645591  6080 data_layer.cpp:130] Transform time: 46.879 ms.
I0418 09:17:03.489369  7952 caffe.cpp:314] Batch 3995, accuracy1+2 = 1
I0418 09:17:03.489369  7952 caffe.cpp:314] Batch 3995, accuracy1+2+3 = 1
I0418 09:17:03.583123  6080 data_layer.cpp:128] Prefetch batch: 93 ms.
I0418 09:17:03.583123  6080 data_layer.cpp:129]      Read time: 0 ms.
I0418 09:17:03.583123  6080 data_layer.cpp:130] Transform time: 93.754 ms.
I0418 09:17:04.458160  7952 caffe.cpp:314] Batch 3996, accuracy1+2 = 1
I0418 09:17:04.458160  7952 caffe.cpp:314] Batch 3996, accuracy1+2+3 = 1
I0418 09:17:04.583166  6080 data_layer.cpp:128] Prefetch batch: 125 ms.
I0418 09:17:04.583166  6080 data_layer.cpp:129]      Read time: 93.755 ms.
I0418 09:17:04.583166  6080 data_layer.cpp:130] Transform time: 31.251 ms.
I0418 09:17:05.442569  7952 caffe.cpp:314] Batch 3997, accuracy1+2 = 1
I0418 09:17:05.442569  7952 caffe.cpp:314] Batch 3997, accuracy1+2+3 = 1
I0418 09:17:05.567577  6080 data_layer.cpp:128] Prefetch batch: 125 ms.
I0418 09:17:05.567577  6080 data_layer.cpp:129]      Read time: 78.126 ms.
I0418 09:17:05.567577  6080 data_layer.cpp:130] Transform time: 46.882 ms.
I0418 09:17:06.411362  7952 caffe.cpp:314] Batch 3998, accuracy1+2 = 1
I0418 09:17:06.411362  7952 caffe.cpp:314] Batch 3998, accuracy1+2+3 = 1
I0418 09:17:06.536366  6080 data_layer.cpp:128] Prefetch batch: 125 ms.
I0418 09:17:06.536366  6080 data_layer.cpp:129]      Read time: 93.756 ms.
I0418 09:17:06.536366  6080 data_layer.cpp:130] Transform time: 31.248 ms.
I0418 09:17:07.380148  7952 caffe.cpp:314] Batch 3999, accuracy1+2 = 1
I0418 09:17:07.380148  7952 caffe.cpp:314] Batch 3999, accuracy1+2+3 = 1
I0418 09:17:07.489531  6080 data_layer.cpp:128] Prefetch batch: 109 ms.
I0418 09:17:07.489531  6080 data_layer.cpp:129]      Read time: 0 ms.
I0418 09:17:07.489531  6080 data_layer.cpp:130] Transform time: 109.383 ms.
I0418 09:17:08.364565  7952 caffe.cpp:314] Batch 4000, accuracy1+2 = 1
I0418 09:17:08.364565  7952 caffe.cpp:314] Batch 4000, accuracy1+2+3 = 1
I0418 09:17:08.489567  6080 data_layer.cpp:128] Prefetch batch: 125 ms.
I0418 09:17:08.489567  6080 data_layer.cpp:129]      Read time: 93.753 ms.
I0418 09:17:08.489567  6080 data_layer.cpp:130] Transform time: 31.248 ms.
I0418 09:17:09.333350  7952 caffe.cpp:314] Batch 4001, accuracy1+2 = 1
I0418 09:17:09.333350  7952 caffe.cpp:314] Batch 4001, accuracy1+2+3 = 1
I0418 09:17:09.458354  6080 data_layer.cpp:128] Prefetch batch: 125 ms.
I0418 09:17:09.458354  6080 data_layer.cpp:129]      Read time: 93.757 ms.
I0418 09:17:09.458354  6080 data_layer.cpp:130] Transform time: 31.247 ms.
I0418 09:17:10.317775  7952 caffe.cpp:314] Batch 4002, accuracy1+2 = 1
I0418 09:17:10.317775  7952 caffe.cpp:314] Batch 4002, accuracy1+2+3 = 1
I0418 09:17:10.411519  6080 data_layer.cpp:128] Prefetch batch: 93 ms.
I0418 09:17:10.411519  6080 data_layer.cpp:129]      Read time: 0 ms.
I0418 09:17:10.411519  6080 data_layer.cpp:130] Transform time: 93.744 ms.
I0418 09:17:11.302175  7952 caffe.cpp:314] Batch 4003, accuracy1+2 = 1
I0418 09:17:11.302175  7952 caffe.cpp:314] Batch 4003, accuracy1+2+3 = 1
I0418 09:17:11.427181  6080 data_layer.cpp:128] Prefetch batch: 125 ms.
I0418 09:17:11.427181  6080 data_layer.cpp:129]      Read time: 78.128 ms.
I0418 09:17:11.427181  6080 data_layer.cpp:130] Transform time: 46.878 ms.
I0418 09:17:12.270972  7952 caffe.cpp:314] Batch 4004, accuracy1+2 = 1
I0418 09:17:12.270972  7952 caffe.cpp:314] Batch 4004, accuracy1+2+3 = 1
I0418 09:17:12.395972  6080 data_layer.cpp:128] Prefetch batch: 124 ms.
I0418 09:17:12.395972  6080 data_layer.cpp:129]      Read time: 93.743 ms.
I0418 09:17:12.395972  6080 data_layer.cpp:130] Transform time: 31.256 ms.
I0418 09:17:13.255380  7952 caffe.cpp:314] Batch 4005, accuracy1+2 = 1
I0418 09:17:13.255380  7952 caffe.cpp:314] Batch 4005, accuracy1+2+3 = 1
I0418 09:17:13.380381  6080 data_layer.cpp:128] Prefetch batch: 125 ms.
I0418 09:17:13.380381  6080 data_layer.cpp:129]      Read time: 78.127 ms.
I0418 09:17:13.380381  6080 data_layer.cpp:130] Transform time: 46.874 ms.
I0418 09:17:14.224169  7952 caffe.cpp:314] Batch 4006, accuracy1+2 = 1
I0418 09:17:14.224169  7952 caffe.cpp:314] Batch 4006, accuracy1+2+3 = 1
I0418 09:17:14.333544  6080 data_layer.cpp:128] Prefetch batch: 109 ms.
I0418 09:17:14.333544  6080 data_layer.cpp:129]      Read time: 0 ms.
I0418 09:17:14.333544  6080 data_layer.cpp:130] Transform time: 109.375 ms.
I0418 09:17:15.208581  7952 caffe.cpp:314] Batch 4007, accuracy1+2 = 1
I0418 09:17:15.208581  7952 caffe.cpp:314] Batch 4007, accuracy1+2+3 = 1
I0418 09:17:15.333588  6080 data_layer.cpp:128] Prefetch batch: 125 ms.
I0418 09:17:15.333588  6080 data_layer.cpp:129]      Read time: 93.754 ms.
I0418 09:17:15.333588  6080 data_layer.cpp:130] Transform time: 31.253 ms.
I0418 09:17:16.192997  7952 caffe.cpp:314] Batch 4008, accuracy1+2 = 1
I0418 09:17:16.192997  7952 caffe.cpp:314] Batch 4008, accuracy1+2+3 = 1
I0418 09:17:16.333626  6080 data_layer.cpp:128] Prefetch batch: 125 ms.
I0418 09:17:16.333626  6080 data_layer.cpp:129]      Read time: 93.741 ms.
I0418 09:17:16.333626  6080 data_layer.cpp:130] Transform time: 31.261 ms.
I0418 09:17:17.193030  7952 caffe.cpp:314] Batch 4009, accuracy1+2 = 1
I0418 09:17:17.193030  7952 caffe.cpp:314] Batch 4009, accuracy1+2+3 = 1
I0418 09:17:17.318028  6080 data_layer.cpp:128] Prefetch batch: 124 ms.
I0418 09:17:17.318028  6080 data_layer.cpp:129]      Read time: 78.13 ms.
I0418 09:17:17.318028  6080 data_layer.cpp:130] Transform time: 46.868 ms.
I0418 09:17:18.177446  7952 caffe.cpp:314] Batch 4010, accuracy1+2 = 1
I0418 09:17:18.177446  7952 caffe.cpp:314] Batch 4010, accuracy1+2+3 = 1
I0418 09:17:18.271203  6080 data_layer.cpp:128] Prefetch batch: 93 ms.
I0418 09:17:18.271203  6080 data_layer.cpp:129]      Read time: 0 ms.
I0418 09:17:18.271203  6080 data_layer.cpp:130] Transform time: 93.756 ms.
I0418 09:17:19.161859  7952 caffe.cpp:314] Batch 4011, accuracy1+2 = 1
I0418 09:17:19.161859  7952 caffe.cpp:314] Batch 4011, accuracy1+2+3 = 1
I0418 09:17:19.286870  6080 data_layer.cpp:128] Prefetch batch: 125 ms.
I0418 09:17:19.286870  6080 data_layer.cpp:129]      Read time: 93.756 ms.
I0418 09:17:19.286870  6080 data_layer.cpp:130] Transform time: 31.255 ms.
I0418 09:17:20.146276  7952 caffe.cpp:314] Batch 4012, accuracy1+2 = 1
I0418 09:17:20.146276  7952 caffe.cpp:314] Batch 4012, accuracy1+2+3 = 1
I0418 09:17:20.271276  6080 data_layer.cpp:128] Prefetch batch: 125 ms.
I0418 09:17:20.271276  6080 data_layer.cpp:129]      Read time: 93.75 ms.
I0418 09:17:20.271276  6080 data_layer.cpp:130] Transform time: 31.25 ms.
I0418 09:17:21.130692  7952 caffe.cpp:314] Batch 4013, accuracy1+2 = 1
I0418 09:17:21.130692  7952 caffe.cpp:314] Batch 4013, accuracy1+2+3 = 1
I0418 09:17:21.255692  6080 data_layer.cpp:128] Prefetch batch: 125 ms.
I0418 09:17:21.255692  6080 data_layer.cpp:129]      Read time: 93.753 ms.
I0418 09:17:21.255692  6080 data_layer.cpp:130] Transform time: 31.248 ms.
I0418 09:17:22.115104  7952 caffe.cpp:314] Batch 4014, accuracy1+2 = 1
I0418 09:17:22.115104  7952 caffe.cpp:314] Batch 4014, accuracy1+2+3 = 1
I0418 09:17:22.208853  6080 data_layer.cpp:128] Prefetch batch: 93 ms.
I0418 09:17:22.208853  6080 data_layer.cpp:129]      Read time: 0 ms.
I0418 09:17:22.208853  6080 data_layer.cpp:130] Transform time: 93.749 ms.
I0418 09:17:23.099519  7952 caffe.cpp:314] Batch 4015, accuracy1+2 = 1
I0418 09:17:23.099519  7952 caffe.cpp:314] Batch 4015, accuracy1+2+3 = 1
I0418 09:17:23.224520  6080 data_layer.cpp:128] Prefetch batch: 125 ms.
I0418 09:17:23.224520  6080 data_layer.cpp:129]      Read time: 93.753 ms.
I0418 09:17:23.224520  6080 data_layer.cpp:130] Transform time: 31.249 ms.
I0418 09:17:24.083917  7952 caffe.cpp:314] Batch 4016, accuracy1+2 = 1
I0418 09:17:24.083917  7952 caffe.cpp:314] Batch 4016, accuracy1+2+3 = 1
I0418 09:17:24.208923  6080 data_layer.cpp:128] Prefetch batch: 125 ms.
I0418 09:17:24.208923  6080 data_layer.cpp:129]      Read time: 93.755 ms.
I0418 09:17:24.208923  6080 data_layer.cpp:130] Transform time: 31.251 ms.
I0418 09:17:25.083964  7952 caffe.cpp:314] Batch 4017, accuracy1+2 = 1
I0418 09:17:25.083964  7952 caffe.cpp:314] Batch 4017, accuracy1+2+3 = 1
I0418 09:17:25.208976  6080 data_layer.cpp:128] Prefetch batch: 125 ms.
I0418 09:17:25.208976  6080 data_layer.cpp:129]      Read time: 78.133 ms.
I0418 09:17:25.208976  6080 data_layer.cpp:130] Transform time: 46.878 ms.
I0418 09:17:26.052759  7952 caffe.cpp:314] Batch 4018, accuracy1+2 = 1
I0418 09:17:26.052759  7952 caffe.cpp:314] Batch 4018, accuracy1+2+3 = 1
I0418 09:17:26.162135  6080 data_layer.cpp:128] Prefetch batch: 109 ms.
I0418 09:17:26.162135  6080 data_layer.cpp:129]      Read time: 0 ms.
I0418 09:17:26.162135  6080 data_layer.cpp:130] Transform time: 109.376 ms.
I0418 09:17:27.021545  7952 caffe.cpp:314] Batch 4019, accuracy1+2 = 1
I0418 09:17:27.021545  7952 caffe.cpp:314] Batch 4019, accuracy1+2+3 = 1
I0418 09:17:27.146543  6080 data_layer.cpp:128] Prefetch batch: 124 ms.
I0418 09:17:27.146543  6080 data_layer.cpp:129]      Read time: 93.755 ms.
I0418 09:17:27.146543  6080 data_layer.cpp:130] Transform time: 31.242 ms.
I0418 09:17:28.005957  7952 caffe.cpp:314] Batch 4020, accuracy1+2 = 1
I0418 09:17:28.005957  7952 caffe.cpp:314] Batch 4020, accuracy1+2+3 = 1
I0418 09:17:28.130959  6080 data_layer.cpp:128] Prefetch batch: 125 ms.
I0418 09:17:28.130959  6080 data_layer.cpp:129]      Read time: 78.133 ms.
I0418 09:17:28.130959  6080 data_layer.cpp:130] Transform time: 46.869 ms.
I0418 09:17:28.974747  7952 caffe.cpp:314] Batch 4021, accuracy1+2 = 1
I0418 09:17:28.974747  7952 caffe.cpp:314] Batch 4021, accuracy1+2+3 = 1
I0418 09:17:29.099755  6080 data_layer.cpp:128] Prefetch batch: 125 ms.
I0418 09:17:29.099755  6080 data_layer.cpp:129]      Read time: 93.753 ms.
I0418 09:17:29.099755  6080 data_layer.cpp:130] Transform time: 31.254 ms.
I0418 09:17:29.943533  7952 caffe.cpp:314] Batch 4022, accuracy1+2 = 1
I0418 09:17:29.943533  7952 caffe.cpp:314] Batch 4022, accuracy1+2+3 = 1
I0418 09:17:30.052917  6080 data_layer.cpp:128] Prefetch batch: 109 ms.
I0418 09:17:30.052917  6080 data_layer.cpp:129]      Read time: 0 ms.
I0418 09:17:30.052917  6080 data_layer.cpp:130] Transform time: 109.383 ms.
I0418 09:17:30.912320  7952 caffe.cpp:314] Batch 4023, accuracy1+2 = 1
I0418 09:17:30.912320  7952 caffe.cpp:314] Batch 4023, accuracy1+2+3 = 1
I0418 09:17:31.037323  6080 data_layer.cpp:128] Prefetch batch: 125 ms.
I0418 09:17:31.037323  6080 data_layer.cpp:129]      Read time: 93.753 ms.
I0418 09:17:31.037323  6080 data_layer.cpp:130] Transform time: 31.25 ms.
I0418 09:17:31.912364  7952 caffe.cpp:314] Batch 4024, accuracy1+2 = 1
I0418 09:17:31.912364  7952 caffe.cpp:314] Batch 4024, accuracy1+2+3 = 1
I0418 09:17:32.037362  6080 data_layer.cpp:128] Prefetch batch: 124 ms.
I0418 09:17:32.037362  6080 data_layer.cpp:129]      Read time: 78.123 ms.
I0418 09:17:32.037362  6080 data_layer.cpp:130] Transform time: 46.875 ms.
I0418 09:17:32.912403  7952 caffe.cpp:314] Batch 4025, accuracy1+2 = 0
I0418 09:17:32.912403  7952 caffe.cpp:314] Batch 4025, accuracy1+2+3 = 0
I0418 09:17:33.037401  6080 data_layer.cpp:128] Prefetch batch: 124 ms.
I0418 09:17:33.037401  6080 data_layer.cpp:129]      Read time: 93.739 ms.
I0418 09:17:33.037401  6080 data_layer.cpp:130] Transform time: 31.259 ms.
I0418 09:17:33.912436  7952 caffe.cpp:314] Batch 4026, accuracy1+2 = 1
I0418 09:17:33.912436  7952 caffe.cpp:314] Batch 4026, accuracy1+2+3 = 1
I0418 09:17:34.037442  6080 data_layer.cpp:128] Prefetch batch: 125 ms.
I0418 09:17:34.037442  6080 data_layer.cpp:129]      Read time: 93.757 ms.
I0418 09:17:34.037442  6080 data_layer.cpp:130] Transform time: 31.25 ms.
I0418 09:17:34.881227  7952 caffe.cpp:314] Batch 4027, accuracy1+2 = 1
I0418 09:17:34.881227  7952 caffe.cpp:314] Batch 4027, accuracy1+2+3 = 1
I0418 09:17:35.006233  6080 data_layer.cpp:128] Prefetch batch: 125 ms.
I0418 09:17:35.006233  6080 data_layer.cpp:129]      Read time: 93.75 ms.
I0418 09:17:35.006233  6080 data_layer.cpp:130] Transform time: 31.256 ms.
I0418 09:17:35.865640  7952 caffe.cpp:314] Batch 4028, accuracy1+2 = 1
I0418 09:17:35.865640  7952 caffe.cpp:314] Batch 4028, accuracy1+2+3 = 1
I0418 09:17:35.959393  6080 data_layer.cpp:128] Prefetch batch: 93 ms.
I0418 09:17:35.959393  6080 data_layer.cpp:129]      Read time: 0 ms.
I0418 09:17:35.959393  6080 data_layer.cpp:130] Transform time: 93.753 ms.
I0418 09:17:36.834432  7952 caffe.cpp:314] Batch 4029, accuracy1+2 = 1
I0418 09:17:36.834432  7952 caffe.cpp:314] Batch 4029, accuracy1+2+3 = 1
I0418 09:17:36.959434  6080 data_layer.cpp:128] Prefetch batch: 125 ms.
I0418 09:17:36.959434  6080 data_layer.cpp:129]      Read time: 93.754 ms.
I0418 09:17:36.959434  6080 data_layer.cpp:130] Transform time: 31.248 ms.
I0418 09:17:37.803215  7952 caffe.cpp:314] Batch 4030, accuracy1+2 = 0
I0418 09:17:37.803215  7952 caffe.cpp:314] Batch 4030, accuracy1+2+3 = 0
I0418 09:17:37.928222  6080 data_layer.cpp:128] Prefetch batch: 125 ms.
I0418 09:17:37.928222  6080 data_layer.cpp:129]      Read time: 93.758 ms.
I0418 09:17:37.928222  6080 data_layer.cpp:130] Transform time: 31.249 ms.
I0418 09:17:38.787627  7952 caffe.cpp:314] Batch 4031, accuracy1+2 = 1
I0418 09:17:38.787627  7952 caffe.cpp:314] Batch 4031, accuracy1+2+3 = 1
I0418 09:17:38.912636  6080 data_layer.cpp:128] Prefetch batch: 125 ms.
I0418 09:17:38.912636  6080 data_layer.cpp:129]      Read time: 78.134 ms.
I0418 09:17:38.912636  6080 data_layer.cpp:130] Transform time: 46.874 ms.
I0418 09:17:39.756422  7952 caffe.cpp:314] Batch 4032, accuracy1+2 = 1
I0418 09:17:39.756422  7952 caffe.cpp:314] Batch 4032, accuracy1+2+3 = 1
I0418 09:17:39.881419  6080 data_layer.cpp:128] Prefetch batch: 124 ms.
I0418 09:17:39.881419  6080 data_layer.cpp:129]      Read time: 93.749 ms.
I0418 09:17:39.881419  6080 data_layer.cpp:130] Transform time: 31.249 ms.
I0418 09:17:40.725206  7952 caffe.cpp:314] Batch 4033, accuracy1+2 = 1
I0418 09:17:40.725206  7952 caffe.cpp:314] Batch 4033, accuracy1+2+3 = 1
I0418 09:17:40.850215  6080 data_layer.cpp:128] Prefetch batch: 125 ms.
I0418 09:17:40.850215  6080 data_layer.cpp:129]      Read time: 93.756 ms.
I0418 09:17:40.850215  6080 data_layer.cpp:130] Transform time: 31.253 ms.
I0418 09:17:41.709616  7952 caffe.cpp:314] Batch 4034, accuracy1+2 = 1
I0418 09:17:41.709616  7952 caffe.cpp:314] Batch 4034, accuracy1+2+3 = 1
I0418 09:17:41.818996  6080 data_layer.cpp:128] Prefetch batch: 109 ms.
I0418 09:17:41.818996  6080 data_layer.cpp:129]      Read time: 0 ms.
I0418 09:17:41.818996  6080 data_layer.cpp:130] Transform time: 109.38 ms.
I0418 09:17:42.678407  7952 caffe.cpp:314] Batch 4035, accuracy1+2 = 1
I0418 09:17:42.678407  7952 caffe.cpp:314] Batch 4035, accuracy1+2+3 = 1
I0418 09:17:42.803407  6080 data_layer.cpp:128] Prefetch batch: 125 ms.
I0418 09:17:42.803407  6080 data_layer.cpp:129]      Read time: 93.757 ms.
I0418 09:17:42.803407  6080 data_layer.cpp:130] Transform time: 31.243 ms.
I0418 09:17:43.662820  7952 caffe.cpp:314] Batch 4036, accuracy1+2 = 1
I0418 09:17:43.662820  7952 caffe.cpp:314] Batch 4036, accuracy1+2+3 = 1
I0418 09:17:43.787822  6080 data_layer.cpp:128] Prefetch batch: 125 ms.
I0418 09:17:43.787822  6080 data_layer.cpp:129]      Read time: 93.753 ms.
I0418 09:17:43.787822  6080 data_layer.cpp:130] Transform time: 31.249 ms.
I0418 09:17:44.647233  7952 caffe.cpp:314] Batch 4037, accuracy1+2 = 1
I0418 09:17:44.647233  7952 caffe.cpp:314] Batch 4037, accuracy1+2+3 = 1
I0418 09:17:44.740993  6080 data_layer.cpp:128] Prefetch batch: 93 ms.
I0418 09:17:44.740993  6080 data_layer.cpp:129]      Read time: 0 ms.
I0418 09:17:44.740993  6080 data_layer.cpp:130] Transform time: 93.759 ms.
I0418 09:17:45.616029  7952 caffe.cpp:314] Batch 4038, accuracy1+2 = 1
I0418 09:17:45.616029  7952 caffe.cpp:314] Batch 4038, accuracy1+2+3 = 1
I0418 09:17:45.741031  6080 data_layer.cpp:128] Prefetch batch: 125 ms.
I0418 09:17:45.741031  6080 data_layer.cpp:129]      Read time: 93.748 ms.
I0418 09:17:45.741031  6080 data_layer.cpp:130] Transform time: 31.255 ms.
I0418 09:17:46.584808  7952 caffe.cpp:314] Batch 4039, accuracy1+2 = 1
I0418 09:17:46.584808  7952 caffe.cpp:314] Batch 4039, accuracy1+2+3 = 1
I0418 09:17:46.709820  6080 data_layer.cpp:128] Prefetch batch: 125 ms.
I0418 09:17:46.709820  6080 data_layer.cpp:129]      Read time: 93.756 ms.
I0418 09:17:46.709820  6080 data_layer.cpp:130] Transform time: 31.256 ms.
I0418 09:17:47.553601  7952 caffe.cpp:314] Batch 4040, accuracy1+2 = 0
I0418 09:17:47.553601  7952 caffe.cpp:314] Batch 4040, accuracy1+2+3 = 0
I0418 09:17:47.678604  6080 data_layer.cpp:128] Prefetch batch: 125 ms.
I0418 09:17:47.678604  6080 data_layer.cpp:129]      Read time: 93.753 ms.
I0418 09:17:47.678604  6080 data_layer.cpp:130] Transform time: 31.25 ms.
I0418 09:17:48.538012  7952 caffe.cpp:314] Batch 4041, accuracy1+2 = 1
I0418 09:17:48.538012  7952 caffe.cpp:314] Batch 4041, accuracy1+2+3 = 1
I0418 09:17:48.663020  6080 data_layer.cpp:128] Prefetch batch: 125 ms.
I0418 09:17:48.663020  6080 data_layer.cpp:129]      Read time: 78.128 ms.
I0418 09:17:48.663020  6080 data_layer.cpp:130] Transform time: 46.881 ms.
I0418 09:17:49.506801  7952 caffe.cpp:314] Batch 4042, accuracy1+2 = 0
I0418 09:17:49.506801  7952 caffe.cpp:314] Batch 4042, accuracy1+2+3 = 0
I0418 09:17:49.631805  6080 data_layer.cpp:128] Prefetch batch: 125 ms.
I0418 09:17:49.631805  6080 data_layer.cpp:129]      Read time: 93.756 ms.
I0418 09:17:49.631805  6080 data_layer.cpp:130] Transform time: 31.248 ms.
I0418 09:17:50.475589  7952 caffe.cpp:314] Batch 4043, accuracy1+2 = 1
I0418 09:17:50.475589  7952 caffe.cpp:314] Batch 4043, accuracy1+2+3 = 1
I0418 09:17:50.584964  6080 data_layer.cpp:128] Prefetch batch: 109 ms.
I0418 09:17:50.584964  6080 data_layer.cpp:129]      Read time: 0 ms.
I0418 09:17:50.584964  6080 data_layer.cpp:130] Transform time: 109.375 ms.
I0418 09:17:51.460005  7952 caffe.cpp:314] Batch 4044, accuracy1+2 = 1
I0418 09:17:51.460005  7952 caffe.cpp:314] Batch 4044, accuracy1+2+3 = 1
I0418 09:17:51.585011  6080 data_layer.cpp:128] Prefetch batch: 125 ms.
I0418 09:17:51.585011  6080 data_layer.cpp:129]      Read time: 78.131 ms.
I0418 09:17:51.585011  6080 data_layer.cpp:130] Transform time: 46.874 ms.
I0418 09:17:52.428795  7952 caffe.cpp:314] Batch 4045, accuracy1+2 = 1
I0418 09:17:52.428795  7952 caffe.cpp:314] Batch 4045, accuracy1+2+3 = 1
I0418 09:17:52.553792  6080 data_layer.cpp:128] Prefetch batch: 124 ms.
I0418 09:17:52.553792  6080 data_layer.cpp:129]      Read time: 93.745 ms.
I0418 09:17:52.553792  6080 data_layer.cpp:130] Transform time: 31.252 ms.
I0418 09:17:53.397575  7952 caffe.cpp:314] Batch 4046, accuracy1+2 = 1
I0418 09:17:53.397575  7952 caffe.cpp:314] Batch 4046, accuracy1+2+3 = 1
I0418 09:17:53.522581  6080 data_layer.cpp:128] Prefetch batch: 125 ms.
I0418 09:17:53.522581  6080 data_layer.cpp:129]      Read time: 93.762 ms.
I0418 09:17:53.522581  6080 data_layer.cpp:130] Transform time: 31.244 ms.
I0418 09:17:54.366365  7952 caffe.cpp:314] Batch 4047, accuracy1+2 = 1
I0418 09:17:54.366365  7952 caffe.cpp:314] Batch 4047, accuracy1+2+3 = 1
I0418 09:17:54.475749  6080 data_layer.cpp:128] Prefetch batch: 109 ms.
I0418 09:17:54.475749  6080 data_layer.cpp:129]      Read time: 15.626 ms.
I0418 09:17:54.475749  6080 data_layer.cpp:130] Transform time: 93.757 ms.
I0418 09:17:55.350782  7952 caffe.cpp:314] Batch 4048, accuracy1+2 = 1
I0418 09:17:55.350782  7952 caffe.cpp:314] Batch 4048, accuracy1+2+3 = 1
I0418 09:17:55.475788  6080 data_layer.cpp:128] Prefetch batch: 125 ms.
I0418 09:17:55.475788  6080 data_layer.cpp:129]      Read time: 78.128 ms.
I0418 09:17:55.475788  6080 data_layer.cpp:130] Transform time: 46.878 ms.
I0418 09:17:56.319571  7952 caffe.cpp:314] Batch 4049, accuracy1+2 = 1
I0418 09:17:56.319571  7952 caffe.cpp:314] Batch 4049, accuracy1+2+3 = 1
I0418 09:17:56.444572  6080 data_layer.cpp:128] Prefetch batch: 125 ms.
I0418 09:17:56.444572  6080 data_layer.cpp:129]      Read time: 93.751 ms.
I0418 09:17:56.444572  6080 data_layer.cpp:130] Transform time: 31.251 ms.
I0418 09:17:57.288354  7952 caffe.cpp:314] Batch 4050, accuracy1+2 = 1
I0418 09:17:57.288354  7952 caffe.cpp:314] Batch 4050, accuracy1+2+3 = 1
I0418 09:17:57.413364  6080 data_layer.cpp:128] Prefetch batch: 125 ms.
I0418 09:17:57.413364  6080 data_layer.cpp:129]      Read time: 93.757 ms.
I0418 09:17:57.413364  6080 data_layer.cpp:130] Transform time: 31.253 ms.
I0418 09:17:58.272759  7952 caffe.cpp:314] Batch 4051, accuracy1+2 = 1
I0418 09:17:58.272759  7952 caffe.cpp:314] Batch 4051, accuracy1+2+3 = 1
I0418 09:17:58.366524  6080 data_layer.cpp:128] Prefetch batch: 93 ms.
I0418 09:17:58.366524  6080 data_layer.cpp:129]      Read time: 0 ms.
I0418 09:17:58.366524  6080 data_layer.cpp:130] Transform time: 93.765 ms.
I0418 09:17:59.241559  7952 caffe.cpp:314] Batch 4052, accuracy1+2 = 1
I0418 09:17:59.241559  7952 caffe.cpp:314] Batch 4052, accuracy1+2+3 = 1
I0418 09:17:59.444690  6080 data_layer.cpp:128] Prefetch batch: 203 ms.
I0418 09:17:59.444690  6080 data_layer.cpp:129]      Read time: 171.883 ms.
I0418 09:17:59.444690  6080 data_layer.cpp:130] Transform time: 31.248 ms.
I0418 09:18:00.225971  7952 caffe.cpp:314] Batch 4053, accuracy1+2 = 1
I0418 09:18:00.225971  7952 caffe.cpp:314] Batch 4053, accuracy1+2+3 = 1
I0418 09:18:00.319723  6080 data_layer.cpp:128] Prefetch batch: 93 ms.
I0418 09:18:00.319723  6080 data_layer.cpp:129]      Read time: 0 ms.
I0418 09:18:00.319723  6080 data_layer.cpp:130] Transform time: 93.752 ms.
I0418 09:18:01.194758  7952 caffe.cpp:314] Batch 4054, accuracy1+2 = 0
I0418 09:18:01.194758  7952 caffe.cpp:314] Batch 4054, accuracy1+2+3 = 0
I0418 09:18:01.319766  6080 data_layer.cpp:128] Prefetch batch: 125 ms.
I0418 09:18:01.319766  6080 data_layer.cpp:129]      Read time: 93.755 ms.
I0418 09:18:01.319766  6080 data_layer.cpp:130] Transform time: 31.252 ms.
I0418 09:18:02.163544  7952 caffe.cpp:314] Batch 4055, accuracy1+2 = 1
I0418 09:18:02.163544  7952 caffe.cpp:314] Batch 4055, accuracy1+2+3 = 1
I0418 09:18:02.288552  6080 data_layer.cpp:128] Prefetch batch: 125 ms.
I0418 09:18:02.288552  6080 data_layer.cpp:129]      Read time: 93.758 ms.
I0418 09:18:02.288552  6080 data_layer.cpp:130] Transform time: 31.249 ms.
I0418 09:18:03.132333  7952 caffe.cpp:314] Batch 4056, accuracy1+2 = 0
I0418 09:18:03.132333  7952 caffe.cpp:314] Batch 4056, accuracy1+2+3 = 0
I0418 09:18:03.257338  6080 data_layer.cpp:128] Prefetch batch: 125 ms.
I0418 09:18:03.257338  6080 data_layer.cpp:129]      Read time: 93.761 ms.
I0418 09:18:03.257338  6080 data_layer.cpp:130] Transform time: 31.244 ms.
I0418 09:18:04.116749  7952 caffe.cpp:314] Batch 4057, accuracy1+2 = 1
I0418 09:18:04.116749  7952 caffe.cpp:314] Batch 4057, accuracy1+2+3 = 1
I0418 09:18:04.210500  6080 data_layer.cpp:128] Prefetch batch: 93 ms.
I0418 09:18:04.210500  6080 data_layer.cpp:129]      Read time: 0 ms.
I0418 09:18:04.210500  6080 data_layer.cpp:130] Transform time: 93.751 ms.
I0418 09:18:05.085537  7952 caffe.cpp:314] Batch 4058, accuracy1+2 = 0
I0418 09:18:05.085537  7952 caffe.cpp:314] Batch 4058, accuracy1+2+3 = 0
I0418 09:18:05.210539  6080 data_layer.cpp:128] Prefetch batch: 125 ms.
I0418 09:18:05.210539  6080 data_layer.cpp:129]      Read time: 93.751 ms.
I0418 09:18:05.210539  6080 data_layer.cpp:130] Transform time: 31.251 ms.
I0418 09:18:06.054322  7952 caffe.cpp:314] Batch 4059, accuracy1+2 = 1
I0418 09:18:06.054322  7952 caffe.cpp:314] Batch 4059, accuracy1+2+3 = 1
I0418 09:18:06.179327  6080 data_layer.cpp:128] Prefetch batch: 125 ms.
I0418 09:18:06.179327  6080 data_layer.cpp:129]      Read time: 93.759 ms.
I0418 09:18:06.179327  6080 data_layer.cpp:130] Transform time: 31.246 ms.
I0418 09:18:07.023114  7952 caffe.cpp:314] Batch 4060, accuracy1+2 = 0
I0418 09:18:07.023114  7952 caffe.cpp:314] Batch 4060, accuracy1+2+3 = 0
I0418 09:18:07.163748  6080 data_layer.cpp:128] Prefetch batch: 140 ms.
I0418 09:18:07.163748  6080 data_layer.cpp:129]      Read time: 93.751 ms.
I0418 09:18:07.163748  6080 data_layer.cpp:130] Transform time: 46.882 ms.
I0418 09:18:08.007530  7952 caffe.cpp:314] Batch 4061, accuracy1+2 = 1
I0418 09:18:08.007530  7952 caffe.cpp:314] Batch 4061, accuracy1+2+3 = 1
I0418 09:18:08.132531  6080 data_layer.cpp:128] Prefetch batch: 125 ms.
I0418 09:18:08.132531  6080 data_layer.cpp:129]      Read time: 93.746 ms.
I0418 09:18:08.132531  6080 data_layer.cpp:130] Transform time: 31.255 ms.
I0418 09:18:08.991930  7952 caffe.cpp:314] Batch 4062, accuracy1+2 = 1
I0418 09:18:08.991930  7952 caffe.cpp:314] Batch 4062, accuracy1+2+3 = 1
I0418 09:18:09.101318  6080 data_layer.cpp:128] Prefetch batch: 109 ms.
I0418 09:18:09.101318  6080 data_layer.cpp:129]      Read time: 0 ms.
I0418 09:18:09.101318  6080 data_layer.cpp:130] Transform time: 109.389 ms.
I0418 09:18:10.007599  7952 caffe.cpp:314] Batch 4063, accuracy1+2 = 1
I0418 09:18:10.007599  7952 caffe.cpp:314] Batch 4063, accuracy1+2+3 = 1
I0418 09:18:10.132608  6080 data_layer.cpp:128] Prefetch batch: 125 ms.
I0418 09:18:10.132608  6080 data_layer.cpp:129]      Read time: 93.757 ms.
I0418 09:18:10.132608  6080 data_layer.cpp:130] Transform time: 31.252 ms.
I0418 09:18:10.992015  7952 caffe.cpp:314] Batch 4064, accuracy1+2 = 1
I0418 09:18:10.992015  7952 caffe.cpp:314] Batch 4064, accuracy1+2+3 = 1
I0418 09:18:11.117027  6080 data_layer.cpp:128] Prefetch batch: 125 ms.
I0418 09:18:11.117027  6080 data_layer.cpp:129]      Read time: 93.758 ms.
I0418 09:18:11.117027  6080 data_layer.cpp:130] Transform time: 31.253 ms.
I0418 09:18:11.976433  7952 caffe.cpp:314] Batch 4065, accuracy1+2 = 1
I0418 09:18:11.976433  7952 caffe.cpp:314] Batch 4065, accuracy1+2+3 = 1
I0418 09:18:12.070188  6080 data_layer.cpp:128] Prefetch batch: 93 ms.
I0418 09:18:12.070188  6080 data_layer.cpp:129]      Read time: 0 ms.
I0418 09:18:12.070188  6080 data_layer.cpp:130] Transform time: 93.755 ms.
I0418 09:18:12.945220  7952 caffe.cpp:314] Batch 4066, accuracy1+2 = 0
I0418 09:18:12.945220  7952 caffe.cpp:314] Batch 4066, accuracy1+2+3 = 0
I0418 09:18:13.070225  6080 data_layer.cpp:128] Prefetch batch: 125 ms.
I0418 09:18:13.070225  6080 data_layer.cpp:129]      Read time: 93.752 ms.
I0418 09:18:13.070225  6080 data_layer.cpp:130] Transform time: 31.252 ms.
I0418 09:18:13.914008  7952 caffe.cpp:314] Batch 4067, accuracy1+2 = 1
I0418 09:18:13.914008  7952 caffe.cpp:314] Batch 4067, accuracy1+2+3 = 1
I0418 09:18:14.039003  6080 data_layer.cpp:128] Prefetch batch: 124 ms.
I0418 09:18:14.039003  6080 data_layer.cpp:129]      Read time: 93.755 ms.
I0418 09:18:14.039003  6080 data_layer.cpp:130] Transform time: 31.24 ms.
I0418 09:18:14.898421  7952 caffe.cpp:314] Batch 4068, accuracy1+2 = 0
I0418 09:18:14.898421  7952 caffe.cpp:314] Batch 4068, accuracy1+2+3 = 0
I0418 09:18:15.023429  6080 data_layer.cpp:128] Prefetch batch: 125 ms.
I0418 09:18:15.023429  6080 data_layer.cpp:129]      Read time: 78.129 ms.
I0418 09:18:15.023429  6080 data_layer.cpp:130] Transform time: 46.88 ms.
I0418 09:18:15.867213  7952 caffe.cpp:314] Batch 4069, accuracy1+2 = 0
I0418 09:18:15.867213  7952 caffe.cpp:314] Batch 4069, accuracy1+2+3 = 0
I0418 09:18:15.992211  6080 data_layer.cpp:128] Prefetch batch: 124 ms.
I0418 09:18:15.992211  6080 data_layer.cpp:129]      Read time: 93.752 ms.
I0418 09:18:15.992211  6080 data_layer.cpp:130] Transform time: 31.246 ms.
I0418 09:18:16.836001  7952 caffe.cpp:314] Batch 4070, accuracy1+2 = 1
I0418 09:18:16.836001  7952 caffe.cpp:314] Batch 4070, accuracy1+2+3 = 1
I0418 09:18:16.945375  6080 data_layer.cpp:128] Prefetch batch: 109 ms.
I0418 09:18:16.945375  6080 data_layer.cpp:129]      Read time: 0 ms.
I0418 09:18:16.945375  6080 data_layer.cpp:130] Transform time: 109.374 ms.
I0418 09:18:17.804782  7952 caffe.cpp:314] Batch 4071, accuracy1+2 = 0
I0418 09:18:17.804782  7952 caffe.cpp:314] Batch 4071, accuracy1+2+3 = 0
I0418 09:18:17.929787  6080 data_layer.cpp:128] Prefetch batch: 125 ms.
I0418 09:18:17.929787  6080 data_layer.cpp:129]      Read time: 93.757 ms.
I0418 09:18:17.945416  6080 data_layer.cpp:130] Transform time: 31.248 ms.
I0418 09:18:18.789198  7952 caffe.cpp:314] Batch 4072, accuracy1+2 = 0
I0418 09:18:18.789198  7952 caffe.cpp:314] Batch 4072, accuracy1+2+3 = 0
I0418 09:18:18.914204  6080 data_layer.cpp:128] Prefetch batch: 125 ms.
I0418 09:18:18.914204  6080 data_layer.cpp:129]      Read time: 78.132 ms.
I0418 09:18:18.914204  6080 data_layer.cpp:130] Transform time: 46.874 ms.
I0418 09:18:19.757984  7952 caffe.cpp:314] Batch 4073, accuracy1+2 = 1
I0418 09:18:19.757984  7952 caffe.cpp:314] Batch 4073, accuracy1+2+3 = 1
I0418 09:18:19.882995  6080 data_layer.cpp:128] Prefetch batch: 125 ms.
I0418 09:18:19.882995  6080 data_layer.cpp:129]      Read time: 93.754 ms.
I0418 09:18:19.882995  6080 data_layer.cpp:130] Transform time: 31.257 ms.
I0418 09:18:20.726775  7952 caffe.cpp:314] Batch 4074, accuracy1+2 = 1
I0418 09:18:20.726775  7952 caffe.cpp:314] Batch 4074, accuracy1+2+3 = 1
I0418 09:18:20.851779  6080 data_layer.cpp:128] Prefetch batch: 125 ms.
I0418 09:18:20.851779  6080 data_layer.cpp:129]      Read time: 93.755 ms.
I0418 09:18:20.851779  6080 data_layer.cpp:130] Transform time: 31.249 ms.
I0418 09:18:21.711190  7952 caffe.cpp:314] Batch 4075, accuracy1+2 = 1
I0418 09:18:21.711190  7952 caffe.cpp:314] Batch 4075, accuracy1+2+3 = 1
I0418 09:18:21.804942  6080 data_layer.cpp:128] Prefetch batch: 93 ms.
I0418 09:18:21.804942  6080 data_layer.cpp:129]      Read time: 0 ms.
I0418 09:18:21.804942  6080 data_layer.cpp:130] Transform time: 93.752 ms.
I0418 09:18:22.679981  7952 caffe.cpp:314] Batch 4076, accuracy1+2 = 1
I0418 09:18:22.679981  7952 caffe.cpp:314] Batch 4076, accuracy1+2+3 = 1
I0418 09:18:22.804983  6080 data_layer.cpp:128] Prefetch batch: 125 ms.
I0418 09:18:22.804983  6080 data_layer.cpp:129]      Read time: 93.739 ms.
I0418 09:18:22.804983  6080 data_layer.cpp:130] Transform time: 31.263 ms.
I0418 09:18:23.648764  7952 caffe.cpp:314] Batch 4077, accuracy1+2 = 0
I0418 09:18:23.648764  7952 caffe.cpp:314] Batch 4077, accuracy1+2+3 = 1
I0418 09:18:23.773766  6080 data_layer.cpp:128] Prefetch batch: 125 ms.
I0418 09:18:23.773766  6080 data_layer.cpp:129]      Read time: 93.762 ms.
I0418 09:18:23.773766  6080 data_layer.cpp:130] Transform time: 31.24 ms.
I0418 09:18:24.617558  7952 caffe.cpp:314] Batch 4078, accuracy1+2 = 1
I0418 09:18:24.617558  7952 caffe.cpp:314] Batch 4078, accuracy1+2+3 = 1
I0418 09:18:24.758183  6080 data_layer.cpp:128] Prefetch batch: 124 ms.
I0418 09:18:24.758183  6080 data_layer.cpp:129]      Read time: 78.12 ms.
I0418 09:18:24.758183  6080 data_layer.cpp:130] Transform time: 46.878 ms.
I0418 09:18:25.601966  7952 caffe.cpp:314] Batch 4079, accuracy1+2 = 1
I0418 09:18:25.601966  7952 caffe.cpp:314] Batch 4079, accuracy1+2+3 = 1
I0418 09:18:25.695716  6080 data_layer.cpp:128] Prefetch batch: 93 ms.
I0418 09:18:25.695716  6080 data_layer.cpp:129]      Read time: 0 ms.
I0418 09:18:25.695716  6080 data_layer.cpp:130] Transform time: 93.75 ms.
I0418 09:18:26.570755  7952 caffe.cpp:314] Batch 4080, accuracy1+2 = 1
I0418 09:18:26.570755  7952 caffe.cpp:314] Batch 4080, accuracy1+2+3 = 1
I0418 09:18:26.695758  6080 data_layer.cpp:128] Prefetch batch: 125 ms.
I0418 09:18:26.695758  6080 data_layer.cpp:129]      Read time: 93.752 ms.
I0418 09:18:26.695758  6080 data_layer.cpp:130] Transform time: 31.251 ms.
I0418 09:18:27.539542  7952 caffe.cpp:314] Batch 4081, accuracy1+2 = 0
I0418 09:18:27.539542  7952 caffe.cpp:314] Batch 4081, accuracy1+2+3 = 0
I0418 09:18:27.664551  6080 data_layer.cpp:128] Prefetch batch: 125 ms.
I0418 09:18:27.664551  6080 data_layer.cpp:129]      Read time: 93.751 ms.
I0418 09:18:27.664551  6080 data_layer.cpp:130] Transform time: 31.258 ms.
I0418 09:18:28.523959  7952 caffe.cpp:314] Batch 4082, accuracy1+2 = 0
I0418 09:18:28.523959  7952 caffe.cpp:314] Batch 4082, accuracy1+2+3 = 0
I0418 09:18:28.648960  6080 data_layer.cpp:128] Prefetch batch: 125 ms.
I0418 09:18:28.648960  6080 data_layer.cpp:129]      Read time: 78.128 ms.
I0418 09:18:28.648960  6080 data_layer.cpp:130] Transform time: 46.873 ms.
I0418 09:18:29.492745  7952 caffe.cpp:314] Batch 4083, accuracy1+2 = 1
I0418 09:18:29.492745  7952 caffe.cpp:314] Batch 4083, accuracy1+2+3 = 1
I0418 09:18:29.617748  6080 data_layer.cpp:128] Prefetch batch: 125 ms.
I0418 09:18:29.617748  6080 data_layer.cpp:129]      Read time: 93.749 ms.
I0418 09:18:29.617748  6080 data_layer.cpp:130] Transform time: 31.254 ms.
I0418 09:18:30.461535  7952 caffe.cpp:314] Batch 4084, accuracy1+2 = 1
I0418 09:18:30.461535  7952 caffe.cpp:314] Batch 4084, accuracy1+2+3 = 1
I0418 09:18:30.570912  6080 data_layer.cpp:128] Prefetch batch: 109 ms.
I0418 09:18:30.570912  6080 data_layer.cpp:129]      Read time: 0 ms.
I0418 09:18:30.570912  6080 data_layer.cpp:130] Transform time: 109.377 ms.
I0418 09:18:31.445950  7952 caffe.cpp:314] Batch 4085, accuracy1+2 = 0
I0418 09:18:31.445950  7952 caffe.cpp:314] Batch 4085, accuracy1+2+3 = 1
I0418 09:18:31.570953  6080 data_layer.cpp:128] Prefetch batch: 125 ms.
I0418 09:18:31.570953  6080 data_layer.cpp:129]      Read time: 78.126 ms.
I0418 09:18:31.570953  6080 data_layer.cpp:130] Transform time: 46.878 ms.
I0418 09:18:32.414733  7952 caffe.cpp:314] Batch 4086, accuracy1+2 = 1
I0418 09:18:32.414733  7952 caffe.cpp:314] Batch 4086, accuracy1+2+3 = 1
I0418 09:18:32.539741  6080 data_layer.cpp:128] Prefetch batch: 125 ms.
I0418 09:18:32.539741  6080 data_layer.cpp:129]      Read time: 93.744 ms.
I0418 09:18:32.539741  6080 data_layer.cpp:130] Transform time: 31.263 ms.
I0418 09:18:33.383522  7952 caffe.cpp:314] Batch 4087, accuracy1+2 = 1
I0418 09:18:33.383522  7952 caffe.cpp:314] Batch 4087, accuracy1+2+3 = 1
I0418 09:18:33.508525  6080 data_layer.cpp:128] Prefetch batch: 125 ms.
I0418 09:18:33.508525  6080 data_layer.cpp:129]      Read time: 93.758 ms.
I0418 09:18:33.508525  6080 data_layer.cpp:130] Transform time: 31.246 ms.
I0418 09:18:34.352311  7952 caffe.cpp:314] Batch 4088, accuracy1+2 = 0
I0418 09:18:34.352311  7952 caffe.cpp:314] Batch 4088, accuracy1+2+3 = 0
I0418 09:18:34.492940  6080 data_layer.cpp:128] Prefetch batch: 140 ms.
I0418 09:18:34.492940  6080 data_layer.cpp:129]      Read time: 93.753 ms.
I0418 09:18:34.492940  6080 data_layer.cpp:130] Transform time: 46.876 ms.
I0418 09:18:35.336722  7952 caffe.cpp:314] Batch 4089, accuracy1+2 = 1
I0418 09:18:35.336722  7952 caffe.cpp:314] Batch 4089, accuracy1+2+3 = 1
I0418 09:18:35.430480  6080 data_layer.cpp:128] Prefetch batch: 93 ms.
I0418 09:18:35.430480  6080 data_layer.cpp:129]      Read time: 0 ms.
I0418 09:18:35.430480  6080 data_layer.cpp:130] Transform time: 93.758 ms.
I0418 09:18:36.305510  7952 caffe.cpp:314] Batch 4090, accuracy1+2 = 1
I0418 09:18:36.305510  7952 caffe.cpp:314] Batch 4090, accuracy1+2+3 = 1
I0418 09:18:36.430519  6080 data_layer.cpp:128] Prefetch batch: 125 ms.
I0418 09:18:36.430519  6080 data_layer.cpp:129]      Read time: 93.751 ms.
I0418 09:18:36.430519  6080 data_layer.cpp:130] Transform time: 31.258 ms.
I0418 09:18:37.274298  7952 caffe.cpp:314] Batch 4091, accuracy1+2 = 0
I0418 09:18:37.274298  7952 caffe.cpp:314] Batch 4091, accuracy1+2+3 = 0
I0418 09:18:37.399308  6080 data_layer.cpp:128] Prefetch batch: 125 ms.
I0418 09:18:37.399308  6080 data_layer.cpp:129]      Read time: 93.751 ms.
I0418 09:18:37.399308  6080 data_layer.cpp:130] Transform time: 31.259 ms.
I0418 09:18:38.243088  7952 caffe.cpp:314] Batch 4092, accuracy1+2 = 1
I0418 09:18:38.243088  7952 caffe.cpp:314] Batch 4092, accuracy1+2+3 = 1
I0418 09:18:38.383714  6080 data_layer.cpp:128] Prefetch batch: 140 ms.
I0418 09:18:38.383714  6080 data_layer.cpp:129]      Read time: 93.754 ms.
I0418 09:18:38.383714  6080 data_layer.cpp:130] Transform time: 46.873 ms.
I0418 09:18:39.227501  7952 caffe.cpp:314] Batch 4093, accuracy1+2 = 1
I0418 09:18:39.227501  7952 caffe.cpp:314] Batch 4093, accuracy1+2+3 = 1
I0418 09:18:39.352505  6080 data_layer.cpp:128] Prefetch batch: 125 ms.
I0418 09:18:39.352505  6080 data_layer.cpp:129]      Read time: 93.754 ms.
I0418 09:18:39.352505  6080 data_layer.cpp:130] Transform time: 31.25 ms.
I0418 09:18:40.196290  7952 caffe.cpp:314] Batch 4094, accuracy1+2 = 1
I0418 09:18:40.196290  7952 caffe.cpp:314] Batch 4094, accuracy1+2+3 = 1
I0418 09:18:40.305668  6080 data_layer.cpp:128] Prefetch batch: 109 ms.
I0418 09:18:40.305668  6080 data_layer.cpp:129]      Read time: 15.622 ms.
I0418 09:18:40.305668  6080 data_layer.cpp:130] Transform time: 93.757 ms.
I0418 09:18:41.211963  7952 caffe.cpp:314] Batch 4095, accuracy1+2 = 0
I0418 09:18:41.211963  7952 caffe.cpp:314] Batch 4095, accuracy1+2+3 = 0
I0418 09:18:41.336953  6080 data_layer.cpp:128] Prefetch batch: 124 ms.
I0418 09:18:41.336953  6080 data_layer.cpp:129]      Read time: 78.149 ms.
I0418 09:18:41.336953  6080 data_layer.cpp:130] Transform time: 46.841 ms.
I0418 09:18:42.180743  7952 caffe.cpp:314] Batch 4096, accuracy1+2 = 1
I0418 09:18:42.180743  7952 caffe.cpp:314] Batch 4096, accuracy1+2+3 = 1
I0418 09:18:42.305745  6080 data_layer.cpp:128] Prefetch batch: 125 ms.
I0418 09:18:42.305745  6080 data_layer.cpp:129]      Read time: 93.761 ms.
I0418 09:18:42.305745  6080 data_layer.cpp:130] Transform time: 31.241 ms.
I0418 09:18:43.165153  7952 caffe.cpp:314] Batch 4097, accuracy1+2 = 0
I0418 09:18:43.165153  7952 caffe.cpp:314] Batch 4097, accuracy1+2+3 = 0
I0418 09:18:43.290163  6080 data_layer.cpp:128] Prefetch batch: 125 ms.
I0418 09:18:43.290163  6080 data_layer.cpp:129]      Read time: 78.132 ms.
I0418 09:18:43.290163  6080 data_layer.cpp:130] Transform time: 46.879 ms.
I0418 09:18:44.133940  7952 caffe.cpp:314] Batch 4098, accuracy1+2 = 0
I0418 09:18:44.133940  7952 caffe.cpp:314] Batch 4098, accuracy1+2+3 = 1
I0418 09:18:44.258946  6080 data_layer.cpp:128] Prefetch batch: 125 ms.
I0418 09:18:44.258946  6080 data_layer.cpp:129]      Read time: 93.762 ms.
I0418 09:18:44.258946  6080 data_layer.cpp:130] Transform time: 31.244 ms.
I0418 09:18:45.102736  7952 caffe.cpp:314] Batch 4099, accuracy1+2 = 0
I0418 09:18:45.102736  7952 caffe.cpp:314] Batch 4099, accuracy1+2+3 = 0
I0418 09:18:45.212115  6080 data_layer.cpp:128] Prefetch batch: 109 ms.
I0418 09:18:45.212115  6080 data_layer.cpp:129]      Read time: 0 ms.
I0418 09:18:45.212115  6080 data_layer.cpp:130] Transform time: 109.378 ms.
I0418 09:18:46.087146  7952 caffe.cpp:314] Batch 4100, accuracy1+2 = 1
I0418 09:18:46.087146  7952 caffe.cpp:314] Batch 4100, accuracy1+2+3 = 1
I0418 09:18:46.212149  6080 data_layer.cpp:128] Prefetch batch: 125 ms.
I0418 09:18:46.212149  6080 data_layer.cpp:129]      Read time: 78.124 ms.
I0418 09:18:46.212149  6080 data_layer.cpp:130] Transform time: 46.879 ms.
I0418 09:18:47.087182  7952 caffe.cpp:314] Batch 4101, accuracy1+2 = 0
I0418 09:18:47.087182  7952 caffe.cpp:314] Batch 4101, accuracy1+2+3 = 0
I0418 09:18:47.212218  6080 data_layer.cpp:128] Prefetch batch: 125 ms.
I0418 09:18:47.212218  6080 data_layer.cpp:129]      Read time: 78.159 ms.
I0418 09:18:47.212218  6080 data_layer.cpp:130] Transform time: 46.878 ms.
I0418 09:18:48.087213  7952 caffe.cpp:314] Batch 4102, accuracy1+2 = 0
I0418 09:18:48.087213  7952 caffe.cpp:314] Batch 4102, accuracy1+2+3 = 0
I0418 09:18:48.227849  6080 data_layer.cpp:128] Prefetch batch: 140 ms.
I0418 09:18:48.227849  6080 data_layer.cpp:129]      Read time: 46.877 ms.
I0418 09:18:48.227849  6080 data_layer.cpp:130] Transform time: 93.758 ms.
I0418 09:18:49.102876  7952 caffe.cpp:314] Batch 4103, accuracy1+2 = 1
I0418 09:18:49.102876  7952 caffe.cpp:314] Batch 4103, accuracy1+2+3 = 1
I0418 09:18:49.259145  6080 data_layer.cpp:128] Prefetch batch: 156 ms.
I0418 09:18:49.259145  6080 data_layer.cpp:129]      Read time: 140.642 ms.
I0418 09:18:49.259145  6080 data_layer.cpp:130] Transform time: 15.627 ms.
I0418 09:18:50.087302  7952 caffe.cpp:314] Batch 4104, accuracy1+2 = 0
I0418 09:18:50.087302  7952 caffe.cpp:314] Batch 4104, accuracy1+2+3 = 1
I0418 09:18:50.181057  6080 data_layer.cpp:128] Prefetch batch: 93 ms.
I0418 09:18:50.181057  6080 data_layer.cpp:129]      Read time: 0 ms.
I0418 09:18:50.181057  6080 data_layer.cpp:130] Transform time: 93.755 ms.
I0418 09:18:51.056093  7952 caffe.cpp:314] Batch 4105, accuracy1+2 = 1
I0418 09:18:51.056093  7952 caffe.cpp:314] Batch 4105, accuracy1+2+3 = 1
I0418 09:18:51.181092  6080 data_layer.cpp:128] Prefetch batch: 124 ms.
I0418 09:18:51.181092  6080 data_layer.cpp:129]      Read time: 93.75 ms.
I0418 09:18:51.181092  6080 data_layer.cpp:130] Transform time: 31.249 ms.
I0418 09:18:52.024878  7952 caffe.cpp:314] Batch 4106, accuracy1+2 = 1
I0418 09:18:52.024878  7952 caffe.cpp:314] Batch 4106, accuracy1+2+3 = 1
I0418 09:18:52.149885  6080 data_layer.cpp:128] Prefetch batch: 125 ms.
I0418 09:18:52.149885  6080 data_layer.cpp:129]      Read time: 93.752 ms.
I0418 09:18:52.149885  6080 data_layer.cpp:130] Transform time: 31.255 ms.
I0418 09:18:53.009292  7952 caffe.cpp:314] Batch 4107, accuracy1+2 = 0
I0418 09:18:53.009292  7952 caffe.cpp:314] Batch 4107, accuracy1+2+3 = 0
I0418 09:18:53.103042  6080 data_layer.cpp:128] Prefetch batch: 93 ms.
I0418 09:18:53.103042  6080 data_layer.cpp:129]      Read time: 0 ms.
I0418 09:18:53.103042  6080 data_layer.cpp:130] Transform time: 93.75 ms.
I0418 09:18:53.978076  7952 caffe.cpp:314] Batch 4108, accuracy1+2 = 1
I0418 09:18:53.978076  7952 caffe.cpp:314] Batch 4108, accuracy1+2+3 = 1
I0418 09:18:54.103082  6080 data_layer.cpp:128] Prefetch batch: 125 ms.
I0418 09:18:54.103082  6080 data_layer.cpp:129]      Read time: 93.76 ms.
I0418 09:18:54.103082  6080 data_layer.cpp:130] Transform time: 31.246 ms.
I0418 09:18:54.946871  7952 caffe.cpp:314] Batch 4109, accuracy1+2 = 1
I0418 09:18:54.946871  7952 caffe.cpp:314] Batch 4109, accuracy1+2+3 = 1
I0418 09:18:55.071869  6080 data_layer.cpp:128] Prefetch batch: 124 ms.
I0418 09:18:55.071869  6080 data_layer.cpp:129]      Read time: 93.747 ms.
I0418 09:18:55.071869  6080 data_layer.cpp:130] Transform time: 31.251 ms.
I0418 09:18:55.915659  7952 caffe.cpp:314] Batch 4110, accuracy1+2 = 1
I0418 09:18:55.915659  7952 caffe.cpp:314] Batch 4110, accuracy1+2+3 = 1
I0418 09:18:56.025038  6080 data_layer.cpp:128] Prefetch batch: 109 ms.
I0418 09:18:56.025038  6080 data_layer.cpp:129]      Read time: 0 ms.
I0418 09:18:56.025038  6080 data_layer.cpp:130] Transform time: 109.379 ms.
I0418 09:18:56.900070  7952 caffe.cpp:314] Batch 4111, accuracy1+2 = 1
I0418 09:18:56.900070  7952 caffe.cpp:314] Batch 4111, accuracy1+2+3 = 1
I0418 09:18:57.025076  6080 data_layer.cpp:128] Prefetch batch: 125 ms.
I0418 09:18:57.025076  6080 data_layer.cpp:129]      Read time: 78.125 ms.
I0418 09:18:57.025076  6080 data_layer.cpp:130] Transform time: 46.881 ms.
I0418 09:18:57.868860  7952 caffe.cpp:314] Batch 4112, accuracy1+2 = 1
I0418 09:18:57.868860  7952 caffe.cpp:314] Batch 4112, accuracy1+2+3 = 1
I0418 09:18:57.993867  6080 data_layer.cpp:128] Prefetch batch: 125 ms.
I0418 09:18:57.993867  6080 data_layer.cpp:129]      Read time: 93.756 ms.
I0418 09:18:57.993867  6080 data_layer.cpp:130] Transform time: 31.252 ms.
I0418 09:18:58.837642  7952 caffe.cpp:314] Batch 4113, accuracy1+2 = 1
I0418 09:18:58.837642  7952 caffe.cpp:314] Batch 4113, accuracy1+2+3 = 1
I0418 09:18:58.962651  6080 data_layer.cpp:128] Prefetch batch: 125 ms.
I0418 09:18:58.962651  6080 data_layer.cpp:129]      Read time: 93.761 ms.
I0418 09:18:58.962651  6080 data_layer.cpp:130] Transform time: 31.248 ms.
I0418 09:18:59.822059  7952 caffe.cpp:314] Batch 4114, accuracy1+2 = 1
I0418 09:18:59.822059  7952 caffe.cpp:314] Batch 4114, accuracy1+2+3 = 1
I0418 09:18:59.947062  6080 data_layer.cpp:128] Prefetch batch: 125 ms.
I0418 09:18:59.947062  6080 data_layer.cpp:129]      Read time: 78.128 ms.
I0418 09:18:59.947062  6080 data_layer.cpp:130] Transform time: 46.875 ms.
I0418 09:19:00.790848  7952 caffe.cpp:314] Batch 4115, accuracy1+2 = 0
I0418 09:19:00.790848  7952 caffe.cpp:314] Batch 4115, accuracy1+2+3 = 0
I0418 09:19:00.915853  6080 data_layer.cpp:128] Prefetch batch: 125 ms.
I0418 09:19:00.915853  6080 data_layer.cpp:129]      Read time: 93.757 ms.
I0418 09:19:00.915853  6080 data_layer.cpp:130] Transform time: 31.248 ms.
I0418 09:19:01.759637  7952 caffe.cpp:314] Batch 4116, accuracy1+2 = 0
I0418 09:19:01.759637  7952 caffe.cpp:314] Batch 4116, accuracy1+2+3 = 0
I0418 09:19:02.009644  6080 data_layer.cpp:128] Prefetch batch: 250 ms.
I0418 09:19:02.009644  6080 data_layer.cpp:129]      Read time: 218.759 ms.
I0418 09:19:02.009644  6080 data_layer.cpp:130] Transform time: 31.248 ms.
I0418 09:19:02.744048  7952 caffe.cpp:314] Batch 4117, accuracy1+2 = 0
I0418 09:19:02.744048  7952 caffe.cpp:314] Batch 4117, accuracy1+2+3 = 0
I0418 09:19:02.837803  6080 data_layer.cpp:128] Prefetch batch: 93 ms.
I0418 09:19:02.837803  6080 data_layer.cpp:129]      Read time: 0 ms.
I0418 09:19:02.837803  6080 data_layer.cpp:130] Transform time: 93.755 ms.
I0418 09:19:03.712836  7952 caffe.cpp:314] Batch 4118, accuracy1+2 = 0
I0418 09:19:03.712836  7952 caffe.cpp:314] Batch 4118, accuracy1+2+3 = 0
I0418 09:19:03.837843  6080 data_layer.cpp:128] Prefetch batch: 125 ms.
I0418 09:19:03.837843  6080 data_layer.cpp:129]      Read time: 93.758 ms.
I0418 09:19:03.837843  6080 data_layer.cpp:130] Transform time: 31.249 ms.
I0418 09:19:04.681620  7952 caffe.cpp:314] Batch 4119, accuracy1+2 = 1
I0418 09:19:04.681620  7952 caffe.cpp:314] Batch 4119, accuracy1+2+3 = 1
I0418 09:19:04.806633  6080 data_layer.cpp:128] Prefetch batch: 125 ms.
I0418 09:19:04.806633  6080 data_layer.cpp:129]      Read time: 93.76 ms.
I0418 09:19:04.806633  6080 data_layer.cpp:130] Transform time: 31.253 ms.
I0418 09:19:05.666036  7952 caffe.cpp:314] Batch 4120, accuracy1+2 = 0
I0418 09:19:05.666036  7952 caffe.cpp:314] Batch 4120, accuracy1+2+3 = 0
I0418 09:19:05.791044  6080 data_layer.cpp:128] Prefetch batch: 125 ms.
I0418 09:19:05.791044  6080 data_layer.cpp:129]      Read time: 78.128 ms.
I0418 09:19:05.791044  6080 data_layer.cpp:130] Transform time: 46.88 ms.
I0418 09:19:06.634838  7952 caffe.cpp:314] Batch 4121, accuracy1+2 = 0
I0418 09:19:06.634838  7952 caffe.cpp:314] Batch 4121, accuracy1+2+3 = 0
I0418 09:19:06.759831  6080 data_layer.cpp:128] Prefetch batch: 124 ms.
I0418 09:19:06.759831  6080 data_layer.cpp:129]      Read time: 93.743 ms.
I0418 09:19:06.759831  6080 data_layer.cpp:130] Transform time: 31.25 ms.
I0418 09:19:07.603618  7952 caffe.cpp:314] Batch 4122, accuracy1+2 = 1
I0418 09:19:07.603618  7952 caffe.cpp:314] Batch 4122, accuracy1+2+3 = 1
I0418 09:19:07.712996  6080 data_layer.cpp:128] Prefetch batch: 109 ms.
I0418 09:19:07.712996  6080 data_layer.cpp:129]      Read time: 0 ms.
I0418 09:19:07.712996  6080 data_layer.cpp:130] Transform time: 109.377 ms.
I0418 09:19:08.572405  7952 caffe.cpp:314] Batch 4123, accuracy1+2 = 1
I0418 09:19:08.572405  7952 caffe.cpp:314] Batch 4123, accuracy1+2+3 = 1
I0418 09:19:08.697409  6080 data_layer.cpp:128] Prefetch batch: 125 ms.
I0418 09:19:08.697409  6080 data_layer.cpp:129]      Read time: 93.749 ms.
I0418 09:19:08.697409  6080 data_layer.cpp:130] Transform time: 31.255 ms.
I0418 09:19:09.556820  7952 caffe.cpp:314] Batch 4124, accuracy1+2 = 0
I0418 09:19:09.556820  7952 caffe.cpp:314] Batch 4124, accuracy1+2+3 = 0
I0418 09:19:09.681823  6080 data_layer.cpp:128] Prefetch batch: 125 ms.
I0418 09:19:09.681823  6080 data_layer.cpp:129]      Read time: 93.748 ms.
I0418 09:19:09.681823  6080 data_layer.cpp:130] Transform time: 31.255 ms.
I0418 09:19:10.541224  7952 caffe.cpp:314] Batch 4125, accuracy1+2 = 0
I0418 09:19:10.541224  7952 caffe.cpp:314] Batch 4125, accuracy1+2+3 = 1
I0418 09:19:10.666239  6080 data_layer.cpp:128] Prefetch batch: 125 ms.
I0418 09:19:10.666239  6080 data_layer.cpp:129]      Read time: 78.133 ms.
I0418 09:19:10.666239  6080 data_layer.cpp:130] Transform time: 46.882 ms.
I0418 09:19:11.510015  7952 caffe.cpp:314] Batch 4126, accuracy1+2 = 0
I0418 09:19:11.510015  7952 caffe.cpp:314] Batch 4126, accuracy1+2+3 = 0
I0418 09:19:11.635020  6080 data_layer.cpp:128] Prefetch batch: 125 ms.
I0418 09:19:11.635020  6080 data_layer.cpp:129]      Read time: 93.756 ms.
I0418 09:19:11.635020  6080 data_layer.cpp:130] Transform time: 31.249 ms.
I0418 09:19:12.478803  7952 caffe.cpp:314] Batch 4127, accuracy1+2 = 0
I0418 09:19:12.478803  7952 caffe.cpp:314] Batch 4127, accuracy1+2+3 = 0
I0418 09:19:12.588188  6080 data_layer.cpp:128] Prefetch batch: 109 ms.
I0418 09:19:12.588188  6080 data_layer.cpp:129]      Read time: 0 ms.
I0418 09:19:12.588188  6080 data_layer.cpp:130] Transform time: 109.385 ms.
I0418 09:19:13.447592  7952 caffe.cpp:314] Batch 4128, accuracy1+2 = 1
I0418 09:19:13.447592  7952 caffe.cpp:314] Batch 4128, accuracy1+2+3 = 1
I0418 09:19:13.572602  6080 data_layer.cpp:128] Prefetch batch: 125 ms.
I0418 09:19:13.572602  6080 data_layer.cpp:129]      Read time: 93.754 ms.
I0418 09:19:13.572602  6080 data_layer.cpp:130] Transform time: 31.256 ms.
I0418 09:19:14.432006  7952 caffe.cpp:314] Batch 4129, accuracy1+2 = 0
I0418 09:19:14.432006  7952 caffe.cpp:314] Batch 4129, accuracy1+2+3 = 0
I0418 09:19:14.557011  6080 data_layer.cpp:128] Prefetch batch: 125 ms.
I0418 09:19:14.557011  6080 data_layer.cpp:129]      Read time: 93.754 ms.
I0418 09:19:14.557011  6080 data_layer.cpp:130] Transform time: 31.251 ms.
I0418 09:19:15.400799  7952 caffe.cpp:314] Batch 4130, accuracy1+2 = 0
I0418 09:19:15.400799  7952 caffe.cpp:314] Batch 4130, accuracy1+2+3 = 0
I0418 09:19:15.525800  6080 data_layer.cpp:128] Prefetch batch: 125 ms.
I0418 09:19:15.525800  6080 data_layer.cpp:129]      Read time: 93.757 ms.
I0418 09:19:15.525800  6080 data_layer.cpp:130] Transform time: 31.245 ms.
I0418 09:19:16.369580  7952 caffe.cpp:314] Batch 4131, accuracy1+2 = 0
I0418 09:19:16.369580  7952 caffe.cpp:314] Batch 4131, accuracy1+2+3 = 0
I0418 09:19:16.494586  6080 data_layer.cpp:128] Prefetch batch: 125 ms.
I0418 09:19:16.494586  6080 data_layer.cpp:129]      Read time: 93.756 ms.
I0418 09:19:16.494586  6080 data_layer.cpp:130] Transform time: 31.251 ms.
I0418 09:19:17.354001  7952 caffe.cpp:314] Batch 4132, accuracy1+2 = 0
I0418 09:19:17.354001  7952 caffe.cpp:314] Batch 4132, accuracy1+2+3 = 0
I0418 09:19:17.447753  6080 data_layer.cpp:128] Prefetch batch: 93 ms.
I0418 09:19:17.447753  6080 data_layer.cpp:129]      Read time: 0 ms.
I0418 09:19:17.447753  6080 data_layer.cpp:130] Transform time: 93.753 ms.
I0418 09:19:18.322789  7952 caffe.cpp:314] Batch 4133, accuracy1+2 = 0
I0418 09:19:18.322789  7952 caffe.cpp:314] Batch 4133, accuracy1+2+3 = 0
I0418 09:19:18.447787  6080 data_layer.cpp:128] Prefetch batch: 124 ms.
I0418 09:19:18.447787  6080 data_layer.cpp:129]      Read time: 93.747 ms.
I0418 09:19:18.447787  6080 data_layer.cpp:130] Transform time: 31.25 ms.
I0418 09:19:19.291576  7952 caffe.cpp:314] Batch 4134, accuracy1+2 = 0
I0418 09:19:19.291576  7952 caffe.cpp:314] Batch 4134, accuracy1+2+3 = 0
I0418 09:19:19.416580  6080 data_layer.cpp:128] Prefetch batch: 125 ms.
I0418 09:19:19.416580  6080 data_layer.cpp:129]      Read time: 93.751 ms.
I0418 09:19:19.416580  6080 data_layer.cpp:130] Transform time: 31.253 ms.
I0418 09:19:20.275984  7952 caffe.cpp:314] Batch 4135, accuracy1+2 = 0
I0418 09:19:20.275984  7952 caffe.cpp:314] Batch 4135, accuracy1+2+3 = 0
I0418 09:19:20.400991  6080 data_layer.cpp:128] Prefetch batch: 125 ms.
I0418 09:19:20.400991  6080 data_layer.cpp:129]      Read time: 78.134 ms.
I0418 09:19:20.400991  6080 data_layer.cpp:130] Transform time: 46.874 ms.
I0418 09:19:21.244774  7952 caffe.cpp:314] Batch 4136, accuracy1+2 = 1
I0418 09:19:21.244774  7952 caffe.cpp:314] Batch 4136, accuracy1+2+3 = 1
I0418 09:19:21.369782  6080 data_layer.cpp:128] Prefetch batch: 125 ms.
I0418 09:19:21.369782  6080 data_layer.cpp:129]      Read time: 93.754 ms.
I0418 09:19:21.369782  6080 data_layer.cpp:130] Transform time: 31.254 ms.
I0418 09:19:22.213563  7952 caffe.cpp:314] Batch 4137, accuracy1+2 = 1
I0418 09:19:22.213563  7952 caffe.cpp:314] Batch 4137, accuracy1+2+3 = 1
I0418 09:19:22.338568  6080 data_layer.cpp:128] Prefetch batch: 125 ms.
I0418 09:19:22.338568  6080 data_layer.cpp:129]      Read time: 93.747 ms.
I0418 09:19:22.338568  6080 data_layer.cpp:130] Transform time: 31.258 ms.
I0418 09:19:23.182354  7952 caffe.cpp:314] Batch 4138, accuracy1+2 = 1
I0418 09:19:23.182354  7952 caffe.cpp:314] Batch 4138, accuracy1+2+3 = 1
I0418 09:19:23.322983  6080 data_layer.cpp:128] Prefetch batch: 140 ms.
I0418 09:19:23.322983  6080 data_layer.cpp:129]      Read time: 93.75 ms.
I0418 09:19:23.322983  6080 data_layer.cpp:130] Transform time: 46.879 ms.
I0418 09:19:24.166767  7952 caffe.cpp:314] Batch 4139, accuracy1+2 = 0
I0418 09:19:24.166767  7952 caffe.cpp:314] Batch 4139, accuracy1+2+3 = 0
I0418 09:19:24.260519  6080 data_layer.cpp:128] Prefetch batch: 93 ms.
I0418 09:19:24.260519  6080 data_layer.cpp:129]      Read time: 0 ms.
I0418 09:19:24.260519  6080 data_layer.cpp:130] Transform time: 93.752 ms.
I0418 09:19:25.166806  7952 caffe.cpp:314] Batch 4140, accuracy1+2 = 0
I0418 09:19:25.166806  7952 caffe.cpp:314] Batch 4140, accuracy1+2+3 = 0
I0418 09:19:25.291802  6080 data_layer.cpp:128] Prefetch batch: 124 ms.
I0418 09:19:25.291802  6080 data_layer.cpp:129]      Read time: 93.753 ms.
I0418 09:19:25.291802  6080 data_layer.cpp:130] Transform time: 31.243 ms.
I0418 09:19:26.166843  7952 caffe.cpp:314] Batch 4141, accuracy1+2 = 0
I0418 09:19:26.166843  7952 caffe.cpp:314] Batch 4141, accuracy1+2+3 = 0
I0418 09:19:26.291844  6080 data_layer.cpp:128] Prefetch batch: 125 ms.
I0418 09:19:26.291844  6080 data_layer.cpp:129]      Read time: 93.757 ms.
I0418 09:19:26.291844  6080 data_layer.cpp:130] Transform time: 31.244 ms.
I0418 09:19:27.151257  7952 caffe.cpp:314] Batch 4142, accuracy1+2 = 0
I0418 09:19:27.151257  7952 caffe.cpp:314] Batch 4142, accuracy1+2+3 = 0
I0418 09:19:27.276260  6080 data_layer.cpp:128] Prefetch batch: 125 ms.
I0418 09:19:27.276260  6080 data_layer.cpp:129]      Read time: 93.753 ms.
I0418 09:19:27.276260  6080 data_layer.cpp:130] Transform time: 31.25 ms.
I0418 09:19:28.120041  7952 caffe.cpp:314] Batch 4143, accuracy1+2 = 0
I0418 09:19:28.120041  7952 caffe.cpp:314] Batch 4143, accuracy1+2+3 = 0
I0418 09:19:28.229427  6080 data_layer.cpp:128] Prefetch batch: 109 ms.
I0418 09:19:28.229427  6080 data_layer.cpp:129]      Read time: 0 ms.
I0418 09:19:28.229427  6080 data_layer.cpp:130] Transform time: 109.386 ms.
I0418 09:19:29.088830  7952 caffe.cpp:314] Batch 4144, accuracy1+2 = 1
I0418 09:19:29.088830  7952 caffe.cpp:314] Batch 4144, accuracy1+2+3 = 1
I0418 09:19:29.229460  6080 data_layer.cpp:128] Prefetch batch: 140 ms.
I0418 09:19:29.229460  6080 data_layer.cpp:129]      Read time: 93.756 ms.
I0418 09:19:29.229460  6080 data_layer.cpp:130] Transform time: 46.873 ms.
I0418 09:19:30.073245  7952 caffe.cpp:314] Batch 4145, accuracy1+2 = 1
I0418 09:19:30.073245  7952 caffe.cpp:314] Batch 4145, accuracy1+2+3 = 0
I0418 09:19:30.198248  6080 data_layer.cpp:128] Prefetch batch: 125 ms.
I0418 09:19:30.198248  6080 data_layer.cpp:129]      Read time: 93.766 ms.
I0418 09:19:30.198248  6080 data_layer.cpp:130] Transform time: 31.238 ms.
I0418 09:19:31.042039  7952 caffe.cpp:314] Batch 4146, accuracy1+2 = 0
I0418 09:19:31.042039  7952 caffe.cpp:314] Batch 4146, accuracy1+2+3 = 0
I0418 09:19:31.167042  6080 data_layer.cpp:128] Prefetch batch: 125 ms.
I0418 09:19:31.167042  6080 data_layer.cpp:129]      Read time: 93.752 ms.
I0418 09:19:31.167042  6080 data_layer.cpp:130] Transform time: 31.25 ms.
I0418 09:19:32.010823  7952 caffe.cpp:314] Batch 4147, accuracy1+2 = 1
I0418 09:19:32.010823  7952 caffe.cpp:314] Batch 4147, accuracy1+2+3 = 1
I0418 09:19:32.135826  6080 data_layer.cpp:128] Prefetch batch: 125 ms.
I0418 09:19:32.135826  6080 data_layer.cpp:129]      Read time: 93.749 ms.
I0418 09:19:32.135826  6080 data_layer.cpp:130] Transform time: 31.254 ms.
I0418 09:19:32.995232  7952 caffe.cpp:314] Batch 4148, accuracy1+2 = 1
I0418 09:19:32.995232  7952 caffe.cpp:314] Batch 4148, accuracy1+2+3 = 1
I0418 09:19:33.120242  6080 data_layer.cpp:128] Prefetch batch: 125 ms.
I0418 09:19:33.120242  6080 data_layer.cpp:129]      Read time: 78.132 ms.
I0418 09:19:33.120242  6080 data_layer.cpp:130] Transform time: 46.878 ms.
I0418 09:19:33.964023  7952 caffe.cpp:314] Batch 4149, accuracy1+2 = 1
I0418 09:19:33.964023  7952 caffe.cpp:314] Batch 4149, accuracy1+2+3 = 1
I0418 09:19:34.073402  6080 data_layer.cpp:128] Prefetch batch: 109 ms.
I0418 09:19:34.073402  6080 data_layer.cpp:129]      Read time: 0 ms.
I0418 09:19:34.073402  6080 data_layer.cpp:130] Transform time: 109.379 ms.
I0418 09:19:34.932807  7952 caffe.cpp:314] Batch 4150, accuracy1+2 = 0
I0418 09:19:34.932807  7952 caffe.cpp:314] Batch 4150, accuracy1+2+3 = 0
I0418 09:19:35.057818  6080 data_layer.cpp:128] Prefetch batch: 125 ms.
I0418 09:19:35.057818  6080 data_layer.cpp:129]      Read time: 93.76 ms.
I0418 09:19:35.057818  6080 data_layer.cpp:130] Transform time: 31.251 ms.
I0418 09:19:35.901600  7952 caffe.cpp:314] Batch 4151, accuracy1+2 = 1
I0418 09:19:35.917224  7952 caffe.cpp:314] Batch 4151, accuracy1+2+3 = 1
I0418 09:19:36.042229  6080 data_layer.cpp:128] Prefetch batch: 125 ms.
I0418 09:19:36.042229  6080 data_layer.cpp:129]      Read time: 78.131 ms.
I0418 09:19:36.042229  6080 data_layer.cpp:130] Transform time: 46.874 ms.
I0418 09:19:36.886009  7952 caffe.cpp:314] Batch 4152, accuracy1+2 = 0
I0418 09:19:36.886009  7952 caffe.cpp:314] Batch 4152, accuracy1+2+3 = 0
I0418 09:19:37.011018  6080 data_layer.cpp:128] Prefetch batch: 125 ms.
I0418 09:19:37.011018  6080 data_layer.cpp:129]      Read time: 93.754 ms.
I0418 09:19:37.011018  6080 data_layer.cpp:130] Transform time: 31.254 ms.
I0418 09:19:37.854797  7952 caffe.cpp:314] Batch 4153, accuracy1+2 = 1
I0418 09:19:37.854797  7952 caffe.cpp:314] Batch 4153, accuracy1+2+3 = 1
I0418 09:19:37.979804  6080 data_layer.cpp:128] Prefetch batch: 125 ms.
I0418 09:19:37.979804  6080 data_layer.cpp:129]      Read time: 93.759 ms.
I0418 09:19:37.979804  6080 data_layer.cpp:130] Transform time: 31.247 ms.
I0418 09:19:38.839211  7952 caffe.cpp:314] Batch 4154, accuracy1+2 = 0
I0418 09:19:38.839211  7952 caffe.cpp:314] Batch 4154, accuracy1+2+3 = 0
I0418 09:19:38.964223  6080 data_layer.cpp:128] Prefetch batch: 125 ms.
I0418 09:19:38.964223  6080 data_layer.cpp:129]      Read time: 78.128 ms.
I0418 09:19:38.964223  6080 data_layer.cpp:130] Transform time: 46.884 ms.
I0418 09:19:39.807999  7952 caffe.cpp:314] Batch 4155, accuracy1+2 = 1
I0418 09:19:39.807999  7952 caffe.cpp:314] Batch 4155, accuracy1+2+3 = 1
I0418 09:19:39.933001  6080 data_layer.cpp:128] Prefetch batch: 125 ms.
I0418 09:19:39.933001  6080 data_layer.cpp:129]      Read time: 93.761 ms.
I0418 09:19:39.933001  6080 data_layer.cpp:130] Transform time: 31.241 ms.
I0418 09:19:40.776793  7952 caffe.cpp:314] Batch 4156, accuracy1+2 = 1
I0418 09:19:40.776793  7952 caffe.cpp:314] Batch 4156, accuracy1+2+3 = 1
I0418 09:19:40.886167  6080 data_layer.cpp:128] Prefetch batch: 109 ms.
I0418 09:19:40.886167  6080 data_layer.cpp:129]      Read time: 0 ms.
I0418 09:19:40.886167  6080 data_layer.cpp:130] Transform time: 109.374 ms.
I0418 09:19:41.761215  7952 caffe.cpp:314] Batch 4157, accuracy1+2 = 1
I0418 09:19:41.761215  7952 caffe.cpp:314] Batch 4157, accuracy1+2+3 = 1
I0418 09:19:41.886212  6080 data_layer.cpp:128] Prefetch batch: 124 ms.
I0418 09:19:41.886212  6080 data_layer.cpp:129]      Read time: 93.74 ms.
I0418 09:19:41.886212  6080 data_layer.cpp:130] Transform time: 31.257 ms.
I0418 09:19:42.729995  7952 caffe.cpp:314] Batch 4158, accuracy1+2 = 1
I0418 09:19:42.729995  7952 caffe.cpp:314] Batch 4158, accuracy1+2+3 = 1
I0418 09:19:42.854993  6080 data_layer.cpp:128] Prefetch batch: 124 ms.
I0418 09:19:42.854993  6080 data_layer.cpp:129]      Read time: 93.753 ms.
I0418 09:19:42.854993  6080 data_layer.cpp:130] Transform time: 31.245 ms.
I0418 09:19:43.714407  7952 caffe.cpp:314] Batch 4159, accuracy1+2 = 1
I0418 09:19:43.714407  7952 caffe.cpp:314] Batch 4159, accuracy1+2+3 = 1
I0418 09:19:43.839413  6080 data_layer.cpp:128] Prefetch batch: 125 ms.
I0418 09:19:43.839413  6080 data_layer.cpp:129]      Read time: 93.749 ms.
I0418 09:19:43.839413  6080 data_layer.cpp:130] Transform time: 31.257 ms.
I0418 09:19:44.683192  7952 caffe.cpp:314] Batch 4160, accuracy1+2 = 1
I0418 09:19:44.683192  7952 caffe.cpp:314] Batch 4160, accuracy1+2+3 = 1
I0418 09:19:44.808198  6080 data_layer.cpp:128] Prefetch batch: 125 ms.
I0418 09:19:44.808198  6080 data_layer.cpp:129]      Read time: 93.757 ms.
I0418 09:19:44.808198  6080 data_layer.cpp:130] Transform time: 31.249 ms.
I0418 09:19:45.667606  7952 caffe.cpp:314] Batch 4161, accuracy1+2 = 1
I0418 09:19:45.667606  7952 caffe.cpp:314] Batch 4161, accuracy1+2+3 = 1
I0418 09:19:45.792614  6080 data_layer.cpp:128] Prefetch batch: 125 ms.
I0418 09:19:45.792614  6080 data_layer.cpp:129]      Read time: 78.131 ms.
I0418 09:19:45.792614  6080 data_layer.cpp:130] Transform time: 46.877 ms.
I0418 09:19:46.636391  7952 caffe.cpp:314] Batch 4162, accuracy1+2 = 0
I0418 09:19:46.636391  7952 caffe.cpp:314] Batch 4162, accuracy1+2+3 = 0
I0418 09:19:46.761402  6080 data_layer.cpp:128] Prefetch batch: 125 ms.
I0418 09:19:46.761402  6080 data_layer.cpp:129]      Read time: 93.758 ms.
I0418 09:19:46.761402  6080 data_layer.cpp:130] Transform time: 31.253 ms.
I0418 09:19:47.605180  7952 caffe.cpp:314] Batch 4163, accuracy1+2 = 0
I0418 09:19:47.605180  7952 caffe.cpp:314] Batch 4163, accuracy1+2+3 = 0
I0418 09:19:47.730190  6080 data_layer.cpp:128] Prefetch batch: 125 ms.
I0418 09:19:47.730190  6080 data_layer.cpp:129]      Read time: 93.751 ms.
I0418 09:19:47.730190  6080 data_layer.cpp:130] Transform time: 31.259 ms.
I0418 09:19:48.589599  7952 caffe.cpp:314] Batch 4164, accuracy1+2 = 1
I0418 09:19:48.589599  7952 caffe.cpp:314] Batch 4164, accuracy1+2+3 = 1
I0418 09:19:48.683353  6080 data_layer.cpp:128] Prefetch batch: 93 ms.
I0418 09:19:48.683353  6080 data_layer.cpp:129]      Read time: 0 ms.
I0418 09:19:48.683353  6080 data_layer.cpp:130] Transform time: 93.754 ms.
I0418 09:19:49.558432  7952 caffe.cpp:314] Batch 4165, accuracy1+2 = 0
I0418 09:19:49.558432  7952 caffe.cpp:314] Batch 4165, accuracy1+2+3 = 0
I0418 09:19:49.683387  6080 data_layer.cpp:128] Prefetch batch: 124 ms.
I0418 09:19:49.683387  6080 data_layer.cpp:129]      Read time: 93.706 ms.
I0418 09:19:49.683387  6080 data_layer.cpp:130] Transform time: 31.248 ms.
I0418 09:19:50.527175  7952 caffe.cpp:314] Batch 4166, accuracy1+2 = 0
I0418 09:19:50.527175  7952 caffe.cpp:314] Batch 4166, accuracy1+2+3 = 0
I0418 09:19:50.652176  6080 data_layer.cpp:128] Prefetch batch: 125 ms.
I0418 09:19:50.652176  6080 data_layer.cpp:129]      Read time: 93.751 ms.
I0418 09:19:50.652176  6080 data_layer.cpp:130] Transform time: 31.25 ms.
I0418 09:19:51.511582  7952 caffe.cpp:314] Batch 4167, accuracy1+2 = 1
I0418 09:19:51.511582  7952 caffe.cpp:314] Batch 4167, accuracy1+2+3 = 1
I0418 09:19:51.636595  6080 data_layer.cpp:128] Prefetch batch: 125 ms.
I0418 09:19:51.636595  6080 data_layer.cpp:129]      Read time: 78.135 ms.
I0418 09:19:51.636595  6080 data_layer.cpp:130] Transform time: 46.878 ms.
I0418 09:19:52.480379  7952 caffe.cpp:314] Batch 4168, accuracy1+2 = 0
I0418 09:19:52.480379  7952 caffe.cpp:314] Batch 4168, accuracy1+2+3 = 0
I0418 09:19:52.605379  6080 data_layer.cpp:128] Prefetch batch: 125 ms.
I0418 09:19:52.605379  6080 data_layer.cpp:129]      Read time: 93.746 ms.
I0418 09:19:52.605379  6080 data_layer.cpp:130] Transform time: 31.254 ms.
I0418 09:19:53.449160  7952 caffe.cpp:314] Batch 4169, accuracy1+2 = 1
I0418 09:19:53.449160  7952 caffe.cpp:314] Batch 4169, accuracy1+2+3 = 1
I0418 09:19:53.574169  6080 data_layer.cpp:128] Prefetch batch: 125 ms.
I0418 09:19:53.574169  6080 data_layer.cpp:129]      Read time: 93.754 ms.
I0418 09:19:53.574169  6080 data_layer.cpp:130] Transform time: 31.255 ms.
I0418 09:19:54.433578  7952 caffe.cpp:314] Batch 4170, accuracy1+2 = 1
I0418 09:19:54.433578  7952 caffe.cpp:314] Batch 4170, accuracy1+2+3 = 1
I0418 09:19:54.527333  6080 data_layer.cpp:128] Prefetch batch: 93 ms.
I0418 09:19:54.527333  6080 data_layer.cpp:129]      Read time: 0 ms.
I0418 09:19:54.527333  6080 data_layer.cpp:130] Transform time: 93.755 ms.
I0418 09:19:55.402360  7952 caffe.cpp:314] Batch 4171, accuracy1+2 = 1
I0418 09:19:55.402360  7952 caffe.cpp:314] Batch 4171, accuracy1+2+3 = 1
I0418 09:19:55.527371  6080 data_layer.cpp:128] Prefetch batch: 125 ms.
I0418 09:19:55.527371  6080 data_layer.cpp:129]      Read time: 46.882 ms.
I0418 09:19:55.527371  6080 data_layer.cpp:130] Transform time: 78.129 ms.
I0418 09:19:56.371155  7952 caffe.cpp:314] Batch 4172, accuracy1+2 = 1
I0418 09:19:56.371155  7952 caffe.cpp:314] Batch 4172, accuracy1+2+3 = 1
I0418 09:19:56.527410  6080 data_layer.cpp:128] Prefetch batch: 156 ms.
I0418 09:19:56.527410  6080 data_layer.cpp:129]      Read time: 125.005 ms.
I0418 09:19:56.527410  6080 data_layer.cpp:130] Transform time: 31.25 ms.
I0418 09:19:57.339941  7952 caffe.cpp:314] Batch 4173, accuracy1+2 = 0
I0418 09:19:57.339941  7952 caffe.cpp:314] Batch 4173, accuracy1+2+3 = 0
I0418 09:19:57.480568  6080 data_layer.cpp:128] Prefetch batch: 140 ms.
I0418 09:19:57.480568  6080 data_layer.cpp:129]      Read time: 93.749 ms.
I0418 09:19:57.480568  6080 data_layer.cpp:130] Transform time: 46.878 ms.
I0418 09:19:58.324355  7952 caffe.cpp:314] Batch 4174, accuracy1+2 = 1
I0418 09:19:58.324355  7952 caffe.cpp:314] Batch 4174, accuracy1+2+3 = 1
I0418 09:19:58.449362  6080 data_layer.cpp:128] Prefetch batch: 125 ms.
I0418 09:19:58.449362  6080 data_layer.cpp:129]      Read time: 93.754 ms.
I0418 09:19:58.449362  6080 data_layer.cpp:130] Transform time: 31.253 ms.
I0418 09:19:59.293139  7952 caffe.cpp:314] Batch 4175, accuracy1+2 = 1
I0418 09:19:59.293139  7952 caffe.cpp:314] Batch 4175, accuracy1+2+3 = 1
I0418 09:19:59.402519  6080 data_layer.cpp:128] Prefetch batch: 109 ms.
I0418 09:19:59.402519  6080 data_layer.cpp:129]      Read time: 0 ms.
I0418 09:19:59.402519  6080 data_layer.cpp:130] Transform time: 109.38 ms.
I0418 09:20:00.261927  7952 caffe.cpp:314] Batch 4176, accuracy1+2 = 0
I0418 09:20:00.261927  7952 caffe.cpp:314] Batch 4176, accuracy1+2+3 = 0
I0418 09:20:00.386936  6080 data_layer.cpp:128] Prefetch batch: 125 ms.
I0418 09:20:00.386936  6080 data_layer.cpp:129]      Read time: 93.753 ms.
I0418 09:20:00.386936  6080 data_layer.cpp:130] Transform time: 31.256 ms.
I0418 09:20:01.246345  7952 caffe.cpp:314] Batch 4177, accuracy1+2 = 1
I0418 09:20:01.246345  7952 caffe.cpp:314] Batch 4177, accuracy1+2+3 = 1
I0418 09:20:01.371382  6080 data_layer.cpp:128] Prefetch batch: 125 ms.
I0418 09:20:01.371382  6080 data_layer.cpp:129]      Read time: 78.129 ms.
I0418 09:20:01.371382  6080 data_layer.cpp:130] Transform time: 46.908 ms.
I0418 09:20:02.246395  7952 caffe.cpp:314] Batch 4178, accuracy1+2 = 0
I0418 09:20:02.246395  7952 caffe.cpp:314] Batch 4178, accuracy1+2+3 = 0
I0418 09:20:02.387002  6080 data_layer.cpp:128] Prefetch batch: 140 ms.
I0418 09:20:02.387002  6080 data_layer.cpp:129]      Read time: 93.739 ms.
I0418 09:20:02.387002  6080 data_layer.cpp:130] Transform time: 46.868 ms.
I0418 09:20:03.262049  7952 caffe.cpp:314] Batch 4179, accuracy1+2 = 0
I0418 09:20:03.262049  7952 caffe.cpp:314] Batch 4179, accuracy1+2+3 = 0
I0418 09:20:03.387046  6080 data_layer.cpp:128] Prefetch batch: 124 ms.
I0418 09:20:03.387046  6080 data_layer.cpp:129]      Read time: 93.755 ms.
I0418 09:20:03.387046  6080 data_layer.cpp:130] Transform time: 31.242 ms.
I0418 09:20:04.230834  7952 caffe.cpp:314] Batch 4180, accuracy1+2 = 0
I0418 09:20:04.230834  7952 caffe.cpp:314] Batch 4180, accuracy1+2+3 = 0
I0418 09:20:04.355841  6080 data_layer.cpp:128] Prefetch batch: 125 ms.
I0418 09:20:04.355841  6080 data_layer.cpp:129]      Read time: 93.757 ms.
I0418 09:20:04.355841  6080 data_layer.cpp:130] Transform time: 31.251 ms.
I0418 09:20:05.215245  7952 caffe.cpp:314] Batch 4181, accuracy1+2 = 1
I0418 09:20:05.215245  7952 caffe.cpp:314] Batch 4181, accuracy1+2+3 = 1
I0418 09:20:05.309003  6080 data_layer.cpp:128] Prefetch batch: 93 ms.
I0418 09:20:05.309003  6080 data_layer.cpp:129]      Read time: 0 ms.
I0418 09:20:05.309003  6080 data_layer.cpp:130] Transform time: 93.758 ms.
I0418 09:20:06.184036  7952 caffe.cpp:314] Batch 4182, accuracy1+2 = 1
I0418 09:20:06.184036  7952 caffe.cpp:314] Batch 4182, accuracy1+2+3 = 1
I0418 09:20:06.309041  6080 data_layer.cpp:128] Prefetch batch: 125 ms.
I0418 09:20:06.309041  6080 data_layer.cpp:129]      Read time: 93.755 ms.
I0418 09:20:06.309041  6080 data_layer.cpp:130] Transform time: 31.251 ms.
I0418 09:20:07.152828  7952 caffe.cpp:314] Batch 4183, accuracy1+2 = 0
I0418 09:20:07.152828  7952 caffe.cpp:314] Batch 4183, accuracy1+2+3 = 0
I0418 09:20:07.277828  6080 data_layer.cpp:128] Prefetch batch: 125 ms.
I0418 09:20:07.277828  6080 data_layer.cpp:129]      Read time: 93.753 ms.
I0418 09:20:07.277828  6080 data_layer.cpp:130] Transform time: 31.247 ms.
I0418 09:20:08.121616  7952 caffe.cpp:314] Batch 4184, accuracy1+2 = 1
I0418 09:20:08.121616  7952 caffe.cpp:314] Batch 4184, accuracy1+2+3 = 1
I0418 09:20:08.262248  6080 data_layer.cpp:128] Prefetch batch: 140 ms.
I0418 09:20:08.262248  6080 data_layer.cpp:129]      Read time: 93.752 ms.
I0418 09:20:08.262248  6080 data_layer.cpp:130] Transform time: 46.879 ms.
I0418 09:20:09.106027  7952 caffe.cpp:314] Batch 4185, accuracy1+2 = 1
I0418 09:20:09.106027  7952 caffe.cpp:314] Batch 4185, accuracy1+2+3 = 1
I0418 09:20:09.231027  6080 data_layer.cpp:128] Prefetch batch: 125 ms.
I0418 09:20:09.231027  6080 data_layer.cpp:129]      Read time: 93.757 ms.
I0418 09:20:09.231027  6080 data_layer.cpp:130] Transform time: 31.243 ms.
I0418 09:20:10.074820  7952 caffe.cpp:314] Batch 4186, accuracy1+2 = 1
I0418 09:20:10.074820  7952 caffe.cpp:314] Batch 4186, accuracy1+2+3 = 1
I0418 09:20:10.184196  6080 data_layer.cpp:128] Prefetch batch: 109 ms.
I0418 09:20:10.184196  6080 data_layer.cpp:129]      Read time: 15.625 ms.
I0418 09:20:10.184196  6080 data_layer.cpp:130] Transform time: 93.752 ms.
I0418 09:20:11.059231  7952 caffe.cpp:314] Batch 4187, accuracy1+2 = 1
I0418 09:20:11.059231  7952 caffe.cpp:314] Batch 4187, accuracy1+2+3 = 1
I0418 09:20:11.184237  6080 data_layer.cpp:128] Prefetch batch: 125 ms.
I0418 09:20:11.184237  6080 data_layer.cpp:129]      Read time: 93.754 ms.
I0418 09:20:11.184237  6080 data_layer.cpp:130] Transform time: 31.252 ms.
I0418 09:20:12.028014  7952 caffe.cpp:314] Batch 4188, accuracy1+2 = 1
I0418 09:20:12.028014  7952 caffe.cpp:314] Batch 4188, accuracy1+2+3 = 1
I0418 09:20:12.153022  6080 data_layer.cpp:128] Prefetch batch: 125 ms.
I0418 09:20:12.153022  6080 data_layer.cpp:129]      Read time: 93.755 ms.
I0418 09:20:12.153022  6080 data_layer.cpp:130] Transform time: 31.252 ms.
I0418 09:20:12.996803  7952 caffe.cpp:314] Batch 4189, accuracy1+2 = 0
I0418 09:20:12.996803  7952 caffe.cpp:314] Batch 4189, accuracy1+2+3 = 0
I0418 09:20:13.121811  6080 data_layer.cpp:128] Prefetch batch: 125 ms.
I0418 09:20:13.121811  6080 data_layer.cpp:129]      Read time: 93.758 ms.
I0418 09:20:13.121811  6080 data_layer.cpp:130] Transform time: 31.251 ms.
I0418 09:20:13.981220  7952 caffe.cpp:314] Batch 4190, accuracy1+2 = 0
I0418 09:20:13.981220  7952 caffe.cpp:314] Batch 4190, accuracy1+2+3 = 0
I0418 09:20:14.106220  6080 data_layer.cpp:128] Prefetch batch: 125 ms.
I0418 09:20:14.106220  6080 data_layer.cpp:129]      Read time: 78.128 ms.
I0418 09:20:14.106220  6080 data_layer.cpp:130] Transform time: 46.872 ms.
I0418 09:20:14.950008  7952 caffe.cpp:314] Batch 4191, accuracy1+2 = 0
I0418 09:20:14.950008  7952 caffe.cpp:314] Batch 4191, accuracy1+2+3 = 0
I0418 09:20:15.059386  6080 data_layer.cpp:128] Prefetch batch: 109 ms.
I0418 09:20:15.059386  6080 data_layer.cpp:129]      Read time: 0 ms.
I0418 09:20:15.059386  6080 data_layer.cpp:130] Transform time: 109.378 ms.
I0418 09:20:15.918797  7952 caffe.cpp:314] Batch 4192, accuracy1+2 = 1
I0418 09:20:15.918797  7952 caffe.cpp:314] Batch 4192, accuracy1+2+3 = 0
I0418 09:20:16.043802  6080 data_layer.cpp:128] Prefetch batch: 125 ms.
I0418 09:20:16.043802  6080 data_layer.cpp:129]      Read time: 93.748 ms.
I0418 09:20:16.043802  6080 data_layer.cpp:130] Transform time: 31.257 ms.
I0418 09:20:16.903208  7952 caffe.cpp:314] Batch 4193, accuracy1+2 = 1
I0418 09:20:16.903208  7952 caffe.cpp:314] Batch 4193, accuracy1+2+3 = 1
I0418 09:20:17.028215  6080 data_layer.cpp:128] Prefetch batch: 125 ms.
I0418 09:20:17.028215  6080 data_layer.cpp:129]      Read time: 78.13 ms.
I0418 09:20:17.028215  6080 data_layer.cpp:130] Transform time: 46.878 ms.
I0418 09:20:17.871992  7952 caffe.cpp:314] Batch 4194, accuracy1+2 = 1
I0418 09:20:17.871992  7952 caffe.cpp:314] Batch 4194, accuracy1+2+3 = 1
I0418 09:20:17.996997  6080 data_layer.cpp:128] Prefetch batch: 125 ms.
I0418 09:20:17.996997  6080 data_layer.cpp:129]      Read time: 93.76 ms.
I0418 09:20:17.996997  6080 data_layer.cpp:130] Transform time: 31.245 ms.
I0418 09:20:18.840781  7952 caffe.cpp:314] Batch 4195, accuracy1+2 = 0
I0418 09:20:18.840781  7952 caffe.cpp:314] Batch 4195, accuracy1+2+3 = 0
I0418 09:20:18.965790  6080 data_layer.cpp:128] Prefetch batch: 125 ms.
I0418 09:20:18.965790  6080 data_layer.cpp:129]      Read time: 93.756 ms.
I0418 09:20:18.965790  6080 data_layer.cpp:130] Transform time: 31.252 ms.
I0418 09:20:19.809571  7952 caffe.cpp:314] Batch 4196, accuracy1+2 = 0
I0418 09:20:19.809571  7952 caffe.cpp:314] Batch 4196, accuracy1+2+3 = 0
I0418 09:20:19.918951  6080 data_layer.cpp:128] Prefetch batch: 109 ms.
I0418 09:20:19.918951  6080 data_layer.cpp:129]      Read time: 0 ms.
I0418 09:20:19.918951  6080 data_layer.cpp:130] Transform time: 109.379 ms.
I0418 09:20:20.793982  7952 caffe.cpp:314] Batch 4197, accuracy1+2 = 1
I0418 09:20:20.793982  7952 caffe.cpp:314] Batch 4197, accuracy1+2+3 = 1
I0418 09:20:20.918992  6080 data_layer.cpp:128] Prefetch batch: 125 ms.
I0418 09:20:20.918992  6080 data_layer.cpp:129]      Read time: 78.13 ms.
I0418 09:20:20.918992  6080 data_layer.cpp:130] Transform time: 46.88 ms.
I0418 09:20:21.762776  7952 caffe.cpp:314] Batch 4198, accuracy1+2 = 1
I0418 09:20:21.762776  7952 caffe.cpp:314] Batch 4198, accuracy1+2+3 = 1
I0418 09:20:21.887774  6080 data_layer.cpp:128] Prefetch batch: 124 ms.
I0418 09:20:21.887774  6080 data_layer.cpp:129]      Read time: 93.754 ms.
I0418 09:20:21.887774  6080 data_layer.cpp:130] Transform time: 31.244 ms.
I0418 09:20:22.731561  7952 caffe.cpp:314] Batch 4199, accuracy1+2 = 1
I0418 09:20:22.731561  7952 caffe.cpp:314] Batch 4199, accuracy1+2+3 = 1
I0418 09:20:22.856564  6080 data_layer.cpp:128] Prefetch batch: 125 ms.
I0418 09:20:22.856564  6080 data_layer.cpp:129]      Read time: 93.753 ms.
I0418 09:20:22.856564  6080 data_layer.cpp:130] Transform time: 31.25 ms.
I0418 09:20:23.715975  7952 caffe.cpp:314] Batch 4200, accuracy1+2 = 1
I0418 09:20:23.715975  7952 caffe.cpp:314] Batch 4200, accuracy1+2+3 = 1
I0418 09:20:23.840977  6080 data_layer.cpp:128] Prefetch batch: 125 ms.
I0418 09:20:23.840977  6080 data_layer.cpp:129]      Read time: 78.124 ms.
I0418 09:20:23.840977  6080 data_layer.cpp:130] Transform time: 46.878 ms.
I0418 09:20:24.684763  7952 caffe.cpp:314] Batch 4201, accuracy1+2 = 0
I0418 09:20:24.684763  7952 caffe.cpp:314] Batch 4201, accuracy1+2+3 = 0
I0418 09:20:24.809770  6080 data_layer.cpp:128] Prefetch batch: 125 ms.
I0418 09:20:24.809770  6080 data_layer.cpp:129]      Read time: 93.754 ms.
I0418 09:20:24.809770  6080 data_layer.cpp:130] Transform time: 31.253 ms.
I0418 09:20:25.653549  7952 caffe.cpp:314] Batch 4202, accuracy1+2 = 1
I0418 09:20:25.653549  7952 caffe.cpp:314] Batch 4202, accuracy1+2+3 = 1
I0418 09:20:25.762930  6080 data_layer.cpp:128] Prefetch batch: 109 ms.
I0418 09:20:25.762930  6080 data_layer.cpp:129]      Read time: 0 ms.
I0418 09:20:25.762930  6080 data_layer.cpp:130] Transform time: 109.381 ms.
I0418 09:20:26.637964  7952 caffe.cpp:314] Batch 4203, accuracy1+2 = 1
I0418 09:20:26.637964  7952 caffe.cpp:314] Batch 4203, accuracy1+2+3 = 1
I0418 09:20:26.762974  6080 data_layer.cpp:128] Prefetch batch: 125 ms.
I0418 09:20:26.762974  6080 data_layer.cpp:129]      Read time: 78.128 ms.
I0418 09:20:26.762974  6080 data_layer.cpp:130] Transform time: 46.882 ms.
I0418 09:20:27.606753  7952 caffe.cpp:314] Batch 4204, accuracy1+2 = 1
I0418 09:20:27.606753  7952 caffe.cpp:314] Batch 4204, accuracy1+2+3 = 1
I0418 09:20:27.731760  6080 data_layer.cpp:128] Prefetch batch: 125 ms.
I0418 09:20:27.731760  6080 data_layer.cpp:129]      Read time: 93.757 ms.
I0418 09:20:27.731760  6080 data_layer.cpp:130] Transform time: 31.249 ms.
I0418 09:20:28.575551  7952 caffe.cpp:314] Batch 4205, accuracy1+2 = 1
I0418 09:20:28.575551  7952 caffe.cpp:314] Batch 4205, accuracy1+2+3 = 1
I0418 09:20:28.700546  6080 data_layer.cpp:128] Prefetch batch: 124 ms.
I0418 09:20:28.700546  6080 data_layer.cpp:129]      Read time: 93.745 ms.
I0418 09:20:28.700546  6080 data_layer.cpp:130] Transform time: 31.251 ms.
I0418 09:20:29.559964  7952 caffe.cpp:314] Batch 4206, accuracy1+2 = 0
I0418 09:20:29.559964  7952 caffe.cpp:314] Batch 4206, accuracy1+2+3 = 0
I0418 09:20:29.684959  6080 data_layer.cpp:128] Prefetch batch: 124 ms.
I0418 09:20:29.684959  6080 data_layer.cpp:129]      Read time: 78.116 ms.
I0418 09:20:29.684959  6080 data_layer.cpp:130] Transform time: 46.879 ms.
I0418 09:20:30.528745  7952 caffe.cpp:314] Batch 4207, accuracy1+2 = 1
I0418 09:20:30.528745  7952 caffe.cpp:314] Batch 4207, accuracy1+2+3 = 1
I0418 09:20:30.622493  6080 data_layer.cpp:128] Prefetch batch: 93 ms.
I0418 09:20:30.622493  6080 data_layer.cpp:129]      Read time: 0 ms.
I0418 09:20:30.622493  6080 data_layer.cpp:130] Transform time: 93.747 ms.
I0418 09:20:31.497520  7952 caffe.cpp:314] Batch 4208, accuracy1+2 = 1
I0418 09:20:31.497520  7952 caffe.cpp:314] Batch 4208, accuracy1+2+3 = 1
I0418 09:20:31.622534  6080 data_layer.cpp:128] Prefetch batch: 125 ms.
I0418 09:20:31.622534  6080 data_layer.cpp:129]      Read time: 93.766 ms.
I0418 09:20:31.622534  6080 data_layer.cpp:130] Transform time: 31.247 ms.
I0418 09:20:32.466317  7952 caffe.cpp:314] Batch 4209, accuracy1+2 = 1
I0418 09:20:32.466317  7952 caffe.cpp:314] Batch 4209, accuracy1+2+3 = 1
I0418 09:20:32.591322  6080 data_layer.cpp:128] Prefetch batch: 125 ms.
I0418 09:20:32.591322  6080 data_layer.cpp:129]      Read time: 93.754 ms.
I0418 09:20:32.591322  6080 data_layer.cpp:130] Transform time: 31.251 ms.
I0418 09:20:33.450736  7952 caffe.cpp:314] Batch 4210, accuracy1+2 = 1
I0418 09:20:33.450736  7952 caffe.cpp:314] Batch 4210, accuracy1+2+3 = 1
I0418 09:20:33.575737  6080 data_layer.cpp:128] Prefetch batch: 125 ms.
I0418 09:20:33.575737  6080 data_layer.cpp:129]      Read time: 93.74 ms.
I0418 09:20:33.575737  6080 data_layer.cpp:130] Transform time: 31.262 ms.
I0418 09:20:34.419517  7952 caffe.cpp:314] Batch 4211, accuracy1+2 = 1
I0418 09:20:34.419517  7952 caffe.cpp:314] Batch 4211, accuracy1+2+3 = 1
I0418 09:20:34.544528  6080 data_layer.cpp:128] Prefetch batch: 125 ms.
I0418 09:20:34.544528  6080 data_layer.cpp:129]      Read time: 93.759 ms.
I0418 09:20:34.544528  6080 data_layer.cpp:130] Transform time: 31.252 ms.
I0418 09:20:35.403930  7952 caffe.cpp:314] Batch 4212, accuracy1+2 = 1
I0418 09:20:35.403930  7952 caffe.cpp:314] Batch 4212, accuracy1+2+3 = 1
I0418 09:20:35.528935  6080 data_layer.cpp:128] Prefetch batch: 125 ms.
I0418 09:20:35.528935  6080 data_layer.cpp:129]      Read time: 78.132 ms.
I0418 09:20:35.528935  6080 data_layer.cpp:130] Transform time: 46.873 ms.
I0418 09:20:36.372720  7952 caffe.cpp:314] Batch 4213, accuracy1+2 = 1
I0418 09:20:36.372720  7952 caffe.cpp:314] Batch 4213, accuracy1+2+3 = 1
I0418 09:20:36.497730  6080 data_layer.cpp:128] Prefetch batch: 125 ms.
I0418 09:20:36.497730  6080 data_layer.cpp:129]      Read time: 93.752 ms.
I0418 09:20:36.497730  6080 data_layer.cpp:130] Transform time: 31.258 ms.
I0418 09:20:37.341511  7952 caffe.cpp:314] Batch 4214, accuracy1+2 = 1
I0418 09:20:37.341511  7952 caffe.cpp:314] Batch 4214, accuracy1+2+3 = 1
I0418 09:20:37.450891  6080 data_layer.cpp:128] Prefetch batch: 109 ms.
I0418 09:20:37.450891  6080 data_layer.cpp:129]      Read time: 0 ms.
I0418 09:20:37.450891  6080 data_layer.cpp:130] Transform time: 109.38 ms.
I0418 09:20:38.325922  7952 caffe.cpp:314] Batch 4215, accuracy1+2 = 1
I0418 09:20:38.325922  7952 caffe.cpp:314] Batch 4215, accuracy1+2+3 = 1
I0418 09:20:38.450918  6080 data_layer.cpp:128] Prefetch batch: 124 ms.
I0418 09:20:38.450918  6080 data_layer.cpp:129]      Read time: 78.119 ms.
I0418 09:20:38.450918  6080 data_layer.cpp:130] Transform time: 46.878 ms.
I0418 09:20:39.325953  7952 caffe.cpp:314] Batch 4216, accuracy1+2 = 0
I0418 09:20:39.325953  7952 caffe.cpp:314] Batch 4216, accuracy1+2+3 = 1
I0418 09:20:39.450958  6080 data_layer.cpp:128] Prefetch batch: 125 ms.
I0418 09:20:39.450958  6080 data_layer.cpp:129]      Read time: 93.754 ms.
I0418 09:20:39.450958  6080 data_layer.cpp:130] Transform time: 31.251 ms.
I0418 09:20:40.325997  7952 caffe.cpp:314] Batch 4217, accuracy1+2 = 1
I0418 09:20:40.325997  7952 caffe.cpp:314] Batch 4217, accuracy1+2+3 = 1
I0418 09:20:40.466635  6080 data_layer.cpp:128] Prefetch batch: 140 ms.
I0418 09:20:40.466635  6080 data_layer.cpp:129]      Read time: 93.759 ms.
I0418 09:20:40.466635  6080 data_layer.cpp:130] Transform time: 46.879 ms.
I0418 09:20:41.310417  7952 caffe.cpp:314] Batch 4218, accuracy1+2 = 0
I0418 09:20:41.310417  7952 caffe.cpp:314] Batch 4218, accuracy1+2+3 = 0
I0418 09:20:41.435417  6080 data_layer.cpp:128] Prefetch batch: 125 ms.
I0418 09:20:41.435417  6080 data_layer.cpp:129]      Read time: 93.75 ms.
I0418 09:20:41.435417  6080 data_layer.cpp:130] Transform time: 31.25 ms.
I0418 09:20:42.279206  7952 caffe.cpp:314] Batch 4219, accuracy1+2 = 1
I0418 09:20:42.279206  7952 caffe.cpp:314] Batch 4219, accuracy1+2+3 = 1
I0418 09:20:42.388581  6080 data_layer.cpp:128] Prefetch batch: 109 ms.
I0418 09:20:42.388581  6080 data_layer.cpp:129]      Read time: 0 ms.
I0418 09:20:42.388581  6080 data_layer.cpp:130] Transform time: 109.375 ms.
I0418 09:20:43.247992  7952 caffe.cpp:314] Batch 4220, accuracy1+2 = 1
I0418 09:20:43.247992  7952 caffe.cpp:314] Batch 4220, accuracy1+2+3 = 1
I0418 09:20:43.388622  6080 data_layer.cpp:128] Prefetch batch: 140 ms.
I0418 09:20:43.388622  6080 data_layer.cpp:129]      Read time: 93.75 ms.
I0418 09:20:43.388622  6080 data_layer.cpp:130] Transform time: 46.88 ms.
I0418 09:20:44.232406  7952 caffe.cpp:314] Batch 4221, accuracy1+2 = 0
I0418 09:20:44.232406  7952 caffe.cpp:314] Batch 4221, accuracy1+2+3 = 0
I0418 09:20:44.357411  6080 data_layer.cpp:128] Prefetch batch: 125 ms.
I0418 09:20:44.357411  6080 data_layer.cpp:129]      Read time: 93.755 ms.
I0418 09:20:44.357411  6080 data_layer.cpp:130] Transform time: 31.25 ms.
I0418 09:20:45.216820  7952 caffe.cpp:314] Batch 4222, accuracy1+2 = 1
I0418 09:20:45.216820  7952 caffe.cpp:314] Batch 4222, accuracy1+2+3 = 1
I0418 09:20:45.341821  6080 data_layer.cpp:128] Prefetch batch: 125 ms.
I0418 09:20:45.341821  6080 data_layer.cpp:129]      Read time: 78.125 ms.
I0418 09:20:45.341821  6080 data_layer.cpp:130] Transform time: 46.876 ms.
I0418 09:20:46.185602  7952 caffe.cpp:314] Batch 4223, accuracy1+2 = 1
I0418 09:20:46.185602  7952 caffe.cpp:314] Batch 4223, accuracy1+2+3 = 1
I0418 09:20:46.310611  6080 data_layer.cpp:128] Prefetch batch: 125 ms.
I0418 09:20:46.310611  6080 data_layer.cpp:129]      Read time: 93.761 ms.
I0418 09:20:46.310611  6080 data_layer.cpp:130] Transform time: 31.248 ms.
I0418 09:20:47.154398  7952 caffe.cpp:314] Batch 4224, accuracy1+2 = 1
I0418 09:20:47.154398  7952 caffe.cpp:314] Batch 4224, accuracy1+2+3 = 1
I0418 09:20:47.263770  6080 data_layer.cpp:128] Prefetch batch: 109 ms.
I0418 09:20:47.263770  6080 data_layer.cpp:129]      Read time: 0 ms.
I0418 09:20:47.263770  6080 data_layer.cpp:130] Transform time: 109.372 ms.
I0418 09:20:48.123185  7952 caffe.cpp:314] Batch 4225, accuracy1+2 = 1
I0418 09:20:48.123185  7952 caffe.cpp:314] Batch 4225, accuracy1+2+3 = 1
I0418 09:20:48.248188  6080 data_layer.cpp:128] Prefetch batch: 125 ms.
I0418 09:20:48.248188  6080 data_layer.cpp:129]      Read time: 93.747 ms.
I0418 09:20:48.248188  6080 data_layer.cpp:130] Transform time: 31.256 ms.
I0418 09:20:49.107592  7952 caffe.cpp:314] Batch 4226, accuracy1+2 = 1
I0418 09:20:49.107592  7952 caffe.cpp:314] Batch 4226, accuracy1+2+3 = 1
I0418 09:20:49.232596  6080 data_layer.cpp:128] Prefetch batch: 125 ms.
I0418 09:20:49.232596  6080 data_layer.cpp:129]      Read time: 93.754 ms.
I0418 09:20:49.232596  6080 data_layer.cpp:130] Transform time: 31.25 ms.
I0418 09:20:50.076386  7952 caffe.cpp:314] Batch 4227, accuracy1+2 = 1
I0418 09:20:50.076386  7952 caffe.cpp:314] Batch 4227, accuracy1+2+3 = 1
I0418 09:20:50.201391  6080 data_layer.cpp:128] Prefetch batch: 125 ms.
I0418 09:20:50.201391  6080 data_layer.cpp:129]      Read time: 93.754 ms.
I0418 09:20:50.201391  6080 data_layer.cpp:130] Transform time: 31.251 ms.
I0418 09:20:51.045168  7952 caffe.cpp:314] Batch 4228, accuracy1+2 = 1
I0418 09:20:51.045168  7952 caffe.cpp:314] Batch 4228, accuracy1+2+3 = 1
I0418 09:20:51.170179  6080 data_layer.cpp:128] Prefetch batch: 125 ms.
I0418 09:20:51.170179  6080 data_layer.cpp:129]      Read time: 93.755 ms.
I0418 09:20:51.170179  6080 data_layer.cpp:130] Transform time: 31.256 ms.
I0418 09:20:52.029587  7952 caffe.cpp:314] Batch 4229, accuracy1+2 = 1
I0418 09:20:52.029587  7952 caffe.cpp:314] Batch 4229, accuracy1+2+3 = 1
I0418 09:20:52.123342  6080 data_layer.cpp:128] Prefetch batch: 93 ms.
I0418 09:20:52.123342  6080 data_layer.cpp:129]      Read time: 0 ms.
I0418 09:20:52.123342  6080 data_layer.cpp:130] Transform time: 93.754 ms.
I0418 09:20:52.998376  7952 caffe.cpp:314] Batch 4230, accuracy1+2 = 1
I0418 09:20:52.998376  7952 caffe.cpp:314] Batch 4230, accuracy1+2+3 = 1
I0418 09:20:53.123373  6080 data_layer.cpp:128] Prefetch batch: 124 ms.
I0418 09:20:53.123373  6080 data_layer.cpp:129]      Read time: 93.749 ms.
I0418 09:20:53.123373  6080 data_layer.cpp:130] Transform time: 31.247 ms.
I0418 09:20:53.967159  7952 caffe.cpp:314] Batch 4231, accuracy1+2 = 1
I0418 09:20:53.967159  7952 caffe.cpp:314] Batch 4231, accuracy1+2+3 = 1
I0418 09:20:54.092166  6080 data_layer.cpp:128] Prefetch batch: 125 ms.
I0418 09:20:54.092166  6080 data_layer.cpp:129]      Read time: 93.758 ms.
I0418 09:20:54.092166  6080 data_layer.cpp:130] Transform time: 31.25 ms.
I0418 09:20:54.951578  7952 caffe.cpp:314] Batch 4232, accuracy1+2 = 1
I0418 09:20:54.951578  7952 caffe.cpp:314] Batch 4232, accuracy1+2+3 = 1
I0418 09:20:55.076578  6080 data_layer.cpp:128] Prefetch batch: 125 ms.
I0418 09:20:55.076578  6080 data_layer.cpp:129]      Read time: 78.128 ms.
I0418 09:20:55.076578  6080 data_layer.cpp:130] Transform time: 46.872 ms.
I0418 09:20:55.920372  7952 caffe.cpp:314] Batch 4233, accuracy1+2 = 1
I0418 09:20:55.920372  7952 caffe.cpp:314] Batch 4233, accuracy1+2+3 = 1
I0418 09:20:56.045372  6080 data_layer.cpp:128] Prefetch batch: 125 ms.
I0418 09:20:56.045372  6080 data_layer.cpp:129]      Read time: 93.746 ms.
I0418 09:20:56.045372  6080 data_layer.cpp:130] Transform time: 31.254 ms.
I0418 09:20:56.889155  7952 caffe.cpp:314] Batch 4234, accuracy1+2 = 1
I0418 09:20:56.889155  7952 caffe.cpp:314] Batch 4234, accuracy1+2+3 = 1
I0418 09:20:57.014158  6080 data_layer.cpp:128] Prefetch batch: 125 ms.
I0418 09:20:57.014158  6080 data_layer.cpp:129]      Read time: 93.752 ms.
I0418 09:20:57.014158  6080 data_layer.cpp:130] Transform time: 31.251 ms.
I0418 09:20:57.857936  7952 caffe.cpp:314] Batch 4235, accuracy1+2 = 1
I0418 09:20:57.873561  7952 caffe.cpp:314] Batch 4235, accuracy1+2+3 = 1
I0418 09:20:57.967317  6080 data_layer.cpp:128] Prefetch batch: 93 ms.
I0418 09:20:57.967317  6080 data_layer.cpp:129]      Read time: 0 ms.
I0418 09:20:57.967317  6080 data_layer.cpp:130] Transform time: 93.756 ms.
I0418 09:20:58.842355  7952 caffe.cpp:314] Batch 4236, accuracy1+2 = 1
I0418 09:20:58.842355  7952 caffe.cpp:314] Batch 4236, accuracy1+2+3 = 1
I0418 09:20:58.967361  6080 data_layer.cpp:128] Prefetch batch: 125 ms.
I0418 09:20:58.967361  6080 data_layer.cpp:129]      Read time: 78.125 ms.
I0418 09:20:58.967361  6080 data_layer.cpp:130] Transform time: 46.882 ms.
I0418 09:20:59.811143  7952 caffe.cpp:314] Batch 4237, accuracy1+2 = 1
I0418 09:20:59.811143  7952 caffe.cpp:314] Batch 4237, accuracy1+2+3 = 1
I0418 09:20:59.936148  6080 data_layer.cpp:128] Prefetch batch: 125 ms.
I0418 09:20:59.936148  6080 data_layer.cpp:129]      Read time: 93.749 ms.
I0418 09:20:59.936148  6080 data_layer.cpp:130] Transform time: 31.256 ms.
I0418 09:21:00.779925  7952 caffe.cpp:314] Batch 4238, accuracy1+2 = 1
I0418 09:21:00.779925  7952 caffe.cpp:314] Batch 4238, accuracy1+2+3 = 1
I0418 09:21:00.904937  6080 data_layer.cpp:128] Prefetch batch: 125 ms.
I0418 09:21:00.904937  6080 data_layer.cpp:129]      Read time: 93.753 ms.
I0418 09:21:00.904937  6080 data_layer.cpp:130] Transform time: 31.258 ms.
I0418 09:21:01.764338  7952 caffe.cpp:314] Batch 4239, accuracy1+2 = 1
I0418 09:21:01.764338  7952 caffe.cpp:314] Batch 4239, accuracy1+2+3 = 1
I0418 09:21:01.889348  6080 data_layer.cpp:128] Prefetch batch: 125 ms.
I0418 09:21:01.889348  6080 data_layer.cpp:129]      Read time: 78.136 ms.
I0418 09:21:01.889348  6080 data_layer.cpp:130] Transform time: 46.874 ms.
I0418 09:21:02.733134  7952 caffe.cpp:314] Batch 4240, accuracy1+2 = 1
I0418 09:21:02.733134  7952 caffe.cpp:314] Batch 4240, accuracy1+2+3 = 1
I0418 09:21:02.826887  6080 data_layer.cpp:128] Prefetch batch: 93 ms.
I0418 09:21:02.826887  6080 data_layer.cpp:129]      Read time: 0 ms.
I0418 09:21:02.826887  6080 data_layer.cpp:130] Transform time: 93.754 ms.
I0418 09:21:03.701920  7952 caffe.cpp:314] Batch 4241, accuracy1+2 = 1
I0418 09:21:03.701920  7952 caffe.cpp:314] Batch 4241, accuracy1+2+3 = 1
I0418 09:21:03.826922  6080 data_layer.cpp:128] Prefetch batch: 125 ms.
I0418 09:21:03.826922  6080 data_layer.cpp:129]      Read time: 93.752 ms.
I0418 09:21:03.826922  6080 data_layer.cpp:130] Transform time: 31.251 ms.
I0418 09:21:04.670709  7952 caffe.cpp:314] Batch 4242, accuracy1+2 = 1
I0418 09:21:04.670709  7952 caffe.cpp:314] Batch 4242, accuracy1+2+3 = 1
I0418 09:21:04.795708  6080 data_layer.cpp:128] Prefetch batch: 124 ms.
I0418 09:21:04.795708  6080 data_layer.cpp:129]      Read time: 93.749 ms.
I0418 09:21:04.795708  6080 data_layer.cpp:130] Transform time: 31.25 ms.
I0418 09:21:05.655122  7952 caffe.cpp:314] Batch 4243, accuracy1+2 = 1
I0418 09:21:05.655122  7952 caffe.cpp:314] Batch 4243, accuracy1+2+3 = 1
I0418 09:21:05.780128  6080 data_layer.cpp:128] Prefetch batch: 125 ms.
I0418 09:21:05.780128  6080 data_layer.cpp:129]      Read time: 93.749 ms.
I0418 09:21:05.780128  6080 data_layer.cpp:130] Transform time: 31.258 ms.
I0418 09:21:06.623904  7952 caffe.cpp:314] Batch 4244, accuracy1+2 = 1
I0418 09:21:06.623904  7952 caffe.cpp:314] Batch 4244, accuracy1+2+3 = 1
I0418 09:21:06.748911  6080 data_layer.cpp:128] Prefetch batch: 125 ms.
I0418 09:21:06.748911  6080 data_layer.cpp:129]      Read time: 93.765 ms.
I0418 09:21:06.748911  6080 data_layer.cpp:130] Transform time: 31.242 ms.
I0418 09:21:07.592694  7952 caffe.cpp:314] Batch 4245, accuracy1+2 = 1
I0418 09:21:07.592694  7952 caffe.cpp:314] Batch 4245, accuracy1+2+3 = 1
I0418 09:21:07.717703  6080 data_layer.cpp:128] Prefetch batch: 125 ms.
I0418 09:21:07.717703  6080 data_layer.cpp:129]      Read time: 93.76 ms.
I0418 09:21:07.717703  6080 data_layer.cpp:130] Transform time: 31.25 ms.
I0418 09:21:08.577113  7952 caffe.cpp:314] Batch 4246, accuracy1+2 = 1
I0418 09:21:08.577113  7952 caffe.cpp:314] Batch 4246, accuracy1+2+3 = 1
I0418 09:21:08.670864  6080 data_layer.cpp:128] Prefetch batch: 93 ms.
I0418 09:21:08.670864  6080 data_layer.cpp:129]      Read time: 0 ms.
I0418 09:21:08.670864  6080 data_layer.cpp:130] Transform time: 93.751 ms.
I0418 09:21:09.545900  7952 caffe.cpp:314] Batch 4247, accuracy1+2 = 1
I0418 09:21:09.545900  7952 caffe.cpp:314] Batch 4247, accuracy1+2+3 = 1
I0418 09:21:09.670904  6080 data_layer.cpp:128] Prefetch batch: 125 ms.
I0418 09:21:09.670904  6080 data_layer.cpp:129]      Read time: 93.752 ms.
I0418 09:21:09.670904  6080 data_layer.cpp:130] Transform time: 31.252 ms.
I0418 09:21:10.530356  7952 caffe.cpp:314] Batch 4248, accuracy1+2 = 1
I0418 09:21:10.530356  7952 caffe.cpp:314] Batch 4248, accuracy1+2+3 = 1
I0418 09:21:10.670953  6080 data_layer.cpp:128] Prefetch batch: 140 ms.
I0418 09:21:10.670953  6080 data_layer.cpp:129]      Read time: 93.727 ms.
I0418 09:21:10.670953  6080 data_layer.cpp:130] Transform time: 46.87 ms.
I0418 09:21:11.530347  7952 caffe.cpp:314] Batch 4249, accuracy1+2 = 1
I0418 09:21:11.530347  7952 caffe.cpp:314] Batch 4249, accuracy1+2+3 = 1
I0418 09:21:11.655351  6080 data_layer.cpp:128] Prefetch batch: 125 ms.
I0418 09:21:11.655351  6080 data_layer.cpp:129]      Read time: 78.131 ms.
I0418 09:21:11.655351  6080 data_layer.cpp:130] Transform time: 46.873 ms.
I0418 09:21:12.499140  7952 caffe.cpp:314] Batch 4250, accuracy1+2 = 1
I0418 09:21:12.499140  7952 caffe.cpp:314] Batch 4250, accuracy1+2+3 = 1
I0418 09:21:12.608516  6080 data_layer.cpp:128] Prefetch batch: 109 ms.
I0418 09:21:12.608516  6080 data_layer.cpp:129]      Read time: 0 ms.
I0418 09:21:12.608516  6080 data_layer.cpp:130] Transform time: 109.376 ms.
I0418 09:21:13.467927  7952 caffe.cpp:314] Batch 4251, accuracy1+2 = 1
I0418 09:21:13.467927  7952 caffe.cpp:314] Batch 4251, accuracy1+2+3 = 1
I0418 09:21:13.592934  6080 data_layer.cpp:128] Prefetch batch: 125 ms.
I0418 09:21:13.592934  6080 data_layer.cpp:129]      Read time: 93.754 ms.
I0418 09:21:13.592934  6080 data_layer.cpp:130] Transform time: 31.253 ms.
I0418 09:21:14.452339  7952 caffe.cpp:314] Batch 4252, accuracy1+2 = 1
I0418 09:21:14.452339  7952 caffe.cpp:314] Batch 4252, accuracy1+2+3 = 1
I0418 09:21:14.577349  6080 data_layer.cpp:128] Prefetch batch: 125 ms.
I0418 09:21:14.577349  6080 data_layer.cpp:129]      Read time: 78.124 ms.
I0418 09:21:14.577349  6080 data_layer.cpp:130] Transform time: 46.886 ms.
I0418 09:21:15.421130  7952 caffe.cpp:314] Batch 4253, accuracy1+2 = 1
I0418 09:21:15.421130  7952 caffe.cpp:314] Batch 4253, accuracy1+2+3 = 1
I0418 09:21:15.546133  6080 data_layer.cpp:128] Prefetch batch: 125 ms.
I0418 09:21:15.546133  6080 data_layer.cpp:129]      Read time: 93.754 ms.
I0418 09:21:15.546133  6080 data_layer.cpp:130] Transform time: 31.249 ms.
I0418 09:21:16.405542  7952 caffe.cpp:314] Batch 4254, accuracy1+2 = 1
I0418 09:21:16.405542  7952 caffe.cpp:314] Batch 4254, accuracy1+2+3 = 1
I0418 09:21:16.546162  6080 data_layer.cpp:128] Prefetch batch: 140 ms.
I0418 09:21:16.546162  6080 data_layer.cpp:129]      Read time: 93.749 ms.
I0418 09:21:16.546162  6080 data_layer.cpp:130] Transform time: 46.871 ms.
I0418 09:21:17.421203  7952 caffe.cpp:314] Batch 4255, accuracy1+2 = 1
I0418 09:21:17.421203  7952 caffe.cpp:314] Batch 4255, accuracy1+2+3 = 1
I0418 09:21:17.530573  6080 data_layer.cpp:128] Prefetch batch: 109 ms.
I0418 09:21:17.530573  6080 data_layer.cpp:129]      Read time: 0 ms.
I0418 09:21:17.530573  6080 data_layer.cpp:130] Transform time: 109.37 ms.
I0418 09:21:18.436861  7952 caffe.cpp:314] Batch 4256, accuracy1+2 = 1
I0418 09:21:18.436861  7952 caffe.cpp:314] Batch 4256, accuracy1+2+3 = 1
I0418 09:21:18.561866  6080 data_layer.cpp:128] Prefetch batch: 125 ms.
I0418 09:21:18.561866  6080 data_layer.cpp:129]      Read time: 93.754 ms.
I0418 09:21:18.561866  6080 data_layer.cpp:130] Transform time: 31.251 ms.
I0418 09:21:19.421283  7952 caffe.cpp:314] Batch 4257, accuracy1+2 = 1
I0418 09:21:19.421283  7952 caffe.cpp:314] Batch 4257, accuracy1+2+3 = 1
I0418 09:21:19.546286  6080 data_layer.cpp:128] Prefetch batch: 125 ms.
I0418 09:21:19.546286  6080 data_layer.cpp:129]      Read time: 93.759 ms.
I0418 09:21:19.546286  6080 data_layer.cpp:130] Transform time: 31.245 ms.
I0418 09:21:20.390070  7952 caffe.cpp:314] Batch 4258, accuracy1+2 = 1
I0418 09:21:20.390070  7952 caffe.cpp:314] Batch 4258, accuracy1+2+3 = 1
I0418 09:21:20.515074  6080 data_layer.cpp:128] Prefetch batch: 125 ms.
I0418 09:21:20.515074  6080 data_layer.cpp:129]      Read time: 93.76 ms.
I0418 09:21:20.515074  6080 data_layer.cpp:130] Transform time: 31.244 ms.
I0418 09:21:21.374483  7952 caffe.cpp:314] Batch 4259, accuracy1+2 = 1
I0418 09:21:21.374483  7952 caffe.cpp:314] Batch 4259, accuracy1+2+3 = 1
I0418 09:21:21.468238  6080 data_layer.cpp:128] Prefetch batch: 93 ms.
I0418 09:21:21.468238  6080 data_layer.cpp:129]      Read time: 0 ms.
I0418 09:21:21.468238  6080 data_layer.cpp:130] Transform time: 93.755 ms.
I0418 09:21:22.343272  7952 caffe.cpp:314] Batch 4260, accuracy1+2 = 1
I0418 09:21:22.343272  7952 caffe.cpp:314] Batch 4260, accuracy1+2+3 = 1
I0418 09:21:22.468281  6080 data_layer.cpp:128] Prefetch batch: 125 ms.
I0418 09:21:22.468281  6080 data_layer.cpp:129]      Read time: 93.762 ms.
I0418 09:21:22.468281  6080 data_layer.cpp:130] Transform time: 31.246 ms.
I0418 09:21:23.312067  7952 caffe.cpp:314] Batch 4261, accuracy1+2 = 0
I0418 09:21:23.312067  7952 caffe.cpp:314] Batch 4261, accuracy1+2+3 = 0
I0418 09:21:23.437064  6080 data_layer.cpp:128] Prefetch batch: 124 ms.
I0418 09:21:23.437064  6080 data_layer.cpp:129]      Read time: 93.746 ms.
I0418 09:21:23.437064  6080 data_layer.cpp:130] Transform time: 31.252 ms.
I0418 09:21:24.280850  7952 caffe.cpp:314] Batch 4262, accuracy1+2 = 1
I0418 09:21:24.280850  7952 caffe.cpp:314] Batch 4262, accuracy1+2+3 = 1
I0418 09:21:24.421471  6080 data_layer.cpp:128] Prefetch batch: 140 ms.
I0418 09:21:24.421471  6080 data_layer.cpp:129]      Read time: 93.751 ms.
I0418 09:21:24.421471  6080 data_layer.cpp:130] Transform time: 46.87 ms.
I0418 09:21:25.265262  7952 caffe.cpp:314] Batch 4263, accuracy1+2 = 1
I0418 09:21:25.265262  7952 caffe.cpp:314] Batch 4263, accuracy1+2+3 = 1
I0418 09:21:25.390271  6080 data_layer.cpp:128] Prefetch batch: 125 ms.
I0418 09:21:25.390271  6080 data_layer.cpp:129]      Read time: 78.134 ms.
I0418 09:21:25.390271  6080 data_layer.cpp:130] Transform time: 46.875 ms.
I0418 09:21:26.234055  7952 caffe.cpp:314] Batch 4264, accuracy1+2 = 1
I0418 09:21:26.234055  7952 caffe.cpp:314] Batch 4264, accuracy1+2+3 = 1
I0418 09:21:26.343435  6080 data_layer.cpp:128] Prefetch batch: 109 ms.
I0418 09:21:26.343435  6080 data_layer.cpp:129]      Read time: 0 ms.
I0418 09:21:26.343435  6080 data_layer.cpp:130] Transform time: 109.38 ms.
I0418 09:21:27.202837  7952 caffe.cpp:314] Batch 4265, accuracy1+2 = 1
I0418 09:21:27.202837  7952 caffe.cpp:314] Batch 4265, accuracy1+2+3 = 1
I0418 09:21:27.327849  6080 data_layer.cpp:128] Prefetch batch: 125 ms.
I0418 09:21:27.327849  6080 data_layer.cpp:129]      Read time: 93.757 ms.
I0418 09:21:27.327849  6080 data_layer.cpp:130] Transform time: 31.255 ms.
I0418 09:21:28.187255  7952 caffe.cpp:314] Batch 4266, accuracy1+2 = 1
I0418 09:21:28.187255  7952 caffe.cpp:314] Batch 4266, accuracy1+2+3 = 1
I0418 09:21:28.312265  6080 data_layer.cpp:128] Prefetch batch: 125 ms.
I0418 09:21:28.312265  6080 data_layer.cpp:129]      Read time: 78.13 ms.
I0418 09:21:28.312265  6080 data_layer.cpp:130] Transform time: 46.88 ms.
I0418 09:21:29.156044  7952 caffe.cpp:314] Batch 4267, accuracy1+2 = 1
I0418 09:21:29.156044  7952 caffe.cpp:314] Batch 4267, accuracy1+2+3 = 1
I0418 09:21:29.281044  6080 data_layer.cpp:128] Prefetch batch: 125 ms.
I0418 09:21:29.281044  6080 data_layer.cpp:129]      Read time: 93.752 ms.
I0418 09:21:29.281044  6080 data_layer.cpp:130] Transform time: 31.248 ms.
I0418 09:21:30.124838  7952 caffe.cpp:314] Batch 4268, accuracy1+2 = 1
I0418 09:21:30.124838  7952 caffe.cpp:314] Batch 4268, accuracy1+2+3 = 1
I0418 09:21:30.234207  6080 data_layer.cpp:128] Prefetch batch: 109 ms.
I0418 09:21:30.234207  6080 data_layer.cpp:129]      Read time: 0 ms.
I0418 09:21:30.234207  6080 data_layer.cpp:130] Transform time: 109.369 ms.
I0418 09:21:31.093617  7952 caffe.cpp:314] Batch 4269, accuracy1+2 = 1
I0418 09:21:31.093617  7952 caffe.cpp:314] Batch 4269, accuracy1+2+3 = 1
I0418 09:21:31.218621  6080 data_layer.cpp:128] Prefetch batch: 125 ms.
I0418 09:21:31.218621  6080 data_layer.cpp:129]      Read time: 93.754 ms.
I0418 09:21:31.218621  6080 data_layer.cpp:130] Transform time: 31.25 ms.
I0418 09:21:32.078030  7952 caffe.cpp:314] Batch 4270, accuracy1+2 = 1
I0418 09:21:32.078030  7952 caffe.cpp:314] Batch 4270, accuracy1+2+3 = 1
I0418 09:21:32.203038  6080 data_layer.cpp:128] Prefetch batch: 125 ms.
I0418 09:21:32.203038  6080 data_layer.cpp:129]      Read time: 78.131 ms.
I0418 09:21:32.203038  6080 data_layer.cpp:130] Transform time: 46.877 ms.
I0418 09:21:33.046818  7952 caffe.cpp:314] Batch 4271, accuracy1+2 = 1
I0418 09:21:33.046818  7952 caffe.cpp:314] Batch 4271, accuracy1+2+3 = 1
I0418 09:21:33.171825  6080 data_layer.cpp:128] Prefetch batch: 125 ms.
I0418 09:21:33.171825  6080 data_layer.cpp:129]      Read time: 93.758 ms.
I0418 09:21:33.171825  6080 data_layer.cpp:130] Transform time: 31.25 ms.
I0418 09:21:34.015611  7952 caffe.cpp:314] Batch 4272, accuracy1+2 = 1
I0418 09:21:34.015611  7952 caffe.cpp:314] Batch 4272, accuracy1+2+3 = 1
I0418 09:21:34.124984  6080 data_layer.cpp:128] Prefetch batch: 109 ms.
I0418 09:21:34.124984  6080 data_layer.cpp:129]      Read time: 0 ms.
I0418 09:21:34.124984  6080 data_layer.cpp:130] Transform time: 109.372 ms.
I0418 09:21:34.984410  7952 caffe.cpp:314] Batch 4273, accuracy1+2 = 1
I0418 09:21:34.984410  7952 caffe.cpp:314] Batch 4273, accuracy1+2+3 = 1
I0418 09:21:35.109397  6080 data_layer.cpp:128] Prefetch batch: 124 ms.
I0418 09:21:35.109397  6080 data_layer.cpp:129]      Read time: 93.737 ms.
I0418 09:21:35.109397  6080 data_layer.cpp:130] Transform time: 31.251 ms.
I0418 09:21:35.968807  7952 caffe.cpp:314] Batch 4274, accuracy1+2 = 1
I0418 09:21:35.968807  7952 caffe.cpp:314] Batch 4274, accuracy1+2+3 = 1
I0418 09:21:36.093811  6080 data_layer.cpp:128] Prefetch batch: 125 ms.
I0418 09:21:36.093811  6080 data_layer.cpp:129]      Read time: 78.131 ms.
I0418 09:21:36.093811  6080 data_layer.cpp:130] Transform time: 46.872 ms.
I0418 09:21:36.937595  7952 caffe.cpp:314] Batch 4275, accuracy1+2 = 1
I0418 09:21:36.937595  7952 caffe.cpp:314] Batch 4275, accuracy1+2+3 = 1
I0418 09:21:37.062600  6080 data_layer.cpp:128] Prefetch batch: 125 ms.
I0418 09:21:37.062600  6080 data_layer.cpp:129]      Read time: 93.756 ms.
I0418 09:21:37.062600  6080 data_layer.cpp:130] Transform time: 31.249 ms.
I0418 09:21:37.906384  7952 caffe.cpp:314] Batch 4276, accuracy1+2 = 1
I0418 09:21:37.906384  7952 caffe.cpp:314] Batch 4276, accuracy1+2+3 = 1
I0418 09:21:38.031386  6080 data_layer.cpp:128] Prefetch batch: 125 ms.
I0418 09:21:38.031386  6080 data_layer.cpp:129]      Read time: 93.755 ms.
I0418 09:21:38.031386  6080 data_layer.cpp:130] Transform time: 31.247 ms.
I0418 09:21:38.875175  7952 caffe.cpp:314] Batch 4277, accuracy1+2 = 1
I0418 09:21:38.875175  7952 caffe.cpp:314] Batch 4277, accuracy1+2+3 = 1
I0418 09:21:38.984549  6080 data_layer.cpp:128] Prefetch batch: 109 ms.
I0418 09:21:38.984549  6080 data_layer.cpp:129]      Read time: 15.627 ms.
I0418 09:21:38.984549  6080 data_layer.cpp:130] Transform time: 93.747 ms.
I0418 09:21:39.859586  7952 caffe.cpp:314] Batch 4278, accuracy1+2 = 0
I0418 09:21:39.859586  7952 caffe.cpp:314] Batch 4278, accuracy1+2+3 = 0
I0418 09:21:39.984587  6080 data_layer.cpp:128] Prefetch batch: 125 ms.
I0418 09:21:39.984587  6080 data_layer.cpp:129]      Read time: 78.131 ms.
I0418 09:21:39.984587  6080 data_layer.cpp:130] Transform time: 46.87 ms.
I0418 09:21:40.828372  7952 caffe.cpp:314] Batch 4279, accuracy1+2 = 1
I0418 09:21:40.828372  7952 caffe.cpp:314] Batch 4279, accuracy1+2+3 = 1
I0418 09:21:40.953377  6080 data_layer.cpp:128] Prefetch batch: 125 ms.
I0418 09:21:40.953377  6080 data_layer.cpp:129]      Read time: 93.761 ms.
I0418 09:21:40.953377  6080 data_layer.cpp:130] Transform time: 31.244 ms.
I0418 09:21:41.812786  7952 caffe.cpp:314] Batch 4280, accuracy1+2 = 1
I0418 09:21:41.812786  7952 caffe.cpp:314] Batch 4280, accuracy1+2+3 = 1
I0418 09:21:41.937789  6080 data_layer.cpp:128] Prefetch batch: 125 ms.
I0418 09:21:41.937789  6080 data_layer.cpp:129]      Read time: 93.753 ms.
I0418 09:21:41.937789  6080 data_layer.cpp:130] Transform time: 31.25 ms.
I0418 09:21:42.797205  7952 caffe.cpp:314] Batch 4281, accuracy1+2 = 1
I0418 09:21:42.797205  7952 caffe.cpp:314] Batch 4281, accuracy1+2+3 = 1
I0418 09:21:42.922204  6080 data_layer.cpp:128] Prefetch batch: 124 ms.
I0418 09:21:42.922204  6080 data_layer.cpp:129]      Read time: 78.125 ms.
I0418 09:21:42.922204  6080 data_layer.cpp:130] Transform time: 46.873 ms.
I0418 09:21:43.765990  7952 caffe.cpp:314] Batch 4282, accuracy1+2 = 1
I0418 09:21:43.765990  7952 caffe.cpp:314] Batch 4282, accuracy1+2+3 = 1
I0418 09:21:43.890995  6080 data_layer.cpp:128] Prefetch batch: 125 ms.
I0418 09:21:43.890995  6080 data_layer.cpp:129]      Read time: 93.753 ms.
I0418 09:21:43.890995  6080 data_layer.cpp:130] Transform time: 31.253 ms.
I0418 09:21:44.734777  7952 caffe.cpp:314] Batch 4283, accuracy1+2 = 1
I0418 09:21:44.734777  7952 caffe.cpp:314] Batch 4283, accuracy1+2+3 = 1
I0418 09:21:44.844159  6080 data_layer.cpp:128] Prefetch batch: 109 ms.
I0418 09:21:44.844159  6080 data_layer.cpp:129]      Read time: 0 ms.
I0418 09:21:44.844159  6080 data_layer.cpp:130] Transform time: 109.382 ms.
I0418 09:21:45.734819  7952 caffe.cpp:314] Batch 4284, accuracy1+2 = 1
I0418 09:21:45.734819  7952 caffe.cpp:314] Batch 4284, accuracy1+2+3 = 1
I0418 09:21:45.859824  6080 data_layer.cpp:128] Prefetch batch: 125 ms.
I0418 09:21:45.859824  6080 data_layer.cpp:129]      Read time: 93.762 ms.
I0418 09:21:45.859824  6080 data_layer.cpp:130] Transform time: 31.243 ms.
I0418 09:21:46.719233  7952 caffe.cpp:314] Batch 4285, accuracy1+2 = 1
I0418 09:21:46.719233  7952 caffe.cpp:314] Batch 4285, accuracy1+2+3 = 1
I0418 09:21:46.844238  6080 data_layer.cpp:128] Prefetch batch: 125 ms.
I0418 09:21:46.844238  6080 data_layer.cpp:129]      Read time: 93.754 ms.
I0418 09:21:46.844238  6080 data_layer.cpp:130] Transform time: 31.251 ms.
I0418 09:21:47.703645  7952 caffe.cpp:314] Batch 4286, accuracy1+2 = 1
I0418 09:21:47.703645  7952 caffe.cpp:314] Batch 4286, accuracy1+2+3 = 1
I0418 09:21:47.797401  6080 data_layer.cpp:128] Prefetch batch: 93 ms.
I0418 09:21:47.797401  6080 data_layer.cpp:129]      Read time: 0 ms.
I0418 09:21:47.797401  6080 data_layer.cpp:130] Transform time: 93.756 ms.
I0418 09:21:48.672426  7952 caffe.cpp:314] Batch 4287, accuracy1+2 = 1
I0418 09:21:48.672426  7952 caffe.cpp:314] Batch 4287, accuracy1+2+3 = 1
I0418 09:21:48.797441  6080 data_layer.cpp:128] Prefetch batch: 125 ms.
I0418 09:21:48.797441  6080 data_layer.cpp:129]      Read time: 93.763 ms.
I0418 09:21:48.797441  6080 data_layer.cpp:130] Transform time: 31.251 ms.
I0418 09:21:49.656846  7952 caffe.cpp:314] Batch 4288, accuracy1+2 = 1
I0418 09:21:49.656846  7952 caffe.cpp:314] Batch 4288, accuracy1+2+3 = 1
I0418 09:21:49.781841  6080 data_layer.cpp:128] Prefetch batch: 124 ms.
I0418 09:21:49.781841  6080 data_layer.cpp:129]      Read time: 78.118 ms.
I0418 09:21:49.781841  6080 data_layer.cpp:130] Transform time: 46.877 ms.
I0418 09:21:50.625623  7952 caffe.cpp:314] Batch 4289, accuracy1+2 = 1
I0418 09:21:50.625623  7952 caffe.cpp:314] Batch 4289, accuracy1+2+3 = 1
I0418 09:21:50.828757  6080 data_layer.cpp:128] Prefetch batch: 203 ms.
I0418 09:21:50.828757  6080 data_layer.cpp:129]      Read time: 171.882 ms.
I0418 09:21:50.828757  6080 data_layer.cpp:130] Transform time: 31.251 ms.
I0418 09:21:51.610038  7952 caffe.cpp:314] Batch 4290, accuracy1+2 = 1
I0418 09:21:51.610038  7952 caffe.cpp:314] Batch 4290, accuracy1+2+3 = 1
I0418 09:21:51.891299  6080 data_layer.cpp:128] Prefetch batch: 281 ms.
I0418 09:21:51.891299  6080 data_layer.cpp:129]      Read time: 250.01 ms.
I0418 09:21:51.891299  6080 data_layer.cpp:130] Transform time: 31.251 ms.
I0418 09:21:52.594460  7952 caffe.cpp:314] Batch 4291, accuracy1+2 = 1
I0418 09:21:52.594460  7952 caffe.cpp:314] Batch 4291, accuracy1+2+3 = 1
I0418 09:21:52.735095  6080 data_layer.cpp:128] Prefetch batch: 140 ms.
I0418 09:21:52.735095  6080 data_layer.cpp:129]      Read time: 93.755 ms.
I0418 09:21:52.735095  6080 data_layer.cpp:130] Transform time: 46.88 ms.
I0418 09:21:53.578876  7952 caffe.cpp:314] Batch 4292, accuracy1+2 = 1
I0418 09:21:53.578876  7952 caffe.cpp:314] Batch 4292, accuracy1+2+3 = 1
I0418 09:21:53.688254  6080 data_layer.cpp:128] Prefetch batch: 109 ms.
I0418 09:21:53.688254  6080 data_layer.cpp:129]      Read time: 0 ms.
I0418 09:21:53.688254  6080 data_layer.cpp:130] Transform time: 109.378 ms.
I0418 09:21:54.594528  7952 caffe.cpp:314] Batch 4293, accuracy1+2 = 1
I0418 09:21:54.594528  7952 caffe.cpp:314] Batch 4293, accuracy1+2+3 = 1
I0418 09:21:54.719532  6080 data_layer.cpp:128] Prefetch batch: 125 ms.
I0418 09:21:54.719532  6080 data_layer.cpp:129]      Read time: 78.127 ms.
I0418 09:21:54.719532  6080 data_layer.cpp:130] Transform time: 46.877 ms.
I0418 09:21:55.594568  7952 caffe.cpp:314] Batch 4294, accuracy1+2 = 1
I0418 09:21:55.594568  7952 caffe.cpp:314] Batch 4294, accuracy1+2+3 = 1
I0418 09:21:55.719573  6080 data_layer.cpp:128] Prefetch batch: 125 ms.
I0418 09:21:55.719573  6080 data_layer.cpp:129]      Read time: 93.754 ms.
I0418 09:21:55.719573  6080 data_layer.cpp:130] Transform time: 31.251 ms.
I0418 09:21:56.594621  7952 caffe.cpp:314] Batch 4295, accuracy1+2 = 1
I0418 09:21:56.594621  7952 caffe.cpp:314] Batch 4295, accuracy1+2+3 = 1
I0418 09:21:56.688370  6080 data_layer.cpp:128] Prefetch batch: 93 ms.
I0418 09:21:56.688370  6080 data_layer.cpp:129]      Read time: 0 ms.
I0418 09:21:56.688370  6080 data_layer.cpp:130] Transform time: 93.749 ms.
I0418 09:21:57.579027  7952 caffe.cpp:314] Batch 4296, accuracy1+2 = 1
I0418 09:21:57.579027  7952 caffe.cpp:314] Batch 4296, accuracy1+2+3 = 1
I0418 09:21:57.704035  6080 data_layer.cpp:128] Prefetch batch: 125 ms.
I0418 09:21:57.704035  6080 data_layer.cpp:129]      Read time: 78.129 ms.
I0418 09:21:57.704035  6080 data_layer.cpp:130] Transform time: 46.878 ms.
I0418 09:21:58.547817  7952 caffe.cpp:314] Batch 4297, accuracy1+2 = 1
I0418 09:21:58.547817  7952 caffe.cpp:314] Batch 4297, accuracy1+2+3 = 1
I0418 09:21:58.672823  6080 data_layer.cpp:128] Prefetch batch: 125 ms.
I0418 09:21:58.672823  6080 data_layer.cpp:129]      Read time: 93.752 ms.
I0418 09:21:58.672823  6080 data_layer.cpp:130] Transform time: 31.254 ms.
I0418 09:21:59.532235  7952 caffe.cpp:314] Batch 4298, accuracy1+2 = 1
I0418 09:21:59.532235  7952 caffe.cpp:314] Batch 4298, accuracy1+2+3 = 1
I0418 09:21:59.657240  6080 data_layer.cpp:128] Prefetch batch: 125 ms.
I0418 09:21:59.657240  6080 data_layer.cpp:129]      Read time: 93.756 ms.
I0418 09:21:59.657240  6080 data_layer.cpp:130] Transform time: 31.249 ms.
I0418 09:22:00.516651  7952 caffe.cpp:314] Batch 4299, accuracy1+2 = 1
I0418 09:22:00.516651  7952 caffe.cpp:314] Batch 4299, accuracy1+2+3 = 1
I0418 09:22:00.641651  6080 data_layer.cpp:128] Prefetch batch: 125 ms.
I0418 09:22:00.641651  6080 data_layer.cpp:129]      Read time: 78.123 ms.
I0418 09:22:00.641651  6080 data_layer.cpp:130] Transform time: 46.877 ms.
I0418 09:22:01.485435  7952 caffe.cpp:314] Batch 4300, accuracy1+2 = 1
I0418 09:22:01.485435  7952 caffe.cpp:314] Batch 4300, accuracy1+2+3 = 1
I0418 09:22:01.594813  6080 data_layer.cpp:128] Prefetch batch: 109 ms.
I0418 09:22:01.594813  6080 data_layer.cpp:129]      Read time: 0 ms.
I0418 09:22:01.594813  6080 data_layer.cpp:130] Transform time: 109.379 ms.
I0418 09:22:02.454221  7952 caffe.cpp:314] Batch 4301, accuracy1+2 = 1
I0418 09:22:02.454221  7952 caffe.cpp:314] Batch 4301, accuracy1+2+3 = 1
I0418 09:22:02.579234  6080 data_layer.cpp:128] Prefetch batch: 125 ms.
I0418 09:22:02.579234  6080 data_layer.cpp:129]      Read time: 93.757 ms.
I0418 09:22:02.579234  6080 data_layer.cpp:130] Transform time: 31.256 ms.
I0418 09:22:03.438638  7952 caffe.cpp:314] Batch 4302, accuracy1+2 = 0
I0418 09:22:03.438638  7952 caffe.cpp:314] Batch 4302, accuracy1+2+3 = 0
I0418 09:22:03.563644  6080 data_layer.cpp:128] Prefetch batch: 125 ms.
I0418 09:22:03.563644  6080 data_layer.cpp:129]      Read time: 78.123 ms.
I0418 09:22:03.563644  6080 data_layer.cpp:130] Transform time: 46.883 ms.
I0418 09:22:04.407421  7952 caffe.cpp:314] Batch 4303, accuracy1+2 = 1
I0418 09:22:04.407421  7952 caffe.cpp:314] Batch 4303, accuracy1+2+3 = 1
I0418 09:22:04.532433  6080 data_layer.cpp:128] Prefetch batch: 125 ms.
I0418 09:22:04.532433  6080 data_layer.cpp:129]      Read time: 93.747 ms.
I0418 09:22:04.532433  6080 data_layer.cpp:130] Transform time: 31.264 ms.
I0418 09:22:05.391836  7952 caffe.cpp:314] Batch 4304, accuracy1+2 = 1
I0418 09:22:05.391836  7952 caffe.cpp:314] Batch 4304, accuracy1+2+3 = 1
I0418 09:22:05.516839  6080 data_layer.cpp:128] Prefetch batch: 125 ms.
I0418 09:22:05.516839  6080 data_layer.cpp:129]      Read time: 93.753 ms.
I0418 09:22:05.516839  6080 data_layer.cpp:130] Transform time: 31.25 ms.
I0418 09:22:06.360625  7952 caffe.cpp:314] Batch 4305, accuracy1+2 = 1
I0418 09:22:06.360625  7952 caffe.cpp:314] Batch 4305, accuracy1+2+3 = 1
I0418 09:22:06.485630  6080 data_layer.cpp:128] Prefetch batch: 125 ms.
I0418 09:22:06.485630  6080 data_layer.cpp:129]      Read time: 93.751 ms.
I0418 09:22:06.485630  6080 data_layer.cpp:130] Transform time: 31.254 ms.
I0418 09:22:07.345043  7952 caffe.cpp:314] Batch 4306, accuracy1+2 = 1
I0418 09:22:07.345043  7952 caffe.cpp:314] Batch 4306, accuracy1+2+3 = 1
I0418 09:22:07.454417  6080 data_layer.cpp:128] Prefetch batch: 109 ms.
I0418 09:22:07.454417  6080 data_layer.cpp:129]      Read time: 0 ms.
I0418 09:22:07.454417  6080 data_layer.cpp:130] Transform time: 109.374 ms.
I0418 09:22:08.329454  7952 caffe.cpp:314] Batch 4307, accuracy1+2 = 1
I0418 09:22:08.329454  7952 caffe.cpp:314] Batch 4307, accuracy1+2+3 = 1
I0418 09:22:08.454457  6080 data_layer.cpp:128] Prefetch batch: 125 ms.
I0418 09:22:08.454457  6080 data_layer.cpp:129]      Read time: 78.131 ms.
I0418 09:22:08.454457  6080 data_layer.cpp:130] Transform time: 46.871 ms.
I0418 09:22:09.298243  7952 caffe.cpp:314] Batch 4308, accuracy1+2 = 1
I0418 09:22:09.298243  7952 caffe.cpp:314] Batch 4308, accuracy1+2+3 = 1
I0418 09:22:09.423244  6080 data_layer.cpp:128] Prefetch batch: 125 ms.
I0418 09:22:09.423244  6080 data_layer.cpp:129]      Read time: 93.753 ms.
I0418 09:22:09.423244  6080 data_layer.cpp:130] Transform time: 31.248 ms.
I0418 09:22:10.282657  7952 caffe.cpp:314] Batch 4309, accuracy1+2 = 1
I0418 09:22:10.282657  7952 caffe.cpp:314] Batch 4309, accuracy1+2+3 = 1
I0418 09:22:10.407665  6080 data_layer.cpp:128] Prefetch batch: 125 ms.
I0418 09:22:10.407665  6080 data_layer.cpp:129]      Read time: 93.755 ms.
I0418 09:22:10.407665  6080 data_layer.cpp:130] Transform time: 31.252 ms.
I0418 09:22:11.267069  7952 caffe.cpp:314] Batch 4310, accuracy1+2 = 1
I0418 09:22:11.267069  7952 caffe.cpp:314] Batch 4310, accuracy1+2+3 = 1
I0418 09:22:11.360821  6080 data_layer.cpp:128] Prefetch batch: 93 ms.
I0418 09:22:11.360821  6080 data_layer.cpp:129]      Read time: 0 ms.
I0418 09:22:11.360821  6080 data_layer.cpp:130] Transform time: 93.751 ms.
I0418 09:22:12.235857  7952 caffe.cpp:314] Batch 4311, accuracy1+2 = 1
I0418 09:22:12.235857  7952 caffe.cpp:314] Batch 4311, accuracy1+2+3 = 1
I0418 09:22:12.360867  6080 data_layer.cpp:128] Prefetch batch: 125 ms.
I0418 09:22:12.360867  6080 data_layer.cpp:129]      Read time: 93.755 ms.
I0418 09:22:12.360867  6080 data_layer.cpp:130] Transform time: 31.254 ms.
I0418 09:22:13.220270  7952 caffe.cpp:314] Batch 4312, accuracy1+2 = 1
I0418 09:22:13.220270  7952 caffe.cpp:314] Batch 4312, accuracy1+2+3 = 1
I0418 09:22:13.345274  6080 data_layer.cpp:128] Prefetch batch: 125 ms.
I0418 09:22:13.345274  6080 data_layer.cpp:129]      Read time: 78.128 ms.
I0418 09:22:13.345274  6080 data_layer.cpp:130] Transform time: 46.876 ms.
I0418 09:22:14.189059  7952 caffe.cpp:314] Batch 4313, accuracy1+2 = 1
I0418 09:22:14.189059  7952 caffe.cpp:314] Batch 4313, accuracy1+2+3 = 1
I0418 09:22:14.314061  6080 data_layer.cpp:128] Prefetch batch: 125 ms.
I0418 09:22:14.314061  6080 data_layer.cpp:129]      Read time: 93.753 ms.
I0418 09:22:14.314061  6080 data_layer.cpp:130] Transform time: 31.25 ms.
I0418 09:22:15.173470  7952 caffe.cpp:314] Batch 4314, accuracy1+2 = 1
I0418 09:22:15.173470  7952 caffe.cpp:314] Batch 4314, accuracy1+2+3 = 1
I0418 09:22:15.298475  6080 data_layer.cpp:128] Prefetch batch: 125 ms.
I0418 09:22:15.298475  6080 data_layer.cpp:129]      Read time: 93.758 ms.
I0418 09:22:15.298475  6080 data_layer.cpp:130] Transform time: 31.246 ms.
I0418 09:22:16.157884  7952 caffe.cpp:314] Batch 4315, accuracy1+2 = 1
I0418 09:22:16.157884  7952 caffe.cpp:314] Batch 4315, accuracy1+2+3 = 1
I0418 09:22:16.251633  6080 data_layer.cpp:128] Prefetch batch: 93 ms.
I0418 09:22:16.251633  6080 data_layer.cpp:129]      Read time: 0 ms.
I0418 09:22:16.251633  6080 data_layer.cpp:130] Transform time: 93.749 ms.
I0418 09:22:17.126673  7952 caffe.cpp:314] Batch 4316, accuracy1+2 = 1
I0418 09:22:17.126673  7952 caffe.cpp:314] Batch 4316, accuracy1+2+3 = 1
I0418 09:22:17.251680  6080 data_layer.cpp:128] Prefetch batch: 125 ms.
I0418 09:22:17.251680  6080 data_layer.cpp:129]      Read time: 93.756 ms.
I0418 09:22:17.251680  6080 data_layer.cpp:130] Transform time: 31.251 ms.
I0418 09:22:18.095463  7952 caffe.cpp:314] Batch 4317, accuracy1+2 = 1
I0418 09:22:18.095463  7952 caffe.cpp:314] Batch 4317, accuracy1+2+3 = 1
I0418 09:22:18.220463  6080 data_layer.cpp:128] Prefetch batch: 124 ms.
I0418 09:22:18.220463  6080 data_layer.cpp:129]      Read time: 93.749 ms.
I0418 09:22:18.220463  6080 data_layer.cpp:130] Transform time: 31.25 ms.
I0418 09:22:19.079877  7952 caffe.cpp:314] Batch 4318, accuracy1+2 = 1
I0418 09:22:19.079877  7952 caffe.cpp:314] Batch 4318, accuracy1+2+3 = 1
I0418 09:22:19.204882  6080 data_layer.cpp:128] Prefetch batch: 125 ms.
I0418 09:22:19.204882  6080 data_layer.cpp:129]      Read time: 78.13 ms.
I0418 09:22:19.204882  6080 data_layer.cpp:130] Transform time: 46.875 ms.
I0418 09:22:20.048666  7952 caffe.cpp:314] Batch 4319, accuracy1+2 = 1
I0418 09:22:20.048666  7952 caffe.cpp:314] Batch 4319, accuracy1+2+3 = 1
I0418 09:22:20.142415  6080 data_layer.cpp:128] Prefetch batch: 93 ms.
I0418 09:22:20.142415  6080 data_layer.cpp:129]      Read time: 0 ms.
I0418 09:22:20.158042  6080 data_layer.cpp:130] Transform time: 93.748 ms.
I0418 09:22:21.017454  7952 caffe.cpp:314] Batch 4320, accuracy1+2 = 1
I0418 09:22:21.017454  7952 caffe.cpp:314] Batch 4320, accuracy1+2+3 = 1
I0418 09:22:21.142457  6080 data_layer.cpp:128] Prefetch batch: 125 ms.
I0418 09:22:21.142457  6080 data_layer.cpp:129]      Read time: 93.753 ms.
I0418 09:22:21.142457  6080 data_layer.cpp:130] Transform time: 31.249 ms.
I0418 09:22:21.986240  7952 caffe.cpp:314] Batch 4321, accuracy1+2 = 1
I0418 09:22:21.986240  7952 caffe.cpp:314] Batch 4321, accuracy1+2+3 = 1
I0418 09:22:22.111240  6080 data_layer.cpp:128] Prefetch batch: 125 ms.
I0418 09:22:22.111240  6080 data_layer.cpp:129]      Read time: 93.754 ms.
I0418 09:22:22.111240  6080 data_layer.cpp:130] Transform time: 31.246 ms.
I0418 09:22:22.955024  7952 caffe.cpp:314] Batch 4322, accuracy1+2 = 1
I0418 09:22:22.955024  7952 caffe.cpp:314] Batch 4322, accuracy1+2+3 = 1
I0418 09:22:23.095654  6080 data_layer.cpp:128] Prefetch batch: 140 ms.
I0418 09:22:23.095654  6080 data_layer.cpp:129]      Read time: 93.763 ms.
I0418 09:22:23.095654  6080 data_layer.cpp:130] Transform time: 46.867 ms.
I0418 09:22:23.939447  7952 caffe.cpp:314] Batch 4323, accuracy1+2 = 1
I0418 09:22:23.939447  7952 caffe.cpp:314] Batch 4323, accuracy1+2+3 = 1
I0418 09:22:24.064440  6080 data_layer.cpp:128] Prefetch batch: 124 ms.
I0418 09:22:24.064440  6080 data_layer.cpp:129]      Read time: 93.745 ms.
I0418 09:22:24.064440  6080 data_layer.cpp:130] Transform time: 31.248 ms.
I0418 09:22:24.908226  7952 caffe.cpp:314] Batch 4324, accuracy1+2 = 1
I0418 09:22:24.908226  7952 caffe.cpp:314] Batch 4324, accuracy1+2+3 = 1
I0418 09:22:25.017607  6080 data_layer.cpp:128] Prefetch batch: 109 ms.
I0418 09:22:25.017607  6080 data_layer.cpp:129]      Read time: 0 ms.
I0418 09:22:25.017607  6080 data_layer.cpp:130] Transform time: 109.382 ms.
I0418 09:22:25.877020  7952 caffe.cpp:314] Batch 4325, accuracy1+2 = 1
I0418 09:22:25.877020  7952 caffe.cpp:314] Batch 4325, accuracy1+2+3 = 1
I0418 09:22:26.002022  6080 data_layer.cpp:128] Prefetch batch: 125 ms.
I0418 09:22:26.002022  6080 data_layer.cpp:129]      Read time: 93.746 ms.
I0418 09:22:26.002022  6080 data_layer.cpp:130] Transform time: 31.255 ms.
I0418 09:22:26.861430  7952 caffe.cpp:314] Batch 4326, accuracy1+2 = 1
I0418 09:22:26.861430  7952 caffe.cpp:314] Batch 4326, accuracy1+2+3 = 1
I0418 09:22:26.986435  6080 data_layer.cpp:128] Prefetch batch: 125 ms.
I0418 09:22:26.986435  6080 data_layer.cpp:129]      Read time: 78.133 ms.
I0418 09:22:26.986435  6080 data_layer.cpp:130] Transform time: 46.872 ms.
I0418 09:22:27.830214  7952 caffe.cpp:314] Batch 4327, accuracy1+2 = 1
I0418 09:22:27.830214  7952 caffe.cpp:314] Batch 4327, accuracy1+2+3 = 1
I0418 09:22:27.923974  6080 data_layer.cpp:128] Prefetch batch: 93 ms.
I0418 09:22:27.923974  6080 data_layer.cpp:129]      Read time: 0 ms.
I0418 09:22:27.923974  6080 data_layer.cpp:130] Transform time: 93.759 ms.
I0418 09:22:28.799006  7952 caffe.cpp:314] Batch 4328, accuracy1+2 = 1
I0418 09:22:28.799006  7952 caffe.cpp:314] Batch 4328, accuracy1+2+3 = 1
I0418 09:22:28.924012  6080 data_layer.cpp:128] Prefetch batch: 125 ms.
I0418 09:22:28.924012  6080 data_layer.cpp:129]      Read time: 93.757 ms.
I0418 09:22:28.924012  6080 data_layer.cpp:130] Transform time: 31.249 ms.
I0418 09:22:29.767794  7952 caffe.cpp:314] Batch 4329, accuracy1+2 = 1
I0418 09:22:29.767794  7952 caffe.cpp:314] Batch 4329, accuracy1+2+3 = 1
I0418 09:22:29.892793  6080 data_layer.cpp:128] Prefetch batch: 124 ms.
I0418 09:22:29.892793  6080 data_layer.cpp:129]      Read time: 93.757 ms.
I0418 09:22:29.892793  6080 data_layer.cpp:130] Transform time: 31.242 ms.
I0418 09:22:30.752212  7952 caffe.cpp:314] Batch 4330, accuracy1+2 = 1
I0418 09:22:30.752212  7952 caffe.cpp:314] Batch 4330, accuracy1+2+3 = 1
I0418 09:22:30.845963  6080 data_layer.cpp:128] Prefetch batch: 93 ms.
I0418 09:22:30.845963  6080 data_layer.cpp:129]      Read time: 0 ms.
I0418 09:22:30.845963  6080 data_layer.cpp:130] Transform time: 93.752 ms.
I0418 09:22:31.752249  7952 caffe.cpp:314] Batch 4331, accuracy1+2 = 1
I0418 09:22:31.752249  7952 caffe.cpp:314] Batch 4331, accuracy1+2+3 = 1
I0418 09:22:31.877249  6080 data_layer.cpp:128] Prefetch batch: 125 ms.
I0418 09:22:31.877249  6080 data_layer.cpp:129]      Read time: 78.125 ms.
I0418 09:22:31.877249  6080 data_layer.cpp:130] Transform time: 46.875 ms.
I0418 09:22:32.752282  7952 caffe.cpp:314] Batch 4332, accuracy1+2 = 1
I0418 09:22:32.752282  7952 caffe.cpp:314] Batch 4332, accuracy1+2+3 = 1
I0418 09:22:32.877287  6080 data_layer.cpp:128] Prefetch batch: 125 ms.
I0418 09:22:32.877287  6080 data_layer.cpp:129]      Read time: 93.758 ms.
I0418 09:22:32.877287  6080 data_layer.cpp:130] Transform time: 31.247 ms.
I0418 09:22:33.721071  7952 caffe.cpp:314] Batch 4333, accuracy1+2 = 1
I0418 09:22:33.721071  7952 caffe.cpp:314] Batch 4333, accuracy1+2+3 = 1
I0418 09:22:33.861706  6080 data_layer.cpp:128] Prefetch batch: 140 ms.
I0418 09:22:33.861706  6080 data_layer.cpp:129]      Read time: 93.755 ms.
I0418 09:22:33.861706  6080 data_layer.cpp:130] Transform time: 46.88 ms.
I0418 09:22:34.705484  7952 caffe.cpp:314] Batch 4334, accuracy1+2 = 1
I0418 09:22:34.705484  7952 caffe.cpp:314] Batch 4334, accuracy1+2+3 = 1
I0418 09:22:34.830490  6080 data_layer.cpp:128] Prefetch batch: 125 ms.
I0418 09:22:34.830490  6080 data_layer.cpp:129]      Read time: 93.761 ms.
I0418 09:22:34.830490  6080 data_layer.cpp:130] Transform time: 31.245 ms.
I0418 09:22:35.674274  7952 caffe.cpp:314] Batch 4335, accuracy1+2 = 1
I0418 09:22:35.674274  7952 caffe.cpp:314] Batch 4335, accuracy1+2+3 = 1
I0418 09:22:35.783656  6080 data_layer.cpp:128] Prefetch batch: 109 ms.
I0418 09:22:35.783656  6080 data_layer.cpp:129]      Read time: 0 ms.
I0418 09:22:35.783656  6080 data_layer.cpp:130] Transform time: 109.382 ms.
I0418 09:22:36.643062  7952 caffe.cpp:314] Batch 4336, accuracy1+2 = 1
I0418 09:22:36.643062  7952 caffe.cpp:314] Batch 4336, accuracy1+2+3 = 1
I0418 09:22:36.768064  6080 data_layer.cpp:128] Prefetch batch: 125 ms.
I0418 09:22:36.768064  6080 data_layer.cpp:129]      Read time: 93.753 ms.
I0418 09:22:36.768064  6080 data_layer.cpp:130] Transform time: 31.248 ms.
I0418 09:22:37.611852  7952 caffe.cpp:314] Batch 4337, accuracy1+2 = 1
I0418 09:22:37.627475  7952 caffe.cpp:314] Batch 4337, accuracy1+2+3 = 1
I0418 09:22:37.752481  6080 data_layer.cpp:128] Prefetch batch: 125 ms.
I0418 09:22:37.752481  6080 data_layer.cpp:129]      Read time: 78.134 ms.
I0418 09:22:37.752481  6080 data_layer.cpp:130] Transform time: 46.872 ms.
I0418 09:22:38.596268  7952 caffe.cpp:314] Batch 4338, accuracy1+2 = 1
I0418 09:22:38.596268  7952 caffe.cpp:314] Batch 4338, accuracy1+2+3 = 1
I0418 09:22:38.721269  6080 data_layer.cpp:128] Prefetch batch: 125 ms.
I0418 09:22:38.721269  6080 data_layer.cpp:129]      Read time: 78.124 ms.
I0418 09:22:38.721269  6080 data_layer.cpp:130] Transform time: 46.877 ms.
I0418 09:22:39.565053  7952 caffe.cpp:314] Batch 4339, accuracy1+2 = 1
I0418 09:22:39.565053  7952 caffe.cpp:314] Batch 4339, accuracy1+2+3 = 1
I0418 09:22:39.674437  6080 data_layer.cpp:128] Prefetch batch: 109 ms.
I0418 09:22:39.674437  6080 data_layer.cpp:129]      Read time: 0 ms.
I0418 09:22:39.674437  6080 data_layer.cpp:130] Transform time: 109.383 ms.
I0418 09:22:40.533838  7952 caffe.cpp:314] Batch 4340, accuracy1+2 = 1
I0418 09:22:40.533838  7952 caffe.cpp:314] Batch 4340, accuracy1+2+3 = 1
I0418 09:22:40.658848  6080 data_layer.cpp:128] Prefetch batch: 125 ms.
I0418 09:22:40.658848  6080 data_layer.cpp:129]      Read time: 93.76 ms.
I0418 09:22:40.658848  6080 data_layer.cpp:130] Transform time: 31.249 ms.
I0418 09:22:41.518256  7952 caffe.cpp:314] Batch 4341, accuracy1+2 = 1
I0418 09:22:41.518256  7952 caffe.cpp:314] Batch 4341, accuracy1+2+3 = 1
I0418 09:22:41.643256  6080 data_layer.cpp:128] Prefetch batch: 125 ms.
I0418 09:22:41.643256  6080 data_layer.cpp:129]      Read time: 78.126 ms.
I0418 09:22:41.643256  6080 data_layer.cpp:130] Transform time: 46.874 ms.
I0418 09:22:42.487041  7952 caffe.cpp:314] Batch 4342, accuracy1+2 = 1
I0418 09:22:42.487041  7952 caffe.cpp:314] Batch 4342, accuracy1+2+3 = 1
I0418 09:22:42.612046  6080 data_layer.cpp:128] Prefetch batch: 125 ms.
I0418 09:22:42.612046  6080 data_layer.cpp:129]      Read time: 93.757 ms.
I0418 09:22:42.612046  6080 data_layer.cpp:130] Transform time: 31.248 ms.
I0418 09:22:43.455828  7952 caffe.cpp:314] Batch 4343, accuracy1+2 = 1
I0418 09:22:43.455828  7952 caffe.cpp:314] Batch 4343, accuracy1+2+3 = 1
I0418 09:22:43.565214  6080 data_layer.cpp:128] Prefetch batch: 109 ms.
I0418 09:22:43.565214  6080 data_layer.cpp:129]      Read time: 0 ms.
I0418 09:22:43.565214  6080 data_layer.cpp:130] Transform time: 109.386 ms.
I0418 09:22:44.440245  7952 caffe.cpp:314] Batch 4344, accuracy1+2 = 1
I0418 09:22:44.440245  7952 caffe.cpp:314] Batch 4344, accuracy1+2+3 = 1
I0418 09:22:44.565246  6080 data_layer.cpp:128] Prefetch batch: 125 ms.
I0418 09:22:44.565246  6080 data_layer.cpp:129]      Read time: 78.125 ms.
I0418 09:22:44.565246  6080 data_layer.cpp:130] Transform time: 46.876 ms.
I0418 09:22:45.409031  7952 caffe.cpp:314] Batch 4345, accuracy1+2 = 1
I0418 09:22:45.409031  7952 caffe.cpp:314] Batch 4345, accuracy1+2+3 = 1
I0418 09:22:45.534041  6080 data_layer.cpp:128] Prefetch batch: 125 ms.
I0418 09:22:45.534041  6080 data_layer.cpp:129]      Read time: 93.758 ms.
I0418 09:22:45.534041  6080 data_layer.cpp:130] Transform time: 31.252 ms.
I0418 09:22:46.377823  7952 caffe.cpp:314] Batch 4346, accuracy1+2 = 1
I0418 09:22:46.377823  7952 caffe.cpp:314] Batch 4346, accuracy1+2+3 = 1
I0418 09:22:46.502825  6080 data_layer.cpp:128] Prefetch batch: 125 ms.
I0418 09:22:46.502825  6080 data_layer.cpp:129]      Read time: 93.752 ms.
I0418 09:22:46.502825  6080 data_layer.cpp:130] Transform time: 31.25 ms.
I0418 09:22:47.362237  7952 caffe.cpp:314] Batch 4347, accuracy1+2 = 1
I0418 09:22:47.362237  7952 caffe.cpp:314] Batch 4347, accuracy1+2+3 = 0
I0418 09:22:47.487241  6080 data_layer.cpp:128] Prefetch batch: 125 ms.
I0418 09:22:47.487241  6080 data_layer.cpp:129]      Read time: 78.127 ms.
I0418 09:22:47.487241  6080 data_layer.cpp:130] Transform time: 46.876 ms.
I0418 09:22:48.331025  7952 caffe.cpp:314] Batch 4348, accuracy1+2 = 1
I0418 09:22:48.331025  7952 caffe.cpp:314] Batch 4348, accuracy1+2+3 = 1
I0418 09:22:48.424775  6080 data_layer.cpp:128] Prefetch batch: 93 ms.
I0418 09:22:48.424775  6080 data_layer.cpp:129]      Read time: 0 ms.
I0418 09:22:48.424775  6080 data_layer.cpp:130] Transform time: 93.75 ms.
I0418 09:22:49.299808  7952 caffe.cpp:314] Batch 4349, accuracy1+2 = 1
I0418 09:22:49.299808  7952 caffe.cpp:314] Batch 4349, accuracy1+2+3 = 1
I0418 09:22:49.424818  6080 data_layer.cpp:128] Prefetch batch: 125 ms.
I0418 09:22:49.424818  6080 data_layer.cpp:129]      Read time: 93.759 ms.
I0418 09:22:49.424818  6080 data_layer.cpp:130] Transform time: 31.25 ms.
I0418 09:22:50.268601  7952 caffe.cpp:314] Batch 4350, accuracy1+2 = 1
I0418 09:22:50.268601  7952 caffe.cpp:314] Batch 4350, accuracy1+2+3 = 1
I0418 09:22:50.393606  6080 data_layer.cpp:128] Prefetch batch: 125 ms.
I0418 09:22:50.393606  6080 data_layer.cpp:129]      Read time: 93.753 ms.
I0418 09:22:50.409237  6080 data_layer.cpp:130] Transform time: 31.252 ms.
I0418 09:22:51.253012  7952 caffe.cpp:314] Batch 4351, accuracy1+2 = 1
I0418 09:22:51.253012  7952 caffe.cpp:314] Batch 4351, accuracy1+2+3 = 1
I0418 09:22:51.378018  6080 data_layer.cpp:128] Prefetch batch: 125 ms.
I0418 09:22:51.378018  6080 data_layer.cpp:129]      Read time: 78.129 ms.
I0418 09:22:51.378018  6080 data_layer.cpp:130] Transform time: 46.877 ms.
I0418 09:22:52.221797  7952 caffe.cpp:314] Batch 4352, accuracy1+2 = 1
I0418 09:22:52.221797  7952 caffe.cpp:314] Batch 4352, accuracy1+2+3 = 1
I0418 09:22:52.346808  6080 data_layer.cpp:128] Prefetch batch: 125 ms.
I0418 09:22:52.346808  6080 data_layer.cpp:129]      Read time: 93.755 ms.
I0418 09:22:52.346808  6080 data_layer.cpp:130] Transform time: 31.256 ms.
I0418 09:22:53.190590  7952 caffe.cpp:314] Batch 4353, accuracy1+2 = 1
I0418 09:22:53.190590  7952 caffe.cpp:314] Batch 4353, accuracy1+2+3 = 1
I0418 09:22:53.315596  6080 data_layer.cpp:128] Prefetch batch: 125 ms.
I0418 09:22:53.315596  6080 data_layer.cpp:129]      Read time: 93.748 ms.
I0418 09:22:53.315596  6080 data_layer.cpp:130] Transform time: 31.258 ms.
I0418 09:22:54.174998  7952 caffe.cpp:314] Batch 4354, accuracy1+2 = 1
I0418 09:22:54.174998  7952 caffe.cpp:314] Batch 4354, accuracy1+2+3 = 1
I0418 09:22:54.268755  6080 data_layer.cpp:128] Prefetch batch: 93 ms.
I0418 09:22:54.268755  6080 data_layer.cpp:129]      Read time: 0 ms.
I0418 09:22:54.268755  6080 data_layer.cpp:130] Transform time: 93.757 ms.
I0418 09:22:55.143795  7952 caffe.cpp:314] Batch 4355, accuracy1+2 = 1
I0418 09:22:55.143795  7952 caffe.cpp:314] Batch 4355, accuracy1+2+3 = 1
I0418 09:22:55.268796  6080 data_layer.cpp:128] Prefetch batch: 125 ms.
I0418 09:22:55.268796  6080 data_layer.cpp:129]      Read time: 93.746 ms.
I0418 09:22:55.268796  6080 data_layer.cpp:130] Transform time: 31.256 ms.
I0418 09:22:56.112576  7952 caffe.cpp:314] Batch 4356, accuracy1+2 = 1
I0418 09:22:56.112576  7952 caffe.cpp:314] Batch 4356, accuracy1+2+3 = 1
I0418 09:22:56.237581  6080 data_layer.cpp:128] Prefetch batch: 125 ms.
I0418 09:22:56.237581  6080 data_layer.cpp:129]      Read time: 93.759 ms.
I0418 09:22:56.237581  6080 data_layer.cpp:130] Transform time: 31.246 ms.
I0418 09:22:57.096993  7952 caffe.cpp:314] Batch 4357, accuracy1+2 = 0
I0418 09:22:57.096993  7952 caffe.cpp:314] Batch 4357, accuracy1+2+3 = 0
I0418 09:22:57.221992  6080 data_layer.cpp:128] Prefetch batch: 124 ms.
I0418 09:22:57.221992  6080 data_layer.cpp:129]      Read time: 78.128 ms.
I0418 09:22:57.221992  6080 data_layer.cpp:130] Transform time: 46.871 ms.
I0418 09:22:58.065783  7952 caffe.cpp:314] Batch 4358, accuracy1+2 = 0
I0418 09:22:58.065783  7952 caffe.cpp:314] Batch 4358, accuracy1+2+3 = 0
I0418 09:22:58.190785  6080 data_layer.cpp:128] Prefetch batch: 125 ms.
I0418 09:22:58.190785  6080 data_layer.cpp:129]      Read time: 93.755 ms.
I0418 09:22:58.190785  6080 data_layer.cpp:130] Transform time: 31.248 ms.
I0418 09:22:59.034564  7952 caffe.cpp:314] Batch 4359, accuracy1+2 = 1
I0418 09:22:59.034564  7952 caffe.cpp:314] Batch 4359, accuracy1+2+3 = 1
I0418 09:22:59.143944  6080 data_layer.cpp:128] Prefetch batch: 109 ms.
I0418 09:22:59.143944  6080 data_layer.cpp:129]      Read time: 0 ms.
I0418 09:22:59.143944  6080 data_layer.cpp:130] Transform time: 109.38 ms.
I0418 09:23:00.003362  7952 caffe.cpp:314] Batch 4360, accuracy1+2 = 1
I0418 09:23:00.003362  7952 caffe.cpp:314] Batch 4360, accuracy1+2+3 = 1
I0418 09:23:00.128361  6080 data_layer.cpp:128] Prefetch batch: 124 ms.
I0418 09:23:00.143986  6080 data_layer.cpp:129]      Read time: 93.747 ms.
I0418 09:23:00.143986  6080 data_layer.cpp:130] Transform time: 31.252 ms.
I0418 09:23:00.987766  7952 caffe.cpp:314] Batch 4361, accuracy1+2 = 1
I0418 09:23:00.987766  7952 caffe.cpp:314] Batch 4361, accuracy1+2+3 = 1
I0418 09:23:01.112779  6080 data_layer.cpp:128] Prefetch batch: 125 ms.
I0418 09:23:01.112779  6080 data_layer.cpp:129]      Read time: 78.134 ms.
I0418 09:23:01.112779  6080 data_layer.cpp:130] Transform time: 46.879 ms.
I0418 09:23:01.956568  7952 caffe.cpp:314] Batch 4362, accuracy1+2 = 1
I0418 09:23:01.956568  7952 caffe.cpp:314] Batch 4362, accuracy1+2+3 = 1
I0418 09:23:02.081563  6080 data_layer.cpp:128] Prefetch batch: 124 ms.
I0418 09:23:02.081563  6080 data_layer.cpp:129]      Read time: 93.741 ms.
I0418 09:23:02.081563  6080 data_layer.cpp:130] Transform time: 31.255 ms.
I0418 09:23:02.925343  7952 caffe.cpp:314] Batch 4363, accuracy1+2 = 1
I0418 09:23:02.925343  7952 caffe.cpp:314] Batch 4363, accuracy1+2+3 = 1
I0418 09:23:03.050349  6080 data_layer.cpp:128] Prefetch batch: 125 ms.
I0418 09:23:03.050349  6080 data_layer.cpp:129]      Read time: 46.88 ms.
I0418 09:23:03.050349  6080 data_layer.cpp:130] Transform time: 78.126 ms.
I0418 09:23:03.909757  7952 caffe.cpp:314] Batch 4364, accuracy1+2 = 1
I0418 09:23:03.909757  7952 caffe.cpp:314] Batch 4364, accuracy1+2+3 = 1
I0418 09:23:04.066015  6080 data_layer.cpp:128] Prefetch batch: 156 ms.
I0418 09:23:04.066015  6080 data_layer.cpp:129]      Read time: 140.632 ms.
I0418 09:23:04.066015  6080 data_layer.cpp:130] Transform time: 15.626 ms.
I0418 09:23:04.878549  7952 caffe.cpp:314] Batch 4365, accuracy1+2 = 1
I0418 09:23:04.878549  7952 caffe.cpp:314] Batch 4365, accuracy1+2+3 = 1
I0418 09:23:04.987927  6080 data_layer.cpp:128] Prefetch batch: 109 ms.
I0418 09:23:04.987927  6080 data_layer.cpp:129]      Read time: 0 ms.
I0418 09:23:04.987927  6080 data_layer.cpp:130] Transform time: 109.378 ms.
I0418 09:23:05.847334  7952 caffe.cpp:314] Batch 4366, accuracy1+2 = 1
I0418 09:23:05.847334  7952 caffe.cpp:314] Batch 4366, accuracy1+2+3 = 1
I0418 09:23:05.972342  6080 data_layer.cpp:128] Prefetch batch: 125 ms.
I0418 09:23:05.972342  6080 data_layer.cpp:129]      Read time: 93.753 ms.
I0418 09:23:05.972342  6080 data_layer.cpp:130] Transform time: 31.255 ms.
I0418 09:23:06.831751  7952 caffe.cpp:314] Batch 4367, accuracy1+2 = 0
I0418 09:23:06.831751  7952 caffe.cpp:314] Batch 4367, accuracy1+2+3 = 0
I0418 09:23:06.956755  6080 data_layer.cpp:128] Prefetch batch: 125 ms.
I0418 09:23:06.956755  6080 data_layer.cpp:129]      Read time: 78.122 ms.
I0418 09:23:06.956755  6080 data_layer.cpp:130] Transform time: 46.882 ms.
I0418 09:23:07.800535  7952 caffe.cpp:314] Batch 4368, accuracy1+2 = 1
I0418 09:23:07.800535  7952 caffe.cpp:314] Batch 4368, accuracy1+2+3 = 1
I0418 09:23:07.925546  6080 data_layer.cpp:128] Prefetch batch: 125 ms.
I0418 09:23:07.925546  6080 data_layer.cpp:129]      Read time: 93.744 ms.
I0418 09:23:07.925546  6080 data_layer.cpp:130] Transform time: 31.267 ms.
I0418 09:23:08.816195  7952 caffe.cpp:314] Batch 4369, accuracy1+2 = 1
I0418 09:23:08.816195  7952 caffe.cpp:314] Batch 4369, accuracy1+2+3 = 1
I0418 09:23:08.941208  6080 data_layer.cpp:128] Prefetch batch: 125 ms.
I0418 09:23:08.941208  6080 data_layer.cpp:129]      Read time: 93.756 ms.
I0418 09:23:08.941208  6080 data_layer.cpp:130] Transform time: 31.257 ms.
I0418 09:23:09.831866  7952 caffe.cpp:314] Batch 4370, accuracy1+2 = 1
I0418 09:23:09.831866  7952 caffe.cpp:314] Batch 4370, accuracy1+2+3 = 1
I0418 09:23:09.925621  6080 data_layer.cpp:128] Prefetch batch: 93 ms.
I0418 09:23:09.925621  6080 data_layer.cpp:129]      Read time: 0 ms.
I0418 09:23:09.925621  6080 data_layer.cpp:130] Transform time: 93.754 ms.
I0418 09:23:10.800654  7952 caffe.cpp:314] Batch 4371, accuracy1+2 = 1
I0418 09:23:10.800654  7952 caffe.cpp:314] Batch 4371, accuracy1+2+3 = 1
I0418 09:23:10.925657  6080 data_layer.cpp:128] Prefetch batch: 125 ms.
I0418 09:23:10.925657  6080 data_layer.cpp:129]      Read time: 93.753 ms.
I0418 09:23:10.925657  6080 data_layer.cpp:130] Transform time: 31.249 ms.
I0418 09:23:11.769443  7952 caffe.cpp:314] Batch 4372, accuracy1+2 = 1
I0418 09:23:11.769443  7952 caffe.cpp:314] Batch 4372, accuracy1+2+3 = 1
I0418 09:23:11.894449  6080 data_layer.cpp:128] Prefetch batch: 125 ms.
I0418 09:23:11.894449  6080 data_layer.cpp:129]      Read time: 93.753 ms.
I0418 09:23:11.894449  6080 data_layer.cpp:130] Transform time: 31.253 ms.
I0418 09:23:12.753860  7952 caffe.cpp:314] Batch 4373, accuracy1+2 = 1
I0418 09:23:12.753860  7952 caffe.cpp:314] Batch 4373, accuracy1+2+3 = 1
I0418 09:23:12.878860  6080 data_layer.cpp:128] Prefetch batch: 125 ms.
I0418 09:23:12.878860  6080 data_layer.cpp:129]      Read time: 78.119 ms.
I0418 09:23:12.878860  6080 data_layer.cpp:130] Transform time: 46.881 ms.
I0418 09:23:13.722647  7952 caffe.cpp:314] Batch 4374, accuracy1+2 = 1
I0418 09:23:13.722647  7952 caffe.cpp:314] Batch 4374, accuracy1+2+3 = 1
I0418 09:23:13.847650  6080 data_layer.cpp:128] Prefetch batch: 125 ms.
I0418 09:23:13.847650  6080 data_layer.cpp:129]      Read time: 93.752 ms.
I0418 09:23:13.847650  6080 data_layer.cpp:130] Transform time: 31.25 ms.
I0418 09:23:14.707057  7952 caffe.cpp:314] Batch 4375, accuracy1+2 = 1
I0418 09:23:14.707057  7952 caffe.cpp:314] Batch 4375, accuracy1+2+3 = 1
I0418 09:23:14.800810  6080 data_layer.cpp:128] Prefetch batch: 93 ms.
I0418 09:23:14.800810  6080 data_layer.cpp:129]      Read time: 0 ms.
I0418 09:23:14.800810  6080 data_layer.cpp:130] Transform time: 93.753 ms.
I0418 09:23:15.675843  7952 caffe.cpp:314] Batch 4376, accuracy1+2 = 1
I0418 09:23:15.675843  7952 caffe.cpp:314] Batch 4376, accuracy1+2+3 = 1
I0418 09:23:15.800850  6080 data_layer.cpp:128] Prefetch batch: 125 ms.
I0418 09:23:15.800850  6080 data_layer.cpp:129]      Read time: 93.756 ms.
I0418 09:23:15.800850  6080 data_layer.cpp:130] Transform time: 31.252 ms.
I0418 09:23:16.644632  7952 caffe.cpp:314] Batch 4377, accuracy1+2 = 1
I0418 09:23:16.644632  7952 caffe.cpp:314] Batch 4377, accuracy1+2+3 = 1
I0418 09:23:16.769641  6080 data_layer.cpp:128] Prefetch batch: 125 ms.
I0418 09:23:16.769641  6080 data_layer.cpp:129]      Read time: 93.753 ms.
I0418 09:23:16.769641  6080 data_layer.cpp:130] Transform time: 31.256 ms.
I0418 09:23:17.629045  7952 caffe.cpp:314] Batch 4378, accuracy1+2 = 1
I0418 09:23:17.629045  7952 caffe.cpp:314] Batch 4378, accuracy1+2+3 = 1
I0418 09:23:17.754050  6080 data_layer.cpp:128] Prefetch batch: 125 ms.
I0418 09:23:17.754050  6080 data_layer.cpp:129]      Read time: 78.125 ms.
I0418 09:23:17.754050  6080 data_layer.cpp:130] Transform time: 46.88 ms.
I0418 09:23:18.597831  7952 caffe.cpp:314] Batch 4379, accuracy1+2 = 1
I0418 09:23:18.597831  7952 caffe.cpp:314] Batch 4379, accuracy1+2+3 = 1
I0418 09:23:18.722839  6080 data_layer.cpp:128] Prefetch batch: 125 ms.
I0418 09:23:18.722839  6080 data_layer.cpp:129]      Read time: 93.762 ms.
I0418 09:23:18.722839  6080 data_layer.cpp:130] Transform time: 31.246 ms.
I0418 09:23:19.566627  7952 caffe.cpp:314] Batch 4380, accuracy1+2 = 1
I0418 09:23:19.566627  7952 caffe.cpp:314] Batch 4380, accuracy1+2+3 = 1
I0418 09:23:19.675999  6080 data_layer.cpp:128] Prefetch batch: 109 ms.
I0418 09:23:19.675999  6080 data_layer.cpp:129]      Read time: 0 ms.
I0418 09:23:19.675999  6080 data_layer.cpp:130] Transform time: 109.373 ms.
I0418 09:23:20.535410  7952 caffe.cpp:314] Batch 4381, accuracy1+2 = 1
I0418 09:23:20.535410  7952 caffe.cpp:314] Batch 4381, accuracy1+2+3 = 1
I0418 09:23:20.676043  6080 data_layer.cpp:128] Prefetch batch: 140 ms.
I0418 09:23:20.676043  6080 data_layer.cpp:129]      Read time: 93.754 ms.
I0418 09:23:20.676043  6080 data_layer.cpp:130] Transform time: 46.879 ms.
I0418 09:23:21.519829  7952 caffe.cpp:314] Batch 4382, accuracy1+2 = 1
I0418 09:23:21.519829  7952 caffe.cpp:314] Batch 4382, accuracy1+2+3 = 1
I0418 09:23:21.644832  6080 data_layer.cpp:128] Prefetch batch: 125 ms.
I0418 09:23:21.644832  6080 data_layer.cpp:129]      Read time: 78.126 ms.
I0418 09:23:21.644832  6080 data_layer.cpp:130] Transform time: 46.878 ms.
I0418 09:23:22.488615  7952 caffe.cpp:314] Batch 4383, accuracy1+2 = 1
I0418 09:23:22.488615  7952 caffe.cpp:314] Batch 4383, accuracy1+2+3 = 1
I0418 09:23:22.597997  6080 data_layer.cpp:128] Prefetch batch: 109 ms.
I0418 09:23:22.597997  6080 data_layer.cpp:129]      Read time: 0 ms.
I0418 09:23:22.597997  6080 data_layer.cpp:130] Transform time: 109.383 ms.
I0418 09:23:23.457396  7952 caffe.cpp:314] Batch 4384, accuracy1+2 = 1
I0418 09:23:23.457396  7952 caffe.cpp:314] Batch 4384, accuracy1+2+3 = 1
I0418 09:23:23.582409  6080 data_layer.cpp:128] Prefetch batch: 125 ms.
I0418 09:23:23.582409  6080 data_layer.cpp:129]      Read time: 93.754 ms.
I0418 09:23:23.582409  6080 data_layer.cpp:130] Transform time: 31.259 ms.
I0418 09:23:24.426187  7952 caffe.cpp:314] Batch 4385, accuracy1+2 = 1
I0418 09:23:24.426187  7952 caffe.cpp:314] Batch 4385, accuracy1+2+3 = 1
I0418 09:23:24.566817  6080 data_layer.cpp:128] Prefetch batch: 140 ms.
I0418 09:23:24.566817  6080 data_layer.cpp:129]      Read time: 93.755 ms.
I0418 09:23:24.566817  6080 data_layer.cpp:130] Transform time: 46.875 ms.
I0418 09:23:25.410600  7952 caffe.cpp:314] Batch 4386, accuracy1+2 = 0
I0418 09:23:25.410600  7952 caffe.cpp:314] Batch 4386, accuracy1+2+3 = 0
I0418 09:23:25.504357  6080 data_layer.cpp:128] Prefetch batch: 93 ms.
I0418 09:23:25.504357  6080 data_layer.cpp:129]      Read time: 0 ms.
I0418 09:23:25.504357  6080 data_layer.cpp:130] Transform time: 93.757 ms.
I0418 09:23:26.379390  7952 caffe.cpp:314] Batch 4387, accuracy1+2 = 1
I0418 09:23:26.379390  7952 caffe.cpp:314] Batch 4387, accuracy1+2+3 = 1
I0418 09:23:26.504397  6080 data_layer.cpp:128] Prefetch batch: 125 ms.
I0418 09:23:26.504397  6080 data_layer.cpp:129]      Read time: 93.753 ms.
I0418 09:23:26.504397  6080 data_layer.cpp:130] Transform time: 31.254 ms.
I0418 09:23:27.348186  7952 caffe.cpp:314] Batch 4388, accuracy1+2 = 1
I0418 09:23:27.348186  7952 caffe.cpp:314] Batch 4388, accuracy1+2+3 = 1
I0418 09:23:27.473179  6080 data_layer.cpp:128] Prefetch batch: 124 ms.
I0418 09:23:27.473179  6080 data_layer.cpp:129]      Read time: 93.749 ms.
I0418 09:23:27.473179  6080 data_layer.cpp:130] Transform time: 31.245 ms.
I0418 09:23:28.316964  7952 caffe.cpp:314] Batch 4389, accuracy1+2 = 1
I0418 09:23:28.316964  7952 caffe.cpp:314] Batch 4389, accuracy1+2+3 = 1
I0418 09:23:28.441967  6080 data_layer.cpp:128] Prefetch batch: 125 ms.
I0418 09:23:28.441967  6080 data_layer.cpp:129]      Read time: 93.757 ms.
I0418 09:23:28.441967  6080 data_layer.cpp:130] Transform time: 31.246 ms.
I0418 09:23:29.301375  7952 caffe.cpp:314] Batch 4390, accuracy1+2 = 1
I0418 09:23:29.301375  7952 caffe.cpp:314] Batch 4390, accuracy1+2+3 = 1
I0418 09:23:29.395133  6080 data_layer.cpp:128] Prefetch batch: 93 ms.
I0418 09:23:29.395133  6080 data_layer.cpp:129]      Read time: 0 ms.
I0418 09:23:29.395133  6080 data_layer.cpp:130] Transform time: 93.757 ms.
I0418 09:23:30.270170  7952 caffe.cpp:314] Batch 4391, accuracy1+2 = 1
I0418 09:23:30.270170  7952 caffe.cpp:314] Batch 4391, accuracy1+2+3 = 1
I0418 09:23:30.395174  6080 data_layer.cpp:128] Prefetch batch: 125 ms.
I0418 09:23:30.395174  6080 data_layer.cpp:129]      Read time: 93.755 ms.
I0418 09:23:30.395174  6080 data_layer.cpp:130] Transform time: 31.249 ms.
I0418 09:23:31.238955  7952 caffe.cpp:314] Batch 4392, accuracy1+2 = 1
I0418 09:23:31.238955  7952 caffe.cpp:314] Batch 4392, accuracy1+2+3 = 1
I0418 09:23:31.363957  6080 data_layer.cpp:128] Prefetch batch: 125 ms.
I0418 09:23:31.363957  6080 data_layer.cpp:129]      Read time: 93.753 ms.
I0418 09:23:31.363957  6080 data_layer.cpp:130] Transform time: 31.25 ms.
I0418 09:23:32.223381  7952 caffe.cpp:314] Batch 4393, accuracy1+2 = 1
I0418 09:23:32.223381  7952 caffe.cpp:314] Batch 4393, accuracy1+2+3 = 1
I0418 09:23:32.348373  6080 data_layer.cpp:128] Prefetch batch: 124 ms.
I0418 09:23:32.348373  6080 data_layer.cpp:129]      Read time: 78.112 ms.
I0418 09:23:32.348373  6080 data_layer.cpp:130] Transform time: 46.88 ms.
I0418 09:23:33.192153  7952 caffe.cpp:314] Batch 4394, accuracy1+2 = 1
I0418 09:23:33.192153  7952 caffe.cpp:314] Batch 4394, accuracy1+2+3 = 1
I0418 09:23:33.301539  6080 data_layer.cpp:128] Prefetch batch: 109 ms.
I0418 09:23:33.301539  6080 data_layer.cpp:129]      Read time: 0 ms.
I0418 09:23:33.301539  6080 data_layer.cpp:130] Transform time: 109.386 ms.
I0418 09:23:34.160943  7952 caffe.cpp:314] Batch 4395, accuracy1+2 = 1
I0418 09:23:34.160943  7952 caffe.cpp:314] Batch 4395, accuracy1+2+3 = 1
I0418 09:23:34.285950  6080 data_layer.cpp:128] Prefetch batch: 125 ms.
I0418 09:23:34.285950  6080 data_layer.cpp:129]      Read time: 93.759 ms.
I0418 09:23:34.285950  6080 data_layer.cpp:130] Transform time: 31.248 ms.
I0418 09:23:35.145359  7952 caffe.cpp:314] Batch 4396, accuracy1+2 = 1
I0418 09:23:35.145359  7952 caffe.cpp:314] Batch 4396, accuracy1+2+3 = 1
I0418 09:23:35.270365  6080 data_layer.cpp:128] Prefetch batch: 125 ms.
I0418 09:23:35.270365  6080 data_layer.cpp:129]      Read time: 78.127 ms.
I0418 09:23:35.270365  6080 data_layer.cpp:130] Transform time: 46.88 ms.
I0418 09:23:36.114146  7952 caffe.cpp:314] Batch 4397, accuracy1+2 = 1
I0418 09:23:36.114146  7952 caffe.cpp:314] Batch 4397, accuracy1+2+3 = 1
I0418 09:23:36.239152  6080 data_layer.cpp:128] Prefetch batch: 125 ms.
I0418 09:23:36.239152  6080 data_layer.cpp:129]      Read time: 93.752 ms.
I0418 09:23:36.239152  6080 data_layer.cpp:130] Transform time: 31.254 ms.
I0418 09:23:37.082936  7952 caffe.cpp:314] Batch 4398, accuracy1+2 = 0
I0418 09:23:37.082936  7952 caffe.cpp:314] Batch 4398, accuracy1+2+3 = 0
I0418 09:23:37.207942  6080 data_layer.cpp:128] Prefetch batch: 125 ms.
I0418 09:23:37.207942  6080 data_layer.cpp:129]      Read time: 93.753 ms.
I0418 09:23:37.207942  6080 data_layer.cpp:130] Transform time: 31.254 ms.
I0418 09:23:38.051726  7952 caffe.cpp:314] Batch 4399, accuracy1+2 = 1
I0418 09:23:38.051726  7952 caffe.cpp:314] Batch 4399, accuracy1+2+3 = 1
I0418 09:23:38.161103  6080 data_layer.cpp:128] Prefetch batch: 109 ms.
I0418 09:23:38.161103  6080 data_layer.cpp:129]      Read time: 0 ms.
I0418 09:23:38.161103  6080 data_layer.cpp:130] Transform time: 109.376 ms.
I0418 09:23:39.036139  7952 caffe.cpp:314] Batch 4400, accuracy1+2 = 1
I0418 09:23:39.036139  7952 caffe.cpp:314] Batch 4400, accuracy1+2+3 = 1
I0418 09:23:39.161141  6080 data_layer.cpp:128] Prefetch batch: 125 ms.
I0418 09:23:39.161141  6080 data_layer.cpp:129]      Read time: 93.748 ms.
I0418 09:23:39.161141  6080 data_layer.cpp:130] Transform time: 31.254 ms.
I0418 09:23:40.020539  7952 caffe.cpp:314] Batch 4401, accuracy1+2 = 1
I0418 09:23:40.020539  7952 caffe.cpp:314] Batch 4401, accuracy1+2+3 = 1
I0418 09:23:40.145543  6080 data_layer.cpp:128] Prefetch batch: 125 ms.
I0418 09:23:40.145543  6080 data_layer.cpp:129]      Read time: 93.753 ms.
I0418 09:23:40.145543  6080 data_layer.cpp:130] Transform time: 31.252 ms.
I0418 09:23:41.004961  7952 caffe.cpp:314] Batch 4402, accuracy1+2 = 1
I0418 09:23:41.004961  7952 caffe.cpp:314] Batch 4402, accuracy1+2+3 = 1
I0418 09:23:41.129969  6080 data_layer.cpp:128] Prefetch batch: 125 ms.
I0418 09:23:41.129969  6080 data_layer.cpp:129]      Read time: 93.753 ms.
I0418 09:23:41.129969  6080 data_layer.cpp:130] Transform time: 31.256 ms.
I0418 09:23:41.989382  7952 caffe.cpp:314] Batch 4403, accuracy1+2 = 0
I0418 09:23:41.989382  7952 caffe.cpp:314] Batch 4403, accuracy1+2+3 = 0
I0418 09:23:42.114385  6080 data_layer.cpp:128] Prefetch batch: 125 ms.
I0418 09:23:42.114385  6080 data_layer.cpp:129]      Read time: 93.75 ms.
I0418 09:23:42.114385  6080 data_layer.cpp:130] Transform time: 31.254 ms.
I0418 09:23:42.958166  7952 caffe.cpp:314] Batch 4404, accuracy1+2 = 0
I0418 09:23:42.958166  7952 caffe.cpp:314] Batch 4404, accuracy1+2+3 = 0
I0418 09:23:43.083170  6080 data_layer.cpp:128] Prefetch batch: 125 ms.
I0418 09:23:43.083170  6080 data_layer.cpp:129]      Read time: 93.751 ms.
I0418 09:23:43.083170  6080 data_layer.cpp:130] Transform time: 31.253 ms.
I0418 09:23:43.942577  7952 caffe.cpp:314] Batch 4405, accuracy1+2 = 1
I0418 09:23:43.942577  7952 caffe.cpp:314] Batch 4405, accuracy1+2+3 = 1
I0418 09:23:44.067580  6080 data_layer.cpp:128] Prefetch batch: 125 ms.
I0418 09:23:44.067580  6080 data_layer.cpp:129]      Read time: 93.757 ms.
I0418 09:23:44.067580  6080 data_layer.cpp:130] Transform time: 31.246 ms.
I0418 09:23:44.911365  7952 caffe.cpp:314] Batch 4406, accuracy1+2 = 1
I0418 09:23:44.911365  7952 caffe.cpp:314] Batch 4406, accuracy1+2+3 = 1
I0418 09:23:45.020748  6080 data_layer.cpp:128] Prefetch batch: 109 ms.
I0418 09:23:45.020748  6080 data_layer.cpp:129]      Read time: 0 ms.
I0418 09:23:45.020748  6080 data_layer.cpp:130] Transform time: 109.384 ms.
I0418 09:23:45.911396  7952 caffe.cpp:314] Batch 4407, accuracy1+2 = 1
I0418 09:23:45.911396  7952 caffe.cpp:314] Batch 4407, accuracy1+2+3 = 1
I0418 09:23:46.036401  6080 data_layer.cpp:128] Prefetch batch: 125 ms.
I0418 09:23:46.036401  6080 data_layer.cpp:129]      Read time: 93.754 ms.
I0418 09:23:46.036401  6080 data_layer.cpp:130] Transform time: 31.251 ms.
I0418 09:23:46.911449  7952 caffe.cpp:314] Batch 4408, accuracy1+2 = 1
I0418 09:23:46.911449  7952 caffe.cpp:314] Batch 4408, accuracy1+2+3 = 1
I0418 09:23:47.036451  6080 data_layer.cpp:128] Prefetch batch: 125 ms.
I0418 09:23:47.036451  6080 data_layer.cpp:129]      Read time: 93.752 ms.
I0418 09:23:47.036451  6080 data_layer.cpp:130] Transform time: 31.25 ms.
I0418 09:23:47.927106  7952 caffe.cpp:314] Batch 4409, accuracy1+2 = 1
I0418 09:23:47.927106  7952 caffe.cpp:314] Batch 4409, accuracy1+2+3 = 1
I0418 09:23:48.052111  6080 data_layer.cpp:128] Prefetch batch: 125 ms.
I0418 09:23:48.052111  6080 data_layer.cpp:129]      Read time: 93.747 ms.
I0418 09:23:48.052111  6080 data_layer.cpp:130] Transform time: 31.258 ms.
I0418 09:23:48.911526  7952 caffe.cpp:314] Batch 4410, accuracy1+2 = 1
I0418 09:23:48.911526  7952 caffe.cpp:314] Batch 4410, accuracy1+2+3 = 1
I0418 09:23:49.036527  6080 data_layer.cpp:128] Prefetch batch: 125 ms.
I0418 09:23:49.036527  6080 data_layer.cpp:129]      Read time: 78.123 ms.
I0418 09:23:49.036527  6080 data_layer.cpp:130] Transform time: 46.878 ms.
I0418 09:23:49.880312  7952 caffe.cpp:314] Batch 4411, accuracy1+2 = 1
I0418 09:23:49.880312  7952 caffe.cpp:314] Batch 4411, accuracy1+2+3 = 1
I0418 09:23:50.005314  6080 data_layer.cpp:128] Prefetch batch: 125 ms.
I0418 09:23:50.005314  6080 data_layer.cpp:129]      Read time: 93.755 ms.
I0418 09:23:50.005314  6080 data_layer.cpp:130] Transform time: 31.247 ms.
I0418 09:23:50.849100  7952 caffe.cpp:314] Batch 4412, accuracy1+2 = 1
I0418 09:23:50.849100  7952 caffe.cpp:314] Batch 4412, accuracy1+2+3 = 1
I0418 09:23:50.958482  6080 data_layer.cpp:128] Prefetch batch: 109 ms.
I0418 09:23:50.958482  6080 data_layer.cpp:129]      Read time: 0 ms.
I0418 09:23:50.958482  6080 data_layer.cpp:130] Transform time: 109.382 ms.
I0418 09:23:51.817886  7952 caffe.cpp:314] Batch 4413, accuracy1+2 = 1
I0418 09:23:51.817886  7952 caffe.cpp:314] Batch 4413, accuracy1+2+3 = 1
I0418 09:23:51.942880  6080 data_layer.cpp:128] Prefetch batch: 124 ms.
I0418 09:23:51.942880  6080 data_layer.cpp:129]      Read time: 93.752 ms.
I0418 09:23:51.942880  6080 data_layer.cpp:130] Transform time: 31.242 ms.
I0418 09:23:52.802297  7952 caffe.cpp:314] Batch 4414, accuracy1+2 = 1
I0418 09:23:52.802297  7952 caffe.cpp:314] Batch 4414, accuracy1+2+3 = 1
I0418 09:23:52.927306  6080 data_layer.cpp:128] Prefetch batch: 125 ms.
I0418 09:23:52.927306  6080 data_layer.cpp:129]      Read time: 93.756 ms.
I0418 09:23:52.927306  6080 data_layer.cpp:130] Transform time: 31.253 ms.
I0418 09:23:53.771090  7952 caffe.cpp:314] Batch 4415, accuracy1+2 = 1
I0418 09:23:53.771090  7952 caffe.cpp:314] Batch 4415, accuracy1+2+3 = 1
I0418 09:23:53.911717  6080 data_layer.cpp:128] Prefetch batch: 140 ms.
I0418 09:23:53.911717  6080 data_layer.cpp:129]      Read time: 93.756 ms.
I0418 09:23:53.911717  6080 data_layer.cpp:130] Transform time: 46.871 ms.
I0418 09:23:54.755499  7952 caffe.cpp:314] Batch 4416, accuracy1+2 = 1
I0418 09:23:54.755499  7952 caffe.cpp:314] Batch 4416, accuracy1+2+3 = 1
I0418 09:23:54.849253  6080 data_layer.cpp:128] Prefetch batch: 93 ms.
I0418 09:23:54.849253  6080 data_layer.cpp:129]      Read time: 0 ms.
I0418 09:23:54.849253  6080 data_layer.cpp:130] Transform time: 93.754 ms.
I0418 09:23:55.724294  7952 caffe.cpp:314] Batch 4417, accuracy1+2 = 1
I0418 09:23:55.724294  7952 caffe.cpp:314] Batch 4417, accuracy1+2+3 = 1
I0418 09:23:55.849298  6080 data_layer.cpp:128] Prefetch batch: 125 ms.
I0418 09:23:55.849298  6080 data_layer.cpp:129]      Read time: 93.75 ms.
I0418 09:23:55.849298  6080 data_layer.cpp:130] Transform time: 31.253 ms.
I0418 09:23:56.693076  7952 caffe.cpp:314] Batch 4418, accuracy1+2 = 1
I0418 09:23:56.693076  7952 caffe.cpp:314] Batch 4418, accuracy1+2+3 = 1
I0418 09:23:56.818080  6080 data_layer.cpp:128] Prefetch batch: 125 ms.
I0418 09:23:56.818080  6080 data_layer.cpp:129]      Read time: 93.76 ms.
I0418 09:23:56.818080  6080 data_layer.cpp:130] Transform time: 31.244 ms.
I0418 09:23:57.661869  7952 caffe.cpp:314] Batch 4419, accuracy1+2 = 1
I0418 09:23:57.661869  7952 caffe.cpp:314] Batch 4419, accuracy1+2+3 = 1
I0418 09:23:57.802500  6080 data_layer.cpp:128] Prefetch batch: 140 ms.
I0418 09:23:57.802500  6080 data_layer.cpp:129]      Read time: 93.756 ms.
I0418 09:23:57.802500  6080 data_layer.cpp:130] Transform time: 46.876 ms.
I0418 09:23:58.646277  7952 caffe.cpp:314] Batch 4420, accuracy1+2 = 1
I0418 09:23:58.646277  7952 caffe.cpp:314] Batch 4420, accuracy1+2+3 = 1
I0418 09:23:58.771289  6080 data_layer.cpp:128] Prefetch batch: 125 ms.
I0418 09:23:58.771289  6080 data_layer.cpp:129]      Read time: 93.758 ms.
I0418 09:23:58.771289  6080 data_layer.cpp:130] Transform time: 31.254 ms.
I0418 09:23:59.615067  7952 caffe.cpp:314] Batch 4421, accuracy1+2 = 1
I0418 09:23:59.615067  7952 caffe.cpp:314] Batch 4421, accuracy1+2+3 = 1
I0418 09:23:59.740077  6080 data_layer.cpp:128] Prefetch batch: 125 ms.
I0418 09:23:59.740077  6080 data_layer.cpp:129]      Read time: 93.756 ms.
I0418 09:23:59.740077  6080 data_layer.cpp:130] Transform time: 31.255 ms.
I0418 09:24:00.599478  7952 caffe.cpp:314] Batch 4422, accuracy1+2 = 1
I0418 09:24:00.599478  7952 caffe.cpp:314] Batch 4422, accuracy1+2+3 = 1
I0418 09:24:00.693235  6080 data_layer.cpp:128] Prefetch batch: 93 ms.
I0418 09:24:00.693235  6080 data_layer.cpp:129]      Read time: 0 ms.
I0418 09:24:00.693235  6080 data_layer.cpp:130] Transform time: 93.757 ms.
I0418 09:24:01.568269  7952 caffe.cpp:314] Batch 4423, accuracy1+2 = 1
I0418 09:24:01.568269  7952 caffe.cpp:314] Batch 4423, accuracy1+2+3 = 1
I0418 09:24:01.693272  6080 data_layer.cpp:128] Prefetch batch: 125 ms.
I0418 09:24:01.693272  6080 data_layer.cpp:129]      Read time: 93.757 ms.
I0418 09:24:01.693272  6080 data_layer.cpp:130] Transform time: 31.247 ms.
I0418 09:24:02.537061  7952 caffe.cpp:314] Batch 4424, accuracy1+2 = 1
I0418 09:24:02.537061  7952 caffe.cpp:314] Batch 4424, accuracy1+2+3 = 1
I0418 09:24:02.677685  6080 data_layer.cpp:128] Prefetch batch: 140 ms.
I0418 09:24:02.677685  6080 data_layer.cpp:129]      Read time: 93.747 ms.
I0418 09:24:02.677685  6080 data_layer.cpp:130] Transform time: 31.256 ms.
I0418 09:24:03.521468  7952 caffe.cpp:314] Batch 4425, accuracy1+2 = 1
I0418 09:24:03.521468  7952 caffe.cpp:314] Batch 4425, accuracy1+2+3 = 1
I0418 09:24:03.646479  6080 data_layer.cpp:128] Prefetch batch: 125 ms.
I0418 09:24:03.646479  6080 data_layer.cpp:129]      Read time: 46.879 ms.
I0418 09:24:03.646479  6080 data_layer.cpp:130] Transform time: 78.132 ms.
I0418 09:24:04.490257  7952 caffe.cpp:314] Batch 4426, accuracy1+2 = 1
I0418 09:24:04.490257  7952 caffe.cpp:314] Batch 4426, accuracy1+2+3 = 1
I0418 09:24:04.615264  6080 data_layer.cpp:128] Prefetch batch: 125 ms.
I0418 09:24:04.615264  6080 data_layer.cpp:129]      Read time: 31.258 ms.
I0418 09:24:04.615264  6080 data_layer.cpp:130] Transform time: 93.749 ms.
I0418 09:24:05.459048  7952 caffe.cpp:314] Batch 4427, accuracy1+2 = 0
I0418 09:24:05.459048  7952 caffe.cpp:314] Batch 4427, accuracy1+2+3 = 0
I0418 09:24:05.584054  6080 data_layer.cpp:128] Prefetch batch: 125 ms.
I0418 09:24:05.584054  6080 data_layer.cpp:129]      Read time: 93.751 ms.
I0418 09:24:05.584054  6080 data_layer.cpp:130] Transform time: 31.255 ms.
I0418 09:24:06.443464  7952 caffe.cpp:314] Batch 4428, accuracy1+2 = 1
I0418 09:24:06.443464  7952 caffe.cpp:314] Batch 4428, accuracy1+2+3 = 1
I0418 09:24:06.568464  6080 data_layer.cpp:128] Prefetch batch: 125 ms.
I0418 09:24:06.568464  6080 data_layer.cpp:129]      Read time: 78.129 ms.
I0418 09:24:06.568464  6080 data_layer.cpp:130] Transform time: 46.871 ms.
I0418 09:24:07.412252  7952 caffe.cpp:314] Batch 4429, accuracy1+2 = 1
I0418 09:24:07.412252  7952 caffe.cpp:314] Batch 4429, accuracy1+2+3 = 1
I0418 09:24:07.521625  6080 data_layer.cpp:128] Prefetch batch: 109 ms.
I0418 09:24:07.521625  6080 data_layer.cpp:129]      Read time: 0 ms.
I0418 09:24:07.521625  6080 data_layer.cpp:130] Transform time: 109.372 ms.
I0418 09:24:08.381039  7952 caffe.cpp:314] Batch 4430, accuracy1+2 = 1
I0418 09:24:08.381039  7952 caffe.cpp:314] Batch 4430, accuracy1+2+3 = 1
I0418 09:24:08.521666  6080 data_layer.cpp:128] Prefetch batch: 140 ms.
I0418 09:24:08.521666  6080 data_layer.cpp:129]      Read time: 93.749 ms.
I0418 09:24:08.521666  6080 data_layer.cpp:130] Transform time: 46.877 ms.
I0418 09:24:09.365450  7952 caffe.cpp:314] Batch 4431, accuracy1+2 = 1
I0418 09:24:09.365450  7952 caffe.cpp:314] Batch 4431, accuracy1+2+3 = 1
I0418 09:24:09.490453  6080 data_layer.cpp:128] Prefetch batch: 125 ms.
I0418 09:24:09.490453  6080 data_layer.cpp:129]      Read time: 78.133 ms.
I0418 09:24:09.490453  6080 data_layer.cpp:130] Transform time: 46.87 ms.
I0418 09:24:10.334235  7952 caffe.cpp:314] Batch 4432, accuracy1+2 = 1
I0418 09:24:10.334235  7952 caffe.cpp:314] Batch 4432, accuracy1+2+3 = 1
I0418 09:24:10.459246  6080 data_layer.cpp:128] Prefetch batch: 125 ms.
I0418 09:24:10.459246  6080 data_layer.cpp:129]      Read time: 93.754 ms.
I0418 09:24:10.459246  6080 data_layer.cpp:130] Transform time: 31.257 ms.
I0418 09:24:11.303028  7952 caffe.cpp:314] Batch 4433, accuracy1+2 = 1
I0418 09:24:11.303028  7952 caffe.cpp:314] Batch 4433, accuracy1+2+3 = 1
I0418 09:24:11.443655  6080 data_layer.cpp:128] Prefetch batch: 140 ms.
I0418 09:24:11.443655  6080 data_layer.cpp:129]      Read time: 93.761 ms.
I0418 09:24:11.443655  6080 data_layer.cpp:130] Transform time: 46.865 ms.
I0418 09:24:12.287434  7952 caffe.cpp:314] Batch 4434, accuracy1+2 = 1
I0418 09:24:12.287434  7952 caffe.cpp:314] Batch 4434, accuracy1+2+3 = 1
I0418 09:24:12.412447  6080 data_layer.cpp:128] Prefetch batch: 125 ms.
I0418 09:24:12.412447  6080 data_layer.cpp:129]      Read time: 93.77 ms.
I0418 09:24:12.412447  6080 data_layer.cpp:130] Transform time: 31.243 ms.
I0418 09:24:13.256225  7952 caffe.cpp:314] Batch 4435, accuracy1+2 = 1
I0418 09:24:13.256225  7952 caffe.cpp:314] Batch 4435, accuracy1+2+3 = 1
I0418 09:24:13.365607  6080 data_layer.cpp:128] Prefetch batch: 109 ms.
I0418 09:24:13.365607  6080 data_layer.cpp:129]      Read time: 0 ms.
I0418 09:24:13.365607  6080 data_layer.cpp:130] Transform time: 109.382 ms.
I0418 09:24:14.240643  7952 caffe.cpp:314] Batch 4436, accuracy1+2 = 1
I0418 09:24:14.240643  7952 caffe.cpp:314] Batch 4436, accuracy1+2+3 = 1
I0418 09:24:14.365643  6080 data_layer.cpp:128] Prefetch batch: 125 ms.
I0418 09:24:14.365643  6080 data_layer.cpp:129]      Read time: 78.125 ms.
I0418 09:24:14.365643  6080 data_layer.cpp:130] Transform time: 46.876 ms.
I0418 09:24:15.209430  7952 caffe.cpp:314] Batch 4437, accuracy1+2 = 1
I0418 09:24:15.209430  7952 caffe.cpp:314] Batch 4437, accuracy1+2+3 = 1
I0418 09:24:15.334437  6080 data_layer.cpp:128] Prefetch batch: 125 ms.
I0418 09:24:15.334437  6080 data_layer.cpp:129]      Read time: 93.757 ms.
I0418 09:24:15.334437  6080 data_layer.cpp:130] Transform time: 31.25 ms.
I0418 09:24:16.178215  7952 caffe.cpp:314] Batch 4438, accuracy1+2 = 1
I0418 09:24:16.178215  7952 caffe.cpp:314] Batch 4438, accuracy1+2+3 = 1
I0418 09:24:16.303221  6080 data_layer.cpp:128] Prefetch batch: 125 ms.
I0418 09:24:16.303221  6080 data_layer.cpp:129]      Read time: 93.76 ms.
I0418 09:24:16.303221  6080 data_layer.cpp:130] Transform time: 31.246 ms.
I0418 09:24:17.147007  7952 caffe.cpp:314] Batch 4439, accuracy1+2 = 1
I0418 09:24:17.147007  7952 caffe.cpp:314] Batch 4439, accuracy1+2+3 = 1
I0418 09:24:17.287641  6080 data_layer.cpp:128] Prefetch batch: 140 ms.
I0418 09:24:17.287641  6080 data_layer.cpp:129]      Read time: 93.749 ms.
I0418 09:24:17.287641  6080 data_layer.cpp:130] Transform time: 46.884 ms.
I0418 09:24:18.131414  7952 caffe.cpp:314] Batch 4440, accuracy1+2 = 0
I0418 09:24:18.131414  7952 caffe.cpp:314] Batch 4440, accuracy1+2+3 = 0
I0418 09:24:18.225178  6080 data_layer.cpp:128] Prefetch batch: 93 ms.
I0418 09:24:18.225178  6080 data_layer.cpp:129]      Read time: 0 ms.
I0418 09:24:18.225178  6080 data_layer.cpp:130] Transform time: 93.763 ms.
I0418 09:24:19.100206  7952 caffe.cpp:314] Batch 4441, accuracy1+2 = 1
I0418 09:24:19.100206  7952 caffe.cpp:314] Batch 4441, accuracy1+2+3 = 1
I0418 09:24:19.225215  6080 data_layer.cpp:128] Prefetch batch: 125 ms.
I0418 09:24:19.225215  6080 data_layer.cpp:129]      Read time: 93.758 ms.
I0418 09:24:19.225215  6080 data_layer.cpp:130] Transform time: 31.251 ms.
I0418 09:24:20.068996  7952 caffe.cpp:314] Batch 4442, accuracy1+2 = 1
I0418 09:24:20.068996  7952 caffe.cpp:314] Batch 4442, accuracy1+2+3 = 1
I0418 09:24:20.194002  6080 data_layer.cpp:128] Prefetch batch: 125 ms.
I0418 09:24:20.194002  6080 data_layer.cpp:129]      Read time: 93.75 ms.
I0418 09:24:20.194002  6080 data_layer.cpp:130] Transform time: 31.256 ms.
I0418 09:24:21.053412  7952 caffe.cpp:314] Batch 4443, accuracy1+2 = 0
I0418 09:24:21.053412  7952 caffe.cpp:314] Batch 4443, accuracy1+2+3 = 0
I0418 09:24:21.178411  6080 data_layer.cpp:128] Prefetch batch: 124 ms.
I0418 09:24:21.178411  6080 data_layer.cpp:129]      Read time: 78.126 ms.
I0418 09:24:21.178411  6080 data_layer.cpp:130] Transform time: 46.872 ms.
I0418 09:24:22.022195  7952 caffe.cpp:314] Batch 4444, accuracy1+2 = 1
I0418 09:24:22.022195  7952 caffe.cpp:314] Batch 4444, accuracy1+2+3 = 1
I0418 09:24:22.147205  6080 data_layer.cpp:128] Prefetch batch: 125 ms.
I0418 09:24:22.147205  6080 data_layer.cpp:129]      Read time: 93.761 ms.
I0418 09:24:22.147205  6080 data_layer.cpp:130] Transform time: 31.249 ms.
I0418 09:24:22.990984  7952 caffe.cpp:314] Batch 4445, accuracy1+2 = 1
I0418 09:24:22.990984  7952 caffe.cpp:314] Batch 4445, accuracy1+2+3 = 1
I0418 09:24:23.115993  6080 data_layer.cpp:128] Prefetch batch: 125 ms.
I0418 09:24:23.115993  6080 data_layer.cpp:129]      Read time: 93.751 ms.
I0418 09:24:23.115993  6080 data_layer.cpp:130] Transform time: 31.258 ms.
I0418 09:24:24.006640  7952 caffe.cpp:314] Batch 4446, accuracy1+2 = 1
I0418 09:24:24.006640  7952 caffe.cpp:314] Batch 4446, accuracy1+2+3 = 1
I0418 09:24:24.100399  6080 data_layer.cpp:128] Prefetch batch: 93 ms.
I0418 09:24:24.100399  6080 data_layer.cpp:129]      Read time: 0 ms.
I0418 09:24:24.100399  6080 data_layer.cpp:130] Transform time: 93.758 ms.
I0418 09:24:25.006680  7952 caffe.cpp:314] Batch 4447, accuracy1+2 = 0
I0418 09:24:25.006680  7952 caffe.cpp:314] Batch 4447, accuracy1+2+3 = 0
I0418 09:24:25.131692  6080 data_layer.cpp:128] Prefetch batch: 125 ms.
I0418 09:24:25.131692  6080 data_layer.cpp:129]      Read time: 93.758 ms.
I0418 09:24:25.131692  6080 data_layer.cpp:130] Transform time: 31.255 ms.
I0418 09:24:25.991101  7952 caffe.cpp:314] Batch 4448, accuracy1+2 = 0
I0418 09:24:25.991101  7952 caffe.cpp:314] Batch 4448, accuracy1+2+3 = 0
I0418 09:24:26.116111  6080 data_layer.cpp:128] Prefetch batch: 125 ms.
I0418 09:24:26.116111  6080 data_layer.cpp:129]      Read time: 78.126 ms.
I0418 09:24:26.116111  6080 data_layer.cpp:130] Transform time: 46.883 ms.
I0418 09:24:26.959894  7952 caffe.cpp:314] Batch 4449, accuracy1+2 = 0
I0418 09:24:26.959894  7952 caffe.cpp:314] Batch 4449, accuracy1+2+3 = 0
I0418 09:24:27.084894  6080 data_layer.cpp:128] Prefetch batch: 125 ms.
I0418 09:24:27.084894  6080 data_layer.cpp:129]      Read time: 93.747 ms.
I0418 09:24:27.084894  6080 data_layer.cpp:130] Transform time: 31.253 ms.
I0418 09:24:27.928681  7952 caffe.cpp:314] Batch 4450, accuracy1+2 = 0
I0418 09:24:27.928681  7952 caffe.cpp:314] Batch 4450, accuracy1+2+3 = 0
I0418 09:24:28.038058  6080 data_layer.cpp:128] Prefetch batch: 109 ms.
I0418 09:24:28.038058  6080 data_layer.cpp:129]      Read time: 0 ms.
I0418 09:24:28.038058  6080 data_layer.cpp:130] Transform time: 109.377 ms.
I0418 09:24:28.897464  7952 caffe.cpp:314] Batch 4451, accuracy1+2 = 1
I0418 09:24:28.897464  7952 caffe.cpp:314] Batch 4451, accuracy1+2+3 = 1
I0418 09:24:29.038097  6080 data_layer.cpp:128] Prefetch batch: 140 ms.
I0418 09:24:29.038097  6080 data_layer.cpp:129]      Read time: 93.767 ms.
I0418 09:24:29.038097  6080 data_layer.cpp:130] Transform time: 46.867 ms.
I0418 09:24:29.881880  7952 caffe.cpp:314] Batch 4452, accuracy1+2 = 0
I0418 09:24:29.881880  7952 caffe.cpp:314] Batch 4452, accuracy1+2+3 = 0
I0418 09:24:30.006883  6080 data_layer.cpp:128] Prefetch batch: 125 ms.
I0418 09:24:30.006883  6080 data_layer.cpp:129]      Read time: 93.756 ms.
I0418 09:24:30.006883  6080 data_layer.cpp:130] Transform time: 31.247 ms.
I0418 09:24:30.850666  7952 caffe.cpp:314] Batch 4453, accuracy1+2 = 1
I0418 09:24:30.850666  7952 caffe.cpp:314] Batch 4453, accuracy1+2+3 = 1
I0418 09:24:30.975670  6080 data_layer.cpp:128] Prefetch batch: 125 ms.
I0418 09:24:30.975670  6080 data_layer.cpp:129]      Read time: 93.753 ms.
I0418 09:24:30.975670  6080 data_layer.cpp:130] Transform time: 31.252 ms.
I0418 09:24:31.819460  7952 caffe.cpp:314] Batch 4454, accuracy1+2 = 1
I0418 09:24:31.819460  7952 caffe.cpp:314] Batch 4454, accuracy1+2+3 = 1
I0418 09:24:31.944465  6080 data_layer.cpp:128] Prefetch batch: 125 ms.
I0418 09:24:31.944465  6080 data_layer.cpp:129]      Read time: 93.746 ms.
I0418 09:24:31.944465  6080 data_layer.cpp:130] Transform time: 31.259 ms.
I0418 09:24:32.788249  7952 caffe.cpp:314] Batch 4455, accuracy1+2 = 1
I0418 09:24:32.788249  7952 caffe.cpp:314] Batch 4455, accuracy1+2+3 = 1
I0418 09:24:32.897622  6080 data_layer.cpp:128] Prefetch batch: 109 ms.
I0418 09:24:32.897622  6080 data_layer.cpp:129]      Read time: 15.623 ms.
I0418 09:24:32.897622  6080 data_layer.cpp:130] Transform time: 93.751 ms.
I0418 09:24:33.772665  7952 caffe.cpp:314] Batch 4456, accuracy1+2 = 1
I0418 09:24:33.772665  7952 caffe.cpp:314] Batch 4456, accuracy1+2+3 = 1
I0418 09:24:33.897665  6080 data_layer.cpp:128] Prefetch batch: 125 ms.
I0418 09:24:33.897665  6080 data_layer.cpp:129]      Read time: 93.751 ms.
I0418 09:24:33.897665  6080 data_layer.cpp:130] Transform time: 31.25 ms.
I0418 09:24:34.741444  7952 caffe.cpp:314] Batch 4457, accuracy1+2 = 1
I0418 09:24:34.741444  7952 caffe.cpp:314] Batch 4457, accuracy1+2+3 = 1
I0418 09:24:34.866449  6080 data_layer.cpp:128] Prefetch batch: 125 ms.
I0418 09:24:34.866449  6080 data_layer.cpp:129]      Read time: 93.758 ms.
I0418 09:24:34.866449  6080 data_layer.cpp:130] Transform time: 31.247 ms.
I0418 09:24:35.710237  7952 caffe.cpp:314] Batch 4458, accuracy1+2 = 1
I0418 09:24:35.710237  7952 caffe.cpp:314] Batch 4458, accuracy1+2+3 = 1
I0418 09:24:35.835237  6080 data_layer.cpp:128] Prefetch batch: 124 ms.
I0418 09:24:35.835237  6080 data_layer.cpp:129]      Read time: 93.755 ms.
I0418 09:24:35.835237  6080 data_layer.cpp:130] Transform time: 31.244 ms.
I0418 09:24:36.694650  7952 caffe.cpp:314] Batch 4459, accuracy1+2 = 1
I0418 09:24:36.694650  7952 caffe.cpp:314] Batch 4459, accuracy1+2+3 = 1
I0418 09:24:36.788404  6080 data_layer.cpp:128] Prefetch batch: 93 ms.
I0418 09:24:36.788404  6080 data_layer.cpp:129]      Read time: 0 ms.
I0418 09:24:36.788404  6080 data_layer.cpp:130] Transform time: 93.754 ms.
I0418 09:24:37.663439  7952 caffe.cpp:314] Batch 4460, accuracy1+2 = 0
I0418 09:24:37.663439  7952 caffe.cpp:314] Batch 4460, accuracy1+2+3 = 0
I0418 09:24:37.788444  6080 data_layer.cpp:128] Prefetch batch: 125 ms.
I0418 09:24:37.788444  6080 data_layer.cpp:129]      Read time: 93.75 ms.
I0418 09:24:37.788444  6080 data_layer.cpp:130] Transform time: 31.254 ms.
I0418 09:24:38.632226  7952 caffe.cpp:314] Batch 4461, accuracy1+2 = 1
I0418 09:24:38.632226  7952 caffe.cpp:314] Batch 4461, accuracy1+2+3 = 1
I0418 09:24:38.757225  6080 data_layer.cpp:128] Prefetch batch: 124 ms.
I0418 09:24:38.757225  6080 data_layer.cpp:129]      Read time: 93.76 ms.
I0418 09:24:38.757225  6080 data_layer.cpp:130] Transform time: 31.239 ms.
I0418 09:24:39.601008  7952 caffe.cpp:314] Batch 4462, accuracy1+2 = 1
I0418 09:24:39.601008  7952 caffe.cpp:314] Batch 4462, accuracy1+2+3 = 1
I0418 09:24:39.741639  6080 data_layer.cpp:128] Prefetch batch: 140 ms.
I0418 09:24:39.741639  6080 data_layer.cpp:129]      Read time: 93.759 ms.
I0418 09:24:39.741639  6080 data_layer.cpp:130] Transform time: 46.872 ms.
I0418 09:24:40.585423  7952 caffe.cpp:314] Batch 4463, accuracy1+2 = 1
I0418 09:24:40.585423  7952 caffe.cpp:314] Batch 4463, accuracy1+2+3 = 1
I0418 09:24:40.710430  6080 data_layer.cpp:128] Prefetch batch: 125 ms.
I0418 09:24:40.710430  6080 data_layer.cpp:129]      Read time: 78.134 ms.
I0418 09:24:40.710430  6080 data_layer.cpp:130] Transform time: 46.873 ms.
I0418 09:24:41.554213  7952 caffe.cpp:314] Batch 4464, accuracy1+2 = 0
I0418 09:24:41.554213  7952 caffe.cpp:314] Batch 4464, accuracy1+2+3 = 0
I0418 09:24:41.679217  6080 data_layer.cpp:128] Prefetch batch: 125 ms.
I0418 09:24:41.679217  6080 data_layer.cpp:129]      Read time: 93.759 ms.
I0418 09:24:41.679217  6080 data_layer.cpp:130] Transform time: 31.246 ms.
I0418 09:24:42.523002  7952 caffe.cpp:314] Batch 4465, accuracy1+2 = 1
I0418 09:24:42.523002  7952 caffe.cpp:314] Batch 4465, accuracy1+2+3 = 1
I0418 09:24:42.632377  6080 data_layer.cpp:128] Prefetch batch: 109 ms.
I0418 09:24:42.632377  6080 data_layer.cpp:129]      Read time: 0 ms.
I0418 09:24:42.632377  6080 data_layer.cpp:130] Transform time: 109.375 ms.
I0418 09:24:43.507416  7952 caffe.cpp:314] Batch 4466, accuracy1+2 = 1
I0418 09:24:43.507416  7952 caffe.cpp:314] Batch 4466, accuracy1+2+3 = 1
I0418 09:24:43.632417  6080 data_layer.cpp:128] Prefetch batch: 125 ms.
I0418 09:24:43.632417  6080 data_layer.cpp:129]      Read time: 78.128 ms.
I0418 09:24:43.632417  6080 data_layer.cpp:130] Transform time: 46.874 ms.
I0418 09:24:44.476199  7952 caffe.cpp:314] Batch 4467, accuracy1+2 = 1
I0418 09:24:44.476199  7952 caffe.cpp:314] Batch 4467, accuracy1+2+3 = 1
I0418 09:24:44.601207  6080 data_layer.cpp:128] Prefetch batch: 125 ms.
I0418 09:24:44.601207  6080 data_layer.cpp:129]      Read time: 93.765 ms.
I0418 09:24:44.601207  6080 data_layer.cpp:130] Transform time: 31.242 ms.
I0418 09:24:45.460614  7952 caffe.cpp:314] Batch 4468, accuracy1+2 = 1
I0418 09:24:45.460614  7952 caffe.cpp:314] Batch 4468, accuracy1+2+3 = 1
I0418 09:24:45.585624  6080 data_layer.cpp:128] Prefetch batch: 125 ms.
I0418 09:24:45.585624  6080 data_layer.cpp:129]      Read time: 78.133 ms.
I0418 09:24:45.585624  6080 data_layer.cpp:130] Transform time: 46.877 ms.
I0418 09:24:46.429401  7952 caffe.cpp:314] Batch 4469, accuracy1+2 = 1
I0418 09:24:46.429401  7952 caffe.cpp:314] Batch 4469, accuracy1+2+3 = 1
I0418 09:24:46.538787  6080 data_layer.cpp:128] Prefetch batch: 109 ms.
I0418 09:24:46.538787  6080 data_layer.cpp:129]      Read time: 0 ms.
I0418 09:24:46.538787  6080 data_layer.cpp:130] Transform time: 109.386 ms.
I0418 09:24:47.398192  7952 caffe.cpp:314] Batch 4470, accuracy1+2 = 1
I0418 09:24:47.398192  7952 caffe.cpp:314] Batch 4470, accuracy1+2+3 = 1
I0418 09:24:47.523200  6080 data_layer.cpp:128] Prefetch batch: 125 ms.
I0418 09:24:47.523200  6080 data_layer.cpp:129]      Read time: 93.754 ms.
I0418 09:24:47.523200  6080 data_layer.cpp:130] Transform time: 31.253 ms.
I0418 09:24:48.382608  7952 caffe.cpp:314] Batch 4471, accuracy1+2 = 1
I0418 09:24:48.382608  7952 caffe.cpp:314] Batch 4471, accuracy1+2+3 = 1
I0418 09:24:48.507609  6080 data_layer.cpp:128] Prefetch batch: 125 ms.
I0418 09:24:48.507609  6080 data_layer.cpp:129]      Read time: 78.13 ms.
I0418 09:24:48.507609  6080 data_layer.cpp:130] Transform time: 46.871 ms.
I0418 09:24:49.351390  7952 caffe.cpp:314] Batch 4472, accuracy1+2 = 1
I0418 09:24:49.351390  7952 caffe.cpp:314] Batch 4472, accuracy1+2+3 = 1
I0418 09:24:49.460774  6080 data_layer.cpp:128] Prefetch batch: 109 ms.
I0418 09:24:49.460774  6080 data_layer.cpp:129]      Read time: 0 ms.
I0418 09:24:49.460774  6080 data_layer.cpp:130] Transform time: 109.384 ms.
I0418 09:24:50.320179  7952 caffe.cpp:314] Batch 4473, accuracy1+2 = 1
I0418 09:24:50.320179  7952 caffe.cpp:314] Batch 4473, accuracy1+2+3 = 1
I0418 09:24:50.445183  6080 data_layer.cpp:128] Prefetch batch: 125 ms.
I0418 09:24:50.445183  6080 data_layer.cpp:129]      Read time: 93.755 ms.
I0418 09:24:50.445183  6080 data_layer.cpp:130] Transform time: 31.249 ms.
I0418 09:24:51.288972  7952 caffe.cpp:314] Batch 4474, accuracy1+2 = 1
I0418 09:24:51.288972  7952 caffe.cpp:314] Batch 4474, accuracy1+2+3 = 1
I0418 09:24:51.429605  6080 data_layer.cpp:128] Prefetch batch: 140 ms.
I0418 09:24:51.429605  6080 data_layer.cpp:129]      Read time: 93.763 ms.
I0418 09:24:51.429605  6080 data_layer.cpp:130] Transform time: 46.869 ms.
I0418 09:24:52.273386  7952 caffe.cpp:314] Batch 4475, accuracy1+2 = 1
I0418 09:24:52.273386  7952 caffe.cpp:314] Batch 4475, accuracy1+2+3 = 1
I0418 09:24:52.398386  6080 data_layer.cpp:128] Prefetch batch: 125 ms.
I0418 09:24:52.398386  6080 data_layer.cpp:129]      Read time: 93.752 ms.
I0418 09:24:52.398386  6080 data_layer.cpp:130] Transform time: 31.248 ms.
I0418 09:24:53.242168  7952 caffe.cpp:314] Batch 4476, accuracy1+2 = 1
I0418 09:24:53.242168  7952 caffe.cpp:314] Batch 4476, accuracy1+2+3 = 1
I0418 09:24:53.351541  6080 data_layer.cpp:128] Prefetch batch: 109 ms.
I0418 09:24:53.351541  6080 data_layer.cpp:129]      Read time: 0 ms.
I0418 09:24:53.351541  6080 data_layer.cpp:130] Transform time: 109.373 ms.
I0418 09:24:54.210960  7952 caffe.cpp:314] Batch 4477, accuracy1+2 = 1
I0418 09:24:54.210960  7952 caffe.cpp:314] Batch 4477, accuracy1+2+3 = 1
I0418 09:24:54.335966  6080 data_layer.cpp:128] Prefetch batch: 125 ms.
I0418 09:24:54.335966  6080 data_layer.cpp:129]      Read time: 93.755 ms.
I0418 09:24:54.335966  6080 data_layer.cpp:130] Transform time: 31.251 ms.
I0418 09:24:55.195374  7952 caffe.cpp:314] Batch 4478, accuracy1+2 = 1
I0418 09:24:55.195374  7952 caffe.cpp:314] Batch 4478, accuracy1+2+3 = 1
I0418 09:24:55.320375  6080 data_layer.cpp:128] Prefetch batch: 125 ms.
I0418 09:24:55.320375  6080 data_layer.cpp:129]      Read time: 78.131 ms.
I0418 09:24:55.320375  6080 data_layer.cpp:130] Transform time: 46.871 ms.
I0418 09:24:56.164161  7952 caffe.cpp:314] Batch 4479, accuracy1+2 = 1
I0418 09:24:56.164161  7952 caffe.cpp:314] Batch 4479, accuracy1+2+3 = 1
I0418 09:24:56.289170  6080 data_layer.cpp:128] Prefetch batch: 125 ms.
I0418 09:24:56.289170  6080 data_layer.cpp:129]      Read time: 93.754 ms.
I0418 09:24:56.289170  6080 data_layer.cpp:130] Transform time: 31.254 ms.
I0418 09:24:57.132948  7952 caffe.cpp:314] Batch 4480, accuracy1+2 = 1
I0418 09:24:57.132948  7952 caffe.cpp:314] Batch 4480, accuracy1+2+3 = 1
I0418 09:24:57.257958  6080 data_layer.cpp:128] Prefetch batch: 125 ms.
I0418 09:24:57.257958  6080 data_layer.cpp:129]      Read time: 93.752 ms.
I0418 09:24:57.257958  6080 data_layer.cpp:130] Transform time: 31.258 ms.
I0418 09:24:58.101733  7952 caffe.cpp:314] Batch 4481, accuracy1+2 = 1
I0418 09:24:58.101733  7952 caffe.cpp:314] Batch 4481, accuracy1+2+3 = 1
I0418 09:24:58.242368  6080 data_layer.cpp:128] Prefetch batch: 140 ms.
I0418 09:24:58.242368  6080 data_layer.cpp:129]      Read time: 93.754 ms.
I0418 09:24:58.242368  6080 data_layer.cpp:130] Transform time: 46.881 ms.
I0418 09:24:59.086149  7952 caffe.cpp:314] Batch 4482, accuracy1+2 = 1
I0418 09:24:59.086149  7952 caffe.cpp:314] Batch 4482, accuracy1+2+3 = 1
I0418 09:24:59.179901  6080 data_layer.cpp:128] Prefetch batch: 93 ms.
I0418 09:24:59.179901  6080 data_layer.cpp:129]      Read time: 0 ms.
I0418 09:24:59.179901  6080 data_layer.cpp:130] Transform time: 93.752 ms.
I0418 09:25:00.054949  7952 caffe.cpp:314] Batch 4483, accuracy1+2 = 1
I0418 09:25:00.054949  7952 caffe.cpp:314] Batch 4483, accuracy1+2+3 = 1
I0418 09:25:00.179934  6080 data_layer.cpp:128] Prefetch batch: 124 ms.
I0418 09:25:00.179934  6080 data_layer.cpp:129]      Read time: 93.748 ms.
I0418 09:25:00.179934  6080 data_layer.cpp:130] Transform time: 31.237 ms.
I0418 09:25:01.054968  7952 caffe.cpp:314] Batch 4484, accuracy1+2 = 1
I0418 09:25:01.054968  7952 caffe.cpp:314] Batch 4484, accuracy1+2+3 = 1
I0418 09:25:01.179973  6080 data_layer.cpp:128] Prefetch batch: 125 ms.
I0418 09:25:01.179973  6080 data_layer.cpp:129]      Read time: 93.766 ms.
I0418 09:25:01.179973  6080 data_layer.cpp:130] Transform time: 31.239 ms.
I0418 09:25:02.070644  7952 caffe.cpp:314] Batch 4485, accuracy1+2 = 1
I0418 09:25:02.070644  7952 caffe.cpp:314] Batch 4485, accuracy1+2+3 = 1
I0418 09:25:02.195648  6080 data_layer.cpp:128] Prefetch batch: 125 ms.
I0418 09:25:02.195648  6080 data_layer.cpp:129]      Read time: 93.751 ms.
I0418 09:25:02.195648  6080 data_layer.cpp:130] Transform time: 31.253 ms.
I0418 09:25:03.039429  7952 caffe.cpp:314] Batch 4486, accuracy1+2 = 1
I0418 09:25:03.039429  7952 caffe.cpp:314] Batch 4486, accuracy1+2+3 = 1
I0418 09:25:03.164438  6080 data_layer.cpp:128] Prefetch batch: 125 ms.
I0418 09:25:03.164438  6080 data_layer.cpp:129]      Read time: 93.753 ms.
I0418 09:25:03.164438  6080 data_layer.cpp:130] Transform time: 31.256 ms.
I0418 09:25:04.008216  7952 caffe.cpp:314] Batch 4487, accuracy1+2 = 1
I0418 09:25:04.008216  7952 caffe.cpp:314] Batch 4487, accuracy1+2+3 = 1
I0418 09:25:04.148850  6080 data_layer.cpp:128] Prefetch batch: 140 ms.
I0418 09:25:04.148850  6080 data_layer.cpp:129]      Read time: 93.753 ms.
I0418 09:25:04.148850  6080 data_layer.cpp:130] Transform time: 46.881 ms.
I0418 09:25:04.992629  7952 caffe.cpp:314] Batch 4488, accuracy1+2 = 1
I0418 09:25:04.992629  7952 caffe.cpp:314] Batch 4488, accuracy1+2+3 = 1
I0418 09:25:05.086390  6080 data_layer.cpp:128] Prefetch batch: 93 ms.
I0418 09:25:05.086390  6080 data_layer.cpp:129]      Read time: 0 ms.
I0418 09:25:05.086390  6080 data_layer.cpp:130] Transform time: 93.761 ms.
I0418 09:25:05.961416  7952 caffe.cpp:314] Batch 4489, accuracy1+2 = 1
I0418 09:25:05.961416  7952 caffe.cpp:314] Batch 4489, accuracy1+2+3 = 1
I0418 09:25:06.086426  6080 data_layer.cpp:128] Prefetch batch: 125 ms.
I0418 09:25:06.086426  6080 data_layer.cpp:129]      Read time: 93.76 ms.
I0418 09:25:06.086426  6080 data_layer.cpp:130] Transform time: 31.25 ms.
I0418 09:25:06.930208  7952 caffe.cpp:314] Batch 4490, accuracy1+2 = 1
I0418 09:25:06.930208  7952 caffe.cpp:314] Batch 4490, accuracy1+2+3 = 1
I0418 09:25:07.055212  6080 data_layer.cpp:128] Prefetch batch: 125 ms.
I0418 09:25:07.055212  6080 data_layer.cpp:129]      Read time: 93.756 ms.
I0418 09:25:07.055212  6080 data_layer.cpp:130] Transform time: 31.248 ms.
I0418 09:25:07.914623  7952 caffe.cpp:314] Batch 4491, accuracy1+2 = 1
I0418 09:25:07.914623  7952 caffe.cpp:314] Batch 4491, accuracy1+2+3 = 1
I0418 09:25:08.039628  6080 data_layer.cpp:128] Prefetch batch: 125 ms.
I0418 09:25:08.039628  6080 data_layer.cpp:129]      Read time: 78.129 ms.
I0418 09:25:08.039628  6080 data_layer.cpp:130] Transform time: 46.877 ms.
I0418 09:25:08.883407  7952 caffe.cpp:314] Batch 4492, accuracy1+2 = 1
I0418 09:25:08.883407  7952 caffe.cpp:314] Batch 4492, accuracy1+2+3 = 1
I0418 09:25:09.008411  6080 data_layer.cpp:128] Prefetch batch: 125 ms.
I0418 09:25:09.008411  6080 data_layer.cpp:129]      Read time: 93.761 ms.
I0418 09:25:09.008411  6080 data_layer.cpp:130] Transform time: 31.243 ms.
I0418 09:25:09.852200  7952 caffe.cpp:314] Batch 4493, accuracy1+2 = 1
I0418 09:25:09.852200  7952 caffe.cpp:314] Batch 4493, accuracy1+2+3 = 1
I0418 09:25:09.977193  6080 data_layer.cpp:128] Prefetch batch: 124 ms.
I0418 09:25:09.977193  6080 data_layer.cpp:129]      Read time: 93.754 ms.
I0418 09:25:09.977193  6080 data_layer.cpp:130] Transform time: 31.239 ms.
I0418 09:25:10.836611  7952 caffe.cpp:314] Batch 4494, accuracy1+2 = 1
I0418 09:25:10.836611  7952 caffe.cpp:314] Batch 4494, accuracy1+2+3 = 1
I0418 09:25:10.930366  6080 data_layer.cpp:128] Prefetch batch: 93 ms.
I0418 09:25:10.930366  6080 data_layer.cpp:129]      Read time: 0 ms.
I0418 09:25:10.930366  6080 data_layer.cpp:130] Transform time: 93.756 ms.
I0418 09:25:11.805400  7952 caffe.cpp:314] Batch 4495, accuracy1+2 = 0
I0418 09:25:11.805400  7952 caffe.cpp:314] Batch 4495, accuracy1+2+3 = 0
I0418 09:25:11.930405  6080 data_layer.cpp:128] Prefetch batch: 125 ms.
I0418 09:25:11.930405  6080 data_layer.cpp:129]      Read time: 93.757 ms.
I0418 09:25:11.930405  6080 data_layer.cpp:130] Transform time: 31.248 ms.
I0418 09:25:12.789819  7952 caffe.cpp:314] Batch 4496, accuracy1+2 = 1
I0418 09:25:12.789819  7952 caffe.cpp:314] Batch 4496, accuracy1+2+3 = 1
I0418 09:25:12.914815  6080 data_layer.cpp:128] Prefetch batch: 124 ms.
I0418 09:25:12.914815  6080 data_layer.cpp:129]      Read time: 93.75 ms.
I0418 09:25:12.914815  6080 data_layer.cpp:130] Transform time: 31.246 ms.
I0418 09:25:13.758605  7952 caffe.cpp:314] Batch 4497, accuracy1+2 = 1
I0418 09:25:13.758605  7952 caffe.cpp:314] Batch 4497, accuracy1+2+3 = 1
I0418 09:25:13.883607  6080 data_layer.cpp:128] Prefetch batch: 125 ms.
I0418 09:25:13.883607  6080 data_layer.cpp:129]      Read time: 93.752 ms.
I0418 09:25:13.883607  6080 data_layer.cpp:130] Transform time: 31.251 ms.
I0418 09:25:14.743015  7952 caffe.cpp:314] Batch 4498, accuracy1+2 = 1
I0418 09:25:14.743015  7952 caffe.cpp:314] Batch 4498, accuracy1+2+3 = 1
I0418 09:25:14.868016  6080 data_layer.cpp:128] Prefetch batch: 125 ms.
I0418 09:25:14.868016  6080 data_layer.cpp:129]      Read time: 93.758 ms.
I0418 09:25:14.868016  6080 data_layer.cpp:130] Transform time: 31.244 ms.
I0418 09:25:15.711802  7952 caffe.cpp:314] Batch 4499, accuracy1+2 = 1
I0418 09:25:15.711802  7952 caffe.cpp:314] Batch 4499, accuracy1+2+3 = 1
I0418 09:25:15.836807  6080 data_layer.cpp:128] Prefetch batch: 125 ms.
I0418 09:25:15.836807  6080 data_layer.cpp:129]      Read time: 93.757 ms.
I0418 09:25:15.836807  6080 data_layer.cpp:130] Transform time: 31.247 ms.
I0418 09:25:16.696214  7952 caffe.cpp:314] Batch 4500, accuracy1+2 = 1
I0418 09:25:16.696214  7952 caffe.cpp:314] Batch 4500, accuracy1+2+3 = 1
I0418 09:25:16.789970  6080 data_layer.cpp:128] Prefetch batch: 93 ms.
I0418 09:25:16.789970  6080 data_layer.cpp:129]      Read time: 0 ms.
I0418 09:25:16.789970  6080 data_layer.cpp:130] Transform time: 93.756 ms.
I0418 09:25:17.665007  7952 caffe.cpp:314] Batch 4501, accuracy1+2 = 1
I0418 09:25:17.665007  7952 caffe.cpp:314] Batch 4501, accuracy1+2+3 = 1
I0418 09:25:17.790010  6080 data_layer.cpp:128] Prefetch batch: 125 ms.
I0418 09:25:17.790010  6080 data_layer.cpp:129]      Read time: 78.128 ms.
I0418 09:25:17.790010  6080 data_layer.cpp:130] Transform time: 46.875 ms.
I0418 09:25:18.633791  7952 caffe.cpp:314] Batch 4502, accuracy1+2 = 0
I0418 09:25:18.633791  7952 caffe.cpp:314] Batch 4502, accuracy1+2+3 = 0
I0418 09:25:18.758798  6080 data_layer.cpp:128] Prefetch batch: 125 ms.
I0418 09:25:18.758798  6080 data_layer.cpp:129]      Read time: 93.753 ms.
I0418 09:25:18.758798  6080 data_layer.cpp:130] Transform time: 31.254 ms.
I0418 09:25:19.602583  7952 caffe.cpp:314] Batch 4503, accuracy1+2 = 1
I0418 09:25:19.602583  7952 caffe.cpp:314] Batch 4503, accuracy1+2+3 = 1
I0418 09:25:19.743211  6080 data_layer.cpp:128] Prefetch batch: 140 ms.
I0418 09:25:19.743211  6080 data_layer.cpp:129]      Read time: 93.753 ms.
I0418 09:25:19.743211  6080 data_layer.cpp:130] Transform time: 46.875 ms.
I0418 09:25:20.586994  7952 caffe.cpp:314] Batch 4504, accuracy1+2 = 1
I0418 09:25:20.586994  7952 caffe.cpp:314] Batch 4504, accuracy1+2+3 = 1
I0418 09:25:20.680752  6080 data_layer.cpp:128] Prefetch batch: 93 ms.
I0418 09:25:20.680752  6080 data_layer.cpp:129]      Read time: 0 ms.
I0418 09:25:20.680752  6080 data_layer.cpp:130] Transform time: 93.757 ms.
I0418 09:25:21.555780  7952 caffe.cpp:314] Batch 4505, accuracy1+2 = 0
I0418 09:25:21.555780  7952 caffe.cpp:314] Batch 4505, accuracy1+2+3 = 0
I0418 09:25:21.680786  6080 data_layer.cpp:128] Prefetch batch: 125 ms.
I0418 09:25:21.680786  6080 data_layer.cpp:129]      Read time: 93.755 ms.
I0418 09:25:21.680786  6080 data_layer.cpp:130] Transform time: 31.251 ms.
I0418 09:25:22.524571  7952 caffe.cpp:314] Batch 4506, accuracy1+2 = 1
I0418 09:25:22.524571  7952 caffe.cpp:314] Batch 4506, accuracy1+2+3 = 1
I0418 09:25:22.649574  6080 data_layer.cpp:128] Prefetch batch: 125 ms.
I0418 09:25:22.649574  6080 data_layer.cpp:129]      Read time: 93.76 ms.
I0418 09:25:22.649574  6080 data_layer.cpp:130] Transform time: 31.242 ms.
I0418 09:25:23.508985  7952 caffe.cpp:314] Batch 4507, accuracy1+2 = 1
I0418 09:25:23.508985  7952 caffe.cpp:314] Batch 4507, accuracy1+2+3 = 1
I0418 09:25:23.633990  6080 data_layer.cpp:128] Prefetch batch: 125 ms.
I0418 09:25:23.633990  6080 data_layer.cpp:129]      Read time: 78.124 ms.
I0418 09:25:23.633990  6080 data_layer.cpp:130] Transform time: 46.881 ms.
I0418 09:25:24.477772  7952 caffe.cpp:314] Batch 4508, accuracy1+2 = 1
I0418 09:25:24.477772  7952 caffe.cpp:314] Batch 4508, accuracy1+2+3 = 1
I0418 09:25:24.587155  6080 data_layer.cpp:128] Prefetch batch: 109 ms.
I0418 09:25:24.587155  6080 data_layer.cpp:129]      Read time: 0 ms.
I0418 09:25:24.587155  6080 data_layer.cpp:130] Transform time: 109.383 ms.
I0418 09:25:25.446563  7952 caffe.cpp:314] Batch 4509, accuracy1+2 = 1
I0418 09:25:25.446563  7952 caffe.cpp:314] Batch 4509, accuracy1+2+3 = 1
I0418 09:25:25.571566  6080 data_layer.cpp:128] Prefetch batch: 125 ms.
I0418 09:25:25.571566  6080 data_layer.cpp:129]      Read time: 93.749 ms.
I0418 09:25:25.571566  6080 data_layer.cpp:130] Transform time: 31.255 ms.
I0418 09:25:26.415346  7952 caffe.cpp:314] Batch 4510, accuracy1+2 = 1
I0418 09:25:26.415346  7952 caffe.cpp:314] Batch 4510, accuracy1+2+3 = 1
I0418 09:25:26.555984  6080 data_layer.cpp:128] Prefetch batch: 140 ms.
I0418 09:25:26.555984  6080 data_layer.cpp:129]      Read time: 93.758 ms.
I0418 09:25:26.555984  6080 data_layer.cpp:130] Transform time: 46.879 ms.
I0418 09:25:27.399765  7952 caffe.cpp:314] Batch 4511, accuracy1+2 = 1
I0418 09:25:27.399765  7952 caffe.cpp:314] Batch 4511, accuracy1+2+3 = 1
I0418 09:25:27.524768  6080 data_layer.cpp:128] Prefetch batch: 125 ms.
I0418 09:25:27.524768  6080 data_layer.cpp:129]      Read time: 93.754 ms.
I0418 09:25:27.524768  6080 data_layer.cpp:130] Transform time: 31.249 ms.
I0418 09:25:28.368544  7952 caffe.cpp:314] Batch 4512, accuracy1+2 = 1
I0418 09:25:28.368544  7952 caffe.cpp:314] Batch 4512, accuracy1+2+3 = 1
I0418 09:25:28.477928  6080 data_layer.cpp:128] Prefetch batch: 109 ms.
I0418 09:25:28.477928  6080 data_layer.cpp:129]      Read time: 0 ms.
I0418 09:25:28.477928  6080 data_layer.cpp:130] Transform time: 109.384 ms.
I0418 09:25:29.337338  7952 caffe.cpp:314] Batch 4513, accuracy1+2 = 0
I0418 09:25:29.337338  7952 caffe.cpp:314] Batch 4513, accuracy1+2+3 = 0
I0418 09:25:29.462339  6080 data_layer.cpp:128] Prefetch batch: 125 ms.
I0418 09:25:29.462339  6080 data_layer.cpp:129]      Read time: 93.751 ms.
I0418 09:25:29.462339  6080 data_layer.cpp:130] Transform time: 31.25 ms.
I0418 09:25:30.321754  7952 caffe.cpp:314] Batch 4514, accuracy1+2 = 1
I0418 09:25:30.321754  7952 caffe.cpp:314] Batch 4514, accuracy1+2+3 = 1
I0418 09:25:30.446759  6080 data_layer.cpp:128] Prefetch batch: 125 ms.
I0418 09:25:30.446759  6080 data_layer.cpp:129]      Read time: 93.753 ms.
I0418 09:25:30.446759  6080 data_layer.cpp:130] Transform time: 31.252 ms.
I0418 09:25:31.290542  7952 caffe.cpp:314] Batch 4515, accuracy1+2 = 1
I0418 09:25:31.290542  7952 caffe.cpp:314] Batch 4515, accuracy1+2+3 = 1
I0418 09:25:31.415544  6080 data_layer.cpp:128] Prefetch batch: 125 ms.
I0418 09:25:31.415544  6080 data_layer.cpp:129]      Read time: 93.751 ms.
I0418 09:25:31.415544  6080 data_layer.cpp:130] Transform time: 31.25 ms.
I0418 09:25:32.274953  7952 caffe.cpp:314] Batch 4516, accuracy1+2 = 1
I0418 09:25:32.274953  7952 caffe.cpp:314] Batch 4516, accuracy1+2+3 = 1
I0418 09:25:32.399961  6080 data_layer.cpp:128] Prefetch batch: 125 ms.
I0418 09:25:32.399961  6080 data_layer.cpp:129]      Read time: 78.124 ms.
I0418 09:25:32.399961  6080 data_layer.cpp:130] Transform time: 46.884 ms.
I0418 09:25:33.243741  7952 caffe.cpp:314] Batch 4517, accuracy1+2 = 1
I0418 09:25:33.243741  7952 caffe.cpp:314] Batch 4517, accuracy1+2+3 = 1
I0418 09:25:33.337491  6080 data_layer.cpp:128] Prefetch batch: 93 ms.
I0418 09:25:33.337491  6080 data_layer.cpp:129]      Read time: 0 ms.
I0418 09:25:33.337491  6080 data_layer.cpp:130] Transform time: 93.749 ms.
I0418 09:25:34.212529  7952 caffe.cpp:314] Batch 4518, accuracy1+2 = 0
I0418 09:25:34.212529  7952 caffe.cpp:314] Batch 4518, accuracy1+2+3 = 0
I0418 09:25:34.337533  6080 data_layer.cpp:128] Prefetch batch: 125 ms.
I0418 09:25:34.337533  6080 data_layer.cpp:129]      Read time: 93.754 ms.
I0418 09:25:34.337533  6080 data_layer.cpp:130] Transform time: 31.25 ms.
I0418 09:25:35.181314  7952 caffe.cpp:314] Batch 4519, accuracy1+2 = 1
I0418 09:25:35.181314  7952 caffe.cpp:314] Batch 4519, accuracy1+2+3 = 1
I0418 09:25:35.306323  6080 data_layer.cpp:128] Prefetch batch: 125 ms.
I0418 09:25:35.306323  6080 data_layer.cpp:129]      Read time: 93.76 ms.
I0418 09:25:35.306323  6080 data_layer.cpp:130] Transform time: 31.248 ms.
I0418 09:25:36.165735  7952 caffe.cpp:314] Batch 4520, accuracy1+2 = 1
I0418 09:25:36.165735  7952 caffe.cpp:314] Batch 4520, accuracy1+2+3 = 1
I0418 09:25:36.290737  6080 data_layer.cpp:128] Prefetch batch: 125 ms.
I0418 09:25:36.290737  6080 data_layer.cpp:129]      Read time: 78.126 ms.
I0418 09:25:36.290737  6080 data_layer.cpp:130] Transform time: 46.877 ms.
I0418 09:25:37.134518  7952 caffe.cpp:314] Batch 4521, accuracy1+2 = 1
I0418 09:25:37.134518  7952 caffe.cpp:314] Batch 4521, accuracy1+2+3 = 1
I0418 09:25:37.259526  6080 data_layer.cpp:128] Prefetch batch: 125 ms.
I0418 09:25:37.259526  6080 data_layer.cpp:129]      Read time: 93.754 ms.
I0418 09:25:37.259526  6080 data_layer.cpp:130] Transform time: 31.253 ms.
I0418 09:25:38.150182  7952 caffe.cpp:314] Batch 4522, accuracy1+2 = 1
I0418 09:25:38.150182  7952 caffe.cpp:314] Batch 4522, accuracy1+2+3 = 1
I0418 09:25:38.243939  6080 data_layer.cpp:128] Prefetch batch: 93 ms.
I0418 09:25:38.243939  6080 data_layer.cpp:129]      Read time: 0 ms.
I0418 09:25:38.243939  6080 data_layer.cpp:130] Transform time: 93.758 ms.
I0418 09:25:39.150223  7952 caffe.cpp:314] Batch 4523, accuracy1+2 = 0
I0418 09:25:39.150223  7952 caffe.cpp:314] Batch 4523, accuracy1+2+3 = 0
I0418 09:25:39.275229  6080 data_layer.cpp:128] Prefetch batch: 125 ms.
I0418 09:25:39.275229  6080 data_layer.cpp:129]      Read time: 93.753 ms.
I0418 09:25:39.275229  6080 data_layer.cpp:130] Transform time: 31.253 ms.
I0418 09:25:40.134635  7952 caffe.cpp:314] Batch 4524, accuracy1+2 = 0
I0418 09:25:40.134635  7952 caffe.cpp:314] Batch 4524, accuracy1+2+3 = 0
I0418 09:25:40.259645  6080 data_layer.cpp:128] Prefetch batch: 125 ms.
I0418 09:25:40.259645  6080 data_layer.cpp:129]      Read time: 78.129 ms.
I0418 09:25:40.259645  6080 data_layer.cpp:130] Transform time: 46.881 ms.
I0418 09:25:41.103423  7952 caffe.cpp:314] Batch 4525, accuracy1+2 = 0
I0418 09:25:41.103423  7952 caffe.cpp:314] Batch 4525, accuracy1+2+3 = 1
I0418 09:25:41.228428  6080 data_layer.cpp:128] Prefetch batch: 125 ms.
I0418 09:25:41.228428  6080 data_layer.cpp:129]      Read time: 93.753 ms.
I0418 09:25:41.228428  6080 data_layer.cpp:130] Transform time: 31.252 ms.
I0418 09:25:42.087837  7952 caffe.cpp:314] Batch 4526, accuracy1+2 = 1
I0418 09:25:42.087837  7952 caffe.cpp:314] Batch 4526, accuracy1+2+3 = 1
I0418 09:25:42.212846  6080 data_layer.cpp:128] Prefetch batch: 125 ms.
I0418 09:25:42.212846  6080 data_layer.cpp:129]      Read time: 78.131 ms.
I0418 09:25:42.212846  6080 data_layer.cpp:130] Transform time: 46.877 ms.
I0418 09:25:43.056623  7952 caffe.cpp:314] Batch 4527, accuracy1+2 = 1
I0418 09:25:43.056623  7952 caffe.cpp:314] Batch 4527, accuracy1+2+3 = 1
I0418 09:25:43.166010  6080 data_layer.cpp:128] Prefetch batch: 109 ms.
I0418 09:25:43.166010  6080 data_layer.cpp:129]      Read time: 0 ms.
I0418 09:25:43.166010  6080 data_layer.cpp:130] Transform time: 109.387 ms.
I0418 09:25:44.025416  7952 caffe.cpp:314] Batch 4528, accuracy1+2 = 1
I0418 09:25:44.025416  7952 caffe.cpp:314] Batch 4528, accuracy1+2+3 = 1
I0418 09:25:44.150421  6080 data_layer.cpp:128] Prefetch batch: 125 ms.
I0418 09:25:44.150421  6080 data_layer.cpp:129]      Read time: 93.748 ms.
I0418 09:25:44.150421  6080 data_layer.cpp:130] Transform time: 31.257 ms.
I0418 09:25:45.009824  7952 caffe.cpp:314] Batch 4529, accuracy1+2 = 1
I0418 09:25:45.009824  7952 caffe.cpp:314] Batch 4529, accuracy1+2+3 = 1
I0418 09:25:45.134830  6080 data_layer.cpp:128] Prefetch batch: 125 ms.
I0418 09:25:45.134830  6080 data_layer.cpp:129]      Read time: 78.135 ms.
I0418 09:25:45.134830  6080 data_layer.cpp:130] Transform time: 46.871 ms.
I0418 09:25:45.978615  7952 caffe.cpp:314] Batch 4530, accuracy1+2 = 1
I0418 09:25:45.978615  7952 caffe.cpp:314] Batch 4530, accuracy1+2+3 = 1
I0418 09:25:46.103621  6080 data_layer.cpp:128] Prefetch batch: 125 ms.
I0418 09:25:46.103621  6080 data_layer.cpp:129]      Read time: 93.757 ms.
I0418 09:25:46.103621  6080 data_layer.cpp:130] Transform time: 31.249 ms.
I0418 09:25:46.947404  7952 caffe.cpp:314] Batch 4531, accuracy1+2 = 1
I0418 09:25:46.947404  7952 caffe.cpp:314] Batch 4531, accuracy1+2+3 = 1
I0418 09:25:47.072420  6080 data_layer.cpp:128] Prefetch batch: 125 ms.
I0418 09:25:47.072420  6080 data_layer.cpp:129]      Read time: 93.753 ms.
I0418 09:25:47.072420  6080 data_layer.cpp:130] Transform time: 31.263 ms.
I0418 09:25:47.931813  7952 caffe.cpp:314] Batch 4532, accuracy1+2 = 1
I0418 09:25:47.931813  7952 caffe.cpp:314] Batch 4532, accuracy1+2+3 = 1
I0418 09:25:48.025571  6080 data_layer.cpp:128] Prefetch batch: 93 ms.
I0418 09:25:48.025571  6080 data_layer.cpp:129]      Read time: 0 ms.
I0418 09:25:48.025571  6080 data_layer.cpp:130] Transform time: 93.758 ms.
I0418 09:25:48.900604  7952 caffe.cpp:314] Batch 4533, accuracy1+2 = 0
I0418 09:25:48.900604  7952 caffe.cpp:314] Batch 4533, accuracy1+2+3 = 0
I0418 09:25:49.025612  6080 data_layer.cpp:128] Prefetch batch: 125 ms.
I0418 09:25:49.025612  6080 data_layer.cpp:129]      Read time: 93.757 ms.
I0418 09:25:49.025612  6080 data_layer.cpp:130] Transform time: 31.252 ms.
I0418 09:25:49.869395  7952 caffe.cpp:314] Batch 4534, accuracy1+2 = 1
I0418 09:25:49.869395  7952 caffe.cpp:314] Batch 4534, accuracy1+2+3 = 1
I0418 09:25:49.994397  6080 data_layer.cpp:128] Prefetch batch: 125 ms.
I0418 09:25:49.994397  6080 data_layer.cpp:129]      Read time: 93.749 ms.
I0418 09:25:49.994397  6080 data_layer.cpp:130] Transform time: 31.253 ms.
I0418 09:25:50.838183  7952 caffe.cpp:314] Batch 4535, accuracy1+2 = 1
I0418 09:25:50.838183  7952 caffe.cpp:314] Batch 4535, accuracy1+2+3 = 1
I0418 09:25:50.978811  6080 data_layer.cpp:128] Prefetch batch: 125 ms.
I0418 09:25:50.978811  6080 data_layer.cpp:129]      Read time: 78.124 ms.
I0418 09:25:50.978811  6080 data_layer.cpp:130] Transform time: 46.878 ms.
I0418 09:25:51.822598  7952 caffe.cpp:314] Batch 4536, accuracy1+2 = 1
I0418 09:25:51.822598  7952 caffe.cpp:314] Batch 4536, accuracy1+2+3 = 1
I0418 09:25:51.947602  6080 data_layer.cpp:128] Prefetch batch: 125 ms.
I0418 09:25:51.947602  6080 data_layer.cpp:129]      Read time: 93.748 ms.
I0418 09:25:51.947602  6080 data_layer.cpp:130] Transform time: 31.256 ms.
I0418 09:25:52.791385  7952 caffe.cpp:314] Batch 4537, accuracy1+2 = 0
I0418 09:25:52.791385  7952 caffe.cpp:314] Batch 4537, accuracy1+2+3 = 0
I0418 09:25:52.900764  6080 data_layer.cpp:128] Prefetch batch: 109 ms.
I0418 09:25:52.900764  6080 data_layer.cpp:129]      Read time: 0 ms.
I0418 09:25:52.900764  6080 data_layer.cpp:130] Transform time: 109.379 ms.
I0418 09:25:53.760174  7952 caffe.cpp:314] Batch 4538, accuracy1+2 = 0
I0418 09:25:53.760174  7952 caffe.cpp:314] Batch 4538, accuracy1+2+3 = 0
I0418 09:25:53.885179  6080 data_layer.cpp:128] Prefetch batch: 125 ms.
I0418 09:25:53.885179  6080 data_layer.cpp:129]      Read time: 93.753 ms.
I0418 09:25:53.885179  6080 data_layer.cpp:130] Transform time: 31.252 ms.
I0418 09:25:54.728958  7952 caffe.cpp:314] Batch 4539, accuracy1+2 = 1
I0418 09:25:54.728958  7952 caffe.cpp:314] Batch 4539, accuracy1+2+3 = 1
I0418 09:25:54.869592  6080 data_layer.cpp:128] Prefetch batch: 125 ms.
I0418 09:25:54.869592  6080 data_layer.cpp:129]      Read time: 78.122 ms.
I0418 09:25:54.869592  6080 data_layer.cpp:130] Transform time: 46.884 ms.
I0418 09:25:55.713369  7952 caffe.cpp:314] Batch 4540, accuracy1+2 = 1
I0418 09:25:55.713369  7952 caffe.cpp:314] Batch 4540, accuracy1+2+3 = 1
I0418 09:25:55.807127  6080 data_layer.cpp:128] Prefetch batch: 93 ms.
I0418 09:25:55.807127  6080 data_layer.cpp:129]      Read time: 0 ms.
I0418 09:25:55.807127  6080 data_layer.cpp:130] Transform time: 93.758 ms.
I0418 09:25:56.682162  7952 caffe.cpp:314] Batch 4541, accuracy1+2 = 1
I0418 09:25:56.682162  7952 caffe.cpp:314] Batch 4541, accuracy1+2+3 = 1
I0418 09:25:56.807169  6080 data_layer.cpp:128] Prefetch batch: 125 ms.
I0418 09:25:56.807169  6080 data_layer.cpp:129]      Read time: 93.75 ms.
I0418 09:25:56.807169  6080 data_layer.cpp:130] Transform time: 31.258 ms.
I0418 09:25:57.650943  7952 caffe.cpp:314] Batch 4542, accuracy1+2 = 1
I0418 09:25:57.650943  7952 caffe.cpp:314] Batch 4542, accuracy1+2+3 = 1
I0418 09:25:57.775951  6080 data_layer.cpp:128] Prefetch batch: 125 ms.
I0418 09:25:57.775951  6080 data_layer.cpp:129]      Read time: 93.757 ms.
I0418 09:25:57.775951  6080 data_layer.cpp:130] Transform time: 31.251 ms.
I0418 09:25:58.635365  7952 caffe.cpp:314] Batch 4543, accuracy1+2 = 1
I0418 09:25:58.635365  7952 caffe.cpp:314] Batch 4543, accuracy1+2+3 = 1
I0418 09:25:58.760370  6080 data_layer.cpp:128] Prefetch batch: 125 ms.
I0418 09:25:58.760370  6080 data_layer.cpp:129]      Read time: 78.131 ms.
I0418 09:25:58.760370  6080 data_layer.cpp:130] Transform time: 46.874 ms.
I0418 09:25:59.604151  7952 caffe.cpp:314] Batch 4544, accuracy1+2 = 1
I0418 09:25:59.604151  7952 caffe.cpp:314] Batch 4544, accuracy1+2+3 = 1
I0418 09:25:59.729151  6080 data_layer.cpp:128] Prefetch batch: 125 ms.
I0418 09:25:59.729151  6080 data_layer.cpp:129]      Read time: 93.749 ms.
I0418 09:25:59.729151  6080 data_layer.cpp:130] Transform time: 31.251 ms.
I0418 09:26:00.572935  7952 caffe.cpp:314] Batch 4545, accuracy1+2 = 1
I0418 09:26:00.572935  7952 caffe.cpp:314] Batch 4545, accuracy1+2+3 = 1
I0418 09:26:00.697945  6080 data_layer.cpp:128] Prefetch batch: 125 ms.
I0418 09:26:00.697945  6080 data_layer.cpp:129]      Read time: 93.753 ms.
I0418 09:26:00.697945  6080 data_layer.cpp:130] Transform time: 31.257 ms.
I0418 09:26:01.557350  7952 caffe.cpp:314] Batch 4546, accuracy1+2 = 1
I0418 09:26:01.557350  7952 caffe.cpp:314] Batch 4546, accuracy1+2+3 = 1
I0418 09:26:01.651104  6080 data_layer.cpp:128] Prefetch batch: 93 ms.
I0418 09:26:01.651104  6080 data_layer.cpp:129]      Read time: 0 ms.
I0418 09:26:01.651104  6080 data_layer.cpp:130] Transform time: 93.754 ms.
I0418 09:26:02.526136  7952 caffe.cpp:314] Batch 4547, accuracy1+2 = 1
I0418 09:26:02.526136  7952 caffe.cpp:314] Batch 4547, accuracy1+2+3 = 1
I0418 09:26:02.651144  6080 data_layer.cpp:128] Prefetch batch: 125 ms.
I0418 09:26:02.651144  6080 data_layer.cpp:129]      Read time: 93.757 ms.
I0418 09:26:02.651144  6080 data_layer.cpp:130] Transform time: 31.251 ms.
I0418 09:26:03.494928  7952 caffe.cpp:314] Batch 4548, accuracy1+2 = 1
I0418 09:26:03.494928  7952 caffe.cpp:314] Batch 4548, accuracy1+2+3 = 1
I0418 09:26:03.619935  6080 data_layer.cpp:128] Prefetch batch: 125 ms.
I0418 09:26:03.619935  6080 data_layer.cpp:129]      Read time: 93.755 ms.
I0418 09:26:03.619935  6080 data_layer.cpp:130] Transform time: 31.251 ms.
I0418 09:26:04.463714  7952 caffe.cpp:314] Batch 4549, accuracy1+2 = 1
I0418 09:26:04.463714  7952 caffe.cpp:314] Batch 4549, accuracy1+2+3 = 1
I0418 09:26:04.588719  6080 data_layer.cpp:128] Prefetch batch: 125 ms.
I0418 09:26:04.588719  6080 data_layer.cpp:129]      Read time: 93.752 ms.
I0418 09:26:04.588719  6080 data_layer.cpp:130] Transform time: 31.253 ms.
I0418 09:26:05.448125  7952 caffe.cpp:314] Batch 4550, accuracy1+2 = 1
I0418 09:26:05.448125  7952 caffe.cpp:314] Batch 4550, accuracy1+2+3 = 1
I0418 09:26:05.573137  6080 data_layer.cpp:128] Prefetch batch: 125 ms.
I0418 09:26:05.573137  6080 data_layer.cpp:129]      Read time: 78.131 ms.
I0418 09:26:05.573137  6080 data_layer.cpp:130] Transform time: 46.881 ms.
I0418 09:26:06.416919  7952 caffe.cpp:314] Batch 4551, accuracy1+2 = 1
I0418 09:26:06.416919  7952 caffe.cpp:314] Batch 4551, accuracy1+2+3 = 1
I0418 09:26:06.526305  6080 data_layer.cpp:128] Prefetch batch: 109 ms.
I0418 09:26:06.526305  6080 data_layer.cpp:129]      Read time: 0 ms.
I0418 09:26:06.526305  6080 data_layer.cpp:130] Transform time: 109.386 ms.
I0418 09:26:07.385705  7952 caffe.cpp:314] Batch 4552, accuracy1+2 = 1
I0418 09:26:07.385705  7952 caffe.cpp:314] Batch 4552, accuracy1+2+3 = 1
I0418 09:26:07.510712  6080 data_layer.cpp:128] Prefetch batch: 125 ms.
I0418 09:26:07.510712  6080 data_layer.cpp:129]      Read time: 93.75 ms.
I0418 09:26:07.510712  6080 data_layer.cpp:130] Transform time: 31.257 ms.
I0418 09:26:08.370126  7952 caffe.cpp:314] Batch 4553, accuracy1+2 = 1
I0418 09:26:08.370126  7952 caffe.cpp:314] Batch 4553, accuracy1+2+3 = 1
I0418 09:26:08.495126  6080 data_layer.cpp:128] Prefetch batch: 125 ms.
I0418 09:26:08.495126  6080 data_layer.cpp:129]      Read time: 78.123 ms.
I0418 09:26:08.495126  6080 data_layer.cpp:130] Transform time: 46.877 ms.
I0418 09:26:09.354522  7952 caffe.cpp:314] Batch 4554, accuracy1+2 = 1
I0418 09:26:09.354522  7952 caffe.cpp:314] Batch 4554, accuracy1+2+3 = 1
I0418 09:26:09.479527  6080 data_layer.cpp:128] Prefetch batch: 125 ms.
I0418 09:26:09.479527  6080 data_layer.cpp:129]      Read time: 93.754 ms.
I0418 09:26:09.479527  6080 data_layer.cpp:130] Transform time: 31.251 ms.
I0418 09:26:10.338945  7952 caffe.cpp:314] Batch 4555, accuracy1+2 = 1
I0418 09:26:10.338945  7952 caffe.cpp:314] Batch 4555, accuracy1+2+3 = 1
I0418 09:26:10.463953  6080 data_layer.cpp:128] Prefetch batch: 125 ms.
I0418 09:26:10.463953  6080 data_layer.cpp:129]      Read time: 93.751 ms.
I0418 09:26:10.463953  6080 data_layer.cpp:130] Transform time: 31.257 ms.
I0418 09:26:11.307734  7952 caffe.cpp:314] Batch 4556, accuracy1+2 = 1
I0418 09:26:11.307734  7952 caffe.cpp:314] Batch 4556, accuracy1+2+3 = 1
I0418 09:26:11.417109  6080 data_layer.cpp:128] Prefetch batch: 109 ms.
I0418 09:26:11.417109  6080 data_layer.cpp:129]      Read time: 0 ms.
I0418 09:26:11.417109  6080 data_layer.cpp:130] Transform time: 109.375 ms.
I0418 09:26:12.292148  7952 caffe.cpp:314] Batch 4557, accuracy1+2 = 1
I0418 09:26:12.292148  7952 caffe.cpp:314] Batch 4557, accuracy1+2+3 = 1
I0418 09:26:12.417150  6080 data_layer.cpp:128] Prefetch batch: 125 ms.
I0418 09:26:12.417150  6080 data_layer.cpp:129]      Read time: 93.756 ms.
I0418 09:26:12.417150  6080 data_layer.cpp:130] Transform time: 31.246 ms.
I0418 09:26:13.260946  7952 caffe.cpp:314] Batch 4558, accuracy1+2 = 1
I0418 09:26:13.260946  7952 caffe.cpp:314] Batch 4558, accuracy1+2+3 = 1
I0418 09:26:13.401564  6080 data_layer.cpp:128] Prefetch batch: 140 ms.
I0418 09:26:13.401564  6080 data_layer.cpp:129]      Read time: 93.744 ms.
I0418 09:26:13.401564  6080 data_layer.cpp:130] Transform time: 46.875 ms.
I0418 09:26:14.245349  7952 caffe.cpp:314] Batch 4559, accuracy1+2 = 1
I0418 09:26:14.245349  7952 caffe.cpp:314] Batch 4559, accuracy1+2+3 = 1
I0418 09:26:14.370355  6080 data_layer.cpp:128] Prefetch batch: 125 ms.
I0418 09:26:14.370355  6080 data_layer.cpp:129]      Read time: 93.754 ms.
I0418 09:26:14.370355  6080 data_layer.cpp:130] Transform time: 31.252 ms.
I0418 09:26:15.245378  7952 caffe.cpp:314] Batch 4560, accuracy1+2 = 1
I0418 09:26:15.245378  7952 caffe.cpp:314] Batch 4560, accuracy1+2+3 = 1
I0418 09:26:15.339133  6080 data_layer.cpp:128] Prefetch batch: 93 ms.
I0418 09:26:15.339133  6080 data_layer.cpp:129]      Read time: 0 ms.
I0418 09:26:15.339133  6080 data_layer.cpp:130] Transform time: 93.754 ms.
I0418 09:26:16.245447  7952 caffe.cpp:314] Batch 4561, accuracy1+2 = 0
I0418 09:26:16.245447  7952 caffe.cpp:314] Batch 4561, accuracy1+2+3 = 1
I0418 09:26:16.370431  6080 data_layer.cpp:128] Prefetch batch: 124 ms.
I0418 09:26:16.370431  6080 data_layer.cpp:129]      Read time: 93.736 ms.
I0418 09:26:16.370431  6080 data_layer.cpp:130] Transform time: 31.248 ms.
I0418 09:26:17.261095  7952 caffe.cpp:314] Batch 4562, accuracy1+2 = 1
I0418 09:26:17.261095  7952 caffe.cpp:314] Batch 4562, accuracy1+2+3 = 1
I0418 09:26:17.386101  6080 data_layer.cpp:128] Prefetch batch: 125 ms.
I0418 09:26:17.386101  6080 data_layer.cpp:129]      Read time: 93.752 ms.
I0418 09:26:17.386101  6080 data_layer.cpp:130] Transform time: 31.255 ms.
I0418 09:26:18.229882  7952 caffe.cpp:314] Batch 4563, accuracy1+2 = 1
I0418 09:26:18.229882  7952 caffe.cpp:314] Batch 4563, accuracy1+2+3 = 1
I0418 09:26:18.354885  6080 data_layer.cpp:128] Prefetch batch: 125 ms.
I0418 09:26:18.354885  6080 data_layer.cpp:129]      Read time: 93.751 ms.
I0418 09:26:18.354885  6080 data_layer.cpp:130] Transform time: 31.253 ms.
I0418 09:26:19.214294  7952 caffe.cpp:314] Batch 4564, accuracy1+2 = 1
I0418 09:26:19.214294  7952 caffe.cpp:314] Batch 4564, accuracy1+2+3 = 1
I0418 09:26:19.308044  6080 data_layer.cpp:128] Prefetch batch: 93 ms.
I0418 09:26:19.308044  6080 data_layer.cpp:129]      Read time: 0 ms.
I0418 09:26:19.308044  6080 data_layer.cpp:130] Transform time: 93.75 ms.
I0418 09:26:20.183081  7952 caffe.cpp:314] Batch 4565, accuracy1+2 = 1
I0418 09:26:20.183081  7952 caffe.cpp:314] Batch 4565, accuracy1+2+3 = 1
I0418 09:26:20.308087  6080 data_layer.cpp:128] Prefetch batch: 125 ms.
I0418 09:26:20.308087  6080 data_layer.cpp:129]      Read time: 93.75 ms.
I0418 09:26:20.308087  6080 data_layer.cpp:130] Transform time: 31.256 ms.
I0418 09:26:21.151870  7952 caffe.cpp:314] Batch 4566, accuracy1+2 = 1
I0418 09:26:21.151870  7952 caffe.cpp:314] Batch 4566, accuracy1+2+3 = 1
I0418 09:26:21.276873  6080 data_layer.cpp:128] Prefetch batch: 125 ms.
I0418 09:26:21.276873  6080 data_layer.cpp:129]      Read time: 93.754 ms.
I0418 09:26:21.276873  6080 data_layer.cpp:130] Transform time: 31.249 ms.
I0418 09:26:22.120658  7952 caffe.cpp:314] Batch 4567, accuracy1+2 = 1
I0418 09:26:22.120658  7952 caffe.cpp:314] Batch 4567, accuracy1+2+3 = 1
I0418 09:26:22.245664  6080 data_layer.cpp:128] Prefetch batch: 125 ms.
I0418 09:26:22.245664  6080 data_layer.cpp:129]      Read time: 93.759 ms.
I0418 09:26:22.261301  6080 data_layer.cpp:130] Transform time: 31.247 ms.
I0418 09:26:23.105074  7952 caffe.cpp:314] Batch 4568, accuracy1+2 = 1
I0418 09:26:23.105074  7952 caffe.cpp:314] Batch 4568, accuracy1+2+3 = 1
I0418 09:26:23.230073  6080 data_layer.cpp:128] Prefetch batch: 124 ms.
I0418 09:26:23.230073  6080 data_layer.cpp:129]      Read time: 93.752 ms.
I0418 09:26:23.230073  6080 data_layer.cpp:130] Transform time: 31.247 ms.
I0418 09:26:24.073856  7952 caffe.cpp:314] Batch 4569, accuracy1+2 = 1
I0418 09:26:24.073856  7952 caffe.cpp:314] Batch 4569, accuracy1+2+3 = 1
I0418 09:26:24.183234  6080 data_layer.cpp:128] Prefetch batch: 109 ms.
I0418 09:26:24.183234  6080 data_layer.cpp:129]      Read time: 0 ms.
I0418 09:26:24.183234  6080 data_layer.cpp:130] Transform time: 109.378 ms.
I0418 09:26:25.042650  7952 caffe.cpp:314] Batch 4570, accuracy1+2 = 1
I0418 09:26:25.042650  7952 caffe.cpp:314] Batch 4570, accuracy1+2+3 = 1
I0418 09:26:25.167654  6080 data_layer.cpp:128] Prefetch batch: 125 ms.
I0418 09:26:25.167654  6080 data_layer.cpp:129]      Read time: 93.748 ms.
I0418 09:26:25.167654  6080 data_layer.cpp:130] Transform time: 31.256 ms.
I0418 09:26:26.027062  7952 caffe.cpp:314] Batch 4571, accuracy1+2 = 1
I0418 09:26:26.027062  7952 caffe.cpp:314] Batch 4571, accuracy1+2+3 = 1
I0418 09:26:26.152066  6080 data_layer.cpp:128] Prefetch batch: 125 ms.
I0418 09:26:26.152066  6080 data_layer.cpp:129]      Read time: 78.131 ms.
I0418 09:26:26.152066  6080 data_layer.cpp:130] Transform time: 46.873 ms.
I0418 09:26:26.995851  7952 caffe.cpp:314] Batch 4572, accuracy1+2 = 1
I0418 09:26:26.995851  7952 caffe.cpp:314] Batch 4572, accuracy1+2+3 = 1
I0418 09:26:27.120852  6080 data_layer.cpp:128] Prefetch batch: 125 ms.
I0418 09:26:27.120852  6080 data_layer.cpp:129]      Read time: 93.76 ms.
I0418 09:26:27.120852  6080 data_layer.cpp:130] Transform time: 31.242 ms.
I0418 09:26:27.964635  7952 caffe.cpp:314] Batch 4573, accuracy1+2 = 1
I0418 09:26:27.964635  7952 caffe.cpp:314] Batch 4573, accuracy1+2+3 = 1
I0418 09:26:28.089643  6080 data_layer.cpp:128] Prefetch batch: 125 ms.
I0418 09:26:28.089643  6080 data_layer.cpp:129]      Read time: 93.754 ms.
I0418 09:26:28.089643  6080 data_layer.cpp:130] Transform time: 31.253 ms.
I0418 09:26:28.933423  7952 caffe.cpp:314] Batch 4574, accuracy1+2 = 1
I0418 09:26:28.933423  7952 caffe.cpp:314] Batch 4574, accuracy1+2+3 = 1
I0418 09:26:29.042809  6080 data_layer.cpp:128] Prefetch batch: 109 ms.
I0418 09:26:29.042809  6080 data_layer.cpp:129]      Read time: 15.624 ms.
I0418 09:26:29.042809  6080 data_layer.cpp:130] Transform time: 93.761 ms.
I0418 09:26:29.917834  7952 caffe.cpp:314] Batch 4575, accuracy1+2 = 1
I0418 09:26:29.917834  7952 caffe.cpp:314] Batch 4575, accuracy1+2+3 = 1
I0418 09:26:30.042847  6080 data_layer.cpp:128] Prefetch batch: 125 ms.
I0418 09:26:30.042847  6080 data_layer.cpp:129]      Read time: 93.755 ms.
I0418 09:26:30.042847  6080 data_layer.cpp:130] Transform time: 31.258 ms.
I0418 09:26:30.886623  7952 caffe.cpp:314] Batch 4576, accuracy1+2 = 1
I0418 09:26:30.886623  7952 caffe.cpp:314] Batch 4576, accuracy1+2+3 = 1
I0418 09:26:31.011627  6080 data_layer.cpp:128] Prefetch batch: 125 ms.
I0418 09:26:31.011627  6080 data_layer.cpp:129]      Read time: 93.753 ms.
I0418 09:26:31.011627  6080 data_layer.cpp:130] Transform time: 31.251 ms.
I0418 09:26:31.871037  7952 caffe.cpp:314] Batch 4577, accuracy1+2 = 1
I0418 09:26:31.871037  7952 caffe.cpp:314] Batch 4577, accuracy1+2+3 = 1
I0418 09:26:31.996049  6080 data_layer.cpp:128] Prefetch batch: 125 ms.
I0418 09:26:31.996049  6080 data_layer.cpp:129]      Read time: 78.131 ms.
I0418 09:26:31.996049  6080 data_layer.cpp:130] Transform time: 46.882 ms.
I0418 09:26:32.839826  7952 caffe.cpp:314] Batch 4578, accuracy1+2 = 1
I0418 09:26:32.839826  7952 caffe.cpp:314] Batch 4578, accuracy1+2+3 = 1
I0418 09:26:32.933583  6080 data_layer.cpp:128] Prefetch batch: 93 ms.
I0418 09:26:32.933583  6080 data_layer.cpp:129]      Read time: 0 ms.
I0418 09:26:32.933583  6080 data_layer.cpp:130] Transform time: 93.756 ms.
I0418 09:26:33.808617  7952 caffe.cpp:314] Batch 4579, accuracy1+2 = 1
I0418 09:26:33.808617  7952 caffe.cpp:314] Batch 4579, accuracy1+2+3 = 1
I0418 09:26:33.933624  6080 data_layer.cpp:128] Prefetch batch: 125 ms.
I0418 09:26:33.933624  6080 data_layer.cpp:129]      Read time: 93.751 ms.
I0418 09:26:33.933624  6080 data_layer.cpp:130] Transform time: 31.255 ms.
I0418 09:26:34.777402  7952 caffe.cpp:314] Batch 4580, accuracy1+2 = 1
I0418 09:26:34.777402  7952 caffe.cpp:314] Batch 4580, accuracy1+2+3 = 1
I0418 09:26:34.902412  6080 data_layer.cpp:128] Prefetch batch: 125 ms.
I0418 09:26:34.902412  6080 data_layer.cpp:129]      Read time: 93.752 ms.
I0418 09:26:34.902412  6080 data_layer.cpp:130] Transform time: 31.258 ms.
I0418 09:26:35.746194  7952 caffe.cpp:314] Batch 4581, accuracy1+2 = 1
I0418 09:26:35.746194  7952 caffe.cpp:314] Batch 4581, accuracy1+2+3 = 1
I0418 09:26:35.871198  6080 data_layer.cpp:128] Prefetch batch: 125 ms.
I0418 09:26:35.871198  6080 data_layer.cpp:129]      Read time: 93.751 ms.
I0418 09:26:35.871198  6080 data_layer.cpp:130] Transform time: 31.253 ms.
I0418 09:26:36.730607  7952 caffe.cpp:314] Batch 4582, accuracy1+2 = 1
I0418 09:26:36.730607  7952 caffe.cpp:314] Batch 4582, accuracy1+2+3 = 1
I0418 09:26:36.855612  6080 data_layer.cpp:128] Prefetch batch: 125 ms.
I0418 09:26:36.855612  6080 data_layer.cpp:129]      Read time: 78.129 ms.
I0418 09:26:36.855612  6080 data_layer.cpp:130] Transform time: 46.875 ms.
I0418 09:26:37.699398  7952 caffe.cpp:314] Batch 4583, accuracy1+2 = 1
I0418 09:26:37.699398  7952 caffe.cpp:314] Batch 4583, accuracy1+2+3 = 1
I0418 09:26:37.808775  6080 data_layer.cpp:128] Prefetch batch: 109 ms.
I0418 09:26:37.808775  6080 data_layer.cpp:129]      Read time: 0 ms.
I0418 09:26:37.808775  6080 data_layer.cpp:130] Transform time: 109.378 ms.
I0418 09:26:38.668184  7952 caffe.cpp:314] Batch 4584, accuracy1+2 = 1
I0418 09:26:38.668184  7952 caffe.cpp:314] Batch 4584, accuracy1+2+3 = 1
I0418 09:26:38.793195  6080 data_layer.cpp:128] Prefetch batch: 125 ms.
I0418 09:26:38.793195  6080 data_layer.cpp:129]      Read time: 93.755 ms.
I0418 09:26:38.793195  6080 data_layer.cpp:130] Transform time: 31.257 ms.
I0418 09:26:39.652603  7952 caffe.cpp:314] Batch 4585, accuracy1+2 = 1
I0418 09:26:39.652603  7952 caffe.cpp:314] Batch 4585, accuracy1+2+3 = 1
I0418 09:26:39.777598  6080 data_layer.cpp:128] Prefetch batch: 124 ms.
I0418 09:26:39.777598  6080 data_layer.cpp:129]      Read time: 78.123 ms.
I0418 09:26:39.777598  6080 data_layer.cpp:130] Transform time: 46.872 ms.
I0418 09:26:40.621381  7952 caffe.cpp:314] Batch 4586, accuracy1+2 = 1
I0418 09:26:40.621381  7952 caffe.cpp:314] Batch 4586, accuracy1+2+3 = 1
I0418 09:26:40.746389  6080 data_layer.cpp:128] Prefetch batch: 125 ms.
I0418 09:26:40.746389  6080 data_layer.cpp:129]      Read time: 93.76 ms.
I0418 09:26:40.746389  6080 data_layer.cpp:130] Transform time: 31.249 ms.
I0418 09:26:41.590171  7952 caffe.cpp:314] Batch 4587, accuracy1+2 = 1
I0418 09:26:41.590171  7952 caffe.cpp:314] Batch 4587, accuracy1+2+3 = 1
I0418 09:26:41.715179  6080 data_layer.cpp:128] Prefetch batch: 125 ms.
I0418 09:26:41.715179  6080 data_layer.cpp:129]      Read time: 93.759 ms.
I0418 09:26:41.715179  6080 data_layer.cpp:130] Transform time: 31.249 ms.
I0418 09:26:42.574587  7952 caffe.cpp:314] Batch 4588, accuracy1+2 = 1
I0418 09:26:42.574587  7952 caffe.cpp:314] Batch 4588, accuracy1+2+3 = 1
I0418 09:26:42.699587  6080 data_layer.cpp:128] Prefetch batch: 125 ms.
I0418 09:26:42.699587  6080 data_layer.cpp:129]      Read time: 78.123 ms.
I0418 09:26:42.699587  6080 data_layer.cpp:130] Transform time: 46.877 ms.
I0418 09:26:43.543377  7952 caffe.cpp:314] Batch 4589, accuracy1+2 = 1
I0418 09:26:43.543377  7952 caffe.cpp:314] Batch 4589, accuracy1+2+3 = 1
I0418 09:26:43.652755  6080 data_layer.cpp:128] Prefetch batch: 109 ms.
I0418 09:26:43.652755  6080 data_layer.cpp:129]      Read time: 0 ms.
I0418 09:26:43.652755  6080 data_layer.cpp:130] Transform time: 109.378 ms.
I0418 09:26:44.527789  7952 caffe.cpp:314] Batch 4590, accuracy1+2 = 1
I0418 09:26:44.527789  7952 caffe.cpp:314] Batch 4590, accuracy1+2+3 = 1
I0418 09:26:44.652794  6080 data_layer.cpp:128] Prefetch batch: 125 ms.
I0418 09:26:44.652794  6080 data_layer.cpp:129]      Read time: 93.75 ms.
I0418 09:26:44.652794  6080 data_layer.cpp:130] Transform time: 31.255 ms.
I0418 09:26:45.496578  7952 caffe.cpp:314] Batch 4591, accuracy1+2 = 1
I0418 09:26:45.496578  7952 caffe.cpp:314] Batch 4591, accuracy1+2+3 = 1
I0418 09:26:45.621577  6080 data_layer.cpp:128] Prefetch batch: 124 ms.
I0418 09:26:45.621577  6080 data_layer.cpp:129]      Read time: 93.748 ms.
I0418 09:26:45.621577  6080 data_layer.cpp:130] Transform time: 31.25 ms.
I0418 09:26:46.480988  7952 caffe.cpp:314] Batch 4592, accuracy1+2 = 1
I0418 09:26:46.480988  7952 caffe.cpp:314] Batch 4592, accuracy1+2+3 = 1
I0418 09:26:46.605993  6080 data_layer.cpp:128] Prefetch batch: 125 ms.
I0418 09:26:46.605993  6080 data_layer.cpp:129]      Read time: 78.133 ms.
I0418 09:26:46.605993  6080 data_layer.cpp:130] Transform time: 46.873 ms.
I0418 09:26:47.449779  7952 caffe.cpp:314] Batch 4593, accuracy1+2 = 1
I0418 09:26:47.449779  7952 caffe.cpp:314] Batch 4593, accuracy1+2+3 = 1
I0418 09:26:47.574777  6080 data_layer.cpp:128] Prefetch batch: 124 ms.
I0418 09:26:47.574777  6080 data_layer.cpp:129]      Read time: 93.75 ms.
I0418 09:26:47.574777  6080 data_layer.cpp:130] Transform time: 31.248 ms.
I0418 09:26:48.418562  7952 caffe.cpp:314] Batch 4594, accuracy1+2 = 1
I0418 09:26:48.418562  7952 caffe.cpp:314] Batch 4594, accuracy1+2+3 = 1
I0418 09:26:48.527946  6080 data_layer.cpp:128] Prefetch batch: 109 ms.
I0418 09:26:48.527946  6080 data_layer.cpp:129]      Read time: 0 ms.
I0418 09:26:48.527946  6080 data_layer.cpp:130] Transform time: 109.384 ms.
I0418 09:26:49.402978  7952 caffe.cpp:314] Batch 4595, accuracy1+2 = 1
I0418 09:26:49.402978  7952 caffe.cpp:314] Batch 4595, accuracy1+2+3 = 1
I0418 09:26:49.527979  6080 data_layer.cpp:128] Prefetch batch: 125 ms.
I0418 09:26:49.527979  6080 data_layer.cpp:129]      Read time: 78.126 ms.
I0418 09:26:49.527979  6080 data_layer.cpp:130] Transform time: 46.875 ms.
I0418 09:26:50.371767  7952 caffe.cpp:314] Batch 4596, accuracy1+2 = 1
I0418 09:26:50.371767  7952 caffe.cpp:314] Batch 4596, accuracy1+2+3 = 1
I0418 09:26:50.496775  6080 data_layer.cpp:128] Prefetch batch: 125 ms.
I0418 09:26:50.496775  6080 data_layer.cpp:129]      Read time: 93.751 ms.
I0418 09:26:50.496775  6080 data_layer.cpp:130] Transform time: 31.258 ms.
I0418 09:26:51.340554  7952 caffe.cpp:314] Batch 4597, accuracy1+2 = 1
I0418 09:26:51.340554  7952 caffe.cpp:314] Batch 4597, accuracy1+2+3 = 1
I0418 09:26:51.465562  6080 data_layer.cpp:128] Prefetch batch: 125 ms.
I0418 09:26:51.465562  6080 data_layer.cpp:129]      Read time: 93.756 ms.
I0418 09:26:51.465562  6080 data_layer.cpp:130] Transform time: 31.252 ms.
I0418 09:26:52.324967  7952 caffe.cpp:314] Batch 4598, accuracy1+2 = 1
I0418 09:26:52.324967  7952 caffe.cpp:314] Batch 4598, accuracy1+2+3 = 1
I0418 09:26:52.449962  6080 data_layer.cpp:128] Prefetch batch: 124 ms.
I0418 09:26:52.449962  6080 data_layer.cpp:129]      Read time: 78.132 ms.
I0418 09:26:52.449962  6080 data_layer.cpp:130] Transform time: 46.863 ms.
I0418 09:26:53.325021  7952 caffe.cpp:314] Batch 4599, accuracy1+2 = 1
I0418 09:26:53.325021  7952 caffe.cpp:314] Batch 4599, accuracy1+2+3 = 1
I0418 09:26:53.434386  6080 data_layer.cpp:128] Prefetch batch: 109 ms.
I0418 09:26:53.434386  6080 data_layer.cpp:129]      Read time: 0 ms.
I0418 09:26:53.434386  6080 data_layer.cpp:130] Transform time: 109.366 ms.
I0418 09:26:54.340668  7952 caffe.cpp:314] Batch 4600, accuracy1+2 = 1
I0418 09:26:54.340668  7952 caffe.cpp:314] Batch 4600, accuracy1+2+3 = 1
I0418 09:26:54.465679  6080 data_layer.cpp:128] Prefetch batch: 125 ms.
I0418 09:26:54.465679  6080 data_layer.cpp:129]      Read time: 93.753 ms.
I0418 09:26:54.465679  6080 data_layer.cpp:130] Transform time: 31.258 ms.
I0418 09:26:55.309460  7952 caffe.cpp:314] Batch 4601, accuracy1+2 = 1
I0418 09:26:55.309460  7952 caffe.cpp:314] Batch 4601, accuracy1+2+3 = 1
I0418 09:26:55.434463  6080 data_layer.cpp:128] Prefetch batch: 125 ms.
I0418 09:26:55.434463  6080 data_layer.cpp:129]      Read time: 93.754 ms.
I0418 09:26:55.434463  6080 data_layer.cpp:130] Transform time: 31.249 ms.
I0418 09:26:56.293879  7952 caffe.cpp:314] Batch 4602, accuracy1+2 = 1
I0418 09:26:56.293879  7952 caffe.cpp:314] Batch 4602, accuracy1+2+3 = 1
I0418 09:26:56.418879  6080 data_layer.cpp:128] Prefetch batch: 125 ms.
I0418 09:26:56.418879  6080 data_layer.cpp:129]      Read time: 78.124 ms.
I0418 09:26:56.418879  6080 data_layer.cpp:130] Transform time: 46.877 ms.
I0418 09:26:57.262658  7952 caffe.cpp:314] Batch 4603, accuracy1+2 = 1
I0418 09:26:57.262658  7952 caffe.cpp:314] Batch 4603, accuracy1+2+3 = 1
I0418 09:26:57.387663  6080 data_layer.cpp:128] Prefetch batch: 125 ms.
I0418 09:26:57.387663  6080 data_layer.cpp:129]      Read time: 46.877 ms.
I0418 09:26:57.387663  6080 data_layer.cpp:130] Transform time: 78.128 ms.
I0418 09:26:58.231452  7952 caffe.cpp:314] Batch 4604, accuracy1+2 = 1
I0418 09:26:58.231452  7952 caffe.cpp:314] Batch 4604, accuracy1+2+3 = 1
I0418 09:26:58.356456  6080 data_layer.cpp:128] Prefetch batch: 125 ms.
I0418 09:26:58.356456  6080 data_layer.cpp:129]      Read time: 93.747 ms.
I0418 09:26:58.356456  6080 data_layer.cpp:130] Transform time: 31.257 ms.
I0418 09:26:59.215863  7952 caffe.cpp:314] Batch 4605, accuracy1+2 = 1
I0418 09:26:59.215863  7952 caffe.cpp:314] Batch 4605, accuracy1+2+3 = 1
I0418 09:26:59.340869  6080 data_layer.cpp:128] Prefetch batch: 125 ms.
I0418 09:26:59.340869  6080 data_layer.cpp:129]      Read time: 46.878 ms.
I0418 09:26:59.340869  6080 data_layer.cpp:130] Transform time: 78.128 ms.
I0418 09:27:00.184653  7952 caffe.cpp:314] Batch 4606, accuracy1+2 = 1
I0418 09:27:00.184653  7952 caffe.cpp:314] Batch 4606, accuracy1+2+3 = 1
I0418 09:27:00.309653  6080 data_layer.cpp:128] Prefetch batch: 125 ms.
I0418 09:27:00.309653  6080 data_layer.cpp:129]      Read time: 93.75 ms.
I0418 09:27:00.309653  6080 data_layer.cpp:130] Transform time: 31.251 ms.
I0418 09:27:01.153434  7952 caffe.cpp:314] Batch 4607, accuracy1+2 = 1
I0418 09:27:01.153434  7952 caffe.cpp:314] Batch 4607, accuracy1+2+3 = 1
I0418 09:27:01.278445  6080 data_layer.cpp:128] Prefetch batch: 125 ms.
I0418 09:27:01.278445  6080 data_layer.cpp:129]      Read time: 93.761 ms.
I0418 09:27:01.278445  6080 data_layer.cpp:130] Transform time: 31.25 ms.
I0418 09:27:02.137856  7952 caffe.cpp:314] Batch 4608, accuracy1+2 = 1
I0418 09:27:02.137856  7952 caffe.cpp:314] Batch 4608, accuracy1+2+3 = 1
I0418 09:27:02.262861  6080 data_layer.cpp:128] Prefetch batch: 125 ms.
I0418 09:27:02.262861  6080 data_layer.cpp:129]      Read time: 93.754 ms.
I0418 09:27:02.262861  6080 data_layer.cpp:130] Transform time: 31.25 ms.
I0418 09:27:03.106642  7952 caffe.cpp:314] Batch 4609, accuracy1+2 = 1
I0418 09:27:03.106642  7952 caffe.cpp:314] Batch 4609, accuracy1+2+3 = 1
I0418 09:27:03.231647  6080 data_layer.cpp:128] Prefetch batch: 125 ms.
I0418 09:27:03.231647  6080 data_layer.cpp:129]      Read time: 93.75 ms.
I0418 09:27:03.231647  6080 data_layer.cpp:130] Transform time: 31.256 ms.
I0418 09:27:04.075438  7952 caffe.cpp:314] Batch 4610, accuracy1+2 = 1
I0418 09:27:04.075438  7952 caffe.cpp:314] Batch 4610, accuracy1+2+3 = 1
I0418 09:27:04.200433  6080 data_layer.cpp:128] Prefetch batch: 124 ms.
I0418 09:27:04.200433  6080 data_layer.cpp:129]      Read time: 93.745 ms.
I0418 09:27:04.200433  6080 data_layer.cpp:130] Transform time: 31.251 ms.
I0418 09:27:05.059842  7952 caffe.cpp:314] Batch 4611, accuracy1+2 = 1
I0418 09:27:05.059842  7952 caffe.cpp:314] Batch 4611, accuracy1+2+3 = 1
I0418 09:27:05.184849  6080 data_layer.cpp:128] Prefetch batch: 125 ms.
I0418 09:27:05.184849  6080 data_layer.cpp:129]      Read time: 78.127 ms.
I0418 09:27:05.184849  6080 data_layer.cpp:130] Transform time: 46.879 ms.
I0418 09:27:06.028620  7952 caffe.cpp:314] Batch 4612, accuracy1+2 = 1
I0418 09:27:06.028620  7952 caffe.cpp:314] Batch 4612, accuracy1+2+3 = 1
I0418 09:27:06.138000  6080 data_layer.cpp:128] Prefetch batch: 109 ms.
I0418 09:27:06.138000  6080 data_layer.cpp:129]      Read time: 0 ms.
I0418 09:27:06.138000  6080 data_layer.cpp:130] Transform time: 109.379 ms.
I0418 09:27:07.013038  7952 caffe.cpp:314] Batch 4613, accuracy1+2 = 1
I0418 09:27:07.013038  7952 caffe.cpp:314] Batch 4613, accuracy1+2+3 = 1
I0418 09:27:07.138048  6080 data_layer.cpp:128] Prefetch batch: 125 ms.
I0418 09:27:07.138048  6080 data_layer.cpp:129]      Read time: 93.756 ms.
I0418 09:27:07.138048  6080 data_layer.cpp:130] Transform time: 31.254 ms.
I0418 09:27:07.981834  7952 caffe.cpp:314] Batch 4614, accuracy1+2 = 1
I0418 09:27:07.981834  7952 caffe.cpp:314] Batch 4614, accuracy1+2+3 = 1
I0418 09:27:08.122459  6080 data_layer.cpp:128] Prefetch batch: 140 ms.
I0418 09:27:08.122459  6080 data_layer.cpp:129]      Read time: 93.752 ms.
I0418 09:27:08.122459  6080 data_layer.cpp:130] Transform time: 46.873 ms.
I0418 09:27:08.966243  7952 caffe.cpp:314] Batch 4615, accuracy1+2 = 1
I0418 09:27:08.966243  7952 caffe.cpp:314] Batch 4615, accuracy1+2+3 = 1
I0418 09:27:09.091258  6080 data_layer.cpp:128] Prefetch batch: 125 ms.
I0418 09:27:09.091258  6080 data_layer.cpp:129]      Read time: 93.756 ms.
I0418 09:27:09.091258  6080 data_layer.cpp:130] Transform time: 31.258 ms.
I0418 09:27:09.950657  7952 caffe.cpp:314] Batch 4616, accuracy1+2 = 1
I0418 09:27:09.950657  7952 caffe.cpp:314] Batch 4616, accuracy1+2+3 = 1
I0418 09:27:10.060044  6080 data_layer.cpp:128] Prefetch batch: 109 ms.
I0418 09:27:10.060044  6080 data_layer.cpp:129]      Read time: 0 ms.
I0418 09:27:10.060044  6080 data_layer.cpp:130] Transform time: 109.386 ms.
I0418 09:27:10.935073  7952 caffe.cpp:314] Batch 4617, accuracy1+2 = 0
I0418 09:27:10.935073  7952 caffe.cpp:314] Batch 4617, accuracy1+2+3 = 0
I0418 09:27:11.060077  6080 data_layer.cpp:128] Prefetch batch: 125 ms.
I0418 09:27:11.060077  6080 data_layer.cpp:129]      Read time: 78.127 ms.
I0418 09:27:11.060077  6080 data_layer.cpp:130] Transform time: 46.877 ms.
I0418 09:27:11.903857  7952 caffe.cpp:314] Batch 4618, accuracy1+2 = 1
I0418 09:27:11.903857  7952 caffe.cpp:314] Batch 4618, accuracy1+2+3 = 1
I0418 09:27:12.028869  6080 data_layer.cpp:128] Prefetch batch: 125 ms.
I0418 09:27:12.028869  6080 data_layer.cpp:129]      Read time: 93.756 ms.
I0418 09:27:12.028869  6080 data_layer.cpp:130] Transform time: 31.256 ms.
I0418 09:27:12.872650  7952 caffe.cpp:314] Batch 4619, accuracy1+2 = 1
I0418 09:27:12.872650  7952 caffe.cpp:314] Batch 4619, accuracy1+2+3 = 1
I0418 09:27:12.997653  6080 data_layer.cpp:128] Prefetch batch: 125 ms.
I0418 09:27:12.997653  6080 data_layer.cpp:129]      Read time: 93.752 ms.
I0418 09:27:12.997653  6080 data_layer.cpp:130] Transform time: 31.25 ms.
I0418 09:27:13.857065  7952 caffe.cpp:314] Batch 4620, accuracy1+2 = 1
I0418 09:27:13.857065  7952 caffe.cpp:314] Batch 4620, accuracy1+2+3 = 1
I0418 09:27:13.982064  6080 data_layer.cpp:128] Prefetch batch: 124 ms.
I0418 09:27:13.982064  6080 data_layer.cpp:129]      Read time: 93.752 ms.
I0418 09:27:13.982064  6080 data_layer.cpp:130] Transform time: 31.247 ms.
I0418 09:27:14.841475  7952 caffe.cpp:314] Batch 4621, accuracy1+2 = 1
I0418 09:27:14.841475  7952 caffe.cpp:314] Batch 4621, accuracy1+2+3 = 1
I0418 09:27:14.950855  6080 data_layer.cpp:128] Prefetch batch: 109 ms.
I0418 09:27:14.950855  6080 data_layer.cpp:129]      Read time: 0 ms.
I0418 09:27:14.950855  6080 data_layer.cpp:130] Transform time: 109.38 ms.
I0418 09:27:15.841514  7952 caffe.cpp:314] Batch 4622, accuracy1+2 = 1
I0418 09:27:15.841514  7952 caffe.cpp:314] Batch 4622, accuracy1+2+3 = 1
I0418 09:27:15.966519  6080 data_layer.cpp:128] Prefetch batch: 125 ms.
I0418 09:27:15.966519  6080 data_layer.cpp:129]      Read time: 78.129 ms.
I0418 09:27:15.966519  6080 data_layer.cpp:130] Transform time: 46.876 ms.
I0418 09:27:16.825932  7952 caffe.cpp:314] Batch 4623, accuracy1+2 = 1
I0418 09:27:16.825932  7952 caffe.cpp:314] Batch 4623, accuracy1+2+3 = 1
I0418 09:27:16.950933  6080 data_layer.cpp:128] Prefetch batch: 125 ms.
I0418 09:27:16.950933  6080 data_layer.cpp:129]      Read time: 93.749 ms.
I0418 09:27:16.950933  6080 data_layer.cpp:130] Transform time: 31.252 ms.
I0418 09:27:17.810339  7952 caffe.cpp:314] Batch 4624, accuracy1+2 = 1
I0418 09:27:17.810339  7952 caffe.cpp:314] Batch 4624, accuracy1+2+3 = 1
I0418 09:27:17.935344  6080 data_layer.cpp:128] Prefetch batch: 125 ms.
I0418 09:27:17.935344  6080 data_layer.cpp:129]      Read time: 78.132 ms.
I0418 09:27:17.935344  6080 data_layer.cpp:130] Transform time: 46.873 ms.
I0418 09:27:18.779131  7952 caffe.cpp:314] Batch 4625, accuracy1+2 = 1
I0418 09:27:18.779131  7952 caffe.cpp:314] Batch 4625, accuracy1+2+3 = 1
I0418 09:27:18.904134  6080 data_layer.cpp:128] Prefetch batch: 125 ms.
I0418 09:27:18.904134  6080 data_layer.cpp:129]      Read time: 93.76 ms.
I0418 09:27:18.904134  6080 data_layer.cpp:130] Transform time: 31.243 ms.
I0418 09:27:19.763545  7952 caffe.cpp:314] Batch 4626, accuracy1+2 = 1
I0418 09:27:19.763545  7952 caffe.cpp:314] Batch 4626, accuracy1+2+3 = 1
I0418 09:27:19.857302  6080 data_layer.cpp:128] Prefetch batch: 93 ms.
I0418 09:27:19.857302  6080 data_layer.cpp:129]      Read time: 0 ms.
I0418 09:27:19.857302  6080 data_layer.cpp:130] Transform time: 93.758 ms.
I0418 09:27:20.732336  7952 caffe.cpp:314] Batch 4627, accuracy1+2 = 1
I0418 09:27:20.732336  7952 caffe.cpp:314] Batch 4627, accuracy1+2+3 = 1
I0418 09:27:20.857339  6080 data_layer.cpp:128] Prefetch batch: 125 ms.
I0418 09:27:20.857339  6080 data_layer.cpp:129]      Read time: 93.749 ms.
I0418 09:27:20.857339  6080 data_layer.cpp:130] Transform time: 31.255 ms.
I0418 09:27:21.716742  7952 caffe.cpp:314] Batch 4628, accuracy1+2 = 1
I0418 09:27:21.716742  7952 caffe.cpp:314] Batch 4628, accuracy1+2+3 = 1
I0418 09:27:21.841749  6080 data_layer.cpp:128] Prefetch batch: 125 ms.
I0418 09:27:21.841749  6080 data_layer.cpp:129]      Read time: 93.759 ms.
I0418 09:27:21.841749  6080 data_layer.cpp:130] Transform time: 31.248 ms.
I0418 09:27:22.685530  7952 caffe.cpp:314] Batch 4629, accuracy1+2 = 1
I0418 09:27:22.685530  7952 caffe.cpp:314] Batch 4629, accuracy1+2+3 = 1
I0418 09:27:22.794912  6080 data_layer.cpp:128] Prefetch batch: 109 ms.
I0418 09:27:22.794912  6080 data_layer.cpp:129]      Read time: 0 ms.
I0418 09:27:22.794912  6080 data_layer.cpp:130] Transform time: 109.382 ms.
I0418 09:27:23.654325  7952 caffe.cpp:314] Batch 4630, accuracy1+2 = 1
I0418 09:27:23.654325  7952 caffe.cpp:314] Batch 4630, accuracy1+2+3 = 1
I0418 09:27:23.779323  6080 data_layer.cpp:128] Prefetch batch: 124 ms.
I0418 09:27:23.779323  6080 data_layer.cpp:129]      Read time: 93.748 ms.
I0418 09:27:23.779323  6080 data_layer.cpp:130] Transform time: 31.251 ms.
I0418 09:27:24.654364  7952 caffe.cpp:314] Batch 4631, accuracy1+2 = 1
I0418 09:27:24.654364  7952 caffe.cpp:314] Batch 4631, accuracy1+2+3 = 1
I0418 09:27:24.779363  6080 data_layer.cpp:128] Prefetch batch: 124 ms.
I0418 09:27:24.779363  6080 data_layer.cpp:129]      Read time: 78.135 ms.
I0418 09:27:24.779363  6080 data_layer.cpp:130] Transform time: 46.864 ms.
I0418 09:27:25.623149  7952 caffe.cpp:314] Batch 4632, accuracy1+2 = 1
I0418 09:27:25.623149  7952 caffe.cpp:314] Batch 4632, accuracy1+2+3 = 1
I0418 09:27:25.748157  6080 data_layer.cpp:128] Prefetch batch: 125 ms.
I0418 09:27:25.748157  6080 data_layer.cpp:129]      Read time: 93.757 ms.
I0418 09:27:25.748157  6080 data_layer.cpp:130] Transform time: 31.25 ms.
I0418 09:27:26.607564  7952 caffe.cpp:314] Batch 4633, accuracy1+2 = 1
I0418 09:27:26.607564  7952 caffe.cpp:314] Batch 4633, accuracy1+2+3 = 1
I0418 09:27:26.732574  6080 data_layer.cpp:128] Prefetch batch: 125 ms.
I0418 09:27:26.732574  6080 data_layer.cpp:129]      Read time: 93.753 ms.
I0418 09:27:26.732574  6080 data_layer.cpp:130] Transform time: 31.257 ms.
I0418 09:27:27.576350  7952 caffe.cpp:314] Batch 4634, accuracy1+2 = 1
I0418 09:27:27.576350  7952 caffe.cpp:314] Batch 4634, accuracy1+2+3 = 1
I0418 09:27:27.685730  6080 data_layer.cpp:128] Prefetch batch: 109 ms.
I0418 09:27:27.685730  6080 data_layer.cpp:129]      Read time: 0 ms.
I0418 09:27:27.685730  6080 data_layer.cpp:130] Transform time: 109.38 ms.
I0418 09:27:28.560765  7952 caffe.cpp:314] Batch 4635, accuracy1+2 = 1
I0418 09:27:28.560765  7952 caffe.cpp:314] Batch 4635, accuracy1+2+3 = 1
I0418 09:27:28.685770  6080 data_layer.cpp:128] Prefetch batch: 125 ms.
I0418 09:27:28.685770  6080 data_layer.cpp:129]      Read time: 93.751 ms.
I0418 09:27:28.685770  6080 data_layer.cpp:130] Transform time: 31.253 ms.
I0418 09:27:29.545167  7952 caffe.cpp:314] Batch 4636, accuracy1+2 = 1
I0418 09:27:29.545167  7952 caffe.cpp:314] Batch 4636, accuracy1+2+3 = 1
I0418 09:27:29.670172  6080 data_layer.cpp:128] Prefetch batch: 125 ms.
I0418 09:27:29.670172  6080 data_layer.cpp:129]      Read time: 78.128 ms.
I0418 09:27:29.670172  6080 data_layer.cpp:130] Transform time: 46.877 ms.
I0418 09:27:30.545234  7952 caffe.cpp:314] Batch 4637, accuracy1+2 = 1
I0418 09:27:30.545234  7952 caffe.cpp:314] Batch 4637, accuracy1+2+3 = 1
I0418 09:27:30.685837  6080 data_layer.cpp:128] Prefetch batch: 140 ms.
I0418 09:27:30.685837  6080 data_layer.cpp:129]      Read time: 93.726 ms.
I0418 09:27:30.685837  6080 data_layer.cpp:130] Transform time: 46.877 ms.
I0418 09:27:31.560880  7952 caffe.cpp:314] Batch 4638, accuracy1+2 = 1
I0418 09:27:31.560880  7952 caffe.cpp:314] Batch 4638, accuracy1+2+3 = 1
I0418 09:27:31.685889  6080 data_layer.cpp:128] Prefetch batch: 125 ms.
I0418 09:27:31.685889  6080 data_layer.cpp:129]      Read time: 93.754 ms.
I0418 09:27:31.685889  6080 data_layer.cpp:130] Transform time: 31.254 ms.
I0418 09:27:32.529673  7952 caffe.cpp:314] Batch 4639, accuracy1+2 = 1
I0418 09:27:32.529673  7952 caffe.cpp:314] Batch 4639, accuracy1+2+3 = 1
I0418 09:27:32.639055  6080 data_layer.cpp:128] Prefetch batch: 109 ms.
I0418 09:27:32.639055  6080 data_layer.cpp:129]      Read time: 0 ms.
I0418 09:27:32.639055  6080 data_layer.cpp:130] Transform time: 109.381 ms.
I0418 09:27:33.498461  7952 caffe.cpp:314] Batch 4640, accuracy1+2 = 1
I0418 09:27:33.498461  7952 caffe.cpp:314] Batch 4640, accuracy1+2+3 = 1
I0418 09:27:33.623459  6080 data_layer.cpp:128] Prefetch batch: 124 ms.
I0418 09:27:33.623459  6080 data_layer.cpp:129]      Read time: 93.75 ms.
I0418 09:27:33.623459  6080 data_layer.cpp:130] Transform time: 31.248 ms.
I0418 09:27:34.467249  7952 caffe.cpp:314] Batch 4641, accuracy1+2 = 0
I0418 09:27:34.467249  7952 caffe.cpp:314] Batch 4641, accuracy1+2+3 = 0
I0418 09:27:34.607874  6080 data_layer.cpp:128] Prefetch batch: 140 ms.
I0418 09:27:34.607874  6080 data_layer.cpp:129]      Read time: 93.752 ms.
I0418 09:27:34.607874  6080 data_layer.cpp:130] Transform time: 46.873 ms.
I0418 09:27:35.451659  7952 caffe.cpp:314] Batch 4642, accuracy1+2 = 1
I0418 09:27:35.451659  7952 caffe.cpp:314] Batch 4642, accuracy1+2+3 = 1
I0418 09:27:35.576670  6080 data_layer.cpp:128] Prefetch batch: 125 ms.
I0418 09:27:35.576670  6080 data_layer.cpp:129]      Read time: 93.753 ms.
I0418 09:27:35.576670  6080 data_layer.cpp:130] Transform time: 31.258 ms.
I0418 09:27:36.420449  7952 caffe.cpp:314] Batch 4643, accuracy1+2 = 1
I0418 09:27:36.420449  7952 caffe.cpp:314] Batch 4643, accuracy1+2+3 = 1
I0418 09:27:36.545452  6080 data_layer.cpp:128] Prefetch batch: 125 ms.
I0418 09:27:36.545452  6080 data_layer.cpp:129]      Read time: 93.75 ms.
I0418 09:27:36.545452  6080 data_layer.cpp:130] Transform time: 31.254 ms.
I0418 09:27:37.404861  7952 caffe.cpp:314] Batch 4644, accuracy1+2 = 1
I0418 09:27:37.404861  7952 caffe.cpp:314] Batch 4644, accuracy1+2+3 = 1
I0418 09:27:37.498612  6080 data_layer.cpp:128] Prefetch batch: 93 ms.
I0418 09:27:37.498612  6080 data_layer.cpp:129]      Read time: 0 ms.
I0418 09:27:37.498612  6080 data_layer.cpp:130] Transform time: 93.751 ms.
I0418 09:27:38.373651  7952 caffe.cpp:314] Batch 4645, accuracy1+2 = 1
I0418 09:27:38.373651  7952 caffe.cpp:314] Batch 4645, accuracy1+2+3 = 1
I0418 09:27:38.498663  6080 data_layer.cpp:128] Prefetch batch: 125 ms.
I0418 09:27:38.498663  6080 data_layer.cpp:129]      Read time: 93.763 ms.
I0418 09:27:38.498663  6080 data_layer.cpp:130] Transform time: 31.25 ms.
I0418 09:27:39.342434  7952 caffe.cpp:314] Batch 4646, accuracy1+2 = 1
I0418 09:27:39.342434  7952 caffe.cpp:314] Batch 4646, accuracy1+2+3 = 1
I0418 09:27:39.467443  6080 data_layer.cpp:128] Prefetch batch: 125 ms.
I0418 09:27:39.467443  6080 data_layer.cpp:129]      Read time: 93.757 ms.
I0418 09:27:39.467443  6080 data_layer.cpp:130] Transform time: 31.252 ms.
I0418 09:27:40.311224  7952 caffe.cpp:314] Batch 4647, accuracy1+2 = 1
I0418 09:27:40.311224  7952 caffe.cpp:314] Batch 4647, accuracy1+2+3 = 1
I0418 09:27:40.436228  6080 data_layer.cpp:128] Prefetch batch: 125 ms.
I0418 09:27:40.436228  6080 data_layer.cpp:129]      Read time: 93.754 ms.
I0418 09:27:40.436228  6080 data_layer.cpp:130] Transform time: 31.25 ms.
I0418 09:27:41.295641  7952 caffe.cpp:314] Batch 4648, accuracy1+2 = 1
I0418 09:27:41.295641  7952 caffe.cpp:314] Batch 4648, accuracy1+2+3 = 1
I0418 09:27:41.420634  6080 data_layer.cpp:128] Prefetch batch: 124 ms.
I0418 09:27:41.420634  6080 data_layer.cpp:129]      Read time: 78.13 ms.
I0418 09:27:41.420634  6080 data_layer.cpp:130] Transform time: 46.862 ms.
I0418 09:27:42.264425  7952 caffe.cpp:314] Batch 4649, accuracy1+2 = 1
I0418 09:27:42.264425  7952 caffe.cpp:314] Batch 4649, accuracy1+2+3 = 1
I0418 09:27:42.389436  6080 data_layer.cpp:128] Prefetch batch: 125 ms.
I0418 09:27:42.389436  6080 data_layer.cpp:129]      Read time: 93.756 ms.
I0418 09:27:42.389436  6080 data_layer.cpp:130] Transform time: 31.254 ms.
I0418 09:27:43.248837  7952 caffe.cpp:314] Batch 4650, accuracy1+2 = 1
I0418 09:27:43.248837  7952 caffe.cpp:314] Batch 4650, accuracy1+2+3 = 1
I0418 09:27:43.342595  6080 data_layer.cpp:128] Prefetch batch: 93 ms.
I0418 09:27:43.342595  6080 data_layer.cpp:129]      Read time: 0 ms.
I0418 09:27:43.342595  6080 data_layer.cpp:130] Transform time: 93.758 ms.
I0418 09:27:44.217627  7952 caffe.cpp:314] Batch 4651, accuracy1+2 = 1
I0418 09:27:44.217627  7952 caffe.cpp:314] Batch 4651, accuracy1+2+3 = 1
I0418 09:27:44.342629  6080 data_layer.cpp:128] Prefetch batch: 125 ms.
I0418 09:27:44.342629  6080 data_layer.cpp:129]      Read time: 93.754 ms.
I0418 09:27:44.342629  6080 data_layer.cpp:130] Transform time: 31.249 ms.
I0418 09:27:45.202046  7952 caffe.cpp:314] Batch 4652, accuracy1+2 = 0
I0418 09:27:45.202046  7952 caffe.cpp:314] Batch 4652, accuracy1+2+3 = 0
I0418 09:27:45.327045  6080 data_layer.cpp:128] Prefetch batch: 124 ms.
I0418 09:27:45.327045  6080 data_layer.cpp:129]      Read time: 78.12 ms.
I0418 09:27:45.327045  6080 data_layer.cpp:130] Transform time: 46.879 ms.
I0418 09:27:46.170838  7952 caffe.cpp:314] Batch 4653, accuracy1+2 = 0
I0418 09:27:46.170838  7952 caffe.cpp:314] Batch 4653, accuracy1+2+3 = 0
I0418 09:27:46.295835  6080 data_layer.cpp:128] Prefetch batch: 124 ms.
I0418 09:27:46.295835  6080 data_layer.cpp:129]      Read time: 93.74 ms.
I0418 09:27:46.295835  6080 data_layer.cpp:130] Transform time: 31.257 ms.
I0418 09:27:47.155246  7952 caffe.cpp:314] Batch 4654, accuracy1+2 = 1
I0418 09:27:47.155246  7952 caffe.cpp:314] Batch 4654, accuracy1+2+3 = 1
I0418 09:27:47.249001  6080 data_layer.cpp:128] Prefetch batch: 93 ms.
I0418 09:27:47.249001  6080 data_layer.cpp:129]      Read time: 0 ms.
I0418 09:27:47.249001  6080 data_layer.cpp:130] Transform time: 93.754 ms.
I0418 09:27:48.124034  7952 caffe.cpp:314] Batch 4655, accuracy1+2 = 1
I0418 09:27:48.124034  7952 caffe.cpp:314] Batch 4655, accuracy1+2+3 = 1
I0418 09:27:48.249035  6080 data_layer.cpp:128] Prefetch batch: 125 ms.
I0418 09:27:48.249035  6080 data_layer.cpp:129]      Read time: 78.123 ms.
I0418 09:27:48.249035  6080 data_layer.cpp:130] Transform time: 46.878 ms.
I0418 09:27:49.092819  7952 caffe.cpp:314] Batch 4656, accuracy1+2 = 1
I0418 09:27:49.092819  7952 caffe.cpp:314] Batch 4656, accuracy1+2+3 = 1
I0418 09:27:49.217826  6080 data_layer.cpp:128] Prefetch batch: 125 ms.
I0418 09:27:49.217826  6080 data_layer.cpp:129]      Read time: 93.754 ms.
I0418 09:27:49.217826  6080 data_layer.cpp:130] Transform time: 31.253 ms.
I0418 09:27:50.061606  7952 caffe.cpp:314] Batch 4657, accuracy1+2 = 1
I0418 09:27:50.061606  7952 caffe.cpp:314] Batch 4657, accuracy1+2+3 = 1
I0418 09:27:50.186609  6080 data_layer.cpp:128] Prefetch batch: 125 ms.
I0418 09:27:50.186609  6080 data_layer.cpp:129]      Read time: 93.753 ms.
I0418 09:27:50.186609  6080 data_layer.cpp:130] Transform time: 31.25 ms.
I0418 09:27:51.046025  7952 caffe.cpp:314] Batch 4658, accuracy1+2 = 1
I0418 09:27:51.046025  7952 caffe.cpp:314] Batch 4658, accuracy1+2+3 = 1
I0418 09:27:51.139778  6080 data_layer.cpp:128] Prefetch batch: 93 ms.
I0418 09:27:51.139778  6080 data_layer.cpp:129]      Read time: 0 ms.
I0418 09:27:51.139778  6080 data_layer.cpp:130] Transform time: 93.754 ms.
I0418 09:27:52.014808  7952 caffe.cpp:314] Batch 4659, accuracy1+2 = 1
I0418 09:27:52.014808  7952 caffe.cpp:314] Batch 4659, accuracy1+2+3 = 1
I0418 09:27:52.139816  6080 data_layer.cpp:128] Prefetch batch: 125 ms.
I0418 09:27:52.139816  6080 data_layer.cpp:129]      Read time: 93.752 ms.
I0418 09:27:52.139816  6080 data_layer.cpp:130] Transform time: 31.256 ms.
I0418 09:27:52.983597  7952 caffe.cpp:314] Batch 4660, accuracy1+2 = 1
I0418 09:27:52.983597  7952 caffe.cpp:314] Batch 4660, accuracy1+2+3 = 1
I0418 09:27:53.108613  6080 data_layer.cpp:128] Prefetch batch: 125 ms.
I0418 09:27:53.108613  6080 data_layer.cpp:129]      Read time: 93.757 ms.
I0418 09:27:53.108613  6080 data_layer.cpp:130] Transform time: 31.258 ms.
I0418 09:27:53.952384  7952 caffe.cpp:314] Batch 4661, accuracy1+2 = 1
I0418 09:27:53.952384  7952 caffe.cpp:314] Batch 4661, accuracy1+2+3 = 1
I0418 09:27:54.077390  6080 data_layer.cpp:128] Prefetch batch: 125 ms.
I0418 09:27:54.077390  6080 data_layer.cpp:129]      Read time: 93.751 ms.
I0418 09:27:54.077390  6080 data_layer.cpp:130] Transform time: 31.255 ms.
I0418 09:27:54.921176  7952 caffe.cpp:314] Batch 4662, accuracy1+2 = 1
I0418 09:27:54.921176  7952 caffe.cpp:314] Batch 4662, accuracy1+2+3 = 1
I0418 09:27:55.061806  6080 data_layer.cpp:128] Prefetch batch: 140 ms.
I0418 09:27:55.061806  6080 data_layer.cpp:129]      Read time: 93.754 ms.
I0418 09:27:55.061806  6080 data_layer.cpp:130] Transform time: 46.876 ms.
I0418 09:27:55.905586  7952 caffe.cpp:314] Batch 4663, accuracy1+2 = 1
I0418 09:27:55.905586  7952 caffe.cpp:314] Batch 4663, accuracy1+2+3 = 1
I0418 09:27:56.030592  6080 data_layer.cpp:128] Prefetch batch: 125 ms.
I0418 09:27:56.030592  6080 data_layer.cpp:129]      Read time: 93.753 ms.
I0418 09:27:56.030592  6080 data_layer.cpp:130] Transform time: 31.254 ms.
I0418 09:27:56.874372  7952 caffe.cpp:314] Batch 4664, accuracy1+2 = 1
I0418 09:27:56.874372  7952 caffe.cpp:314] Batch 4664, accuracy1+2+3 = 1
I0418 09:27:56.983757  6080 data_layer.cpp:128] Prefetch batch: 109 ms.
I0418 09:27:56.983757  6080 data_layer.cpp:129]      Read time: 0 ms.
I0418 09:27:56.983757  6080 data_layer.cpp:130] Transform time: 109.386 ms.
I0418 09:27:57.843163  7952 caffe.cpp:314] Batch 4665, accuracy1+2 = 1
I0418 09:27:57.843163  7952 caffe.cpp:314] Batch 4665, accuracy1+2+3 = 1
I0418 09:27:57.968164  6080 data_layer.cpp:128] Prefetch batch: 125 ms.
I0418 09:27:57.968164  6080 data_layer.cpp:129]      Read time: 93.751 ms.
I0418 09:27:57.968164  6080 data_layer.cpp:130] Transform time: 31.251 ms.
I0418 09:27:58.827574  7952 caffe.cpp:314] Batch 4666, accuracy1+2 = 0
I0418 09:27:58.827574  7952 caffe.cpp:314] Batch 4666, accuracy1+2+3 = 0
I0418 09:27:58.952579  6080 data_layer.cpp:128] Prefetch batch: 125 ms.
I0418 09:27:58.952579  6080 data_layer.cpp:129]      Read time: 93.754 ms.
I0418 09:27:58.952579  6080 data_layer.cpp:130] Transform time: 31.25 ms.
I0418 09:27:59.796376  7952 caffe.cpp:314] Batch 4667, accuracy1+2 = 1
I0418 09:27:59.796376  7952 caffe.cpp:314] Batch 4667, accuracy1+2+3 = 1
I0418 09:27:59.921365  6080 data_layer.cpp:128] Prefetch batch: 124 ms.
I0418 09:27:59.921365  6080 data_layer.cpp:129]      Read time: 93.744 ms.
I0418 09:27:59.921365  6080 data_layer.cpp:130] Transform time: 31.245 ms.
I0418 09:28:00.765148  7952 caffe.cpp:314] Batch 4668, accuracy1+2 = 1
I0418 09:28:00.765148  7952 caffe.cpp:314] Batch 4668, accuracy1+2+3 = 1
I0418 09:28:00.890153  6080 data_layer.cpp:128] Prefetch batch: 125 ms.
I0418 09:28:00.890153  6080 data_layer.cpp:129]      Read time: 93.756 ms.
I0418 09:28:00.890153  6080 data_layer.cpp:130] Transform time: 31.249 ms.
I0418 09:28:01.733940  7952 caffe.cpp:314] Batch 4669, accuracy1+2 = 1
I0418 09:28:01.733940  7952 caffe.cpp:314] Batch 4669, accuracy1+2+3 = 1
I0418 09:28:01.874567  6080 data_layer.cpp:128] Prefetch batch: 140 ms.
I0418 09:28:01.874567  6080 data_layer.cpp:129]      Read time: 93.752 ms.
I0418 09:28:01.874567  6080 data_layer.cpp:130] Transform time: 46.875 ms.
I0418 09:28:02.718350  7952 caffe.cpp:314] Batch 4670, accuracy1+2 = 1
I0418 09:28:02.718350  7952 caffe.cpp:314] Batch 4670, accuracy1+2+3 = 1
I0418 09:28:02.812104  6080 data_layer.cpp:128] Prefetch batch: 93 ms.
I0418 09:28:02.812104  6080 data_layer.cpp:129]      Read time: 0 ms.
I0418 09:28:02.812104  6080 data_layer.cpp:130] Transform time: 93.754 ms.
I0418 09:28:03.687140  7952 caffe.cpp:314] Batch 4671, accuracy1+2 = 1
I0418 09:28:03.687140  7952 caffe.cpp:314] Batch 4671, accuracy1+2+3 = 1
I0418 09:28:03.812151  6080 data_layer.cpp:128] Prefetch batch: 125 ms.
I0418 09:28:03.812151  6080 data_layer.cpp:129]      Read time: 93.757 ms.
I0418 09:28:03.812151  6080 data_layer.cpp:130] Transform time: 31.254 ms.
I0418 09:28:04.655928  7952 caffe.cpp:314] Batch 4672, accuracy1+2 = 1
I0418 09:28:04.655928  7952 caffe.cpp:314] Batch 4672, accuracy1+2+3 = 1
I0418 09:28:04.780937  6080 data_layer.cpp:128] Prefetch batch: 125 ms.
I0418 09:28:04.780937  6080 data_layer.cpp:129]      Read time: 93.758 ms.
I0418 09:28:04.780937  6080 data_layer.cpp:130] Transform time: 31.251 ms.
I0418 09:28:05.640342  7952 caffe.cpp:314] Batch 4673, accuracy1+2 = 1
I0418 09:28:05.640342  7952 caffe.cpp:314] Batch 4673, accuracy1+2+3 = 1
I0418 09:28:05.765350  6080 data_layer.cpp:128] Prefetch batch: 125 ms.
I0418 09:28:05.765350  6080 data_layer.cpp:129]      Read time: 93.759 ms.
I0418 09:28:05.765350  6080 data_layer.cpp:130] Transform time: 31.249 ms.
I0418 09:28:06.624753  7952 caffe.cpp:314] Batch 4674, accuracy1+2 = 1
I0418 09:28:06.624753  7952 caffe.cpp:314] Batch 4674, accuracy1+2+3 = 1
I0418 09:28:06.749766  6080 data_layer.cpp:128] Prefetch batch: 125 ms.
I0418 09:28:06.749766  6080 data_layer.cpp:129]      Read time: 78.135 ms.
I0418 09:28:06.749766  6080 data_layer.cpp:130] Transform time: 46.878 ms.
I0418 09:28:07.640429  7952 caffe.cpp:314] Batch 4675, accuracy1+2 = 1
I0418 09:28:07.640429  7952 caffe.cpp:314] Batch 4675, accuracy1+2+3 = 1
I0418 09:28:07.734179  6080 data_layer.cpp:128] Prefetch batch: 93 ms.
I0418 09:28:07.734179  6080 data_layer.cpp:129]      Read time: 0 ms.
I0418 09:28:07.734179  6080 data_layer.cpp:130] Transform time: 93.75 ms.
I0418 09:28:08.624835  7952 caffe.cpp:314] Batch 4676, accuracy1+2 = 1
I0418 09:28:08.624835  7952 caffe.cpp:314] Batch 4676, accuracy1+2+3 = 1
I0418 09:28:08.749845  6080 data_layer.cpp:128] Prefetch batch: 125 ms.
I0418 09:28:08.749845  6080 data_layer.cpp:129]      Read time: 93.752 ms.
I0418 09:28:08.749845  6080 data_layer.cpp:130] Transform time: 31.258 ms.
I0418 09:28:09.609253  7952 caffe.cpp:314] Batch 4677, accuracy1+2 = 1
I0418 09:28:09.609253  7952 caffe.cpp:314] Batch 4677, accuracy1+2+3 = 1
I0418 09:28:09.734257  6080 data_layer.cpp:128] Prefetch batch: 125 ms.
I0418 09:28:09.734257  6080 data_layer.cpp:129]      Read time: 78.126 ms.
I0418 09:28:09.734257  6080 data_layer.cpp:130] Transform time: 46.878 ms.
I0418 09:28:10.578039  7952 caffe.cpp:314] Batch 4678, accuracy1+2 = 1
I0418 09:28:10.578039  7952 caffe.cpp:314] Batch 4678, accuracy1+2+3 = 1
I0418 09:28:10.703045  6080 data_layer.cpp:128] Prefetch batch: 125 ms.
I0418 09:28:10.703045  6080 data_layer.cpp:129]      Read time: 93.754 ms.
I0418 09:28:10.703045  6080 data_layer.cpp:130] Transform time: 31.252 ms.
I0418 09:28:11.546824  7952 caffe.cpp:314] Batch 4679, accuracy1+2 = 1
I0418 09:28:11.546824  7952 caffe.cpp:314] Batch 4679, accuracy1+2+3 = 1
I0418 09:28:11.656203  6080 data_layer.cpp:128] Prefetch batch: 109 ms.
I0418 09:28:11.656203  6080 data_layer.cpp:129]      Read time: 0 ms.
I0418 09:28:11.656203  6080 data_layer.cpp:130] Transform time: 109.378 ms.
I0418 09:28:12.515616  7952 caffe.cpp:314] Batch 4680, accuracy1+2 = 1
I0418 09:28:12.515616  7952 caffe.cpp:314] Batch 4680, accuracy1+2+3 = 1
I0418 09:28:12.640621  6080 data_layer.cpp:128] Prefetch batch: 125 ms.
I0418 09:28:12.640621  6080 data_layer.cpp:129]      Read time: 93.753 ms.
I0418 09:28:12.640621  6080 data_layer.cpp:130] Transform time: 31.252 ms.
I0418 09:28:13.500025  7952 caffe.cpp:314] Batch 4681, accuracy1+2 = 1
I0418 09:28:13.500025  7952 caffe.cpp:314] Batch 4681, accuracy1+2+3 = 1
I0418 09:28:13.625035  6080 data_layer.cpp:128] Prefetch batch: 125 ms.
I0418 09:28:13.625035  6080 data_layer.cpp:129]      Read time: 78.131 ms.
I0418 09:28:13.625035  6080 data_layer.cpp:130] Transform time: 46.879 ms.
I0418 09:28:14.484447  7952 caffe.cpp:314] Batch 4682, accuracy1+2 = 0
I0418 09:28:14.484447  7952 caffe.cpp:314] Batch 4682, accuracy1+2+3 = 0
I0418 09:28:14.609449  6080 data_layer.cpp:128] Prefetch batch: 125 ms.
I0418 09:28:14.609449  6080 data_layer.cpp:129]      Read time: 78.124 ms.
I0418 09:28:14.609449  6080 data_layer.cpp:130] Transform time: 46.879 ms.
I0418 09:28:15.453227  7952 caffe.cpp:314] Batch 4683, accuracy1+2 = 0
I0418 09:28:15.453227  7952 caffe.cpp:314] Batch 4683, accuracy1+2+3 = 0
I0418 09:28:15.578238  6080 data_layer.cpp:128] Prefetch batch: 125 ms.
I0418 09:28:15.578238  6080 data_layer.cpp:129]      Read time: 93.755 ms.
I0418 09:28:15.578238  6080 data_layer.cpp:130] Transform time: 31.256 ms.
I0418 09:28:16.422016  7952 caffe.cpp:314] Batch 4684, accuracy1+2 = 1
I0418 09:28:16.422016  7952 caffe.cpp:314] Batch 4684, accuracy1+2+3 = 1
I0418 09:28:16.531399  6080 data_layer.cpp:128] Prefetch batch: 109 ms.
I0418 09:28:16.531399  6080 data_layer.cpp:129]      Read time: 0 ms.
I0418 09:28:16.531399  6080 data_layer.cpp:130] Transform time: 109.383 ms.
I0418 09:28:17.406432  7952 caffe.cpp:314] Batch 4685, accuracy1+2 = 1
I0418 09:28:17.406432  7952 caffe.cpp:314] Batch 4685, accuracy1+2+3 = 1
I0418 09:28:17.531435  6080 data_layer.cpp:128] Prefetch batch: 125 ms.
I0418 09:28:17.531435  6080 data_layer.cpp:129]      Read time: 78.129 ms.
I0418 09:28:17.531435  6080 data_layer.cpp:130] Transform time: 46.874 ms.
I0418 09:28:18.375218  7952 caffe.cpp:314] Batch 4686, accuracy1+2 = 1
I0418 09:28:18.375218  7952 caffe.cpp:314] Batch 4686, accuracy1+2+3 = 1
I0418 09:28:18.500227  6080 data_layer.cpp:128] Prefetch batch: 125 ms.
I0418 09:28:18.500227  6080 data_layer.cpp:129]      Read time: 93.757 ms.
I0418 09:28:18.500227  6080 data_layer.cpp:130] Transform time: 31.252 ms.
I0418 09:28:19.344003  7952 caffe.cpp:314] Batch 4687, accuracy1+2 = 1
I0418 09:28:19.344003  7952 caffe.cpp:314] Batch 4687, accuracy1+2+3 = 1
I0418 09:28:19.469008  6080 data_layer.cpp:128] Prefetch batch: 125 ms.
I0418 09:28:19.469008  6080 data_layer.cpp:129]      Read time: 93.759 ms.
I0418 09:28:19.469008  6080 data_layer.cpp:130] Transform time: 31.246 ms.
I0418 09:28:20.328416  7952 caffe.cpp:314] Batch 4688, accuracy1+2 = 1
I0418 09:28:20.328416  7952 caffe.cpp:314] Batch 4688, accuracy1+2+3 = 1
I0418 09:28:20.422170  6080 data_layer.cpp:128] Prefetch batch: 93 ms.
I0418 09:28:20.422170  6080 data_layer.cpp:129]      Read time: 0 ms.
I0418 09:28:20.422170  6080 data_layer.cpp:130] Transform time: 93.754 ms.
I0418 09:28:21.297204  7952 caffe.cpp:314] Batch 4689, accuracy1+2 = 1
I0418 09:28:21.297204  7952 caffe.cpp:314] Batch 4689, accuracy1+2+3 = 1
I0418 09:28:21.422216  6080 data_layer.cpp:128] Prefetch batch: 125 ms.
I0418 09:28:21.422216  6080 data_layer.cpp:129]      Read time: 93.756 ms.
I0418 09:28:21.422216  6080 data_layer.cpp:130] Transform time: 31.256 ms.
I0418 09:28:22.265997  7952 caffe.cpp:314] Batch 4690, accuracy1+2 = 1
I0418 09:28:22.265997  7952 caffe.cpp:314] Batch 4690, accuracy1+2+3 = 1
I0418 09:28:22.391003  6080 data_layer.cpp:128] Prefetch batch: 125 ms.
I0418 09:28:22.391003  6080 data_layer.cpp:129]      Read time: 93.752 ms.
I0418 09:28:22.391003  6080 data_layer.cpp:130] Transform time: 31.254 ms.
I0418 09:28:23.250406  7952 caffe.cpp:314] Batch 4691, accuracy1+2 = 0
I0418 09:28:23.250406  7952 caffe.cpp:314] Batch 4691, accuracy1+2+3 = 0
I0418 09:28:23.375416  6080 data_layer.cpp:128] Prefetch batch: 125 ms.
I0418 09:28:23.375416  6080 data_layer.cpp:129]      Read time: 78.136 ms.
I0418 09:28:23.375416  6080 data_layer.cpp:130] Transform time: 46.873 ms.
I0418 09:28:24.219195  7952 caffe.cpp:314] Batch 4692, accuracy1+2 = 1
I0418 09:28:24.219195  7952 caffe.cpp:314] Batch 4692, accuracy1+2+3 = 1
I0418 09:28:24.344198  6080 data_layer.cpp:128] Prefetch batch: 125 ms.
I0418 09:28:24.344198  6080 data_layer.cpp:129]      Read time: 93.756 ms.
I0418 09:28:24.344198  6080 data_layer.cpp:130] Transform time: 31.247 ms.
I0418 09:28:25.187988  7952 caffe.cpp:314] Batch 4693, accuracy1+2 = 1
I0418 09:28:25.187988  7952 caffe.cpp:314] Batch 4693, accuracy1+2+3 = 1
I0418 09:28:25.297365  6080 data_layer.cpp:128] Prefetch batch: 109 ms.
I0418 09:28:25.297365  6080 data_layer.cpp:129]      Read time: 0 ms.
I0418 09:28:25.297365  6080 data_layer.cpp:130] Transform time: 109.378 ms.
I0418 09:28:26.156772  7952 caffe.cpp:314] Batch 4694, accuracy1+2 = 1
I0418 09:28:26.156772  7952 caffe.cpp:314] Batch 4694, accuracy1+2+3 = 1
I0418 09:28:26.297410  6080 data_layer.cpp:128] Prefetch batch: 140 ms.
I0418 09:28:26.297410  6080 data_layer.cpp:129]      Read time: 93.757 ms.
I0418 09:28:26.297410  6080 data_layer.cpp:130] Transform time: 46.88 ms.
I0418 09:28:27.141199  7952 caffe.cpp:314] Batch 4695, accuracy1+2 = 1
I0418 09:28:27.141199  7952 caffe.cpp:314] Batch 4695, accuracy1+2+3 = 1
I0418 09:28:27.266192  6080 data_layer.cpp:128] Prefetch batch: 124 ms.
I0418 09:28:27.266192  6080 data_layer.cpp:129]      Read time: 93.741 ms.
I0418 09:28:27.266192  6080 data_layer.cpp:130] Transform time: 31.252 ms.
I0418 09:28:28.109978  7952 caffe.cpp:314] Batch 4696, accuracy1+2 = 1
I0418 09:28:28.109978  7952 caffe.cpp:314] Batch 4696, accuracy1+2+3 = 1
I0418 09:28:28.234988  6080 data_layer.cpp:128] Prefetch batch: 125 ms.
I0418 09:28:28.234988  6080 data_layer.cpp:129]      Read time: 93.748 ms.
I0418 09:28:28.234988  6080 data_layer.cpp:130] Transform time: 31.262 ms.
I0418 09:28:29.078768  7952 caffe.cpp:314] Batch 4697, accuracy1+2 = 1
I0418 09:28:29.078768  7952 caffe.cpp:314] Batch 4697, accuracy1+2+3 = 1
I0418 09:28:29.188148  6080 data_layer.cpp:128] Prefetch batch: 109 ms.
I0418 09:28:29.188148  6080 data_layer.cpp:129]      Read time: 0 ms.
I0418 09:28:29.188148  6080 data_layer.cpp:130] Transform time: 109.38 ms.
I0418 09:28:30.063176  7952 caffe.cpp:314] Batch 4698, accuracy1+2 = 1
I0418 09:28:30.063176  7952 caffe.cpp:314] Batch 4698, accuracy1+2+3 = 1
I0418 09:28:30.188182  6080 data_layer.cpp:128] Prefetch batch: 125 ms.
I0418 09:28:30.188182  6080 data_layer.cpp:129]      Read time: 78.126 ms.
I0418 09:28:30.188182  6080 data_layer.cpp:130] Transform time: 46.88 ms.
I0418 09:28:31.031968  7952 caffe.cpp:314] Batch 4699, accuracy1+2 = 1
I0418 09:28:31.031968  7952 caffe.cpp:314] Batch 4699, accuracy1+2+3 = 1
I0418 09:28:31.156970  6080 data_layer.cpp:128] Prefetch batch: 125 ms.
I0418 09:28:31.156970  6080 data_layer.cpp:129]      Read time: 93.755 ms.
I0418 09:28:31.156970  6080 data_layer.cpp:130] Transform time: 31.247 ms.
I0418 09:28:32.000749  7952 caffe.cpp:314] Batch 4700, accuracy1+2 = 1
I0418 09:28:32.000749  7952 caffe.cpp:314] Batch 4700, accuracy1+2+3 = 1
I0418 09:28:32.125761  6080 data_layer.cpp:128] Prefetch batch: 125 ms.
I0418 09:28:32.125761  6080 data_layer.cpp:129]      Read time: 93.757 ms.
I0418 09:28:32.125761  6080 data_layer.cpp:130] Transform time: 31.254 ms.
I0418 09:28:32.969544  7952 caffe.cpp:314] Batch 4701, accuracy1+2 = 1
I0418 09:28:32.969544  7952 caffe.cpp:314] Batch 4701, accuracy1+2+3 = 1
I0418 09:28:33.094545  6080 data_layer.cpp:128] Prefetch batch: 125 ms.
I0418 09:28:33.094545  6080 data_layer.cpp:129]      Read time: 93.754 ms.
I0418 09:28:33.094545  6080 data_layer.cpp:130] Transform time: 31.247 ms.
I0418 09:28:33.953958  7952 caffe.cpp:314] Batch 4702, accuracy1+2 = 1
I0418 09:28:33.953958  7952 caffe.cpp:314] Batch 4702, accuracy1+2+3 = 1
I0418 09:28:34.047710  6080 data_layer.cpp:128] Prefetch batch: 93 ms.
I0418 09:28:34.047710  6080 data_layer.cpp:129]      Read time: 0 ms.
I0418 09:28:34.047710  6080 data_layer.cpp:130] Transform time: 93.753 ms.
I0418 09:28:34.922740  7952 caffe.cpp:314] Batch 4703, accuracy1+2 = 1
I0418 09:28:34.922740  7952 caffe.cpp:314] Batch 4703, accuracy1+2+3 = 1
I0418 09:28:35.047747  6080 data_layer.cpp:128] Prefetch batch: 125 ms.
I0418 09:28:35.047747  6080 data_layer.cpp:129]      Read time: 93.752 ms.
I0418 09:28:35.047747  6080 data_layer.cpp:130] Transform time: 31.255 ms.
I0418 09:28:35.891532  7952 caffe.cpp:314] Batch 4704, accuracy1+2 = 1
I0418 09:28:35.891532  7952 caffe.cpp:314] Batch 4704, accuracy1+2+3 = 1
I0418 09:28:36.016540  6080 data_layer.cpp:128] Prefetch batch: 125 ms.
I0418 09:28:36.016540  6080 data_layer.cpp:129]      Read time: 93.751 ms.
I0418 09:28:36.016540  6080 data_layer.cpp:130] Transform time: 31.256 ms.
I0418 09:28:36.860314  7952 caffe.cpp:314] Batch 4705, accuracy1+2 = 1
I0418 09:28:36.860314  7952 caffe.cpp:314] Batch 4705, accuracy1+2+3 = 1
I0418 09:28:37.000952  6080 data_layer.cpp:128] Prefetch batch: 140 ms.
I0418 09:28:37.000952  6080 data_layer.cpp:129]      Read time: 93.76 ms.
I0418 09:28:37.000952  6080 data_layer.cpp:130] Transform time: 46.878 ms.
I0418 09:28:37.844735  7952 caffe.cpp:314] Batch 4706, accuracy1+2 = 1
I0418 09:28:37.844735  7952 caffe.cpp:314] Batch 4706, accuracy1+2+3 = 1
I0418 09:28:37.969733  6080 data_layer.cpp:128] Prefetch batch: 124 ms.
I0418 09:28:37.969733  6080 data_layer.cpp:129]      Read time: 93.749 ms.
I0418 09:28:37.969733  6080 data_layer.cpp:130] Transform time: 31.249 ms.
I0418 09:28:38.844761  7952 caffe.cpp:314] Batch 4707, accuracy1+2 = 1
I0418 09:28:38.844761  7952 caffe.cpp:314] Batch 4707, accuracy1+2+3 = 1
I0418 09:28:38.938527  6080 data_layer.cpp:128] Prefetch batch: 93 ms.
I0418 09:28:38.938527  6080 data_layer.cpp:129]      Read time: 0 ms.
I0418 09:28:38.938527  6080 data_layer.cpp:130] Transform time: 93.766 ms.
I0418 09:28:39.813560  7952 caffe.cpp:314] Batch 4708, accuracy1+2 = 1
I0418 09:28:39.813560  7952 caffe.cpp:314] Batch 4708, accuracy1+2+3 = 1
I0418 09:28:39.938560  6080 data_layer.cpp:128] Prefetch batch: 125 ms.
I0418 09:28:39.938560  6080 data_layer.cpp:129]      Read time: 93.754 ms.
I0418 09:28:39.938560  6080 data_layer.cpp:130] Transform time: 31.247 ms.
I0418 09:28:40.782346  7952 caffe.cpp:314] Batch 4709, accuracy1+2 = 1
I0418 09:28:40.782346  7952 caffe.cpp:314] Batch 4709, accuracy1+2+3 = 1
I0418 09:28:40.907354  6080 data_layer.cpp:128] Prefetch batch: 125 ms.
I0418 09:28:40.907354  6080 data_layer.cpp:129]      Read time: 93.755 ms.
I0418 09:28:40.907354  6080 data_layer.cpp:130] Transform time: 31.253 ms.
I0418 09:28:41.751139  7952 caffe.cpp:314] Batch 4710, accuracy1+2 = 1
I0418 09:28:41.751139  7952 caffe.cpp:314] Batch 4710, accuracy1+2+3 = 1
I0418 09:28:41.876137  6080 data_layer.cpp:128] Prefetch batch: 124 ms.
I0418 09:28:41.876137  6080 data_layer.cpp:129]      Read time: 93.748 ms.
I0418 09:28:41.876137  6080 data_layer.cpp:130] Transform time: 31.25 ms.
I0418 09:28:42.735551  7952 caffe.cpp:314] Batch 4711, accuracy1+2 = 1
I0418 09:28:42.735551  7952 caffe.cpp:314] Batch 4711, accuracy1+2+3 = 1
I0418 09:28:42.860556  6080 data_layer.cpp:128] Prefetch batch: 125 ms.
I0418 09:28:42.860556  6080 data_layer.cpp:129]      Read time: 78.123 ms.
I0418 09:28:42.860556  6080 data_layer.cpp:130] Transform time: 46.882 ms.
I0418 09:28:43.704339  7952 caffe.cpp:314] Batch 4712, accuracy1+2 = 1
I0418 09:28:43.704339  7952 caffe.cpp:314] Batch 4712, accuracy1+2+3 = 1
I0418 09:28:43.813719  6080 data_layer.cpp:128] Prefetch batch: 109 ms.
I0418 09:28:43.813719  6080 data_layer.cpp:129]      Read time: 0 ms.
I0418 09:28:43.813719  6080 data_layer.cpp:130] Transform time: 109.379 ms.
I0418 09:28:44.719991  7952 caffe.cpp:314] Batch 4713, accuracy1+2 = 1
I0418 09:28:44.719991  7952 caffe.cpp:314] Batch 4713, accuracy1+2+3 = 1
I0418 09:28:44.844996  6080 data_layer.cpp:128] Prefetch batch: 125 ms.
I0418 09:28:44.844996  6080 data_layer.cpp:129]      Read time: 78.13 ms.
I0418 09:28:44.844996  6080 data_layer.cpp:130] Transform time: 46.875 ms.
I0418 09:28:45.720041  7952 caffe.cpp:314] Batch 4714, accuracy1+2 = 1
I0418 09:28:45.720041  7952 caffe.cpp:314] Batch 4714, accuracy1+2+3 = 1
I0418 09:28:45.845033  6080 data_layer.cpp:128] Prefetch batch: 124 ms.
I0418 09:28:45.845033  6080 data_layer.cpp:129]      Read time: 93.742 ms.
I0418 09:28:45.845033  6080 data_layer.cpp:130] Transform time: 31.251 ms.
I0418 09:28:46.735707  7952 caffe.cpp:314] Batch 4715, accuracy1+2 = 1
I0418 09:28:46.735707  7952 caffe.cpp:314] Batch 4715, accuracy1+2+3 = 1
I0418 09:28:46.829457  6080 data_layer.cpp:128] Prefetch batch: 93 ms.
I0418 09:28:46.829457  6080 data_layer.cpp:129]      Read time: 0 ms.
I0418 09:28:46.829457  6080 data_layer.cpp:130] Transform time: 93.751 ms.
I0418 09:28:47.704495  7952 caffe.cpp:314] Batch 4716, accuracy1+2 = 1
I0418 09:28:47.704495  7952 caffe.cpp:314] Batch 4716, accuracy1+2+3 = 1
I0418 09:28:47.829495  6080 data_layer.cpp:128] Prefetch batch: 125 ms.
I0418 09:28:47.829495  6080 data_layer.cpp:129]      Read time: 93.77 ms.
I0418 09:28:47.829495  6080 data_layer.cpp:130] Transform time: 31.23 ms.
I0418 09:28:48.673281  7952 caffe.cpp:314] Batch 4717, accuracy1+2 = 1
I0418 09:28:48.673281  7952 caffe.cpp:314] Batch 4717, accuracy1+2+3 = 1
I0418 09:28:48.798305  6080 data_layer.cpp:128] Prefetch batch: 125 ms.
I0418 09:28:48.798305  6080 data_layer.cpp:129]      Read time: 93.758 ms.
I0418 09:28:48.798305  6080 data_layer.cpp:130] Transform time: 31.266 ms.
I0418 09:28:49.657698  7952 caffe.cpp:314] Batch 4718, accuracy1+2 = 1
I0418 09:28:49.657698  7952 caffe.cpp:314] Batch 4718, accuracy1+2+3 = 1
I0418 09:28:49.782708  6080 data_layer.cpp:128] Prefetch batch: 125 ms.
I0418 09:28:49.782708  6080 data_layer.cpp:129]      Read time: 93.755 ms.
I0418 09:28:49.782708  6080 data_layer.cpp:130] Transform time: 31.255 ms.
I0418 09:28:50.626480  7952 caffe.cpp:314] Batch 4719, accuracy1+2 = 1
I0418 09:28:50.626480  7952 caffe.cpp:314] Batch 4719, accuracy1+2+3 = 1
I0418 09:28:50.735858  6080 data_layer.cpp:128] Prefetch batch: 109 ms.
I0418 09:28:50.735858  6080 data_layer.cpp:129]      Read time: 0 ms.
I0418 09:28:50.735858  6080 data_layer.cpp:130] Transform time: 109.378 ms.
I0418 09:28:51.595275  7952 caffe.cpp:314] Batch 4720, accuracy1+2 = 1
I0418 09:28:51.595275  7952 caffe.cpp:314] Batch 4720, accuracy1+2+3 = 1
I0418 09:28:51.720280  6080 data_layer.cpp:128] Prefetch batch: 125 ms.
I0418 09:28:51.720280  6080 data_layer.cpp:129]      Read time: 93.746 ms.
I0418 09:28:51.720280  6080 data_layer.cpp:130] Transform time: 31.259 ms.
I0418 09:28:52.564059  7952 caffe.cpp:314] Batch 4721, accuracy1+2 = 1
I0418 09:28:52.564059  7952 caffe.cpp:314] Batch 4721, accuracy1+2+3 = 1
I0418 09:28:52.689062  6080 data_layer.cpp:128] Prefetch batch: 125 ms.
I0418 09:28:52.689062  6080 data_layer.cpp:129]      Read time: 93.756 ms.
I0418 09:28:52.689062  6080 data_layer.cpp:130] Transform time: 31.247 ms.
I0418 09:28:53.548475  7952 caffe.cpp:314] Batch 4722, accuracy1+2 = 1
I0418 09:28:53.548475  7952 caffe.cpp:314] Batch 4722, accuracy1+2+3 = 1
I0418 09:28:53.673480  6080 data_layer.cpp:128] Prefetch batch: 125 ms.
I0418 09:28:53.673480  6080 data_layer.cpp:129]      Read time: 78.126 ms.
I0418 09:28:53.673480  6080 data_layer.cpp:130] Transform time: 46.88 ms.
I0418 09:28:54.517261  7952 caffe.cpp:314] Batch 4723, accuracy1+2 = 1
I0418 09:28:54.517261  7952 caffe.cpp:314] Batch 4723, accuracy1+2+3 = 1
I0418 09:28:54.642266  6080 data_layer.cpp:128] Prefetch batch: 125 ms.
I0418 09:28:54.642266  6080 data_layer.cpp:129]      Read time: 93.755 ms.
I0418 09:28:54.642266  6080 data_layer.cpp:130] Transform time: 31.25 ms.
I0418 09:28:55.486048  7952 caffe.cpp:314] Batch 4724, accuracy1+2 = 1
I0418 09:28:55.486048  7952 caffe.cpp:314] Batch 4724, accuracy1+2+3 = 1
I0418 09:28:55.595424  6080 data_layer.cpp:128] Prefetch batch: 109 ms.
I0418 09:28:55.595424  6080 data_layer.cpp:129]      Read time: 0 ms.
I0418 09:28:55.595424  6080 data_layer.cpp:130] Transform time: 109.376 ms.
I0418 09:28:56.470464  7952 caffe.cpp:314] Batch 4725, accuracy1+2 = 1
I0418 09:28:56.470464  7952 caffe.cpp:314] Batch 4725, accuracy1+2+3 = 1
I0418 09:28:56.595466  6080 data_layer.cpp:128] Prefetch batch: 125 ms.
I0418 09:28:56.595466  6080 data_layer.cpp:129]      Read time: 78.123 ms.
I0418 09:28:56.595466  6080 data_layer.cpp:130] Transform time: 46.879 ms.
I0418 09:28:57.439247  7952 caffe.cpp:314] Batch 4726, accuracy1+2 = 1
I0418 09:28:57.439247  7952 caffe.cpp:314] Batch 4726, accuracy1+2+3 = 1
I0418 09:28:57.564254  6080 data_layer.cpp:128] Prefetch batch: 125 ms.
I0418 09:28:57.564254  6080 data_layer.cpp:129]      Read time: 46.883 ms.
I0418 09:28:57.564254  6080 data_layer.cpp:130] Transform time: 78.123 ms.
I0418 09:28:58.408041  7952 caffe.cpp:314] Batch 4727, accuracy1+2 = 1
I0418 09:28:58.408041  7952 caffe.cpp:314] Batch 4727, accuracy1+2+3 = 1
I0418 09:28:58.564291  6080 data_layer.cpp:128] Prefetch batch: 156 ms.
I0418 09:28:58.564291  6080 data_layer.cpp:129]      Read time: 140.636 ms.
I0418 09:28:58.564291  6080 data_layer.cpp:130] Transform time: 15.614 ms.
I0418 09:28:59.392448  7952 caffe.cpp:314] Batch 4728, accuracy1+2 = 1
I0418 09:28:59.392448  7952 caffe.cpp:314] Batch 4728, accuracy1+2+3 = 1
I0418 09:28:59.486213  6080 data_layer.cpp:128] Prefetch batch: 93 ms.
I0418 09:28:59.486213  6080 data_layer.cpp:129]      Read time: 0 ms.
I0418 09:28:59.486213  6080 data_layer.cpp:130] Transform time: 93.765 ms.
I0418 09:29:00.361240  7952 caffe.cpp:314] Batch 4729, accuracy1+2 = 1
I0418 09:29:00.361240  7952 caffe.cpp:314] Batch 4729, accuracy1+2+3 = 1
I0418 09:29:00.486248  6080 data_layer.cpp:128] Prefetch batch: 125 ms.
I0418 09:29:00.486248  6080 data_layer.cpp:129]      Read time: 78.132 ms.
I0418 09:29:00.486248  6080 data_layer.cpp:130] Transform time: 46.876 ms.
I0418 09:29:01.330030  7952 caffe.cpp:314] Batch 4730, accuracy1+2 = 1
I0418 09:29:01.330030  7952 caffe.cpp:314] Batch 4730, accuracy1+2+3 = 1
I0418 09:29:01.455031  6080 data_layer.cpp:128] Prefetch batch: 125 ms.
I0418 09:29:01.455031  6080 data_layer.cpp:129]      Read time: 93.748 ms.
I0418 09:29:01.455031  6080 data_layer.cpp:130] Transform time: 31.253 ms.
I0418 09:29:02.298820  7952 caffe.cpp:314] Batch 4731, accuracy1+2 = 0
I0418 09:29:02.298820  7952 caffe.cpp:314] Batch 4731, accuracy1+2+3 = 0
I0418 09:29:02.408191  6080 data_layer.cpp:128] Prefetch batch: 109 ms.
I0418 09:29:02.408191  6080 data_layer.cpp:129]      Read time: 0 ms.
I0418 09:29:02.408191  6080 data_layer.cpp:130] Transform time: 109.372 ms.
I0418 09:29:03.283228  7952 caffe.cpp:314] Batch 4732, accuracy1+2 = 1
I0418 09:29:03.283228  7952 caffe.cpp:314] Batch 4732, accuracy1+2+3 = 1
I0418 09:29:03.408232  6080 data_layer.cpp:128] Prefetch batch: 125 ms.
I0418 09:29:03.408232  6080 data_layer.cpp:129]      Read time: 78.13 ms.
I0418 09:29:03.408232  6080 data_layer.cpp:130] Transform time: 46.874 ms.
I0418 09:29:04.252018  7952 caffe.cpp:314] Batch 4733, accuracy1+2 = 1
I0418 09:29:04.252018  7952 caffe.cpp:314] Batch 4733, accuracy1+2+3 = 1
I0418 09:29:04.377022  6080 data_layer.cpp:128] Prefetch batch: 125 ms.
I0418 09:29:04.377022  6080 data_layer.cpp:129]      Read time: 93.753 ms.
I0418 09:29:04.377022  6080 data_layer.cpp:130] Transform time: 31.251 ms.
I0418 09:29:05.220809  7952 caffe.cpp:314] Batch 4734, accuracy1+2 = 1
I0418 09:29:05.220809  7952 caffe.cpp:314] Batch 4734, accuracy1+2+3 = 1
I0418 09:29:05.330183  6080 data_layer.cpp:128] Prefetch batch: 109 ms.
I0418 09:29:05.330183  6080 data_layer.cpp:129]      Read time: 0 ms.
I0418 09:29:05.330183  6080 data_layer.cpp:130] Transform time: 109.374 ms.
I0418 09:29:06.189591  7952 caffe.cpp:314] Batch 4735, accuracy1+2 = 1
I0418 09:29:06.189591  7952 caffe.cpp:314] Batch 4735, accuracy1+2+3 = 1
I0418 09:29:06.330220  6080 data_layer.cpp:128] Prefetch batch: 140 ms.
I0418 09:29:06.330220  6080 data_layer.cpp:129]      Read time: 93.755 ms.
I0418 09:29:06.330220  6080 data_layer.cpp:130] Transform time: 46.874 ms.
I0418 09:29:07.174007  7952 caffe.cpp:314] Batch 4736, accuracy1+2 = 1
I0418 09:29:07.174007  7952 caffe.cpp:314] Batch 4736, accuracy1+2+3 = 1
I0418 09:29:07.299015  6080 data_layer.cpp:128] Prefetch batch: 125 ms.
I0418 09:29:07.299015  6080 data_layer.cpp:129]      Read time: 93.755 ms.
I0418 09:29:07.299015  6080 data_layer.cpp:130] Transform time: 31.253 ms.
I0418 09:29:08.142794  7952 caffe.cpp:314] Batch 4737, accuracy1+2 = 1
I0418 09:29:08.142794  7952 caffe.cpp:314] Batch 4737, accuracy1+2+3 = 1
I0418 09:29:08.267796  6080 data_layer.cpp:128] Prefetch batch: 125 ms.
I0418 09:29:08.267796  6080 data_layer.cpp:129]      Read time: 93.751 ms.
I0418 09:29:08.267796  6080 data_layer.cpp:130] Transform time: 31.251 ms.
I0418 09:29:09.111583  7952 caffe.cpp:314] Batch 4738, accuracy1+2 = 1
I0418 09:29:09.111583  7952 caffe.cpp:314] Batch 4738, accuracy1+2+3 = 1
I0418 09:29:09.252215  6080 data_layer.cpp:128] Prefetch batch: 140 ms.
I0418 09:29:09.252215  6080 data_layer.cpp:129]      Read time: 93.752 ms.
I0418 09:29:09.252215  6080 data_layer.cpp:130] Transform time: 46.88 ms.
I0418 09:29:10.095998  7952 caffe.cpp:314] Batch 4739, accuracy1+2 = 1
I0418 09:29:10.095998  7952 caffe.cpp:314] Batch 4739, accuracy1+2+3 = 1
I0418 09:29:10.189750  6080 data_layer.cpp:128] Prefetch batch: 93 ms.
I0418 09:29:10.189750  6080 data_layer.cpp:129]      Read time: 0 ms.
I0418 09:29:10.189750  6080 data_layer.cpp:130] Transform time: 93.753 ms.
I0418 09:29:11.064779  7952 caffe.cpp:314] Batch 4740, accuracy1+2 = 1
I0418 09:29:11.064779  7952 caffe.cpp:314] Batch 4740, accuracy1+2+3 = 1
I0418 09:29:11.189788  6080 data_layer.cpp:128] Prefetch batch: 125 ms.
I0418 09:29:11.189788  6080 data_layer.cpp:129]      Read time: 93.761 ms.
I0418 09:29:11.189788  6080 data_layer.cpp:130] Transform time: 31.248 ms.
I0418 09:29:12.049199  7952 caffe.cpp:314] Batch 4741, accuracy1+2 = 1
I0418 09:29:12.049199  7952 caffe.cpp:314] Batch 4741, accuracy1+2+3 = 1
I0418 09:29:12.174201  6080 data_layer.cpp:128] Prefetch batch: 125 ms.
I0418 09:29:12.174201  6080 data_layer.cpp:129]      Read time: 78.131 ms.
I0418 09:29:12.174201  6080 data_layer.cpp:130] Transform time: 46.87 ms.
I0418 09:29:13.017989  7952 caffe.cpp:314] Batch 4742, accuracy1+2 = 1
I0418 09:29:13.017989  7952 caffe.cpp:314] Batch 4742, accuracy1+2+3 = 1
I0418 09:29:13.142988  6080 data_layer.cpp:128] Prefetch batch: 124 ms.
I0418 09:29:13.142988  6080 data_layer.cpp:129]      Read time: 93.754 ms.
I0418 09:29:13.142988  6080 data_layer.cpp:130] Transform time: 31.245 ms.
I0418 09:29:13.986774  7952 caffe.cpp:314] Batch 4743, accuracy1+2 = 1
I0418 09:29:13.986774  7952 caffe.cpp:314] Batch 4743, accuracy1+2+3 = 1
I0418 09:29:14.096153  6080 data_layer.cpp:128] Prefetch batch: 109 ms.
I0418 09:29:14.096153  6080 data_layer.cpp:129]      Read time: 0 ms.
I0418 09:29:14.096153  6080 data_layer.cpp:130] Transform time: 109.379 ms.
I0418 09:29:14.971184  7952 caffe.cpp:314] Batch 4744, accuracy1+2 = 1
I0418 09:29:14.971184  7952 caffe.cpp:314] Batch 4744, accuracy1+2+3 = 1
I0418 09:29:15.096191  6080 data_layer.cpp:128] Prefetch batch: 125 ms.
I0418 09:29:15.096191  6080 data_layer.cpp:129]      Read time: 78.136 ms.
I0418 09:29:15.096191  6080 data_layer.cpp:130] Transform time: 46.871 ms.
I0418 09:29:15.939975  7952 caffe.cpp:314] Batch 4745, accuracy1+2 = 1
I0418 09:29:15.939975  7952 caffe.cpp:314] Batch 4745, accuracy1+2+3 = 1
I0418 09:29:16.064982  6080 data_layer.cpp:128] Prefetch batch: 125 ms.
I0418 09:29:16.064982  6080 data_layer.cpp:129]      Read time: 93.759 ms.
I0418 09:29:16.064982  6080 data_layer.cpp:130] Transform time: 31.249 ms.
I0418 09:29:16.908762  7952 caffe.cpp:314] Batch 4746, accuracy1+2 = 1
I0418 09:29:16.908762  7952 caffe.cpp:314] Batch 4746, accuracy1+2+3 = 1
I0418 09:29:17.033771  6080 data_layer.cpp:128] Prefetch batch: 125 ms.
I0418 09:29:17.033771  6080 data_layer.cpp:129]      Read time: 93.766 ms.
I0418 09:29:17.033771  6080 data_layer.cpp:130] Transform time: 31.242 ms.
I0418 09:29:17.893177  7952 caffe.cpp:314] Batch 4747, accuracy1+2 = 1
I0418 09:29:17.893177  7952 caffe.cpp:314] Batch 4747, accuracy1+2+3 = 1
I0418 09:29:18.018185  6080 data_layer.cpp:128] Prefetch batch: 125 ms.
I0418 09:29:18.018185  6080 data_layer.cpp:129]      Read time: 78.128 ms.
I0418 09:29:18.018185  6080 data_layer.cpp:130] Transform time: 46.88 ms.
I0418 09:29:18.861964  7952 caffe.cpp:314] Batch 4748, accuracy1+2 = 1
I0418 09:29:18.861964  7952 caffe.cpp:314] Batch 4748, accuracy1+2+3 = 0
I0418 09:29:18.971343  6080 data_layer.cpp:128] Prefetch batch: 109 ms.
I0418 09:29:18.971343  6080 data_layer.cpp:129]      Read time: 0 ms.
I0418 09:29:18.971343  6080 data_layer.cpp:130] Transform time: 109.379 ms.
I0418 09:29:19.830751  7952 caffe.cpp:314] Batch 4749, accuracy1+2 = 1
I0418 09:29:19.830751  7952 caffe.cpp:314] Batch 4749, accuracy1+2+3 = 1
I0418 09:29:19.955757  6080 data_layer.cpp:128] Prefetch batch: 125 ms.
I0418 09:29:19.955757  6080 data_layer.cpp:129]      Read time: 93.753 ms.
I0418 09:29:19.955757  6080 data_layer.cpp:130] Transform time: 31.253 ms.
I0418 09:29:20.815168  7952 caffe.cpp:314] Batch 4750, accuracy1+2 = 0
I0418 09:29:20.815168  7952 caffe.cpp:314] Batch 4750, accuracy1+2+3 = 0
I0418 09:29:20.940181  6080 data_layer.cpp:128] Prefetch batch: 125 ms.
I0418 09:29:20.940181  6080 data_layer.cpp:129]      Read time: 78.129 ms.
I0418 09:29:20.940181  6080 data_layer.cpp:130] Transform time: 46.883 ms.
I0418 09:29:21.783957  7952 caffe.cpp:314] Batch 4751, accuracy1+2 = 1
I0418 09:29:21.783957  7952 caffe.cpp:314] Batch 4751, accuracy1+2+3 = 1
I0418 09:29:21.908963  6080 data_layer.cpp:128] Prefetch batch: 125 ms.
I0418 09:29:21.908963  6080 data_layer.cpp:129]      Read time: 93.743 ms.
I0418 09:29:21.908963  6080 data_layer.cpp:130] Transform time: 31.264 ms.
I0418 09:29:22.799618  7952 caffe.cpp:314] Batch 4752, accuracy1+2 = 1
I0418 09:29:22.799618  7952 caffe.cpp:314] Batch 4752, accuracy1+2+3 = 1
I0418 09:29:22.924619  6080 data_layer.cpp:128] Prefetch batch: 125 ms.
I0418 09:29:22.924619  6080 data_layer.cpp:129]      Read time: 93.75 ms.
I0418 09:29:22.924619  6080 data_layer.cpp:130] Transform time: 31.251 ms.
I0418 09:29:23.815287  7952 caffe.cpp:314] Batch 4753, accuracy1+2 = 1
I0418 09:29:23.815287  7952 caffe.cpp:314] Batch 4753, accuracy1+2+3 = 1
I0418 09:29:23.909036  6080 data_layer.cpp:128] Prefetch batch: 93 ms.
I0418 09:29:23.909036  6080 data_layer.cpp:129]      Read time: 0 ms.
I0418 09:29:23.909036  6080 data_layer.cpp:130] Transform time: 93.749 ms.
I0418 09:29:24.784073  7952 caffe.cpp:314] Batch 4754, accuracy1+2 = 0
I0418 09:29:24.784073  7952 caffe.cpp:314] Batch 4754, accuracy1+2+3 = 0
I0418 09:29:24.909077  6080 data_layer.cpp:128] Prefetch batch: 125 ms.
I0418 09:29:24.909077  6080 data_layer.cpp:129]      Read time: 93.755 ms.
I0418 09:29:24.909077  6080 data_layer.cpp:130] Transform time: 31.249 ms.
I0418 09:29:25.752861  7952 caffe.cpp:314] Batch 4755, accuracy1+2 = 1
I0418 09:29:25.752861  7952 caffe.cpp:314] Batch 4755, accuracy1+2+3 = 1
I0418 09:29:25.877862  6080 data_layer.cpp:128] Prefetch batch: 125 ms.
I0418 09:29:25.877862  6080 data_layer.cpp:129]      Read time: 93.756 ms.
I0418 09:29:25.877862  6080 data_layer.cpp:130] Transform time: 31.246 ms.
I0418 09:29:26.721644  7952 caffe.cpp:314] Batch 4756, accuracy1+2 = 1
I0418 09:29:26.721644  7952 caffe.cpp:314] Batch 4756, accuracy1+2+3 = 1
I0418 09:29:26.846650  6080 data_layer.cpp:128] Prefetch batch: 125 ms.
I0418 09:29:26.846650  6080 data_layer.cpp:129]      Read time: 93.76 ms.
I0418 09:29:26.846650  6080 data_layer.cpp:130] Transform time: 31.246 ms.
I0418 09:29:27.706068  7952 caffe.cpp:314] Batch 4757, accuracy1+2 = 1
I0418 09:29:27.706068  7952 caffe.cpp:314] Batch 4757, accuracy1+2+3 = 1
I0418 09:29:27.831064  6080 data_layer.cpp:128] Prefetch batch: 124 ms.
I0418 09:29:27.831064  6080 data_layer.cpp:129]      Read time: 78.126 ms.
I0418 09:29:27.831064  6080 data_layer.cpp:130] Transform time: 46.871 ms.
I0418 09:29:28.674851  7952 caffe.cpp:314] Batch 4758, accuracy1+2 = 1
I0418 09:29:28.674851  7952 caffe.cpp:314] Batch 4758, accuracy1+2+3 = 1
I0418 09:29:28.768607  6080 data_layer.cpp:128] Prefetch batch: 93 ms.
I0418 09:29:28.768607  6080 data_layer.cpp:129]      Read time: 0 ms.
I0418 09:29:28.768607  6080 data_layer.cpp:130] Transform time: 93.756 ms.
I0418 09:29:29.643640  7952 caffe.cpp:314] Batch 4759, accuracy1+2 = 1
I0418 09:29:29.643640  7952 caffe.cpp:314] Batch 4759, accuracy1+2+3 = 1
I0418 09:29:29.768642  6080 data_layer.cpp:128] Prefetch batch: 125 ms.
I0418 09:29:29.768642  6080 data_layer.cpp:129]      Read time: 93.752 ms.
I0418 09:29:29.768642  6080 data_layer.cpp:130] Transform time: 31.25 ms.
I0418 09:29:30.612432  7952 caffe.cpp:314] Batch 4760, accuracy1+2 = 1
I0418 09:29:30.612432  7952 caffe.cpp:314] Batch 4760, accuracy1+2+3 = 1
I0418 09:29:30.737435  6080 data_layer.cpp:128] Prefetch batch: 125 ms.
I0418 09:29:30.737435  6080 data_layer.cpp:129]      Read time: 93.744 ms.
I0418 09:29:30.737435  6080 data_layer.cpp:130] Transform time: 31.259 ms.
I0418 09:29:31.596838  7952 caffe.cpp:314] Batch 4761, accuracy1+2 = 0
I0418 09:29:31.596838  7952 caffe.cpp:314] Batch 4761, accuracy1+2+3 = 0
I0418 09:29:31.690595  6080 data_layer.cpp:128] Prefetch batch: 93 ms.
I0418 09:29:31.690595  6080 data_layer.cpp:129]      Read time: 0 ms.
I0418 09:29:31.690595  6080 data_layer.cpp:130] Transform time: 93.757 ms.
I0418 09:29:32.565632  7952 caffe.cpp:314] Batch 4762, accuracy1+2 = 1
I0418 09:29:32.565632  7952 caffe.cpp:314] Batch 4762, accuracy1+2+3 = 1
I0418 09:29:32.690635  6080 data_layer.cpp:128] Prefetch batch: 125 ms.
I0418 09:29:32.690635  6080 data_layer.cpp:129]      Read time: 93.746 ms.
I0418 09:29:32.690635  6080 data_layer.cpp:130] Transform time: 31.257 ms.
I0418 09:29:33.534412  7952 caffe.cpp:314] Batch 4763, accuracy1+2 = 1
I0418 09:29:33.534412  7952 caffe.cpp:314] Batch 4763, accuracy1+2+3 = 1
I0418 09:29:33.659420  6080 data_layer.cpp:128] Prefetch batch: 125 ms.
I0418 09:29:33.659420  6080 data_layer.cpp:129]      Read time: 93.761 ms.
I0418 09:29:33.659420  6080 data_layer.cpp:130] Transform time: 31.247 ms.
I0418 09:29:34.503207  7952 caffe.cpp:314] Batch 4764, accuracy1+2 = 1
I0418 09:29:34.503207  7952 caffe.cpp:314] Batch 4764, accuracy1+2+3 = 1
I0418 09:29:34.643836  6080 data_layer.cpp:128] Prefetch batch: 124 ms.
I0418 09:29:34.643836  6080 data_layer.cpp:129]      Read time: 78.121 ms.
I0418 09:29:34.643836  6080 data_layer.cpp:130] Transform time: 46.874 ms.
I0418 09:29:35.487618  7952 caffe.cpp:314] Batch 4765, accuracy1+2 = 1
I0418 09:29:35.487618  7952 caffe.cpp:314] Batch 4765, accuracy1+2+3 = 1
I0418 09:29:35.612627  6080 data_layer.cpp:128] Prefetch batch: 125 ms.
I0418 09:29:35.612627  6080 data_layer.cpp:129]      Read time: 93.756 ms.
I0418 09:29:35.612627  6080 data_layer.cpp:130] Transform time: 31.252 ms.
I0418 09:29:36.456404  7952 caffe.cpp:314] Batch 4766, accuracy1+2 = 1
I0418 09:29:36.456404  7952 caffe.cpp:314] Batch 4766, accuracy1+2+3 = 1
I0418 09:29:36.565783  6080 data_layer.cpp:128] Prefetch batch: 109 ms.
I0418 09:29:36.565783  6080 data_layer.cpp:129]      Read time: 0 ms.
I0418 09:29:36.565783  6080 data_layer.cpp:130] Transform time: 109.378 ms.
I0418 09:29:37.425197  7952 caffe.cpp:314] Batch 4767, accuracy1+2 = 1
I0418 09:29:37.425197  7952 caffe.cpp:314] Batch 4767, accuracy1+2+3 = 1
I0418 09:29:37.550195  6080 data_layer.cpp:128] Prefetch batch: 124 ms.
I0418 09:29:37.550195  6080 data_layer.cpp:129]      Read time: 93.752 ms.
I0418 09:29:37.550195  6080 data_layer.cpp:130] Transform time: 31.246 ms.
I0418 09:29:38.409611  7952 caffe.cpp:314] Batch 4768, accuracy1+2 = 1
I0418 09:29:38.409611  7952 caffe.cpp:314] Batch 4768, accuracy1+2+3 = 1
I0418 09:29:38.534616  6080 data_layer.cpp:128] Prefetch batch: 125 ms.
I0418 09:29:38.534616  6080 data_layer.cpp:129]      Read time: 78.131 ms.
I0418 09:29:38.534616  6080 data_layer.cpp:130] Transform time: 46.874 ms.
I0418 09:29:39.378392  7952 caffe.cpp:314] Batch 4769, accuracy1+2 = 1
I0418 09:29:39.378392  7952 caffe.cpp:314] Batch 4769, accuracy1+2+3 = 1
I0418 09:29:39.503403  6080 data_layer.cpp:128] Prefetch batch: 125 ms.
I0418 09:29:39.503403  6080 data_layer.cpp:129]      Read time: 78.136 ms.
I0418 09:29:39.503403  6080 data_layer.cpp:130] Transform time: 46.875 ms.
I0418 09:29:40.347189  7952 caffe.cpp:314] Batch 4770, accuracy1+2 = 1
I0418 09:29:40.347189  7952 caffe.cpp:314] Batch 4770, accuracy1+2+3 = 1
I0418 09:29:40.456565  6080 data_layer.cpp:128] Prefetch batch: 109 ms.
I0418 09:29:40.456565  6080 data_layer.cpp:129]      Read time: 0 ms.
I0418 09:29:40.456565  6080 data_layer.cpp:130] Transform time: 109.376 ms.
I0418 09:29:41.315968  7952 caffe.cpp:314] Batch 4771, accuracy1+2 = 1
I0418 09:29:41.315968  7952 caffe.cpp:314] Batch 4771, accuracy1+2+3 = 1
I0418 09:29:41.440979  6080 data_layer.cpp:128] Prefetch batch: 125 ms.
I0418 09:29:41.440979  6080 data_layer.cpp:129]      Read time: 93.753 ms.
I0418 09:29:41.440979  6080 data_layer.cpp:130] Transform time: 31.258 ms.
I0418 09:29:42.300387  7952 caffe.cpp:314] Batch 4772, accuracy1+2 = 1
I0418 09:29:42.300387  7952 caffe.cpp:314] Batch 4772, accuracy1+2+3 = 1
I0418 09:29:42.425390  6080 data_layer.cpp:128] Prefetch batch: 125 ms.
I0418 09:29:42.425390  6080 data_layer.cpp:129]      Read time: 93.749 ms.
I0418 09:29:42.425390  6080 data_layer.cpp:130] Transform time: 31.253 ms.
I0418 09:29:43.269172  7952 caffe.cpp:314] Batch 4773, accuracy1+2 = 1
I0418 09:29:43.269172  7952 caffe.cpp:314] Batch 4773, accuracy1+2+3 = 1
I0418 09:29:43.394183  6080 data_layer.cpp:128] Prefetch batch: 125 ms.
I0418 09:29:43.394183  6080 data_layer.cpp:129]      Read time: 93.755 ms.
I0418 09:29:43.394183  6080 data_layer.cpp:130] Transform time: 31.256 ms.
I0418 09:29:44.253588  7952 caffe.cpp:314] Batch 4774, accuracy1+2 = 1
I0418 09:29:44.253588  7952 caffe.cpp:314] Batch 4774, accuracy1+2+3 = 1
I0418 09:29:44.347342  6080 data_layer.cpp:128] Prefetch batch: 93 ms.
I0418 09:29:44.347342  6080 data_layer.cpp:129]      Read time: 0 ms.
I0418 09:29:44.347342  6080 data_layer.cpp:130] Transform time: 93.753 ms.
I0418 09:29:45.222376  7952 caffe.cpp:314] Batch 4775, accuracy1+2 = 1
I0418 09:29:45.222376  7952 caffe.cpp:314] Batch 4775, accuracy1+2+3 = 1
I0418 09:29:45.347381  6080 data_layer.cpp:128] Prefetch batch: 125 ms.
I0418 09:29:45.347381  6080 data_layer.cpp:129]      Read time: 93.752 ms.
I0418 09:29:45.347381  6080 data_layer.cpp:130] Transform time: 31.253 ms.
I0418 09:29:46.206784  7952 caffe.cpp:314] Batch 4776, accuracy1+2 = 1
I0418 09:29:46.206784  7952 caffe.cpp:314] Batch 4776, accuracy1+2+3 = 1
I0418 09:29:46.331794  6080 data_layer.cpp:128] Prefetch batch: 125 ms.
I0418 09:29:46.331794  6080 data_layer.cpp:129]      Read time: 78.135 ms.
I0418 09:29:46.331794  6080 data_layer.cpp:130] Transform time: 46.874 ms.
I0418 09:29:47.175577  7952 caffe.cpp:314] Batch 4777, accuracy1+2 = 1
I0418 09:29:47.175577  7952 caffe.cpp:314] Batch 4777, accuracy1+2+3 = 1
I0418 09:29:47.300585  6080 data_layer.cpp:128] Prefetch batch: 125 ms.
I0418 09:29:47.300585  6080 data_layer.cpp:129]      Read time: 93.752 ms.
I0418 09:29:47.300585  6080 data_layer.cpp:130] Transform time: 31.256 ms.
I0418 09:29:48.144361  7952 caffe.cpp:314] Batch 4778, accuracy1+2 = 1
I0418 09:29:48.144361  7952 caffe.cpp:314] Batch 4778, accuracy1+2+3 = 1
I0418 09:29:48.253739  6080 data_layer.cpp:128] Prefetch batch: 109 ms.
I0418 09:29:48.253739  6080 data_layer.cpp:129]      Read time: 0 ms.
I0418 09:29:48.253739  6080 data_layer.cpp:130] Transform time: 109.379 ms.
I0418 09:29:49.113155  7952 caffe.cpp:314] Batch 4779, accuracy1+2 = 1
I0418 09:29:49.113155  7952 caffe.cpp:314] Batch 4779, accuracy1+2+3 = 1
I0418 09:29:49.238154  6080 data_layer.cpp:128] Prefetch batch: 124 ms.
I0418 09:29:49.238154  6080 data_layer.cpp:129]      Read time: 93.753 ms.
I0418 09:29:49.238154  6080 data_layer.cpp:130] Transform time: 31.246 ms.
I0418 09:29:50.097563  7952 caffe.cpp:314] Batch 4780, accuracy1+2 = 1
I0418 09:29:50.097563  7952 caffe.cpp:314] Batch 4780, accuracy1+2+3 = 1
I0418 09:29:50.222571  6080 data_layer.cpp:128] Prefetch batch: 125 ms.
I0418 09:29:50.222571  6080 data_layer.cpp:129]      Read time: 78.128 ms.
I0418 09:29:50.222571  6080 data_layer.cpp:130] Transform time: 46.881 ms.
I0418 09:29:51.066354  7952 caffe.cpp:314] Batch 4781, accuracy1+2 = 1
I0418 09:29:51.066354  7952 caffe.cpp:314] Batch 4781, accuracy1+2+3 = 1
I0418 09:29:51.191362  6080 data_layer.cpp:128] Prefetch batch: 125 ms.
I0418 09:29:51.191362  6080 data_layer.cpp:129]      Read time: 93.753 ms.
I0418 09:29:51.191362  6080 data_layer.cpp:130] Transform time: 31.256 ms.
I0418 09:29:52.035145  7952 caffe.cpp:314] Batch 4782, accuracy1+2 = 1
I0418 09:29:52.035145  7952 caffe.cpp:314] Batch 4782, accuracy1+2+3 = 1
I0418 09:29:52.160143  6080 data_layer.cpp:128] Prefetch batch: 124 ms.
I0418 09:29:52.160143  6080 data_layer.cpp:129]      Read time: 93.76 ms.
I0418 09:29:52.160143  6080 data_layer.cpp:130] Transform time: 31.239 ms.
I0418 09:29:53.019562  7952 caffe.cpp:314] Batch 4783, accuracy1+2 = 1
I0418 09:29:53.019562  7952 caffe.cpp:314] Batch 4783, accuracy1+2+3 = 1
I0418 09:29:53.113309  6080 data_layer.cpp:128] Prefetch batch: 93 ms.
I0418 09:29:53.113309  6080 data_layer.cpp:129]      Read time: 0 ms.
I0418 09:29:53.113309  6080 data_layer.cpp:130] Transform time: 93.748 ms.
I0418 09:29:53.988340  7952 caffe.cpp:314] Batch 4784, accuracy1+2 = 1
I0418 09:29:53.988340  7952 caffe.cpp:314] Batch 4784, accuracy1+2+3 = 1
I0418 09:29:54.113345  6080 data_layer.cpp:128] Prefetch batch: 125 ms.
I0418 09:29:54.113345  6080 data_layer.cpp:129]      Read time: 78.14 ms.
I0418 09:29:54.113345  6080 data_layer.cpp:130] Transform time: 46.865 ms.
I0418 09:29:54.957134  7952 caffe.cpp:314] Batch 4785, accuracy1+2 = 1
I0418 09:29:54.957134  7952 caffe.cpp:314] Batch 4785, accuracy1+2+3 = 1
I0418 09:29:55.113386  6080 data_layer.cpp:128] Prefetch batch: 156 ms.
I0418 09:29:55.113386  6080 data_layer.cpp:129]      Read time: 140.631 ms.
I0418 09:29:55.113386  6080 data_layer.cpp:130] Transform time: 15.622 ms.
I0418 09:29:55.941545  7952 caffe.cpp:314] Batch 4786, accuracy1+2 = 1
I0418 09:29:55.941545  7952 caffe.cpp:314] Batch 4786, accuracy1+2+3 = 1
I0418 09:29:56.035295  6080 data_layer.cpp:128] Prefetch batch: 93 ms.
I0418 09:29:56.035295  6080 data_layer.cpp:129]      Read time: 0 ms.
I0418 09:29:56.035295  6080 data_layer.cpp:130] Transform time: 93.751 ms.
I0418 09:29:56.910336  7952 caffe.cpp:314] Batch 4787, accuracy1+2 = 1
I0418 09:29:56.910336  7952 caffe.cpp:314] Batch 4787, accuracy1+2+3 = 1
I0418 09:29:57.082216  6080 data_layer.cpp:128] Prefetch batch: 171 ms.
I0418 09:29:57.082216  6080 data_layer.cpp:129]      Read time: 140.628 ms.
I0418 09:29:57.082216  6080 data_layer.cpp:130] Transform time: 31.252 ms.
I0418 09:29:57.879124  7952 caffe.cpp:314] Batch 4788, accuracy1+2 = 1
I0418 09:29:57.879124  7952 caffe.cpp:314] Batch 4788, accuracy1+2+3 = 1
I0418 09:29:58.004127  6080 data_layer.cpp:128] Prefetch batch: 125 ms.
I0418 09:29:58.004127  6080 data_layer.cpp:129]      Read time: 93.751 ms.
I0418 09:29:58.004127  6080 data_layer.cpp:130] Transform time: 31.251 ms.
I0418 09:29:58.863524  7952 caffe.cpp:314] Batch 4789, accuracy1+2 = 1
I0418 09:29:58.863524  7952 caffe.cpp:314] Batch 4789, accuracy1+2+3 = 1
I0418 09:29:58.972904  6080 data_layer.cpp:128] Prefetch batch: 109 ms.
I0418 09:29:58.972904  6080 data_layer.cpp:129]      Read time: 0 ms.
I0418 09:29:58.972904  6080 data_layer.cpp:130] Transform time: 109.38 ms.
I0418 09:29:59.879189  7952 caffe.cpp:314] Batch 4790, accuracy1+2 = 1
I0418 09:29:59.879189  7952 caffe.cpp:314] Batch 4790, accuracy1+2+3 = 1
I0418 09:30:00.004194  6080 data_layer.cpp:128] Prefetch batch: 125 ms.
I0418 09:30:00.004194  6080 data_layer.cpp:129]      Read time: 93.754 ms.
I0418 09:30:00.004194  6080 data_layer.cpp:130] Transform time: 31.251 ms.
I0418 09:30:00.879235  7952 caffe.cpp:314] Batch 4791, accuracy1+2 = 0
I0418 09:30:00.879235  7952 caffe.cpp:314] Batch 4791, accuracy1+2+3 = 0
I0418 09:30:01.004243  6080 data_layer.cpp:128] Prefetch batch: 125 ms.
I0418 09:30:01.004243  6080 data_layer.cpp:129]      Read time: 93.754 ms.
I0418 09:30:01.004243  6080 data_layer.cpp:130] Transform time: 31.254 ms.
I0418 09:30:01.863651  7952 caffe.cpp:314] Batch 4792, accuracy1+2 = 0
I0418 09:30:01.863651  7952 caffe.cpp:314] Batch 4792, accuracy1+2+3 = 0
I0418 09:30:01.988662  6080 data_layer.cpp:128] Prefetch batch: 125 ms.
I0418 09:30:01.988662  6080 data_layer.cpp:129]      Read time: 78.13 ms.
I0418 09:30:01.988662  6080 data_layer.cpp:130] Transform time: 46.88 ms.
I0418 09:30:02.832437  7952 caffe.cpp:314] Batch 4793, accuracy1+2 = 1
I0418 09:30:02.832437  7952 caffe.cpp:314] Batch 4793, accuracy1+2+3 = 1
I0418 09:30:02.957449  6080 data_layer.cpp:128] Prefetch batch: 125 ms.
I0418 09:30:02.957449  6080 data_layer.cpp:129]      Read time: 93.754 ms.
I0418 09:30:02.957449  6080 data_layer.cpp:130] Transform time: 31.259 ms.
I0418 09:30:03.801226  7952 caffe.cpp:314] Batch 4794, accuracy1+2 = 1
I0418 09:30:03.801226  7952 caffe.cpp:314] Batch 4794, accuracy1+2+3 = 1
I0418 09:30:03.926237  6080 data_layer.cpp:128] Prefetch batch: 125 ms.
I0418 09:30:03.926237  6080 data_layer.cpp:129]      Read time: 93.759 ms.
I0418 09:30:03.926237  6080 data_layer.cpp:130] Transform time: 31.252 ms.
I0418 09:30:04.770020  7952 caffe.cpp:314] Batch 4795, accuracy1+2 = 1
I0418 09:30:04.770020  7952 caffe.cpp:314] Batch 4795, accuracy1+2+3 = 1
I0418 09:30:04.910650  6080 data_layer.cpp:128] Prefetch batch: 140 ms.
I0418 09:30:04.910650  6080 data_layer.cpp:129]      Read time: 93.749 ms.
I0418 09:30:04.910650  6080 data_layer.cpp:130] Transform time: 46.881 ms.
I0418 09:30:05.754432  7952 caffe.cpp:314] Batch 4796, accuracy1+2 = 1
I0418 09:30:05.754432  7952 caffe.cpp:314] Batch 4796, accuracy1+2+3 = 1
I0418 09:30:05.848184  6080 data_layer.cpp:128] Prefetch batch: 93 ms.
I0418 09:30:05.848184  6080 data_layer.cpp:129]      Read time: 0 ms.
I0418 09:30:05.848184  6080 data_layer.cpp:130] Transform time: 93.752 ms.
I0418 09:30:06.723217  7952 caffe.cpp:314] Batch 4797, accuracy1+2 = 1
I0418 09:30:06.723217  7952 caffe.cpp:314] Batch 4797, accuracy1+2+3 = 1
I0418 09:30:06.848227  6080 data_layer.cpp:128] Prefetch batch: 125 ms.
I0418 09:30:06.848227  6080 data_layer.cpp:129]      Read time: 93.756 ms.
I0418 09:30:06.848227  6080 data_layer.cpp:130] Transform time: 31.254 ms.
I0418 09:30:07.692008  7952 caffe.cpp:314] Batch 4798, accuracy1+2 = 1
I0418 09:30:07.692008  7952 caffe.cpp:314] Batch 4798, accuracy1+2+3 = 1
I0418 09:30:07.817008  6080 data_layer.cpp:128] Prefetch batch: 125 ms.
I0418 09:30:07.817008  6080 data_layer.cpp:129]      Read time: 93.753 ms.
I0418 09:30:07.817008  6080 data_layer.cpp:130] Transform time: 31.248 ms.
I0418 09:30:08.660794  7952 caffe.cpp:314] Batch 4799, accuracy1+2 = 0
I0418 09:30:08.660794  7952 caffe.cpp:314] Batch 4799, accuracy1+2+3 = 0
I0418 09:30:08.785799  6080 data_layer.cpp:128] Prefetch batch: 125 ms.
I0418 09:30:08.785799  6080 data_layer.cpp:129]      Read time: 93.755 ms.
I0418 09:30:08.785799  6080 data_layer.cpp:130] Transform time: 31.249 ms.
I0418 09:30:09.645206  7952 caffe.cpp:314] Batch 4800, accuracy1+2 = 1
I0418 09:30:09.645206  7952 caffe.cpp:314] Batch 4800, accuracy1+2+3 = 1
I0418 09:30:09.738965  6080 data_layer.cpp:128] Prefetch batch: 93 ms.
I0418 09:30:09.738965  6080 data_layer.cpp:129]      Read time: 0 ms.
I0418 09:30:09.738965  6080 data_layer.cpp:130] Transform time: 93.759 ms.
I0418 09:30:10.613998  7952 caffe.cpp:314] Batch 4801, accuracy1+2 = 1
I0418 09:30:10.613998  7952 caffe.cpp:314] Batch 4801, accuracy1+2+3 = 1
I0418 09:30:10.739001  6080 data_layer.cpp:128] Prefetch batch: 125 ms.
I0418 09:30:10.739001  6080 data_layer.cpp:129]      Read time: 78.125 ms.
I0418 09:30:10.739001  6080 data_layer.cpp:130] Transform time: 46.878 ms.
I0418 09:30:11.582787  7952 caffe.cpp:314] Batch 4802, accuracy1+2 = 1
I0418 09:30:11.582787  7952 caffe.cpp:314] Batch 4802, accuracy1+2+3 = 1
I0418 09:30:11.707785  6080 data_layer.cpp:128] Prefetch batch: 124 ms.
I0418 09:30:11.707785  6080 data_layer.cpp:129]      Read time: 93.753 ms.
I0418 09:30:11.707785  6080 data_layer.cpp:130] Transform time: 31.245 ms.
I0418 09:30:12.551571  7952 caffe.cpp:314] Batch 4803, accuracy1+2 = 1
I0418 09:30:12.551571  7952 caffe.cpp:314] Batch 4803, accuracy1+2+3 = 0
I0418 09:30:12.676580  6080 data_layer.cpp:128] Prefetch batch: 125 ms.
I0418 09:30:12.676580  6080 data_layer.cpp:129]      Read time: 93.753 ms.
I0418 09:30:12.676580  6080 data_layer.cpp:130] Transform time: 31.256 ms.
I0418 09:30:13.535989  7952 caffe.cpp:314] Batch 4804, accuracy1+2 = 1
I0418 09:30:13.535989  7952 caffe.cpp:314] Batch 4804, accuracy1+2+3 = 1
I0418 09:30:13.660993  6080 data_layer.cpp:128] Prefetch batch: 125 ms.
I0418 09:30:13.660993  6080 data_layer.cpp:129]      Read time: 78.127 ms.
I0418 09:30:13.660993  6080 data_layer.cpp:130] Transform time: 46.878 ms.
I0418 09:30:14.504776  7952 caffe.cpp:314] Batch 4805, accuracy1+2 = 1
I0418 09:30:14.504776  7952 caffe.cpp:314] Batch 4805, accuracy1+2+3 = 1
I0418 09:30:14.614150  6080 data_layer.cpp:128] Prefetch batch: 109 ms.
I0418 09:30:14.614150  6080 data_layer.cpp:129]      Read time: 0 ms.
I0418 09:30:14.614150  6080 data_layer.cpp:130] Transform time: 109.373 ms.
I0418 09:30:15.489183  7952 caffe.cpp:314] Batch 4806, accuracy1+2 = 1
I0418 09:30:15.489183  7952 caffe.cpp:314] Batch 4806, accuracy1+2+3 = 1
I0418 09:30:15.614189  6080 data_layer.cpp:128] Prefetch batch: 125 ms.
I0418 09:30:15.614189  6080 data_layer.cpp:129]      Read time: 78.13 ms.
I0418 09:30:15.614189  6080 data_layer.cpp:130] Transform time: 46.876 ms.
I0418 09:30:16.457973  7952 caffe.cpp:314] Batch 4807, accuracy1+2 = 1
I0418 09:30:16.457973  7952 caffe.cpp:314] Batch 4807, accuracy1+2+3 = 1
I0418 09:30:16.582976  6080 data_layer.cpp:128] Prefetch batch: 125 ms.
I0418 09:30:16.582976  6080 data_layer.cpp:129]      Read time: 93.753 ms.
I0418 09:30:16.582976  6080 data_layer.cpp:130] Transform time: 31.25 ms.
I0418 09:30:17.426762  7952 caffe.cpp:314] Batch 4808, accuracy1+2 = 0
I0418 09:30:17.426762  7952 caffe.cpp:314] Batch 4808, accuracy1+2+3 = 0
I0418 09:30:17.551764  6080 data_layer.cpp:128] Prefetch batch: 125 ms.
I0418 09:30:17.551764  6080 data_layer.cpp:129]      Read time: 93.758 ms.
I0418 09:30:17.551764  6080 data_layer.cpp:130] Transform time: 31.244 ms.
I0418 09:30:18.395550  7952 caffe.cpp:314] Batch 4809, accuracy1+2 = 1
I0418 09:30:18.395550  7952 caffe.cpp:314] Batch 4809, accuracy1+2+3 = 1
I0418 09:30:18.504926  6080 data_layer.cpp:128] Prefetch batch: 109 ms.
I0418 09:30:18.504926  6080 data_layer.cpp:129]      Read time: 0 ms.
I0418 09:30:18.504926  6080 data_layer.cpp:130] Transform time: 109.377 ms.
I0418 09:30:19.379967  7952 caffe.cpp:314] Batch 4810, accuracy1+2 = 1
I0418 09:30:19.379967  7952 caffe.cpp:314] Batch 4810, accuracy1+2+3 = 1
I0418 09:30:19.504971  6080 data_layer.cpp:128] Prefetch batch: 125 ms.
I0418 09:30:19.504971  6080 data_layer.cpp:129]      Read time: 78.125 ms.
I0418 09:30:19.504971  6080 data_layer.cpp:130] Transform time: 46.878 ms.
I0418 09:30:20.348753  7952 caffe.cpp:314] Batch 4811, accuracy1+2 = 0
I0418 09:30:20.348753  7952 caffe.cpp:314] Batch 4811, accuracy1+2+3 = 0
I0418 09:30:20.473755  6080 data_layer.cpp:128] Prefetch batch: 125 ms.
I0418 09:30:20.473755  6080 data_layer.cpp:129]      Read time: 93.755 ms.
I0418 09:30:20.473755  6080 data_layer.cpp:130] Transform time: 31.247 ms.
I0418 09:30:21.317543  7952 caffe.cpp:314] Batch 4812, accuracy1+2 = 1
I0418 09:30:21.317543  7952 caffe.cpp:314] Batch 4812, accuracy1+2+3 = 1
I0418 09:30:21.442543  6080 data_layer.cpp:128] Prefetch batch: 125 ms.
I0418 09:30:21.442543  6080 data_layer.cpp:129]      Read time: 93.755 ms.
I0418 09:30:21.442543  6080 data_layer.cpp:130] Transform time: 31.246 ms.
I0418 09:30:22.301962  7952 caffe.cpp:314] Batch 4813, accuracy1+2 = 1
I0418 09:30:22.301962  7952 caffe.cpp:314] Batch 4813, accuracy1+2+3 = 1
I0418 09:30:22.426961  6080 data_layer.cpp:128] Prefetch batch: 124 ms.
I0418 09:30:22.426961  6080 data_layer.cpp:129]      Read time: 78.12 ms.
I0418 09:30:22.426961  6080 data_layer.cpp:130] Transform time: 46.879 ms.
I0418 09:30:23.270745  7952 caffe.cpp:314] Batch 4814, accuracy1+2 = 0
I0418 09:30:23.270745  7952 caffe.cpp:314] Batch 4814, accuracy1+2+3 = 0
I0418 09:30:23.364495  6080 data_layer.cpp:128] Prefetch batch: 93 ms.
I0418 09:30:23.364495  6080 data_layer.cpp:129]      Read time: 0 ms.
I0418 09:30:23.364495  6080 data_layer.cpp:130] Transform time: 93.749 ms.
I0418 09:30:24.239527  7952 caffe.cpp:314] Batch 4815, accuracy1+2 = 1
I0418 09:30:24.239527  7952 caffe.cpp:314] Batch 4815, accuracy1+2+3 = 1
I0418 09:30:24.364531  6080 data_layer.cpp:128] Prefetch batch: 125 ms.
I0418 09:30:24.364531  6080 data_layer.cpp:129]      Read time: 93.76 ms.
I0418 09:30:24.364531  6080 data_layer.cpp:130] Transform time: 31.244 ms.
I0418 09:30:25.208319  7952 caffe.cpp:314] Batch 4816, accuracy1+2 = 1
I0418 09:30:25.208319  7952 caffe.cpp:314] Batch 4816, accuracy1+2+3 = 1
I0418 09:30:25.333323  6080 data_layer.cpp:128] Prefetch batch: 125 ms.
I0418 09:30:25.333323  6080 data_layer.cpp:129]      Read time: 93.753 ms.
I0418 09:30:25.333323  6080 data_layer.cpp:130] Transform time: 31.251 ms.
I0418 09:30:26.192729  7952 caffe.cpp:314] Batch 4817, accuracy1+2 = 1
I0418 09:30:26.192729  7952 caffe.cpp:314] Batch 4817, accuracy1+2+3 = 1
I0418 09:30:26.317737  6080 data_layer.cpp:128] Prefetch batch: 125 ms.
I0418 09:30:26.317737  6080 data_layer.cpp:129]      Read time: 78.134 ms.
I0418 09:30:26.317737  6080 data_layer.cpp:130] Transform time: 46.874 ms.
I0418 09:30:27.161520  7952 caffe.cpp:314] Batch 4818, accuracy1+2 = 0
I0418 09:30:27.161520  7952 caffe.cpp:314] Batch 4818, accuracy1+2+3 = 0
I0418 09:30:27.270905  6080 data_layer.cpp:128] Prefetch batch: 109 ms.
I0418 09:30:27.270905  6080 data_layer.cpp:129]      Read time: 0 ms.
I0418 09:30:27.270905  6080 data_layer.cpp:130] Transform time: 109.386 ms.
I0418 09:30:28.130311  7952 caffe.cpp:314] Batch 4819, accuracy1+2 = 1
I0418 09:30:28.130311  7952 caffe.cpp:314] Batch 4819, accuracy1+2+3 = 1
I0418 09:30:28.255314  6080 data_layer.cpp:128] Prefetch batch: 125 ms.
I0418 09:30:28.255314  6080 data_layer.cpp:129]      Read time: 93.747 ms.
I0418 09:30:28.255314  6080 data_layer.cpp:130] Transform time: 31.257 ms.
I0418 09:30:29.099097  7952 caffe.cpp:314] Batch 4820, accuracy1+2 = 0
I0418 09:30:29.099097  7952 caffe.cpp:314] Batch 4820, accuracy1+2+3 = 0
I0418 09:30:29.224102  6080 data_layer.cpp:128] Prefetch batch: 125 ms.
I0418 09:30:29.224102  6080 data_layer.cpp:129]      Read time: 93.756 ms.
I0418 09:30:29.224102  6080 data_layer.cpp:130] Transform time: 31.25 ms.
I0418 09:30:30.083513  7952 caffe.cpp:314] Batch 4821, accuracy1+2 = 1
I0418 09:30:30.083513  7952 caffe.cpp:314] Batch 4821, accuracy1+2+3 = 1
I0418 09:30:30.208513  6080 data_layer.cpp:128] Prefetch batch: 125 ms.
I0418 09:30:30.208513  6080 data_layer.cpp:129]      Read time: 78.122 ms.
I0418 09:30:30.208513  6080 data_layer.cpp:130] Transform time: 46.878 ms.
I0418 09:30:31.052299  7952 caffe.cpp:314] Batch 4822, accuracy1+2 = 1
I0418 09:30:31.052299  7952 caffe.cpp:314] Batch 4822, accuracy1+2+3 = 1
I0418 09:30:31.161679  6080 data_layer.cpp:128] Prefetch batch: 109 ms.
I0418 09:30:31.161679  6080 data_layer.cpp:129]      Read time: 0 ms.
I0418 09:30:31.161679  6080 data_layer.cpp:130] Transform time: 109.38 ms.
I0418 09:30:32.021085  7952 caffe.cpp:314] Batch 4823, accuracy1+2 = 1
I0418 09:30:32.021085  7952 caffe.cpp:314] Batch 4823, accuracy1+2+3 = 1
I0418 09:30:32.161718  6080 data_layer.cpp:128] Prefetch batch: 140 ms.
I0418 09:30:32.161718  6080 data_layer.cpp:129]      Read time: 93.758 ms.
I0418 09:30:32.161718  6080 data_layer.cpp:130] Transform time: 46.875 ms.
I0418 09:30:33.005501  7952 caffe.cpp:314] Batch 4824, accuracy1+2 = 1
I0418 09:30:33.005501  7952 caffe.cpp:314] Batch 4824, accuracy1+2+3 = 1
I0418 09:30:33.130506  6080 data_layer.cpp:128] Prefetch batch: 125 ms.
I0418 09:30:33.130506  6080 data_layer.cpp:129]      Read time: 93.752 ms.
I0418 09:30:33.130506  6080 data_layer.cpp:130] Transform time: 31.254 ms.
I0418 09:30:33.974283  7952 caffe.cpp:314] Batch 4825, accuracy1+2 = 1
I0418 09:30:33.974283  7952 caffe.cpp:314] Batch 4825, accuracy1+2+3 = 1
I0418 09:30:34.099292  6080 data_layer.cpp:128] Prefetch batch: 125 ms.
I0418 09:30:34.099292  6080 data_layer.cpp:129]      Read time: 93.756 ms.
I0418 09:30:34.099292  6080 data_layer.cpp:130] Transform time: 31.253 ms.
I0418 09:30:34.943069  7952 caffe.cpp:314] Batch 4826, accuracy1+2 = 1
I0418 09:30:34.943069  7952 caffe.cpp:314] Batch 4826, accuracy1+2+3 = 1
I0418 09:30:35.068084  6080 data_layer.cpp:128] Prefetch batch: 125 ms.
I0418 09:30:35.068084  6080 data_layer.cpp:129]      Read time: 93.762 ms.
I0418 09:30:35.068084  6080 data_layer.cpp:130] Transform time: 31.252 ms.
I0418 09:30:35.927486  7952 caffe.cpp:314] Batch 4827, accuracy1+2 = 0
I0418 09:30:35.927486  7952 caffe.cpp:314] Batch 4827, accuracy1+2+3 = 0
I0418 09:30:36.068122  6080 data_layer.cpp:128] Prefetch batch: 140 ms.
I0418 09:30:36.068122  6080 data_layer.cpp:129]      Read time: 93.753 ms.
I0418 09:30:36.068122  6080 data_layer.cpp:130] Transform time: 46.883 ms.
I0418 09:30:36.943151  7952 caffe.cpp:314] Batch 4828, accuracy1+2 = 1
I0418 09:30:36.943151  7952 caffe.cpp:314] Batch 4828, accuracy1+2+3 = 1
I0418 09:30:37.052537  6080 data_layer.cpp:128] Prefetch batch: 109 ms.
I0418 09:30:37.052537  6080 data_layer.cpp:129]      Read time: 0 ms.
I0418 09:30:37.052537  6080 data_layer.cpp:130] Transform time: 109.386 ms.
I0418 09:30:37.943192  7952 caffe.cpp:314] Batch 4829, accuracy1+2 = 1
I0418 09:30:37.943192  7952 caffe.cpp:314] Batch 4829, accuracy1+2+3 = 1
I0418 09:30:38.068202  6080 data_layer.cpp:128] Prefetch batch: 125 ms.
I0418 09:30:38.068202  6080 data_layer.cpp:129]      Read time: 93.757 ms.
I0418 09:30:38.068202  6080 data_layer.cpp:130] Transform time: 31.253 ms.
I0418 09:30:38.911983  7952 caffe.cpp:314] Batch 4830, accuracy1+2 = 1
I0418 09:30:38.911983  7952 caffe.cpp:314] Batch 4830, accuracy1+2+3 = 1
I0418 09:30:39.036984  6080 data_layer.cpp:128] Prefetch batch: 125 ms.
I0418 09:30:39.036984  6080 data_layer.cpp:129]      Read time: 93.747 ms.
I0418 09:30:39.036984  6080 data_layer.cpp:130] Transform time: 31.254 ms.
I0418 09:30:39.880765  7952 caffe.cpp:314] Batch 4831, accuracy1+2 = 1
I0418 09:30:39.880765  7952 caffe.cpp:314] Batch 4831, accuracy1+2+3 = 1
I0418 09:30:40.021402  6080 data_layer.cpp:128] Prefetch batch: 140 ms.
I0418 09:30:40.021402  6080 data_layer.cpp:129]      Read time: 93.76 ms.
I0418 09:30:40.021402  6080 data_layer.cpp:130] Transform time: 46.877 ms.
I0418 09:30:40.865180  7952 caffe.cpp:314] Batch 4832, accuracy1+2 = 1
I0418 09:30:40.865180  7952 caffe.cpp:314] Batch 4832, accuracy1+2+3 = 1
I0418 09:30:40.958935  6080 data_layer.cpp:128] Prefetch batch: 93 ms.
I0418 09:30:40.958935  6080 data_layer.cpp:129]      Read time: 0 ms.
I0418 09:30:40.958935  6080 data_layer.cpp:130] Transform time: 93.754 ms.
I0418 09:30:41.833968  7952 caffe.cpp:314] Batch 4833, accuracy1+2 = 1
I0418 09:30:41.833968  7952 caffe.cpp:314] Batch 4833, accuracy1+2+3 = 1
I0418 09:30:41.958976  6080 data_layer.cpp:128] Prefetch batch: 125 ms.
I0418 09:30:41.958976  6080 data_layer.cpp:129]      Read time: 93.761 ms.
I0418 09:30:41.958976  6080 data_layer.cpp:130] Transform time: 31.246 ms.
I0418 09:30:42.802762  7952 caffe.cpp:314] Batch 4834, accuracy1+2 = 1
I0418 09:30:42.802762  7952 caffe.cpp:314] Batch 4834, accuracy1+2+3 = 1
I0418 09:30:42.927762  6080 data_layer.cpp:128] Prefetch batch: 125 ms.
I0418 09:30:42.927762  6080 data_layer.cpp:129]      Read time: 93.748 ms.
I0418 09:30:42.927762  6080 data_layer.cpp:130] Transform time: 31.252 ms.
I0418 09:30:43.771543  7952 caffe.cpp:314] Batch 4835, accuracy1+2 = 1
I0418 09:30:43.787173  7952 caffe.cpp:314] Batch 4835, accuracy1+2+3 = 1
I0418 09:30:43.912171  6080 data_layer.cpp:128] Prefetch batch: 124 ms.
I0418 09:30:43.912171  6080 data_layer.cpp:129]      Read time: 78.13 ms.
I0418 09:30:43.912171  6080 data_layer.cpp:130] Transform time: 46.868 ms.
I0418 09:30:44.755960  7952 caffe.cpp:314] Batch 4836, accuracy1+2 = 1
I0418 09:30:44.755960  7952 caffe.cpp:314] Batch 4836, accuracy1+2+3 = 1
I0418 09:30:44.880970  6080 data_layer.cpp:128] Prefetch batch: 125 ms.
I0418 09:30:44.880970  6080 data_layer.cpp:129]      Read time: 93.756 ms.
I0418 09:30:44.880970  6080 data_layer.cpp:130] Transform time: 31.253 ms.
I0418 09:30:45.724750  7952 caffe.cpp:314] Batch 4837, accuracy1+2 = 1
I0418 09:30:45.724750  7952 caffe.cpp:314] Batch 4837, accuracy1+2+3 = 1
I0418 09:30:45.834123  6080 data_layer.cpp:128] Prefetch batch: 109 ms.
I0418 09:30:45.834123  6080 data_layer.cpp:129]      Read time: 0 ms.
I0418 09:30:45.834123  6080 data_layer.cpp:130] Transform time: 109.374 ms.
I0418 09:30:46.693533  7952 caffe.cpp:314] Batch 4838, accuracy1+2 = 1
I0418 09:30:46.693533  7952 caffe.cpp:314] Batch 4838, accuracy1+2+3 = 1
I0418 09:30:46.834169  6080 data_layer.cpp:128] Prefetch batch: 140 ms.
I0418 09:30:46.834169  6080 data_layer.cpp:129]      Read time: 93.757 ms.
I0418 09:30:46.834169  6080 data_layer.cpp:130] Transform time: 46.879 ms.
I0418 09:30:47.677947  7952 caffe.cpp:314] Batch 4839, accuracy1+2 = 1
I0418 09:30:47.677947  7952 caffe.cpp:314] Batch 4839, accuracy1+2+3 = 1
I0418 09:30:47.818577  6080 data_layer.cpp:128] Prefetch batch: 140 ms.
I0418 09:30:47.818577  6080 data_layer.cpp:129]      Read time: 109.383 ms.
I0418 09:30:47.818577  6080 data_layer.cpp:130] Transform time: 31.247 ms.
I0418 09:30:48.646734  7952 caffe.cpp:314] Batch 4840, accuracy1+2 = 1
I0418 09:30:48.646734  7952 caffe.cpp:314] Batch 4840, accuracy1+2+3 = 1
I0418 09:30:48.771741  6080 data_layer.cpp:128] Prefetch batch: 125 ms.
I0418 09:30:48.771741  6080 data_layer.cpp:129]      Read time: 93.755 ms.
I0418 09:30:48.771741  6080 data_layer.cpp:130] Transform time: 31.252 ms.
I0418 09:30:49.615521  7952 caffe.cpp:314] Batch 4841, accuracy1+2 = 1
I0418 09:30:49.615521  7952 caffe.cpp:314] Batch 4841, accuracy1+2+3 = 1
I0418 09:30:49.740535  6080 data_layer.cpp:128] Prefetch batch: 125 ms.
I0418 09:30:49.740535  6080 data_layer.cpp:129]      Read time: 109.39 ms.
I0418 09:30:49.740535  6080 data_layer.cpp:130] Transform time: 15.623 ms.
I0418 09:30:50.599941  7952 caffe.cpp:314] Batch 4842, accuracy1+2 = 1
I0418 09:30:50.599941  7952 caffe.cpp:314] Batch 4842, accuracy1+2+3 = 1
I0418 09:30:50.724944  6080 data_layer.cpp:128] Prefetch batch: 125 ms.
I0418 09:30:50.724944  6080 data_layer.cpp:129]      Read time: 93.753 ms.
I0418 09:30:50.724944  6080 data_layer.cpp:130] Transform time: 31.251 ms.
I0418 09:30:51.568724  7952 caffe.cpp:314] Batch 4843, accuracy1+2 = 0
I0418 09:30:51.568724  7952 caffe.cpp:314] Batch 4843, accuracy1+2+3 = 0
I0418 09:30:51.693728  6080 data_layer.cpp:128] Prefetch batch: 125 ms.
I0418 09:30:51.693728  6080 data_layer.cpp:129]      Read time: 93.767 ms.
I0418 09:30:51.693728  6080 data_layer.cpp:130] Transform time: 31.237 ms.
I0418 09:30:52.537515  7952 caffe.cpp:314] Batch 4844, accuracy1+2 = 1
I0418 09:30:52.537515  7952 caffe.cpp:314] Batch 4844, accuracy1+2+3 = 1
I0418 09:30:52.646895  6080 data_layer.cpp:128] Prefetch batch: 109 ms.
I0418 09:30:52.646895  6080 data_layer.cpp:129]      Read time: 0 ms.
I0418 09:30:52.646895  6080 data_layer.cpp:130] Transform time: 109.38 ms.
I0418 09:30:53.506297  7952 caffe.cpp:314] Batch 4845, accuracy1+2 = 1
I0418 09:30:53.506297  7952 caffe.cpp:314] Batch 4845, accuracy1+2+3 = 1
I0418 09:30:53.631319  6080 data_layer.cpp:128] Prefetch batch: 125 ms.
I0418 09:30:53.631319  6080 data_layer.cpp:129]      Read time: 93.761 ms.
I0418 09:30:53.631319  6080 data_layer.cpp:130] Transform time: 31.261 ms.
I0418 09:30:54.490721  7952 caffe.cpp:314] Batch 4846, accuracy1+2 = 1
I0418 09:30:54.490721  7952 caffe.cpp:314] Batch 4846, accuracy1+2+3 = 1
I0418 09:30:54.631350  6080 data_layer.cpp:128] Prefetch batch: 140 ms.
I0418 09:30:54.631350  6080 data_layer.cpp:129]      Read time: 93.75 ms.
I0418 09:30:54.646976  6080 data_layer.cpp:130] Transform time: 31.25 ms.
I0418 09:30:55.459507  7952 caffe.cpp:314] Batch 4847, accuracy1+2 = 1
I0418 09:30:55.459507  7952 caffe.cpp:314] Batch 4847, accuracy1+2+3 = 1
I0418 09:30:55.584512  6080 data_layer.cpp:128] Prefetch batch: 125 ms.
I0418 09:30:55.584512  6080 data_layer.cpp:129]      Read time: 46.872 ms.
I0418 09:30:55.584512  6080 data_layer.cpp:130] Transform time: 78.133 ms.
I0418 09:30:56.428293  7952 caffe.cpp:314] Batch 4848, accuracy1+2 = 1
I0418 09:30:56.428293  7952 caffe.cpp:314] Batch 4848, accuracy1+2+3 = 1
I0418 09:30:56.553297  6080 data_layer.cpp:128] Prefetch batch: 125 ms.
I0418 09:30:56.553297  6080 data_layer.cpp:129]      Read time: 109.375 ms.
I0418 09:30:56.553297  6080 data_layer.cpp:130] Transform time: 15.629 ms.
I0418 09:30:57.397086  7952 caffe.cpp:314] Batch 4849, accuracy1+2 = 1
I0418 09:30:57.397086  7952 caffe.cpp:314] Batch 4849, accuracy1+2+3 = 1
I0418 09:30:57.522083  6080 data_layer.cpp:128] Prefetch batch: 124 ms.
I0418 09:30:57.522083  6080 data_layer.cpp:129]      Read time: 46.871 ms.
I0418 09:30:57.522083  6080 data_layer.cpp:130] Transform time: 78.126 ms.
I0418 09:30:58.381494  7952 caffe.cpp:314] Batch 4850, accuracy1+2 = 1
I0418 09:30:58.381494  7952 caffe.cpp:314] Batch 4850, accuracy1+2+3 = 1
I0418 09:30:58.506500  6080 data_layer.cpp:128] Prefetch batch: 125 ms.
I0418 09:30:58.506500  6080 data_layer.cpp:129]      Read time: 93.758 ms.
I0418 09:30:58.506500  6080 data_layer.cpp:130] Transform time: 31.247 ms.
I0418 09:30:59.350287  7952 caffe.cpp:314] Batch 4851, accuracy1+2 = 1
I0418 09:30:59.350287  7952 caffe.cpp:314] Batch 4851, accuracy1+2+3 = 1
I0418 09:30:59.475286  6080 data_layer.cpp:128] Prefetch batch: 124 ms.
I0418 09:30:59.475286  6080 data_layer.cpp:129]      Read time: 93.749 ms.
I0418 09:30:59.475286  6080 data_layer.cpp:130] Transform time: 31.249 ms.
I0418 09:31:00.319070  7952 caffe.cpp:314] Batch 4852, accuracy1+2 = 1
I0418 09:31:00.319070  7952 caffe.cpp:314] Batch 4852, accuracy1+2+3 = 1
I0418 09:31:00.459702  6080 data_layer.cpp:128] Prefetch batch: 140 ms.
I0418 09:31:00.459702  6080 data_layer.cpp:129]      Read time: 125.003 ms.
I0418 09:31:00.459702  6080 data_layer.cpp:130] Transform time: 15.629 ms.
I0418 09:31:01.303485  7952 caffe.cpp:314] Batch 4853, accuracy1+2 = 1
I0418 09:31:01.303485  7952 caffe.cpp:314] Batch 4853, accuracy1+2+3 = 1
I0418 09:31:01.397241  6080 data_layer.cpp:128] Prefetch batch: 93 ms.
I0418 09:31:01.397241  6080 data_layer.cpp:129]      Read time: 0 ms.
I0418 09:31:01.397241  6080 data_layer.cpp:130] Transform time: 93.756 ms.
I0418 09:31:02.272270  7952 caffe.cpp:314] Batch 4854, accuracy1+2 = 1
I0418 09:31:02.272270  7952 caffe.cpp:314] Batch 4854, accuracy1+2+3 = 1
I0418 09:31:02.397277  6080 data_layer.cpp:128] Prefetch batch: 125 ms.
I0418 09:31:02.397277  6080 data_layer.cpp:129]      Read time: 93.751 ms.
I0418 09:31:02.397277  6080 data_layer.cpp:130] Transform time: 31.256 ms.
I0418 09:31:03.241060  7952 caffe.cpp:314] Batch 4855, accuracy1+2 = 1
I0418 09:31:03.241060  7952 caffe.cpp:314] Batch 4855, accuracy1+2+3 = 1
I0418 09:31:03.366063  6080 data_layer.cpp:128] Prefetch batch: 125 ms.
I0418 09:31:03.366063  6080 data_layer.cpp:129]      Read time: 93.757 ms.
I0418 09:31:03.366063  6080 data_layer.cpp:130] Transform time: 31.247 ms.
I0418 09:31:04.225476  7952 caffe.cpp:314] Batch 4856, accuracy1+2 = 1
I0418 09:31:04.225476  7952 caffe.cpp:314] Batch 4856, accuracy1+2+3 = 1
I0418 09:31:04.350488  6080 data_layer.cpp:128] Prefetch batch: 125 ms.
I0418 09:31:04.350488  6080 data_layer.cpp:129]      Read time: 78.127 ms.
I0418 09:31:04.350488  6080 data_layer.cpp:130] Transform time: 46.886 ms.
I0418 09:31:05.194262  7952 caffe.cpp:314] Batch 4857, accuracy1+2 = 1
I0418 09:31:05.194262  7952 caffe.cpp:314] Batch 4857, accuracy1+2+3 = 1
I0418 09:31:05.319267  6080 data_layer.cpp:128] Prefetch batch: 125 ms.
I0418 09:31:05.319267  6080 data_layer.cpp:129]      Read time: 93.754 ms.
I0418 09:31:05.319267  6080 data_layer.cpp:130] Transform time: 31.251 ms.
I0418 09:31:06.163053  7952 caffe.cpp:314] Batch 4858, accuracy1+2 = 1
I0418 09:31:06.163053  7952 caffe.cpp:314] Batch 4858, accuracy1+2+3 = 1
I0418 09:31:06.272433  6080 data_layer.cpp:128] Prefetch batch: 109 ms.
I0418 09:31:06.272433  6080 data_layer.cpp:129]      Read time: 0 ms.
I0418 09:31:06.272433  6080 data_layer.cpp:130] Transform time: 109.38 ms.
I0418 09:31:07.131836  7952 caffe.cpp:314] Batch 4859, accuracy1+2 = 1
I0418 09:31:07.131836  7952 caffe.cpp:314] Batch 4859, accuracy1+2+3 = 1
I0418 09:31:07.272470  6080 data_layer.cpp:128] Prefetch batch: 140 ms.
I0418 09:31:07.272470  6080 data_layer.cpp:129]      Read time: 109.379 ms.
I0418 09:31:07.272470  6080 data_layer.cpp:130] Transform time: 31.255 ms.
I0418 09:31:08.131866  7952 caffe.cpp:314] Batch 4860, accuracy1+2 = 1
I0418 09:31:08.131866  7952 caffe.cpp:314] Batch 4860, accuracy1+2+3 = 1
I0418 09:31:08.272507  6080 data_layer.cpp:128] Prefetch batch: 140 ms.
I0418 09:31:08.272507  6080 data_layer.cpp:129]      Read time: 125.016 ms.
I0418 09:31:08.272507  6080 data_layer.cpp:130] Transform time: 15.625 ms.
I0418 09:31:09.116292  7952 caffe.cpp:314] Batch 4861, accuracy1+2 = 1
I0418 09:31:09.116292  7952 caffe.cpp:314] Batch 4861, accuracy1+2+3 = 1
I0418 09:31:09.241298  6080 data_layer.cpp:128] Prefetch batch: 125 ms.
I0418 09:31:09.241298  6080 data_layer.cpp:129]      Read time: 109.379 ms.
I0418 09:31:09.241298  6080 data_layer.cpp:130] Transform time: 15.627 ms.
I0418 09:31:10.085079  7952 caffe.cpp:314] Batch 4862, accuracy1+2 = 1
I0418 09:31:10.085079  7952 caffe.cpp:314] Batch 4862, accuracy1+2+3 = 1
I0418 09:31:10.210086  6080 data_layer.cpp:128] Prefetch batch: 125 ms.
I0418 09:31:10.210086  6080 data_layer.cpp:129]      Read time: 109.383 ms.
I0418 09:31:10.210086  6080 data_layer.cpp:130] Transform time: 15.624 ms.
I0418 09:31:11.053869  7952 caffe.cpp:314] Batch 4863, accuracy1+2 = 1
I0418 09:31:11.053869  7952 caffe.cpp:314] Batch 4863, accuracy1+2+3 = 1
I0418 09:31:11.163247  6080 data_layer.cpp:128] Prefetch batch: 109 ms.
I0418 09:31:11.163247  6080 data_layer.cpp:129]      Read time: 0 ms.
I0418 09:31:11.163247  6080 data_layer.cpp:130] Transform time: 109.379 ms.
I0418 09:31:12.038280  7952 caffe.cpp:314] Batch 4864, accuracy1+2 = 1
I0418 09:31:12.038280  7952 caffe.cpp:314] Batch 4864, accuracy1+2+3 = 1
I0418 09:31:12.178915  6080 data_layer.cpp:128] Prefetch batch: 140 ms.
I0418 09:31:12.178915  6080 data_layer.cpp:129]      Read time: 109.383 ms.
I0418 09:31:12.178915  6080 data_layer.cpp:130] Transform time: 31.252 ms.
I0418 09:31:13.007077  7952 caffe.cpp:314] Batch 4865, accuracy1+2 = 1
I0418 09:31:13.007077  7952 caffe.cpp:314] Batch 4865, accuracy1+2+3 = 1
I0418 09:31:13.132076  6080 data_layer.cpp:128] Prefetch batch: 124 ms.
I0418 09:31:13.132076  6080 data_layer.cpp:129]      Read time: 93.746 ms.
I0418 09:31:13.132076  6080 data_layer.cpp:130] Transform time: 31.253 ms.
I0418 09:31:14.007112  7952 caffe.cpp:314] Batch 4866, accuracy1+2 = 1
I0418 09:31:14.007112  7952 caffe.cpp:314] Batch 4866, accuracy1+2+3 = 1
I0418 09:31:14.116477  6080 data_layer.cpp:128] Prefetch batch: 109 ms.
I0418 09:31:14.116477  6080 data_layer.cpp:129]      Read time: 0 ms.
I0418 09:31:14.116477  6080 data_layer.cpp:130] Transform time: 109.365 ms.
I0418 09:31:15.007136  7952 caffe.cpp:314] Batch 4867, accuracy1+2 = 1
I0418 09:31:15.007136  7952 caffe.cpp:314] Batch 4867, accuracy1+2+3 = 1
I0418 09:31:15.147768  6080 data_layer.cpp:128] Prefetch batch: 140 ms.
I0418 09:31:15.147768  6080 data_layer.cpp:129]      Read time: 93.754 ms.
I0418 09:31:15.147768  6080 data_layer.cpp:130] Transform time: 46.877 ms.
I0418 09:31:16.022809  7952 caffe.cpp:314] Batch 4868, accuracy1+2 = 1
I0418 09:31:16.022809  7952 caffe.cpp:314] Batch 4868, accuracy1+2+3 = 1
I0418 09:31:16.147816  6080 data_layer.cpp:128] Prefetch batch: 125 ms.
I0418 09:31:16.147816  6080 data_layer.cpp:129]      Read time: 93.747 ms.
I0418 09:31:16.147816  6080 data_layer.cpp:130] Transform time: 31.261 ms.
I0418 09:31:17.007227  7952 caffe.cpp:314] Batch 4869, accuracy1+2 = 1
I0418 09:31:17.007227  7952 caffe.cpp:314] Batch 4869, accuracy1+2+3 = 1
I0418 09:31:17.132230  6080 data_layer.cpp:128] Prefetch batch: 125 ms.
I0418 09:31:17.132230  6080 data_layer.cpp:129]      Read time: 93.753 ms.
I0418 09:31:17.132230  6080 data_layer.cpp:130] Transform time: 31.249 ms.
I0418 09:31:17.976012  7952 caffe.cpp:314] Batch 4870, accuracy1+2 = 1
I0418 09:31:17.976012  7952 caffe.cpp:314] Batch 4870, accuracy1+2+3 = 1
I0418 09:31:18.101017  6080 data_layer.cpp:128] Prefetch batch: 125 ms.
I0418 09:31:18.101017  6080 data_layer.cpp:129]      Read time: 93.756 ms.
I0418 09:31:18.101017  6080 data_layer.cpp:130] Transform time: 31.249 ms.
I0418 09:31:18.944802  7952 caffe.cpp:314] Batch 4871, accuracy1+2 = 1
I0418 09:31:18.944802  7952 caffe.cpp:314] Batch 4871, accuracy1+2+3 = 1
I0418 09:31:19.054180  6080 data_layer.cpp:128] Prefetch batch: 109 ms.
I0418 09:31:19.054180  6080 data_layer.cpp:129]      Read time: 0 ms.
I0418 09:31:19.054180  6080 data_layer.cpp:130] Transform time: 109.378 ms.
I0418 09:31:19.913588  7952 caffe.cpp:314] Batch 4872, accuracy1+2 = 1
I0418 09:31:19.913588  7952 caffe.cpp:314] Batch 4872, accuracy1+2+3 = 1
I0418 09:31:20.054219  6080 data_layer.cpp:128] Prefetch batch: 140 ms.
I0418 09:31:20.054219  6080 data_layer.cpp:129]      Read time: 93.754 ms.
I0418 09:31:20.054219  6080 data_layer.cpp:130] Transform time: 46.878 ms.
I0418 09:31:20.898002  7952 caffe.cpp:314] Batch 4873, accuracy1+2 = 1
I0418 09:31:20.898002  7952 caffe.cpp:314] Batch 4873, accuracy1+2+3 = 1
I0418 09:31:21.069883  6080 data_layer.cpp:128] Prefetch batch: 171 ms.
I0418 09:31:21.069883  6080 data_layer.cpp:129]      Read time: 140.632 ms.
I0418 09:31:21.069883  6080 data_layer.cpp:130] Transform time: 31.249 ms.
I0418 09:31:21.866789  7952 caffe.cpp:314] Batch 4874, accuracy1+2 = 1
I0418 09:31:21.866789  7952 caffe.cpp:314] Batch 4874, accuracy1+2+3 = 1
I0418 09:31:21.991799  6080 data_layer.cpp:128] Prefetch batch: 125 ms.
I0418 09:31:21.991799  6080 data_layer.cpp:129]      Read time: 93.756 ms.
I0418 09:31:21.991799  6080 data_layer.cpp:130] Transform time: 31.254 ms.
I0418 09:31:22.851205  7952 caffe.cpp:314] Batch 4875, accuracy1+2 = 1
I0418 09:31:22.851205  7952 caffe.cpp:314] Batch 4875, accuracy1+2+3 = 1
I0418 09:31:22.944954  6080 data_layer.cpp:128] Prefetch batch: 93 ms.
I0418 09:31:22.944954  6080 data_layer.cpp:129]      Read time: 0 ms.
I0418 09:31:22.944954  6080 data_layer.cpp:130] Transform time: 93.749 ms.
I0418 09:31:23.819993  7952 caffe.cpp:314] Batch 4876, accuracy1+2 = 1
I0418 09:31:23.819993  7952 caffe.cpp:314] Batch 4876, accuracy1+2+3 = 1
I0418 09:31:23.944996  6080 data_layer.cpp:128] Prefetch batch: 125 ms.
I0418 09:31:23.944996  6080 data_layer.cpp:129]      Read time: 109.375 ms.
I0418 09:31:23.944996  6080 data_layer.cpp:130] Transform time: 15.629 ms.
I0418 09:31:24.788779  7952 caffe.cpp:314] Batch 4877, accuracy1+2 = 1
I0418 09:31:24.788779  7952 caffe.cpp:314] Batch 4877, accuracy1+2+3 = 1
I0418 09:31:24.913784  6080 data_layer.cpp:128] Prefetch batch: 125 ms.
I0418 09:31:24.913784  6080 data_layer.cpp:129]      Read time: 93.755 ms.
I0418 09:31:24.913784  6080 data_layer.cpp:130] Transform time: 31.251 ms.
I0418 09:31:25.773190  7952 caffe.cpp:314] Batch 4878, accuracy1+2 = 1
I0418 09:31:25.773190  7952 caffe.cpp:314] Batch 4878, accuracy1+2+3 = 1
I0418 09:31:25.898201  6080 data_layer.cpp:128] Prefetch batch: 125 ms.
I0418 09:31:25.898201  6080 data_layer.cpp:129]      Read time: 78.131 ms.
I0418 09:31:25.898201  6080 data_layer.cpp:130] Transform time: 46.88 ms.
I0418 09:31:26.741986  7952 caffe.cpp:314] Batch 4879, accuracy1+2 = 0
I0418 09:31:26.741986  7952 caffe.cpp:314] Batch 4879, accuracy1+2+3 = 0
I0418 09:31:26.866986  6080 data_layer.cpp:128] Prefetch batch: 124 ms.
I0418 09:31:26.866986  6080 data_layer.cpp:129]      Read time: 93.752 ms.
I0418 09:31:26.866986  6080 data_layer.cpp:130] Transform time: 31.247 ms.
I0418 09:31:27.710768  7952 caffe.cpp:314] Batch 4880, accuracy1+2 = 1
I0418 09:31:27.710768  7952 caffe.cpp:314] Batch 4880, accuracy1+2+3 = 1
I0418 09:31:27.820153  6080 data_layer.cpp:128] Prefetch batch: 109 ms.
I0418 09:31:27.820153  6080 data_layer.cpp:129]      Read time: 0 ms.
I0418 09:31:27.820153  6080 data_layer.cpp:130] Transform time: 109.385 ms.
I0418 09:31:28.679559  7952 caffe.cpp:314] Batch 4881, accuracy1+2 = 1
I0418 09:31:28.679559  7952 caffe.cpp:314] Batch 4881, accuracy1+2+3 = 1
I0418 09:31:28.804561  6080 data_layer.cpp:128] Prefetch batch: 125 ms.
I0418 09:31:28.804561  6080 data_layer.cpp:129]      Read time: 93.749 ms.
I0418 09:31:28.804561  6080 data_layer.cpp:130] Transform time: 31.253 ms.
I0418 09:31:29.663974  7952 caffe.cpp:314] Batch 4882, accuracy1+2 = 1
I0418 09:31:29.663974  7952 caffe.cpp:314] Batch 4882, accuracy1+2+3 = 1
I0418 09:31:29.788974  6080 data_layer.cpp:128] Prefetch batch: 125 ms.
I0418 09:31:29.788974  6080 data_layer.cpp:129]      Read time: 78.129 ms.
I0418 09:31:29.788974  6080 data_layer.cpp:130] Transform time: 46.871 ms.
I0418 09:31:30.632761  7952 caffe.cpp:314] Batch 4883, accuracy1+2 = 1
I0418 09:31:30.632761  7952 caffe.cpp:314] Batch 4883, accuracy1+2+3 = 1
I0418 09:31:30.757762  6080 data_layer.cpp:128] Prefetch batch: 125 ms.
I0418 09:31:30.757762  6080 data_layer.cpp:129]      Read time: 93.761 ms.
I0418 09:31:30.757762  6080 data_layer.cpp:130] Transform time: 31.24 ms.
I0418 09:31:31.601544  7952 caffe.cpp:314] Batch 4884, accuracy1+2 = 1
I0418 09:31:31.601544  7952 caffe.cpp:314] Batch 4884, accuracy1+2+3 = 1
I0418 09:31:31.710937  6080 data_layer.cpp:128] Prefetch batch: 109 ms.
I0418 09:31:31.710937  6080 data_layer.cpp:129]      Read time: 0 ms.
I0418 09:31:31.710937  6080 data_layer.cpp:130] Transform time: 109.392 ms.
I0418 09:31:32.570338  7952 caffe.cpp:314] Batch 4885, accuracy1+2 = 1
I0418 09:31:32.570338  7952 caffe.cpp:314] Batch 4885, accuracy1+2+3 = 1
I0418 09:31:32.695343  6080 data_layer.cpp:128] Prefetch batch: 125 ms.
I0418 09:31:32.695343  6080 data_layer.cpp:129]      Read time: 93.753 ms.
I0418 09:31:32.695343  6080 data_layer.cpp:130] Transform time: 31.253 ms.
I0418 09:31:33.554746  7952 caffe.cpp:314] Batch 4886, accuracy1+2 = 1
I0418 09:31:33.554746  7952 caffe.cpp:314] Batch 4886, accuracy1+2+3 = 1
I0418 09:31:33.679756  6080 data_layer.cpp:128] Prefetch batch: 125 ms.
I0418 09:31:33.679756  6080 data_layer.cpp:129]      Read time: 78.128 ms.
I0418 09:31:33.679756  6080 data_layer.cpp:130] Transform time: 46.882 ms.
I0418 09:31:34.523540  7952 caffe.cpp:314] Batch 4887, accuracy1+2 = 1
I0418 09:31:34.523540  7952 caffe.cpp:314] Batch 4887, accuracy1+2+3 = 1
I0418 09:31:34.648541  6080 data_layer.cpp:128] Prefetch batch: 125 ms.
I0418 09:31:34.648541  6080 data_layer.cpp:129]      Read time: 93.752 ms.
I0418 09:31:34.648541  6080 data_layer.cpp:130] Transform time: 31.249 ms.
I0418 09:31:35.492321  7952 caffe.cpp:314] Batch 4888, accuracy1+2 = 1
I0418 09:31:35.492321  7952 caffe.cpp:314] Batch 4888, accuracy1+2+3 = 1
I0418 09:31:35.617339  6080 data_layer.cpp:128] Prefetch batch: 125 ms.
I0418 09:31:35.617339  6080 data_layer.cpp:129]      Read time: 93.756 ms.
I0418 09:31:35.617339  6080 data_layer.cpp:130] Transform time: 31.262 ms.
I0418 09:31:36.476742  7952 caffe.cpp:314] Batch 4889, accuracy1+2 = 1
I0418 09:31:36.476742  7952 caffe.cpp:314] Batch 4889, accuracy1+2+3 = 1
I0418 09:31:36.601740  6080 data_layer.cpp:128] Prefetch batch: 124 ms.
I0418 09:31:36.601740  6080 data_layer.cpp:129]      Read time: 78.124 ms.
I0418 09:31:36.601740  6080 data_layer.cpp:130] Transform time: 46.875 ms.
I0418 09:31:37.445529  7952 caffe.cpp:314] Batch 4890, accuracy1+2 = 1
I0418 09:31:37.445529  7952 caffe.cpp:314] Batch 4890, accuracy1+2+3 = 1
I0418 09:31:37.554904  6080 data_layer.cpp:128] Prefetch batch: 109 ms.
I0418 09:31:37.554904  6080 data_layer.cpp:129]      Read time: 0 ms.
I0418 09:31:37.554904  6080 data_layer.cpp:130] Transform time: 109.375 ms.
I0418 09:31:38.414314  7952 caffe.cpp:314] Batch 4891, accuracy1+2 = 0
I0418 09:31:38.414314  7952 caffe.cpp:314] Batch 4891, accuracy1+2+3 = 0
I0418 09:31:38.539412  6080 data_layer.cpp:128] Prefetch batch: 125 ms.
I0418 09:31:38.539412  6080 data_layer.cpp:129]      Read time: 93.752 ms.
I0418 09:31:38.539412  6080 data_layer.cpp:130] Transform time: 31.346 ms.
I0418 09:31:39.383105  7952 caffe.cpp:314] Batch 4892, accuracy1+2 = 1
I0418 09:31:39.383105  7952 caffe.cpp:314] Batch 4892, accuracy1+2+3 = 1
I0418 09:31:39.508107  6080 data_layer.cpp:128] Prefetch batch: 125 ms.
I0418 09:31:39.508107  6080 data_layer.cpp:129]      Read time: 93.755 ms.
I0418 09:31:39.508107  6080 data_layer.cpp:130] Transform time: 31.248 ms.
I0418 09:31:40.367516  7952 caffe.cpp:314] Batch 4893, accuracy1+2 = 1
I0418 09:31:40.367516  7952 caffe.cpp:314] Batch 4893, accuracy1+2+3 = 1
I0418 09:31:40.492525  6080 data_layer.cpp:128] Prefetch batch: 125 ms.
I0418 09:31:40.492525  6080 data_layer.cpp:129]      Read time: 78.141 ms.
I0418 09:31:40.492525  6080 data_layer.cpp:130] Transform time: 46.868 ms.
I0418 09:31:41.336308  7952 caffe.cpp:314] Batch 4894, accuracy1+2 = 1
I0418 09:31:41.336308  7952 caffe.cpp:314] Batch 4894, accuracy1+2+3 = 1
I0418 09:31:41.445685  6080 data_layer.cpp:128] Prefetch batch: 109 ms.
I0418 09:31:41.445685  6080 data_layer.cpp:129]      Read time: 0 ms.
I0418 09:31:41.445685  6080 data_layer.cpp:130] Transform time: 109.378 ms.
I0418 09:31:42.320721  7952 caffe.cpp:314] Batch 4895, accuracy1+2 = 1
I0418 09:31:42.320721  7952 caffe.cpp:314] Batch 4895, accuracy1+2+3 = 1
I0418 09:31:42.445724  6080 data_layer.cpp:128] Prefetch batch: 125 ms.
I0418 09:31:42.445724  6080 data_layer.cpp:129]      Read time: 78.124 ms.
I0418 09:31:42.445724  6080 data_layer.cpp:130] Transform time: 46.878 ms.
I0418 09:31:43.289508  7952 caffe.cpp:314] Batch 4896, accuracy1+2 = 0
I0418 09:31:43.289508  7952 caffe.cpp:314] Batch 4896, accuracy1+2+3 = 0
I0418 09:31:43.414512  6080 data_layer.cpp:128] Prefetch batch: 125 ms.
I0418 09:31:43.414512  6080 data_layer.cpp:129]      Read time: 93.75 ms.
I0418 09:31:43.414512  6080 data_layer.cpp:130] Transform time: 31.254 ms.
I0418 09:31:44.273917  7952 caffe.cpp:314] Batch 4897, accuracy1+2 = 0
I0418 09:31:44.273917  7952 caffe.cpp:314] Batch 4897, accuracy1+2+3 = 0
I0418 09:31:44.398928  6080 data_layer.cpp:128] Prefetch batch: 125 ms.
I0418 09:31:44.398928  6080 data_layer.cpp:129]      Read time: 78.13 ms.
I0418 09:31:44.398928  6080 data_layer.cpp:130] Transform time: 46.881 ms.
I0418 09:31:45.242708  7952 caffe.cpp:314] Batch 4898, accuracy1+2 = 1
I0418 09:31:45.242708  7952 caffe.cpp:314] Batch 4898, accuracy1+2+3 = 1
I0418 09:31:45.352092  6080 data_layer.cpp:128] Prefetch batch: 109 ms.
I0418 09:31:45.352092  6080 data_layer.cpp:129]      Read time: 0 ms.
I0418 09:31:45.352092  6080 data_layer.cpp:130] Transform time: 109.383 ms.
I0418 09:31:46.227125  7952 caffe.cpp:314] Batch 4899, accuracy1+2 = 0
I0418 09:31:46.227125  7952 caffe.cpp:314] Batch 4899, accuracy1+2+3 = 0
I0418 09:31:46.352125  6080 data_layer.cpp:128] Prefetch batch: 125 ms.
I0418 09:31:46.352125  6080 data_layer.cpp:129]      Read time: 78.123 ms.
I0418 09:31:46.352125  6080 data_layer.cpp:130] Transform time: 46.877 ms.
I0418 09:31:47.195909  7952 caffe.cpp:314] Batch 4900, accuracy1+2 = 1
I0418 09:31:47.195909  7952 caffe.cpp:314] Batch 4900, accuracy1+2+3 = 1
I0418 09:31:47.320917  6080 data_layer.cpp:128] Prefetch batch: 125 ms.
I0418 09:31:47.320917  6080 data_layer.cpp:129]      Read time: 93.753 ms.
I0418 09:31:47.320917  6080 data_layer.cpp:130] Transform time: 31.256 ms.
I0418 09:31:48.164701  7952 caffe.cpp:314] Batch 4901, accuracy1+2 = 1
I0418 09:31:48.164701  7952 caffe.cpp:314] Batch 4901, accuracy1+2+3 = 1
I0418 09:31:48.289705  6080 data_layer.cpp:128] Prefetch batch: 125 ms.
I0418 09:31:48.289705  6080 data_layer.cpp:129]      Read time: 93.748 ms.
I0418 09:31:48.289705  6080 data_layer.cpp:130] Transform time: 31.255 ms.
I0418 09:31:49.149108  7952 caffe.cpp:314] Batch 4902, accuracy1+2 = 1
I0418 09:31:49.149108  7952 caffe.cpp:314] Batch 4902, accuracy1+2+3 = 1
I0418 09:31:49.274119  6080 data_layer.cpp:128] Prefetch batch: 125 ms.
I0418 09:31:49.274119  6080 data_layer.cpp:129]      Read time: 78.132 ms.
I0418 09:31:49.274119  6080 data_layer.cpp:130] Transform time: 46.879 ms.
I0418 09:31:50.117898  7952 caffe.cpp:314] Batch 4903, accuracy1+2 = 1
I0418 09:31:50.117898  7952 caffe.cpp:314] Batch 4903, accuracy1+2+3 = 1
I0418 09:31:50.242905  6080 data_layer.cpp:128] Prefetch batch: 125 ms.
I0418 09:31:50.242905  6080 data_layer.cpp:129]      Read time: 93.757 ms.
I0418 09:31:50.242905  6080 data_layer.cpp:130] Transform time: 31.25 ms.
I0418 09:31:51.102310  7952 caffe.cpp:314] Batch 4904, accuracy1+2 = 0
I0418 09:31:51.102310  7952 caffe.cpp:314] Batch 4904, accuracy1+2+3 = 0
I0418 09:31:51.196061  6080 data_layer.cpp:128] Prefetch batch: 93 ms.
I0418 09:31:51.196061  6080 data_layer.cpp:129]      Read time: 0 ms.
I0418 09:31:51.196061  6080 data_layer.cpp:130] Transform time: 93.751 ms.
I0418 09:31:52.117967  7952 caffe.cpp:314] Batch 4905, accuracy1+2 = 1
I0418 09:31:52.117967  7952 caffe.cpp:314] Batch 4905, accuracy1+2+3 = 1
I0418 09:31:52.242982  6080 data_layer.cpp:128] Prefetch batch: 125 ms.
I0418 09:31:52.242982  6080 data_layer.cpp:129]      Read time: 78.132 ms.
I0418 09:31:52.242982  6080 data_layer.cpp:130] Transform time: 46.883 ms.
I0418 09:31:53.118013  7952 caffe.cpp:314] Batch 4906, accuracy1+2 = 1
I0418 09:31:53.118013  7952 caffe.cpp:314] Batch 4906, accuracy1+2+3 = 1
I0418 09:31:53.243021  6080 data_layer.cpp:128] Prefetch batch: 125 ms.
I0418 09:31:53.243021  6080 data_layer.cpp:129]      Read time: 93.759 ms.
I0418 09:31:53.243021  6080 data_layer.cpp:130] Transform time: 31.248 ms.
I0418 09:31:54.086802  7952 caffe.cpp:314] Batch 4907, accuracy1+2 = 1
I0418 09:31:54.086802  7952 caffe.cpp:314] Batch 4907, accuracy1+2+3 = 1
I0418 09:31:54.211809  6080 data_layer.cpp:128] Prefetch batch: 125 ms.
I0418 09:31:54.211809  6080 data_layer.cpp:129]      Read time: 93.753 ms.
I0418 09:31:54.211809  6080 data_layer.cpp:130] Transform time: 31.255 ms.
I0418 09:31:55.071215  7952 caffe.cpp:314] Batch 4908, accuracy1+2 = 1
I0418 09:31:55.071215  7952 caffe.cpp:314] Batch 4908, accuracy1+2+3 = 1
I0418 09:31:55.164974  6080 data_layer.cpp:128] Prefetch batch: 93 ms.
I0418 09:31:55.164974  6080 data_layer.cpp:129]      Read time: 0 ms.
I0418 09:31:55.164974  6080 data_layer.cpp:130] Transform time: 93.759 ms.
I0418 09:31:56.040004  7952 caffe.cpp:314] Batch 4909, accuracy1+2 = 1
I0418 09:31:56.040004  7952 caffe.cpp:314] Batch 4909, accuracy1+2+3 = 1
I0418 09:31:56.165011  6080 data_layer.cpp:128] Prefetch batch: 125 ms.
I0418 09:31:56.165011  6080 data_layer.cpp:129]      Read time: 109.382 ms.
I0418 09:31:56.165011  6080 data_layer.cpp:130] Transform time: 15.625 ms.
I0418 09:31:57.008796  7952 caffe.cpp:314] Batch 4910, accuracy1+2 = 1
I0418 09:31:57.008796  7952 caffe.cpp:314] Batch 4910, accuracy1+2+3 = 1
I0418 09:31:57.133797  6080 data_layer.cpp:128] Prefetch batch: 125 ms.
I0418 09:31:57.133797  6080 data_layer.cpp:129]      Read time: 78.123 ms.
I0418 09:31:57.133797  6080 data_layer.cpp:130] Transform time: 46.878 ms.
I0418 09:31:57.977583  7952 caffe.cpp:314] Batch 4911, accuracy1+2 = 1
I0418 09:31:57.977583  7952 caffe.cpp:314] Batch 4911, accuracy1+2+3 = 1
I0418 09:31:58.102586  6080 data_layer.cpp:128] Prefetch batch: 125 ms.
I0418 09:31:58.102586  6080 data_layer.cpp:129]      Read time: 93.749 ms.
I0418 09:31:58.102586  6080 data_layer.cpp:130] Transform time: 31.253 ms.
I0418 09:31:58.961998  7952 caffe.cpp:314] Batch 4912, accuracy1+2 = 1
I0418 09:31:58.961998  7952 caffe.cpp:314] Batch 4912, accuracy1+2+3 = 1
I0418 09:31:59.055747  6080 data_layer.cpp:128] Prefetch batch: 93 ms.
I0418 09:31:59.055747  6080 data_layer.cpp:129]      Read time: 0 ms.
I0418 09:31:59.055747  6080 data_layer.cpp:130] Transform time: 93.749 ms.
I0418 09:31:59.930783  7952 caffe.cpp:314] Batch 4913, accuracy1+2 = 1
I0418 09:31:59.930783  7952 caffe.cpp:314] Batch 4913, accuracy1+2+3 = 1
I0418 09:32:00.055791  6080 data_layer.cpp:128] Prefetch batch: 125 ms.
I0418 09:32:00.055791  6080 data_layer.cpp:129]      Read time: 93.766 ms.
I0418 09:32:00.055791  6080 data_layer.cpp:130] Transform time: 31.243 ms.
I0418 09:32:00.899572  7952 caffe.cpp:314] Batch 4914, accuracy1+2 = 1
I0418 09:32:00.899572  7952 caffe.cpp:314] Batch 4914, accuracy1+2+3 = 1
I0418 09:32:01.024580  6080 data_layer.cpp:128] Prefetch batch: 125 ms.
I0418 09:32:01.024580  6080 data_layer.cpp:129]      Read time: 93.752 ms.
I0418 09:32:01.024580  6080 data_layer.cpp:130] Transform time: 31.255 ms.
I0418 09:32:01.868360  7952 caffe.cpp:314] Batch 4915, accuracy1+2 = 1
I0418 09:32:01.868360  7952 caffe.cpp:314] Batch 4915, accuracy1+2+3 = 1
I0418 09:32:02.008987  6080 data_layer.cpp:128] Prefetch batch: 140 ms.
I0418 09:32:02.008987  6080 data_layer.cpp:129]      Read time: 93.754 ms.
I0418 09:32:02.008987  6080 data_layer.cpp:130] Transform time: 46.873 ms.
I0418 09:32:02.852777  7952 caffe.cpp:314] Batch 4916, accuracy1+2 = 1
I0418 09:32:02.852777  7952 caffe.cpp:314] Batch 4916, accuracy1+2+3 = 1
I0418 09:32:02.977776  6080 data_layer.cpp:128] Prefetch batch: 124 ms.
I0418 09:32:02.977776  6080 data_layer.cpp:129]      Read time: 93.75 ms.
I0418 09:32:02.977776  6080 data_layer.cpp:130] Transform time: 31.248 ms.
I0418 09:32:03.821564  7952 caffe.cpp:314] Batch 4917, accuracy1+2 = 1
I0418 09:32:03.821564  7952 caffe.cpp:314] Batch 4917, accuracy1+2+3 = 1
I0418 09:32:03.930943  6080 data_layer.cpp:128] Prefetch batch: 109 ms.
I0418 09:32:03.930943  6080 data_layer.cpp:129]      Read time: 0 ms.
I0418 09:32:03.930943  6080 data_layer.cpp:130] Transform time: 109.378 ms.
I0418 09:32:04.790347  7952 caffe.cpp:314] Batch 4918, accuracy1+2 = 1
I0418 09:32:04.790347  7952 caffe.cpp:314] Batch 4918, accuracy1+2+3 = 1
I0418 09:32:04.930980  6080 data_layer.cpp:128] Prefetch batch: 140 ms.
I0418 09:32:04.930980  6080 data_layer.cpp:129]      Read time: 93.756 ms.
I0418 09:32:04.930980  6080 data_layer.cpp:130] Transform time: 46.877 ms.
I0418 09:32:05.774766  7952 caffe.cpp:314] Batch 4919, accuracy1+2 = 1
I0418 09:32:05.774766  7952 caffe.cpp:314] Batch 4919, accuracy1+2+3 = 1
I0418 09:32:05.899765  6080 data_layer.cpp:128] Prefetch batch: 124 ms.
I0418 09:32:05.899765  6080 data_layer.cpp:129]      Read time: 93.751 ms.
I0418 09:32:05.899765  6080 data_layer.cpp:130] Transform time: 31.247 ms.
I0418 09:32:06.743547  7952 caffe.cpp:314] Batch 4920, accuracy1+2 = 1
I0418 09:32:06.743547  7952 caffe.cpp:314] Batch 4920, accuracy1+2+3 = 1
I0418 09:32:06.868552  6080 data_layer.cpp:128] Prefetch batch: 125 ms.
I0418 09:32:06.868552  6080 data_layer.cpp:129]      Read time: 93.757 ms.
I0418 09:32:06.868552  6080 data_layer.cpp:130] Transform time: 31.248 ms.
I0418 09:32:07.727965  7952 caffe.cpp:314] Batch 4921, accuracy1+2 = 1
I0418 09:32:07.727965  7952 caffe.cpp:314] Batch 4921, accuracy1+2+3 = 1
I0418 09:32:07.852972  6080 data_layer.cpp:128] Prefetch batch: 125 ms.
I0418 09:32:07.852972  6080 data_layer.cpp:129]      Read time: 78.124 ms.
I0418 09:32:07.852972  6080 data_layer.cpp:130] Transform time: 46.883 ms.
I0418 09:32:08.696753  7952 caffe.cpp:314] Batch 4922, accuracy1+2 = 1
I0418 09:32:08.696753  7952 caffe.cpp:314] Batch 4922, accuracy1+2+3 = 1
I0418 09:32:08.821755  6080 data_layer.cpp:128] Prefetch batch: 125 ms.
I0418 09:32:08.821755  6080 data_layer.cpp:129]      Read time: 93.75 ms.
I0418 09:32:08.821755  6080 data_layer.cpp:130] Transform time: 31.252 ms.
I0418 09:32:09.665541  7952 caffe.cpp:314] Batch 4923, accuracy1+2 = 1
I0418 09:32:09.665541  7952 caffe.cpp:314] Batch 4923, accuracy1+2+3 = 1
I0418 09:32:09.790549  6080 data_layer.cpp:128] Prefetch batch: 125 ms.
I0418 09:32:09.790549  6080 data_layer.cpp:129]      Read time: 93.747 ms.
I0418 09:32:09.790549  6080 data_layer.cpp:130] Transform time: 31.26 ms.
I0418 09:32:10.649955  7952 caffe.cpp:314] Batch 4924, accuracy1+2 = 1
I0418 09:32:10.649955  7952 caffe.cpp:314] Batch 4924, accuracy1+2+3 = 1
I0418 09:32:10.759340  6080 data_layer.cpp:128] Prefetch batch: 109 ms.
I0418 09:32:10.759340  6080 data_layer.cpp:129]      Read time: 0 ms.
I0418 09:32:10.759340  6080 data_layer.cpp:130] Transform time: 109.384 ms.
I0418 09:32:11.618744  7952 caffe.cpp:314] Batch 4925, accuracy1+2 = 1
I0418 09:32:11.618744  7952 caffe.cpp:314] Batch 4925, accuracy1+2+3 = 1
I0418 09:32:11.743748  6080 data_layer.cpp:128] Prefetch batch: 125 ms.
I0418 09:32:11.743748  6080 data_layer.cpp:129]      Read time: 93.755 ms.
I0418 09:32:11.743748  6080 data_layer.cpp:130] Transform time: 31.249 ms.
I0418 09:32:12.603159  7952 caffe.cpp:314] Batch 4926, accuracy1+2 = 1
I0418 09:32:12.603159  7952 caffe.cpp:314] Batch 4926, accuracy1+2+3 = 1
I0418 09:32:12.728164  6080 data_layer.cpp:128] Prefetch batch: 125 ms.
I0418 09:32:12.728164  6080 data_layer.cpp:129]      Read time: 93.748 ms.
I0418 09:32:12.728164  6080 data_layer.cpp:130] Transform time: 31.257 ms.
I0418 09:32:13.587569  7952 caffe.cpp:314] Batch 4927, accuracy1+2 = 1
I0418 09:32:13.587569  7952 caffe.cpp:314] Batch 4927, accuracy1+2+3 = 1
I0418 09:32:13.712570  6080 data_layer.cpp:128] Prefetch batch: 125 ms.
I0418 09:32:13.712570  6080 data_layer.cpp:129]      Read time: 78.129 ms.
I0418 09:32:13.712570  6080 data_layer.cpp:130] Transform time: 46.872 ms.
I0418 09:32:14.571983  7952 caffe.cpp:314] Batch 4928, accuracy1+2 = 1
I0418 09:32:14.571983  7952 caffe.cpp:314] Batch 4928, accuracy1+2+3 = 1
I0418 09:32:14.696988  6080 data_layer.cpp:128] Prefetch batch: 125 ms.
I0418 09:32:14.696988  6080 data_layer.cpp:129]      Read time: 93.753 ms.
I0418 09:32:14.696988  6080 data_layer.cpp:130] Transform time: 31.252 ms.
I0418 09:32:15.572018  7952 caffe.cpp:314] Batch 4929, accuracy1+2 = 1
I0418 09:32:15.572018  7952 caffe.cpp:314] Batch 4929, accuracy1+2+3 = 1
I0418 09:32:15.665776  6080 data_layer.cpp:128] Prefetch batch: 93 ms.
I0418 09:32:15.665776  6080 data_layer.cpp:129]      Read time: 0 ms.
I0418 09:32:15.665776  6080 data_layer.cpp:130] Transform time: 93.758 ms.
I0418 09:32:16.556426  7952 caffe.cpp:314] Batch 4930, accuracy1+2 = 1
I0418 09:32:16.556426  7952 caffe.cpp:314] Batch 4930, accuracy1+2+3 = 1
I0418 09:32:16.681437  6080 data_layer.cpp:128] Prefetch batch: 125 ms.
I0418 09:32:16.681437  6080 data_layer.cpp:129]      Read time: 93.761 ms.
I0418 09:32:16.681437  6080 data_layer.cpp:130] Transform time: 31.251 ms.
I0418 09:32:17.540850  7952 caffe.cpp:314] Batch 4931, accuracy1+2 = 1
I0418 09:32:17.540850  7952 caffe.cpp:314] Batch 4931, accuracy1+2+3 = 1
I0418 09:32:17.665851  6080 data_layer.cpp:128] Prefetch batch: 125 ms.
I0418 09:32:17.665851  6080 data_layer.cpp:129]      Read time: 93.753 ms.
I0418 09:32:17.665851  6080 data_layer.cpp:130] Transform time: 31.248 ms.
I0418 09:32:18.525262  7952 caffe.cpp:314] Batch 4932, accuracy1+2 = 1
I0418 09:32:18.525262  7952 caffe.cpp:314] Batch 4932, accuracy1+2+3 = 1
I0418 09:32:18.650271  6080 data_layer.cpp:128] Prefetch batch: 125 ms.
I0418 09:32:18.650271  6080 data_layer.cpp:129]      Read time: 93.752 ms.
I0418 09:32:18.650271  6080 data_layer.cpp:130] Transform time: 31.257 ms.
I0418 09:32:19.509673  7952 caffe.cpp:314] Batch 4933, accuracy1+2 = 1
I0418 09:32:19.509673  7952 caffe.cpp:314] Batch 4933, accuracy1+2+3 = 1
I0418 09:32:19.634685  6080 data_layer.cpp:128] Prefetch batch: 125 ms.
I0418 09:32:19.634685  6080 data_layer.cpp:129]      Read time: 93.753 ms.
I0418 09:32:19.634685  6080 data_layer.cpp:130] Transform time: 31.259 ms.
I0418 09:32:20.494107  7952 caffe.cpp:314] Batch 4934, accuracy1+2 = 0
I0418 09:32:20.494107  7952 caffe.cpp:314] Batch 4934, accuracy1+2+3 = 0
I0418 09:32:20.603472  6080 data_layer.cpp:128] Prefetch batch: 109 ms.
I0418 09:32:20.603472  6080 data_layer.cpp:129]      Read time: 0 ms.
I0418 09:32:20.603472  6080 data_layer.cpp:130] Transform time: 109.366 ms.
I0418 09:32:21.478500  7952 caffe.cpp:314] Batch 4935, accuracy1+2 = 1
I0418 09:32:21.478500  7952 caffe.cpp:314] Batch 4935, accuracy1+2+3 = 1
I0418 09:32:21.603512  6080 data_layer.cpp:128] Prefetch batch: 125 ms.
I0418 09:32:21.603512  6080 data_layer.cpp:129]      Read time: 93.754 ms.
I0418 09:32:21.603512  6080 data_layer.cpp:130] Transform time: 31.257 ms.
I0418 09:32:22.462920  7952 caffe.cpp:314] Batch 4936, accuracy1+2 = 1
I0418 09:32:22.462920  7952 caffe.cpp:314] Batch 4936, accuracy1+2+3 = 1
I0418 09:32:22.587923  6080 data_layer.cpp:128] Prefetch batch: 125 ms.
I0418 09:32:22.587923  6080 data_layer.cpp:129]      Read time: 93.748 ms.
I0418 09:32:22.587923  6080 data_layer.cpp:130] Transform time: 31.254 ms.
I0418 09:32:23.447329  7952 caffe.cpp:314] Batch 4937, accuracy1+2 = 1
I0418 09:32:23.447329  7952 caffe.cpp:314] Batch 4937, accuracy1+2+3 = 1
I0418 09:32:23.572335  6080 data_layer.cpp:128] Prefetch batch: 125 ms.
I0418 09:32:23.572335  6080 data_layer.cpp:129]      Read time: 93.752 ms.
I0418 09:32:23.572335  6080 data_layer.cpp:130] Transform time: 31.253 ms.
I0418 09:32:24.431747  7952 caffe.cpp:314] Batch 4938, accuracy1+2 = 1
I0418 09:32:24.431747  7952 caffe.cpp:314] Batch 4938, accuracy1+2+3 = 1
I0418 09:32:24.556740  6080 data_layer.cpp:128] Prefetch batch: 124 ms.
I0418 09:32:24.556740  6080 data_layer.cpp:129]      Read time: 93.741 ms.
I0418 09:32:24.556740  6080 data_layer.cpp:130] Transform time: 31.251 ms.
I0418 09:32:25.447407  7952 caffe.cpp:314] Batch 4939, accuracy1+2 = 1
I0418 09:32:25.447407  7952 caffe.cpp:314] Batch 4939, accuracy1+2+3 = 1
I0418 09:32:25.572410  6080 data_layer.cpp:128] Prefetch batch: 125 ms.
I0418 09:32:25.572410  6080 data_layer.cpp:129]      Read time: 93.762 ms.
I0418 09:32:25.572410  6080 data_layer.cpp:130] Transform time: 31.242 ms.
I0418 09:32:26.416198  7952 caffe.cpp:314] Batch 4940, accuracy1+2 = 1
I0418 09:32:26.416198  7952 caffe.cpp:314] Batch 4940, accuracy1+2+3 = 1
I0418 09:32:26.541203  6080 data_layer.cpp:128] Prefetch batch: 125 ms.
I0418 09:32:26.541203  6080 data_layer.cpp:129]      Read time: 93.756 ms.
I0418 09:32:26.541203  6080 data_layer.cpp:130] Transform time: 31.249 ms.
I0418 09:32:27.416234  7952 caffe.cpp:314] Batch 4941, accuracy1+2 = 0
I0418 09:32:27.416234  7952 caffe.cpp:314] Batch 4941, accuracy1+2+3 = 0
I0418 09:32:27.509979  6080 data_layer.cpp:128] Prefetch batch: 93 ms.
I0418 09:32:27.509979  6080 data_layer.cpp:129]      Read time: 0 ms.
I0418 09:32:27.509979  6080 data_layer.cpp:130] Transform time: 93.745 ms.
I0418 09:32:28.400645  7952 caffe.cpp:314] Batch 4942, accuracy1+2 = 1
I0418 09:32:28.400645  7952 caffe.cpp:314] Batch 4942, accuracy1+2+3 = 1
I0418 09:32:28.525704  6080 data_layer.cpp:128] Prefetch batch: 125 ms.
I0418 09:32:28.525704  6080 data_layer.cpp:129]      Read time: 93.749 ms.
I0418 09:32:28.525704  6080 data_layer.cpp:130] Transform time: 31.31 ms.
I0418 09:32:29.416319  7952 caffe.cpp:314] Batch 4943, accuracy1+2 = 0
I0418 09:32:29.416319  7952 caffe.cpp:314] Batch 4943, accuracy1+2+3 = 0
I0418 09:32:29.541316  6080 data_layer.cpp:128] Prefetch batch: 124 ms.
I0418 09:32:29.541316  6080 data_layer.cpp:129]      Read time: 93.752 ms.
I0418 09:32:29.541316  6080 data_layer.cpp:130] Transform time: 31.245 ms.
I0418 09:32:30.416352  7952 caffe.cpp:314] Batch 4944, accuracy1+2 = 1
I0418 09:32:30.416352  7952 caffe.cpp:314] Batch 4944, accuracy1+2+3 = 1
I0418 09:32:30.541359  6080 data_layer.cpp:128] Prefetch batch: 125 ms.
I0418 09:32:30.541359  6080 data_layer.cpp:129]      Read time: 93.753 ms.
I0418 09:32:30.541359  6080 data_layer.cpp:130] Transform time: 31.254 ms.
I0418 09:32:31.400765  7952 caffe.cpp:314] Batch 4945, accuracy1+2 = 1
I0418 09:32:31.400765  7952 caffe.cpp:314] Batch 4945, accuracy1+2+3 = 1
I0418 09:32:31.525771  6080 data_layer.cpp:128] Prefetch batch: 125 ms.
I0418 09:32:31.525771  6080 data_layer.cpp:129]      Read time: 93.762 ms.
I0418 09:32:31.525771  6080 data_layer.cpp:130] Transform time: 31.244 ms.
I0418 09:32:32.369556  7952 caffe.cpp:314] Batch 4946, accuracy1+2 = 1
I0418 09:32:32.369556  7952 caffe.cpp:314] Batch 4946, accuracy1+2+3 = 1
I0418 09:32:32.478934  6080 data_layer.cpp:128] Prefetch batch: 109 ms.
I0418 09:32:32.478934  6080 data_layer.cpp:129]      Read time: 0 ms.
I0418 09:32:32.478934  6080 data_layer.cpp:130] Transform time: 109.377 ms.
I0418 09:32:33.353966  7952 caffe.cpp:314] Batch 4947, accuracy1+2 = 1
I0418 09:32:33.353966  7952 caffe.cpp:314] Batch 4947, accuracy1+2+3 = 1
I0418 09:32:33.478977  6080 data_layer.cpp:128] Prefetch batch: 125 ms.
I0418 09:32:33.478977  6080 data_layer.cpp:129]      Read time: 93.76 ms.
I0418 09:32:33.478977  6080 data_layer.cpp:130] Transform time: 31.251 ms.
I0418 09:32:34.322757  7952 caffe.cpp:314] Batch 4948, accuracy1+2 = 1
I0418 09:32:34.322757  7952 caffe.cpp:314] Batch 4948, accuracy1+2+3 = 1
I0418 09:32:34.447759  6080 data_layer.cpp:128] Prefetch batch: 125 ms.
I0418 09:32:34.447759  6080 data_layer.cpp:129]      Read time: 93.754 ms.
I0418 09:32:34.447759  6080 data_layer.cpp:130] Transform time: 31.249 ms.
I0418 09:32:35.307170  7952 caffe.cpp:314] Batch 4949, accuracy1+2 = 0
I0418 09:32:35.307170  7952 caffe.cpp:314] Batch 4949, accuracy1+2+3 = 0
I0418 09:32:35.432179  6080 data_layer.cpp:128] Prefetch batch: 125 ms.
I0418 09:32:35.432179  6080 data_layer.cpp:129]      Read time: 78.127 ms.
I0418 09:32:35.432179  6080 data_layer.cpp:130] Transform time: 46.882 ms.
I0418 09:32:36.275959  7952 caffe.cpp:314] Batch 4950, accuracy1+2 = 1
I0418 09:32:36.275959  7952 caffe.cpp:314] Batch 4950, accuracy1+2+3 = 1
I0418 09:32:36.400965  6080 data_layer.cpp:128] Prefetch batch: 125 ms.
I0418 09:32:36.400965  6080 data_layer.cpp:129]      Read time: 93.771 ms.
I0418 09:32:36.400965  6080 data_layer.cpp:130] Transform time: 31.236 ms.
I0418 09:32:37.260370  7952 caffe.cpp:314] Batch 4951, accuracy1+2 = 1
I0418 09:32:37.260370  7952 caffe.cpp:314] Batch 4951, accuracy1+2+3 = 1
I0418 09:32:37.369753  6080 data_layer.cpp:128] Prefetch batch: 109 ms.
I0418 09:32:37.369753  6080 data_layer.cpp:129]      Read time: 0 ms.
I0418 09:32:37.369753  6080 data_layer.cpp:130] Transform time: 109.384 ms.
I0418 09:32:38.244787  7952 caffe.cpp:314] Batch 4952, accuracy1+2 = 1
I0418 09:32:38.244787  7952 caffe.cpp:314] Batch 4952, accuracy1+2+3 = 1
I0418 09:32:38.369789  6080 data_layer.cpp:128] Prefetch batch: 125 ms.
I0418 09:32:38.369789  6080 data_layer.cpp:129]      Read time: 78.124 ms.
I0418 09:32:38.369789  6080 data_layer.cpp:130] Transform time: 46.878 ms.
I0418 09:32:39.213572  7952 caffe.cpp:314] Batch 4953, accuracy1+2 = 1
I0418 09:32:39.213572  7952 caffe.cpp:314] Batch 4953, accuracy1+2+3 = 1
I0418 09:32:39.338583  6080 data_layer.cpp:128] Prefetch batch: 125 ms.
I0418 09:32:39.338583  6080 data_layer.cpp:129]      Read time: 93.756 ms.
I0418 09:32:39.338583  6080 data_layer.cpp:130] Transform time: 31.255 ms.
I0418 09:32:40.197988  7952 caffe.cpp:314] Batch 4954, accuracy1+2 = 1
I0418 09:32:40.197988  7952 caffe.cpp:314] Batch 4954, accuracy1+2+3 = 1
I0418 09:32:40.322993  6080 data_layer.cpp:128] Prefetch batch: 125 ms.
I0418 09:32:40.322993  6080 data_layer.cpp:129]      Read time: 93.758 ms.
I0418 09:32:40.322993  6080 data_layer.cpp:130] Transform time: 31.247 ms.
I0418 09:32:41.166766  7952 caffe.cpp:314] Batch 4955, accuracy1+2 = 1
I0418 09:32:41.166766  7952 caffe.cpp:314] Batch 4955, accuracy1+2+3 = 1
I0418 09:32:41.276155  6080 data_layer.cpp:128] Prefetch batch: 109 ms.
I0418 09:32:41.276155  6080 data_layer.cpp:129]      Read time: 0 ms.
I0418 09:32:41.276155  6080 data_layer.cpp:130] Transform time: 109.389 ms.
I0418 09:32:42.151188  7952 caffe.cpp:314] Batch 4956, accuracy1+2 = 1
I0418 09:32:42.151188  7952 caffe.cpp:314] Batch 4956, accuracy1+2+3 = 1
I0418 09:32:42.276204  6080 data_layer.cpp:128] Prefetch batch: 125 ms.
I0418 09:32:42.276204  6080 data_layer.cpp:129]      Read time: 78.133 ms.
I0418 09:32:42.276204  6080 data_layer.cpp:130] Transform time: 46.883 ms.
I0418 09:32:43.119979  7952 caffe.cpp:314] Batch 4957, accuracy1+2 = 1
I0418 09:32:43.119979  7952 caffe.cpp:314] Batch 4957, accuracy1+2+3 = 1
I0418 09:32:43.244981  6080 data_layer.cpp:128] Prefetch batch: 125 ms.
I0418 09:32:43.244981  6080 data_layer.cpp:129]      Read time: 93.751 ms.
I0418 09:32:43.244981  6080 data_layer.cpp:130] Transform time: 31.25 ms.
I0418 09:32:44.088764  7952 caffe.cpp:314] Batch 4958, accuracy1+2 = 1
I0418 09:32:44.088764  7952 caffe.cpp:314] Batch 4958, accuracy1+2+3 = 1
I0418 09:32:44.213760  6080 data_layer.cpp:128] Prefetch batch: 124 ms.
I0418 09:32:44.213760  6080 data_layer.cpp:129]      Read time: 93.745 ms.
I0418 09:32:44.213760  6080 data_layer.cpp:130] Transform time: 31.251 ms.
I0418 09:32:45.073173  7952 caffe.cpp:314] Batch 4959, accuracy1+2 = 1
I0418 09:32:45.073173  7952 caffe.cpp:314] Batch 4959, accuracy1+2+3 = 1
I0418 09:32:45.198189  6080 data_layer.cpp:128] Prefetch batch: 125 ms.
I0418 09:32:45.198189  6080 data_layer.cpp:129]      Read time: 93.763 ms.
I0418 09:32:45.198189  6080 data_layer.cpp:130] Transform time: 31.252 ms.
I0418 09:32:46.057592  7952 caffe.cpp:314] Batch 4960, accuracy1+2 = 1
I0418 09:32:46.057592  7952 caffe.cpp:314] Batch 4960, accuracy1+2+3 = 1
I0418 09:32:46.151360  6080 data_layer.cpp:128] Prefetch batch: 93 ms.
I0418 09:32:46.151360  6080 data_layer.cpp:129]      Read time: 0 ms.
I0418 09:32:46.151360  6080 data_layer.cpp:130] Transform time: 93.767 ms.
I0418 09:32:47.042008  7952 caffe.cpp:314] Batch 4961, accuracy1+2 = 1
I0418 09:32:47.042008  7952 caffe.cpp:314] Batch 4961, accuracy1+2+3 = 1
I0418 09:32:47.167012  6080 data_layer.cpp:128] Prefetch batch: 125 ms.
I0418 09:32:47.167012  6080 data_layer.cpp:129]      Read time: 93.758 ms.
I0418 09:32:47.167012  6080 data_layer.cpp:130] Transform time: 31.246 ms.
I0418 09:32:48.010797  7952 caffe.cpp:314] Batch 4962, accuracy1+2 = 1
I0418 09:32:48.010797  7952 caffe.cpp:314] Batch 4962, accuracy1+2+3 = 1
I0418 09:32:48.135797  6080 data_layer.cpp:128] Prefetch batch: 125 ms.
I0418 09:32:48.135797  6080 data_layer.cpp:129]      Read time: 93.748 ms.
I0418 09:32:48.135797  6080 data_layer.cpp:130] Transform time: 31.252 ms.
I0418 09:32:48.995206  7952 caffe.cpp:314] Batch 4963, accuracy1+2 = 1
I0418 09:32:48.995206  7952 caffe.cpp:314] Batch 4963, accuracy1+2+3 = 1
I0418 09:32:49.120209  6080 data_layer.cpp:128] Prefetch batch: 125 ms.
I0418 09:32:49.120209  6080 data_layer.cpp:129]      Read time: 93.756 ms.
I0418 09:32:49.120209  6080 data_layer.cpp:130] Transform time: 31.247 ms.
I0418 09:32:49.979619  7952 caffe.cpp:314] Batch 4964, accuracy1+2 = 1
I0418 09:32:49.979619  7952 caffe.cpp:314] Batch 4964, accuracy1+2+3 = 1
I0418 09:32:50.104624  6080 data_layer.cpp:128] Prefetch batch: 125 ms.
I0418 09:32:50.104624  6080 data_layer.cpp:129]      Read time: 78.133 ms.
I0418 09:32:50.104624  6080 data_layer.cpp:130] Transform time: 46.873 ms.
I0418 09:32:50.948408  7952 caffe.cpp:314] Batch 4965, accuracy1+2 = 1
I0418 09:32:50.948408  7952 caffe.cpp:314] Batch 4965, accuracy1+2+3 = 1
I0418 09:32:51.073412  6080 data_layer.cpp:128] Prefetch batch: 125 ms.
I0418 09:32:51.073412  6080 data_layer.cpp:129]      Read time: 93.754 ms.
I0418 09:32:51.073412  6080 data_layer.cpp:130] Transform time: 31.25 ms.
I0418 09:32:51.917206  7952 caffe.cpp:314] Batch 4966, accuracy1+2 = 1
I0418 09:32:51.917206  7952 caffe.cpp:314] Batch 4966, accuracy1+2+3 = 1
I0418 09:32:52.026576  6080 data_layer.cpp:128] Prefetch batch: 109 ms.
I0418 09:32:52.026576  6080 data_layer.cpp:129]      Read time: 0 ms.
I0418 09:32:52.026576  6080 data_layer.cpp:130] Transform time: 109.37 ms.
I0418 09:32:52.901608  7952 caffe.cpp:314] Batch 4967, accuracy1+2 = 1
I0418 09:32:52.901608  7952 caffe.cpp:314] Batch 4967, accuracy1+2+3 = 1
I0418 09:32:53.026613  6080 data_layer.cpp:128] Prefetch batch: 125 ms.
I0418 09:32:53.026613  6080 data_layer.cpp:129]      Read time: 78.128 ms.
I0418 09:32:53.026613  6080 data_layer.cpp:130] Transform time: 46.877 ms.
I0418 09:32:53.870398  7952 caffe.cpp:314] Batch 4968, accuracy1+2 = 1
I0418 09:32:53.870398  7952 caffe.cpp:314] Batch 4968, accuracy1+2+3 = 1
I0418 09:32:53.995405  6080 data_layer.cpp:128] Prefetch batch: 125 ms.
I0418 09:32:53.995405  6080 data_layer.cpp:129]      Read time: 93.757 ms.
I0418 09:32:53.995405  6080 data_layer.cpp:130] Transform time: 31.25 ms.
I0418 09:32:54.839192  7952 caffe.cpp:314] Batch 4969, accuracy1+2 = 1
I0418 09:32:54.839192  7952 caffe.cpp:314] Batch 4969, accuracy1+2+3 = 1
I0418 09:32:54.964195  6080 data_layer.cpp:128] Prefetch batch: 125 ms.
I0418 09:32:54.964195  6080 data_layer.cpp:129]      Read time: 93.749 ms.
I0418 09:32:54.964195  6080 data_layer.cpp:130] Transform time: 31.253 ms.
I0418 09:32:55.823604  7952 caffe.cpp:314] Batch 4970, accuracy1+2 = 1
I0418 09:32:55.823604  7952 caffe.cpp:314] Batch 4970, accuracy1+2+3 = 1
I0418 09:32:55.917351  6080 data_layer.cpp:128] Prefetch batch: 93 ms.
I0418 09:32:55.917351  6080 data_layer.cpp:129]      Read time: 0 ms.
I0418 09:32:55.917351  6080 data_layer.cpp:130] Transform time: 93.746 ms.
I0418 09:32:56.792387  7952 caffe.cpp:314] Batch 4971, accuracy1+2 = 0
I0418 09:32:56.792387  7952 caffe.cpp:314] Batch 4971, accuracy1+2+3 = 1
I0418 09:32:56.917392  6080 data_layer.cpp:128] Prefetch batch: 125 ms.
I0418 09:32:56.917392  6080 data_layer.cpp:129]      Read time: 93.754 ms.
I0418 09:32:56.917392  6080 data_layer.cpp:130] Transform time: 31.251 ms.
I0418 09:32:57.761173  7952 caffe.cpp:314] Batch 4972, accuracy1+2 = 1
I0418 09:32:57.761173  7952 caffe.cpp:314] Batch 4972, accuracy1+2+3 = 1
I0418 09:32:57.886181  6080 data_layer.cpp:128] Prefetch batch: 125 ms.
I0418 09:32:57.886181  6080 data_layer.cpp:129]      Read time: 93.759 ms.
I0418 09:32:57.886181  6080 data_layer.cpp:130] Transform time: 31.249 ms.
I0418 09:32:58.729967  7952 caffe.cpp:314] Batch 4973, accuracy1+2 = 1
I0418 09:32:58.729967  7952 caffe.cpp:314] Batch 4973, accuracy1+2+3 = 1
I0418 09:32:58.854971  6080 data_layer.cpp:128] Prefetch batch: 125 ms.
I0418 09:32:58.854971  6080 data_layer.cpp:129]      Read time: 46.872 ms.
I0418 09:32:58.854971  6080 data_layer.cpp:130] Transform time: 78.132 ms.
I0418 09:32:59.714377  7952 caffe.cpp:314] Batch 4974, accuracy1+2 = 1
I0418 09:32:59.714377  7952 caffe.cpp:314] Batch 4974, accuracy1+2+3 = 1
I0418 09:32:59.839383  6080 data_layer.cpp:128] Prefetch batch: 125 ms.
I0418 09:32:59.839383  6080 data_layer.cpp:129]      Read time: 78.13 ms.
I0418 09:32:59.839383  6080 data_layer.cpp:130] Transform time: 46.876 ms.
I0418 09:33:00.683164  7952 caffe.cpp:314] Batch 4975, accuracy1+2 = 1
I0418 09:33:00.683164  7952 caffe.cpp:314] Batch 4975, accuracy1+2+3 = 1
I0418 09:33:00.808169  6080 data_layer.cpp:128] Prefetch batch: 125 ms.
I0418 09:33:00.808169  6080 data_layer.cpp:129]      Read time: 62.503 ms.
I0418 09:33:00.808169  6080 data_layer.cpp:130] Transform time: 62.502 ms.
I0418 09:33:01.651958  7952 caffe.cpp:314] Batch 4976, accuracy1+2 = 1
I0418 09:33:01.651958  7952 caffe.cpp:314] Batch 4976, accuracy1+2+3 = 1
I0418 09:33:01.776957  6080 data_layer.cpp:128] Prefetch batch: 124 ms.
I0418 09:33:01.776957  6080 data_layer.cpp:129]      Read time: 93.752 ms.
I0418 09:33:01.776957  6080 data_layer.cpp:130] Transform time: 31.246 ms.
I0418 09:33:02.636364  7952 caffe.cpp:314] Batch 4977, accuracy1+2 = 1
I0418 09:33:02.636364  7952 caffe.cpp:314] Batch 4977, accuracy1+2+3 = 1
I0418 09:33:02.761369  6080 data_layer.cpp:128] Prefetch batch: 125 ms.
I0418 09:33:02.761369  6080 data_layer.cpp:129]      Read time: 78.128 ms.
I0418 09:33:02.761369  6080 data_layer.cpp:130] Transform time: 46.877 ms.
I0418 09:33:03.605154  7952 caffe.cpp:314] Batch 4978, accuracy1+2 = 1
I0418 09:33:03.605154  7952 caffe.cpp:314] Batch 4978, accuracy1+2+3 = 1
I0418 09:33:03.730161  6080 data_layer.cpp:128] Prefetch batch: 125 ms.
I0418 09:33:03.730161  6080 data_layer.cpp:129]      Read time: 93.757 ms.
I0418 09:33:03.730161  6080 data_layer.cpp:130] Transform time: 31.251 ms.
I0418 09:33:04.573943  7952 caffe.cpp:314] Batch 4979, accuracy1+2 = 1
I0418 09:33:04.573943  7952 caffe.cpp:314] Batch 4979, accuracy1+2+3 = 1
I0418 09:33:04.683323  6080 data_layer.cpp:128] Prefetch batch: 109 ms.
I0418 09:33:04.683323  6080 data_layer.cpp:129]      Read time: 0 ms.
I0418 09:33:04.683323  6080 data_layer.cpp:130] Transform time: 109.38 ms.
I0418 09:33:05.589599  7952 caffe.cpp:314] Batch 4980, accuracy1+2 = 1
I0418 09:33:05.589599  7952 caffe.cpp:314] Batch 4980, accuracy1+2+3 = 1
I0418 09:33:05.714604  6080 data_layer.cpp:128] Prefetch batch: 125 ms.
I0418 09:33:05.714604  6080 data_layer.cpp:129]      Read time: 78.128 ms.
I0418 09:33:05.714604  6080 data_layer.cpp:130] Transform time: 46.877 ms.
I0418 09:33:06.605264  7952 caffe.cpp:314] Batch 4981, accuracy1+2 = 1
I0418 09:33:06.605264  7952 caffe.cpp:314] Batch 4981, accuracy1+2+3 = 1
I0418 09:33:06.730268  6080 data_layer.cpp:128] Prefetch batch: 125 ms.
I0418 09:33:06.730268  6080 data_layer.cpp:129]      Read time: 78.126 ms.
I0418 09:33:06.730268  6080 data_layer.cpp:130] Transform time: 46.877 ms.
I0418 09:33:07.574062  7952 caffe.cpp:314] Batch 4982, accuracy1+2 = 1
I0418 09:33:07.574062  7952 caffe.cpp:314] Batch 4982, accuracy1+2+3 = 1
I0418 09:33:07.699064  6080 data_layer.cpp:128] Prefetch batch: 125 ms.
I0418 09:33:07.699064  6080 data_layer.cpp:129]      Read time: 93.752 ms.
I0418 09:33:07.699064  6080 data_layer.cpp:130] Transform time: 31.249 ms.
I0418 09:33:08.558476  7952 caffe.cpp:314] Batch 4983, accuracy1+2 = 1
I0418 09:33:08.558476  7952 caffe.cpp:314] Batch 4983, accuracy1+2+3 = 1
I0418 09:33:08.683482  6080 data_layer.cpp:128] Prefetch batch: 125 ms.
I0418 09:33:08.683482  6080 data_layer.cpp:129]      Read time: 93.753 ms.
I0418 09:33:08.683482  6080 data_layer.cpp:130] Transform time: 31.253 ms.
I0418 09:33:09.527264  7952 caffe.cpp:314] Batch 4984, accuracy1+2 = 1
I0418 09:33:09.527264  7952 caffe.cpp:314] Batch 4984, accuracy1+2+3 = 1
I0418 09:33:09.652269  6080 data_layer.cpp:128] Prefetch batch: 125 ms.
I0418 09:33:09.652269  6080 data_layer.cpp:129]      Read time: 93.749 ms.
I0418 09:33:09.652269  6080 data_layer.cpp:130] Transform time: 31.256 ms.
I0418 09:33:10.511675  7952 caffe.cpp:314] Batch 4985, accuracy1+2 = 0
I0418 09:33:10.511675  7952 caffe.cpp:314] Batch 4985, accuracy1+2+3 = 0
I0418 09:33:10.636690  6080 data_layer.cpp:128] Prefetch batch: 125 ms.
I0418 09:33:10.636690  6080 data_layer.cpp:129]      Read time: 78.13 ms.
I0418 09:33:10.636690  6080 data_layer.cpp:130] Transform time: 46.885 ms.
I0418 09:33:11.480465  7952 caffe.cpp:314] Batch 4986, accuracy1+2 = 1
I0418 09:33:11.480465  7952 caffe.cpp:314] Batch 4986, accuracy1+2+3 = 1
I0418 09:33:11.589844  6080 data_layer.cpp:128] Prefetch batch: 109 ms.
I0418 09:33:11.589844  6080 data_layer.cpp:129]      Read time: 0 ms.
I0418 09:33:11.589844  6080 data_layer.cpp:130] Transform time: 109.379 ms.
I0418 09:33:12.449250  7952 caffe.cpp:314] Batch 4987, accuracy1+2 = 1
I0418 09:33:12.449250  7952 caffe.cpp:314] Batch 4987, accuracy1+2+3 = 1
I0418 09:33:12.574249  6080 data_layer.cpp:128] Prefetch batch: 124 ms.
I0418 09:33:12.574249  6080 data_layer.cpp:129]      Read time: 93.761 ms.
I0418 09:33:12.574249  6080 data_layer.cpp:130] Transform time: 31.237 ms.
I0418 09:33:13.449295  7952 caffe.cpp:314] Batch 4988, accuracy1+2 = 1
I0418 09:33:13.449295  7952 caffe.cpp:314] Batch 4988, accuracy1+2+3 = 1
I0418 09:33:13.574300  6080 data_layer.cpp:128] Prefetch batch: 125 ms.
I0418 09:33:13.574300  6080 data_layer.cpp:129]      Read time: 93.756 ms.
I0418 09:33:13.574300  6080 data_layer.cpp:130] Transform time: 31.249 ms.
I0418 09:33:14.433703  7952 caffe.cpp:314] Batch 4989, accuracy1+2 = 0
I0418 09:33:14.433703  7952 caffe.cpp:314] Batch 4989, accuracy1+2+3 = 0
I0418 09:33:14.558707  6080 data_layer.cpp:128] Prefetch batch: 125 ms.
I0418 09:33:14.558707  6080 data_layer.cpp:129]      Read time: 93.759 ms.
I0418 09:33:14.558707  6080 data_layer.cpp:130] Transform time: 31.245 ms.
I0418 09:33:15.402490  7952 caffe.cpp:314] Batch 4990, accuracy1+2 = 0
I0418 09:33:15.402490  7952 caffe.cpp:314] Batch 4990, accuracy1+2+3 = 0
I0418 09:33:15.527499  6080 data_layer.cpp:128] Prefetch batch: 125 ms.
I0418 09:33:15.527499  6080 data_layer.cpp:129]      Read time: 93.761 ms.
I0418 09:33:15.527499  6080 data_layer.cpp:130] Transform time: 31.248 ms.
I0418 09:33:16.371282  7952 caffe.cpp:314] Batch 4991, accuracy1+2 = 1
I0418 09:33:16.371282  7952 caffe.cpp:314] Batch 4991, accuracy1+2+3 = 1
I0418 09:33:16.480661  6080 data_layer.cpp:128] Prefetch batch: 109 ms.
I0418 09:33:16.480661  6080 data_layer.cpp:129]      Read time: 0 ms.
I0418 09:33:16.480661  6080 data_layer.cpp:130] Transform time: 109.379 ms.
I0418 09:33:17.355692  7952 caffe.cpp:314] Batch 4992, accuracy1+2 = 1
I0418 09:33:17.355692  7952 caffe.cpp:314] Batch 4992, accuracy1+2+3 = 1
I0418 09:33:17.480702  6080 data_layer.cpp:128] Prefetch batch: 125 ms.
I0418 09:33:17.480702  6080 data_layer.cpp:129]      Read time: 93.756 ms.
I0418 09:33:17.480702  6080 data_layer.cpp:130] Transform time: 31.254 ms.
I0418 09:33:18.324486  7952 caffe.cpp:314] Batch 4993, accuracy1+2 = 0
I0418 09:33:18.324486  7952 caffe.cpp:314] Batch 4993, accuracy1+2+3 = 0
I0418 09:33:18.449486  6080 data_layer.cpp:128] Prefetch batch: 125 ms.
I0418 09:33:18.449486  6080 data_layer.cpp:129]      Read time: 93.75 ms.
I0418 09:33:18.449486  6080 data_layer.cpp:130] Transform time: 31.25 ms.
I0418 09:33:19.308898  7952 caffe.cpp:314] Batch 4994, accuracy1+2 = 1
I0418 09:33:19.308898  7952 caffe.cpp:314] Batch 4994, accuracy1+2+3 = 1
I0418 09:33:19.433907  6080 data_layer.cpp:128] Prefetch batch: 125 ms.
I0418 09:33:19.433907  6080 data_layer.cpp:129]      Read time: 93.751 ms.
I0418 09:33:19.433907  6080 data_layer.cpp:130] Transform time: 31.257 ms.
I0418 09:33:20.277685  7952 caffe.cpp:314] Batch 4995, accuracy1+2 = 1
I0418 09:33:20.277685  7952 caffe.cpp:314] Batch 4995, accuracy1+2+3 = 1
I0418 09:33:20.402686  6080 data_layer.cpp:128] Prefetch batch: 125 ms.
I0418 09:33:20.402686  6080 data_layer.cpp:129]      Read time: 93.754 ms.
I0418 09:33:20.402686  6080 data_layer.cpp:130] Transform time: 31.247 ms.
I0418 09:33:21.246469  7952 caffe.cpp:314] Batch 4996, accuracy1+2 = 1
I0418 09:33:21.246469  7952 caffe.cpp:314] Batch 4996, accuracy1+2+3 = 1
I0418 09:33:21.355850  6080 data_layer.cpp:128] Prefetch batch: 109 ms.
I0418 09:33:21.355850  6080 data_layer.cpp:129]      Read time: 0 ms.
I0418 09:33:21.355850  6080 data_layer.cpp:130] Transform time: 109.381 ms.
I0418 09:33:22.230887  7952 caffe.cpp:314] Batch 4997, accuracy1+2 = 1
I0418 09:33:22.230887  7952 caffe.cpp:314] Batch 4997, accuracy1+2+3 = 1
I0418 09:33:22.355890  6080 data_layer.cpp:128] Prefetch batch: 125 ms.
I0418 09:33:22.355890  6080 data_layer.cpp:129]      Read time: 78.131 ms.
I0418 09:33:22.355890  6080 data_layer.cpp:130] Transform time: 46.872 ms.
I0418 09:33:23.199678  7952 caffe.cpp:314] Batch 4998, accuracy1+2 = 1
I0418 09:33:23.199678  7952 caffe.cpp:314] Batch 4998, accuracy1+2+3 = 1
I0418 09:33:23.324682  6080 data_layer.cpp:128] Prefetch batch: 125 ms.
I0418 09:33:23.324682  6080 data_layer.cpp:129]      Read time: 93.752 ms.
I0418 09:33:23.324682  6080 data_layer.cpp:130] Transform time: 31.252 ms.
I0418 09:33:24.168459  7952 caffe.cpp:314] Batch 4999, accuracy1+2 = 0
I0418 09:33:24.168459  7952 caffe.cpp:314] Batch 4999, accuracy1+2+3 = 0
I0418 09:33:24.277845  6080 data_layer.cpp:128] Prefetch batch: 109 ms.
I0418 09:33:24.277845  6080 data_layer.cpp:129]      Read time: 0 ms.
I0418 09:33:24.277845  6080 data_layer.cpp:130] Transform time: 109.386 ms.
I0418 09:33:25.152876  7952 caffe.cpp:314] Batch 5000, accuracy1+2 = 1
I0418 09:33:25.152876  7952 caffe.cpp:314] Batch 5000, accuracy1+2+3 = 1
I0418 09:33:25.277881  6080 data_layer.cpp:128] Prefetch batch: 125 ms.
I0418 09:33:25.277881  6080 data_layer.cpp:129]      Read time: 78.133 ms.
I0418 09:33:25.277881  6080 data_layer.cpp:130] Transform time: 46.872 ms.
I0418 09:33:26.121666  7952 caffe.cpp:314] Batch 5001, accuracy1+2 = 1
I0418 09:33:26.121666  7952 caffe.cpp:314] Batch 5001, accuracy1+2+3 = 1
I0418 09:33:26.246673  6080 data_layer.cpp:128] Prefetch batch: 125 ms.
I0418 09:33:26.246673  6080 data_layer.cpp:129]      Read time: 93.748 ms.
I0418 09:33:26.246673  6080 data_layer.cpp:130] Transform time: 31.259 ms.
I0418 09:33:27.090450  7952 caffe.cpp:314] Batch 5002, accuracy1+2 = 1
I0418 09:33:27.090450  7952 caffe.cpp:314] Batch 5002, accuracy1+2+3 = 1
I0418 09:33:27.199832  6080 data_layer.cpp:128] Prefetch batch: 109 ms.
I0418 09:33:27.199832  6080 data_layer.cpp:129]      Read time: 0 ms.
I0418 09:33:27.199832  6080 data_layer.cpp:130] Transform time: 109.383 ms.
I0418 09:33:28.059239  7952 caffe.cpp:314] Batch 5003, accuracy1+2 = 1
I0418 09:33:28.059239  7952 caffe.cpp:314] Batch 5003, accuracy1+2+3 = 1
I0418 09:33:28.184249  6080 data_layer.cpp:128] Prefetch batch: 125 ms.
I0418 09:33:28.184249  6080 data_layer.cpp:129]      Read time: 93.754 ms.
I0418 09:33:28.184249  6080 data_layer.cpp:130] Transform time: 31.256 ms.
I0418 09:33:29.043659  7952 caffe.cpp:314] Batch 5004, accuracy1+2 = 1
I0418 09:33:29.043659  7952 caffe.cpp:314] Batch 5004, accuracy1+2+3 = 1
I0418 09:33:29.168658  6080 data_layer.cpp:128] Prefetch batch: 124 ms.
I0418 09:33:29.168658  6080 data_layer.cpp:129]      Read time: 93.755 ms.
I0418 09:33:29.168658  6080 data_layer.cpp:130] Transform time: 31.243 ms.
I0418 09:33:30.012442  7952 caffe.cpp:314] Batch 5005, accuracy1+2 = 1
I0418 09:33:30.012442  7952 caffe.cpp:314] Batch 5005, accuracy1+2+3 = 1
I0418 09:33:30.137446  6080 data_layer.cpp:128] Prefetch batch: 125 ms.
I0418 09:33:30.137446  6080 data_layer.cpp:129]      Read time: 93.754 ms.
I0418 09:33:30.137446  6080 data_layer.cpp:130] Transform time: 31.25 ms.
I0418 09:33:30.981232  7952 caffe.cpp:314] Batch 5006, accuracy1+2 = 1
I0418 09:33:30.981232  7952 caffe.cpp:314] Batch 5006, accuracy1+2+3 = 1
I0418 09:33:31.090607  6080 data_layer.cpp:128] Prefetch batch: 109 ms.
I0418 09:33:31.090607  6080 data_layer.cpp:129]      Read time: 0 ms.
I0418 09:33:31.090607  6080 data_layer.cpp:130] Transform time: 109.375 ms.
I0418 09:33:31.950018  7952 caffe.cpp:314] Batch 5007, accuracy1+2 = 1
I0418 09:33:31.950018  7952 caffe.cpp:314] Batch 5007, accuracy1+2+3 = 1
I0418 09:33:32.075027  6080 data_layer.cpp:128] Prefetch batch: 125 ms.
I0418 09:33:32.075027  6080 data_layer.cpp:129]      Read time: 93.75 ms.
I0418 09:33:32.075027  6080 data_layer.cpp:130] Transform time: 31.259 ms.
I0418 09:33:32.934437  7952 caffe.cpp:314] Batch 5008, accuracy1+2 = 1
I0418 09:33:32.934437  7952 caffe.cpp:314] Batch 5008, accuracy1+2+3 = 1
I0418 09:33:33.059440  6080 data_layer.cpp:128] Prefetch batch: 125 ms.
I0418 09:33:33.059440  6080 data_layer.cpp:129]      Read time: 93.748 ms.
I0418 09:33:33.059440  6080 data_layer.cpp:130] Transform time: 31.255 ms.
I0418 09:33:33.903224  7952 caffe.cpp:314] Batch 5009, accuracy1+2 = 1
I0418 09:33:33.903224  7952 caffe.cpp:314] Batch 5009, accuracy1+2+3 = 1
I0418 09:33:34.028223  6080 data_layer.cpp:128] Prefetch batch: 124 ms.
I0418 09:33:34.028223  6080 data_layer.cpp:129]      Read time: 93.748 ms.
I0418 09:33:34.028223  6080 data_layer.cpp:130] Transform time: 31.251 ms.
I0418 09:33:34.872007  7952 caffe.cpp:314] Batch 5010, accuracy1+2 = 1
I0418 09:33:34.872007  7952 caffe.cpp:314] Batch 5010, accuracy1+2+3 = 1
I0418 09:33:34.981385  6080 data_layer.cpp:128] Prefetch batch: 109 ms.
I0418 09:33:34.981385  6080 data_layer.cpp:129]      Read time: 0 ms.
I0418 09:33:34.981385  6080 data_layer.cpp:130] Transform time: 109.378 ms.
I0418 09:33:35.856422  7952 caffe.cpp:314] Batch 5011, accuracy1+2 = 1
I0418 09:33:35.856422  7952 caffe.cpp:314] Batch 5011, accuracy1+2+3 = 1
I0418 09:33:35.981428  6080 data_layer.cpp:128] Prefetch batch: 125 ms.
I0418 09:33:35.981428  6080 data_layer.cpp:129]      Read time: 93.752 ms.
I0418 09:33:35.981428  6080 data_layer.cpp:130] Transform time: 31.254 ms.
I0418 09:33:36.825212  7952 caffe.cpp:314] Batch 5012, accuracy1+2 = 1
I0418 09:33:36.825212  7952 caffe.cpp:314] Batch 5012, accuracy1+2+3 = 1
I0418 09:33:36.950204  6080 data_layer.cpp:128] Prefetch batch: 124 ms.
I0418 09:33:36.950204  6080 data_layer.cpp:129]      Read time: 93.75 ms.
I0418 09:33:36.950204  6080 data_layer.cpp:130] Transform time: 31.243 ms.
I0418 09:33:37.825248  7952 caffe.cpp:314] Batch 5013, accuracy1+2 = 1
I0418 09:33:37.825248  7952 caffe.cpp:314] Batch 5013, accuracy1+2+3 = 1
I0418 09:33:37.950255  6080 data_layer.cpp:128] Prefetch batch: 125 ms.
I0418 09:33:37.950255  6080 data_layer.cpp:129]      Read time: 93.751 ms.
I0418 09:33:37.950255  6080 data_layer.cpp:130] Transform time: 31.256 ms.
I0418 09:33:38.809659  7952 caffe.cpp:314] Batch 5014, accuracy1+2 = 1
I0418 09:33:38.809659  7952 caffe.cpp:314] Batch 5014, accuracy1+2+3 = 1
I0418 09:33:38.934670  6080 data_layer.cpp:128] Prefetch batch: 125 ms.
I0418 09:33:38.934670  6080 data_layer.cpp:129]      Read time: 78.133 ms.
I0418 09:33:38.934670  6080 data_layer.cpp:130] Transform time: 46.879 ms.
I0418 09:33:39.778448  7952 caffe.cpp:314] Batch 5015, accuracy1+2 = 1
I0418 09:33:39.778448  7952 caffe.cpp:314] Batch 5015, accuracy1+2+3 = 1
I0418 09:33:39.903453  6080 data_layer.cpp:128] Prefetch batch: 125 ms.
I0418 09:33:39.903453  6080 data_layer.cpp:129]      Read time: 93.753 ms.
I0418 09:33:39.903453  6080 data_layer.cpp:130] Transform time: 31.252 ms.
I0418 09:33:40.747243  7952 caffe.cpp:314] Batch 5016, accuracy1+2 = 1
I0418 09:33:40.747243  7952 caffe.cpp:314] Batch 5016, accuracy1+2+3 = 1
I0418 09:33:40.856614  6080 data_layer.cpp:128] Prefetch batch: 109 ms.
I0418 09:33:40.856614  6080 data_layer.cpp:129]      Read time: 0 ms.
I0418 09:33:40.856614  6080 data_layer.cpp:130] Transform time: 109.371 ms.
I0418 09:33:41.716030  7952 caffe.cpp:314] Batch 5017, accuracy1+2 = 1
I0418 09:33:41.716030  7952 caffe.cpp:314] Batch 5017, accuracy1+2+3 = 1
I0418 09:33:41.841029  6080 data_layer.cpp:128] Prefetch batch: 124 ms.
I0418 09:33:41.841029  6080 data_layer.cpp:129]      Read time: 93.752 ms.
I0418 09:33:41.841029  6080 data_layer.cpp:130] Transform time: 31.247 ms.
I0418 09:33:42.700443  7952 caffe.cpp:314] Batch 5018, accuracy1+2 = 0
I0418 09:33:42.700443  7952 caffe.cpp:314] Batch 5018, accuracy1+2+3 = 0
I0418 09:33:42.825466  6080 data_layer.cpp:128] Prefetch batch: 125 ms.
I0418 09:33:42.825466  6080 data_layer.cpp:129]      Read time: 93.743 ms.
I0418 09:33:42.825466  6080 data_layer.cpp:130] Transform time: 31.281 ms.
I0418 09:33:43.700469  7952 caffe.cpp:314] Batch 5019, accuracy1+2 = 0
I0418 09:33:43.700469  7952 caffe.cpp:314] Batch 5019, accuracy1+2+3 = 0
I0418 09:33:43.825474  6080 data_layer.cpp:128] Prefetch batch: 125 ms.
I0418 09:33:43.825474  6080 data_layer.cpp:129]      Read time: 93.753 ms.
I0418 09:33:43.825474  6080 data_layer.cpp:130] Transform time: 31.251 ms.
I0418 09:33:44.716133  7952 caffe.cpp:314] Batch 5020, accuracy1+2 = 0
I0418 09:33:44.716133  7952 caffe.cpp:314] Batch 5020, accuracy1+2+3 = 0
I0418 09:33:44.841138  6080 data_layer.cpp:128] Prefetch batch: 125 ms.
I0418 09:33:44.841138  6080 data_layer.cpp:129]      Read time: 93.754 ms.
I0418 09:33:44.841138  6080 data_layer.cpp:130] Transform time: 31.251 ms.
I0418 09:33:45.716187  7952 caffe.cpp:314] Batch 5021, accuracy1+2 = 1
I0418 09:33:45.716187  7952 caffe.cpp:314] Batch 5021, accuracy1+2+3 = 1
I0418 09:33:45.825558  6080 data_layer.cpp:128] Prefetch batch: 109 ms.
I0418 09:33:45.825558  6080 data_layer.cpp:129]      Read time: 0 ms.
I0418 09:33:45.825558  6080 data_layer.cpp:130] Transform time: 109.372 ms.
I0418 09:33:46.700592  7952 caffe.cpp:314] Batch 5022, accuracy1+2 = 1
I0418 09:33:46.700592  7952 caffe.cpp:314] Batch 5022, accuracy1+2+3 = 1
I0418 09:33:46.825598  6080 data_layer.cpp:128] Prefetch batch: 125 ms.
I0418 09:33:46.825598  6080 data_layer.cpp:129]      Read time: 93.755 ms.
I0418 09:33:46.825598  6080 data_layer.cpp:130] Transform time: 31.251 ms.
I0418 09:33:47.669381  7952 caffe.cpp:314] Batch 5023, accuracy1+2 = 1
I0418 09:33:47.669381  7952 caffe.cpp:314] Batch 5023, accuracy1+2+3 = 1
I0418 09:33:47.794389  6080 data_layer.cpp:128] Prefetch batch: 125 ms.
I0418 09:33:47.794389  6080 data_layer.cpp:129]      Read time: 93.757 ms.
I0418 09:33:47.794389  6080 data_layer.cpp:130] Transform time: 31.25 ms.
I0418 09:33:48.653801  7952 caffe.cpp:314] Batch 5024, accuracy1+2 = 1
I0418 09:33:48.653801  7952 caffe.cpp:314] Batch 5024, accuracy1+2+3 = 1
I0418 09:33:48.778800  6080 data_layer.cpp:128] Prefetch batch: 124 ms.
I0418 09:33:48.778800  6080 data_layer.cpp:129]      Read time: 78.122 ms.
I0418 09:33:48.778800  6080 data_layer.cpp:130] Transform time: 31.245 ms.
I0418 09:33:49.622586  7952 caffe.cpp:314] Batch 5025, accuracy1+2 = 1
I0418 09:33:49.622586  7952 caffe.cpp:314] Batch 5025, accuracy1+2+3 = 1
I0418 09:33:49.747589  6080 data_layer.cpp:128] Prefetch batch: 125 ms.
I0418 09:33:49.747589  6080 data_layer.cpp:129]      Read time: 93.757 ms.
I0418 09:33:49.747589  6080 data_layer.cpp:130] Transform time: 31.246 ms.
I0418 09:33:50.591375  7952 caffe.cpp:314] Batch 5026, accuracy1+2 = 1
I0418 09:33:50.591375  7952 caffe.cpp:314] Batch 5026, accuracy1+2+3 = 1
I0418 09:33:50.700759  6080 data_layer.cpp:128] Prefetch batch: 109 ms.
I0418 09:33:50.700759  6080 data_layer.cpp:129]      Read time: 0 ms.
I0418 09:33:50.700759  6080 data_layer.cpp:130] Transform time: 109.384 ms.
I0418 09:33:51.560164  7952 caffe.cpp:314] Batch 5027, accuracy1+2 = 1
I0418 09:33:51.560164  7952 caffe.cpp:314] Batch 5027, accuracy1+2+3 = 1
I0418 09:33:51.700789  6080 data_layer.cpp:128] Prefetch batch: 140 ms.
I0418 09:33:51.700789  6080 data_layer.cpp:129]      Read time: 93.754 ms.
I0418 09:33:51.700789  6080 data_layer.cpp:130] Transform time: 46.871 ms.
I0418 09:33:52.544574  7952 caffe.cpp:314] Batch 5028, accuracy1+2 = 1
I0418 09:33:52.544574  7952 caffe.cpp:314] Batch 5028, accuracy1+2+3 = 1
I0418 09:33:52.669580  6080 data_layer.cpp:128] Prefetch batch: 125 ms.
I0418 09:33:52.669580  6080 data_layer.cpp:129]      Read time: 93.753 ms.
I0418 09:33:52.669580  6080 data_layer.cpp:130] Transform time: 31.254 ms.
I0418 09:33:53.513365  7952 caffe.cpp:314] Batch 5029, accuracy1+2 = 1
I0418 09:33:53.513365  7952 caffe.cpp:314] Batch 5029, accuracy1+2+3 = 1
I0418 09:33:53.638370  6080 data_layer.cpp:128] Prefetch batch: 125 ms.
I0418 09:33:53.638370  6080 data_layer.cpp:129]      Read time: 93.763 ms.
I0418 09:33:53.638370  6080 data_layer.cpp:130] Transform time: 31.242 ms.
I0418 09:33:54.482151  7952 caffe.cpp:314] Batch 5030, accuracy1+2 = 1
I0418 09:33:54.482151  7952 caffe.cpp:314] Batch 5030, accuracy1+2+3 = 1
I0418 09:33:54.607187  6080 data_layer.cpp:128] Prefetch batch: 125 ms.
I0418 09:33:54.607187  6080 data_layer.cpp:129]      Read time: 93.755 ms.
I0418 09:33:54.607187  6080 data_layer.cpp:130] Transform time: 31.282 ms.
I0418 09:33:55.466568  7952 caffe.cpp:314] Batch 5031, accuracy1+2 = 1
I0418 09:33:55.466568  7952 caffe.cpp:314] Batch 5031, accuracy1+2+3 = 1
I0418 09:33:55.560317  6080 data_layer.cpp:128] Prefetch batch: 93 ms.
I0418 09:33:55.560317  6080 data_layer.cpp:129]      Read time: 0 ms.
I0418 09:33:55.560317  6080 data_layer.cpp:130] Transform time: 93.748 ms.
I0418 09:33:56.435353  7952 caffe.cpp:314] Batch 5032, accuracy1+2 = 1
I0418 09:33:56.435353  7952 caffe.cpp:314] Batch 5032, accuracy1+2+3 = 1
I0418 09:33:56.560359  6080 data_layer.cpp:128] Prefetch batch: 125 ms.
I0418 09:33:56.560359  6080 data_layer.cpp:129]      Read time: 93.752 ms.
I0418 09:33:56.560359  6080 data_layer.cpp:130] Transform time: 31.255 ms.
I0418 09:33:57.404139  7952 caffe.cpp:314] Batch 5033, accuracy1+2 = 1
I0418 09:33:57.404139  7952 caffe.cpp:314] Batch 5033, accuracy1+2+3 = 1
I0418 09:33:57.529146  6080 data_layer.cpp:128] Prefetch batch: 125 ms.
I0418 09:33:57.529146  6080 data_layer.cpp:129]      Read time: 93.759 ms.
I0418 09:33:57.544772  6080 data_layer.cpp:130] Transform time: 31.248 ms.
I0418 09:33:58.372930  7952 caffe.cpp:314] Batch 5034, accuracy1+2 = 0
I0418 09:33:58.372930  7952 caffe.cpp:314] Batch 5034, accuracy1+2+3 = 0
I0418 09:33:58.513557  6080 data_layer.cpp:128] Prefetch batch: 140 ms.
I0418 09:33:58.513557  6080 data_layer.cpp:129]      Read time: 78.128 ms.
I0418 09:33:58.513557  6080 data_layer.cpp:130] Transform time: 62.5 ms.
I0418 09:33:59.357347  7952 caffe.cpp:314] Batch 5035, accuracy1+2 = 1
I0418 09:33:59.357347  7952 caffe.cpp:314] Batch 5035, accuracy1+2+3 = 1
I0418 09:33:59.482347  6080 data_layer.cpp:128] Prefetch batch: 125 ms.
I0418 09:33:59.482347  6080 data_layer.cpp:129]      Read time: 93.753 ms.
I0418 09:33:59.482347  6080 data_layer.cpp:130] Transform time: 31.248 ms.
I0418 09:34:00.326133  7952 caffe.cpp:314] Batch 5036, accuracy1+2 = 1
I0418 09:34:00.326133  7952 caffe.cpp:314] Batch 5036, accuracy1+2+3 = 1
I0418 09:34:00.451136  6080 data_layer.cpp:128] Prefetch batch: 125 ms.
I0418 09:34:00.451136  6080 data_layer.cpp:129]      Read time: 15.619 ms.
I0418 09:34:00.451136  6080 data_layer.cpp:130] Transform time: 109.385 ms.
I0418 09:34:01.310546  7952 caffe.cpp:314] Batch 5037, accuracy1+2 = 0
I0418 09:34:01.310546  7952 caffe.cpp:314] Batch 5037, accuracy1+2+3 = 0
I0418 09:34:01.435545  6080 data_layer.cpp:128] Prefetch batch: 124 ms.
I0418 09:34:01.435545  6080 data_layer.cpp:129]      Read time: 78.129 ms.
I0418 09:34:01.435545  6080 data_layer.cpp:130] Transform time: 46.87 ms.
I0418 09:34:02.279335  7952 caffe.cpp:314] Batch 5038, accuracy1+2 = 1
I0418 09:34:02.279335  7952 caffe.cpp:314] Batch 5038, accuracy1+2+3 = 1
I0418 09:34:02.404340  6080 data_layer.cpp:128] Prefetch batch: 125 ms.
I0418 09:34:02.404340  6080 data_layer.cpp:129]      Read time: 93.752 ms.
I0418 09:34:02.404340  6080 data_layer.cpp:130] Transform time: 31.252 ms.
I0418 09:34:03.248123  7952 caffe.cpp:314] Batch 5039, accuracy1+2 = 1
I0418 09:34:03.248123  7952 caffe.cpp:314] Batch 5039, accuracy1+2+3 = 1
I0418 09:34:03.373128  6080 data_layer.cpp:128] Prefetch batch: 125 ms.
I0418 09:34:03.373128  6080 data_layer.cpp:129]      Read time: 93.756 ms.
I0418 09:34:03.373128  6080 data_layer.cpp:130] Transform time: 31.249 ms.
I0418 09:34:04.216910  7952 caffe.cpp:314] Batch 5040, accuracy1+2 = 0
I0418 09:34:04.216910  7952 caffe.cpp:314] Batch 5040, accuracy1+2+3 = 0
I0418 09:34:04.357539  6080 data_layer.cpp:128] Prefetch batch: 140 ms.
I0418 09:34:04.357539  6080 data_layer.cpp:129]      Read time: 93.749 ms.
I0418 09:34:04.357539  6080 data_layer.cpp:130] Transform time: 46.88 ms.
I0418 09:34:05.201323  7952 caffe.cpp:314] Batch 5041, accuracy1+2 = 0
I0418 09:34:05.201323  7952 caffe.cpp:314] Batch 5041, accuracy1+2+3 = 0
I0418 09:34:05.326370  6080 data_layer.cpp:128] Prefetch batch: 125 ms.
I0418 09:34:05.326370  6080 data_layer.cpp:129]      Read time: 93.751 ms.
I0418 09:34:05.326370  6080 data_layer.cpp:130] Transform time: 31.295 ms.
I0418 09:34:06.170112  7952 caffe.cpp:314] Batch 5042, accuracy1+2 = 1
I0418 09:34:06.170112  7952 caffe.cpp:314] Batch 5042, accuracy1+2+3 = 1
I0418 09:34:06.295119  6080 data_layer.cpp:128] Prefetch batch: 125 ms.
I0418 09:34:06.295119  6080 data_layer.cpp:129]      Read time: 93.752 ms.
I0418 09:34:06.295119  6080 data_layer.cpp:130] Transform time: 31.254 ms.
I0418 09:34:07.154523  7952 caffe.cpp:314] Batch 5043, accuracy1+2 = 1
I0418 09:34:07.154523  7952 caffe.cpp:314] Batch 5043, accuracy1+2+3 = 1
I0418 09:34:07.248281  6080 data_layer.cpp:128] Prefetch batch: 93 ms.
I0418 09:34:07.248281  6080 data_layer.cpp:129]      Read time: 0 ms.
I0418 09:34:07.248281  6080 data_layer.cpp:130] Transform time: 93.757 ms.
I0418 09:34:08.123307  7952 caffe.cpp:314] Batch 5044, accuracy1+2 = 0
I0418 09:34:08.123307  7952 caffe.cpp:314] Batch 5044, accuracy1+2+3 = 0
I0418 09:34:08.248319  6080 data_layer.cpp:128] Prefetch batch: 125 ms.
I0418 09:34:08.248319  6080 data_layer.cpp:129]      Read time: 93.755 ms.
I0418 09:34:08.248319  6080 data_layer.cpp:130] Transform time: 31.257 ms.
I0418 09:34:09.092097  7952 caffe.cpp:314] Batch 5045, accuracy1+2 = 0
I0418 09:34:09.092097  7952 caffe.cpp:314] Batch 5045, accuracy1+2+3 = 0
I0418 09:34:09.217108  6080 data_layer.cpp:128] Prefetch batch: 125 ms.
I0418 09:34:09.217108  6080 data_layer.cpp:129]      Read time: 93.757 ms.
I0418 09:34:09.217108  6080 data_layer.cpp:130] Transform time: 31.254 ms.
I0418 09:34:10.076514  7952 caffe.cpp:314] Batch 5046, accuracy1+2 = 1
I0418 09:34:10.076514  7952 caffe.cpp:314] Batch 5046, accuracy1+2+3 = 1
I0418 09:34:10.201516  6080 data_layer.cpp:128] Prefetch batch: 125 ms.
I0418 09:34:10.201516  6080 data_layer.cpp:129]      Read time: 78.13 ms.
I0418 09:34:10.201516  6080 data_layer.cpp:130] Transform time: 46.873 ms.
I0418 09:34:11.045305  7952 caffe.cpp:314] Batch 5047, accuracy1+2 = 1
I0418 09:34:11.045305  7952 caffe.cpp:314] Batch 5047, accuracy1+2+3 = 1
I0418 09:34:11.170305  6080 data_layer.cpp:128] Prefetch batch: 125 ms.
I0418 09:34:11.170305  6080 data_layer.cpp:129]      Read time: 93.752 ms.
I0418 09:34:11.170305  6080 data_layer.cpp:130] Transform time: 31.248 ms.
I0418 09:34:12.014086  7952 caffe.cpp:314] Batch 5048, accuracy1+2 = 1
I0418 09:34:12.014086  7952 caffe.cpp:314] Batch 5048, accuracy1+2+3 = 1
I0418 09:34:12.123471  6080 data_layer.cpp:128] Prefetch batch: 109 ms.
I0418 09:34:12.123471  6080 data_layer.cpp:129]      Read time: 0 ms.
I0418 09:34:12.123471  6080 data_layer.cpp:130] Transform time: 109.385 ms.
I0418 09:34:12.998509  7952 caffe.cpp:314] Batch 5049, accuracy1+2 = 0
I0418 09:34:12.998509  7952 caffe.cpp:314] Batch 5049, accuracy1+2+3 = 1
I0418 09:34:13.123512  6080 data_layer.cpp:128] Prefetch batch: 125 ms.
I0418 09:34:13.123512  6080 data_layer.cpp:129]      Read time: 78.125 ms.
I0418 09:34:13.123512  6080 data_layer.cpp:130] Transform time: 46.877 ms.
I0418 09:34:13.967294  7952 caffe.cpp:314] Batch 5050, accuracy1+2 = 1
I0418 09:34:13.967294  7952 caffe.cpp:314] Batch 5050, accuracy1+2+3 = 1
I0418 09:34:14.092295  6080 data_layer.cpp:128] Prefetch batch: 125 ms.
I0418 09:34:14.092295  6080 data_layer.cpp:129]      Read time: 93.753 ms.
I0418 09:34:14.092295  6080 data_layer.cpp:130] Transform time: 31.248 ms.
I0418 09:34:14.936079  7952 caffe.cpp:314] Batch 5051, accuracy1+2 = 1
I0418 09:34:14.936079  7952 caffe.cpp:314] Batch 5051, accuracy1+2+3 = 1
I0418 09:34:15.061085  6080 data_layer.cpp:128] Prefetch batch: 125 ms.
I0418 09:34:15.061085  6080 data_layer.cpp:129]      Read time: 93.752 ms.
I0418 09:34:15.061085  6080 data_layer.cpp:130] Transform time: 31.254 ms.
I0418 09:34:15.920491  7952 caffe.cpp:314] Batch 5052, accuracy1+2 = 1
I0418 09:34:15.920491  7952 caffe.cpp:314] Batch 5052, accuracy1+2+3 = 1
I0418 09:34:16.045500  6080 data_layer.cpp:128] Prefetch batch: 125 ms.
I0418 09:34:16.045500  6080 data_layer.cpp:129]      Read time: 78.133 ms.
I0418 09:34:16.045500  6080 data_layer.cpp:130] Transform time: 46.875 ms.
I0418 09:34:16.889277  7952 caffe.cpp:314] Batch 5053, accuracy1+2 = 1
I0418 09:34:16.889277  7952 caffe.cpp:314] Batch 5053, accuracy1+2+3 = 1
I0418 09:34:16.998670  6080 data_layer.cpp:128] Prefetch batch: 109 ms.
I0418 09:34:16.998670  6080 data_layer.cpp:129]      Read time: 0 ms.
I0418 09:34:16.998670  6080 data_layer.cpp:130] Transform time: 109.393 ms.
I0418 09:34:17.873694  7952 caffe.cpp:314] Batch 5054, accuracy1+2 = 1
I0418 09:34:17.873694  7952 caffe.cpp:314] Batch 5054, accuracy1+2+3 = 1
I0418 09:34:17.998697  6080 data_layer.cpp:128] Prefetch batch: 125 ms.
I0418 09:34:17.998697  6080 data_layer.cpp:129]      Read time: 78.128 ms.
I0418 09:34:17.998697  6080 data_layer.cpp:130] Transform time: 46.875 ms.
I0418 09:34:18.842483  7952 caffe.cpp:314] Batch 5055, accuracy1+2 = 1
I0418 09:34:18.842483  7952 caffe.cpp:314] Batch 5055, accuracy1+2+3 = 1
I0418 09:34:18.967490  6080 data_layer.cpp:128] Prefetch batch: 125 ms.
I0418 09:34:18.967490  6080 data_layer.cpp:129]      Read time: 93.75 ms.
I0418 09:34:18.967490  6080 data_layer.cpp:130] Transform time: 31.258 ms.
I0418 09:34:19.811269  7952 caffe.cpp:314] Batch 5056, accuracy1+2 = 1
I0418 09:34:19.811269  7952 caffe.cpp:314] Batch 5056, accuracy1+2+3 = 1
I0418 09:34:19.936276  6080 data_layer.cpp:128] Prefetch batch: 125 ms.
I0418 09:34:19.936276  6080 data_layer.cpp:129]      Read time: 93.758 ms.
I0418 09:34:19.936276  6080 data_layer.cpp:130] Transform time: 31.25 ms.
I0418 09:34:20.795684  7952 caffe.cpp:314] Batch 5057, accuracy1+2 = 1
I0418 09:34:20.795684  7952 caffe.cpp:314] Batch 5057, accuracy1+2+3 = 1
I0418 09:34:20.905053  6080 data_layer.cpp:128] Prefetch batch: 109 ms.
I0418 09:34:20.905053  6080 data_layer.cpp:129]      Read time: 0 ms.
I0418 09:34:20.905053  6080 data_layer.cpp:130] Transform time: 109.369 ms.
I0418 09:34:21.811338  7952 caffe.cpp:314] Batch 5058, accuracy1+2 = 1
I0418 09:34:21.811338  7952 caffe.cpp:314] Batch 5058, accuracy1+2+3 = 1
I0418 09:34:21.936352  6080 data_layer.cpp:128] Prefetch batch: 125 ms.
I0418 09:34:21.936352  6080 data_layer.cpp:129]      Read time: 93.759 ms.
I0418 09:34:21.936352  6080 data_layer.cpp:130] Transform time: 31.254 ms.
I0418 09:34:22.811388  7952 caffe.cpp:314] Batch 5059, accuracy1+2 = 1
I0418 09:34:22.811388  7952 caffe.cpp:314] Batch 5059, accuracy1+2+3 = 1
I0418 09:34:22.936390  6080 data_layer.cpp:128] Prefetch batch: 125 ms.
I0418 09:34:22.936390  6080 data_layer.cpp:129]      Read time: 93.753 ms.
I0418 09:34:22.936390  6080 data_layer.cpp:130] Transform time: 31.25 ms.
I0418 09:34:23.780176  7952 caffe.cpp:314] Batch 5060, accuracy1+2 = 1
I0418 09:34:23.780176  7952 caffe.cpp:314] Batch 5060, accuracy1+2+3 = 1
I0418 09:34:23.920809  6080 data_layer.cpp:128] Prefetch batch: 140 ms.
I0418 09:34:23.920809  6080 data_layer.cpp:129]      Read time: 93.753 ms.
I0418 09:34:23.920809  6080 data_layer.cpp:130] Transform time: 46.879 ms.
I0418 09:34:24.764586  7952 caffe.cpp:314] Batch 5061, accuracy1+2 = 1
I0418 09:34:24.764586  7952 caffe.cpp:314] Batch 5061, accuracy1+2+3 = 1
I0418 09:34:24.889595  6080 data_layer.cpp:128] Prefetch batch: 125 ms.
I0418 09:34:24.889595  6080 data_layer.cpp:129]      Read time: 78.13 ms.
I0418 09:34:24.889595  6080 data_layer.cpp:130] Transform time: 46.879 ms.
I0418 09:34:25.733374  7952 caffe.cpp:314] Batch 5062, accuracy1+2 = 0
I0418 09:34:25.733374  7952 caffe.cpp:314] Batch 5062, accuracy1+2+3 = 1
I0418 09:34:25.842757  6080 data_layer.cpp:128] Prefetch batch: 109 ms.
I0418 09:34:25.842757  6080 data_layer.cpp:129]      Read time: 0 ms.
I0418 09:34:25.842757  6080 data_layer.cpp:130] Transform time: 109.383 ms.
I0418 09:34:26.702164  7952 caffe.cpp:314] Batch 5063, accuracy1+2 = 1
I0418 09:34:26.702164  7952 caffe.cpp:314] Batch 5063, accuracy1+2+3 = 1
I0418 09:34:26.827172  6080 data_layer.cpp:128] Prefetch batch: 125 ms.
I0418 09:34:26.827172  6080 data_layer.cpp:129]      Read time: 93.755 ms.
I0418 09:34:26.827172  6080 data_layer.cpp:130] Transform time: 31.252 ms.
I0418 09:34:27.670954  7952 caffe.cpp:314] Batch 5064, accuracy1+2 = 1
I0418 09:34:27.670954  7952 caffe.cpp:314] Batch 5064, accuracy1+2+3 = 1
I0418 09:34:27.795960  6080 data_layer.cpp:128] Prefetch batch: 125 ms.
I0418 09:34:27.795960  6080 data_layer.cpp:129]      Read time: 93.75 ms.
I0418 09:34:27.795960  6080 data_layer.cpp:130] Transform time: 31.256 ms.
I0418 09:34:28.655365  7952 caffe.cpp:314] Batch 5065, accuracy1+2 = 1
I0418 09:34:28.655365  7952 caffe.cpp:314] Batch 5065, accuracy1+2+3 = 1
I0418 09:34:28.780375  6080 data_layer.cpp:128] Prefetch batch: 125 ms.
I0418 09:34:28.780375  6080 data_layer.cpp:129]      Read time: 93.755 ms.
I0418 09:34:28.780375  6080 data_layer.cpp:130] Transform time: 31.255 ms.
I0418 09:34:29.624166  7952 caffe.cpp:314] Batch 5066, accuracy1+2 = 1
I0418 09:34:29.624166  7952 caffe.cpp:314] Batch 5066, accuracy1+2+3 = 1
I0418 09:34:29.749157  6080 data_layer.cpp:128] Prefetch batch: 124 ms.
I0418 09:34:29.749157  6080 data_layer.cpp:129]      Read time: 93.742 ms.
I0418 09:34:29.749157  6080 data_layer.cpp:130] Transform time: 31.249 ms.
I0418 09:34:30.592943  7952 caffe.cpp:314] Batch 5067, accuracy1+2 = 1
I0418 09:34:30.592943  7952 caffe.cpp:314] Batch 5067, accuracy1+2+3 = 1
I0418 09:34:30.717952  6080 data_layer.cpp:128] Prefetch batch: 125 ms.
I0418 09:34:30.717952  6080 data_layer.cpp:129]      Read time: 93.756 ms.
I0418 09:34:30.717952  6080 data_layer.cpp:130] Transform time: 31.252 ms.
I0418 09:34:31.561733  7952 caffe.cpp:314] Batch 5068, accuracy1+2 = 1
I0418 09:34:31.561733  7952 caffe.cpp:314] Batch 5068, accuracy1+2+3 = 1
I0418 09:34:31.671111  6080 data_layer.cpp:128] Prefetch batch: 109 ms.
I0418 09:34:31.671111  6080 data_layer.cpp:129]      Read time: 0 ms.
I0418 09:34:31.671111  6080 data_layer.cpp:130] Transform time: 109.379 ms.
I0418 09:34:32.546149  7952 caffe.cpp:314] Batch 5069, accuracy1+2 = 1
I0418 09:34:32.546149  7952 caffe.cpp:314] Batch 5069, accuracy1+2+3 = 1
I0418 09:34:32.671151  6080 data_layer.cpp:128] Prefetch batch: 125 ms.
I0418 09:34:32.671151  6080 data_layer.cpp:129]      Read time: 93.75 ms.
I0418 09:34:32.671151  6080 data_layer.cpp:130] Transform time: 31.253 ms.
I0418 09:34:33.514931  7952 caffe.cpp:314] Batch 5070, accuracy1+2 = 1
I0418 09:34:33.514931  7952 caffe.cpp:314] Batch 5070, accuracy1+2+3 = 1
I0418 09:34:33.639941  6080 data_layer.cpp:128] Prefetch batch: 125 ms.
I0418 09:34:33.639941  6080 data_layer.cpp:129]      Read time: 93.751 ms.
I0418 09:34:33.639941  6080 data_layer.cpp:130] Transform time: 31.259 ms.
I0418 09:34:34.483718  7952 caffe.cpp:314] Batch 5071, accuracy1+2 = 1
I0418 09:34:34.483718  7952 caffe.cpp:314] Batch 5071, accuracy1+2+3 = 1
I0418 09:34:34.608724  6080 data_layer.cpp:128] Prefetch batch: 125 ms.
I0418 09:34:34.608724  6080 data_layer.cpp:129]      Read time: 93.761 ms.
I0418 09:34:34.608724  6080 data_layer.cpp:130] Transform time: 31.245 ms.
I0418 09:34:35.468132  7952 caffe.cpp:314] Batch 5072, accuracy1+2 = 1
I0418 09:34:35.468132  7952 caffe.cpp:314] Batch 5072, accuracy1+2+3 = 1
I0418 09:34:35.593137  6080 data_layer.cpp:128] Prefetch batch: 125 ms.
I0418 09:34:35.593137  6080 data_layer.cpp:129]      Read time: 78.132 ms.
I0418 09:34:35.593137  6080 data_layer.cpp:130] Transform time: 46.872 ms.
I0418 09:34:36.436919  7952 caffe.cpp:314] Batch 5073, accuracy1+2 = 1
I0418 09:34:36.436919  7952 caffe.cpp:314] Batch 5073, accuracy1+2+3 = 1
I0418 09:34:36.561924  6080 data_layer.cpp:128] Prefetch batch: 125 ms.
I0418 09:34:36.561924  6080 data_layer.cpp:129]      Read time: 93.753 ms.
I0418 09:34:36.561924  6080 data_layer.cpp:130] Transform time: 31.252 ms.
I0418 09:34:37.405710  7952 caffe.cpp:314] Batch 5074, accuracy1+2 = 1
I0418 09:34:37.405710  7952 caffe.cpp:314] Batch 5074, accuracy1+2+3 = 1
I0418 09:34:37.515086  6080 data_layer.cpp:128] Prefetch batch: 109 ms.
I0418 09:34:37.515086  6080 data_layer.cpp:129]      Read time: 0 ms.
I0418 09:34:37.515086  6080 data_layer.cpp:130] Transform time: 109.376 ms.
I0418 09:34:38.374501  7952 caffe.cpp:314] Batch 5075, accuracy1+2 = 1
I0418 09:34:38.374501  7952 caffe.cpp:314] Batch 5075, accuracy1+2+3 = 1
I0418 09:34:38.499501  6080 data_layer.cpp:128] Prefetch batch: 125 ms.
I0418 09:34:38.499501  6080 data_layer.cpp:129]      Read time: 93.748 ms.
I0418 09:34:38.499501  6080 data_layer.cpp:130] Transform time: 31.252 ms.
I0418 09:34:39.358901  7952 caffe.cpp:314] Batch 5076, accuracy1+2 = 1
I0418 09:34:39.358901  7952 caffe.cpp:314] Batch 5076, accuracy1+2+3 = 1
I0418 09:34:39.483918  6080 data_layer.cpp:128] Prefetch batch: 125 ms.
I0418 09:34:39.483918  6080 data_layer.cpp:129]      Read time: 78.142 ms.
I0418 09:34:39.483918  6080 data_layer.cpp:130] Transform time: 46.876 ms.
I0418 09:34:40.327702  7952 caffe.cpp:314] Batch 5077, accuracy1+2 = 1
I0418 09:34:40.327702  7952 caffe.cpp:314] Batch 5077, accuracy1+2+3 = 1
I0418 09:34:40.452702  6080 data_layer.cpp:128] Prefetch batch: 124 ms.
I0418 09:34:40.452702  6080 data_layer.cpp:129]      Read time: 93.749 ms.
I0418 09:34:40.452702  6080 data_layer.cpp:130] Transform time: 31.25 ms.
I0418 09:34:41.296489  7952 caffe.cpp:314] Batch 5078, accuracy1+2 = 1
I0418 09:34:41.296489  7952 caffe.cpp:314] Batch 5078, accuracy1+2+3 = 1
I0418 09:34:41.405869  6080 data_layer.cpp:128] Prefetch batch: 109 ms.
I0418 09:34:41.405869  6080 data_layer.cpp:129]      Read time: 0 ms.
I0418 09:34:41.405869  6080 data_layer.cpp:130] Transform time: 109.381 ms.
I0418 09:34:42.265277  7952 caffe.cpp:314] Batch 5079, accuracy1+2 = 1
I0418 09:34:42.265277  7952 caffe.cpp:314] Batch 5079, accuracy1+2+3 = 1
I0418 09:34:42.390280  6080 data_layer.cpp:128] Prefetch batch: 125 ms.
I0418 09:34:42.390280  6080 data_layer.cpp:129]      Read time: 93.755 ms.
I0418 09:34:42.390280  6080 data_layer.cpp:130] Transform time: 31.248 ms.
I0418 09:34:43.234066  7952 caffe.cpp:314] Batch 5080, accuracy1+2 = 1
I0418 09:34:43.234066  7952 caffe.cpp:314] Batch 5080, accuracy1+2+3 = 1
I0418 09:34:43.374691  6080 data_layer.cpp:128] Prefetch batch: 140 ms.
I0418 09:34:43.374691  6080 data_layer.cpp:129]      Read time: 93.756 ms.
I0418 09:34:43.374691  6080 data_layer.cpp:130] Transform time: 46.87 ms.
I0418 09:34:44.218482  7952 caffe.cpp:314] Batch 5081, accuracy1+2 = 1
I0418 09:34:44.218482  7952 caffe.cpp:314] Batch 5081, accuracy1+2+3 = 1
I0418 09:34:44.343485  6080 data_layer.cpp:128] Prefetch batch: 125 ms.
I0418 09:34:44.343485  6080 data_layer.cpp:129]      Read time: 93.755 ms.
I0418 09:34:44.343485  6080 data_layer.cpp:130] Transform time: 31.249 ms.
I0418 09:34:45.187264  7952 caffe.cpp:314] Batch 5082, accuracy1+2 = 1
I0418 09:34:45.187264  7952 caffe.cpp:314] Batch 5082, accuracy1+2+3 = 1
I0418 09:34:45.312273  6080 data_layer.cpp:128] Prefetch batch: 125 ms.
I0418 09:34:45.312273  6080 data_layer.cpp:129]      Read time: 93.757 ms.
I0418 09:34:45.312273  6080 data_layer.cpp:130] Transform time: 31.252 ms.
I0418 09:34:46.156056  7952 caffe.cpp:314] Batch 5083, accuracy1+2 = 1
I0418 09:34:46.156056  7952 caffe.cpp:314] Batch 5083, accuracy1+2+3 = 1
I0418 09:34:46.265434  6080 data_layer.cpp:128] Prefetch batch: 109 ms.
I0418 09:34:46.265434  6080 data_layer.cpp:129]      Read time: 15.624 ms.
I0418 09:34:46.265434  6080 data_layer.cpp:130] Transform time: 93.753 ms.
I0418 09:34:47.140470  7952 caffe.cpp:314] Batch 5084, accuracy1+2 = 1
I0418 09:34:47.140470  7952 caffe.cpp:314] Batch 5084, accuracy1+2+3 = 1
I0418 09:34:47.265471  6080 data_layer.cpp:128] Prefetch batch: 125 ms.
I0418 09:34:47.265471  6080 data_layer.cpp:129]      Read time: 78.127 ms.
I0418 09:34:47.265471  6080 data_layer.cpp:130] Transform time: 31.249 ms.
I0418 09:34:48.109253  7952 caffe.cpp:314] Batch 5085, accuracy1+2 = 1
I0418 09:34:48.109253  7952 caffe.cpp:314] Batch 5085, accuracy1+2+3 = 1
I0418 09:34:48.234258  6080 data_layer.cpp:128] Prefetch batch: 125 ms.
I0418 09:34:48.234258  6080 data_layer.cpp:129]      Read time: 93.758 ms.
I0418 09:34:48.234258  6080 data_layer.cpp:130] Transform time: 31.247 ms.
I0418 09:34:49.093672  7952 caffe.cpp:314] Batch 5086, accuracy1+2 = 1
I0418 09:34:49.093672  7952 caffe.cpp:314] Batch 5086, accuracy1+2+3 = 1
I0418 09:34:49.218677  6080 data_layer.cpp:128] Prefetch batch: 125 ms.
I0418 09:34:49.218677  6080 data_layer.cpp:129]      Read time: 93.759 ms.
I0418 09:34:49.218677  6080 data_layer.cpp:130] Transform time: 31.247 ms.
I0418 09:34:50.062453  7952 caffe.cpp:314] Batch 5087, accuracy1+2 = 1
I0418 09:34:50.062453  7952 caffe.cpp:314] Batch 5087, accuracy1+2+3 = 1
I0418 09:34:50.187463  6080 data_layer.cpp:128] Prefetch batch: 125 ms.
I0418 09:34:50.187463  6080 data_layer.cpp:129]      Read time: 93.756 ms.
I0418 09:34:50.187463  6080 data_layer.cpp:130] Transform time: 31.253 ms.
I0418 09:34:51.046874  7952 caffe.cpp:314] Batch 5088, accuracy1+2 = 1
I0418 09:34:51.046874  7952 caffe.cpp:314] Batch 5088, accuracy1+2+3 = 1
I0418 09:34:51.140637  6080 data_layer.cpp:128] Prefetch batch: 93 ms.
I0418 09:34:51.140637  6080 data_layer.cpp:129]      Read time: 0 ms.
I0418 09:34:51.140637  6080 data_layer.cpp:130] Transform time: 93.764 ms.
I0418 09:34:52.015658  7952 caffe.cpp:314] Batch 5089, accuracy1+2 = 1
I0418 09:34:52.015658  7952 caffe.cpp:314] Batch 5089, accuracy1+2+3 = 1
I0418 09:34:52.140666  6080 data_layer.cpp:128] Prefetch batch: 125 ms.
I0418 09:34:52.140666  6080 data_layer.cpp:129]      Read time: 93.754 ms.
I0418 09:34:52.140666  6080 data_layer.cpp:130] Transform time: 31.254 ms.
I0418 09:34:52.984446  7952 caffe.cpp:314] Batch 5090, accuracy1+2 = 1
I0418 09:34:52.984446  7952 caffe.cpp:314] Batch 5090, accuracy1+2+3 = 1
I0418 09:34:53.109447  6080 data_layer.cpp:128] Prefetch batch: 125 ms.
I0418 09:34:53.109447  6080 data_layer.cpp:129]      Read time: 93.76 ms.
I0418 09:34:53.109447  6080 data_layer.cpp:130] Transform time: 31.242 ms.
I0418 09:34:53.968861  7952 caffe.cpp:314] Batch 5091, accuracy1+2 = 1
I0418 09:34:53.968861  7952 caffe.cpp:314] Batch 5091, accuracy1+2+3 = 1
I0418 09:34:54.093865  6080 data_layer.cpp:128] Prefetch batch: 125 ms.
I0418 09:34:54.093865  6080 data_layer.cpp:129]      Read time: 93.755 ms.
I0418 09:34:54.093865  6080 data_layer.cpp:130] Transform time: 31.249 ms.
I0418 09:34:54.937646  7952 caffe.cpp:314] Batch 5092, accuracy1+2 = 1
I0418 09:34:54.937646  7952 caffe.cpp:314] Batch 5092, accuracy1+2+3 = 1
I0418 09:34:55.047024  6080 data_layer.cpp:128] Prefetch batch: 109 ms.
I0418 09:34:55.047024  6080 data_layer.cpp:129]      Read time: 0 ms.
I0418 09:34:55.047024  6080 data_layer.cpp:130] Transform time: 109.378 ms.
I0418 09:34:55.906433  7952 caffe.cpp:314] Batch 5093, accuracy1+2 = 1
I0418 09:34:55.906433  7952 caffe.cpp:314] Batch 5093, accuracy1+2+3 = 1
I0418 09:34:56.031435  6080 data_layer.cpp:128] Prefetch batch: 125 ms.
I0418 09:34:56.031435  6080 data_layer.cpp:129]      Read time: 93.76 ms.
I0418 09:34:56.031435  6080 data_layer.cpp:130] Transform time: 31.242 ms.
I0418 09:34:56.890851  7952 caffe.cpp:314] Batch 5094, accuracy1+2 = 1
I0418 09:34:56.890851  7952 caffe.cpp:314] Batch 5094, accuracy1+2+3 = 1
I0418 09:34:57.015853  6080 data_layer.cpp:128] Prefetch batch: 125 ms.
I0418 09:34:57.015853  6080 data_layer.cpp:129]      Read time: 93.757 ms.
I0418 09:34:57.015853  6080 data_layer.cpp:130] Transform time: 31.246 ms.
I0418 09:34:57.875253  7952 caffe.cpp:314] Batch 5095, accuracy1+2 = 1
I0418 09:34:57.875253  7952 caffe.cpp:314] Batch 5095, accuracy1+2+3 = 1
I0418 09:34:58.000258  6080 data_layer.cpp:128] Prefetch batch: 125 ms.
I0418 09:34:58.000258  6080 data_layer.cpp:129]      Read time: 78.128 ms.
I0418 09:34:58.000258  6080 data_layer.cpp:130] Transform time: 46.877 ms.
I0418 09:34:58.875293  7952 caffe.cpp:314] Batch 5096, accuracy1+2 = 1
I0418 09:34:58.875293  7952 caffe.cpp:314] Batch 5096, accuracy1+2+3 = 1
I0418 09:34:58.984673  6080 data_layer.cpp:128] Prefetch batch: 109 ms.
I0418 09:34:58.984673  6080 data_layer.cpp:129]      Read time: 0 ms.
I0418 09:34:58.984673  6080 data_layer.cpp:130] Transform time: 109.38 ms.
I0418 09:34:59.875345  7952 caffe.cpp:314] Batch 5097, accuracy1+2 = 1
I0418 09:34:59.875345  7952 caffe.cpp:314] Batch 5097, accuracy1+2+3 = 1
I0418 09:35:00.015970  6080 data_layer.cpp:128] Prefetch batch: 140 ms.
I0418 09:35:00.015970  6080 data_layer.cpp:129]      Read time: 93.76 ms.
I0418 09:35:00.015970  6080 data_layer.cpp:130] Transform time: 46.865 ms.
I0418 09:35:00.859755  7952 caffe.cpp:314] Batch 5098, accuracy1+2 = 1
I0418 09:35:00.859755  7952 caffe.cpp:314] Batch 5098, accuracy1+2+3 = 1
I0418 09:35:00.984764  6080 data_layer.cpp:128] Prefetch batch: 125 ms.
I0418 09:35:00.984764  6080 data_layer.cpp:129]      Read time: 93.759 ms.
I0418 09:35:00.984764  6080 data_layer.cpp:130] Transform time: 31.251 ms.
I0418 09:35:01.828542  7952 caffe.cpp:314] Batch 5099, accuracy1+2 = 1
I0418 09:35:01.828542  7952 caffe.cpp:314] Batch 5099, accuracy1+2+3 = 1
I0418 09:35:01.953553  6080 data_layer.cpp:128] Prefetch batch: 125 ms.
I0418 09:35:01.953553  6080 data_layer.cpp:129]      Read time: 93.755 ms.
I0418 09:35:01.953553  6080 data_layer.cpp:130] Transform time: 31.256 ms.
I0418 09:35:02.812958  7952 caffe.cpp:314] Batch 5100, accuracy1+2 = 1
I0418 09:35:02.812958  7952 caffe.cpp:314] Batch 5100, accuracy1+2+3 = 1
I0418 09:35:02.937959  6080 data_layer.cpp:128] Prefetch batch: 125 ms.
I0418 09:35:02.937959  6080 data_layer.cpp:129]      Read time: 78.13 ms.
I0418 09:35:02.937959  6080 data_layer.cpp:130] Transform time: 46.871 ms.
I0418 09:35:03.781747  7952 caffe.cpp:314] Batch 5101, accuracy1+2 = 1
I0418 09:35:03.781747  7952 caffe.cpp:314] Batch 5101, accuracy1+2+3 = 1
I0418 09:35:03.875502  6080 data_layer.cpp:128] Prefetch batch: 93 ms.
I0418 09:35:03.875502  6080 data_layer.cpp:129]      Read time: 0 ms.
I0418 09:35:03.875502  6080 data_layer.cpp:130] Transform time: 93.755 ms.
I0418 09:35:04.750531  7952 caffe.cpp:314] Batch 5102, accuracy1+2 = 1
I0418 09:35:04.750531  7952 caffe.cpp:314] Batch 5102, accuracy1+2+3 = 1
I0418 09:35:04.875536  6080 data_layer.cpp:128] Prefetch batch: 125 ms.
I0418 09:35:04.875536  6080 data_layer.cpp:129]      Read time: 93.753 ms.
I0418 09:35:04.875536  6080 data_layer.cpp:130] Transform time: 31.252 ms.
I0418 09:35:05.719323  7952 caffe.cpp:314] Batch 5103, accuracy1+2 = 1
I0418 09:35:05.734943  7952 caffe.cpp:314] Batch 5103, accuracy1+2+3 = 1
I0418 09:35:05.859951  6080 data_layer.cpp:128] Prefetch batch: 125 ms.
I0418 09:35:05.859951  6080 data_layer.cpp:129]      Read time: 78.131 ms.
I0418 09:35:05.859951  6080 data_layer.cpp:130] Transform time: 46.876 ms.
I0418 09:35:06.703732  7952 caffe.cpp:314] Batch 5104, accuracy1+2 = 1
I0418 09:35:06.703732  7952 caffe.cpp:314] Batch 5104, accuracy1+2+3 = 1
I0418 09:35:06.828742  6080 data_layer.cpp:128] Prefetch batch: 125 ms.
I0418 09:35:06.828742  6080 data_layer.cpp:129]      Read time: 93.752 ms.
I0418 09:35:06.828742  6080 data_layer.cpp:130] Transform time: 31.257 ms.
I0418 09:35:07.672521  7952 caffe.cpp:314] Batch 5105, accuracy1+2 = 1
I0418 09:35:07.672521  7952 caffe.cpp:314] Batch 5105, accuracy1+2+3 = 1
I0418 09:35:07.781904  6080 data_layer.cpp:128] Prefetch batch: 109 ms.
I0418 09:35:07.781904  6080 data_layer.cpp:129]      Read time: 0 ms.
I0418 09:35:07.781904  6080 data_layer.cpp:130] Transform time: 109.383 ms.
I0418 09:35:08.641307  7952 caffe.cpp:314] Batch 5106, accuracy1+2 = 1
I0418 09:35:08.641307  7952 caffe.cpp:314] Batch 5106, accuracy1+2+3 = 1
I0418 09:35:08.766317  6080 data_layer.cpp:128] Prefetch batch: 125 ms.
I0418 09:35:08.766317  6080 data_layer.cpp:129]      Read time: 93.754 ms.
I0418 09:35:08.766317  6080 data_layer.cpp:130] Transform time: 31.256 ms.
I0418 09:35:09.610100  7952 caffe.cpp:314] Batch 5107, accuracy1+2 = 1
I0418 09:35:09.610100  7952 caffe.cpp:314] Batch 5107, accuracy1+2+3 = 1
I0418 09:35:09.735102  6080 data_layer.cpp:128] Prefetch batch: 125 ms.
I0418 09:35:09.750728  6080 data_layer.cpp:129]      Read time: 93.757 ms.
I0418 09:35:09.750728  6080 data_layer.cpp:130] Transform time: 31.246 ms.
I0418 09:35:10.594512  7952 caffe.cpp:314] Batch 5108, accuracy1+2 = 1
I0418 09:35:10.594512  7952 caffe.cpp:314] Batch 5108, accuracy1+2+3 = 1
I0418 09:35:10.719517  6080 data_layer.cpp:128] Prefetch batch: 125 ms.
I0418 09:35:10.719517  6080 data_layer.cpp:129]      Read time: 93.75 ms.
I0418 09:35:10.719517  6080 data_layer.cpp:130] Transform time: 31.255 ms.
I0418 09:35:11.563302  7952 caffe.cpp:314] Batch 5109, accuracy1+2 = 1
I0418 09:35:11.563302  7952 caffe.cpp:314] Batch 5109, accuracy1+2+3 = 1
I0418 09:35:11.688308  6080 data_layer.cpp:128] Prefetch batch: 125 ms.
I0418 09:35:11.688308  6080 data_layer.cpp:129]      Read time: 93.748 ms.
I0418 09:35:11.688308  6080 data_layer.cpp:130] Transform time: 31.258 ms.
I0418 09:35:12.532086  7952 caffe.cpp:314] Batch 5110, accuracy1+2 = 1
I0418 09:35:12.532086  7952 caffe.cpp:314] Batch 5110, accuracy1+2+3 = 1
I0418 09:35:12.657097  6080 data_layer.cpp:128] Prefetch batch: 125 ms.
I0418 09:35:12.657097  6080 data_layer.cpp:129]      Read time: 93.752 ms.
I0418 09:35:12.657097  6080 data_layer.cpp:130] Transform time: 31.259 ms.
I0418 09:35:13.516501  7952 caffe.cpp:314] Batch 5111, accuracy1+2 = 1
I0418 09:35:13.516501  7952 caffe.cpp:314] Batch 5111, accuracy1+2+3 = 1
I0418 09:35:13.610258  6080 data_layer.cpp:128] Prefetch batch: 93 ms.
I0418 09:35:13.610258  6080 data_layer.cpp:129]      Read time: 0 ms.
I0418 09:35:13.610258  6080 data_layer.cpp:130] Transform time: 93.757 ms.
I0418 09:35:14.485293  7952 caffe.cpp:314] Batch 5112, accuracy1+2 = 1
I0418 09:35:14.485293  7952 caffe.cpp:314] Batch 5112, accuracy1+2+3 = 1
I0418 09:35:14.610292  6080 data_layer.cpp:128] Prefetch batch: 124 ms.
I0418 09:35:14.610292  6080 data_layer.cpp:129]      Read time: 93.75 ms.
I0418 09:35:14.610292  6080 data_layer.cpp:130] Transform time: 31.249 ms.
I0418 09:35:15.454077  7952 caffe.cpp:314] Batch 5113, accuracy1+2 = 1
I0418 09:35:15.454077  7952 caffe.cpp:314] Batch 5113, accuracy1+2+3 = 1
I0418 09:35:15.579085  6080 data_layer.cpp:128] Prefetch batch: 125 ms.
I0418 09:35:15.579085  6080 data_layer.cpp:129]      Read time: 93.753 ms.
I0418 09:35:15.579085  6080 data_layer.cpp:130] Transform time: 31.255 ms.
I0418 09:35:16.422866  7952 caffe.cpp:314] Batch 5114, accuracy1+2 = 1
I0418 09:35:16.422866  7952 caffe.cpp:314] Batch 5114, accuracy1+2+3 = 1
I0418 09:35:16.547873  6080 data_layer.cpp:128] Prefetch batch: 125 ms.
I0418 09:35:16.547873  6080 data_layer.cpp:129]      Read time: 93.752 ms.
I0418 09:35:16.547873  6080 data_layer.cpp:130] Transform time: 31.255 ms.
I0418 09:35:17.407281  7952 caffe.cpp:314] Batch 5115, accuracy1+2 = 1
I0418 09:35:17.407281  7952 caffe.cpp:314] Batch 5115, accuracy1+2+3 = 1
I0418 09:35:17.532289  6080 data_layer.cpp:128] Prefetch batch: 125 ms.
I0418 09:35:17.532289  6080 data_layer.cpp:129]      Read time: 78.124 ms.
I0418 09:35:17.532289  6080 data_layer.cpp:130] Transform time: 46.883 ms.
I0418 09:35:18.376068  7952 caffe.cpp:314] Batch 5116, accuracy1+2 = 1
I0418 09:35:18.376068  7952 caffe.cpp:314] Batch 5116, accuracy1+2+3 = 1
I0418 09:35:18.516696  6080 data_layer.cpp:128] Prefetch batch: 140 ms.
I0418 09:35:18.516696  6080 data_layer.cpp:129]      Read time: 93.754 ms.
I0418 09:35:18.516696  6080 data_layer.cpp:130] Transform time: 46.874 ms.
I0418 09:35:19.360484  7952 caffe.cpp:314] Batch 5117, accuracy1+2 = 1
I0418 09:35:19.360484  7952 caffe.cpp:314] Batch 5117, accuracy1+2+3 = 1
I0418 09:35:19.469866  6080 data_layer.cpp:128] Prefetch batch: 109 ms.
I0418 09:35:19.469866  6080 data_layer.cpp:129]      Read time: 0 ms.
I0418 09:35:19.469866  6080 data_layer.cpp:130] Transform time: 109.381 ms.
I0418 09:35:20.329269  7952 caffe.cpp:314] Batch 5118, accuracy1+2 = 1
I0418 09:35:20.329269  7952 caffe.cpp:314] Batch 5118, accuracy1+2+3 = 1
I0418 09:35:20.454274  6080 data_layer.cpp:128] Prefetch batch: 125 ms.
I0418 09:35:20.454274  6080 data_layer.cpp:129]      Read time: 93.753 ms.
I0418 09:35:20.454274  6080 data_layer.cpp:130] Transform time: 31.252 ms.
I0418 09:35:21.298060  7952 caffe.cpp:314] Batch 5119, accuracy1+2 = 1
I0418 09:35:21.298060  7952 caffe.cpp:314] Batch 5119, accuracy1+2+3 = 1
I0418 09:35:21.423066  6080 data_layer.cpp:128] Prefetch batch: 125 ms.
I0418 09:35:21.423066  6080 data_layer.cpp:129]      Read time: 93.753 ms.
I0418 09:35:21.423066  6080 data_layer.cpp:130] Transform time: 31.253 ms.
I0418 09:35:22.282474  7952 caffe.cpp:314] Batch 5120, accuracy1+2 = 1
I0418 09:35:22.282474  7952 caffe.cpp:314] Batch 5120, accuracy1+2+3 = 1
I0418 09:35:22.376224  6080 data_layer.cpp:128] Prefetch batch: 93 ms.
I0418 09:35:22.376224  6080 data_layer.cpp:129]      Read time: 0 ms.
I0418 09:35:22.376224  6080 data_layer.cpp:130] Transform time: 93.749 ms.
I0418 09:35:23.251261  7952 caffe.cpp:314] Batch 5121, accuracy1+2 = 1
I0418 09:35:23.251261  7952 caffe.cpp:314] Batch 5121, accuracy1+2+3 = 1
I0418 09:35:23.376261  6080 data_layer.cpp:128] Prefetch batch: 125 ms.
I0418 09:35:23.376261  6080 data_layer.cpp:129]      Read time: 93.754 ms.
I0418 09:35:23.376261  6080 data_layer.cpp:130] Transform time: 31.246 ms.
I0418 09:35:24.220049  7952 caffe.cpp:314] Batch 5122, accuracy1+2 = 1
I0418 09:35:24.220049  7952 caffe.cpp:314] Batch 5122, accuracy1+2+3 = 1
I0418 09:35:24.345046  6080 data_layer.cpp:128] Prefetch batch: 124 ms.
I0418 09:35:24.345046  6080 data_layer.cpp:129]      Read time: 93.75 ms.
I0418 09:35:24.345046  6080 data_layer.cpp:130] Transform time: 31.247 ms.
I0418 09:35:25.204457  7952 caffe.cpp:314] Batch 5123, accuracy1+2 = 1
I0418 09:35:25.204457  7952 caffe.cpp:314] Batch 5123, accuracy1+2+3 = 1
I0418 09:35:25.329468  6080 data_layer.cpp:128] Prefetch batch: 125 ms.
I0418 09:35:25.329468  6080 data_layer.cpp:129]      Read time: 78.128 ms.
I0418 09:35:25.329468  6080 data_layer.cpp:130] Transform time: 46.882 ms.
I0418 09:35:26.173247  7952 caffe.cpp:314] Batch 5124, accuracy1+2 = 1
I0418 09:35:26.173247  7952 caffe.cpp:314] Batch 5124, accuracy1+2+3 = 1
I0418 09:35:26.298250  6080 data_layer.cpp:128] Prefetch batch: 125 ms.
I0418 09:35:26.298250  6080 data_layer.cpp:129]      Read time: 93.753 ms.
I0418 09:35:26.298250  6080 data_layer.cpp:130] Transform time: 31.25 ms.
I0418 09:35:27.142035  7952 caffe.cpp:314] Batch 5125, accuracy1+2 = 1
I0418 09:35:27.142035  7952 caffe.cpp:314] Batch 5125, accuracy1+2+3 = 1
I0418 09:35:27.267041  6080 data_layer.cpp:128] Prefetch batch: 125 ms.
I0418 09:35:27.267041  6080 data_layer.cpp:129]      Read time: 93.757 ms.
I0418 09:35:27.267041  6080 data_layer.cpp:130] Transform time: 31.249 ms.
I0418 09:35:28.110826  7952 caffe.cpp:314] Batch 5126, accuracy1+2 = 1
I0418 09:35:28.110826  7952 caffe.cpp:314] Batch 5126, accuracy1+2+3 = 1
I0418 09:35:28.220201  6080 data_layer.cpp:128] Prefetch batch: 109 ms.
I0418 09:35:28.220201  6080 data_layer.cpp:129]      Read time: 0 ms.
I0418 09:35:28.220201  6080 data_layer.cpp:130] Transform time: 109.376 ms.
I0418 09:35:29.079617  7952 caffe.cpp:314] Batch 5127, accuracy1+2 = 1
I0418 09:35:29.079617  7952 caffe.cpp:314] Batch 5127, accuracy1+2+3 = 1
I0418 09:35:29.204618  6080 data_layer.cpp:128] Prefetch batch: 125 ms.
I0418 09:35:29.204618  6080 data_layer.cpp:129]      Read time: 93.748 ms.
I0418 09:35:29.204618  6080 data_layer.cpp:130] Transform time: 31.254 ms.
I0418 09:35:30.064028  7952 caffe.cpp:314] Batch 5128, accuracy1+2 = 1
I0418 09:35:30.064028  7952 caffe.cpp:314] Batch 5128, accuracy1+2+3 = 1
I0418 09:35:30.189031  6080 data_layer.cpp:128] Prefetch batch: 125 ms.
I0418 09:35:30.189031  6080 data_layer.cpp:129]      Read time: 93.752 ms.
I0418 09:35:30.189031  6080 data_layer.cpp:130] Transform time: 31.251 ms.
I0418 09:35:31.032816  7952 caffe.cpp:314] Batch 5129, accuracy1+2 = 0
I0418 09:35:31.032816  7952 caffe.cpp:314] Batch 5129, accuracy1+2+3 = 0
I0418 09:35:31.157822  6080 data_layer.cpp:128] Prefetch batch: 125 ms.
I0418 09:35:31.157822  6080 data_layer.cpp:129]      Read time: 93.751 ms.
I0418 09:35:31.157822  6080 data_layer.cpp:130] Transform time: 31.255 ms.
I0418 09:35:32.001605  7952 caffe.cpp:314] Batch 5130, accuracy1+2 = 1
I0418 09:35:32.001605  7952 caffe.cpp:314] Batch 5130, accuracy1+2+3 = 1
I0418 09:35:32.110985  6080 data_layer.cpp:128] Prefetch batch: 109 ms.
I0418 09:35:32.110985  6080 data_layer.cpp:129]      Read time: 0 ms.
I0418 09:35:32.110985  6080 data_layer.cpp:130] Transform time: 109.38 ms.
I0418 09:35:32.970392  7952 caffe.cpp:314] Batch 5131, accuracy1+2 = 1
I0418 09:35:32.970392  7952 caffe.cpp:314] Batch 5131, accuracy1+2+3 = 1
I0418 09:35:33.111017  6080 data_layer.cpp:128] Prefetch batch: 140 ms.
I0418 09:35:33.111017  6080 data_layer.cpp:129]      Read time: 93.749 ms.
I0418 09:35:33.111017  6080 data_layer.cpp:130] Transform time: 46.876 ms.
I0418 09:35:33.954803  7952 caffe.cpp:314] Batch 5132, accuracy1+2 = 1
I0418 09:35:33.954803  7952 caffe.cpp:314] Batch 5132, accuracy1+2+3 = 1
I0418 09:35:34.079807  6080 data_layer.cpp:128] Prefetch batch: 125 ms.
I0418 09:35:34.079807  6080 data_layer.cpp:129]      Read time: 93.75 ms.
I0418 09:35:34.079807  6080 data_layer.cpp:130] Transform time: 31.254 ms.
I0418 09:35:34.939220  7952 caffe.cpp:314] Batch 5133, accuracy1+2 = 1
I0418 09:35:34.939220  7952 caffe.cpp:314] Batch 5133, accuracy1+2+3 = 1
I0418 09:35:35.064225  6080 data_layer.cpp:128] Prefetch batch: 125 ms.
I0418 09:35:35.064225  6080 data_layer.cpp:129]      Read time: 93.752 ms.
I0418 09:35:35.064225  6080 data_layer.cpp:130] Transform time: 31.253 ms.
I0418 09:35:35.954883  7952 caffe.cpp:314] Batch 5134, accuracy1+2 = 1
I0418 09:35:35.954883  7952 caffe.cpp:314] Batch 5134, accuracy1+2+3 = 1
I0418 09:35:36.079885  6080 data_layer.cpp:128] Prefetch batch: 125 ms.
I0418 09:35:36.079885  6080 data_layer.cpp:129]      Read time: 78.13 ms.
I0418 09:35:36.079885  6080 data_layer.cpp:130] Transform time: 46.871 ms.
I0418 09:35:36.939296  7952 caffe.cpp:314] Batch 5135, accuracy1+2 = 1
I0418 09:35:36.939296  7952 caffe.cpp:314] Batch 5135, accuracy1+2+3 = 1
I0418 09:35:37.079922  6080 data_layer.cpp:128] Prefetch batch: 140 ms.
I0418 09:35:37.079922  6080 data_layer.cpp:129]      Read time: 93.75 ms.
I0418 09:35:37.079922  6080 data_layer.cpp:130] Transform time: 46.876 ms.
I0418 09:35:37.923712  7952 caffe.cpp:314] Batch 5136, accuracy1+2 = 1
I0418 09:35:37.923712  7952 caffe.cpp:314] Batch 5136, accuracy1+2+3 = 1
I0418 09:35:38.017462  6080 data_layer.cpp:128] Prefetch batch: 93 ms.
I0418 09:35:38.017462  6080 data_layer.cpp:129]      Read time: 0 ms.
I0418 09:35:38.017462  6080 data_layer.cpp:130] Transform time: 93.749 ms.
I0418 09:35:38.892498  7952 caffe.cpp:314] Batch 5137, accuracy1+2 = 1
I0418 09:35:38.892498  7952 caffe.cpp:314] Batch 5137, accuracy1+2+3 = 1
I0418 09:35:39.017498  6080 data_layer.cpp:128] Prefetch batch: 125 ms.
I0418 09:35:39.017498  6080 data_layer.cpp:129]      Read time: 93.744 ms.
I0418 09:35:39.017498  6080 data_layer.cpp:130] Transform time: 31.257 ms.
I0418 09:35:39.861285  7952 caffe.cpp:314] Batch 5138, accuracy1+2 = 1
I0418 09:35:39.861285  7952 caffe.cpp:314] Batch 5138, accuracy1+2+3 = 1
I0418 09:35:39.986294  6080 data_layer.cpp:128] Prefetch batch: 125 ms.
I0418 09:35:39.986294  6080 data_layer.cpp:129]      Read time: 93.762 ms.
I0418 09:35:39.986294  6080 data_layer.cpp:130] Transform time: 31.246 ms.
I0418 09:35:40.845695  7952 caffe.cpp:314] Batch 5139, accuracy1+2 = 0
I0418 09:35:40.845695  7952 caffe.cpp:314] Batch 5139, accuracy1+2+3 = 0
I0418 09:35:40.970700  6080 data_layer.cpp:128] Prefetch batch: 125 ms.
I0418 09:35:40.970700  6080 data_layer.cpp:129]      Read time: 78.136 ms.
I0418 09:35:40.970700  6080 data_layer.cpp:130] Transform time: 46.869 ms.
I0418 09:35:41.814486  7952 caffe.cpp:314] Batch 5140, accuracy1+2 = 1
I0418 09:35:41.814486  7952 caffe.cpp:314] Batch 5140, accuracy1+2+3 = 1
I0418 09:35:41.939488  6080 data_layer.cpp:128] Prefetch batch: 125 ms.
I0418 09:35:41.939488  6080 data_layer.cpp:129]      Read time: 93.757 ms.
I0418 09:35:41.939488  6080 data_layer.cpp:130] Transform time: 31.246 ms.
I0418 09:35:42.798903  7952 caffe.cpp:314] Batch 5141, accuracy1+2 = 1
I0418 09:35:42.798903  7952 caffe.cpp:314] Batch 5141, accuracy1+2+3 = 1
I0418 09:35:42.923902  6080 data_layer.cpp:128] Prefetch batch: 124 ms.
I0418 09:35:42.923902  6080 data_layer.cpp:129]      Read time: 78.126 ms.
I0418 09:35:42.923902  6080 data_layer.cpp:130] Transform time: 46.873 ms.
I0418 09:35:43.767688  7952 caffe.cpp:314] Batch 5142, accuracy1+2 = 1
I0418 09:35:43.767688  7952 caffe.cpp:314] Batch 5142, accuracy1+2+3 = 1
I0418 09:35:43.861444  6080 data_layer.cpp:128] Prefetch batch: 93 ms.
I0418 09:35:43.861444  6080 data_layer.cpp:129]      Read time: 0 ms.
I0418 09:35:43.861444  6080 data_layer.cpp:130] Transform time: 93.757 ms.
I0418 09:35:44.736474  7952 caffe.cpp:314] Batch 5143, accuracy1+2 = 1
I0418 09:35:44.736474  7952 caffe.cpp:314] Batch 5143, accuracy1+2+3 = 1
I0418 09:35:44.861479  6080 data_layer.cpp:128] Prefetch batch: 125 ms.
I0418 09:35:44.861479  6080 data_layer.cpp:129]      Read time: 93.76 ms.
I0418 09:35:44.861479  6080 data_layer.cpp:130] Transform time: 31.245 ms.
I0418 09:35:45.705265  7952 caffe.cpp:314] Batch 5144, accuracy1+2 = 1
I0418 09:35:45.705265  7952 caffe.cpp:314] Batch 5144, accuracy1+2+3 = 1
I0418 09:35:45.845896  6080 data_layer.cpp:128] Prefetch batch: 140 ms.
I0418 09:35:45.845896  6080 data_layer.cpp:129]      Read time: 93.743 ms.
I0418 09:35:45.845896  6080 data_layer.cpp:130] Transform time: 46.888 ms.
I0418 09:35:46.689682  7952 caffe.cpp:314] Batch 5145, accuracy1+2 = 1
I0418 09:35:46.689682  7952 caffe.cpp:314] Batch 5145, accuracy1+2+3 = 1
I0418 09:35:46.814680  6080 data_layer.cpp:128] Prefetch batch: 124 ms.
I0418 09:35:46.814680  6080 data_layer.cpp:129]      Read time: 93.751 ms.
I0418 09:35:46.814680  6080 data_layer.cpp:130] Transform time: 31.248 ms.
I0418 09:35:47.658466  7952 caffe.cpp:314] Batch 5146, accuracy1+2 = 1
I0418 09:35:47.658466  7952 caffe.cpp:314] Batch 5146, accuracy1+2+3 = 1
I0418 09:35:47.783470  6080 data_layer.cpp:128] Prefetch batch: 125 ms.
I0418 09:35:47.783470  6080 data_layer.cpp:129]      Read time: 93.753 ms.
I0418 09:35:47.783470  6080 data_layer.cpp:130] Transform time: 31.251 ms.
I0418 09:35:48.642879  7952 caffe.cpp:314] Batch 5147, accuracy1+2 = 0
I0418 09:35:48.642879  7952 caffe.cpp:314] Batch 5147, accuracy1+2+3 = 0
I0418 09:35:48.752261  6080 data_layer.cpp:128] Prefetch batch: 109 ms.
I0418 09:35:48.752261  6080 data_layer.cpp:129]      Read time: 0 ms.
I0418 09:35:48.752261  6080 data_layer.cpp:130] Transform time: 109.382 ms.
I0418 09:35:49.611665  7952 caffe.cpp:314] Batch 5148, accuracy1+2 = 1
I0418 09:35:49.611665  7952 caffe.cpp:314] Batch 5148, accuracy1+2+3 = 1
I0418 09:35:49.736670  6080 data_layer.cpp:128] Prefetch batch: 125 ms.
I0418 09:35:49.736670  6080 data_layer.cpp:129]      Read time: 93.765 ms.
I0418 09:35:49.736670  6080 data_layer.cpp:130] Transform time: 31.24 ms.
I0418 09:35:50.580452  7952 caffe.cpp:314] Batch 5149, accuracy1+2 = 1
I0418 09:35:50.580452  7952 caffe.cpp:314] Batch 5149, accuracy1+2+3 = 1
I0418 09:35:50.705458  6080 data_layer.cpp:128] Prefetch batch: 125 ms.
I0418 09:35:50.705458  6080 data_layer.cpp:129]      Read time: 93.754 ms.
I0418 09:35:50.705458  6080 data_layer.cpp:130] Transform time: 31.252 ms.
I0418 09:35:51.564870  7952 caffe.cpp:314] Batch 5150, accuracy1+2 = 1
I0418 09:35:51.564870  7952 caffe.cpp:314] Batch 5150, accuracy1+2+3 = 1
I0418 09:35:51.689875  6080 data_layer.cpp:128] Prefetch batch: 125 ms.
I0418 09:35:51.689875  6080 data_layer.cpp:129]      Read time: 78.122 ms.
I0418 09:35:51.689875  6080 data_layer.cpp:130] Transform time: 46.883 ms.
I0418 09:35:52.533660  7952 caffe.cpp:314] Batch 5151, accuracy1+2 = 1
I0418 09:35:52.533660  7952 caffe.cpp:314] Batch 5151, accuracy1+2+3 = 1
I0418 09:35:52.658663  6080 data_layer.cpp:128] Prefetch batch: 125 ms.
I0418 09:35:52.658663  6080 data_layer.cpp:129]      Read time: 93.749 ms.
I0418 09:35:52.658663  6080 data_layer.cpp:130] Transform time: 31.254 ms.
I0418 09:35:53.502449  7952 caffe.cpp:314] Batch 5152, accuracy1+2 = 1
I0418 09:35:53.502449  7952 caffe.cpp:314] Batch 5152, accuracy1+2+3 = 1
I0418 09:35:53.611824  6080 data_layer.cpp:128] Prefetch batch: 109 ms.
I0418 09:35:53.611824  6080 data_layer.cpp:129]      Read time: 0 ms.
I0418 09:35:53.611824  6080 data_layer.cpp:130] Transform time: 109.374 ms.
I0418 09:35:54.471237  7952 caffe.cpp:314] Batch 5153, accuracy1+2 = 0
I0418 09:35:54.471237  7952 caffe.cpp:314] Batch 5153, accuracy1+2+3 = 0
I0418 09:35:54.596236  6080 data_layer.cpp:128] Prefetch batch: 124 ms.
I0418 09:35:54.596236  6080 data_layer.cpp:129]      Read time: 93.76 ms.
I0418 09:35:54.596236  6080 data_layer.cpp:130] Transform time: 31.239 ms.
I0418 09:35:55.455649  7952 caffe.cpp:314] Batch 5154, accuracy1+2 = 1
I0418 09:35:55.455649  7952 caffe.cpp:314] Batch 5154, accuracy1+2+3 = 1
I0418 09:35:55.580648  6080 data_layer.cpp:128] Prefetch batch: 124 ms.
I0418 09:35:55.580648  6080 data_layer.cpp:129]      Read time: 78.123 ms.
I0418 09:35:55.580648  6080 data_layer.cpp:130] Transform time: 46.876 ms.
I0418 09:35:56.424439  7952 caffe.cpp:314] Batch 5155, accuracy1+2 = 1
I0418 09:35:56.424439  7952 caffe.cpp:314] Batch 5155, accuracy1+2+3 = 1
I0418 09:35:56.549451  6080 data_layer.cpp:128] Prefetch batch: 125 ms.
I0418 09:35:56.549451  6080 data_layer.cpp:129]      Read time: 93.751 ms.
I0418 09:35:56.549451  6080 data_layer.cpp:130] Transform time: 31.261 ms.
I0418 09:35:57.393225  7952 caffe.cpp:314] Batch 5156, accuracy1+2 = 1
I0418 09:35:57.393225  7952 caffe.cpp:314] Batch 5156, accuracy1+2+3 = 1
I0418 09:35:57.502601  6080 data_layer.cpp:128] Prefetch batch: 109 ms.
I0418 09:35:57.502601  6080 data_layer.cpp:129]      Read time: 0 ms.
I0418 09:35:57.502601  6080 data_layer.cpp:130] Transform time: 109.376 ms.
I0418 09:35:58.362016  7952 caffe.cpp:314] Batch 5157, accuracy1+2 = 0
I0418 09:35:58.362016  7952 caffe.cpp:314] Batch 5157, accuracy1+2+3 = 0
I0418 09:35:58.487012  6080 data_layer.cpp:128] Prefetch batch: 124 ms.
I0418 09:35:58.487012  6080 data_layer.cpp:129]      Read time: 93.745 ms.
I0418 09:35:58.487012  6080 data_layer.cpp:130] Transform time: 31.251 ms.
I0418 09:35:59.330802  7952 caffe.cpp:314] Batch 5158, accuracy1+2 = 0
I0418 09:35:59.330802  7952 caffe.cpp:314] Batch 5158, accuracy1+2+3 = 0
I0418 09:35:59.471432  6080 data_layer.cpp:128] Prefetch batch: 140 ms.
I0418 09:35:59.471432  6080 data_layer.cpp:129]      Read time: 93.749 ms.
I0418 09:35:59.471432  6080 data_layer.cpp:130] Transform time: 31.252 ms.
I0418 09:36:00.315213  7952 caffe.cpp:314] Batch 5159, accuracy1+2 = 1
I0418 09:36:00.315213  7952 caffe.cpp:314] Batch 5159, accuracy1+2+3 = 1
I0418 09:36:00.440220  6080 data_layer.cpp:128] Prefetch batch: 125 ms.
I0418 09:36:00.440220  6080 data_layer.cpp:129]      Read time: 31.253 ms.
I0418 09:36:00.440220  6080 data_layer.cpp:130] Transform time: 93.754 ms.
I0418 09:36:01.284001  7952 caffe.cpp:314] Batch 5160, accuracy1+2 = 1
I0418 09:36:01.284001  7952 caffe.cpp:314] Batch 5160, accuracy1+2+3 = 1
I0418 09:36:01.455886  6080 data_layer.cpp:128] Prefetch batch: 171 ms.
I0418 09:36:01.455886  6080 data_layer.cpp:129]      Read time: 140.632 ms.
I0418 09:36:01.455886  6080 data_layer.cpp:130] Transform time: 31.253 ms.
I0418 09:36:02.252789  7952 caffe.cpp:314] Batch 5161, accuracy1+2 = 1
I0418 09:36:02.252789  7952 caffe.cpp:314] Batch 5161, accuracy1+2+3 = 1
I0418 09:36:02.377794  6080 data_layer.cpp:128] Prefetch batch: 125 ms.
I0418 09:36:02.377794  6080 data_layer.cpp:129]      Read time: 93.755 ms.
I0418 09:36:02.377794  6080 data_layer.cpp:130] Transform time: 31.251 ms.
I0418 09:36:03.237205  7952 caffe.cpp:314] Batch 5162, accuracy1+2 = 1
I0418 09:36:03.237205  7952 caffe.cpp:314] Batch 5162, accuracy1+2+3 = 1
I0418 09:36:03.362203  6080 data_layer.cpp:128] Prefetch batch: 124 ms.
I0418 09:36:03.362203  6080 data_layer.cpp:129]      Read time: 78.124 ms.
I0418 09:36:03.362203  6080 data_layer.cpp:130] Transform time: 46.874 ms.
I0418 09:36:04.205992  7952 caffe.cpp:314] Batch 5163, accuracy1+2 = 1
I0418 09:36:04.205992  7952 caffe.cpp:314] Batch 5163, accuracy1+2+3 = 1
I0418 09:36:04.299746  6080 data_layer.cpp:128] Prefetch batch: 93 ms.
I0418 09:36:04.299746  6080 data_layer.cpp:129]      Read time: 0 ms.
I0418 09:36:04.299746  6080 data_layer.cpp:130] Transform time: 93.753 ms.
I0418 09:36:05.174777  7952 caffe.cpp:314] Batch 5164, accuracy1+2 = 1
I0418 09:36:05.174777  7952 caffe.cpp:314] Batch 5164, accuracy1+2+3 = 1
I0418 09:36:05.299778  6080 data_layer.cpp:128] Prefetch batch: 125 ms.
I0418 09:36:05.299778  6080 data_layer.cpp:129]      Read time: 93.758 ms.
I0418 09:36:05.299778  6080 data_layer.cpp:130] Transform time: 31.244 ms.
I0418 09:36:06.143569  7952 caffe.cpp:314] Batch 5165, accuracy1+2 = 0
I0418 09:36:06.159180  7952 caffe.cpp:314] Batch 5165, accuracy1+2+3 = 0
I0418 09:36:06.284195  6080 data_layer.cpp:128] Prefetch batch: 125 ms.
I0418 09:36:06.284195  6080 data_layer.cpp:129]      Read time: 78.143 ms.
I0418 09:36:06.284195  6080 data_layer.cpp:130] Transform time: 46.872 ms.
I0418 09:36:07.143595  7952 caffe.cpp:314] Batch 5166, accuracy1+2 = 1
I0418 09:36:07.143595  7952 caffe.cpp:314] Batch 5166, accuracy1+2+3 = 1
I0418 09:36:07.268618  6080 data_layer.cpp:128] Prefetch batch: 125 ms.
I0418 09:36:07.268618  6080 data_layer.cpp:129]      Read time: 93.761 ms.
I0418 09:36:07.268618  6080 data_layer.cpp:130] Transform time: 31.262 ms.
I0418 09:36:08.128015  7952 caffe.cpp:314] Batch 5167, accuracy1+2 = 0
I0418 09:36:08.128015  7952 caffe.cpp:314] Batch 5167, accuracy1+2+3 = 0
I0418 09:36:08.221776  6080 data_layer.cpp:128] Prefetch batch: 93 ms.
I0418 09:36:08.221776  6080 data_layer.cpp:129]      Read time: 0 ms.
I0418 09:36:08.221776  6080 data_layer.cpp:130] Transform time: 93.761 ms.
I0418 09:36:09.096809  7952 caffe.cpp:314] Batch 5168, accuracy1+2 = 1
I0418 09:36:09.096809  7952 caffe.cpp:314] Batch 5168, accuracy1+2+3 = 1
I0418 09:36:09.221814  6080 data_layer.cpp:128] Prefetch batch: 125 ms.
I0418 09:36:09.221814  6080 data_layer.cpp:129]      Read time: 93.75 ms.
I0418 09:36:09.221814  6080 data_layer.cpp:130] Transform time: 31.255 ms.
I0418 09:36:10.065598  7952 caffe.cpp:314] Batch 5169, accuracy1+2 = 0
I0418 09:36:10.065598  7952 caffe.cpp:314] Batch 5169, accuracy1+2+3 = 0
I0418 09:36:10.206228  6080 data_layer.cpp:128] Prefetch batch: 140 ms.
I0418 09:36:10.206228  6080 data_layer.cpp:129]      Read time: 93.754 ms.
I0418 09:36:10.206228  6080 data_layer.cpp:130] Transform time: 46.876 ms.
I0418 09:36:11.050009  7952 caffe.cpp:314] Batch 5170, accuracy1+2 = 1
I0418 09:36:11.050009  7952 caffe.cpp:314] Batch 5170, accuracy1+2+3 = 1
I0418 09:36:11.175016  6080 data_layer.cpp:128] Prefetch batch: 125 ms.
I0418 09:36:11.175016  6080 data_layer.cpp:129]      Read time: 93.75 ms.
I0418 09:36:11.175016  6080 data_layer.cpp:130] Transform time: 31.258 ms.
I0418 09:36:12.018793  7952 caffe.cpp:314] Batch 5171, accuracy1+2 = 1
I0418 09:36:12.018793  7952 caffe.cpp:314] Batch 5171, accuracy1+2+3 = 1
I0418 09:36:12.143805  6080 data_layer.cpp:128] Prefetch batch: 125 ms.
I0418 09:36:12.143805  6080 data_layer.cpp:129]      Read time: 93.758 ms.
I0418 09:36:12.143805  6080 data_layer.cpp:130] Transform time: 31.253 ms.
I0418 09:36:13.018831  7952 caffe.cpp:314] Batch 5172, accuracy1+2 = 1
I0418 09:36:13.018831  7952 caffe.cpp:314] Batch 5172, accuracy1+2+3 = 1
I0418 09:36:13.143831  6080 data_layer.cpp:128] Prefetch batch: 125 ms.
I0418 09:36:13.143831  6080 data_layer.cpp:129]      Read time: 93.749 ms.
I0418 09:36:13.143831  6080 data_layer.cpp:130] Transform time: 31.251 ms.
I0418 09:36:14.034490  7952 caffe.cpp:314] Batch 5173, accuracy1+2 = 0
I0418 09:36:14.034490  7952 caffe.cpp:314] Batch 5173, accuracy1+2+3 = 1
I0418 09:36:14.128244  6080 data_layer.cpp:128] Prefetch batch: 93 ms.
I0418 09:36:14.128244  6080 data_layer.cpp:129]      Read time: 0 ms.
I0418 09:36:14.143870  6080 data_layer.cpp:130] Transform time: 93.754 ms.
I0418 09:36:15.034541  7952 caffe.cpp:314] Batch 5174, accuracy1+2 = 0
I0418 09:36:15.034541  7952 caffe.cpp:314] Batch 5174, accuracy1+2+3 = 0
I0418 09:36:15.159539  6080 data_layer.cpp:128] Prefetch batch: 124 ms.
I0418 09:36:15.159539  6080 data_layer.cpp:129]      Read time: 94.018 ms.
I0418 09:36:15.159539  6080 data_layer.cpp:130] Transform time: 30.98 ms.
I0418 09:36:16.018950  7952 caffe.cpp:314] Batch 5175, accuracy1+2 = 0
I0418 09:36:16.018950  7952 caffe.cpp:314] Batch 5175, accuracy1+2+3 = 0
I0418 09:36:16.143956  6080 data_layer.cpp:128] Prefetch batch: 125 ms.
I0418 09:36:16.143956  6080 data_layer.cpp:129]      Read time: 93.754 ms.
I0418 09:36:16.143956  6080 data_layer.cpp:130] Transform time: 31.252 ms.
I0418 09:36:16.987741  7952 caffe.cpp:314] Batch 5176, accuracy1+2 = 0
I0418 09:36:16.987741  7952 caffe.cpp:314] Batch 5176, accuracy1+2+3 = 0
I0418 09:36:17.112747  6080 data_layer.cpp:128] Prefetch batch: 125 ms.
I0418 09:36:17.112747  6080 data_layer.cpp:129]      Read time: 93.756 ms.
I0418 09:36:17.112747  6080 data_layer.cpp:130] Transform time: 31.25 ms.
I0418 09:36:17.956526  7952 caffe.cpp:314] Batch 5177, accuracy1+2 = 1
I0418 09:36:17.956526  7952 caffe.cpp:314] Batch 5177, accuracy1+2+3 = 1
I0418 09:36:18.081528  6080 data_layer.cpp:128] Prefetch batch: 125 ms.
I0418 09:36:18.081528  6080 data_layer.cpp:129]      Read time: 93.756 ms.
I0418 09:36:18.081528  6080 data_layer.cpp:130] Transform time: 31.247 ms.
I0418 09:36:18.940943  7952 caffe.cpp:314] Batch 5178, accuracy1+2 = 1
I0418 09:36:18.940943  7952 caffe.cpp:314] Batch 5178, accuracy1+2+3 = 1
I0418 09:36:19.050324  6080 data_layer.cpp:128] Prefetch batch: 109 ms.
I0418 09:36:19.050324  6080 data_layer.cpp:129]      Read time: 0 ms.
I0418 09:36:19.050324  6080 data_layer.cpp:130] Transform time: 109.381 ms.
I0418 09:36:19.909730  7952 caffe.cpp:314] Batch 5179, accuracy1+2 = 0
I0418 09:36:19.909730  7952 caffe.cpp:314] Batch 5179, accuracy1+2+3 = 0
I0418 09:36:20.034739  6080 data_layer.cpp:128] Prefetch batch: 125 ms.
I0418 09:36:20.034739  6080 data_layer.cpp:129]      Read time: 94.007 ms.
I0418 09:36:20.034739  6080 data_layer.cpp:130] Transform time: 31.001 ms.
I0418 09:36:20.878753  7952 caffe.cpp:314] Batch 5180, accuracy1+2 = 1
I0418 09:36:20.878753  7952 caffe.cpp:314] Batch 5180, accuracy1+2+3 = 1
I0418 09:36:21.003764  6080 data_layer.cpp:128] Prefetch batch: 125 ms.
I0418 09:36:21.003764  6080 data_layer.cpp:129]      Read time: 93.519 ms.
I0418 09:36:21.003764  6080 data_layer.cpp:130] Transform time: 31.492 ms.
I0418 09:36:21.862936  7952 caffe.cpp:314] Batch 5181, accuracy1+2 = 1
I0418 09:36:21.862936  7952 caffe.cpp:314] Batch 5181, accuracy1+2+3 = 1
I0418 09:36:21.987933  6080 data_layer.cpp:128] Prefetch batch: 124 ms.
I0418 09:36:21.987933  6080 data_layer.cpp:129]      Read time: 78.125 ms.
I0418 09:36:21.987933  6080 data_layer.cpp:130] Transform time: 46.872 ms.
I0418 09:36:22.831724  7952 caffe.cpp:314] Batch 5182, accuracy1+2 = 1
I0418 09:36:22.831724  7952 caffe.cpp:314] Batch 5182, accuracy1+2+3 = 1
I0418 09:36:22.925472  6080 data_layer.cpp:128] Prefetch batch: 93 ms.
I0418 09:36:22.941102  6080 data_layer.cpp:129]      Read time: 0 ms.
I0418 09:36:22.941102  6080 data_layer.cpp:130] Transform time: 93.747 ms.
I0418 09:36:23.800506  7952 caffe.cpp:314] Batch 5183, accuracy1+2 = 1
I0418 09:36:23.800506  7952 caffe.cpp:314] Batch 5183, accuracy1+2+3 = 1
I0418 09:36:23.925510  6080 data_layer.cpp:128] Prefetch batch: 125 ms.
I0418 09:36:23.925510  6080 data_layer.cpp:129]      Read time: 93.75 ms.
I0418 09:36:23.925510  6080 data_layer.cpp:130] Transform time: 31.254 ms.
I0418 09:36:24.769296  7952 caffe.cpp:314] Batch 5184, accuracy1+2 = 1
I0418 09:36:24.769296  7952 caffe.cpp:314] Batch 5184, accuracy1+2+3 = 1
I0418 09:36:24.894300  6080 data_layer.cpp:128] Prefetch batch: 125 ms.
I0418 09:36:24.894300  6080 data_layer.cpp:129]      Read time: 93.748 ms.
I0418 09:36:24.894300  6080 data_layer.cpp:130] Transform time: 31.256 ms.
I0418 09:36:25.753923  7952 caffe.cpp:314] Batch 5185, accuracy1+2 = 1
I0418 09:36:25.753923  7952 caffe.cpp:314] Batch 5185, accuracy1+2+3 = 1
I0418 09:36:25.878926  6080 data_layer.cpp:128] Prefetch batch: 125 ms.
I0418 09:36:25.878926  6080 data_layer.cpp:129]      Read time: 77.918 ms.
I0418 09:36:25.878926  6080 data_layer.cpp:130] Transform time: 47.085 ms.
I0418 09:36:26.722509  7952 caffe.cpp:314] Batch 5186, accuracy1+2 = 1
I0418 09:36:26.722509  7952 caffe.cpp:314] Batch 5186, accuracy1+2+3 = 1
I0418 09:36:26.847501  6080 data_layer.cpp:128] Prefetch batch: 124 ms.
I0418 09:36:26.847501  6080 data_layer.cpp:129]      Read time: 93.741 ms.
I0418 09:36:26.847501  6080 data_layer.cpp:130] Transform time: 31.251 ms.
I0418 09:36:27.691285  7952 caffe.cpp:314] Batch 5187, accuracy1+2 = 1
I0418 09:36:27.691285  7952 caffe.cpp:314] Batch 5187, accuracy1+2+3 = 1
I0418 09:36:27.800662  6080 data_layer.cpp:128] Prefetch batch: 109 ms.
I0418 09:36:27.800662  6080 data_layer.cpp:129]      Read time: 0 ms.
I0418 09:36:27.800662  6080 data_layer.cpp:130] Transform time: 109.377 ms.
I0418 09:36:28.660076  7952 caffe.cpp:314] Batch 5188, accuracy1+2 = 1
I0418 09:36:28.660076  7952 caffe.cpp:314] Batch 5188, accuracy1+2+3 = 1
I0418 09:36:28.785080  6080 data_layer.cpp:128] Prefetch batch: 125 ms.
I0418 09:36:28.785080  6080 data_layer.cpp:129]      Read time: 93.968 ms.
I0418 09:36:28.785080  6080 data_layer.cpp:130] Transform time: 31.036 ms.
I0418 09:36:29.644484  7952 caffe.cpp:314] Batch 5189, accuracy1+2 = 1
I0418 09:36:29.644484  7952 caffe.cpp:314] Batch 5189, accuracy1+2+3 = 1
I0418 09:36:29.769498  6080 data_layer.cpp:128] Prefetch batch: 125 ms.
I0418 09:36:29.769498  6080 data_layer.cpp:129]      Read time: 78.128 ms.
I0418 09:36:29.769498  6080 data_layer.cpp:130] Transform time: 46.886 ms.
I0418 09:36:30.613275  7952 caffe.cpp:314] Batch 5190, accuracy1+2 = 1
I0418 09:36:30.613275  7952 caffe.cpp:314] Batch 5190, accuracy1+2+3 = 1
I0418 09:36:30.738277  6080 data_layer.cpp:128] Prefetch batch: 125 ms.
I0418 09:36:30.738277  6080 data_layer.cpp:129]      Read time: 93.757 ms.
I0418 09:36:30.738277  6080 data_layer.cpp:130] Transform time: 31.246 ms.
I0418 09:36:31.582062  7952 caffe.cpp:314] Batch 5191, accuracy1+2 = 1
I0418 09:36:31.582062  7952 caffe.cpp:314] Batch 5191, accuracy1+2+3 = 1
I0418 09:36:31.707067  6080 data_layer.cpp:128] Prefetch batch: 125 ms.
I0418 09:36:31.707067  6080 data_layer.cpp:129]      Read time: 93.761 ms.
I0418 09:36:31.707067  6080 data_layer.cpp:130] Transform time: 31.245 ms.
I0418 09:36:32.550855  7952 caffe.cpp:314] Batch 5192, accuracy1+2 = 1
I0418 09:36:32.550855  7952 caffe.cpp:314] Batch 5192, accuracy1+2+3 = 1
I0418 09:36:32.660229  6080 data_layer.cpp:128] Prefetch batch: 109 ms.
I0418 09:36:32.660229  6080 data_layer.cpp:129]      Read time: 0 ms.
I0418 09:36:32.660229  6080 data_layer.cpp:130] Transform time: 109.374 ms.
I0418 09:36:33.535269  7952 caffe.cpp:314] Batch 5193, accuracy1+2 = 1
I0418 09:36:33.535269  7952 caffe.cpp:314] Batch 5193, accuracy1+2+3 = 1
I0418 09:36:33.660270  6080 data_layer.cpp:128] Prefetch batch: 125 ms.
I0418 09:36:33.660270  6080 data_layer.cpp:129]      Read time: 78.12 ms.
I0418 09:36:33.660270  6080 data_layer.cpp:130] Transform time: 46.882 ms.
I0418 09:36:34.504204  7952 caffe.cpp:314] Batch 5194, accuracy1+2 = 1
I0418 09:36:34.504204  7952 caffe.cpp:314] Batch 5194, accuracy1+2+3 = 1
I0418 09:36:34.629212  6080 data_layer.cpp:128] Prefetch batch: 125 ms.
I0418 09:36:34.629212  6080 data_layer.cpp:129]      Read time: 93.602 ms.
I0418 09:36:34.629212  6080 data_layer.cpp:130] Transform time: 31.407 ms.
I0418 09:36:35.472844  7952 caffe.cpp:314] Batch 5195, accuracy1+2 = 1
I0418 09:36:35.472844  7952 caffe.cpp:314] Batch 5195, accuracy1+2+3 = 1
I0418 09:36:35.597839  6080 data_layer.cpp:128] Prefetch batch: 124 ms.
I0418 09:36:35.597839  6080 data_layer.cpp:129]      Read time: 93.748 ms.
I0418 09:36:35.597839  6080 data_layer.cpp:130] Transform time: 31.247 ms.
I0418 09:36:36.441629  7952 caffe.cpp:314] Batch 5196, accuracy1+2 = 1
I0418 09:36:36.441629  7952 caffe.cpp:314] Batch 5196, accuracy1+2+3 = 1
I0418 09:36:36.551005  6080 data_layer.cpp:128] Prefetch batch: 109 ms.
I0418 09:36:36.551005  6080 data_layer.cpp:129]      Read time: 0 ms.
I0418 09:36:36.551005  6080 data_layer.cpp:130] Transform time: 109.376 ms.
I0418 09:36:37.426048  7952 caffe.cpp:314] Batch 5197, accuracy1+2 = 1
I0418 09:36:37.426048  7952 caffe.cpp:314] Batch 5197, accuracy1+2+3 = 1
I0418 09:36:37.551054  6080 data_layer.cpp:128] Prefetch batch: 125 ms.
I0418 09:36:37.551054  6080 data_layer.cpp:129]      Read time: 78.254 ms.
I0418 09:36:37.551054  6080 data_layer.cpp:130] Transform time: 46.752 ms.
I0418 09:36:38.394829  7952 caffe.cpp:314] Batch 5198, accuracy1+2 = 1
I0418 09:36:38.394829  7952 caffe.cpp:314] Batch 5198, accuracy1+2+3 = 1
I0418 09:36:38.519839  6080 data_layer.cpp:128] Prefetch batch: 125 ms.
I0418 09:36:38.519839  6080 data_layer.cpp:129]      Read time: 93.754 ms.
I0418 09:36:38.519839  6080 data_layer.cpp:130] Transform time: 31.256 ms.
I0418 09:36:39.363621  7952 caffe.cpp:314] Batch 5199, accuracy1+2 = 0
I0418 09:36:39.363621  7952 caffe.cpp:314] Batch 5199, accuracy1+2+3 = 0
I0418 09:36:39.488627  6080 data_layer.cpp:128] Prefetch batch: 125 ms.
I0418 09:36:39.488627  6080 data_layer.cpp:129]      Read time: 93.753 ms.
I0418 09:36:39.488627  6080 data_layer.cpp:130] Transform time: 31.253 ms.
I0418 09:36:40.332407  7952 caffe.cpp:314] Batch 5200, accuracy1+2 = 1
I0418 09:36:40.332407  7952 caffe.cpp:314] Batch 5200, accuracy1+2+3 = 1
I0418 09:36:40.457409  6080 data_layer.cpp:128] Prefetch batch: 125 ms.
I0418 09:36:40.457409  6080 data_layer.cpp:129]      Read time: 93.754 ms.
I0418 09:36:40.457409  6080 data_layer.cpp:130] Transform time: 31.248 ms.
I0418 09:36:41.316819  7952 caffe.cpp:314] Batch 5201, accuracy1+2 = 1
I0418 09:36:41.316819  7952 caffe.cpp:314] Batch 5201, accuracy1+2+3 = 1
I0418 09:36:41.441823  6080 data_layer.cpp:128] Prefetch batch: 125 ms.
I0418 09:36:41.441823  6080 data_layer.cpp:129]      Read time: 78.126 ms.
I0418 09:36:41.441823  6080 data_layer.cpp:130] Transform time: 46.877 ms.
I0418 09:36:42.285604  7952 caffe.cpp:314] Batch 5202, accuracy1+2 = 1
I0418 09:36:42.285604  7952 caffe.cpp:314] Batch 5202, accuracy1+2+3 = 0
I0418 09:36:42.379462  6080 data_layer.cpp:128] Prefetch batch: 93 ms.
I0418 09:36:42.379462  6080 data_layer.cpp:129]      Read time: 0 ms.
I0418 09:36:42.379462  6080 data_layer.cpp:130] Transform time: 93.858 ms.
I0418 09:36:43.285651  7952 caffe.cpp:314] Batch 5203, accuracy1+2 = 1
I0418 09:36:43.285651  7952 caffe.cpp:314] Batch 5203, accuracy1+2+3 = 1
I0418 09:36:43.410655  6080 data_layer.cpp:128] Prefetch batch: 125 ms.
I0418 09:36:43.410655  6080 data_layer.cpp:129]      Read time: 93.84 ms.
I0418 09:36:43.410655  6080 data_layer.cpp:130] Transform time: 31.163 ms.
I0418 09:36:44.254526  7952 caffe.cpp:314] Batch 5204, accuracy1+2 = 1
I0418 09:36:44.254526  7952 caffe.cpp:314] Batch 5204, accuracy1+2+3 = 1
I0418 09:36:44.379530  6080 data_layer.cpp:128] Prefetch batch: 125 ms.
I0418 09:36:44.379530  6080 data_layer.cpp:129]      Read time: 93.66 ms.
I0418 09:36:44.379530  6080 data_layer.cpp:130] Transform time: 31.344 ms.
I0418 09:36:45.223224  7952 caffe.cpp:314] Batch 5205, accuracy1+2 = 1
I0418 09:36:45.223224  7952 caffe.cpp:314] Batch 5205, accuracy1+2+3 = 1
I0418 09:36:45.348233  6080 data_layer.cpp:128] Prefetch batch: 125 ms.
I0418 09:36:45.348233  6080 data_layer.cpp:129]      Read time: 93.75 ms.
I0418 09:36:45.348233  6080 data_layer.cpp:130] Transform time: 31.259 ms.
I0418 09:36:46.207639  7952 caffe.cpp:314] Batch 5206, accuracy1+2 = 1
I0418 09:36:46.207639  7952 caffe.cpp:314] Batch 5206, accuracy1+2+3 = 1
I0418 09:36:46.332639  6080 data_layer.cpp:128] Prefetch batch: 125 ms.
I0418 09:36:46.332639  6080 data_layer.cpp:129]      Read time: 78.126 ms.
I0418 09:36:46.332639  6080 data_layer.cpp:130] Transform time: 46.874 ms.
I0418 09:36:47.176429  7952 caffe.cpp:314] Batch 5207, accuracy1+2 = 0
I0418 09:36:47.176429  7952 caffe.cpp:314] Batch 5207, accuracy1+2+3 = 0
I0418 09:36:47.285810  6080 data_layer.cpp:128] Prefetch batch: 109 ms.
I0418 09:36:47.285810  6080 data_layer.cpp:129]      Read time: 0 ms.
I0418 09:36:47.285810  6080 data_layer.cpp:130] Transform time: 109.381 ms.
I0418 09:36:48.145212  7952 caffe.cpp:314] Batch 5208, accuracy1+2 = 1
I0418 09:36:48.145212  7952 caffe.cpp:314] Batch 5208, accuracy1+2+3 = 1
I0418 09:36:48.270220  6080 data_layer.cpp:128] Prefetch batch: 125 ms.
I0418 09:36:48.270220  6080 data_layer.cpp:129]      Read time: 93.752 ms.
I0418 09:36:48.270220  6080 data_layer.cpp:130] Transform time: 31.256 ms.
I0418 09:36:49.129680  7952 caffe.cpp:314] Batch 5209, accuracy1+2 = 1
I0418 09:36:49.129680  7952 caffe.cpp:314] Batch 5209, accuracy1+2+3 = 1
I0418 09:36:49.254685  6080 data_layer.cpp:128] Prefetch batch: 125 ms.
I0418 09:36:49.254685  6080 data_layer.cpp:129]      Read time: 93.7 ms.
I0418 09:36:49.254685  6080 data_layer.cpp:130] Transform time: 31.305 ms.
I0418 09:36:50.114032  7952 caffe.cpp:314] Batch 5210, accuracy1+2 = 1
I0418 09:36:50.114032  7952 caffe.cpp:314] Batch 5210, accuracy1+2+3 = 1
I0418 09:36:50.239047  6080 data_layer.cpp:128] Prefetch batch: 125 ms.
I0418 09:36:50.239047  6080 data_layer.cpp:129]      Read time: 78.132 ms.
I0418 09:36:50.239047  6080 data_layer.cpp:130] Transform time: 46.883 ms.
I0418 09:36:51.114070  7952 caffe.cpp:314] Batch 5211, accuracy1+2 = 1
I0418 09:36:51.129724  7952 caffe.cpp:314] Batch 5211, accuracy1+2+3 = 1
I0418 09:36:51.254753  6080 data_layer.cpp:128] Prefetch batch: 125 ms.
I0418 09:36:51.254753  6080 data_layer.cpp:129]      Read time: 78.12 ms.
I0418 09:36:51.254753  6080 data_layer.cpp:130] Transform time: 46.909 ms.
I0418 09:36:52.114123  7952 caffe.cpp:314] Batch 5212, accuracy1+2 = 1
I0418 09:36:52.114123  7952 caffe.cpp:314] Batch 5212, accuracy1+2+3 = 1
I0418 09:36:52.223500  6080 data_layer.cpp:128] Prefetch batch: 93 ms.
I0418 09:36:52.223500  6080 data_layer.cpp:129]      Read time: 0 ms.
I0418 09:36:52.223500  6080 data_layer.cpp:130] Transform time: 93.725 ms.
I0418 09:36:53.098537  7952 caffe.cpp:314] Batch 5213, accuracy1+2 = 1
I0418 09:36:53.098537  7952 caffe.cpp:314] Batch 5213, accuracy1+2+3 = 1
I0418 09:36:53.223536  6080 data_layer.cpp:128] Prefetch batch: 124 ms.
I0418 09:36:53.223536  6080 data_layer.cpp:129]      Read time: 78.124 ms.
I0418 09:36:53.223536  6080 data_layer.cpp:130] Transform time: 46.875 ms.
I0418 09:36:54.067322  7952 caffe.cpp:314] Batch 5214, accuracy1+2 = 1
I0418 09:36:54.067322  7952 caffe.cpp:314] Batch 5214, accuracy1+2+3 = 1
I0418 09:36:54.192322  6080 data_layer.cpp:128] Prefetch batch: 125 ms.
I0418 09:36:54.192322  6080 data_layer.cpp:129]      Read time: 93.754 ms.
I0418 09:36:54.192322  6080 data_layer.cpp:130] Transform time: 31.246 ms.
I0418 09:36:55.036113  7952 caffe.cpp:314] Batch 5215, accuracy1+2 = 1
I0418 09:36:55.036113  7952 caffe.cpp:314] Batch 5215, accuracy1+2+3 = 1
I0418 09:36:55.161118  6080 data_layer.cpp:128] Prefetch batch: 125 ms.
I0418 09:36:55.161118  6080 data_layer.cpp:129]      Read time: 93.762 ms.
I0418 09:36:55.161118  6080 data_layer.cpp:130] Transform time: 31.243 ms.
I0418 09:36:56.004886  7952 caffe.cpp:314] Batch 5216, accuracy1+2 = 1
I0418 09:36:56.004886  7952 caffe.cpp:314] Batch 5216, accuracy1+2+3 = 1
I0418 09:36:56.145526  6080 data_layer.cpp:128] Prefetch batch: 140 ms.
I0418 09:36:56.145526  6080 data_layer.cpp:129]      Read time: 93.762 ms.
I0418 09:36:56.145526  6080 data_layer.cpp:130] Transform time: 46.878 ms.
I0418 09:36:56.989310  7952 caffe.cpp:314] Batch 5217, accuracy1+2 = 1
I0418 09:36:56.989310  7952 caffe.cpp:314] Batch 5217, accuracy1+2+3 = 1
I0418 09:36:57.083061  6080 data_layer.cpp:128] Prefetch batch: 93 ms.
I0418 09:36:57.083061  6080 data_layer.cpp:129]      Read time: 0 ms.
I0418 09:36:57.083061  6080 data_layer.cpp:130] Transform time: 93.751 ms.
I0418 09:36:57.958098  7952 caffe.cpp:314] Batch 5218, accuracy1+2 = 1
I0418 09:36:57.958098  7952 caffe.cpp:314] Batch 5218, accuracy1+2+3 = 1
I0418 09:36:58.083103  6080 data_layer.cpp:128] Prefetch batch: 125 ms.
I0418 09:36:58.083103  6080 data_layer.cpp:129]      Read time: 93.751 ms.
I0418 09:36:58.083103  6080 data_layer.cpp:130] Transform time: 31.254 ms.
I0418 09:36:58.926885  7952 caffe.cpp:314] Batch 5219, accuracy1+2 = 1
I0418 09:36:58.926885  7952 caffe.cpp:314] Batch 5219, accuracy1+2+3 = 1
I0418 09:36:59.051888  6080 data_layer.cpp:128] Prefetch batch: 125 ms.
I0418 09:36:59.051888  6080 data_layer.cpp:129]      Read time: 93.753 ms.
I0418 09:36:59.051888  6080 data_layer.cpp:130] Transform time: 31.25 ms.
I0418 09:36:59.895676  7952 caffe.cpp:314] Batch 5220, accuracy1+2 = 1
I0418 09:36:59.895676  7952 caffe.cpp:314] Batch 5220, accuracy1+2+3 = 1
I0418 09:37:00.020678  6080 data_layer.cpp:128] Prefetch batch: 125 ms.
I0418 09:37:00.020678  6080 data_layer.cpp:129]      Read time: 93.755 ms.
I0418 09:37:00.020678  6080 data_layer.cpp:130] Transform time: 31.247 ms.
I0418 09:37:00.880077  7952 caffe.cpp:314] Batch 5221, accuracy1+2 = 1
I0418 09:37:00.880077  7952 caffe.cpp:314] Batch 5221, accuracy1+2+3 = 1
I0418 09:37:01.005082  6080 data_layer.cpp:128] Prefetch batch: 125 ms.
I0418 09:37:01.005082  6080 data_layer.cpp:129]      Read time: 78.137 ms.
I0418 09:37:01.005082  6080 data_layer.cpp:130] Transform time: 46.868 ms.
I0418 09:37:01.848872  7952 caffe.cpp:314] Batch 5222, accuracy1+2 = 1
I0418 09:37:01.848872  7952 caffe.cpp:314] Batch 5222, accuracy1+2+3 = 1
I0418 09:37:01.942629  6080 data_layer.cpp:128] Prefetch batch: 93 ms.
I0418 09:37:01.942629  6080 data_layer.cpp:129]      Read time: 0 ms.
I0418 09:37:01.942629  6080 data_layer.cpp:130] Transform time: 93.757 ms.
I0418 09:37:02.817661  7952 caffe.cpp:314] Batch 5223, accuracy1+2 = 1
I0418 09:37:02.817661  7952 caffe.cpp:314] Batch 5223, accuracy1+2+3 = 1
I0418 09:37:02.942665  6080 data_layer.cpp:128] Prefetch batch: 125 ms.
I0418 09:37:02.942665  6080 data_layer.cpp:129]      Read time: 93.757 ms.
I0418 09:37:02.942665  6080 data_layer.cpp:130] Transform time: 31.248 ms.
I0418 09:37:03.786453  7952 caffe.cpp:314] Batch 5224, accuracy1+2 = 1
I0418 09:37:03.786453  7952 caffe.cpp:314] Batch 5224, accuracy1+2+3 = 1
I0418 09:37:03.911453  6080 data_layer.cpp:128] Prefetch batch: 125 ms.
I0418 09:37:03.911453  6080 data_layer.cpp:129]      Read time: 93.742 ms.
I0418 09:37:03.911453  6080 data_layer.cpp:130] Transform time: 31.259 ms.
I0418 09:37:04.770869  7952 caffe.cpp:314] Batch 5225, accuracy1+2 = 1
I0418 09:37:04.770869  7952 caffe.cpp:314] Batch 5225, accuracy1+2+3 = 1
I0418 09:37:04.895871  6080 data_layer.cpp:128] Prefetch batch: 125 ms.
I0418 09:37:04.895871  6080 data_layer.cpp:129]      Read time: 78.127 ms.
I0418 09:37:04.895871  6080 data_layer.cpp:130] Transform time: 46.875 ms.
I0418 09:37:05.739657  7952 caffe.cpp:314] Batch 5226, accuracy1+2 = 1
I0418 09:37:05.739657  7952 caffe.cpp:314] Batch 5226, accuracy1+2+3 = 1
I0418 09:37:05.864660  6080 data_layer.cpp:128] Prefetch batch: 125 ms.
I0418 09:37:05.864660  6080 data_layer.cpp:129]      Read time: 93.749 ms.
I0418 09:37:05.864660  6080 data_layer.cpp:130] Transform time: 31.254 ms.
I0418 09:37:06.708439  7952 caffe.cpp:314] Batch 5227, accuracy1+2 = 1
I0418 09:37:06.708439  7952 caffe.cpp:314] Batch 5227, accuracy1+2+3 = 1
I0418 09:37:06.833448  6080 data_layer.cpp:128] Prefetch batch: 125 ms.
I0418 09:37:06.833448  6080 data_layer.cpp:129]      Read time: 93.759 ms.
I0418 09:37:06.833448  6080 data_layer.cpp:130] Transform time: 31.25 ms.
I0418 09:37:07.692857  7952 caffe.cpp:314] Batch 5228, accuracy1+2 = 1
I0418 09:37:07.692857  7952 caffe.cpp:314] Batch 5228, accuracy1+2+3 = 1
I0418 09:37:07.786610  6080 data_layer.cpp:128] Prefetch batch: 93 ms.
I0418 09:37:07.786610  6080 data_layer.cpp:129]      Read time: 0 ms.
I0418 09:37:07.786610  6080 data_layer.cpp:130] Transform time: 93.754 ms.
I0418 09:37:08.661644  7952 caffe.cpp:314] Batch 5229, accuracy1+2 = 1
I0418 09:37:08.661644  7952 caffe.cpp:314] Batch 5229, accuracy1+2+3 = 1
I0418 09:37:08.786651  6080 data_layer.cpp:128] Prefetch batch: 125 ms.
I0418 09:37:08.786651  6080 data_layer.cpp:129]      Read time: 78.13 ms.
I0418 09:37:08.786651  6080 data_layer.cpp:130] Transform time: 46.877 ms.
I0418 09:37:09.630420  7952 caffe.cpp:314] Batch 5230, accuracy1+2 = 1
I0418 09:37:09.630420  7952 caffe.cpp:314] Batch 5230, accuracy1+2+3 = 1
I0418 09:37:09.755425  6080 data_layer.cpp:128] Prefetch batch: 125 ms.
I0418 09:37:09.755425  6080 data_layer.cpp:129]      Read time: 93.762 ms.
I0418 09:37:09.755425  6080 data_layer.cpp:130] Transform time: 31.243 ms.
I0418 09:37:10.599218  7952 caffe.cpp:314] Batch 5231, accuracy1+2 = 1
I0418 09:37:10.599218  7952 caffe.cpp:314] Batch 5231, accuracy1+2+3 = 1
I0418 09:37:10.724228  6080 data_layer.cpp:128] Prefetch batch: 125 ms.
I0418 09:37:10.724228  6080 data_layer.cpp:129]      Read time: 93.755 ms.
I0418 09:37:10.724228  6080 data_layer.cpp:130] Transform time: 31.255 ms.
I0418 09:37:11.568004  7952 caffe.cpp:314] Batch 5232, accuracy1+2 = 1
I0418 09:37:11.568004  7952 caffe.cpp:314] Batch 5232, accuracy1+2+3 = 1
I0418 09:37:11.708633  6080 data_layer.cpp:128] Prefetch batch: 140 ms.
I0418 09:37:11.708633  6080 data_layer.cpp:129]      Read time: 93.762 ms.
I0418 09:37:11.708633  6080 data_layer.cpp:130] Transform time: 46.867 ms.
I0418 09:37:12.552418  7952 caffe.cpp:314] Batch 5233, accuracy1+2 = 1
I0418 09:37:12.552418  7952 caffe.cpp:314] Batch 5233, accuracy1+2+3 = 1
I0418 09:37:12.677428  6080 data_layer.cpp:128] Prefetch batch: 125 ms.
I0418 09:37:12.677428  6080 data_layer.cpp:129]      Read time: 93.769 ms.
I0418 09:37:12.677428  6080 data_layer.cpp:130] Transform time: 31.241 ms.
I0418 09:37:13.521214  7952 caffe.cpp:314] Batch 5234, accuracy1+2 = 1
I0418 09:37:13.521214  7952 caffe.cpp:314] Batch 5234, accuracy1+2+3 = 1
I0418 09:37:13.630578  6080 data_layer.cpp:128] Prefetch batch: 109 ms.
I0418 09:37:13.630578  6080 data_layer.cpp:129]      Read time: 0 ms.
I0418 09:37:13.630578  6080 data_layer.cpp:130] Transform time: 109.364 ms.
I0418 09:37:14.505611  7952 caffe.cpp:314] Batch 5235, accuracy1+2 = 1
I0418 09:37:14.505611  7952 caffe.cpp:314] Batch 5235, accuracy1+2+3 = 1
I0418 09:37:14.630616  6080 data_layer.cpp:128] Prefetch batch: 125 ms.
I0418 09:37:14.630616  6080 data_layer.cpp:129]      Read time: 78.146 ms.
I0418 09:37:14.630616  6080 data_layer.cpp:130] Transform time: 46.859 ms.
I0418 09:37:15.490034  7952 caffe.cpp:314] Batch 5236, accuracy1+2 = 1
I0418 09:37:15.490034  7952 caffe.cpp:314] Batch 5236, accuracy1+2+3 = 1
I0418 09:37:15.615044  6080 data_layer.cpp:128] Prefetch batch: 125 ms.
I0418 09:37:15.615044  6080 data_layer.cpp:129]      Read time: 93.756 ms.
I0418 09:37:15.615044  6080 data_layer.cpp:130] Transform time: 31.254 ms.
I0418 09:37:16.474447  7952 caffe.cpp:314] Batch 5237, accuracy1+2 = 1
I0418 09:37:16.474447  7952 caffe.cpp:314] Batch 5237, accuracy1+2+3 = 1
I0418 09:37:16.599457  6080 data_layer.cpp:128] Prefetch batch: 125 ms.
I0418 09:37:16.599457  6080 data_layer.cpp:129]      Read time: 93.754 ms.
I0418 09:37:16.599457  6080 data_layer.cpp:130] Transform time: 31.257 ms.
I0418 09:37:17.443233  7952 caffe.cpp:314] Batch 5238, accuracy1+2 = 1
I0418 09:37:17.443233  7952 caffe.cpp:314] Batch 5238, accuracy1+2+3 = 1
I0418 09:37:17.552616  6080 data_layer.cpp:128] Prefetch batch: 109 ms.
I0418 09:37:17.552616  6080 data_layer.cpp:129]      Read time: 0 ms.
I0418 09:37:17.552616  6080 data_layer.cpp:130] Transform time: 109.384 ms.
I0418 09:37:18.412030  7952 caffe.cpp:314] Batch 5239, accuracy1+2 = 1
I0418 09:37:18.412030  7952 caffe.cpp:314] Batch 5239, accuracy1+2+3 = 1
I0418 09:37:18.537034  6080 data_layer.cpp:128] Prefetch batch: 125 ms.
I0418 09:37:18.537034  6080 data_layer.cpp:129]      Read time: 93.738 ms.
I0418 09:37:18.537034  6080 data_layer.cpp:130] Transform time: 31.266 ms.
I0418 09:37:19.396442  7952 caffe.cpp:314] Batch 5240, accuracy1+2 = 1
I0418 09:37:19.396442  7952 caffe.cpp:314] Batch 5240, accuracy1+2+3 = 1
I0418 09:37:19.521448  6080 data_layer.cpp:128] Prefetch batch: 125 ms.
I0418 09:37:19.521448  6080 data_layer.cpp:129]      Read time: 93.753 ms.
I0418 09:37:19.521448  6080 data_layer.cpp:130] Transform time: 31.253 ms.
I0418 09:37:20.365217  7952 caffe.cpp:314] Batch 5241, accuracy1+2 = 1
I0418 09:37:20.365217  7952 caffe.cpp:314] Batch 5241, accuracy1+2+3 = 1
I0418 09:37:20.490229  6080 data_layer.cpp:128] Prefetch batch: 125 ms.
I0418 09:37:20.490229  6080 data_layer.cpp:129]      Read time: 93.761 ms.
I0418 09:37:20.490229  6080 data_layer.cpp:130] Transform time: 31.251 ms.
I0418 09:37:21.334015  7952 caffe.cpp:314] Batch 5242, accuracy1+2 = 0
I0418 09:37:21.334015  7952 caffe.cpp:314] Batch 5242, accuracy1+2+3 = 0
I0418 09:37:21.459022  6080 data_layer.cpp:128] Prefetch batch: 125 ms.
I0418 09:37:21.459022  6080 data_layer.cpp:129]      Read time: 93.758 ms.
I0418 09:37:21.459022  6080 data_layer.cpp:130] Transform time: 31.248 ms.
I0418 09:37:22.318428  7952 caffe.cpp:314] Batch 5243, accuracy1+2 = 1
I0418 09:37:22.318428  7952 caffe.cpp:314] Batch 5243, accuracy1+2+3 = 1
I0418 09:37:22.427812  6080 data_layer.cpp:128] Prefetch batch: 109 ms.
I0418 09:37:22.427812  6080 data_layer.cpp:129]      Read time: 0 ms.
I0418 09:37:22.427812  6080 data_layer.cpp:130] Transform time: 109.384 ms.
I0418 09:37:23.287216  7952 caffe.cpp:314] Batch 5244, accuracy1+2 = 1
I0418 09:37:23.287216  7952 caffe.cpp:314] Batch 5244, accuracy1+2+3 = 1
I0418 09:37:23.412227  6080 data_layer.cpp:128] Prefetch batch: 125 ms.
I0418 09:37:23.412227  6080 data_layer.cpp:129]      Read time: 93.743 ms.
I0418 09:37:23.412227  6080 data_layer.cpp:130] Transform time: 31.268 ms.
I0418 09:37:24.271633  7952 caffe.cpp:314] Batch 5245, accuracy1+2 = 1
I0418 09:37:24.271633  7952 caffe.cpp:314] Batch 5245, accuracy1+2+3 = 1
I0418 09:37:24.396636  6080 data_layer.cpp:128] Prefetch batch: 125 ms.
I0418 09:37:24.396636  6080 data_layer.cpp:129]      Read time: 78.12 ms.
I0418 09:37:24.396636  6080 data_layer.cpp:130] Transform time: 46.883 ms.
I0418 09:37:25.240418  7952 caffe.cpp:314] Batch 5246, accuracy1+2 = 1
I0418 09:37:25.240418  7952 caffe.cpp:314] Batch 5246, accuracy1+2+3 = 1
I0418 09:37:25.365427  6080 data_layer.cpp:128] Prefetch batch: 125 ms.
I0418 09:37:25.365427  6080 data_layer.cpp:129]      Read time: 93.757 ms.
I0418 09:37:25.365427  6080 data_layer.cpp:130] Transform time: 31.252 ms.
I0418 09:37:26.209208  7952 caffe.cpp:314] Batch 5247, accuracy1+2 = 1
I0418 09:37:26.209208  7952 caffe.cpp:314] Batch 5247, accuracy1+2+3 = 1
I0418 09:37:26.318588  6080 data_layer.cpp:128] Prefetch batch: 109 ms.
I0418 09:37:26.318588  6080 data_layer.cpp:129]      Read time: 0 ms.
I0418 09:37:26.318588  6080 data_layer.cpp:130] Transform time: 109.381 ms.
I0418 09:37:27.193610  7952 caffe.cpp:314] Batch 5248, accuracy1+2 = 1
I0418 09:37:27.193610  7952 caffe.cpp:314] Batch 5248, accuracy1+2+3 = 1
I0418 09:37:27.318615  6080 data_layer.cpp:128] Prefetch batch: 125 ms.
I0418 09:37:27.318615  6080 data_layer.cpp:129]      Read time: 78.128 ms.
I0418 09:37:27.318615  6080 data_layer.cpp:130] Transform time: 46.877 ms.
I0418 09:37:28.193650  7952 caffe.cpp:314] Batch 5249, accuracy1+2 = 1
I0418 09:37:28.193650  7952 caffe.cpp:314] Batch 5249, accuracy1+2+3 = 1
I0418 09:37:28.334285  6080 data_layer.cpp:128] Prefetch batch: 140 ms.
I0418 09:37:28.334285  6080 data_layer.cpp:129]      Read time: 93.754 ms.
I0418 09:37:28.334285  6080 data_layer.cpp:130] Transform time: 46.881 ms.
I0418 09:37:29.209327  7952 caffe.cpp:314] Batch 5250, accuracy1+2 = 1
I0418 09:37:29.209327  7952 caffe.cpp:314] Batch 5250, accuracy1+2+3 = 1
I0418 09:37:29.334326  6080 data_layer.cpp:128] Prefetch batch: 124 ms.
I0418 09:37:29.334326  6080 data_layer.cpp:129]      Read time: 93.747 ms.
I0418 09:37:29.334326  6080 data_layer.cpp:130] Transform time: 31.252 ms.
I0418 09:37:30.178115  7952 caffe.cpp:314] Batch 5251, accuracy1+2 = 1
I0418 09:37:30.178115  7952 caffe.cpp:314] Batch 5251, accuracy1+2+3 = 1
I0418 09:37:30.303118  6080 data_layer.cpp:128] Prefetch batch: 125 ms.
I0418 09:37:30.303118  6080 data_layer.cpp:129]      Read time: 93.751 ms.
I0418 09:37:30.303118  6080 data_layer.cpp:130] Transform time: 31.252 ms.
I0418 09:37:31.146894  7952 caffe.cpp:314] Batch 5252, accuracy1+2 = 1
I0418 09:37:31.146894  7952 caffe.cpp:314] Batch 5252, accuracy1+2+3 = 1
I0418 09:37:31.256269  6080 data_layer.cpp:128] Prefetch batch: 109 ms.
I0418 09:37:31.256269  6080 data_layer.cpp:129]      Read time: 0 ms.
I0418 09:37:31.256269  6080 data_layer.cpp:130] Transform time: 109.375 ms.
I0418 09:37:32.115692  7952 caffe.cpp:314] Batch 5253, accuracy1+2 = 1
I0418 09:37:32.115692  7952 caffe.cpp:314] Batch 5253, accuracy1+2+3 = 1
I0418 09:37:32.256307  6080 data_layer.cpp:128] Prefetch batch: 140 ms.
I0418 09:37:32.256307  6080 data_layer.cpp:129]      Read time: 93.747 ms.
I0418 09:37:32.256307  6080 data_layer.cpp:130] Transform time: 46.868 ms.
I0418 09:37:33.100098  7952 caffe.cpp:314] Batch 5254, accuracy1+2 = 1
I0418 09:37:33.100098  7952 caffe.cpp:314] Batch 5254, accuracy1+2+3 = 1
I0418 09:37:33.225105  6080 data_layer.cpp:128] Prefetch batch: 125 ms.
I0418 09:37:33.225105  6080 data_layer.cpp:129]      Read time: 78.13 ms.
I0418 09:37:33.225105  6080 data_layer.cpp:130] Transform time: 46.876 ms.
I0418 09:37:34.068886  7952 caffe.cpp:314] Batch 5255, accuracy1+2 = 1
I0418 09:37:34.068886  7952 caffe.cpp:314] Batch 5255, accuracy1+2+3 = 1
I0418 09:37:34.193895  6080 data_layer.cpp:128] Prefetch batch: 125 ms.
I0418 09:37:34.193895  6080 data_layer.cpp:129]      Read time: 93.772 ms.
I0418 09:37:34.193895  6080 data_layer.cpp:130] Transform time: 31.237 ms.
I0418 09:37:35.037674  7952 caffe.cpp:314] Batch 5256, accuracy1+2 = 1
I0418 09:37:35.037674  7952 caffe.cpp:314] Batch 5256, accuracy1+2+3 = 1
I0418 09:37:35.162684  6080 data_layer.cpp:128] Prefetch batch: 125 ms.
I0418 09:37:35.162684  6080 data_layer.cpp:129]      Read time: 93.747 ms.
I0418 09:37:35.162684  6080 data_layer.cpp:130] Transform time: 31.263 ms.
I0418 09:37:36.022091  7952 caffe.cpp:314] Batch 5257, accuracy1+2 = 1
I0418 09:37:36.022091  7952 caffe.cpp:314] Batch 5257, accuracy1+2+3 = 1
I0418 09:37:36.115842  6080 data_layer.cpp:128] Prefetch batch: 93 ms.
I0418 09:37:36.115842  6080 data_layer.cpp:129]      Read time: 0 ms.
I0418 09:37:36.115842  6080 data_layer.cpp:130] Transform time: 93.751 ms.
I0418 09:37:36.990881  7952 caffe.cpp:314] Batch 5258, accuracy1+2 = 1
I0418 09:37:36.990881  7952 caffe.cpp:314] Batch 5258, accuracy1+2+3 = 1
I0418 09:37:37.115885  6080 data_layer.cpp:128] Prefetch batch: 125 ms.
I0418 09:37:37.115885  6080 data_layer.cpp:129]      Read time: 93.752 ms.
I0418 09:37:37.115885  6080 data_layer.cpp:130] Transform time: 31.252 ms.
I0418 09:37:37.959666  7952 caffe.cpp:314] Batch 5259, accuracy1+2 = 1
I0418 09:37:37.959666  7952 caffe.cpp:314] Batch 5259, accuracy1+2+3 = 1
I0418 09:37:38.084676  6080 data_layer.cpp:128] Prefetch batch: 125 ms.
I0418 09:37:38.084676  6080 data_layer.cpp:129]      Read time: 93.755 ms.
I0418 09:37:38.084676  6080 data_layer.cpp:130] Transform time: 31.256 ms.
I0418 09:37:38.928460  7952 caffe.cpp:314] Batch 5260, accuracy1+2 = 1
I0418 09:37:38.928460  7952 caffe.cpp:314] Batch 5260, accuracy1+2+3 = 1
I0418 09:37:39.053460  6080 data_layer.cpp:128] Prefetch batch: 125 ms.
I0418 09:37:39.053460  6080 data_layer.cpp:129]      Read time: 93.751 ms.
I0418 09:37:39.053460  6080 data_layer.cpp:130] Transform time: 31.249 ms.
I0418 09:37:39.912873  7952 caffe.cpp:314] Batch 5261, accuracy1+2 = 1
I0418 09:37:39.912873  7952 caffe.cpp:314] Batch 5261, accuracy1+2+3 = 1
I0418 09:37:40.006613  6080 data_layer.cpp:128] Prefetch batch: 93 ms.
I0418 09:37:40.006613  6080 data_layer.cpp:129]      Read time: 0 ms.
I0418 09:37:40.006613  6080 data_layer.cpp:130] Transform time: 93.74 ms.
I0418 09:37:40.881650  7952 caffe.cpp:314] Batch 5262, accuracy1+2 = 1
I0418 09:37:40.881650  7952 caffe.cpp:314] Batch 5262, accuracy1+2+3 = 1
I0418 09:37:41.006651  6080 data_layer.cpp:128] Prefetch batch: 125 ms.
I0418 09:37:41.006651  6080 data_layer.cpp:129]      Read time: 93.761 ms.
I0418 09:37:41.006651  6080 data_layer.cpp:130] Transform time: 31.24 ms.
I0418 09:37:41.850443  7952 caffe.cpp:314] Batch 5263, accuracy1+2 = 1
I0418 09:37:41.850443  7952 caffe.cpp:314] Batch 5263, accuracy1+2+3 = 1
I0418 09:37:41.975453  6080 data_layer.cpp:128] Prefetch batch: 125 ms.
I0418 09:37:41.975453  6080 data_layer.cpp:129]      Read time: 93.759 ms.
I0418 09:37:41.975453  6080 data_layer.cpp:130] Transform time: 31.251 ms.
I0418 09:37:42.834861  7952 caffe.cpp:314] Batch 5264, accuracy1+2 = 0
I0418 09:37:42.834861  7952 caffe.cpp:314] Batch 5264, accuracy1+2+3 = 0
I0418 09:37:42.959868  6080 data_layer.cpp:128] Prefetch batch: 125 ms.
I0418 09:37:42.959868  6080 data_layer.cpp:129]      Read time: 93.752 ms.
I0418 09:37:42.959868  6080 data_layer.cpp:130] Transform time: 31.256 ms.
I0418 09:37:43.803643  7952 caffe.cpp:314] Batch 5265, accuracy1+2 = 1
I0418 09:37:43.803643  7952 caffe.cpp:314] Batch 5265, accuracy1+2+3 = 1
I0418 09:37:43.928653  6080 data_layer.cpp:128] Prefetch batch: 125 ms.
I0418 09:37:43.928653  6080 data_layer.cpp:129]      Read time: 93.755 ms.
I0418 09:37:43.928653  6080 data_layer.cpp:130] Transform time: 31.254 ms.
I0418 09:37:44.788064  7952 caffe.cpp:314] Batch 5266, accuracy1+2 = 1
I0418 09:37:44.788064  7952 caffe.cpp:314] Batch 5266, accuracy1+2+3 = 1
I0418 09:37:44.881855  6080 data_layer.cpp:128] Prefetch batch: 93 ms.
I0418 09:37:44.881855  6080 data_layer.cpp:129]      Read time: 0 ms.
I0418 09:37:44.881855  6080 data_layer.cpp:130] Transform time: 93.792 ms.
I0418 09:37:45.756844  7952 caffe.cpp:314] Batch 5267, accuracy1+2 = 1
I0418 09:37:45.756844  7952 caffe.cpp:314] Batch 5267, accuracy1+2+3 = 1
I0418 09:37:45.881882  6080 data_layer.cpp:128] Prefetch batch: 125 ms.
I0418 09:37:45.881882  6080 data_layer.cpp:129]      Read time: 93.757 ms.
I0418 09:37:45.881882  6080 data_layer.cpp:130] Transform time: 31.282 ms.
I0418 09:37:46.725638  7952 caffe.cpp:314] Batch 5268, accuracy1+2 = 1
I0418 09:37:46.725638  7952 caffe.cpp:314] Batch 5268, accuracy1+2+3 = 1
I0418 09:37:46.850637  6080 data_layer.cpp:128] Prefetch batch: 124 ms.
I0418 09:37:46.850637  6080 data_layer.cpp:129]      Read time: 93.749 ms.
I0418 09:37:46.850637  6080 data_layer.cpp:130] Transform time: 31.25 ms.
I0418 09:37:47.710058  7952 caffe.cpp:314] Batch 5269, accuracy1+2 = 1
I0418 09:37:47.710058  7952 caffe.cpp:314] Batch 5269, accuracy1+2+3 = 1
I0418 09:37:47.835053  6080 data_layer.cpp:128] Prefetch batch: 124 ms.
I0418 09:37:47.835053  6080 data_layer.cpp:129]      Read time: 78.117 ms.
I0418 09:37:47.835053  6080 data_layer.cpp:130] Transform time: 46.878 ms.
I0418 09:37:48.710090  7952 caffe.cpp:314] Batch 5270, accuracy1+2 = 0
I0418 09:37:48.710090  7952 caffe.cpp:314] Batch 5270, accuracy1+2+3 = 0
I0418 09:37:48.803839  6080 data_layer.cpp:128] Prefetch batch: 93 ms.
I0418 09:37:48.803839  6080 data_layer.cpp:129]      Read time: 0 ms.
I0418 09:37:48.803839  6080 data_layer.cpp:130] Transform time: 93.749 ms.
I0418 09:37:49.694500  7952 caffe.cpp:314] Batch 5271, accuracy1+2 = 1
I0418 09:37:49.694500  7952 caffe.cpp:314] Batch 5271, accuracy1+2+3 = 1
I0418 09:37:49.819507  6080 data_layer.cpp:128] Prefetch batch: 125 ms.
I0418 09:37:49.819507  6080 data_layer.cpp:129]      Read time: 93.755 ms.
I0418 09:37:49.819507  6080 data_layer.cpp:130] Transform time: 31.252 ms.
I0418 09:37:50.663280  7952 caffe.cpp:314] Batch 5272, accuracy1+2 = 1
I0418 09:37:50.663280  7952 caffe.cpp:314] Batch 5272, accuracy1+2+3 = 1
I0418 09:37:50.788295  6080 data_layer.cpp:128] Prefetch batch: 125 ms.
I0418 09:37:50.788295  6080 data_layer.cpp:129]      Read time: 93.76 ms.
I0418 09:37:50.788295  6080 data_layer.cpp:130] Transform time: 31.255 ms.
I0418 09:37:51.647708  7952 caffe.cpp:314] Batch 5273, accuracy1+2 = 1
I0418 09:37:51.647708  7952 caffe.cpp:314] Batch 5273, accuracy1+2+3 = 1
I0418 09:37:51.772708  6080 data_layer.cpp:128] Prefetch batch: 125 ms.
I0418 09:37:51.772708  6080 data_layer.cpp:129]      Read time: 78.122 ms.
I0418 09:37:51.772708  6080 data_layer.cpp:130] Transform time: 46.878 ms.
I0418 09:37:52.616492  7952 caffe.cpp:314] Batch 5274, accuracy1+2 = 1
I0418 09:37:52.616492  7952 caffe.cpp:314] Batch 5274, accuracy1+2+3 = 1
I0418 09:37:52.741487  6080 data_layer.cpp:128] Prefetch batch: 124 ms.
I0418 09:37:52.741487  6080 data_layer.cpp:129]      Read time: 93.758 ms.
I0418 09:37:52.741487  6080 data_layer.cpp:130] Transform time: 31.238 ms.
I0418 09:37:53.600896  7952 caffe.cpp:314] Batch 5275, accuracy1+2 = 0
I0418 09:37:53.600896  7952 caffe.cpp:314] Batch 5275, accuracy1+2+3 = 0
I0418 09:37:53.741526  6080 data_layer.cpp:128] Prefetch batch: 140 ms.
I0418 09:37:53.741526  6080 data_layer.cpp:129]      Read time: 109.379 ms.
I0418 09:37:53.741526  6080 data_layer.cpp:130] Transform time: 31.251 ms.
I0418 09:37:54.585316  7952 caffe.cpp:314] Batch 5276, accuracy1+2 = 1
I0418 09:37:54.585316  7952 caffe.cpp:314] Batch 5276, accuracy1+2+3 = 1
I0418 09:37:54.679072  6080 data_layer.cpp:128] Prefetch batch: 93 ms.
I0418 09:37:54.679072  6080 data_layer.cpp:129]      Read time: 0 ms.
I0418 09:37:54.679072  6080 data_layer.cpp:130] Transform time: 93.756 ms.
I0418 09:37:55.554103  7952 caffe.cpp:314] Batch 5277, accuracy1+2 = 1
I0418 09:37:55.554103  7952 caffe.cpp:314] Batch 5277, accuracy1+2+3 = 1
I0418 09:37:55.679108  6080 data_layer.cpp:128] Prefetch batch: 125 ms.
I0418 09:37:55.679108  6080 data_layer.cpp:129]      Read time: 93.759 ms.
I0418 09:37:55.679108  6080 data_layer.cpp:130] Transform time: 31.246 ms.
I0418 09:37:56.522897  7952 caffe.cpp:314] Batch 5278, accuracy1+2 = 1
I0418 09:37:56.522897  7952 caffe.cpp:314] Batch 5278, accuracy1+2+3 = 1
I0418 09:37:56.663522  6080 data_layer.cpp:128] Prefetch batch: 140 ms.
I0418 09:37:56.663522  6080 data_layer.cpp:129]      Read time: 93.75 ms.
I0418 09:37:56.663522  6080 data_layer.cpp:130] Transform time: 46.876 ms.
I0418 09:37:57.507320  7952 caffe.cpp:314] Batch 5279, accuracy1+2 = 1
I0418 09:37:57.507320  7952 caffe.cpp:314] Batch 5279, accuracy1+2+3 = 1
I0418 09:37:57.632310  6080 data_layer.cpp:128] Prefetch batch: 124 ms.
I0418 09:37:57.632310  6080 data_layer.cpp:129]      Read time: 93.744 ms.
I0418 09:37:57.632310  6080 data_layer.cpp:130] Transform time: 31.246 ms.
I0418 09:37:58.476097  7952 caffe.cpp:314] Batch 5280, accuracy1+2 = 1
I0418 09:37:58.476097  7952 caffe.cpp:314] Batch 5280, accuracy1+2+3 = 1
I0418 09:37:58.601090  6080 data_layer.cpp:128] Prefetch batch: 124 ms.
I0418 09:37:58.601090  6080 data_layer.cpp:129]      Read time: 93.742 ms.
I0418 09:37:58.616724  6080 data_layer.cpp:130] Transform time: 31.251 ms.
I0418 09:37:59.460511  7952 caffe.cpp:314] Batch 5281, accuracy1+2 = 1
I0418 09:37:59.460511  7952 caffe.cpp:314] Batch 5281, accuracy1+2+3 = 1
I0418 09:37:59.585506  6080 data_layer.cpp:128] Prefetch batch: 124 ms.
I0418 09:37:59.585506  6080 data_layer.cpp:129]      Read time: 93.743 ms.
I0418 09:37:59.585506  6080 data_layer.cpp:130] Transform time: 31.252 ms.
I0418 09:38:00.460546  7952 caffe.cpp:314] Batch 5282, accuracy1+2 = 1
I0418 09:38:00.460546  7952 caffe.cpp:314] Batch 5282, accuracy1+2+3 = 1
I0418 09:38:00.569927  6080 data_layer.cpp:128] Prefetch batch: 109 ms.
I0418 09:38:00.569927  6080 data_layer.cpp:129]      Read time: 0 ms.
I0418 09:38:00.569927  6080 data_layer.cpp:130] Transform time: 109.381 ms.
I0418 09:38:01.444969  7952 caffe.cpp:314] Batch 5283, accuracy1+2 = 1
I0418 09:38:01.444969  7952 caffe.cpp:314] Batch 5283, accuracy1+2+3 = 1
I0418 09:38:01.569965  6080 data_layer.cpp:128] Prefetch batch: 124 ms.
I0418 09:38:01.569965  6080 data_layer.cpp:129]      Read time: 62.5 ms.
I0418 09:38:01.569965  6080 data_layer.cpp:130] Transform time: 62.496 ms.
I0418 09:38:02.429376  7952 caffe.cpp:314] Batch 5284, accuracy1+2 = 1
I0418 09:38:02.429376  7952 caffe.cpp:314] Batch 5284, accuracy1+2+3 = 1
I0418 09:38:02.554378  6080 data_layer.cpp:128] Prefetch batch: 125 ms.
I0418 09:38:02.554378  6080 data_layer.cpp:129]      Read time: 93.752 ms.
I0418 09:38:02.554378  6080 data_layer.cpp:130] Transform time: 31.249 ms.
I0418 09:38:03.398167  7952 caffe.cpp:314] Batch 5285, accuracy1+2 = 1
I0418 09:38:03.398167  7952 caffe.cpp:314] Batch 5285, accuracy1+2+3 = 1
I0418 09:38:03.523167  6080 data_layer.cpp:128] Prefetch batch: 125 ms.
I0418 09:38:03.523167  6080 data_layer.cpp:129]      Read time: 93.749 ms.
I0418 09:38:03.523167  6080 data_layer.cpp:130] Transform time: 31.251 ms.
I0418 09:38:04.398206  7952 caffe.cpp:314] Batch 5286, accuracy1+2 = 1
I0418 09:38:04.398206  7952 caffe.cpp:314] Batch 5286, accuracy1+2+3 = 1
I0418 09:38:04.523200  6080 data_layer.cpp:128] Prefetch batch: 124 ms.
I0418 09:38:04.523200  6080 data_layer.cpp:129]      Read time: 15.619 ms.
I0418 09:38:04.523200  6080 data_layer.cpp:130] Transform time: 109.374 ms.
I0418 09:38:05.398246  7952 caffe.cpp:314] Batch 5287, accuracy1+2 = 1
I0418 09:38:05.398246  7952 caffe.cpp:314] Batch 5287, accuracy1+2+3 = 1
I0418 09:38:05.538864  6080 data_layer.cpp:128] Prefetch batch: 140 ms.
I0418 09:38:05.538864  6080 data_layer.cpp:129]      Read time: 93.742 ms.
I0418 09:38:05.538864  6080 data_layer.cpp:130] Transform time: 46.877 ms.
I0418 09:38:06.398285  7952 caffe.cpp:314] Batch 5288, accuracy1+2 = 1
I0418 09:38:06.398285  7952 caffe.cpp:314] Batch 5288, accuracy1+2+3 = 1
I0418 09:38:06.523316  6080 data_layer.cpp:128] Prefetch batch: 125 ms.
I0418 09:38:06.523316  6080 data_layer.cpp:129]      Read time: 78.125 ms.
I0418 09:38:06.523316  6080 data_layer.cpp:130] Transform time: 46.906 ms.
I0418 09:38:07.367069  7952 caffe.cpp:314] Batch 5289, accuracy1+2 = 0
I0418 09:38:07.382688  7952 caffe.cpp:314] Batch 5289, accuracy1+2+3 = 1
I0418 09:38:07.507696  6080 data_layer.cpp:128] Prefetch batch: 125 ms.
I0418 09:38:07.507696  6080 data_layer.cpp:129]      Read time: 78.138 ms.
I0418 09:38:07.507696  6080 data_layer.cpp:130] Transform time: 46.87 ms.
I0418 09:38:08.351482  7952 caffe.cpp:314] Batch 5290, accuracy1+2 = 1
I0418 09:38:08.351482  7952 caffe.cpp:314] Batch 5290, accuracy1+2+3 = 1
I0418 09:38:08.445240  6080 data_layer.cpp:128] Prefetch batch: 93 ms.
I0418 09:38:08.445240  6080 data_layer.cpp:129]      Read time: 0 ms.
I0418 09:38:08.445240  6080 data_layer.cpp:130] Transform time: 93.757 ms.
I0418 09:38:09.320272  7952 caffe.cpp:314] Batch 5291, accuracy1+2 = 1
I0418 09:38:09.320272  7952 caffe.cpp:314] Batch 5291, accuracy1+2+3 = 1
I0418 09:38:09.445278  6080 data_layer.cpp:128] Prefetch batch: 125 ms.
I0418 09:38:09.445278  6080 data_layer.cpp:129]      Read time: 93.758 ms.
I0418 09:38:09.445278  6080 data_layer.cpp:130] Transform time: 31.248 ms.
I0418 09:38:10.304683  7952 caffe.cpp:314] Batch 5292, accuracy1+2 = 1
I0418 09:38:10.304683  7952 caffe.cpp:314] Batch 5292, accuracy1+2+3 = 1
I0418 09:38:10.429689  6080 data_layer.cpp:128] Prefetch batch: 125 ms.
I0418 09:38:10.429689  6080 data_layer.cpp:129]      Read time: 78.12 ms.
I0418 09:38:10.429689  6080 data_layer.cpp:130] Transform time: 46.886 ms.
I0418 09:38:11.273474  7952 caffe.cpp:314] Batch 5293, accuracy1+2 = 0
I0418 09:38:11.273474  7952 caffe.cpp:314] Batch 5293, accuracy1+2+3 = 0
I0418 09:38:11.398483  6080 data_layer.cpp:128] Prefetch batch: 125 ms.
I0418 09:38:11.398483  6080 data_layer.cpp:129]      Read time: 93.753 ms.
I0418 09:38:11.398483  6080 data_layer.cpp:130] Transform time: 31.255 ms.
I0418 09:38:12.257882  7952 caffe.cpp:314] Batch 5294, accuracy1+2 = 1
I0418 09:38:12.257882  7952 caffe.cpp:314] Batch 5294, accuracy1+2+3 = 1
I0418 09:38:12.351644  6080 data_layer.cpp:128] Prefetch batch: 93 ms.
I0418 09:38:12.351644  6080 data_layer.cpp:129]      Read time: 0 ms.
I0418 09:38:12.351644  6080 data_layer.cpp:130] Transform time: 93.762 ms.
I0418 09:38:13.226672  7952 caffe.cpp:314] Batch 5295, accuracy1+2 = 1
I0418 09:38:13.226672  7952 caffe.cpp:314] Batch 5295, accuracy1+2+3 = 1
I0418 09:38:13.351675  6080 data_layer.cpp:128] Prefetch batch: 125 ms.
I0418 09:38:13.351675  6080 data_layer.cpp:129]      Read time: 93.759 ms.
I0418 09:38:13.351675  6080 data_layer.cpp:130] Transform time: 31.244 ms.
I0418 09:38:14.211089  7952 caffe.cpp:314] Batch 5296, accuracy1+2 = 1
I0418 09:38:14.211089  7952 caffe.cpp:314] Batch 5296, accuracy1+2+3 = 1
I0418 09:38:14.336094  6080 data_layer.cpp:128] Prefetch batch: 125 ms.
I0418 09:38:14.336094  6080 data_layer.cpp:129]      Read time: 93.757 ms.
I0418 09:38:14.336094  6080 data_layer.cpp:130] Transform time: 31.248 ms.
I0418 09:38:15.179875  7952 caffe.cpp:314] Batch 5297, accuracy1+2 = 1
I0418 09:38:15.179875  7952 caffe.cpp:314] Batch 5297, accuracy1+2+3 = 1
I0418 09:38:15.304883  6080 data_layer.cpp:128] Prefetch batch: 125 ms.
I0418 09:38:15.304883  6080 data_layer.cpp:129]      Read time: 93.751 ms.
I0418 09:38:15.304883  6080 data_layer.cpp:130] Transform time: 31.256 ms.
I0418 09:38:16.164294  7952 caffe.cpp:314] Batch 5298, accuracy1+2 = 1
I0418 09:38:16.164294  7952 caffe.cpp:314] Batch 5298, accuracy1+2+3 = 1
I0418 09:38:16.289295  6080 data_layer.cpp:128] Prefetch batch: 125 ms.
I0418 09:38:16.289295  6080 data_layer.cpp:129]      Read time: 78.122 ms.
I0418 09:38:16.289295  6080 data_layer.cpp:130] Transform time: 46.88 ms.
I0418 09:38:17.133077  7952 caffe.cpp:314] Batch 5299, accuracy1+2 = 0
I0418 09:38:17.133077  7952 caffe.cpp:314] Batch 5299, accuracy1+2+3 = 0
I0418 09:38:17.242456  6080 data_layer.cpp:128] Prefetch batch: 109 ms.
I0418 09:38:17.242456  6080 data_layer.cpp:129]      Read time: 0 ms.
I0418 09:38:17.242456  6080 data_layer.cpp:130] Transform time: 109.379 ms.
I0418 09:38:18.101866  7952 caffe.cpp:314] Batch 5300, accuracy1+2 = 1
I0418 09:38:18.101866  7952 caffe.cpp:314] Batch 5300, accuracy1+2+3 = 1
I0418 09:38:18.226876  6080 data_layer.cpp:128] Prefetch batch: 125 ms.
I0418 09:38:18.226876  6080 data_layer.cpp:129]      Read time: 93.757 ms.
I0418 09:38:18.226876  6080 data_layer.cpp:130] Transform time: 31.252 ms.
I0418 09:38:19.086278  7952 caffe.cpp:314] Batch 5301, accuracy1+2 = 1
I0418 09:38:19.086278  7952 caffe.cpp:314] Batch 5301, accuracy1+2+3 = 1
I0418 09:38:19.211287  6080 data_layer.cpp:128] Prefetch batch: 125 ms.
I0418 09:38:19.211287  6080 data_layer.cpp:129]      Read time: 93.759 ms.
I0418 09:38:19.211287  6080 data_layer.cpp:130] Transform time: 31.25 ms.
I0418 09:38:20.070690  7952 caffe.cpp:314] Batch 5302, accuracy1+2 = 1
I0418 09:38:20.070690  7952 caffe.cpp:314] Batch 5302, accuracy1+2+3 = 1
I0418 09:38:20.195698  6080 data_layer.cpp:128] Prefetch batch: 125 ms.
I0418 09:38:20.195698  6080 data_layer.cpp:129]      Read time: 93.754 ms.
I0418 09:38:20.195698  6080 data_layer.cpp:130] Transform time: 31.253 ms.
I0418 09:38:21.039482  7952 caffe.cpp:314] Batch 5303, accuracy1+2 = 1
I0418 09:38:21.039482  7952 caffe.cpp:314] Batch 5303, accuracy1+2+3 = 1
I0418 09:38:21.148860  6080 data_layer.cpp:128] Prefetch batch: 109 ms.
I0418 09:38:21.148860  6080 data_layer.cpp:129]      Read time: 0 ms.
I0418 09:38:21.148860  6080 data_layer.cpp:130] Transform time: 109.378 ms.
I0418 09:38:22.008268  7952 caffe.cpp:314] Batch 5304, accuracy1+2 = 1
I0418 09:38:22.008268  7952 caffe.cpp:314] Batch 5304, accuracy1+2+3 = 1
I0418 09:38:22.133275  6080 data_layer.cpp:128] Prefetch batch: 125 ms.
I0418 09:38:22.133275  6080 data_layer.cpp:129]      Read time: 93.757 ms.
I0418 09:38:22.133275  6080 data_layer.cpp:130] Transform time: 31.249 ms.
I0418 09:38:22.992682  7952 caffe.cpp:314] Batch 5305, accuracy1+2 = 1
I0418 09:38:22.992682  7952 caffe.cpp:314] Batch 5305, accuracy1+2+3 = 1
I0418 09:38:23.117686  6080 data_layer.cpp:128] Prefetch batch: 125 ms.
I0418 09:38:23.117686  6080 data_layer.cpp:129]      Read time: 78.127 ms.
I0418 09:38:23.117686  6080 data_layer.cpp:130] Transform time: 46.877 ms.
I0418 09:38:23.961467  7952 caffe.cpp:314] Batch 5306, accuracy1+2 = 0
I0418 09:38:23.961467  7952 caffe.cpp:314] Batch 5306, accuracy1+2+3 = 0
I0418 09:38:24.086473  6080 data_layer.cpp:128] Prefetch batch: 125 ms.
I0418 09:38:24.086473  6080 data_layer.cpp:129]      Read time: 93.754 ms.
I0418 09:38:24.086473  6080 data_layer.cpp:130] Transform time: 31.252 ms.
I0418 09:38:24.930260  7952 caffe.cpp:314] Batch 5307, accuracy1+2 = 1
I0418 09:38:24.930260  7952 caffe.cpp:314] Batch 5307, accuracy1+2+3 = 1
I0418 09:38:25.039638  6080 data_layer.cpp:128] Prefetch batch: 109 ms.
I0418 09:38:25.039638  6080 data_layer.cpp:129]      Read time: 0 ms.
I0418 09:38:25.039638  6080 data_layer.cpp:130] Transform time: 109.377 ms.
I0418 09:38:25.899051  7952 caffe.cpp:314] Batch 5308, accuracy1+2 = 1
I0418 09:38:25.899051  7952 caffe.cpp:314] Batch 5308, accuracy1+2+3 = 1
I0418 09:38:26.024054  6080 data_layer.cpp:128] Prefetch batch: 125 ms.
I0418 09:38:26.024054  6080 data_layer.cpp:129]      Read time: 93.749 ms.
I0418 09:38:26.024054  6080 data_layer.cpp:130] Transform time: 31.253 ms.
I0418 09:38:26.883465  7952 caffe.cpp:314] Batch 5309, accuracy1+2 = 1
I0418 09:38:26.883465  7952 caffe.cpp:314] Batch 5309, accuracy1+2+3 = 1
I0418 09:38:27.008467  6080 data_layer.cpp:128] Prefetch batch: 125 ms.
I0418 09:38:27.008467  6080 data_layer.cpp:129]      Read time: 78.122 ms.
I0418 09:38:27.008467  6080 data_layer.cpp:130] Transform time: 46.881 ms.
I0418 09:38:27.852246  7952 caffe.cpp:314] Batch 5310, accuracy1+2 = 1
I0418 09:38:27.852246  7952 caffe.cpp:314] Batch 5310, accuracy1+2+3 = 1
I0418 09:38:27.977250  6080 data_layer.cpp:128] Prefetch batch: 125 ms.
I0418 09:38:27.977250  6080 data_layer.cpp:129]      Read time: 93.755 ms.
I0418 09:38:27.977250  6080 data_layer.cpp:130] Transform time: 31.25 ms.
I0418 09:38:28.821040  7952 caffe.cpp:314] Batch 5311, accuracy1+2 = 1
I0418 09:38:28.821040  7952 caffe.cpp:314] Batch 5311, accuracy1+2+3 = 1
I0418 09:38:28.946041  6080 data_layer.cpp:128] Prefetch batch: 125 ms.
I0418 09:38:28.946041  6080 data_layer.cpp:129]      Read time: 93.749 ms.
I0418 09:38:28.946041  6080 data_layer.cpp:130] Transform time: 31.252 ms.
I0418 09:38:29.789824  7952 caffe.cpp:314] Batch 5312, accuracy1+2 = 1
I0418 09:38:29.789824  7952 caffe.cpp:314] Batch 5312, accuracy1+2+3 = 1
I0418 09:38:29.899204  6080 data_layer.cpp:128] Prefetch batch: 109 ms.
I0418 09:38:29.899204  6080 data_layer.cpp:129]      Read time: 0 ms.
I0418 09:38:29.899204  6080 data_layer.cpp:130] Transform time: 109.38 ms.
I0418 09:38:30.774237  7952 caffe.cpp:314] Batch 5313, accuracy1+2 = 1
I0418 09:38:30.774237  7952 caffe.cpp:314] Batch 5313, accuracy1+2+3 = 1
I0418 09:38:30.899238  6080 data_layer.cpp:128] Prefetch batch: 125 ms.
I0418 09:38:30.899238  6080 data_layer.cpp:129]      Read time: 78.127 ms.
I0418 09:38:30.899238  6080 data_layer.cpp:130] Transform time: 46.874 ms.
I0418 09:38:31.743024  7952 caffe.cpp:314] Batch 5314, accuracy1+2 = 1
I0418 09:38:31.743024  7952 caffe.cpp:314] Batch 5314, accuracy1+2+3 = 1
I0418 09:38:31.868036  6080 data_layer.cpp:128] Prefetch batch: 125 ms.
I0418 09:38:31.868036  6080 data_layer.cpp:129]      Read time: 93.753 ms.
I0418 09:38:31.868036  6080 data_layer.cpp:130] Transform time: 31.258 ms.
I0418 09:38:32.711815  7952 caffe.cpp:314] Batch 5315, accuracy1+2 = 1
I0418 09:38:32.711815  7952 caffe.cpp:314] Batch 5315, accuracy1+2+3 = 1
I0418 09:38:32.836823  6080 data_layer.cpp:128] Prefetch batch: 125 ms.
I0418 09:38:32.836823  6080 data_layer.cpp:129]      Read time: 93.757 ms.
I0418 09:38:32.836823  6080 data_layer.cpp:130] Transform time: 31.251 ms.
I0418 09:38:33.696229  7952 caffe.cpp:314] Batch 5316, accuracy1+2 = 1
I0418 09:38:33.696229  7952 caffe.cpp:314] Batch 5316, accuracy1+2+3 = 1
I0418 09:38:33.821234  6080 data_layer.cpp:128] Prefetch batch: 125 ms.
I0418 09:38:33.821234  6080 data_layer.cpp:129]      Read time: 78.124 ms.
I0418 09:38:33.821234  6080 data_layer.cpp:130] Transform time: 46.881 ms.
I0418 09:38:34.665019  7952 caffe.cpp:314] Batch 5317, accuracy1+2 = 1
I0418 09:38:34.665019  7952 caffe.cpp:314] Batch 5317, accuracy1+2+3 = 1
I0418 09:38:34.774392  6080 data_layer.cpp:128] Prefetch batch: 109 ms.
I0418 09:38:34.774392  6080 data_layer.cpp:129]      Read time: 0 ms.
I0418 09:38:34.774392  6080 data_layer.cpp:130] Transform time: 109.373 ms.
I0418 09:38:35.633808  7952 caffe.cpp:314] Batch 5318, accuracy1+2 = 0
I0418 09:38:35.633808  7952 caffe.cpp:314] Batch 5318, accuracy1+2+3 = 0
I0418 09:38:35.758806  6080 data_layer.cpp:128] Prefetch batch: 124 ms.
I0418 09:38:35.758806  6080 data_layer.cpp:129]      Read time: 93.753 ms.
I0418 09:38:35.758806  6080 data_layer.cpp:130] Transform time: 31.245 ms.
I0418 09:38:36.649464  7952 caffe.cpp:314] Batch 5319, accuracy1+2 = 1
I0418 09:38:36.649464  7952 caffe.cpp:314] Batch 5319, accuracy1+2+3 = 1
I0418 09:38:36.774478  6080 data_layer.cpp:128] Prefetch batch: 125 ms.
I0418 09:38:36.774478  6080 data_layer.cpp:129]      Read time: 78.135 ms.
I0418 09:38:36.774478  6080 data_layer.cpp:130] Transform time: 46.879 ms.
I0418 09:38:37.618254  7952 caffe.cpp:314] Batch 5320, accuracy1+2 = 1
I0418 09:38:37.618254  7952 caffe.cpp:314] Batch 5320, accuracy1+2+3 = 1
I0418 09:38:37.743261  6080 data_layer.cpp:128] Prefetch batch: 125 ms.
I0418 09:38:37.743261  6080 data_layer.cpp:129]      Read time: 93.757 ms.
I0418 09:38:37.743261  6080 data_layer.cpp:130] Transform time: 31.25 ms.
I0418 09:38:38.587047  7952 caffe.cpp:314] Batch 5321, accuracy1+2 = 0
I0418 09:38:38.587047  7952 caffe.cpp:314] Batch 5321, accuracy1+2+3 = 0
I0418 09:38:38.712047  6080 data_layer.cpp:128] Prefetch batch: 125 ms.
I0418 09:38:38.712047  6080 data_layer.cpp:129]      Read time: 93.747 ms.
I0418 09:38:38.712047  6080 data_layer.cpp:130] Transform time: 31.253 ms.
I0418 09:38:39.571458  7952 caffe.cpp:314] Batch 5322, accuracy1+2 = 1
I0418 09:38:39.571458  7952 caffe.cpp:314] Batch 5322, accuracy1+2+3 = 1
I0418 09:38:39.696462  6080 data_layer.cpp:128] Prefetch batch: 125 ms.
I0418 09:38:39.696462  6080 data_layer.cpp:129]      Read time: 78.129 ms.
I0418 09:38:39.696462  6080 data_layer.cpp:130] Transform time: 46.875 ms.
I0418 09:38:40.540246  7952 caffe.cpp:314] Batch 5323, accuracy1+2 = 1
I0418 09:38:40.540246  7952 caffe.cpp:314] Batch 5323, accuracy1+2+3 = 1
I0418 09:38:40.634001  6080 data_layer.cpp:128] Prefetch batch: 93 ms.
I0418 09:38:40.634001  6080 data_layer.cpp:129]      Read time: 0 ms.
I0418 09:38:40.634001  6080 data_layer.cpp:130] Transform time: 93.754 ms.
I0418 09:38:41.509037  7952 caffe.cpp:314] Batch 5324, accuracy1+2 = 1
I0418 09:38:41.509037  7952 caffe.cpp:314] Batch 5324, accuracy1+2+3 = 1
I0418 09:38:41.634030  6080 data_layer.cpp:128] Prefetch batch: 124 ms.
I0418 09:38:41.634030  6080 data_layer.cpp:129]      Read time: 93.743 ms.
I0418 09:38:41.634030  6080 data_layer.cpp:130] Transform time: 31.251 ms.
I0418 09:38:42.524690  7952 caffe.cpp:314] Batch 5325, accuracy1+2 = 1
I0418 09:38:42.524690  7952 caffe.cpp:314] Batch 5325, accuracy1+2+3 = 1
I0418 09:38:42.649720  6080 data_layer.cpp:128] Prefetch batch: 125 ms.
I0418 09:38:42.649720  6080 data_layer.cpp:129]      Read time: 93.753 ms.
I0418 09:38:42.649720  6080 data_layer.cpp:130] Transform time: 31.277 ms.
I0418 09:38:43.540355  7952 caffe.cpp:314] Batch 5326, accuracy1+2 = 1
I0418 09:38:43.540355  7952 caffe.cpp:314] Batch 5326, accuracy1+2+3 = 1
I0418 09:38:43.665418  6080 data_layer.cpp:128] Prefetch batch: 125 ms.
I0418 09:38:43.665418  6080 data_layer.cpp:129]      Read time: 93.758 ms.
I0418 09:38:43.665418  6080 data_layer.cpp:130] Transform time: 31.305 ms.
I0418 09:38:44.540405  7952 caffe.cpp:314] Batch 5327, accuracy1+2 = 1
I0418 09:38:44.540405  7952 caffe.cpp:314] Batch 5327, accuracy1+2+3 = 1
I0418 09:38:44.649783  6080 data_layer.cpp:128] Prefetch batch: 109 ms.
I0418 09:38:44.649783  6080 data_layer.cpp:129]      Read time: 0 ms.
I0418 09:38:44.649783  6080 data_layer.cpp:130] Transform time: 109.378 ms.
I0418 09:38:45.524818  7952 caffe.cpp:314] Batch 5328, accuracy1+2 = 1
I0418 09:38:45.524818  7952 caffe.cpp:314] Batch 5328, accuracy1+2+3 = 1
I0418 09:38:45.649821  6080 data_layer.cpp:128] Prefetch batch: 125 ms.
I0418 09:38:45.649821  6080 data_layer.cpp:129]      Read time: 78.128 ms.
I0418 09:38:45.649821  6080 data_layer.cpp:130] Transform time: 46.875 ms.
I0418 09:38:46.493608  7952 caffe.cpp:314] Batch 5329, accuracy1+2 = 1
I0418 09:38:46.493608  7952 caffe.cpp:314] Batch 5329, accuracy1+2+3 = 1
I0418 09:38:46.618614  6080 data_layer.cpp:128] Prefetch batch: 125 ms.
I0418 09:38:46.618614  6080 data_layer.cpp:129]      Read time: 93.754 ms.
I0418 09:38:46.618614  6080 data_layer.cpp:130] Transform time: 31.252 ms.
I0418 09:38:47.478022  7952 caffe.cpp:314] Batch 5330, accuracy1+2 = 1
I0418 09:38:47.478022  7952 caffe.cpp:314] Batch 5330, accuracy1+2+3 = 1
I0418 09:38:47.603025  6080 data_layer.cpp:128] Prefetch batch: 125 ms.
I0418 09:38:47.603025  6080 data_layer.cpp:129]      Read time: 78.124 ms.
I0418 09:38:47.603025  6080 data_layer.cpp:130] Transform time: 46.879 ms.
I0418 09:38:48.446811  7952 caffe.cpp:314] Batch 5331, accuracy1+2 = 1
I0418 09:38:48.446811  7952 caffe.cpp:314] Batch 5331, accuracy1+2+3 = 1
I0418 09:38:48.540560  6080 data_layer.cpp:128] Prefetch batch: 93 ms.
I0418 09:38:48.540560  6080 data_layer.cpp:129]      Read time: 0 ms.
I0418 09:38:48.540560  6080 data_layer.cpp:130] Transform time: 93.749 ms.
I0418 09:38:49.415594  7952 caffe.cpp:314] Batch 5332, accuracy1+2 = 1
I0418 09:38:49.415594  7952 caffe.cpp:314] Batch 5332, accuracy1+2+3 = 1
I0418 09:38:49.540602  6080 data_layer.cpp:128] Prefetch batch: 125 ms.
I0418 09:38:49.540602  6080 data_layer.cpp:129]      Read time: 93.757 ms.
I0418 09:38:49.540602  6080 data_layer.cpp:130] Transform time: 31.251 ms.
I0418 09:38:50.400005  7952 caffe.cpp:314] Batch 5333, accuracy1+2 = 0
I0418 09:38:50.400005  7952 caffe.cpp:314] Batch 5333, accuracy1+2+3 = 0
I0418 09:38:50.509387  6080 data_layer.cpp:128] Prefetch batch: 109 ms.
I0418 09:38:50.509387  6080 data_layer.cpp:129]      Read time: 0 ms.
I0418 09:38:50.509387  6080 data_layer.cpp:130] Transform time: 109.381 ms.
I0418 09:38:51.368798  7952 caffe.cpp:314] Batch 5334, accuracy1+2 = 1
I0418 09:38:51.368798  7952 caffe.cpp:314] Batch 5334, accuracy1+2+3 = 1
I0418 09:38:51.493804  6080 data_layer.cpp:128] Prefetch batch: 125 ms.
I0418 09:38:51.493804  6080 data_layer.cpp:129]      Read time: 93.756 ms.
I0418 09:38:51.493804  6080 data_layer.cpp:130] Transform time: 31.25 ms.
I0418 09:38:52.353214  7952 caffe.cpp:314] Batch 5335, accuracy1+2 = 1
I0418 09:38:52.353214  7952 caffe.cpp:314] Batch 5335, accuracy1+2+3 = 1
I0418 09:38:52.478210  6080 data_layer.cpp:128] Prefetch batch: 124 ms.
I0418 09:38:52.478210  6080 data_layer.cpp:129]      Read time: 78.128 ms.
I0418 09:38:52.478210  6080 data_layer.cpp:130] Transform time: 46.868 ms.
I0418 09:38:53.322002  7952 caffe.cpp:314] Batch 5336, accuracy1+2 = 1
I0418 09:38:53.322002  7952 caffe.cpp:314] Batch 5336, accuracy1+2+3 = 1
I0418 09:38:53.431380  6080 data_layer.cpp:128] Prefetch batch: 109 ms.
I0418 09:38:53.431380  6080 data_layer.cpp:129]      Read time: 0 ms.
I0418 09:38:53.431380  6080 data_layer.cpp:130] Transform time: 109.378 ms.
I0418 09:38:54.290786  7952 caffe.cpp:314] Batch 5337, accuracy1+2 = 1
I0418 09:38:54.290786  7952 caffe.cpp:314] Batch 5337, accuracy1+2+3 = 1
I0418 09:38:54.415791  6080 data_layer.cpp:128] Prefetch batch: 125 ms.
I0418 09:38:54.415791  6080 data_layer.cpp:129]      Read time: 93.754 ms.
I0418 09:38:54.415791  6080 data_layer.cpp:130] Transform time: 31.251 ms.
I0418 09:38:55.275203  7952 caffe.cpp:314] Batch 5338, accuracy1+2 = 1
I0418 09:38:55.275203  7952 caffe.cpp:314] Batch 5338, accuracy1+2+3 = 1
I0418 09:38:55.400202  6080 data_layer.cpp:128] Prefetch batch: 124 ms.
I0418 09:38:55.400202  6080 data_layer.cpp:129]      Read time: 78.122 ms.
I0418 09:38:55.400202  6080 data_layer.cpp:130] Transform time: 46.876 ms.
I0418 09:38:56.243989  7952 caffe.cpp:314] Batch 5339, accuracy1+2 = 1
I0418 09:38:56.243989  7952 caffe.cpp:314] Batch 5339, accuracy1+2+3 = 1
I0418 09:38:56.368993  6080 data_layer.cpp:128] Prefetch batch: 125 ms.
I0418 09:38:56.368993  6080 data_layer.cpp:129]      Read time: 93.755 ms.
I0418 09:38:56.368993  6080 data_layer.cpp:130] Transform time: 31.249 ms.
I0418 09:38:57.212774  7952 caffe.cpp:314] Batch 5340, accuracy1+2 = 1
I0418 09:38:57.212774  7952 caffe.cpp:314] Batch 5340, accuracy1+2+3 = 1
I0418 09:38:57.337785  6080 data_layer.cpp:128] Prefetch batch: 125 ms.
I0418 09:38:57.337785  6080 data_layer.cpp:129]      Read time: 93.753 ms.
I0418 09:38:57.337785  6080 data_layer.cpp:130] Transform time: 31.258 ms.
I0418 09:38:58.197192  7952 caffe.cpp:314] Batch 5341, accuracy1+2 = 1
I0418 09:38:58.197192  7952 caffe.cpp:314] Batch 5341, accuracy1+2+3 = 1
I0418 09:38:58.290942  6080 data_layer.cpp:128] Prefetch batch: 93 ms.
I0418 09:38:58.290942  6080 data_layer.cpp:129]      Read time: 0 ms.
I0418 09:38:58.290942  6080 data_layer.cpp:130] Transform time: 93.75 ms.
I0418 09:38:59.165974  7952 caffe.cpp:314] Batch 5342, accuracy1+2 = 1
I0418 09:38:59.165974  7952 caffe.cpp:314] Batch 5342, accuracy1+2+3 = 1
I0418 09:38:59.290982  6080 data_layer.cpp:128] Prefetch batch: 125 ms.
I0418 09:38:59.290982  6080 data_layer.cpp:129]      Read time: 78.136 ms.
I0418 09:38:59.290982  6080 data_layer.cpp:130] Transform time: 46.871 ms.
I0418 09:39:00.134769  7952 caffe.cpp:314] Batch 5343, accuracy1+2 = 1
I0418 09:39:00.134769  7952 caffe.cpp:314] Batch 5343, accuracy1+2+3 = 1
I0418 09:39:00.259771  6080 data_layer.cpp:128] Prefetch batch: 125 ms.
I0418 09:39:00.259771  6080 data_layer.cpp:129]      Read time: 78.125 ms.
I0418 09:39:00.259771  6080 data_layer.cpp:130] Transform time: 46.877 ms.
I0418 09:39:01.103549  7952 caffe.cpp:314] Batch 5344, accuracy1+2 = 1
I0418 09:39:01.103549  7952 caffe.cpp:314] Batch 5344, accuracy1+2+3 = 1
I0418 09:39:01.244187  6080 data_layer.cpp:128] Prefetch batch: 140 ms.
I0418 09:39:01.244187  6080 data_layer.cpp:129]      Read time: 109.385 ms.
I0418 09:39:01.244187  6080 data_layer.cpp:130] Transform time: 31.254 ms.
I0418 09:39:02.087970  7952 caffe.cpp:314] Batch 5345, accuracy1+2 = 1
I0418 09:39:02.087970  7952 caffe.cpp:314] Batch 5345, accuracy1+2+3 = 1
I0418 09:39:02.212970  6080 data_layer.cpp:128] Prefetch batch: 124 ms.
I0418 09:39:02.212970  6080 data_layer.cpp:129]      Read time: 78.128 ms.
I0418 09:39:02.212970  6080 data_layer.cpp:130] Transform time: 46.871 ms.
I0418 09:39:03.056758  7952 caffe.cpp:314] Batch 5346, accuracy1+2 = 1
I0418 09:39:03.056758  7952 caffe.cpp:314] Batch 5346, accuracy1+2+3 = 1
I0418 09:39:03.166141  6080 data_layer.cpp:128] Prefetch batch: 109 ms.
I0418 09:39:03.166141  6080 data_layer.cpp:129]      Read time: 0 ms.
I0418 09:39:03.166141  6080 data_layer.cpp:130] Transform time: 109.383 ms.
I0418 09:39:04.025542  7952 caffe.cpp:314] Batch 5347, accuracy1+2 = 1
I0418 09:39:04.025542  7952 caffe.cpp:314] Batch 5347, accuracy1+2+3 = 1
I0418 09:39:04.150565  6080 data_layer.cpp:128] Prefetch batch: 125 ms.
I0418 09:39:04.150565  6080 data_layer.cpp:129]      Read time: 93.752 ms.
I0418 09:39:04.150565  6080 data_layer.cpp:130] Transform time: 31.271 ms.
I0418 09:39:05.009954  7952 caffe.cpp:314] Batch 5348, accuracy1+2 = 1
I0418 09:39:05.009954  7952 caffe.cpp:314] Batch 5348, accuracy1+2+3 = 1
I0418 09:39:05.134966  6080 data_layer.cpp:128] Prefetch batch: 125 ms.
I0418 09:39:05.134966  6080 data_layer.cpp:129]      Read time: 78.127 ms.
I0418 09:39:05.134966  6080 data_layer.cpp:130] Transform time: 46.885 ms.
I0418 09:39:05.978741  7952 caffe.cpp:314] Batch 5349, accuracy1+2 = 1
I0418 09:39:05.978741  7952 caffe.cpp:314] Batch 5349, accuracy1+2+3 = 1
I0418 09:39:06.088124  6080 data_layer.cpp:128] Prefetch batch: 109 ms.
I0418 09:39:06.088124  6080 data_layer.cpp:129]      Read time: 0 ms.
I0418 09:39:06.088124  6080 data_layer.cpp:130] Transform time: 109.382 ms.
I0418 09:39:06.947536  7952 caffe.cpp:314] Batch 5350, accuracy1+2 = 1
I0418 09:39:06.947536  7952 caffe.cpp:314] Batch 5350, accuracy1+2+3 = 1
I0418 09:39:07.072536  6080 data_layer.cpp:128] Prefetch batch: 125 ms.
I0418 09:39:07.072536  6080 data_layer.cpp:129]      Read time: 93.753 ms.
I0418 09:39:07.072536  6080 data_layer.cpp:130] Transform time: 31.247 ms.
I0418 09:39:07.931944  7952 caffe.cpp:314] Batch 5351, accuracy1+2 = 1
I0418 09:39:07.931944  7952 caffe.cpp:314] Batch 5351, accuracy1+2+3 = 1
I0418 09:39:08.056951  6080 data_layer.cpp:128] Prefetch batch: 125 ms.
I0418 09:39:08.056951  6080 data_layer.cpp:129]      Read time: 78.133 ms.
I0418 09:39:08.056951  6080 data_layer.cpp:130] Transform time: 46.873 ms.
I0418 09:39:08.900738  7952 caffe.cpp:314] Batch 5352, accuracy1+2 = 1
I0418 09:39:08.900738  7952 caffe.cpp:314] Batch 5352, accuracy1+2+3 = 1
I0418 09:39:08.994493  6080 data_layer.cpp:128] Prefetch batch: 93 ms.
I0418 09:39:08.994493  6080 data_layer.cpp:129]      Read time: 0 ms.
I0418 09:39:08.994493  6080 data_layer.cpp:130] Transform time: 93.755 ms.
I0418 09:39:09.869525  7952 caffe.cpp:314] Batch 5353, accuracy1+2 = 1
I0418 09:39:09.869525  7952 caffe.cpp:314] Batch 5353, accuracy1+2+3 = 1
I0418 09:39:09.994529  6080 data_layer.cpp:128] Prefetch batch: 125 ms.
I0418 09:39:09.994529  6080 data_layer.cpp:129]      Read time: 93.753 ms.
I0418 09:39:09.994529  6080 data_layer.cpp:130] Transform time: 31.25 ms.
I0418 09:39:10.838310  7952 caffe.cpp:314] Batch 5354, accuracy1+2 = 1
I0418 09:39:10.838310  7952 caffe.cpp:314] Batch 5354, accuracy1+2+3 = 1
I0418 09:39:10.963312  6080 data_layer.cpp:128] Prefetch batch: 125 ms.
I0418 09:39:10.978940  6080 data_layer.cpp:129]      Read time: 93.755 ms.
I0418 09:39:10.978940  6080 data_layer.cpp:130] Transform time: 31.248 ms.
I0418 09:39:11.822722  7952 caffe.cpp:314] Batch 5355, accuracy1+2 = 1
I0418 09:39:11.822722  7952 caffe.cpp:314] Batch 5355, accuracy1+2+3 = 1
I0418 09:39:11.947732  6080 data_layer.cpp:128] Prefetch batch: 125 ms.
I0418 09:39:11.947732  6080 data_layer.cpp:129]      Read time: 78.129 ms.
I0418 09:39:11.947732  6080 data_layer.cpp:130] Transform time: 46.881 ms.
I0418 09:39:12.791512  7952 caffe.cpp:314] Batch 5356, accuracy1+2 = 1
I0418 09:39:12.791512  7952 caffe.cpp:314] Batch 5356, accuracy1+2+3 = 1
I0418 09:39:12.900892  6080 data_layer.cpp:128] Prefetch batch: 109 ms.
I0418 09:39:12.900892  6080 data_layer.cpp:129]      Read time: 0 ms.
I0418 09:39:12.900892  6080 data_layer.cpp:130] Transform time: 109.381 ms.
I0418 09:39:13.760300  7952 caffe.cpp:314] Batch 5357, accuracy1+2 = 1
I0418 09:39:13.760300  7952 caffe.cpp:314] Batch 5357, accuracy1+2+3 = 1
I0418 09:39:13.885295  6080 data_layer.cpp:128] Prefetch batch: 124 ms.
I0418 09:39:13.885295  6080 data_layer.cpp:129]      Read time: 93.757 ms.
I0418 09:39:13.885295  6080 data_layer.cpp:130] Transform time: 31.238 ms.
I0418 09:39:14.744712  7952 caffe.cpp:314] Batch 5358, accuracy1+2 = 1
I0418 09:39:14.744712  7952 caffe.cpp:314] Batch 5358, accuracy1+2+3 = 1
I0418 09:39:14.869719  6080 data_layer.cpp:128] Prefetch batch: 125 ms.
I0418 09:39:14.869719  6080 data_layer.cpp:129]      Read time: 93.758 ms.
I0418 09:39:14.869719  6080 data_layer.cpp:130] Transform time: 31.249 ms.
I0418 09:39:15.713500  7952 caffe.cpp:314] Batch 5359, accuracy1+2 = 1
I0418 09:39:15.713500  7952 caffe.cpp:314] Batch 5359, accuracy1+2+3 = 1
I0418 09:39:15.838510  6080 data_layer.cpp:128] Prefetch batch: 125 ms.
I0418 09:39:15.838510  6080 data_layer.cpp:129]      Read time: 93.755 ms.
I0418 09:39:15.838510  6080 data_layer.cpp:130] Transform time: 31.256 ms.
I0418 09:39:16.682291  7952 caffe.cpp:314] Batch 5360, accuracy1+2 = 1
I0418 09:39:16.682291  7952 caffe.cpp:314] Batch 5360, accuracy1+2+3 = 1
I0418 09:39:16.807297  6080 data_layer.cpp:128] Prefetch batch: 125 ms.
I0418 09:39:16.807297  6080 data_layer.cpp:129]      Read time: 93.756 ms.
I0418 09:39:16.807297  6080 data_layer.cpp:130] Transform time: 31.25 ms.
I0418 09:39:17.666702  7952 caffe.cpp:314] Batch 5361, accuracy1+2 = 1
I0418 09:39:17.666702  7952 caffe.cpp:314] Batch 5361, accuracy1+2+3 = 1
I0418 09:39:17.760453  6080 data_layer.cpp:128] Prefetch batch: 93 ms.
I0418 09:39:17.760453  6080 data_layer.cpp:129]      Read time: 0 ms.
I0418 09:39:17.760453  6080 data_layer.cpp:130] Transform time: 93.752 ms.
I0418 09:39:18.635490  7952 caffe.cpp:314] Batch 5362, accuracy1+2 = 1
I0418 09:39:18.635490  7952 caffe.cpp:314] Batch 5362, accuracy1+2+3 = 1
I0418 09:39:18.760499  6080 data_layer.cpp:128] Prefetch batch: 125 ms.
I0418 09:39:18.760499  6080 data_layer.cpp:129]      Read time: 93.758 ms.
I0418 09:39:18.760499  6080 data_layer.cpp:130] Transform time: 31.25 ms.
I0418 09:39:19.635529  7952 caffe.cpp:314] Batch 5363, accuracy1+2 = 1
I0418 09:39:19.635529  7952 caffe.cpp:314] Batch 5363, accuracy1+2+3 = 1
I0418 09:39:19.760530  6080 data_layer.cpp:128] Prefetch batch: 125 ms.
I0418 09:39:19.760530  6080 data_layer.cpp:129]      Read time: 78.133 ms.
I0418 09:39:19.760530  6080 data_layer.cpp:130] Transform time: 46.868 ms.
I0418 09:39:20.635576  7952 caffe.cpp:314] Batch 5364, accuracy1+2 = 1
I0418 09:39:20.635576  7952 caffe.cpp:314] Batch 5364, accuracy1+2+3 = 1
I0418 09:39:20.744940  6080 data_layer.cpp:128] Prefetch batch: 109 ms.
I0418 09:39:20.744940  6080 data_layer.cpp:129]      Read time: 0 ms.
I0418 09:39:20.744940  6080 data_layer.cpp:130] Transform time: 109.364 ms.
I0418 09:39:21.635607  7952 caffe.cpp:314] Batch 5365, accuracy1+2 = 1
I0418 09:39:21.635607  7952 caffe.cpp:314] Batch 5365, accuracy1+2+3 = 1
I0418 09:39:21.760614  6080 data_layer.cpp:128] Prefetch batch: 125 ms.
I0418 09:39:21.760614  6080 data_layer.cpp:129]      Read time: 78.13 ms.
I0418 09:39:21.760614  6080 data_layer.cpp:130] Transform time: 46.877 ms.
I0418 09:39:22.604401  7952 caffe.cpp:314] Batch 5366, accuracy1+2 = 0
I0418 09:39:22.604401  7952 caffe.cpp:314] Batch 5366, accuracy1+2+3 = 0
I0418 09:39:22.729398  6080 data_layer.cpp:128] Prefetch batch: 124 ms.
I0418 09:39:22.729398  6080 data_layer.cpp:129]      Read time: 93.746 ms.
I0418 09:39:22.729398  6080 data_layer.cpp:130] Transform time: 31.251 ms.
I0418 09:39:23.573186  7952 caffe.cpp:314] Batch 5367, accuracy1+2 = 1
I0418 09:39:23.573186  7952 caffe.cpp:314] Batch 5367, accuracy1+2+3 = 1
I0418 09:39:23.698189  6080 data_layer.cpp:128] Prefetch batch: 125 ms.
I0418 09:39:23.698189  6080 data_layer.cpp:129]      Read time: 93.749 ms.
I0418 09:39:23.698189  6080 data_layer.cpp:130] Transform time: 31.253 ms.
I0418 09:39:24.557598  7952 caffe.cpp:314] Batch 5368, accuracy1+2 = 1
I0418 09:39:24.557598  7952 caffe.cpp:314] Batch 5368, accuracy1+2+3 = 1
I0418 09:39:24.682607  6080 data_layer.cpp:128] Prefetch batch: 125 ms.
I0418 09:39:24.682607  6080 data_layer.cpp:129]      Read time: 78.132 ms.
I0418 09:39:24.682607  6080 data_layer.cpp:130] Transform time: 46.877 ms.
I0418 09:39:25.526384  7952 caffe.cpp:314] Batch 5369, accuracy1+2 = 1
I0418 09:39:25.526384  7952 caffe.cpp:314] Batch 5369, accuracy1+2+3 = 1
I0418 09:39:25.651393  6080 data_layer.cpp:128] Prefetch batch: 125 ms.
I0418 09:39:25.651393  6080 data_layer.cpp:129]      Read time: 93.753 ms.
I0418 09:39:25.651393  6080 data_layer.cpp:130] Transform time: 31.256 ms.
I0418 09:39:26.495170  7952 caffe.cpp:314] Batch 5370, accuracy1+2 = 1
I0418 09:39:26.495170  7952 caffe.cpp:314] Batch 5370, accuracy1+2+3 = 1
I0418 09:39:26.604558  6080 data_layer.cpp:128] Prefetch batch: 109 ms.
I0418 09:39:26.604558  6080 data_layer.cpp:129]      Read time: 0 ms.
I0418 09:39:26.604558  6080 data_layer.cpp:130] Transform time: 109.388 ms.
I0418 09:39:27.479591  7952 caffe.cpp:314] Batch 5371, accuracy1+2 = 0
I0418 09:39:27.479591  7952 caffe.cpp:314] Batch 5371, accuracy1+2+3 = 1
I0418 09:39:27.604589  6080 data_layer.cpp:128] Prefetch batch: 124 ms.
I0418 09:39:27.604589  6080 data_layer.cpp:129]      Read time: 78.126 ms.
I0418 09:39:27.604589  6080 data_layer.cpp:130] Transform time: 46.872 ms.
I0418 09:39:28.448376  7952 caffe.cpp:314] Batch 5372, accuracy1+2 = 1
I0418 09:39:28.448376  7952 caffe.cpp:314] Batch 5372, accuracy1+2+3 = 1
I0418 09:39:28.573384  6080 data_layer.cpp:128] Prefetch batch: 125 ms.
I0418 09:39:28.573384  6080 data_layer.cpp:129]      Read time: 93.756 ms.
I0418 09:39:28.573384  6080 data_layer.cpp:130] Transform time: 31.251 ms.
I0418 09:39:29.417163  7952 caffe.cpp:314] Batch 5373, accuracy1+2 = 1
I0418 09:39:29.417163  7952 caffe.cpp:314] Batch 5373, accuracy1+2+3 = 1
I0418 09:39:29.542171  6080 data_layer.cpp:128] Prefetch batch: 125 ms.
I0418 09:39:29.542171  6080 data_layer.cpp:129]      Read time: 93.759 ms.
I0418 09:39:29.557793  6080 data_layer.cpp:130] Transform time: 31.249 ms.
I0418 09:39:30.401582  7952 caffe.cpp:314] Batch 5374, accuracy1+2 = 1
I0418 09:39:30.401582  7952 caffe.cpp:314] Batch 5374, accuracy1+2+3 = 1
I0418 09:39:30.526587  6080 data_layer.cpp:128] Prefetch batch: 125 ms.
I0418 09:39:30.526587  6080 data_layer.cpp:129]      Read time: 78.123 ms.
I0418 09:39:30.526587  6080 data_layer.cpp:130] Transform time: 46.882 ms.
I0418 09:39:31.370362  7952 caffe.cpp:314] Batch 5375, accuracy1+2 = 1
I0418 09:39:31.370362  7952 caffe.cpp:314] Batch 5375, accuracy1+2+3 = 1
I0418 09:39:31.495375  6080 data_layer.cpp:128] Prefetch batch: 125 ms.
I0418 09:39:31.495375  6080 data_layer.cpp:129]      Read time: 93.754 ms.
I0418 09:39:31.495375  6080 data_layer.cpp:130] Transform time: 31.26 ms.
I0418 09:39:32.339159  7952 caffe.cpp:314] Batch 5376, accuracy1+2 = 1
I0418 09:39:32.339159  7952 caffe.cpp:314] Batch 5376, accuracy1+2+3 = 1
I0418 09:39:32.448532  6080 data_layer.cpp:128] Prefetch batch: 109 ms.
I0418 09:39:32.448532  6080 data_layer.cpp:129]      Read time: 0 ms.
I0418 09:39:32.448532  6080 data_layer.cpp:130] Transform time: 109.374 ms.
I0418 09:39:33.307941  7952 caffe.cpp:314] Batch 5377, accuracy1+2 = 1
I0418 09:39:33.323570  7952 caffe.cpp:314] Batch 5377, accuracy1+2+3 = 1
I0418 09:39:33.448573  6080 data_layer.cpp:128] Prefetch batch: 125 ms.
I0418 09:39:33.448573  6080 data_layer.cpp:129]      Read time: 78.129 ms.
I0418 09:39:33.448573  6080 data_layer.cpp:130] Transform time: 46.874 ms.
I0418 09:39:34.292356  7952 caffe.cpp:314] Batch 5378, accuracy1+2 = 1
I0418 09:39:34.292356  7952 caffe.cpp:314] Batch 5378, accuracy1+2+3 = 1
I0418 09:39:34.417363  6080 data_layer.cpp:128] Prefetch batch: 125 ms.
I0418 09:39:34.417363  6080 data_layer.cpp:129]      Read time: 93.751 ms.
I0418 09:39:34.417363  6080 data_layer.cpp:130] Transform time: 31.256 ms.
I0418 09:39:35.261140  7952 caffe.cpp:314] Batch 5379, accuracy1+2 = 1
I0418 09:39:35.261140  7952 caffe.cpp:314] Batch 5379, accuracy1+2+3 = 1
I0418 09:39:35.386147  6080 data_layer.cpp:128] Prefetch batch: 125 ms.
I0418 09:39:35.386147  6080 data_layer.cpp:129]      Read time: 93.757 ms.
I0418 09:39:35.386147  6080 data_layer.cpp:130] Transform time: 31.25 ms.
I0418 09:39:36.229935  7952 caffe.cpp:314] Batch 5380, accuracy1+2 = 1
I0418 09:39:36.229935  7952 caffe.cpp:314] Batch 5380, accuracy1+2+3 = 1
I0418 09:39:36.339315  6080 data_layer.cpp:128] Prefetch batch: 109 ms.
I0418 09:39:36.339315  6080 data_layer.cpp:129]      Read time: 0 ms.
I0418 09:39:36.339315  6080 data_layer.cpp:130] Transform time: 109.38 ms.
I0418 09:39:37.214344  7952 caffe.cpp:314] Batch 5381, accuracy1+2 = 1
I0418 09:39:37.214344  7952 caffe.cpp:314] Batch 5381, accuracy1+2+3 = 1
I0418 09:39:37.339347  6080 data_layer.cpp:128] Prefetch batch: 125 ms.
I0418 09:39:37.339347  6080 data_layer.cpp:129]      Read time: 78.128 ms.
I0418 09:39:37.339347  6080 data_layer.cpp:130] Transform time: 46.876 ms.
I0418 09:39:38.183133  7952 caffe.cpp:314] Batch 5382, accuracy1+2 = 1
I0418 09:39:38.183133  7952 caffe.cpp:314] Batch 5382, accuracy1+2+3 = 1
I0418 09:39:38.308135  6080 data_layer.cpp:128] Prefetch batch: 125 ms.
I0418 09:39:38.308135  6080 data_layer.cpp:129]      Read time: 93.755 ms.
I0418 09:39:38.308135  6080 data_layer.cpp:130] Transform time: 31.247 ms.
I0418 09:39:39.151919  7952 caffe.cpp:314] Batch 5383, accuracy1+2 = 1
I0418 09:39:39.151919  7952 caffe.cpp:314] Batch 5383, accuracy1+2+3 = 1
I0418 09:39:39.261303  6080 data_layer.cpp:128] Prefetch batch: 109 ms.
I0418 09:39:39.261303  6080 data_layer.cpp:129]      Read time: 0 ms.
I0418 09:39:39.261303  6080 data_layer.cpp:130] Transform time: 109.384 ms.
I0418 09:39:40.136334  7952 caffe.cpp:314] Batch 5384, accuracy1+2 = 1
I0418 09:39:40.136334  7952 caffe.cpp:314] Batch 5384, accuracy1+2+3 = 1
I0418 09:39:40.261340  6080 data_layer.cpp:128] Prefetch batch: 125 ms.
I0418 09:39:40.261340  6080 data_layer.cpp:129]      Read time: 78.126 ms.
I0418 09:39:40.261340  6080 data_layer.cpp:130] Transform time: 46.88 ms.
I0418 09:39:41.105121  7952 caffe.cpp:314] Batch 5385, accuracy1+2 = 1
I0418 09:39:41.105121  7952 caffe.cpp:314] Batch 5385, accuracy1+2+3 = 1
I0418 09:39:41.230128  6080 data_layer.cpp:128] Prefetch batch: 125 ms.
I0418 09:39:41.230128  6080 data_layer.cpp:129]      Read time: 93.757 ms.
I0418 09:39:41.230128  6080 data_layer.cpp:130] Transform time: 31.249 ms.
I0418 09:39:42.073915  7952 caffe.cpp:314] Batch 5386, accuracy1+2 = 1
I0418 09:39:42.073915  7952 caffe.cpp:314] Batch 5386, accuracy1+2+3 = 1
I0418 09:39:42.198916  6080 data_layer.cpp:128] Prefetch batch: 125 ms.
I0418 09:39:42.198916  6080 data_layer.cpp:129]      Read time: 93.74 ms.
I0418 09:39:42.198916  6080 data_layer.cpp:130] Transform time: 31.262 ms.
I0418 09:39:43.058327  7952 caffe.cpp:314] Batch 5387, accuracy1+2 = 1
I0418 09:39:43.058327  7952 caffe.cpp:314] Batch 5387, accuracy1+2+3 = 1
I0418 09:39:43.183329  6080 data_layer.cpp:128] Prefetch batch: 125 ms.
I0418 09:39:43.183329  6080 data_layer.cpp:129]      Read time: 93.754 ms.
I0418 09:39:43.183329  6080 data_layer.cpp:130] Transform time: 31.248 ms.
I0418 09:39:44.027118  7952 caffe.cpp:314] Batch 5388, accuracy1+2 = 1
I0418 09:39:44.027118  7952 caffe.cpp:314] Batch 5388, accuracy1+2+3 = 1
I0418 09:39:44.136492  6080 data_layer.cpp:128] Prefetch batch: 109 ms.
I0418 09:39:44.136492  6080 data_layer.cpp:129]      Read time: 0 ms.
I0418 09:39:44.136492  6080 data_layer.cpp:130] Transform time: 109.373 ms.
I0418 09:39:45.011523  7952 caffe.cpp:314] Batch 5389, accuracy1+2 = 1
I0418 09:39:45.011523  7952 caffe.cpp:314] Batch 5389, accuracy1+2+3 = 1
I0418 09:39:45.136534  6080 data_layer.cpp:128] Prefetch batch: 125 ms.
I0418 09:39:45.136534  6080 data_layer.cpp:129]      Read time: 78.133 ms.
I0418 09:39:45.136534  6080 data_layer.cpp:130] Transform time: 46.878 ms.
I0418 09:39:45.980311  7952 caffe.cpp:314] Batch 5390, accuracy1+2 = 1
I0418 09:39:45.980311  7952 caffe.cpp:314] Batch 5390, accuracy1+2+3 = 1
I0418 09:39:46.105314  6080 data_layer.cpp:128] Prefetch batch: 125 ms.
I0418 09:39:46.105314  6080 data_layer.cpp:129]      Read time: 93.758 ms.
I0418 09:39:46.105314  6080 data_layer.cpp:130] Transform time: 31.244 ms.
I0418 09:39:46.964731  7952 caffe.cpp:314] Batch 5391, accuracy1+2 = 1
I0418 09:39:46.964731  7952 caffe.cpp:314] Batch 5391, accuracy1+2+3 = 1
I0418 09:39:47.058477  6080 data_layer.cpp:128] Prefetch batch: 93 ms.
I0418 09:39:47.058477  6080 data_layer.cpp:129]      Read time: 0 ms.
I0418 09:39:47.058477  6080 data_layer.cpp:130] Transform time: 93.746 ms.
I0418 09:39:47.933518  7952 caffe.cpp:314] Batch 5392, accuracy1+2 = 1
I0418 09:39:47.933518  7952 caffe.cpp:314] Batch 5392, accuracy1+2+3 = 1
I0418 09:39:48.058523  6080 data_layer.cpp:128] Prefetch batch: 125 ms.
I0418 09:39:48.058523  6080 data_layer.cpp:129]      Read time: 93.754 ms.
I0418 09:39:48.058523  6080 data_layer.cpp:130] Transform time: 31.251 ms.
I0418 09:39:48.902312  7952 caffe.cpp:314] Batch 5393, accuracy1+2 = 1
I0418 09:39:48.902312  7952 caffe.cpp:314] Batch 5393, accuracy1+2+3 = 1
I0418 09:39:49.027303  6080 data_layer.cpp:128] Prefetch batch: 124 ms.
I0418 09:39:49.042935  6080 data_layer.cpp:129]      Read time: 93.748 ms.
I0418 09:39:49.042935  6080 data_layer.cpp:130] Transform time: 31.244 ms.
I0418 09:39:49.886729  7952 caffe.cpp:314] Batch 5394, accuracy1+2 = 1
I0418 09:39:49.886729  7952 caffe.cpp:314] Batch 5394, accuracy1+2+3 = 0
I0418 09:39:50.011723  6080 data_layer.cpp:128] Prefetch batch: 124 ms.
I0418 09:39:50.011723  6080 data_layer.cpp:129]      Read time: 78.119 ms.
I0418 09:39:50.011723  6080 data_layer.cpp:130] Transform time: 46.875 ms.
I0418 09:39:50.855504  7952 caffe.cpp:314] Batch 5395, accuracy1+2 = 1
I0418 09:39:50.855504  7952 caffe.cpp:314] Batch 5395, accuracy1+2+3 = 1
I0418 09:39:50.980511  6080 data_layer.cpp:128] Prefetch batch: 125 ms.
I0418 09:39:50.980511  6080 data_layer.cpp:129]      Read time: 93.753 ms.
I0418 09:39:50.980511  6080 data_layer.cpp:130] Transform time: 31.255 ms.
I0418 09:39:51.839926  7952 caffe.cpp:314] Batch 5396, accuracy1+2 = 1
I0418 09:39:51.839926  7952 caffe.cpp:314] Batch 5396, accuracy1+2+3 = 1
I0418 09:39:51.933673  6080 data_layer.cpp:128] Prefetch batch: 93 ms.
I0418 09:39:51.933673  6080 data_layer.cpp:129]      Read time: 0 ms.
I0418 09:39:51.933673  6080 data_layer.cpp:130] Transform time: 93.748 ms.
I0418 09:39:52.808704  7952 caffe.cpp:314] Batch 5397, accuracy1+2 = 0
I0418 09:39:52.808704  7952 caffe.cpp:314] Batch 5397, accuracy1+2+3 = 0
I0418 09:39:52.933708  6080 data_layer.cpp:128] Prefetch batch: 125 ms.
I0418 09:39:52.933708  6080 data_layer.cpp:129]      Read time: 93.753 ms.
I0418 09:39:52.933708  6080 data_layer.cpp:130] Transform time: 31.251 ms.
I0418 09:39:53.777498  7952 caffe.cpp:314] Batch 5398, accuracy1+2 = 1
I0418 09:39:53.777498  7952 caffe.cpp:314] Batch 5398, accuracy1+2+3 = 1
I0418 09:39:53.902496  6080 data_layer.cpp:128] Prefetch batch: 124 ms.
I0418 09:39:53.902496  6080 data_layer.cpp:129]      Read time: 93.752 ms.
I0418 09:39:53.902496  6080 data_layer.cpp:130] Transform time: 31.247 ms.
I0418 09:39:54.761906  7952 caffe.cpp:314] Batch 5399, accuracy1+2 = 1
I0418 09:39:54.761906  7952 caffe.cpp:314] Batch 5399, accuracy1+2+3 = 1
I0418 09:39:54.886911  6080 data_layer.cpp:128] Prefetch batch: 125 ms.
I0418 09:39:54.886911  6080 data_layer.cpp:129]      Read time: 93.752 ms.
I0418 09:39:54.886911  6080 data_layer.cpp:130] Transform time: 31.253 ms.
I0418 09:39:55.746326  7952 caffe.cpp:314] Batch 5400, accuracy1+2 = 1
I0418 09:39:55.746326  7952 caffe.cpp:314] Batch 5400, accuracy1+2+3 = 1
I0418 09:39:55.840075  6080 data_layer.cpp:128] Prefetch batch: 93 ms.
I0418 09:39:55.840075  6080 data_layer.cpp:129]      Read time: 0 ms.
I0418 09:39:55.840075  6080 data_layer.cpp:130] Transform time: 93.748 ms.
I0418 09:39:56.730732  7952 caffe.cpp:314] Batch 5401, accuracy1+2 = 1
I0418 09:39:56.730732  7952 caffe.cpp:314] Batch 5401, accuracy1+2+3 = 1
I0418 09:39:56.855731  6080 data_layer.cpp:128] Prefetch batch: 124 ms.
I0418 09:39:56.855731  6080 data_layer.cpp:129]      Read time: 93.761 ms.
I0418 09:39:56.855731  6080 data_layer.cpp:130] Transform time: 31.237 ms.
I0418 09:39:57.746390  7952 caffe.cpp:314] Batch 5402, accuracy1+2 = 1
I0418 09:39:57.746390  7952 caffe.cpp:314] Batch 5402, accuracy1+2+3 = 1
I0418 09:39:57.871405  6080 data_layer.cpp:128] Prefetch batch: 125 ms.
I0418 09:39:57.871405  6080 data_layer.cpp:129]      Read time: 93.761 ms.
I0418 09:39:57.871405  6080 data_layer.cpp:130] Transform time: 31.254 ms.
I0418 09:39:58.730811  7952 caffe.cpp:314] Batch 5403, accuracy1+2 = 1
I0418 09:39:58.730811  7952 caffe.cpp:314] Batch 5403, accuracy1+2+3 = 1
I0418 09:39:58.840196  6080 data_layer.cpp:128] Prefetch batch: 109 ms.
I0418 09:39:58.840196  6080 data_layer.cpp:129]      Read time: 0 ms.
I0418 09:39:58.840196  6080 data_layer.cpp:130] Transform time: 109.385 ms.
I0418 09:39:59.699605  7952 caffe.cpp:314] Batch 5404, accuracy1+2 = 1
I0418 09:39:59.699605  7952 caffe.cpp:314] Batch 5404, accuracy1+2+3 = 1
I0418 09:39:59.840234  6080 data_layer.cpp:128] Prefetch batch: 140 ms.
I0418 09:39:59.840234  6080 data_layer.cpp:129]      Read time: 93.753 ms.
I0418 09:39:59.840234  6080 data_layer.cpp:130] Transform time: 46.875 ms.
I0418 09:40:00.684018  7952 caffe.cpp:314] Batch 5405, accuracy1+2 = 1
I0418 09:40:00.684018  7952 caffe.cpp:314] Batch 5405, accuracy1+2+3 = 1
I0418 09:40:00.809025  6080 data_layer.cpp:128] Prefetch batch: 125 ms.
I0418 09:40:00.809025  6080 data_layer.cpp:129]      Read time: 93.749 ms.
I0418 09:40:00.809025  6080 data_layer.cpp:130] Transform time: 31.257 ms.
I0418 09:40:01.652803  7952 caffe.cpp:314] Batch 5406, accuracy1+2 = 1
I0418 09:40:01.652803  7952 caffe.cpp:314] Batch 5406, accuracy1+2+3 = 1
I0418 09:40:01.777812  6080 data_layer.cpp:128] Prefetch batch: 125 ms.
I0418 09:40:01.777812  6080 data_layer.cpp:129]      Read time: 93.751 ms.
I0418 09:40:01.777812  6080 data_layer.cpp:130] Transform time: 31.258 ms.
I0418 09:40:02.621594  7952 caffe.cpp:314] Batch 5407, accuracy1+2 = 1
I0418 09:40:02.621594  7952 caffe.cpp:314] Batch 5407, accuracy1+2+3 = 1
I0418 09:40:02.730973  6080 data_layer.cpp:128] Prefetch batch: 109 ms.
I0418 09:40:02.730973  6080 data_layer.cpp:129]      Read time: 0 ms.
I0418 09:40:02.730973  6080 data_layer.cpp:130] Transform time: 109.378 ms.
I0418 09:40:03.590384  7952 caffe.cpp:314] Batch 5408, accuracy1+2 = 1
I0418 09:40:03.590384  7952 caffe.cpp:314] Batch 5408, accuracy1+2+3 = 1
I0418 09:40:03.715384  6080 data_layer.cpp:128] Prefetch batch: 125 ms.
I0418 09:40:03.715384  6080 data_layer.cpp:129]      Read time: 93.752 ms.
I0418 09:40:03.715384  6080 data_layer.cpp:130] Transform time: 31.248 ms.
I0418 09:40:04.574792  7952 caffe.cpp:314] Batch 5409, accuracy1+2 = 1
I0418 09:40:04.574792  7952 caffe.cpp:314] Batch 5409, accuracy1+2+3 = 1
I0418 09:40:04.699795  6080 data_layer.cpp:128] Prefetch batch: 125 ms.
I0418 09:40:04.699795  6080 data_layer.cpp:129]      Read time: 78.13 ms.
I0418 09:40:04.699795  6080 data_layer.cpp:130] Transform time: 46.872 ms.
I0418 09:40:05.543579  7952 caffe.cpp:314] Batch 5410, accuracy1+2 = 1
I0418 09:40:05.543579  7952 caffe.cpp:314] Batch 5410, accuracy1+2+3 = 1
I0418 09:40:05.668589  6080 data_layer.cpp:128] Prefetch batch: 125 ms.
I0418 09:40:05.668589  6080 data_layer.cpp:129]      Read time: 93.752 ms.
I0418 09:40:05.668589  6080 data_layer.cpp:130] Transform time: 31.258 ms.
I0418 09:40:06.512364  7952 caffe.cpp:314] Batch 5411, accuracy1+2 = 1
I0418 09:40:06.512364  7952 caffe.cpp:314] Batch 5411, accuracy1+2+3 = 1
I0418 09:40:06.653002  6080 data_layer.cpp:128] Prefetch batch: 140 ms.
I0418 09:40:06.653002  6080 data_layer.cpp:129]      Read time: 93.77 ms.
I0418 09:40:06.653002  6080 data_layer.cpp:130] Transform time: 46.867 ms.
I0418 09:40:07.496788  7952 caffe.cpp:314] Batch 5412, accuracy1+2 = 1
I0418 09:40:07.496788  7952 caffe.cpp:314] Batch 5412, accuracy1+2+3 = 1
I0418 09:40:07.621793  6080 data_layer.cpp:128] Prefetch batch: 125 ms.
I0418 09:40:07.621793  6080 data_layer.cpp:129]      Read time: 93.749 ms.
I0418 09:40:07.621793  6080 data_layer.cpp:130] Transform time: 31.256 ms.
I0418 09:40:08.465575  7952 caffe.cpp:314] Batch 5413, accuracy1+2 = 1
I0418 09:40:08.465575  7952 caffe.cpp:314] Batch 5413, accuracy1+2+3 = 1
I0418 09:40:08.574950  6080 data_layer.cpp:128] Prefetch batch: 109 ms.
I0418 09:40:08.574950  6080 data_layer.cpp:129]      Read time: 0 ms.
I0418 09:40:08.574950  6080 data_layer.cpp:130] Transform time: 109.375 ms.
I0418 09:40:09.434362  7952 caffe.cpp:314] Batch 5414, accuracy1+2 = 1
I0418 09:40:09.434362  7952 caffe.cpp:314] Batch 5414, accuracy1+2+3 = 1
I0418 09:40:09.559365  6080 data_layer.cpp:128] Prefetch batch: 125 ms.
I0418 09:40:09.559365  6080 data_layer.cpp:129]      Read time: 93.756 ms.
I0418 09:40:09.559365  6080 data_layer.cpp:130] Transform time: 31.246 ms.
I0418 09:40:10.418776  7952 caffe.cpp:314] Batch 5415, accuracy1+2 = 1
I0418 09:40:10.418776  7952 caffe.cpp:314] Batch 5415, accuracy1+2+3 = 1
I0418 09:40:10.543779  6080 data_layer.cpp:128] Prefetch batch: 125 ms.
I0418 09:40:10.543779  6080 data_layer.cpp:129]      Read time: 78.122 ms.
I0418 09:40:10.543779  6080 data_layer.cpp:130] Transform time: 46.881 ms.
I0418 09:40:11.387565  7952 caffe.cpp:314] Batch 5416, accuracy1+2 = 1
I0418 09:40:11.387565  7952 caffe.cpp:314] Batch 5416, accuracy1+2+3 = 1
I0418 09:40:11.512562  6080 data_layer.cpp:128] Prefetch batch: 124 ms.
I0418 09:40:11.512562  6080 data_layer.cpp:129]      Read time: 93.76 ms.
I0418 09:40:11.512562  6080 data_layer.cpp:130] Transform time: 31.237 ms.
I0418 09:40:12.356348  7952 caffe.cpp:314] Batch 5417, accuracy1+2 = 1
I0418 09:40:12.356348  7952 caffe.cpp:314] Batch 5417, accuracy1+2+3 = 1
I0418 09:40:12.465733  6080 data_layer.cpp:128] Prefetch batch: 109 ms.
I0418 09:40:12.465733  6080 data_layer.cpp:129]      Read time: 0 ms.
I0418 09:40:12.465733  6080 data_layer.cpp:130] Transform time: 109.385 ms.
I0418 09:40:13.325139  7952 caffe.cpp:314] Batch 5418, accuracy1+2 = 1
I0418 09:40:13.325139  7952 caffe.cpp:314] Batch 5418, accuracy1+2+3 = 1
I0418 09:40:13.465770  6080 data_layer.cpp:128] Prefetch batch: 125 ms.
I0418 09:40:13.465770  6080 data_layer.cpp:129]      Read time: 93.75 ms.
I0418 09:40:13.465770  6080 data_layer.cpp:130] Transform time: 31.256 ms.
I0418 09:40:14.309554  7952 caffe.cpp:314] Batch 5419, accuracy1+2 = 1
I0418 09:40:14.309554  7952 caffe.cpp:314] Batch 5419, accuracy1+2+3 = 1
I0418 09:40:14.434559  6080 data_layer.cpp:128] Prefetch batch: 125 ms.
I0418 09:40:14.434559  6080 data_layer.cpp:129]      Read time: 93.754 ms.
I0418 09:40:14.434559  6080 data_layer.cpp:130] Transform time: 31.251 ms.
I0418 09:40:15.278338  7952 caffe.cpp:314] Batch 5420, accuracy1+2 = 1
I0418 09:40:15.278338  7952 caffe.cpp:314] Batch 5420, accuracy1+2+3 = 1
I0418 09:40:15.403345  6080 data_layer.cpp:128] Prefetch batch: 125 ms.
I0418 09:40:15.403345  6080 data_layer.cpp:129]      Read time: 93.751 ms.
I0418 09:40:15.403345  6080 data_layer.cpp:130] Transform time: 31.256 ms.
I0418 09:40:16.247130  7952 caffe.cpp:314] Batch 5421, accuracy1+2 = 1
I0418 09:40:16.247130  7952 caffe.cpp:314] Batch 5421, accuracy1+2+3 = 1
I0418 09:40:16.356509  6080 data_layer.cpp:128] Prefetch batch: 109 ms.
I0418 09:40:16.356509  6080 data_layer.cpp:129]      Read time: 0 ms.
I0418 09:40:16.356509  6080 data_layer.cpp:130] Transform time: 109.379 ms.
I0418 09:40:17.231534  7952 caffe.cpp:314] Batch 5422, accuracy1+2 = 1
I0418 09:40:17.231534  7952 caffe.cpp:314] Batch 5422, accuracy1+2+3 = 1
I0418 09:40:17.356544  6080 data_layer.cpp:128] Prefetch batch: 125 ms.
I0418 09:40:17.356544  6080 data_layer.cpp:129]      Read time: 78.133 ms.
I0418 09:40:17.356544  6080 data_layer.cpp:130] Transform time: 46.876 ms.
I0418 09:40:18.200330  7952 caffe.cpp:314] Batch 5423, accuracy1+2 = 1
I0418 09:40:18.200330  7952 caffe.cpp:314] Batch 5423, accuracy1+2+3 = 1
I0418 09:40:18.325335  6080 data_layer.cpp:128] Prefetch batch: 125 ms.
I0418 09:40:18.325335  6080 data_layer.cpp:129]      Read time: 93.75 ms.
I0418 09:40:18.325335  6080 data_layer.cpp:130] Transform time: 31.254 ms.
I0418 09:40:19.169116  7952 caffe.cpp:314] Batch 5424, accuracy1+2 = 1
I0418 09:40:19.169116  7952 caffe.cpp:314] Batch 5424, accuracy1+2+3 = 1
I0418 09:40:19.294119  6080 data_layer.cpp:128] Prefetch batch: 125 ms.
I0418 09:40:19.294119  6080 data_layer.cpp:129]      Read time: 93.758 ms.
I0418 09:40:19.294119  6080 data_layer.cpp:130] Transform time: 31.246 ms.
I0418 09:40:20.153528  7952 caffe.cpp:314] Batch 5425, accuracy1+2 = 1
I0418 09:40:20.153528  7952 caffe.cpp:314] Batch 5425, accuracy1+2+3 = 1
I0418 09:40:20.247280  6080 data_layer.cpp:128] Prefetch batch: 93 ms.
I0418 09:40:20.247280  6080 data_layer.cpp:129]      Read time: 0 ms.
I0418 09:40:20.247280  6080 data_layer.cpp:130] Transform time: 93.752 ms.
I0418 09:40:21.122318  7952 caffe.cpp:314] Batch 5426, accuracy1+2 = 1
I0418 09:40:21.122318  7952 caffe.cpp:314] Batch 5426, accuracy1+2+3 = 1
I0418 09:40:21.247326  6080 data_layer.cpp:128] Prefetch batch: 125 ms.
I0418 09:40:21.247326  6080 data_layer.cpp:129]      Read time: 93.753 ms.
I0418 09:40:21.247326  6080 data_layer.cpp:130] Transform time: 31.256 ms.
I0418 09:40:22.091109  7952 caffe.cpp:314] Batch 5427, accuracy1+2 = 1
I0418 09:40:22.091109  7952 caffe.cpp:314] Batch 5427, accuracy1+2+3 = 1
I0418 09:40:22.216111  6080 data_layer.cpp:128] Prefetch batch: 125 ms.
I0418 09:40:22.216111  6080 data_layer.cpp:129]      Read time: 93.745 ms.
I0418 09:40:22.216111  6080 data_layer.cpp:130] Transform time: 31.257 ms.
I0418 09:40:23.075523  7952 caffe.cpp:314] Batch 5428, accuracy1+2 = 1
I0418 09:40:23.075523  7952 caffe.cpp:314] Batch 5428, accuracy1+2+3 = 1
I0418 09:40:23.200520  6080 data_layer.cpp:128] Prefetch batch: 124 ms.
I0418 09:40:23.200520  6080 data_layer.cpp:129]      Read time: 93.748 ms.
I0418 09:40:23.200520  6080 data_layer.cpp:130] Transform time: 31.249 ms.
I0418 09:40:24.044308  7952 caffe.cpp:314] Batch 5429, accuracy1+2 = 1
I0418 09:40:24.044308  7952 caffe.cpp:314] Batch 5429, accuracy1+2+3 = 1
I0418 09:40:24.153686  6080 data_layer.cpp:128] Prefetch batch: 109 ms.
I0418 09:40:24.153686  6080 data_layer.cpp:129]      Read time: 0 ms.
I0418 09:40:24.153686  6080 data_layer.cpp:130] Transform time: 109.377 ms.
I0418 09:40:25.013093  7952 caffe.cpp:314] Batch 5430, accuracy1+2 = 1
I0418 09:40:25.013093  7952 caffe.cpp:314] Batch 5430, accuracy1+2+3 = 1
I0418 09:40:25.138099  6080 data_layer.cpp:128] Prefetch batch: 125 ms.
I0418 09:40:25.138099  6080 data_layer.cpp:129]      Read time: 93.752 ms.
I0418 09:40:25.138099  6080 data_layer.cpp:130] Transform time: 31.254 ms.
I0418 09:40:25.997503  7952 caffe.cpp:314] Batch 5431, accuracy1+2 = 1
I0418 09:40:25.997503  7952 caffe.cpp:314] Batch 5431, accuracy1+2+3 = 1
I0418 09:40:26.122511  6080 data_layer.cpp:128] Prefetch batch: 125 ms.
I0418 09:40:26.122511  6080 data_layer.cpp:129]      Read time: 78.136 ms.
I0418 09:40:26.122511  6080 data_layer.cpp:130] Transform time: 46.872 ms.
I0418 09:40:26.966300  7952 caffe.cpp:314] Batch 5432, accuracy1+2 = 1
I0418 09:40:26.966300  7952 caffe.cpp:314] Batch 5432, accuracy1+2+3 = 1
I0418 09:40:27.091300  6080 data_layer.cpp:128] Prefetch batch: 125 ms.
I0418 09:40:27.091300  6080 data_layer.cpp:129]      Read time: 93.758 ms.
I0418 09:40:27.091300  6080 data_layer.cpp:130] Transform time: 31.242 ms.
I0418 09:40:27.935084  7952 caffe.cpp:314] Batch 5433, accuracy1+2 = 1
I0418 09:40:27.935084  7952 caffe.cpp:314] Batch 5433, accuracy1+2+3 = 1
I0418 09:40:28.060086  6080 data_layer.cpp:128] Prefetch batch: 125 ms.
I0418 09:40:28.060086  6080 data_layer.cpp:129]      Read time: 93.753 ms.
I0418 09:40:28.060086  6080 data_layer.cpp:130] Transform time: 31.249 ms.
I0418 09:40:28.919495  7952 caffe.cpp:314] Batch 5434, accuracy1+2 = 1
I0418 09:40:28.919495  7952 caffe.cpp:314] Batch 5434, accuracy1+2+3 = 1
I0418 09:40:29.013249  6080 data_layer.cpp:128] Prefetch batch: 93 ms.
I0418 09:40:29.013249  6080 data_layer.cpp:129]      Read time: 0 ms.
I0418 09:40:29.013249  6080 data_layer.cpp:130] Transform time: 93.754 ms.
I0418 09:40:29.888289  7952 caffe.cpp:314] Batch 5435, accuracy1+2 = 1
I0418 09:40:29.888289  7952 caffe.cpp:314] Batch 5435, accuracy1+2+3 = 1
I0418 09:40:30.013288  6080 data_layer.cpp:128] Prefetch batch: 124 ms.
I0418 09:40:30.013288  6080 data_layer.cpp:129]      Read time: 93.754 ms.
I0418 09:40:30.013288  6080 data_layer.cpp:130] Transform time: 31.244 ms.
I0418 09:40:30.857074  7952 caffe.cpp:314] Batch 5436, accuracy1+2 = 1
I0418 09:40:30.857074  7952 caffe.cpp:314] Batch 5436, accuracy1+2+3 = 1
I0418 09:40:30.982077  6080 data_layer.cpp:128] Prefetch batch: 125 ms.
I0418 09:40:30.982077  6080 data_layer.cpp:129]      Read time: 93.751 ms.
I0418 09:40:30.982077  6080 data_layer.cpp:130] Transform time: 31.253 ms.
I0418 09:40:31.825865  7952 caffe.cpp:314] Batch 5437, accuracy1+2 = 1
I0418 09:40:31.825865  7952 caffe.cpp:314] Batch 5437, accuracy1+2+3 = 1
I0418 09:40:31.935245  6080 data_layer.cpp:128] Prefetch batch: 109 ms.
I0418 09:40:31.935245  6080 data_layer.cpp:129]      Read time: 15.623 ms.
I0418 09:40:31.935245  6080 data_layer.cpp:130] Transform time: 93.756 ms.
I0418 09:40:32.810279  7952 caffe.cpp:314] Batch 5438, accuracy1+2 = 1
I0418 09:40:32.810279  7952 caffe.cpp:314] Batch 5438, accuracy1+2+3 = 1
I0418 09:40:32.935281  6080 data_layer.cpp:128] Prefetch batch: 125 ms.
I0418 09:40:32.935281  6080 data_layer.cpp:129]      Read time: 78.127 ms.
I0418 09:40:32.935281  6080 data_layer.cpp:130] Transform time: 46.874 ms.
I0418 09:40:33.810305  7952 caffe.cpp:314] Batch 5439, accuracy1+2 = 1
I0418 09:40:33.810305  7952 caffe.cpp:314] Batch 5439, accuracy1+2+3 = 1
I0418 09:40:33.935310  6080 data_layer.cpp:128] Prefetch batch: 125 ms.
I0418 09:40:33.935310  6080 data_layer.cpp:129]      Read time: 93.754 ms.
I0418 09:40:33.935310  6080 data_layer.cpp:130] Transform time: 31.251 ms.
I0418 09:40:34.825969  7952 caffe.cpp:314] Batch 5440, accuracy1+2 = 1
I0418 09:40:34.825969  7952 caffe.cpp:314] Batch 5440, accuracy1+2+3 = 1
I0418 09:40:34.950975  6080 data_layer.cpp:128] Prefetch batch: 125 ms.
I0418 09:40:34.950975  6080 data_layer.cpp:129]      Read time: 93.754 ms.
I0418 09:40:34.950975  6080 data_layer.cpp:130] Transform time: 31.252 ms.
I0418 09:40:35.810390  7952 caffe.cpp:314] Batch 5441, accuracy1+2 = 1
I0418 09:40:35.810390  7952 caffe.cpp:314] Batch 5441, accuracy1+2+3 = 1
I0418 09:40:35.919770  6080 data_layer.cpp:128] Prefetch batch: 109 ms.
I0418 09:40:35.919770  6080 data_layer.cpp:129]      Read time: 0 ms.
I0418 09:40:35.919770  6080 data_layer.cpp:130] Transform time: 109.379 ms.
I0418 09:40:36.794797  7952 caffe.cpp:314] Batch 5442, accuracy1+2 = 1
I0418 09:40:36.794797  7952 caffe.cpp:314] Batch 5442, accuracy1+2+3 = 1
I0418 09:40:36.919816  6080 data_layer.cpp:128] Prefetch batch: 125 ms.
I0418 09:40:36.919816  6080 data_layer.cpp:129]      Read time: 78.136 ms.
I0418 09:40:36.919816  6080 data_layer.cpp:130] Transform time: 46.883 ms.
I0418 09:40:37.763592  7952 caffe.cpp:314] Batch 5443, accuracy1+2 = 1
I0418 09:40:37.763592  7952 caffe.cpp:314] Batch 5443, accuracy1+2+3 = 1
I0418 09:40:37.888602  6080 data_layer.cpp:128] Prefetch batch: 125 ms.
I0418 09:40:37.888602  6080 data_layer.cpp:129]      Read time: 93.757 ms.
I0418 09:40:37.888602  6080 data_layer.cpp:130] Transform time: 31.252 ms.
I0418 09:40:38.732386  7952 caffe.cpp:314] Batch 5444, accuracy1+2 = 1
I0418 09:40:38.732386  7952 caffe.cpp:314] Batch 5444, accuracy1+2+3 = 1
I0418 09:40:38.857388  6080 data_layer.cpp:128] Prefetch batch: 125 ms.
I0418 09:40:38.857388  6080 data_layer.cpp:129]      Read time: 93.756 ms.
I0418 09:40:38.857388  6080 data_layer.cpp:130] Transform time: 31.245 ms.
I0418 09:40:39.716795  7952 caffe.cpp:314] Batch 5445, accuracy1+2 = 1
I0418 09:40:39.716795  7952 caffe.cpp:314] Batch 5445, accuracy1+2+3 = 1
I0418 09:40:39.810551  6080 data_layer.cpp:128] Prefetch batch: 93 ms.
I0418 09:40:39.810551  6080 data_layer.cpp:129]      Read time: 0 ms.
I0418 09:40:39.810551  6080 data_layer.cpp:130] Transform time: 93.756 ms.
I0418 09:40:40.685585  7952 caffe.cpp:314] Batch 5446, accuracy1+2 = 1
I0418 09:40:40.685585  7952 caffe.cpp:314] Batch 5446, accuracy1+2+3 = 1
I0418 09:40:40.810591  6080 data_layer.cpp:128] Prefetch batch: 125 ms.
I0418 09:40:40.810591  6080 data_layer.cpp:129]      Read time: 93.756 ms.
I0418 09:40:40.810591  6080 data_layer.cpp:130] Transform time: 31.25 ms.
I0418 09:40:41.654372  7952 caffe.cpp:314] Batch 5447, accuracy1+2 = 1
I0418 09:40:41.654372  7952 caffe.cpp:314] Batch 5447, accuracy1+2+3 = 1
I0418 09:40:41.779374  6080 data_layer.cpp:128] Prefetch batch: 125 ms.
I0418 09:40:41.779374  6080 data_layer.cpp:129]      Read time: 93.744 ms.
I0418 09:40:41.779374  6080 data_layer.cpp:130] Transform time: 31.258 ms.
I0418 09:40:42.638782  7952 caffe.cpp:314] Batch 5448, accuracy1+2 = 1
I0418 09:40:42.638782  7952 caffe.cpp:314] Batch 5448, accuracy1+2+3 = 1
I0418 09:40:42.763792  6080 data_layer.cpp:128] Prefetch batch: 125 ms.
I0418 09:40:42.763792  6080 data_layer.cpp:129]      Read time: 93.757 ms.
I0418 09:40:42.763792  6080 data_layer.cpp:130] Transform time: 31.253 ms.
I0418 09:40:43.607576  7952 caffe.cpp:314] Batch 5449, accuracy1+2 = 1
I0418 09:40:43.607576  7952 caffe.cpp:314] Batch 5449, accuracy1+2+3 = 1
I0418 09:40:43.716955  6080 data_layer.cpp:128] Prefetch batch: 109 ms.
I0418 09:40:43.716955  6080 data_layer.cpp:129]      Read time: 0 ms.
I0418 09:40:43.716955  6080 data_layer.cpp:130] Transform time: 109.379 ms.
I0418 09:40:44.576365  7952 caffe.cpp:314] Batch 5450, accuracy1+2 = 1
I0418 09:40:44.576365  7952 caffe.cpp:314] Batch 5450, accuracy1+2+3 = 1
I0418 09:40:44.716995  6080 data_layer.cpp:128] Prefetch batch: 140 ms.
I0418 09:40:44.716995  6080 data_layer.cpp:129]      Read time: 93.756 ms.
I0418 09:40:44.716995  6080 data_layer.cpp:130] Transform time: 46.873 ms.
I0418 09:40:45.560775  7952 caffe.cpp:314] Batch 5451, accuracy1+2 = 1
I0418 09:40:45.560775  7952 caffe.cpp:314] Batch 5451, accuracy1+2+3 = 1
I0418 09:40:45.685777  6080 data_layer.cpp:128] Prefetch batch: 125 ms.
I0418 09:40:45.685777  6080 data_layer.cpp:129]      Read time: 93.759 ms.
I0418 09:40:45.685777  6080 data_layer.cpp:130] Transform time: 31.244 ms.
I0418 09:40:46.529563  7952 caffe.cpp:314] Batch 5452, accuracy1+2 = 1
I0418 09:40:46.529563  7952 caffe.cpp:314] Batch 5452, accuracy1+2+3 = 1
I0418 09:40:46.638942  6080 data_layer.cpp:128] Prefetch batch: 109 ms.
I0418 09:40:46.638942  6080 data_layer.cpp:129]      Read time: 0 ms.
I0418 09:40:46.638942  6080 data_layer.cpp:130] Transform time: 109.379 ms.
I0418 09:40:47.513980  7952 caffe.cpp:314] Batch 5453, accuracy1+2 = 1
I0418 09:40:47.513980  7952 caffe.cpp:314] Batch 5453, accuracy1+2+3 = 1
I0418 09:40:47.638988  6080 data_layer.cpp:128] Prefetch batch: 125 ms.
I0418 09:40:47.638988  6080 data_layer.cpp:129]      Read time: 78.121 ms.
I0418 09:40:47.638988  6080 data_layer.cpp:130] Transform time: 46.886 ms.
I0418 09:40:48.482770  7952 caffe.cpp:314] Batch 5454, accuracy1+2 = 1
I0418 09:40:48.482770  7952 caffe.cpp:314] Batch 5454, accuracy1+2+3 = 1
I0418 09:40:48.607770  6080 data_layer.cpp:128] Prefetch batch: 125 ms.
I0418 09:40:48.607770  6080 data_layer.cpp:129]      Read time: 93.749 ms.
I0418 09:40:48.607770  6080 data_layer.cpp:130] Transform time: 31.251 ms.
I0418 09:40:49.451555  7952 caffe.cpp:314] Batch 5455, accuracy1+2 = 1
I0418 09:40:49.451555  7952 caffe.cpp:314] Batch 5455, accuracy1+2+3 = 1
I0418 09:40:49.576561  6080 data_layer.cpp:128] Prefetch batch: 125 ms.
I0418 09:40:49.576561  6080 data_layer.cpp:129]      Read time: 93.75 ms.
I0418 09:40:49.576561  6080 data_layer.cpp:130] Transform time: 31.257 ms.
I0418 09:40:50.420351  7952 caffe.cpp:314] Batch 5456, accuracy1+2 = 1
I0418 09:40:50.420351  7952 caffe.cpp:314] Batch 5456, accuracy1+2+3 = 1
I0418 09:40:50.560969  6080 data_layer.cpp:128] Prefetch batch: 140 ms.
I0418 09:40:50.560969  6080 data_layer.cpp:129]      Read time: 93.746 ms.
I0418 09:40:50.560969  6080 data_layer.cpp:130] Transform time: 46.872 ms.
I0418 09:40:51.404757  7952 caffe.cpp:314] Batch 5457, accuracy1+2 = 1
I0418 09:40:51.404757  7952 caffe.cpp:314] Batch 5457, accuracy1+2+3 = 1
I0418 09:40:51.529763  6080 data_layer.cpp:128] Prefetch batch: 125 ms.
I0418 09:40:51.529763  6080 data_layer.cpp:129]      Read time: 93.75 ms.
I0418 09:40:51.529763  6080 data_layer.cpp:130] Transform time: 31.257 ms.
I0418 09:40:52.373543  7952 caffe.cpp:314] Batch 5458, accuracy1+2 = 1
I0418 09:40:52.373543  7952 caffe.cpp:314] Batch 5458, accuracy1+2+3 = 1
I0418 09:40:52.482920  6080 data_layer.cpp:128] Prefetch batch: 109 ms.
I0418 09:40:52.482920  6080 data_layer.cpp:129]      Read time: 0 ms.
I0418 09:40:52.482920  6080 data_layer.cpp:130] Transform time: 109.378 ms.
I0418 09:40:53.357959  7952 caffe.cpp:314] Batch 5459, accuracy1+2 = 1
I0418 09:40:53.357959  7952 caffe.cpp:314] Batch 5459, accuracy1+2+3 = 1
I0418 09:40:53.482966  6080 data_layer.cpp:128] Prefetch batch: 125 ms.
I0418 09:40:53.482966  6080 data_layer.cpp:129]      Read time: 78.123 ms.
I0418 09:40:53.482966  6080 data_layer.cpp:130] Transform time: 46.884 ms.
I0418 09:40:54.326742  7952 caffe.cpp:314] Batch 5460, accuracy1+2 = 1
I0418 09:40:54.326742  7952 caffe.cpp:314] Batch 5460, accuracy1+2+3 = 1
I0418 09:40:54.451750  6080 data_layer.cpp:128] Prefetch batch: 125 ms.
I0418 09:40:54.451750  6080 data_layer.cpp:129]      Read time: 93.756 ms.
I0418 09:40:54.451750  6080 data_layer.cpp:130] Transform time: 31.252 ms.
I0418 09:40:55.295529  7952 caffe.cpp:314] Batch 5461, accuracy1+2 = 1
I0418 09:40:55.295529  7952 caffe.cpp:314] Batch 5461, accuracy1+2+3 = 1
I0418 09:40:55.420536  6080 data_layer.cpp:128] Prefetch batch: 125 ms.
I0418 09:40:55.420536  6080 data_layer.cpp:129]      Read time: 78.127 ms.
I0418 09:40:55.436163  6080 data_layer.cpp:130] Transform time: 46.88 ms.
I0418 09:40:56.279953  7952 caffe.cpp:314] Batch 5462, accuracy1+2 = 1
I0418 09:40:56.279953  7952 caffe.cpp:314] Batch 5462, accuracy1+2+3 = 1
I0418 09:40:56.404953  6080 data_layer.cpp:128] Prefetch batch: 125 ms.
I0418 09:40:56.404953  6080 data_layer.cpp:129]      Read time: 15.625 ms.
I0418 09:40:56.404953  6080 data_layer.cpp:130] Transform time: 109.376 ms.
I0418 09:40:57.248739  7952 caffe.cpp:314] Batch 5463, accuracy1+2 = 1
I0418 09:40:57.248739  7952 caffe.cpp:314] Batch 5463, accuracy1+2+3 = 1
I0418 09:40:57.373736  6080 data_layer.cpp:128] Prefetch batch: 124 ms.
I0418 09:40:57.373736  6080 data_layer.cpp:129]      Read time: 93.754 ms.
I0418 09:40:57.373736  6080 data_layer.cpp:130] Transform time: 31.244 ms.
I0418 09:40:58.217525  7952 caffe.cpp:314] Batch 5464, accuracy1+2 = 1
I0418 09:40:58.217525  7952 caffe.cpp:314] Batch 5464, accuracy1+2+3 = 1
I0418 09:40:58.342525  6080 data_layer.cpp:128] Prefetch batch: 125 ms.
I0418 09:40:58.342525  6080 data_layer.cpp:129]      Read time: 93.751 ms.
I0418 09:40:58.342525  6080 data_layer.cpp:130] Transform time: 31.249 ms.
I0418 09:40:59.201939  7952 caffe.cpp:314] Batch 5465, accuracy1+2 = 1
I0418 09:40:59.201939  7952 caffe.cpp:314] Batch 5465, accuracy1+2+3 = 1
I0418 09:40:59.326937  6080 data_layer.cpp:128] Prefetch batch: 124 ms.
I0418 09:40:59.326937  6080 data_layer.cpp:129]      Read time: 78.123 ms.
I0418 09:40:59.326937  6080 data_layer.cpp:130] Transform time: 46.875 ms.
I0418 09:41:00.170728  7952 caffe.cpp:314] Batch 5466, accuracy1+2 = 1
I0418 09:41:00.170728  7952 caffe.cpp:314] Batch 5466, accuracy1+2+3 = 1
I0418 09:41:00.295739  6080 data_layer.cpp:128] Prefetch batch: 125 ms.
I0418 09:41:00.295739  6080 data_layer.cpp:129]      Read time: 93.746 ms.
I0418 09:41:00.295739  6080 data_layer.cpp:130] Transform time: 31.265 ms.
I0418 09:41:01.139509  7952 caffe.cpp:314] Batch 5467, accuracy1+2 = 1
I0418 09:41:01.139509  7952 caffe.cpp:314] Batch 5467, accuracy1+2+3 = 1
I0418 09:41:01.264513  6080 data_layer.cpp:128] Prefetch batch: 125 ms.
I0418 09:41:01.264513  6080 data_layer.cpp:129]      Read time: 93.757 ms.
I0418 09:41:01.264513  6080 data_layer.cpp:130] Transform time: 31.247 ms.
I0418 09:41:02.123929  7952 caffe.cpp:314] Batch 5468, accuracy1+2 = 1
I0418 09:41:02.123929  7952 caffe.cpp:314] Batch 5468, accuracy1+2+3 = 1
I0418 09:41:02.217674  6080 data_layer.cpp:128] Prefetch batch: 93 ms.
I0418 09:41:02.217674  6080 data_layer.cpp:129]      Read time: 0 ms.
I0418 09:41:02.217674  6080 data_layer.cpp:130] Transform time: 93.746 ms.
I0418 09:41:03.092711  7952 caffe.cpp:314] Batch 5469, accuracy1+2 = 1
I0418 09:41:03.092711  7952 caffe.cpp:314] Batch 5469, accuracy1+2+3 = 1
I0418 09:41:03.217716  6080 data_layer.cpp:128] Prefetch batch: 125 ms.
I0418 09:41:03.217716  6080 data_layer.cpp:129]      Read time: 93.759 ms.
I0418 09:41:03.217716  6080 data_layer.cpp:130] Transform time: 31.246 ms.
I0418 09:41:04.061504  7952 caffe.cpp:314] Batch 5470, accuracy1+2 = 1
I0418 09:41:04.061504  7952 caffe.cpp:314] Batch 5470, accuracy1+2+3 = 1
I0418 09:41:04.202132  6080 data_layer.cpp:128] Prefetch batch: 140 ms.
I0418 09:41:04.202132  6080 data_layer.cpp:129]      Read time: 93.754 ms.
I0418 09:41:04.202132  6080 data_layer.cpp:130] Transform time: 46.874 ms.
I0418 09:41:05.045913  7952 caffe.cpp:314] Batch 5471, accuracy1+2 = 1
I0418 09:41:05.045913  7952 caffe.cpp:314] Batch 5471, accuracy1+2+3 = 1
I0418 09:41:05.170922  6080 data_layer.cpp:128] Prefetch batch: 125 ms.
I0418 09:41:05.170922  6080 data_layer.cpp:129]      Read time: 78.12 ms.
I0418 09:41:05.170922  6080 data_layer.cpp:130] Transform time: 46.888 ms.
I0418 09:41:06.045958  7952 caffe.cpp:314] Batch 5472, accuracy1+2 = 1
I0418 09:41:06.045958  7952 caffe.cpp:314] Batch 5472, accuracy1+2+3 = 1
I0418 09:41:06.170960  6080 data_layer.cpp:128] Prefetch batch: 125 ms.
I0418 09:41:06.170960  6080 data_layer.cpp:129]      Read time: 93.745 ms.
I0418 09:41:06.170960  6080 data_layer.cpp:130] Transform time: 31.258 ms.
I0418 09:41:07.030370  7952 caffe.cpp:314] Batch 5473, accuracy1+2 = 1
I0418 09:41:07.030370  7952 caffe.cpp:314] Batch 5473, accuracy1+2+3 = 1
I0418 09:41:07.155371  6080 data_layer.cpp:128] Prefetch batch: 125 ms.
I0418 09:41:07.155371  6080 data_layer.cpp:129]      Read time: 78.125 ms.
I0418 09:41:07.155371  6080 data_layer.cpp:130] Transform time: 46.876 ms.
I0418 09:41:07.999158  7952 caffe.cpp:314] Batch 5474, accuracy1+2 = 1
I0418 09:41:07.999158  7952 caffe.cpp:314] Batch 5474, accuracy1+2+3 = 1
I0418 09:41:08.108535  6080 data_layer.cpp:128] Prefetch batch: 109 ms.
I0418 09:41:08.108535  6080 data_layer.cpp:129]      Read time: 0 ms.
I0418 09:41:08.108535  6080 data_layer.cpp:130] Transform time: 109.376 ms.
I0418 09:41:08.967945  7952 caffe.cpp:314] Batch 5475, accuracy1+2 = 1
I0418 09:41:08.967945  7952 caffe.cpp:314] Batch 5475, accuracy1+2+3 = 1
I0418 09:41:09.092949  6080 data_layer.cpp:128] Prefetch batch: 125 ms.
I0418 09:41:09.092949  6080 data_layer.cpp:129]      Read time: 93.756 ms.
I0418 09:41:09.092949  6080 data_layer.cpp:130] Transform time: 31.248 ms.
I0418 09:41:09.952361  7952 caffe.cpp:314] Batch 5476, accuracy1+2 = 1
I0418 09:41:09.952361  7952 caffe.cpp:314] Batch 5476, accuracy1+2+3 = 1
I0418 09:41:10.077359  6080 data_layer.cpp:128] Prefetch batch: 124 ms.
I0418 09:41:10.077359  6080 data_layer.cpp:129]      Read time: 78.121 ms.
I0418 09:41:10.077359  6080 data_layer.cpp:130] Transform time: 46.877 ms.
I0418 09:41:10.921135  7952 caffe.cpp:314] Batch 5477, accuracy1+2 = 1
I0418 09:41:10.921135  7952 caffe.cpp:314] Batch 5477, accuracy1+2+3 = 1
I0418 09:41:11.046147  6080 data_layer.cpp:128] Prefetch batch: 125 ms.
I0418 09:41:11.046147  6080 data_layer.cpp:129]      Read time: 93.761 ms.
I0418 09:41:11.046147  6080 data_layer.cpp:130] Transform time: 31.251 ms.
I0418 09:41:11.936800  7952 caffe.cpp:314] Batch 5478, accuracy1+2 = 1
I0418 09:41:11.936800  7952 caffe.cpp:314] Batch 5478, accuracy1+2+3 = 1
I0418 09:41:12.061813  6080 data_layer.cpp:128] Prefetch batch: 125 ms.
I0418 09:41:12.061813  6080 data_layer.cpp:129]      Read time: 78.133 ms.
I0418 09:41:12.061813  6080 data_layer.cpp:130] Transform time: 46.88 ms.
I0418 09:41:12.936841  7952 caffe.cpp:314] Batch 5479, accuracy1+2 = 1
I0418 09:41:12.936841  7952 caffe.cpp:314] Batch 5479, accuracy1+2+3 = 1
I0418 09:41:13.077471  6080 data_layer.cpp:128] Prefetch batch: 140 ms.
I0418 09:41:13.077471  6080 data_layer.cpp:129]      Read time: 93.761 ms.
I0418 09:41:13.077471  6080 data_layer.cpp:130] Transform time: 46.869 ms.
I0418 09:41:13.936890  7952 caffe.cpp:314] Batch 5480, accuracy1+2 = 1
I0418 09:41:13.936890  7952 caffe.cpp:314] Batch 5480, accuracy1+2+3 = 1
I0418 09:41:14.046308  6080 data_layer.cpp:128] Prefetch batch: 109 ms.
I0418 09:41:14.046308  6080 data_layer.cpp:129]      Read time: 0 ms.
I0418 09:41:14.046308  6080 data_layer.cpp:130] Transform time: 109.417 ms.
I0418 09:41:14.921301  7952 caffe.cpp:314] Batch 5481, accuracy1+2 = 0
I0418 09:41:14.921301  7952 caffe.cpp:314] Batch 5481, accuracy1+2+3 = 0
I0418 09:41:15.046308  6080 data_layer.cpp:128] Prefetch batch: 125 ms.
I0418 09:41:15.046308  6080 data_layer.cpp:129]      Read time: 78.13 ms.
I0418 09:41:15.046308  6080 data_layer.cpp:130] Transform time: 46.877 ms.
I0418 09:41:15.890090  7952 caffe.cpp:314] Batch 5482, accuracy1+2 = 1
I0418 09:41:15.890090  7952 caffe.cpp:314] Batch 5482, accuracy1+2+3 = 1
I0418 09:41:16.015090  6080 data_layer.cpp:128] Prefetch batch: 125 ms.
I0418 09:41:16.015090  6080 data_layer.cpp:129]      Read time: 93.756 ms.
I0418 09:41:16.015090  6080 data_layer.cpp:130] Transform time: 31.244 ms.
I0418 09:41:16.858880  7952 caffe.cpp:314] Batch 5483, accuracy1+2 = 1
I0418 09:41:16.858880  7952 caffe.cpp:314] Batch 5483, accuracy1+2+3 = 1
I0418 09:41:16.983880  6080 data_layer.cpp:128] Prefetch batch: 125 ms.
I0418 09:41:16.983880  6080 data_layer.cpp:129]      Read time: 93.754 ms.
I0418 09:41:16.983880  6080 data_layer.cpp:130] Transform time: 31.247 ms.
I0418 09:41:17.843291  7952 caffe.cpp:314] Batch 5484, accuracy1+2 = 1
I0418 09:41:17.843291  7952 caffe.cpp:314] Batch 5484, accuracy1+2+3 = 1
I0418 09:41:17.968299  6080 data_layer.cpp:128] Prefetch batch: 125 ms.
I0418 09:41:17.968299  6080 data_layer.cpp:129]      Read time: 78.127 ms.
I0418 09:41:17.968299  6080 data_layer.cpp:130] Transform time: 46.881 ms.
I0418 09:41:18.812075  7952 caffe.cpp:314] Batch 5485, accuracy1+2 = 1
I0418 09:41:18.812075  7952 caffe.cpp:314] Batch 5485, accuracy1+2+3 = 1
I0418 09:41:18.921463  6080 data_layer.cpp:128] Prefetch batch: 109 ms.
I0418 09:41:18.921463  6080 data_layer.cpp:129]      Read time: 0 ms.
I0418 09:41:18.921463  6080 data_layer.cpp:130] Transform time: 109.388 ms.
I0418 09:41:19.780867  7952 caffe.cpp:314] Batch 5486, accuracy1+2 = 1
I0418 09:41:19.780867  7952 caffe.cpp:314] Batch 5486, accuracy1+2+3 = 1
I0418 09:41:19.905872  6080 data_layer.cpp:128] Prefetch batch: 125 ms.
I0418 09:41:19.905872  6080 data_layer.cpp:129]      Read time: 93.755 ms.
I0418 09:41:19.905872  6080 data_layer.cpp:130] Transform time: 31.25 ms.
I0418 09:41:20.765280  7952 caffe.cpp:314] Batch 5487, accuracy1+2 = 1
I0418 09:41:20.765280  7952 caffe.cpp:314] Batch 5487, accuracy1+2+3 = 1
I0418 09:41:20.890285  6080 data_layer.cpp:128] Prefetch batch: 125 ms.
I0418 09:41:20.890285  6080 data_layer.cpp:129]      Read time: 78.13 ms.
I0418 09:41:20.890285  6080 data_layer.cpp:130] Transform time: 46.876 ms.
I0418 09:41:21.734064  7952 caffe.cpp:314] Batch 5488, accuracy1+2 = 1
I0418 09:41:21.734064  7952 caffe.cpp:314] Batch 5488, accuracy1+2+3 = 1
I0418 09:41:21.859086  6080 data_layer.cpp:128] Prefetch batch: 125 ms.
I0418 09:41:21.859086  6080 data_layer.cpp:129]      Read time: 93.76 ms.
I0418 09:41:21.859086  6080 data_layer.cpp:130] Transform time: 31.262 ms.
I0418 09:41:22.702858  7952 caffe.cpp:314] Batch 5489, accuracy1+2 = 1
I0418 09:41:22.702858  7952 caffe.cpp:314] Batch 5489, accuracy1+2+3 = 1
I0418 09:41:22.843487  6080 data_layer.cpp:128] Prefetch batch: 125 ms.
I0418 09:41:22.843487  6080 data_layer.cpp:129]      Read time: 78.131 ms.
I0418 09:41:22.843487  6080 data_layer.cpp:130] Transform time: 46.878 ms.
I0418 09:41:23.687266  7952 caffe.cpp:314] Batch 5490, accuracy1+2 = 1
I0418 09:41:23.687266  7952 caffe.cpp:314] Batch 5490, accuracy1+2+3 = 1
I0418 09:41:23.812271  6080 data_layer.cpp:128] Prefetch batch: 125 ms.
I0418 09:41:23.812271  6080 data_layer.cpp:129]      Read time: 93.761 ms.
I0418 09:41:23.812271  6080 data_layer.cpp:130] Transform time: 31.244 ms.
I0418 09:41:24.656054  7952 caffe.cpp:314] Batch 5491, accuracy1+2 = 1
I0418 09:41:24.656054  7952 caffe.cpp:314] Batch 5491, accuracy1+2+3 = 1
I0418 09:41:24.765434  6080 data_layer.cpp:128] Prefetch batch: 109 ms.
I0418 09:41:24.765434  6080 data_layer.cpp:129]      Read time: 0 ms.
I0418 09:41:24.765434  6080 data_layer.cpp:130] Transform time: 109.38 ms.
I0418 09:41:25.624846  7952 caffe.cpp:314] Batch 5492, accuracy1+2 = 1
I0418 09:41:25.624846  7952 caffe.cpp:314] Batch 5492, accuracy1+2+3 = 1
I0418 09:41:25.765477  6080 data_layer.cpp:128] Prefetch batch: 140 ms.
I0418 09:41:25.765477  6080 data_layer.cpp:129]      Read time: 93.756 ms.
I0418 09:41:25.765477  6080 data_layer.cpp:130] Transform time: 46.875 ms.
I0418 09:41:26.609261  7952 caffe.cpp:314] Batch 5493, accuracy1+2 = 1
I0418 09:41:26.609261  7952 caffe.cpp:314] Batch 5493, accuracy1+2+3 = 1
I0418 09:41:26.734264  6080 data_layer.cpp:128] Prefetch batch: 125 ms.
I0418 09:41:26.734264  6080 data_layer.cpp:129]      Read time: 93.748 ms.
I0418 09:41:26.734264  6080 data_layer.cpp:130] Transform time: 31.255 ms.
I0418 09:41:27.578044  7952 caffe.cpp:314] Batch 5494, accuracy1+2 = 1
I0418 09:41:27.578044  7952 caffe.cpp:314] Batch 5494, accuracy1+2+3 = 1
I0418 09:41:27.703065  6080 data_layer.cpp:128] Prefetch batch: 125 ms.
I0418 09:41:27.703065  6080 data_layer.cpp:129]      Read time: 93.758 ms.
I0418 09:41:27.703065  6080 data_layer.cpp:130] Transform time: 31.263 ms.
I0418 09:41:28.546831  7952 caffe.cpp:314] Batch 5495, accuracy1+2 = 1
I0418 09:41:28.546831  7952 caffe.cpp:314] Batch 5495, accuracy1+2+3 = 1
I0418 09:41:28.671844  6080 data_layer.cpp:128] Prefetch batch: 125 ms.
I0418 09:41:28.687464  6080 data_layer.cpp:129]      Read time: 93.756 ms.
I0418 09:41:28.687464  6080 data_layer.cpp:130] Transform time: 31.257 ms.
I0418 09:41:29.531249  7952 caffe.cpp:314] Batch 5496, accuracy1+2 = 1
I0418 09:41:29.531249  7952 caffe.cpp:314] Batch 5496, accuracy1+2+3 = 1
I0418 09:41:29.625005  6080 data_layer.cpp:128] Prefetch batch: 93 ms.
I0418 09:41:29.625005  6080 data_layer.cpp:129]      Read time: 0 ms.
I0418 09:41:29.625005  6080 data_layer.cpp:130] Transform time: 93.756 ms.
I0418 09:41:30.500039  7952 caffe.cpp:314] Batch 5497, accuracy1+2 = 1
I0418 09:41:30.500039  7952 caffe.cpp:314] Batch 5497, accuracy1+2+3 = 1
I0418 09:41:30.625044  6080 data_layer.cpp:128] Prefetch batch: 125 ms.
I0418 09:41:30.625044  6080 data_layer.cpp:129]      Read time: 93.754 ms.
I0418 09:41:30.625044  6080 data_layer.cpp:130] Transform time: 31.251 ms.
I0418 09:41:31.468830  7952 caffe.cpp:314] Batch 5498, accuracy1+2 = 1
I0418 09:41:31.468830  7952 caffe.cpp:314] Batch 5498, accuracy1+2+3 = 1
I0418 09:41:31.593835  6080 data_layer.cpp:128] Prefetch batch: 125 ms.
I0418 09:41:31.593835  6080 data_layer.cpp:129]      Read time: 93.753 ms.
I0418 09:41:31.593835  6080 data_layer.cpp:130] Transform time: 31.252 ms.
I0418 09:41:32.453236  7952 caffe.cpp:314] Batch 5499, accuracy1+2 = 1
I0418 09:41:32.453236  7952 caffe.cpp:314] Batch 5499, accuracy1+2+3 = 1
I0418 09:41:32.578244  6080 data_layer.cpp:128] Prefetch batch: 125 ms.
I0418 09:41:32.578244  6080 data_layer.cpp:129]      Read time: 78.122 ms.
I0418 09:41:32.578244  6080 data_layer.cpp:130] Transform time: 46.886 ms.
I0418 09:41:33.422024  7952 caffe.cpp:314] Batch 5500, accuracy1+2 = 1
I0418 09:41:33.422024  7952 caffe.cpp:314] Batch 5500, accuracy1+2+3 = 1
I0418 09:41:33.531406  6080 data_layer.cpp:128] Prefetch batch: 109 ms.
I0418 09:41:33.531406  6080 data_layer.cpp:129]      Read time: 0 ms.
I0418 09:41:33.531406  6080 data_layer.cpp:130] Transform time: 109.382 ms.
I0418 09:41:34.390815  7952 caffe.cpp:314] Batch 5501, accuracy1+2 = 1
I0418 09:41:34.390815  7952 caffe.cpp:314] Batch 5501, accuracy1+2+3 = 1
I0418 09:41:34.515825  6080 data_layer.cpp:128] Prefetch batch: 125 ms.
I0418 09:41:34.515825  6080 data_layer.cpp:129]      Read time: 93.757 ms.
I0418 09:41:34.515825  6080 data_layer.cpp:130] Transform time: 31.253 ms.
I0418 09:41:35.375233  7952 caffe.cpp:314] Batch 5502, accuracy1+2 = 1
I0418 09:41:35.375233  7952 caffe.cpp:314] Batch 5502, accuracy1+2+3 = 1
I0418 09:41:35.500231  6080 data_layer.cpp:128] Prefetch batch: 124 ms.
I0418 09:41:35.500231  6080 data_layer.cpp:129]      Read time: 78.124 ms.
I0418 09:41:35.500231  6080 data_layer.cpp:130] Transform time: 46.874 ms.
I0418 09:41:36.344012  7952 caffe.cpp:314] Batch 5503, accuracy1+2 = 1
I0418 09:41:36.344012  7952 caffe.cpp:314] Batch 5503, accuracy1+2+3 = 1
I0418 09:41:36.469023  6080 data_layer.cpp:128] Prefetch batch: 125 ms.
I0418 09:41:36.469023  6080 data_layer.cpp:129]      Read time: 93.762 ms.
I0418 09:41:36.469023  6080 data_layer.cpp:130] Transform time: 31.249 ms.
I0418 09:41:37.312800  7952 caffe.cpp:314] Batch 5504, accuracy1+2 = 1
I0418 09:41:37.312800  7952 caffe.cpp:314] Batch 5504, accuracy1+2+3 = 1
I0418 09:41:37.422185  6080 data_layer.cpp:128] Prefetch batch: 109 ms.
I0418 09:41:37.422185  6080 data_layer.cpp:129]      Read time: 0 ms.
I0418 09:41:37.422185  6080 data_layer.cpp:130] Transform time: 109.385 ms.
I0418 09:41:38.281597  7952 caffe.cpp:314] Batch 5505, accuracy1+2 = 1
I0418 09:41:38.297219  7952 caffe.cpp:314] Batch 5505, accuracy1+2+3 = 1
I0418 09:41:38.422226  6080 data_layer.cpp:128] Prefetch batch: 125 ms.
I0418 09:41:38.422226  6080 data_layer.cpp:129]      Read time: 78.126 ms.
I0418 09:41:38.422226  6080 data_layer.cpp:130] Transform time: 46.882 ms.
I0418 09:41:39.266002  7952 caffe.cpp:314] Batch 5506, accuracy1+2 = 0
I0418 09:41:39.266002  7952 caffe.cpp:314] Batch 5506, accuracy1+2+3 = 0
I0418 09:41:39.391010  6080 data_layer.cpp:128] Prefetch batch: 125 ms.
I0418 09:41:39.391010  6080 data_layer.cpp:129]      Read time: 93.756 ms.
I0418 09:41:39.391010  6080 data_layer.cpp:130] Transform time: 31.251 ms.
I0418 09:41:40.234798  7952 caffe.cpp:314] Batch 5507, accuracy1+2 = 1
I0418 09:41:40.234798  7952 caffe.cpp:314] Batch 5507, accuracy1+2+3 = 1
I0418 09:41:40.359799  6080 data_layer.cpp:128] Prefetch batch: 125 ms.
I0418 09:41:40.359799  6080 data_layer.cpp:129]      Read time: 93.75 ms.
I0418 09:41:40.359799  6080 data_layer.cpp:130] Transform time: 31.251 ms.
I0418 09:41:41.219213  7952 caffe.cpp:314] Batch 5508, accuracy1+2 = 1
I0418 09:41:41.219213  7952 caffe.cpp:314] Batch 5508, accuracy1+2+3 = 1
I0418 09:41:41.312963  6080 data_layer.cpp:128] Prefetch batch: 93 ms.
I0418 09:41:41.312963  6080 data_layer.cpp:129]      Read time: 0 ms.
I0418 09:41:41.312963  6080 data_layer.cpp:130] Transform time: 93.75 ms.
I0418 09:41:42.187999  7952 caffe.cpp:314] Batch 5509, accuracy1+2 = 1
I0418 09:41:42.187999  7952 caffe.cpp:314] Batch 5509, accuracy1+2+3 = 1
I0418 09:41:42.313007  6080 data_layer.cpp:128] Prefetch batch: 125 ms.
I0418 09:41:42.313007  6080 data_layer.cpp:129]      Read time: 93.757 ms.
I0418 09:41:42.313007  6080 data_layer.cpp:130] Transform time: 31.252 ms.
I0418 09:41:43.172415  7952 caffe.cpp:314] Batch 5510, accuracy1+2 = 1
I0418 09:41:43.172415  7952 caffe.cpp:314] Batch 5510, accuracy1+2+3 = 1
I0418 09:41:43.297416  6080 data_layer.cpp:128] Prefetch batch: 125 ms.
I0418 09:41:43.297416  6080 data_layer.cpp:129]      Read time: 78.125 ms.
I0418 09:41:43.297416  6080 data_layer.cpp:130] Transform time: 46.877 ms.
I0418 09:41:44.141201  7952 caffe.cpp:314] Batch 5511, accuracy1+2 = 1
I0418 09:41:44.141201  7952 caffe.cpp:314] Batch 5511, accuracy1+2+3 = 1
I0418 09:41:44.266204  6080 data_layer.cpp:128] Prefetch batch: 125 ms.
I0418 09:41:44.266204  6080 data_layer.cpp:129]      Read time: 93.748 ms.
I0418 09:41:44.266204  6080 data_layer.cpp:130] Transform time: 31.255 ms.
I0418 09:41:45.125612  7952 caffe.cpp:314] Batch 5512, accuracy1+2 = 1
I0418 09:41:45.125612  7952 caffe.cpp:314] Batch 5512, accuracy1+2+3 = 1
I0418 09:41:45.250619  6080 data_layer.cpp:128] Prefetch batch: 125 ms.
I0418 09:41:45.250619  6080 data_layer.cpp:129]      Read time: 78.132 ms.
I0418 09:41:45.250619  6080 data_layer.cpp:130] Transform time: 46.875 ms.
I0418 09:41:46.094398  7952 caffe.cpp:314] Batch 5513, accuracy1+2 = 1
I0418 09:41:46.094398  7952 caffe.cpp:314] Batch 5513, accuracy1+2+3 = 1
I0418 09:41:46.203783  6080 data_layer.cpp:128] Prefetch batch: 109 ms.
I0418 09:41:46.203783  6080 data_layer.cpp:129]      Read time: 0 ms.
I0418 09:41:46.203783  6080 data_layer.cpp:130] Transform time: 109.385 ms.
I0418 09:41:47.063184  7952 caffe.cpp:314] Batch 5514, accuracy1+2 = 0
I0418 09:41:47.063184  7952 caffe.cpp:314] Batch 5514, accuracy1+2+3 = 0
I0418 09:41:47.188191  6080 data_layer.cpp:128] Prefetch batch: 125 ms.
I0418 09:41:47.188191  6080 data_layer.cpp:129]      Read time: 93.756 ms.
I0418 09:41:47.188191  6080 data_layer.cpp:130] Transform time: 31.252 ms.
I0418 09:41:48.031971  7952 caffe.cpp:314] Batch 5515, accuracy1+2 = 1
I0418 09:41:48.031971  7952 caffe.cpp:314] Batch 5515, accuracy1+2+3 = 1
I0418 09:41:48.172602  6080 data_layer.cpp:128] Prefetch batch: 140 ms.
I0418 09:41:48.172602  6080 data_layer.cpp:129]      Read time: 93.761 ms.
I0418 09:41:48.172602  6080 data_layer.cpp:130] Transform time: 46.87 ms.
I0418 09:41:49.032013  7952 caffe.cpp:314] Batch 5516, accuracy1+2 = 1
I0418 09:41:49.032013  7952 caffe.cpp:314] Batch 5516, accuracy1+2+3 = 1
I0418 09:41:49.157009  6080 data_layer.cpp:128] Prefetch batch: 124 ms.
I0418 09:41:49.157009  6080 data_layer.cpp:129]      Read time: 93.744 ms.
I0418 09:41:49.157009  6080 data_layer.cpp:130] Transform time: 31.252 ms.
I0418 09:41:50.047683  7952 caffe.cpp:314] Batch 5517, accuracy1+2 = 1
I0418 09:41:50.047683  7952 caffe.cpp:314] Batch 5517, accuracy1+2+3 = 1
I0418 09:41:50.141424  6080 data_layer.cpp:128] Prefetch batch: 93 ms.
I0418 09:41:50.141424  6080 data_layer.cpp:129]      Read time: 0 ms.
I0418 09:41:50.141424  6080 data_layer.cpp:130] Transform time: 93.742 ms.
I0418 09:41:51.032096  7952 caffe.cpp:314] Batch 5518, accuracy1+2 = 1
I0418 09:41:51.032096  7952 caffe.cpp:314] Batch 5518, accuracy1+2+3 = 1
I0418 09:41:51.157094  6080 data_layer.cpp:128] Prefetch batch: 124 ms.
I0418 09:41:51.157094  6080 data_layer.cpp:129]      Read time: 93.755 ms.
I0418 09:41:51.157094  6080 data_layer.cpp:130] Transform time: 31.242 ms.
I0418 09:41:52.016506  7952 caffe.cpp:314] Batch 5519, accuracy1+2 = 1
I0418 09:41:52.016506  7952 caffe.cpp:314] Batch 5519, accuracy1+2+3 = 1
I0418 09:41:52.141510  6080 data_layer.cpp:128] Prefetch batch: 125 ms.
I0418 09:41:52.141510  6080 data_layer.cpp:129]      Read time: 78.128 ms.
I0418 09:41:52.141510  6080 data_layer.cpp:130] Transform time: 46.876 ms.
I0418 09:41:52.985294  7952 caffe.cpp:314] Batch 5520, accuracy1+2 = 1
I0418 09:41:52.985294  7952 caffe.cpp:314] Batch 5520, accuracy1+2+3 = 1
I0418 09:41:53.110301  6080 data_layer.cpp:128] Prefetch batch: 125 ms.
I0418 09:41:53.110301  6080 data_layer.cpp:129]      Read time: 109.382 ms.
I0418 09:41:53.110301  6080 data_layer.cpp:130] Transform time: 15.625 ms.
I0418 09:41:53.954087  7952 caffe.cpp:314] Batch 5521, accuracy1+2 = 0
I0418 09:41:53.954087  7952 caffe.cpp:314] Batch 5521, accuracy1+2+3 = 0
I0418 09:41:54.063465  6080 data_layer.cpp:128] Prefetch batch: 109 ms.
I0418 09:41:54.063465  6080 data_layer.cpp:129]      Read time: 0 ms.
I0418 09:41:54.063465  6080 data_layer.cpp:130] Transform time: 109.378 ms.
I0418 09:41:54.938496  7952 caffe.cpp:314] Batch 5522, accuracy1+2 = 1
I0418 09:41:54.938496  7952 caffe.cpp:314] Batch 5522, accuracy1+2+3 = 1
I0418 09:41:55.063500  6080 data_layer.cpp:128] Prefetch batch: 125 ms.
I0418 09:41:55.063500  6080 data_layer.cpp:129]      Read time: 78.13 ms.
I0418 09:41:55.063500  6080 data_layer.cpp:130] Transform time: 46.874 ms.
I0418 09:41:55.907281  7952 caffe.cpp:314] Batch 5523, accuracy1+2 = 1
I0418 09:41:55.907281  7952 caffe.cpp:314] Batch 5523, accuracy1+2+3 = 1
I0418 09:41:56.032290  6080 data_layer.cpp:128] Prefetch batch: 125 ms.
I0418 09:41:56.032290  6080 data_layer.cpp:129]      Read time: 93.759 ms.
I0418 09:41:56.032290  6080 data_layer.cpp:130] Transform time: 31.25 ms.
I0418 09:41:56.876076  7952 caffe.cpp:314] Batch 5524, accuracy1+2 = 1
I0418 09:41:56.876076  7952 caffe.cpp:314] Batch 5524, accuracy1+2+3 = 1
I0418 09:41:57.001078  6080 data_layer.cpp:128] Prefetch batch: 125 ms.
I0418 09:41:57.001078  6080 data_layer.cpp:129]      Read time: 93.752 ms.
I0418 09:41:57.001078  6080 data_layer.cpp:130] Transform time: 31.25 ms.
I0418 09:41:57.844863  7952 caffe.cpp:314] Batch 5525, accuracy1+2 = 1
I0418 09:41:57.844863  7952 caffe.cpp:314] Batch 5525, accuracy1+2+3 = 1
I0418 09:41:57.954239  6080 data_layer.cpp:128] Prefetch batch: 109 ms.
I0418 09:41:57.954239  6080 data_layer.cpp:129]      Read time: 0 ms.
I0418 09:41:57.954239  6080 data_layer.cpp:130] Transform time: 109.376 ms.
I0418 09:41:58.829279  7952 caffe.cpp:314] Batch 5526, accuracy1+2 = 1
I0418 09:41:58.829279  7952 caffe.cpp:314] Batch 5526, accuracy1+2+3 = 1
I0418 09:41:58.954282  6080 data_layer.cpp:128] Prefetch batch: 125 ms.
I0418 09:41:58.954282  6080 data_layer.cpp:129]      Read time: 78.128 ms.
I0418 09:41:58.954282  6080 data_layer.cpp:130] Transform time: 46.874 ms.
I0418 09:41:59.798066  7952 caffe.cpp:314] Batch 5527, accuracy1+2 = 1
I0418 09:41:59.798066  7952 caffe.cpp:314] Batch 5527, accuracy1+2+3 = 1
I0418 09:41:59.923071  6080 data_layer.cpp:128] Prefetch batch: 125 ms.
I0418 09:41:59.923071  6080 data_layer.cpp:129]      Read time: 93.753 ms.
I0418 09:41:59.923071  6080 data_layer.cpp:130] Transform time: 31.252 ms.
I0418 09:42:00.766847  7952 caffe.cpp:314] Batch 5528, accuracy1+2 = 1
I0418 09:42:00.766847  7952 caffe.cpp:314] Batch 5528, accuracy1+2+3 = 1
I0418 09:42:00.891855  6080 data_layer.cpp:128] Prefetch batch: 125 ms.
I0418 09:42:00.891855  6080 data_layer.cpp:129]      Read time: 93.758 ms.
I0418 09:42:00.907483  6080 data_layer.cpp:130] Transform time: 31.249 ms.
I0418 09:42:01.751268  7952 caffe.cpp:314] Batch 5529, accuracy1+2 = 1
I0418 09:42:01.751268  7952 caffe.cpp:314] Batch 5529, accuracy1+2+3 = 1
I0418 09:42:01.845019  6080 data_layer.cpp:128] Prefetch batch: 93 ms.
I0418 09:42:01.845019  6080 data_layer.cpp:129]      Read time: 0 ms.
I0418 09:42:01.845019  6080 data_layer.cpp:130] Transform time: 93.751 ms.
I0418 09:42:02.720049  7952 caffe.cpp:314] Batch 5530, accuracy1+2 = 1
I0418 09:42:02.720049  7952 caffe.cpp:314] Batch 5530, accuracy1+2+3 = 1
I0418 09:42:02.845057  6080 data_layer.cpp:128] Prefetch batch: 125 ms.
I0418 09:42:02.845057  6080 data_layer.cpp:129]      Read time: 93.754 ms.
I0418 09:42:02.845057  6080 data_layer.cpp:130] Transform time: 31.253 ms.
I0418 09:42:03.688844  7952 caffe.cpp:314] Batch 5531, accuracy1+2 = 1
I0418 09:42:03.688844  7952 caffe.cpp:314] Batch 5531, accuracy1+2+3 = 1
I0418 09:42:03.813849  6080 data_layer.cpp:128] Prefetch batch: 125 ms.
I0418 09:42:03.813849  6080 data_layer.cpp:129]      Read time: 93.75 ms.
I0418 09:42:03.813849  6080 data_layer.cpp:130] Transform time: 31.255 ms.
I0418 09:42:04.673251  7952 caffe.cpp:314] Batch 5532, accuracy1+2 = 1
I0418 09:42:04.673251  7952 caffe.cpp:314] Batch 5532, accuracy1+2+3 = 1
I0418 09:42:04.798260  6080 data_layer.cpp:128] Prefetch batch: 125 ms.
I0418 09:42:04.798260  6080 data_layer.cpp:129]      Read time: 109.381 ms.
I0418 09:42:04.798260  6080 data_layer.cpp:130] Transform time: 15.628 ms.
I0418 09:42:05.642042  7952 caffe.cpp:314] Batch 5533, accuracy1+2 = 1
I0418 09:42:05.642042  7952 caffe.cpp:314] Batch 5533, accuracy1+2+3 = 1
I0418 09:42:05.767043  6080 data_layer.cpp:128] Prefetch batch: 125 ms.
I0418 09:42:05.767043  6080 data_layer.cpp:129]      Read time: 93.748 ms.
I0418 09:42:05.767043  6080 data_layer.cpp:130] Transform time: 31.253 ms.
I0418 09:42:06.610828  7952 caffe.cpp:314] Batch 5534, accuracy1+2 = 1
I0418 09:42:06.610828  7952 caffe.cpp:314] Batch 5534, accuracy1+2+3 = 1
I0418 09:42:06.751463  6080 data_layer.cpp:128] Prefetch batch: 140 ms.
I0418 09:42:06.751463  6080 data_layer.cpp:129]      Read time: 93.752 ms.
I0418 09:42:06.751463  6080 data_layer.cpp:130] Transform time: 46.883 ms.
I0418 09:42:07.595245  7952 caffe.cpp:314] Batch 5535, accuracy1+2 = 1
I0418 09:42:07.595245  7952 caffe.cpp:314] Batch 5535, accuracy1+2+3 = 1
I0418 09:42:07.720248  6080 data_layer.cpp:128] Prefetch batch: 125 ms.
I0418 09:42:07.720248  6080 data_layer.cpp:129]      Read time: 93.752 ms.
I0418 09:42:07.720248  6080 data_layer.cpp:130] Transform time: 31.251 ms.
I0418 09:42:08.564036  7952 caffe.cpp:314] Batch 5536, accuracy1+2 = 1
I0418 09:42:08.564036  7952 caffe.cpp:314] Batch 5536, accuracy1+2+3 = 1
I0418 09:42:08.673416  6080 data_layer.cpp:128] Prefetch batch: 109 ms.
I0418 09:42:08.673416  6080 data_layer.cpp:129]      Read time: 0 ms.
I0418 09:42:08.673416  6080 data_layer.cpp:130] Transform time: 109.38 ms.
I0418 09:42:09.532816  7952 caffe.cpp:314] Batch 5537, accuracy1+2 = 1
I0418 09:42:09.548450  7952 caffe.cpp:314] Batch 5537, accuracy1+2+3 = 1
I0418 09:42:09.673455  6080 data_layer.cpp:128] Prefetch batch: 125 ms.
I0418 09:42:09.673455  6080 data_layer.cpp:129]      Read time: 78.124 ms.
I0418 09:42:09.673455  6080 data_layer.cpp:130] Transform time: 46.881 ms.
I0418 09:42:10.517230  7952 caffe.cpp:314] Batch 5538, accuracy1+2 = 1
I0418 09:42:10.517230  7952 caffe.cpp:314] Batch 5538, accuracy1+2+3 = 1
I0418 09:42:10.642241  6080 data_layer.cpp:128] Prefetch batch: 125 ms.
I0418 09:42:10.642241  6080 data_layer.cpp:129]      Read time: 93.76 ms.
I0418 09:42:10.642241  6080 data_layer.cpp:130] Transform time: 31.25 ms.
I0418 09:42:11.486023  7952 caffe.cpp:314] Batch 5539, accuracy1+2 = 1
I0418 09:42:11.501643  7952 caffe.cpp:314] Batch 5539, accuracy1+2+3 = 1
I0418 09:42:11.626655  6080 data_layer.cpp:128] Prefetch batch: 125 ms.
I0418 09:42:11.626655  6080 data_layer.cpp:129]      Read time: 78.131 ms.
I0418 09:42:11.626655  6080 data_layer.cpp:130] Transform time: 46.881 ms.
I0418 09:42:12.470437  7952 caffe.cpp:314] Batch 5540, accuracy1+2 = 1
I0418 09:42:12.470437  7952 caffe.cpp:314] Batch 5540, accuracy1+2+3 = 1
I0418 09:42:12.564189  6080 data_layer.cpp:128] Prefetch batch: 93 ms.
I0418 09:42:12.564189  6080 data_layer.cpp:129]      Read time: 0 ms.
I0418 09:42:12.564189  6080 data_layer.cpp:130] Transform time: 93.753 ms.
I0418 09:42:13.439226  7952 caffe.cpp:314] Batch 5541, accuracy1+2 = 1
I0418 09:42:13.439226  7952 caffe.cpp:314] Batch 5541, accuracy1+2+3 = 1
I0418 09:42:13.564225  6080 data_layer.cpp:128] Prefetch batch: 124 ms.
I0418 09:42:13.564225  6080 data_layer.cpp:129]      Read time: 93.75 ms.
I0418 09:42:13.564225  6080 data_layer.cpp:130] Transform time: 31.249 ms.
I0418 09:42:14.423635  7952 caffe.cpp:314] Batch 5542, accuracy1+2 = 1
I0418 09:42:14.423635  7952 caffe.cpp:314] Batch 5542, accuracy1+2+3 = 1
I0418 09:42:14.548642  6080 data_layer.cpp:128] Prefetch batch: 125 ms.
I0418 09:42:14.548642  6080 data_layer.cpp:129]      Read time: 78.131 ms.
I0418 09:42:14.548642  6080 data_layer.cpp:130] Transform time: 46.876 ms.
I0418 09:42:15.408046  7952 caffe.cpp:314] Batch 5543, accuracy1+2 = 1
I0418 09:42:15.408046  7952 caffe.cpp:314] Batch 5543, accuracy1+2+3 = 1
I0418 09:42:15.533043  6080 data_layer.cpp:128] Prefetch batch: 124 ms.
I0418 09:42:15.533043  6080 data_layer.cpp:129]      Read time: 78.129 ms.
I0418 09:42:15.533043  6080 data_layer.cpp:130] Transform time: 46.868 ms.
I0418 09:42:16.392462  7952 caffe.cpp:314] Batch 5544, accuracy1+2 = 1
I0418 09:42:16.392462  7952 caffe.cpp:314] Batch 5544, accuracy1+2+3 = 1
I0418 09:42:16.517478  6080 data_layer.cpp:128] Prefetch batch: 125 ms.
I0418 09:42:16.517478  6080 data_layer.cpp:129]      Read time: 93.753 ms.
I0418 09:42:16.517478  6080 data_layer.cpp:130] Transform time: 31.264 ms.
I0418 09:42:17.361255  7952 caffe.cpp:314] Batch 5545, accuracy1+2 = 1
I0418 09:42:17.361255  7952 caffe.cpp:314] Batch 5545, accuracy1+2+3 = 1
I0418 09:42:17.486258  6080 data_layer.cpp:128] Prefetch batch: 125 ms.
I0418 09:42:17.486258  6080 data_layer.cpp:129]      Read time: 93.753 ms.
I0418 09:42:17.486258  6080 data_layer.cpp:130] Transform time: 31.25 ms.
I0418 09:42:18.345655  7952 caffe.cpp:314] Batch 5546, accuracy1+2 = 1
I0418 09:42:18.345655  7952 caffe.cpp:314] Batch 5546, accuracy1+2+3 = 1
I0418 09:42:18.439414  6080 data_layer.cpp:128] Prefetch batch: 93 ms.
I0418 09:42:18.439414  6080 data_layer.cpp:129]      Read time: 0 ms.
I0418 09:42:18.439414  6080 data_layer.cpp:130] Transform time: 93.759 ms.
I0418 09:42:19.314450  7952 caffe.cpp:314] Batch 5547, accuracy1+2 = 1
I0418 09:42:19.314450  7952 caffe.cpp:314] Batch 5547, accuracy1+2+3 = 1
I0418 09:42:19.439456  6080 data_layer.cpp:128] Prefetch batch: 125 ms.
I0418 09:42:19.439456  6080 data_layer.cpp:129]      Read time: 93.76 ms.
I0418 09:42:19.439456  6080 data_layer.cpp:130] Transform time: 31.246 ms.
I0418 09:42:20.283241  7952 caffe.cpp:314] Batch 5548, accuracy1+2 = 1
I0418 09:42:20.283241  7952 caffe.cpp:314] Batch 5548, accuracy1+2+3 = 1
I0418 09:42:20.408241  6080 data_layer.cpp:128] Prefetch batch: 125 ms.
I0418 09:42:20.408241  6080 data_layer.cpp:129]      Read time: 93.757 ms.
I0418 09:42:20.408241  6080 data_layer.cpp:130] Transform time: 31.243 ms.
I0418 09:42:21.267652  7952 caffe.cpp:314] Batch 5549, accuracy1+2 = 1
I0418 09:42:21.267652  7952 caffe.cpp:314] Batch 5549, accuracy1+2+3 = 1
I0418 09:42:21.392660  6080 data_layer.cpp:128] Prefetch batch: 125 ms.
I0418 09:42:21.392660  6080 data_layer.cpp:129]      Read time: 78.132 ms.
I0418 09:42:21.392660  6080 data_layer.cpp:130] Transform time: 46.876 ms.
I0418 09:42:22.252066  7952 caffe.cpp:314] Batch 5550, accuracy1+2 = 1
I0418 09:42:22.252066  7952 caffe.cpp:314] Batch 5550, accuracy1+2+3 = 1
I0418 09:42:22.345824  6080 data_layer.cpp:128] Prefetch batch: 93 ms.
I0418 09:42:22.345824  6080 data_layer.cpp:129]      Read time: 0 ms.
I0418 09:42:22.345824  6080 data_layer.cpp:130] Transform time: 93.757 ms.
I0418 09:42:23.220860  7952 caffe.cpp:314] Batch 5551, accuracy1+2 = 1
I0418 09:42:23.220860  7952 caffe.cpp:314] Batch 5551, accuracy1+2+3 = 1
I0418 09:42:23.345860  6080 data_layer.cpp:128] Prefetch batch: 125 ms.
I0418 09:42:23.345860  6080 data_layer.cpp:129]      Read time: 93.748 ms.
I0418 09:42:23.345860  6080 data_layer.cpp:130] Transform time: 31.253 ms.
I0418 09:42:24.189643  7952 caffe.cpp:314] Batch 5552, accuracy1+2 = 1
I0418 09:42:24.189643  7952 caffe.cpp:314] Batch 5552, accuracy1+2+3 = 1
I0418 09:42:24.314651  6080 data_layer.cpp:128] Prefetch batch: 125 ms.
I0418 09:42:24.314651  6080 data_layer.cpp:129]      Read time: 93.752 ms.
I0418 09:42:24.314651  6080 data_layer.cpp:130] Transform time: 31.255 ms.
I0418 09:42:25.158430  7952 caffe.cpp:314] Batch 5553, accuracy1+2 = 1
I0418 09:42:25.174055  7952 caffe.cpp:314] Batch 5553, accuracy1+2+3 = 1
I0418 09:42:25.299060  6080 data_layer.cpp:128] Prefetch batch: 125 ms.
I0418 09:42:25.299060  6080 data_layer.cpp:129]      Read time: 78.132 ms.
I0418 09:42:25.299060  6080 data_layer.cpp:130] Transform time: 46.873 ms.
I0418 09:42:26.158466  7952 caffe.cpp:314] Batch 5554, accuracy1+2 = 1
I0418 09:42:26.158466  7952 caffe.cpp:314] Batch 5554, accuracy1+2+3 = 1
I0418 09:42:26.267854  6080 data_layer.cpp:128] Prefetch batch: 109 ms.
I0418 09:42:26.267854  6080 data_layer.cpp:129]      Read time: 0 ms.
I0418 09:42:26.267854  6080 data_layer.cpp:130] Transform time: 109.388 ms.
I0418 09:42:27.174140  7952 caffe.cpp:314] Batch 5555, accuracy1+2 = 1
I0418 09:42:27.174140  7952 caffe.cpp:314] Batch 5555, accuracy1+2+3 = 1
I0418 09:42:27.299140  6080 data_layer.cpp:128] Prefetch batch: 125 ms.
I0418 09:42:27.299140  6080 data_layer.cpp:129]      Read time: 93.762 ms.
I0418 09:42:27.299140  6080 data_layer.cpp:130] Transform time: 31.238 ms.
I0418 09:42:28.158553  7952 caffe.cpp:314] Batch 5556, accuracy1+2 = 1
I0418 09:42:28.158553  7952 caffe.cpp:314] Batch 5556, accuracy1+2+3 = 1
I0418 09:42:28.283557  6080 data_layer.cpp:128] Prefetch batch: 125 ms.
I0418 09:42:28.283557  6080 data_layer.cpp:129]      Read time: 93.75 ms.
I0418 09:42:28.283557  6080 data_layer.cpp:130] Transform time: 31.254 ms.
I0418 09:42:29.127341  7952 caffe.cpp:314] Batch 5557, accuracy1+2 = 1
I0418 09:42:29.127341  7952 caffe.cpp:314] Batch 5557, accuracy1+2+3 = 1
I0418 09:42:29.252351  6080 data_layer.cpp:128] Prefetch batch: 125 ms.
I0418 09:42:29.252351  6080 data_layer.cpp:129]      Read time: 93.755 ms.
I0418 09:42:29.252351  6080 data_layer.cpp:130] Transform time: 31.254 ms.
I0418 09:42:30.096128  7952 caffe.cpp:314] Batch 5558, accuracy1+2 = 1
I0418 09:42:30.096128  7952 caffe.cpp:314] Batch 5558, accuracy1+2+3 = 1
I0418 09:42:30.236754  6080 data_layer.cpp:128] Prefetch batch: 140 ms.
I0418 09:42:30.236754  6080 data_layer.cpp:129]      Read time: 93.749 ms.
I0418 09:42:30.236754  6080 data_layer.cpp:130] Transform time: 46.877 ms.
I0418 09:42:31.080538  7952 caffe.cpp:314] Batch 5559, accuracy1+2 = 1
I0418 09:42:31.080538  7952 caffe.cpp:314] Batch 5559, accuracy1+2+3 = 1
I0418 09:42:31.174289  6080 data_layer.cpp:128] Prefetch batch: 93 ms.
I0418 09:42:31.174289  6080 data_layer.cpp:129]      Read time: 0 ms.
I0418 09:42:31.189916  6080 data_layer.cpp:130] Transform time: 93.752 ms.
I0418 09:42:32.049330  7952 caffe.cpp:314] Batch 5560, accuracy1+2 = 1
I0418 09:42:32.049330  7952 caffe.cpp:314] Batch 5560, accuracy1+2+3 = 1
I0418 09:42:32.174335  6080 data_layer.cpp:128] Prefetch batch: 125 ms.
I0418 09:42:32.174335  6080 data_layer.cpp:129]      Read time: 93.751 ms.
I0418 09:42:32.174335  6080 data_layer.cpp:130] Transform time: 31.253 ms.
I0418 09:42:33.018116  7952 caffe.cpp:314] Batch 5561, accuracy1+2 = 1
I0418 09:42:33.018116  7952 caffe.cpp:314] Batch 5561, accuracy1+2+3 = 1
I0418 09:42:33.143121  6080 data_layer.cpp:128] Prefetch batch: 125 ms.
I0418 09:42:33.143121  6080 data_layer.cpp:129]      Read time: 93.753 ms.
I0418 09:42:33.143121  6080 data_layer.cpp:130] Transform time: 31.251 ms.
I0418 09:42:34.002532  7952 caffe.cpp:314] Batch 5562, accuracy1+2 = 1
I0418 09:42:34.002532  7952 caffe.cpp:314] Batch 5562, accuracy1+2+3 = 1
I0418 09:42:34.127537  6080 data_layer.cpp:128] Prefetch batch: 125 ms.
I0418 09:42:34.127537  6080 data_layer.cpp:129]      Read time: 78.13 ms.
I0418 09:42:34.127537  6080 data_layer.cpp:130] Transform time: 46.876 ms.
I0418 09:42:34.971321  7952 caffe.cpp:314] Batch 5563, accuracy1+2 = 1
I0418 09:42:34.971321  7952 caffe.cpp:314] Batch 5563, accuracy1+2+3 = 1
I0418 09:42:35.096323  6080 data_layer.cpp:128] Prefetch batch: 125 ms.
I0418 09:42:35.096323  6080 data_layer.cpp:129]      Read time: 93.748 ms.
I0418 09:42:35.096323  6080 data_layer.cpp:130] Transform time: 31.253 ms.
I0418 09:42:35.940109  7952 caffe.cpp:314] Batch 5564, accuracy1+2 = 1
I0418 09:42:35.940109  7952 caffe.cpp:314] Batch 5564, accuracy1+2+3 = 1
I0418 09:42:36.049484  6080 data_layer.cpp:128] Prefetch batch: 109 ms.
I0418 09:42:36.049484  6080 data_layer.cpp:129]      Read time: 0 ms.
I0418 09:42:36.049484  6080 data_layer.cpp:130] Transform time: 109.375 ms.
I0418 09:42:36.908890  7952 caffe.cpp:314] Batch 5565, accuracy1+2 = 0
I0418 09:42:36.908890  7952 caffe.cpp:314] Batch 5565, accuracy1+2+3 = 0
I0418 09:42:37.033897  6080 data_layer.cpp:128] Prefetch batch: 125 ms.
I0418 09:42:37.033897  6080 data_layer.cpp:129]      Read time: 93.758 ms.
I0418 09:42:37.033897  6080 data_layer.cpp:130] Transform time: 31.25 ms.
I0418 09:42:37.908931  7952 caffe.cpp:314] Batch 5566, accuracy1+2 = 1
I0418 09:42:37.908931  7952 caffe.cpp:314] Batch 5566, accuracy1+2+3 = 1
I0418 09:42:38.033936  6080 data_layer.cpp:128] Prefetch batch: 125 ms.
I0418 09:42:38.033936  6080 data_layer.cpp:129]      Read time: 93.758 ms.
I0418 09:42:38.033936  6080 data_layer.cpp:130] Transform time: 31.247 ms.
I0418 09:42:38.877727  7952 caffe.cpp:314] Batch 5567, accuracy1+2 = 1
I0418 09:42:38.877727  7952 caffe.cpp:314] Batch 5567, accuracy1+2+3 = 1
I0418 09:42:39.018354  6080 data_layer.cpp:128] Prefetch batch: 140 ms.
I0418 09:42:39.018354  6080 data_layer.cpp:129]      Read time: 93.747 ms.
I0418 09:42:39.018354  6080 data_layer.cpp:130] Transform time: 46.881 ms.
I0418 09:42:39.862131  7952 caffe.cpp:314] Batch 5568, accuracy1+2 = 1
I0418 09:42:39.862131  7952 caffe.cpp:314] Batch 5568, accuracy1+2+3 = 1
I0418 09:42:39.955891  6080 data_layer.cpp:128] Prefetch batch: 93 ms.
I0418 09:42:39.955891  6080 data_layer.cpp:129]      Read time: 0 ms.
I0418 09:42:39.955891  6080 data_layer.cpp:130] Transform time: 93.76 ms.
I0418 09:42:40.830919  7952 caffe.cpp:314] Batch 5569, accuracy1+2 = 1
I0418 09:42:40.830919  7952 caffe.cpp:314] Batch 5569, accuracy1+2+3 = 1
I0418 09:42:40.955926  6080 data_layer.cpp:128] Prefetch batch: 125 ms.
I0418 09:42:40.955926  6080 data_layer.cpp:129]      Read time: 93.754 ms.
I0418 09:42:40.955926  6080 data_layer.cpp:130] Transform time: 31.253 ms.
I0418 09:42:41.799713  7952 caffe.cpp:314] Batch 5570, accuracy1+2 = 0
I0418 09:42:41.799713  7952 caffe.cpp:314] Batch 5570, accuracy1+2+3 = 0
I0418 09:42:41.940341  6080 data_layer.cpp:128] Prefetch batch: 140 ms.
I0418 09:42:41.940341  6080 data_layer.cpp:129]      Read time: 93.751 ms.
I0418 09:42:41.940341  6080 data_layer.cpp:130] Transform time: 46.877 ms.
I0418 09:42:42.784126  7952 caffe.cpp:314] Batch 5571, accuracy1+2 = 0
I0418 09:42:42.784126  7952 caffe.cpp:314] Batch 5571, accuracy1+2+3 = 0
I0418 09:42:42.909128  6080 data_layer.cpp:128] Prefetch batch: 125 ms.
I0418 09:42:42.909128  6080 data_layer.cpp:129]      Read time: 78.129 ms.
I0418 09:42:42.909128  6080 data_layer.cpp:130] Transform time: 46.873 ms.
I0418 09:42:43.752909  7952 caffe.cpp:314] Batch 5572, accuracy1+2 = 1
I0418 09:42:43.752909  7952 caffe.cpp:314] Batch 5572, accuracy1+2+3 = 1
I0418 09:42:43.877913  6080 data_layer.cpp:128] Prefetch batch: 125 ms.
I0418 09:42:43.877913  6080 data_layer.cpp:129]      Read time: 93.759 ms.
I0418 09:42:43.877913  6080 data_layer.cpp:130] Transform time: 31.245 ms.
I0418 09:42:44.721709  7952 caffe.cpp:314] Batch 5573, accuracy1+2 = 1
I0418 09:42:44.721709  7952 caffe.cpp:314] Batch 5573, accuracy1+2+3 = 1
I0418 09:42:44.831077  6080 data_layer.cpp:128] Prefetch batch: 109 ms.
I0418 09:42:44.831077  6080 data_layer.cpp:129]      Read time: 0 ms.
I0418 09:42:44.831077  6080 data_layer.cpp:130] Transform time: 109.368 ms.
I0418 09:42:45.706110  7952 caffe.cpp:314] Batch 5574, accuracy1+2 = 1
I0418 09:42:45.706110  7952 caffe.cpp:314] Batch 5574, accuracy1+2+3 = 1
I0418 09:42:45.831118  6080 data_layer.cpp:128] Prefetch batch: 125 ms.
I0418 09:42:45.831118  6080 data_layer.cpp:129]      Read time: 78.134 ms.
I0418 09:42:45.831118  6080 data_layer.cpp:130] Transform time: 46.874 ms.
I0418 09:42:46.674902  7952 caffe.cpp:314] Batch 5575, accuracy1+2 = 1
I0418 09:42:46.674902  7952 caffe.cpp:314] Batch 5575, accuracy1+2+3 = 1
I0418 09:42:46.799903  6080 data_layer.cpp:128] Prefetch batch: 125 ms.
I0418 09:42:46.799903  6080 data_layer.cpp:129]      Read time: 93.749 ms.
I0418 09:42:46.799903  6080 data_layer.cpp:130] Transform time: 31.252 ms.
I0418 09:42:47.643690  7952 caffe.cpp:314] Batch 5576, accuracy1+2 = 0
I0418 09:42:47.643690  7952 caffe.cpp:314] Batch 5576, accuracy1+2+3 = 0
I0418 09:42:47.768692  6080 data_layer.cpp:128] Prefetch batch: 125 ms.
I0418 09:42:47.768692  6080 data_layer.cpp:129]      Read time: 93.757 ms.
I0418 09:42:47.768692  6080 data_layer.cpp:130] Transform time: 31.245 ms.
I0418 09:42:48.628103  7952 caffe.cpp:314] Batch 5577, accuracy1+2 = 1
I0418 09:42:48.628103  7952 caffe.cpp:314] Batch 5577, accuracy1+2+3 = 1
I0418 09:42:48.721861  6080 data_layer.cpp:128] Prefetch batch: 93 ms.
I0418 09:42:48.721861  6080 data_layer.cpp:129]      Read time: 0 ms.
I0418 09:42:48.721861  6080 data_layer.cpp:130] Transform time: 93.758 ms.
I0418 09:42:49.596889  7952 caffe.cpp:314] Batch 5578, accuracy1+2 = 0
I0418 09:42:49.596889  7952 caffe.cpp:314] Batch 5578, accuracy1+2+3 = 0
I0418 09:42:49.721896  6080 data_layer.cpp:128] Prefetch batch: 125 ms.
I0418 09:42:49.721896  6080 data_layer.cpp:129]      Read time: 93.755 ms.
I0418 09:42:49.721896  6080 data_layer.cpp:130] Transform time: 31.252 ms.
I0418 09:42:50.565681  7952 caffe.cpp:314] Batch 5579, accuracy1+2 = 1
I0418 09:42:50.565681  7952 caffe.cpp:314] Batch 5579, accuracy1+2+3 = 1
I0418 09:42:50.690685  6080 data_layer.cpp:128] Prefetch batch: 125 ms.
I0418 09:42:50.706312  6080 data_layer.cpp:129]      Read time: 93.755 ms.
I0418 09:42:50.706312  6080 data_layer.cpp:130] Transform time: 31.248 ms.
I0418 09:42:51.550096  7952 caffe.cpp:314] Batch 5580, accuracy1+2 = 1
I0418 09:42:51.550096  7952 caffe.cpp:314] Batch 5580, accuracy1+2+3 = 1
I0418 09:42:51.675094  6080 data_layer.cpp:128] Prefetch batch: 124 ms.
I0418 09:42:51.675094  6080 data_layer.cpp:129]      Read time: 78.124 ms.
I0418 09:42:51.675094  6080 data_layer.cpp:130] Transform time: 46.874 ms.
I0418 09:42:52.518878  7952 caffe.cpp:314] Batch 5581, accuracy1+2 = 1
I0418 09:42:52.518878  7952 caffe.cpp:314] Batch 5581, accuracy1+2+3 = 1
I0418 09:42:52.643884  6080 data_layer.cpp:128] Prefetch batch: 125 ms.
I0418 09:42:52.643884  6080 data_layer.cpp:129]      Read time: 93.752 ms.
I0418 09:42:52.643884  6080 data_layer.cpp:130] Transform time: 31.254 ms.
I0418 09:42:53.503289  7952 caffe.cpp:314] Batch 5582, accuracy1+2 = 0
I0418 09:42:53.503289  7952 caffe.cpp:314] Batch 5582, accuracy1+2+3 = 0
I0418 09:42:53.597044  6080 data_layer.cpp:128] Prefetch batch: 93 ms.
I0418 09:42:53.597044  6080 data_layer.cpp:129]      Read time: 0 ms.
I0418 09:42:53.597044  6080 data_layer.cpp:130] Transform time: 93.755 ms.
I0418 09:42:54.472082  7952 caffe.cpp:314] Batch 5583, accuracy1+2 = 1
I0418 09:42:54.472082  7952 caffe.cpp:314] Batch 5583, accuracy1+2+3 = 1
I0418 09:42:54.597090  6080 data_layer.cpp:128] Prefetch batch: 125 ms.
I0418 09:42:54.597090  6080 data_layer.cpp:129]      Read time: 93.75 ms.
I0418 09:42:54.597090  6080 data_layer.cpp:130] Transform time: 31.257 ms.
I0418 09:42:55.440874  7952 caffe.cpp:314] Batch 5584, accuracy1+2 = 1
I0418 09:42:55.440874  7952 caffe.cpp:314] Batch 5584, accuracy1+2+3 = 1
I0418 09:42:55.565877  6080 data_layer.cpp:128] Prefetch batch: 125 ms.
I0418 09:42:55.565877  6080 data_layer.cpp:129]      Read time: 93.752 ms.
I0418 09:42:55.565877  6080 data_layer.cpp:130] Transform time: 31.251 ms.
I0418 09:42:56.425284  7952 caffe.cpp:314] Batch 5585, accuracy1+2 = 1
I0418 09:42:56.425284  7952 caffe.cpp:314] Batch 5585, accuracy1+2+3 = 1
I0418 09:42:56.519034  6080 data_layer.cpp:128] Prefetch batch: 93 ms.
I0418 09:42:56.519034  6080 data_layer.cpp:129]      Read time: 0 ms.
I0418 09:42:56.519034  6080 data_layer.cpp:130] Transform time: 93.75 ms.
I0418 09:42:57.394078  7952 caffe.cpp:314] Batch 5586, accuracy1+2 = 1
I0418 09:42:57.394078  7952 caffe.cpp:314] Batch 5586, accuracy1+2+3 = 1
I0418 09:42:57.519079  6080 data_layer.cpp:128] Prefetch batch: 125 ms.
I0418 09:42:57.519079  6080 data_layer.cpp:129]      Read time: 93.745 ms.
I0418 09:42:57.519079  6080 data_layer.cpp:130] Transform time: 31.257 ms.
I0418 09:42:58.362862  7952 caffe.cpp:314] Batch 5587, accuracy1+2 = 1
I0418 09:42:58.362862  7952 caffe.cpp:314] Batch 5587, accuracy1+2+3 = 1
I0418 09:42:58.487874  6080 data_layer.cpp:128] Prefetch batch: 125 ms.
I0418 09:42:58.487874  6080 data_layer.cpp:129]      Read time: 93.75 ms.
I0418 09:42:58.487874  6080 data_layer.cpp:130] Transform time: 31.262 ms.
I0418 09:42:59.347277  7952 caffe.cpp:314] Batch 5588, accuracy1+2 = 1
I0418 09:42:59.347277  7952 caffe.cpp:314] Batch 5588, accuracy1+2+3 = 1
I0418 09:42:59.472282  6080 data_layer.cpp:128] Prefetch batch: 125 ms.
I0418 09:42:59.472282  6080 data_layer.cpp:129]      Read time: 93.751 ms.
I0418 09:42:59.472282  6080 data_layer.cpp:130] Transform time: 31.254 ms.
I0418 09:43:00.316063  7952 caffe.cpp:314] Batch 5589, accuracy1+2 = 0
I0418 09:43:00.316063  7952 caffe.cpp:314] Batch 5589, accuracy1+2+3 = 0
I0418 09:43:00.441071  6080 data_layer.cpp:128] Prefetch batch: 125 ms.
I0418 09:43:00.441071  6080 data_layer.cpp:129]      Read time: 93.758 ms.
I0418 09:43:00.441071  6080 data_layer.cpp:130] Transform time: 31.249 ms.
I0418 09:43:01.284852  7952 caffe.cpp:314] Batch 5590, accuracy1+2 = 1
I0418 09:43:01.284852  7952 caffe.cpp:314] Batch 5590, accuracy1+2+3 = 1
I0418 09:43:01.409853  6080 data_layer.cpp:128] Prefetch batch: 125 ms.
I0418 09:43:01.409853  6080 data_layer.cpp:129]      Read time: 93.748 ms.
I0418 09:43:01.425477  6080 data_layer.cpp:130] Transform time: 31.254 ms.
I0418 09:43:02.269261  7952 caffe.cpp:314] Batch 5591, accuracy1+2 = 1
I0418 09:43:02.269261  7952 caffe.cpp:314] Batch 5591, accuracy1+2+3 = 1
I0418 09:43:02.363015  6080 data_layer.cpp:128] Prefetch batch: 93 ms.
I0418 09:43:02.363015  6080 data_layer.cpp:129]      Read time: 0 ms.
I0418 09:43:02.363015  6080 data_layer.cpp:130] Transform time: 93.754 ms.
I0418 09:43:03.269302  7952 caffe.cpp:314] Batch 5592, accuracy1+2 = 1
I0418 09:43:03.269302  7952 caffe.cpp:314] Batch 5592, accuracy1+2+3 = 1
I0418 09:43:03.394297  6080 data_layer.cpp:128] Prefetch batch: 124 ms.
I0418 09:43:03.394297  6080 data_layer.cpp:129]      Read time: 78.132 ms.
I0418 09:43:03.394297  6080 data_layer.cpp:130] Transform time: 46.863 ms.
I0418 09:43:04.269342  7952 caffe.cpp:314] Batch 5593, accuracy1+2 = 1
I0418 09:43:04.269342  7952 caffe.cpp:314] Batch 5593, accuracy1+2+3 = 1
I0418 09:43:04.409976  6080 data_layer.cpp:128] Prefetch batch: 140 ms.
I0418 09:43:04.409976  6080 data_layer.cpp:129]      Read time: 93.75 ms.
I0418 09:43:04.409976  6080 data_layer.cpp:130] Transform time: 46.884 ms.
I0418 09:43:05.253754  7952 caffe.cpp:314] Batch 5594, accuracy1+2 = 1
I0418 09:43:05.253754  7952 caffe.cpp:314] Batch 5594, accuracy1+2+3 = 1
I0418 09:43:05.378758  6080 data_layer.cpp:128] Prefetch batch: 125 ms.
I0418 09:43:05.378758  6080 data_layer.cpp:129]      Read time: 93.757 ms.
I0418 09:43:05.378758  6080 data_layer.cpp:130] Transform time: 31.247 ms.
I0418 09:43:06.238173  7952 caffe.cpp:314] Batch 5595, accuracy1+2 = 1
I0418 09:43:06.238173  7952 caffe.cpp:314] Batch 5595, accuracy1+2+3 = 1
I0418 09:43:06.331928  6080 data_layer.cpp:128] Prefetch batch: 93 ms.
I0418 09:43:06.331928  6080 data_layer.cpp:129]      Read time: 0 ms.
I0418 09:43:06.331928  6080 data_layer.cpp:130] Transform time: 93.755 ms.
I0418 09:43:07.206959  7952 caffe.cpp:314] Batch 5596, accuracy1+2 = 1
I0418 09:43:07.206959  7952 caffe.cpp:314] Batch 5596, accuracy1+2+3 = 1
I0418 09:43:07.331959  6080 data_layer.cpp:128] Prefetch batch: 125 ms.
I0418 09:43:07.331959  6080 data_layer.cpp:129]      Read time: 93.747 ms.
I0418 09:43:07.331959  6080 data_layer.cpp:130] Transform time: 31.253 ms.
I0418 09:43:08.175746  7952 caffe.cpp:314] Batch 5597, accuracy1+2 = 1
I0418 09:43:08.175746  7952 caffe.cpp:314] Batch 5597, accuracy1+2+3 = 1
I0418 09:43:08.300750  6080 data_layer.cpp:128] Prefetch batch: 125 ms.
I0418 09:43:08.300750  6080 data_layer.cpp:129]      Read time: 93.757 ms.
I0418 09:43:08.300750  6080 data_layer.cpp:130] Transform time: 31.247 ms.
I0418 09:43:09.160150  7952 caffe.cpp:314] Batch 5598, accuracy1+2 = 1
I0418 09:43:09.160150  7952 caffe.cpp:314] Batch 5598, accuracy1+2+3 = 1
I0418 09:43:09.285166  6080 data_layer.cpp:128] Prefetch batch: 125 ms.
I0418 09:43:09.285166  6080 data_layer.cpp:129]      Read time: 93.758 ms.
I0418 09:43:09.285166  6080 data_layer.cpp:130] Transform time: 31.258 ms.
I0418 09:43:10.144573  7952 caffe.cpp:314] Batch 5599, accuracy1+2 = 1
I0418 09:43:10.144573  7952 caffe.cpp:314] Batch 5599, accuracy1+2+3 = 1
I0418 09:43:10.238327  6080 data_layer.cpp:128] Prefetch batch: 93 ms.
I0418 09:43:10.238327  6080 data_layer.cpp:129]      Read time: 0 ms.
I0418 09:43:10.238327  6080 data_layer.cpp:130] Transform time: 93.753 ms.
I0418 09:43:11.113356  7952 caffe.cpp:314] Batch 5600, accuracy1+2 = 0
I0418 09:43:11.113356  7952 caffe.cpp:314] Batch 5600, accuracy1+2+3 = 0
I0418 09:43:11.238361  6080 data_layer.cpp:128] Prefetch batch: 125 ms.
I0418 09:43:11.238361  6080 data_layer.cpp:129]      Read time: 93.754 ms.
I0418 09:43:11.238361  6080 data_layer.cpp:130] Transform time: 31.251 ms.
I0418 09:43:12.097776  7952 caffe.cpp:314] Batch 5601, accuracy1+2 = 1
I0418 09:43:12.097776  7952 caffe.cpp:314] Batch 5601, accuracy1+2+3 = 1
I0418 09:43:12.222777  6080 data_layer.cpp:128] Prefetch batch: 125 ms.
I0418 09:43:12.222777  6080 data_layer.cpp:129]      Read time: 93.752 ms.
I0418 09:43:12.222777  6080 data_layer.cpp:130] Transform time: 31.249 ms.
I0418 09:43:13.082185  7952 caffe.cpp:314] Batch 5602, accuracy1+2 = 1
I0418 09:43:13.082185  7952 caffe.cpp:314] Batch 5602, accuracy1+2+3 = 1
I0418 09:43:13.175943  6080 data_layer.cpp:128] Prefetch batch: 93 ms.
I0418 09:43:13.175943  6080 data_layer.cpp:129]      Read time: 0 ms.
I0418 09:43:13.175943  6080 data_layer.cpp:130] Transform time: 93.759 ms.
I0418 09:43:14.050976  7952 caffe.cpp:314] Batch 5603, accuracy1+2 = 1
I0418 09:43:14.050976  7952 caffe.cpp:314] Batch 5603, accuracy1+2+3 = 1
I0418 09:43:14.175984  6080 data_layer.cpp:128] Prefetch batch: 125 ms.
I0418 09:43:14.175984  6080 data_layer.cpp:129]      Read time: 93.75 ms.
I0418 09:43:14.175984  6080 data_layer.cpp:130] Transform time: 31.258 ms.
I0418 09:43:15.035389  7952 caffe.cpp:314] Batch 5604, accuracy1+2 = 1
I0418 09:43:15.035389  7952 caffe.cpp:314] Batch 5604, accuracy1+2+3 = 1
I0418 09:43:15.160392  6080 data_layer.cpp:128] Prefetch batch: 125 ms.
I0418 09:43:15.160392  6080 data_layer.cpp:129]      Read time: 93.763 ms.
I0418 09:43:15.160392  6080 data_layer.cpp:130] Transform time: 31.24 ms.
I0418 09:43:16.004175  7952 caffe.cpp:314] Batch 5605, accuracy1+2 = 1
I0418 09:43:16.004175  7952 caffe.cpp:314] Batch 5605, accuracy1+2+3 = 1
I0418 09:43:16.129176  6080 data_layer.cpp:128] Prefetch batch: 125 ms.
I0418 09:43:16.129176  6080 data_layer.cpp:129]      Read time: 93.758 ms.
I0418 09:43:16.129176  6080 data_layer.cpp:130] Transform time: 31.243 ms.
I0418 09:43:16.988589  7952 caffe.cpp:314] Batch 5606, accuracy1+2 = 1
I0418 09:43:16.988589  7952 caffe.cpp:314] Batch 5606, accuracy1+2+3 = 1
I0418 09:43:17.113593  6080 data_layer.cpp:128] Prefetch batch: 125 ms.
I0418 09:43:17.113593  6080 data_layer.cpp:129]      Read time: 78.132 ms.
I0418 09:43:17.113593  6080 data_layer.cpp:130] Transform time: 46.873 ms.
I0418 09:43:17.957375  7952 caffe.cpp:314] Batch 5607, accuracy1+2 = 1
I0418 09:43:17.957375  7952 caffe.cpp:314] Batch 5607, accuracy1+2+3 = 1
I0418 09:43:18.066761  6080 data_layer.cpp:128] Prefetch batch: 109 ms.
I0418 09:43:18.066761  6080 data_layer.cpp:129]      Read time: 0 ms.
I0418 09:43:18.066761  6080 data_layer.cpp:130] Transform time: 109.386 ms.
I0418 09:43:18.941788  7952 caffe.cpp:314] Batch 5608, accuracy1+2 = 1
I0418 09:43:18.941788  7952 caffe.cpp:314] Batch 5608, accuracy1+2+3 = 1
I0418 09:43:19.066802  6080 data_layer.cpp:128] Prefetch batch: 125 ms.
I0418 09:43:19.066802  6080 data_layer.cpp:129]      Read time: 78.135 ms.
I0418 09:43:19.066802  6080 data_layer.cpp:130] Transform time: 46.878 ms.
I0418 09:43:19.910581  7952 caffe.cpp:314] Batch 5609, accuracy1+2 = 1
I0418 09:43:19.910581  7952 caffe.cpp:314] Batch 5609, accuracy1+2+3 = 1
I0418 09:43:20.035588  6080 data_layer.cpp:128] Prefetch batch: 125 ms.
I0418 09:43:20.035588  6080 data_layer.cpp:129]      Read time: 93.753 ms.
I0418 09:43:20.035588  6080 data_layer.cpp:130] Transform time: 31.254 ms.
I0418 09:43:20.879371  7952 caffe.cpp:314] Batch 5610, accuracy1+2 = 0
I0418 09:43:20.879371  7952 caffe.cpp:314] Batch 5610, accuracy1+2+3 = 1
I0418 09:43:21.004377  6080 data_layer.cpp:128] Prefetch batch: 125 ms.
I0418 09:43:21.004377  6080 data_layer.cpp:129]      Read time: 93.749 ms.
I0418 09:43:21.004377  6080 data_layer.cpp:130] Transform time: 31.257 ms.
I0418 09:43:21.863777  7952 caffe.cpp:314] Batch 5611, accuracy1+2 = 0
I0418 09:43:21.863777  7952 caffe.cpp:314] Batch 5611, accuracy1+2+3 = 0
I0418 09:43:21.957535  6080 data_layer.cpp:128] Prefetch batch: 93 ms.
I0418 09:43:21.957535  6080 data_layer.cpp:129]      Read time: 0 ms.
I0418 09:43:21.957535  6080 data_layer.cpp:130] Transform time: 93.757 ms.
I0418 09:43:22.848191  7952 caffe.cpp:314] Batch 5612, accuracy1+2 = 1
I0418 09:43:22.848191  7952 caffe.cpp:314] Batch 5612, accuracy1+2+3 = 1
I0418 09:43:22.973202  6080 data_layer.cpp:128] Prefetch batch: 125 ms.
I0418 09:43:22.973202  6080 data_layer.cpp:129]      Read time: 93.755 ms.
I0418 09:43:22.973202  6080 data_layer.cpp:130] Transform time: 31.257 ms.
I0418 09:43:23.816978  7952 caffe.cpp:314] Batch 5613, accuracy1+2 = 1
I0418 09:43:23.816978  7952 caffe.cpp:314] Batch 5613, accuracy1+2+3 = 1
I0418 09:43:23.941987  6080 data_layer.cpp:128] Prefetch batch: 125 ms.
I0418 09:43:23.957609  6080 data_layer.cpp:129]      Read time: 93.754 ms.
I0418 09:43:23.957609  6080 data_layer.cpp:130] Transform time: 31.254 ms.
I0418 09:43:24.801393  7952 caffe.cpp:314] Batch 5614, accuracy1+2 = 1
I0418 09:43:24.801393  7952 caffe.cpp:314] Batch 5614, accuracy1+2+3 = 1
I0418 09:43:24.926409  6080 data_layer.cpp:128] Prefetch batch: 125 ms.
I0418 09:43:24.926409  6080 data_layer.cpp:129]      Read time: 93.758 ms.
I0418 09:43:24.926409  6080 data_layer.cpp:130] Transform time: 31.258 ms.
I0418 09:43:25.770182  7952 caffe.cpp:314] Batch 5615, accuracy1+2 = 1
I0418 09:43:25.770182  7952 caffe.cpp:314] Batch 5615, accuracy1+2+3 = 1
I0418 09:43:25.895184  6080 data_layer.cpp:128] Prefetch batch: 125 ms.
I0418 09:43:25.895184  6080 data_layer.cpp:129]      Read time: 93.753 ms.
I0418 09:43:25.895184  6080 data_layer.cpp:130] Transform time: 31.249 ms.
I0418 09:43:26.754597  7952 caffe.cpp:314] Batch 5616, accuracy1+2 = 1
I0418 09:43:26.754597  7952 caffe.cpp:314] Batch 5616, accuracy1+2+3 = 1
I0418 09:43:26.879606  6080 data_layer.cpp:128] Prefetch batch: 125 ms.
I0418 09:43:26.879606  6080 data_layer.cpp:129]      Read time: 93.759 ms.
I0418 09:43:26.879606  6080 data_layer.cpp:130] Transform time: 31.25 ms.
I0418 09:43:27.739013  7952 caffe.cpp:314] Batch 5617, accuracy1+2 = 1
I0418 09:43:27.739013  7952 caffe.cpp:314] Batch 5617, accuracy1+2+3 = 1
I0418 09:43:27.832763  6080 data_layer.cpp:128] Prefetch batch: 93 ms.
I0418 09:43:27.832763  6080 data_layer.cpp:129]      Read time: 0 ms.
I0418 09:43:27.832763  6080 data_layer.cpp:130] Transform time: 93.75 ms.
I0418 09:43:28.707799  7952 caffe.cpp:314] Batch 5618, accuracy1+2 = 1
I0418 09:43:28.707799  7952 caffe.cpp:314] Batch 5618, accuracy1+2+3 = 1
I0418 09:43:28.832809  6080 data_layer.cpp:128] Prefetch batch: 125 ms.
I0418 09:43:28.832809  6080 data_layer.cpp:129]      Read time: 93.756 ms.
I0418 09:43:28.832809  6080 data_layer.cpp:130] Transform time: 31.254 ms.
I0418 09:43:29.692210  7952 caffe.cpp:314] Batch 5619, accuracy1+2 = 1
I0418 09:43:29.692210  7952 caffe.cpp:314] Batch 5619, accuracy1+2+3 = 1
I0418 09:43:29.817224  6080 data_layer.cpp:128] Prefetch batch: 125 ms.
I0418 09:43:29.817224  6080 data_layer.cpp:129]      Read time: 93.756 ms.
I0418 09:43:29.817224  6080 data_layer.cpp:130] Transform time: 31.257 ms.
I0418 09:43:30.676626  7952 caffe.cpp:314] Batch 5620, accuracy1+2 = 1
I0418 09:43:30.676626  7952 caffe.cpp:314] Batch 5620, accuracy1+2+3 = 1
I0418 09:43:30.801637  6080 data_layer.cpp:128] Prefetch batch: 125 ms.
I0418 09:43:30.801637  6080 data_layer.cpp:129]      Read time: 78.128 ms.
I0418 09:43:30.801637  6080 data_layer.cpp:130] Transform time: 46.883 ms.
I0418 09:43:31.645412  7952 caffe.cpp:314] Batch 5621, accuracy1+2 = 1
I0418 09:43:31.645412  7952 caffe.cpp:314] Batch 5621, accuracy1+2+3 = 1
I0418 09:43:31.770421  6080 data_layer.cpp:128] Prefetch batch: 125 ms.
I0418 09:43:31.770421  6080 data_layer.cpp:129]      Read time: 93.754 ms.
I0418 09:43:31.770421  6080 data_layer.cpp:130] Transform time: 31.255 ms.
I0418 09:43:32.629827  7952 caffe.cpp:314] Batch 5622, accuracy1+2 = 1
I0418 09:43:32.629827  7952 caffe.cpp:314] Batch 5622, accuracy1+2+3 = 1
I0418 09:43:32.723587  6080 data_layer.cpp:128] Prefetch batch: 93 ms.
I0418 09:43:32.723587  6080 data_layer.cpp:129]      Read time: 0 ms.
I0418 09:43:32.723587  6080 data_layer.cpp:130] Transform time: 93.76 ms.
I0418 09:43:33.598618  7952 caffe.cpp:314] Batch 5623, accuracy1+2 = 0
I0418 09:43:33.598618  7952 caffe.cpp:314] Batch 5623, accuracy1+2+3 = 0
I0418 09:43:33.723624  6080 data_layer.cpp:128] Prefetch batch: 125 ms.
I0418 09:43:33.723624  6080 data_layer.cpp:129]      Read time: 93.75 ms.
I0418 09:43:33.723624  6080 data_layer.cpp:130] Transform time: 31.257 ms.
I0418 09:43:34.583021  7952 caffe.cpp:314] Batch 5624, accuracy1+2 = 1
I0418 09:43:34.583021  7952 caffe.cpp:314] Batch 5624, accuracy1+2+3 = 1
I0418 09:43:34.708026  6080 data_layer.cpp:128] Prefetch batch: 125 ms.
I0418 09:43:34.708026  6080 data_layer.cpp:129]      Read time: 93.787 ms.
I0418 09:43:34.708026  6080 data_layer.cpp:130] Transform time: 31.218 ms.
I0418 09:43:35.583070  7952 caffe.cpp:314] Batch 5625, accuracy1+2 = 1
I0418 09:43:35.583070  7952 caffe.cpp:314] Batch 5625, accuracy1+2+3 = 1
I0418 09:43:35.708077  6080 data_layer.cpp:128] Prefetch batch: 125 ms.
I0418 09:43:35.708077  6080 data_layer.cpp:129]      Read time: 93.748 ms.
I0418 09:43:35.708077  6080 data_layer.cpp:130] Transform time: 31.259 ms.
I0418 09:43:36.551858  7952 caffe.cpp:314] Batch 5626, accuracy1+2 = 1
I0418 09:43:36.551858  7952 caffe.cpp:314] Batch 5626, accuracy1+2+3 = 1
I0418 09:43:36.676862  6080 data_layer.cpp:128] Prefetch batch: 125 ms.
I0418 09:43:36.676862  6080 data_layer.cpp:129]      Read time: 93.752 ms.
I0418 09:43:36.676862  6080 data_layer.cpp:130] Transform time: 31.252 ms.
I0418 09:43:37.520642  7952 caffe.cpp:314] Batch 5627, accuracy1+2 = 1
I0418 09:43:37.520642  7952 caffe.cpp:314] Batch 5627, accuracy1+2+3 = 1
I0418 09:43:37.645648  6080 data_layer.cpp:128] Prefetch batch: 125 ms.
I0418 09:43:37.645648  6080 data_layer.cpp:129]      Read time: 93.765 ms.
I0418 09:43:37.645648  6080 data_layer.cpp:130] Transform time: 31.24 ms.
I0418 09:43:38.505064  7952 caffe.cpp:314] Batch 5628, accuracy1+2 = 1
I0418 09:43:38.505064  7952 caffe.cpp:314] Batch 5628, accuracy1+2+3 = 1
I0418 09:43:38.598816  6080 data_layer.cpp:128] Prefetch batch: 93 ms.
I0418 09:43:38.598816  6080 data_layer.cpp:129]      Read time: 0 ms.
I0418 09:43:38.598816  6080 data_layer.cpp:130] Transform time: 93.752 ms.
I0418 09:43:39.473848  7952 caffe.cpp:314] Batch 5629, accuracy1+2 = 1
I0418 09:43:39.473848  7952 caffe.cpp:314] Batch 5629, accuracy1+2+3 = 1
I0418 09:43:39.598851  6080 data_layer.cpp:128] Prefetch batch: 125 ms.
I0418 09:43:39.598851  6080 data_layer.cpp:129]      Read time: 93.75 ms.
I0418 09:43:39.598851  6080 data_layer.cpp:130] Transform time: 31.253 ms.
I0418 09:43:40.442626  7952 caffe.cpp:314] Batch 5630, accuracy1+2 = 1
I0418 09:43:40.442626  7952 caffe.cpp:314] Batch 5630, accuracy1+2+3 = 1
I0418 09:43:40.583313  6080 data_layer.cpp:128] Prefetch batch: 140 ms.
I0418 09:43:40.583313  6080 data_layer.cpp:129]      Read time: 93.76 ms.
I0418 09:43:40.583313  6080 data_layer.cpp:130] Transform time: 46.927 ms.
I0418 09:43:41.458302  7952 caffe.cpp:314] Batch 5631, accuracy1+2 = 1
I0418 09:43:41.458302  7952 caffe.cpp:314] Batch 5631, accuracy1+2+3 = 1
I0418 09:43:41.583302  6080 data_layer.cpp:128] Prefetch batch: 125 ms.
I0418 09:43:41.583302  6080 data_layer.cpp:129]      Read time: 93.75 ms.
I0418 09:43:41.583302  6080 data_layer.cpp:130] Transform time: 31.25 ms.
I0418 09:43:42.473973  7952 caffe.cpp:314] Batch 5632, accuracy1+2 = 1
I0418 09:43:42.473973  7952 caffe.cpp:314] Batch 5632, accuracy1+2+3 = 1
I0418 09:43:42.583348  6080 data_layer.cpp:128] Prefetch batch: 109 ms.
I0418 09:43:42.583348  6080 data_layer.cpp:129]      Read time: 0 ms.
I0418 09:43:42.583348  6080 data_layer.cpp:130] Transform time: 109.374 ms.
I0418 09:43:43.458377  7952 caffe.cpp:314] Batch 5633, accuracy1+2 = 1
I0418 09:43:43.458377  7952 caffe.cpp:314] Batch 5633, accuracy1+2+3 = 1
I0418 09:43:43.583387  6080 data_layer.cpp:128] Prefetch batch: 125 ms.
I0418 09:43:43.583387  6080 data_layer.cpp:129]      Read time: 93.752 ms.
I0418 09:43:43.583387  6080 data_layer.cpp:130] Transform time: 31.258 ms.
I0418 09:43:44.442790  7952 caffe.cpp:314] Batch 5634, accuracy1+2 = 1
I0418 09:43:44.442790  7952 caffe.cpp:314] Batch 5634, accuracy1+2+3 = 1
I0418 09:43:44.567795  6080 data_layer.cpp:128] Prefetch batch: 125 ms.
I0418 09:43:44.567795  6080 data_layer.cpp:129]      Read time: 78.128 ms.
I0418 09:43:44.567795  6080 data_layer.cpp:130] Transform time: 46.877 ms.
I0418 09:43:45.411584  7952 caffe.cpp:314] Batch 5635, accuracy1+2 = 1
I0418 09:43:45.411584  7952 caffe.cpp:314] Batch 5635, accuracy1+2+3 = 1
I0418 09:43:45.536586  6080 data_layer.cpp:128] Prefetch batch: 125 ms.
I0418 09:43:45.536586  6080 data_layer.cpp:129]      Read time: 93.75 ms.
I0418 09:43:45.536586  6080 data_layer.cpp:130] Transform time: 31.252 ms.
I0418 09:43:46.380364  7952 caffe.cpp:314] Batch 5636, accuracy1+2 = 1
I0418 09:43:46.380364  7952 caffe.cpp:314] Batch 5636, accuracy1+2+3 = 1
I0418 09:43:46.505373  6080 data_layer.cpp:128] Prefetch batch: 125 ms.
I0418 09:43:46.505373  6080 data_layer.cpp:129]      Read time: 93.755 ms.
I0418 09:43:46.505373  6080 data_layer.cpp:130] Transform time: 31.254 ms.
I0418 09:43:47.364784  7952 caffe.cpp:314] Batch 5637, accuracy1+2 = 1
I0418 09:43:47.364784  7952 caffe.cpp:314] Batch 5637, accuracy1+2+3 = 1
I0418 09:43:47.458535  6080 data_layer.cpp:128] Prefetch batch: 93 ms.
I0418 09:43:47.458535  6080 data_layer.cpp:129]      Read time: 0 ms.
I0418 09:43:47.458535  6080 data_layer.cpp:130] Transform time: 93.752 ms.
I0418 09:43:48.333571  7952 caffe.cpp:314] Batch 5638, accuracy1+2 = 1
I0418 09:43:48.333571  7952 caffe.cpp:314] Batch 5638, accuracy1+2+3 = 1
I0418 09:43:48.458575  6080 data_layer.cpp:128] Prefetch batch: 125 ms.
I0418 09:43:48.458575  6080 data_layer.cpp:129]      Read time: 93.749 ms.
I0418 09:43:48.458575  6080 data_layer.cpp:130] Transform time: 31.255 ms.
I0418 09:43:49.302361  7952 caffe.cpp:314] Batch 5639, accuracy1+2 = 1
I0418 09:43:49.302361  7952 caffe.cpp:314] Batch 5639, accuracy1+2+3 = 1
I0418 09:43:49.427361  6080 data_layer.cpp:128] Prefetch batch: 125 ms.
I0418 09:43:49.427361  6080 data_layer.cpp:129]      Read time: 93.754 ms.
I0418 09:43:49.427361  6080 data_layer.cpp:130] Transform time: 31.246 ms.
I0418 09:43:50.271143  7952 caffe.cpp:314] Batch 5640, accuracy1+2 = 1
I0418 09:43:50.271143  7952 caffe.cpp:314] Batch 5640, accuracy1+2+3 = 1
I0418 09:43:50.411779  6080 data_layer.cpp:128] Prefetch batch: 140 ms.
I0418 09:43:50.411779  6080 data_layer.cpp:129]      Read time: 93.756 ms.
I0418 09:43:50.411779  6080 data_layer.cpp:130] Transform time: 46.88 ms.
I0418 09:43:51.255558  7952 caffe.cpp:314] Batch 5641, accuracy1+2 = 1
I0418 09:43:51.255558  7952 caffe.cpp:314] Batch 5641, accuracy1+2+3 = 1
I0418 09:43:51.380564  6080 data_layer.cpp:128] Prefetch batch: 125 ms.
I0418 09:43:51.380564  6080 data_layer.cpp:129]      Read time: 78.131 ms.
I0418 09:43:51.380564  6080 data_layer.cpp:130] Transform time: 46.876 ms.
I0418 09:43:52.224344  7952 caffe.cpp:314] Batch 5642, accuracy1+2 = 1
I0418 09:43:52.224344  7952 caffe.cpp:314] Batch 5642, accuracy1+2+3 = 1
I0418 09:43:52.333731  6080 data_layer.cpp:128] Prefetch batch: 109 ms.
I0418 09:43:52.333731  6080 data_layer.cpp:129]      Read time: 0 ms.
I0418 09:43:52.333731  6080 data_layer.cpp:130] Transform time: 109.387 ms.
I0418 09:43:53.224381  7952 caffe.cpp:314] Batch 5643, accuracy1+2 = 1
I0418 09:43:53.224381  7952 caffe.cpp:314] Batch 5643, accuracy1+2+3 = 1
I0418 09:43:53.349391  6080 data_layer.cpp:128] Prefetch batch: 125 ms.
I0418 09:43:53.349391  6080 data_layer.cpp:129]      Read time: 78.129 ms.
I0418 09:43:53.349391  6080 data_layer.cpp:130] Transform time: 46.881 ms.
I0418 09:43:54.193169  7952 caffe.cpp:314] Batch 5644, accuracy1+2 = 1
I0418 09:43:54.193169  7952 caffe.cpp:314] Batch 5644, accuracy1+2+3 = 1
I0418 09:43:54.318182  6080 data_layer.cpp:128] Prefetch batch: 125 ms.
I0418 09:43:54.318182  6080 data_layer.cpp:129]      Read time: 93.757 ms.
I0418 09:43:54.318182  6080 data_layer.cpp:130] Transform time: 31.256 ms.
I0418 09:43:55.161962  7952 caffe.cpp:314] Batch 5645, accuracy1+2 = 1
I0418 09:43:55.161962  7952 caffe.cpp:314] Batch 5645, accuracy1+2+3 = 1
I0418 09:43:55.271338  6080 data_layer.cpp:128] Prefetch batch: 109 ms.
I0418 09:43:55.271338  6080 data_layer.cpp:129]      Read time: 0 ms.
I0418 09:43:55.271338  6080 data_layer.cpp:130] Transform time: 109.377 ms.
I0418 09:43:56.146380  7952 caffe.cpp:314] Batch 5646, accuracy1+2 = 1
I0418 09:43:56.146380  7952 caffe.cpp:314] Batch 5646, accuracy1+2+3 = 1
I0418 09:43:56.271384  6080 data_layer.cpp:128] Prefetch batch: 125 ms.
I0418 09:43:56.271384  6080 data_layer.cpp:129]      Read time: 78.128 ms.
I0418 09:43:56.271384  6080 data_layer.cpp:130] Transform time: 46.876 ms.
I0418 09:43:57.115171  7952 caffe.cpp:314] Batch 5647, accuracy1+2 = 1
I0418 09:43:57.115171  7952 caffe.cpp:314] Batch 5647, accuracy1+2+3 = 1
I0418 09:43:57.240172  6080 data_layer.cpp:128] Prefetch batch: 125 ms.
I0418 09:43:57.240172  6080 data_layer.cpp:129]      Read time: 93.749 ms.
I0418 09:43:57.240172  6080 data_layer.cpp:130] Transform time: 31.252 ms.
I0418 09:43:58.083955  7952 caffe.cpp:314] Batch 5648, accuracy1+2 = 0
I0418 09:43:58.083955  7952 caffe.cpp:314] Batch 5648, accuracy1+2+3 = 0
I0418 09:43:58.208956  6080 data_layer.cpp:128] Prefetch batch: 125 ms.
I0418 09:43:58.208956  6080 data_layer.cpp:129]      Read time: 93.748 ms.
I0418 09:43:58.208956  6080 data_layer.cpp:130] Transform time: 31.253 ms.
I0418 09:43:59.068367  7952 caffe.cpp:314] Batch 5649, accuracy1+2 = 1
I0418 09:43:59.068367  7952 caffe.cpp:314] Batch 5649, accuracy1+2+3 = 1
I0418 09:43:59.162123  6080 data_layer.cpp:128] Prefetch batch: 93 ms.
I0418 09:43:59.162123  6080 data_layer.cpp:129]      Read time: 0 ms.
I0418 09:43:59.162123  6080 data_layer.cpp:130] Transform time: 93.756 ms.
I0418 09:44:00.037154  7952 caffe.cpp:314] Batch 5650, accuracy1+2 = 0
I0418 09:44:00.037154  7952 caffe.cpp:314] Batch 5650, accuracy1+2+3 = 0
I0418 09:44:00.162160  6080 data_layer.cpp:128] Prefetch batch: 125 ms.
I0418 09:44:00.162160  6080 data_layer.cpp:129]      Read time: 93.75 ms.
I0418 09:44:00.162160  6080 data_layer.cpp:130] Transform time: 31.256 ms.
I0418 09:44:01.005944  7952 caffe.cpp:314] Batch 5651, accuracy1+2 = 1
I0418 09:44:01.005944  7952 caffe.cpp:314] Batch 5651, accuracy1+2+3 = 1
I0418 09:44:01.130941  6080 data_layer.cpp:128] Prefetch batch: 124 ms.
I0418 09:44:01.130941  6080 data_layer.cpp:129]      Read time: 93.75 ms.
I0418 09:44:01.130941  6080 data_layer.cpp:130] Transform time: 31.247 ms.
I0418 09:44:01.990353  7952 caffe.cpp:314] Batch 5652, accuracy1+2 = 1
I0418 09:44:01.990353  7952 caffe.cpp:314] Batch 5652, accuracy1+2+3 = 1
I0418 09:44:02.115360  6080 data_layer.cpp:128] Prefetch batch: 125 ms.
I0418 09:44:02.115360  6080 data_layer.cpp:129]      Read time: 78.127 ms.
I0418 09:44:02.115360  6080 data_layer.cpp:130] Transform time: 46.88 ms.
I0418 09:44:02.959138  7952 caffe.cpp:314] Batch 5653, accuracy1+2 = 1
I0418 09:44:02.959138  7952 caffe.cpp:314] Batch 5653, accuracy1+2+3 = 1
I0418 09:44:03.084146  6080 data_layer.cpp:128] Prefetch batch: 125 ms.
I0418 09:44:03.084146  6080 data_layer.cpp:129]      Read time: 46.873 ms.
I0418 09:44:03.084146  6080 data_layer.cpp:130] Transform time: 78.134 ms.
I0418 09:44:03.927928  7952 caffe.cpp:314] Batch 5654, accuracy1+2 = 1
I0418 09:44:03.927928  7952 caffe.cpp:314] Batch 5654, accuracy1+2+3 = 1
I0418 09:44:04.052942  6080 data_layer.cpp:128] Prefetch batch: 125 ms.
I0418 09:44:04.052942  6080 data_layer.cpp:129]      Read time: 93.754 ms.
I0418 09:44:04.052942  6080 data_layer.cpp:130] Transform time: 31.259 ms.
I0418 09:44:04.896718  7952 caffe.cpp:314] Batch 5655, accuracy1+2 = 1
I0418 09:44:04.896718  7952 caffe.cpp:314] Batch 5655, accuracy1+2+3 = 1
I0418 09:44:05.037354  6080 data_layer.cpp:128] Prefetch batch: 140 ms.
I0418 09:44:05.037354  6080 data_layer.cpp:129]      Read time: 46.88 ms.
I0418 09:44:05.037354  6080 data_layer.cpp:130] Transform time: 93.756 ms.
I0418 09:44:05.881141  7952 caffe.cpp:314] Batch 5656, accuracy1+2 = 1
I0418 09:44:05.881141  7952 caffe.cpp:314] Batch 5656, accuracy1+2+3 = 1
I0418 09:44:06.006137  6080 data_layer.cpp:128] Prefetch batch: 124 ms.
I0418 09:44:06.006137  6080 data_layer.cpp:129]      Read time: 93.743 ms.
I0418 09:44:06.006137  6080 data_layer.cpp:130] Transform time: 31.253 ms.
I0418 09:44:06.849923  7952 caffe.cpp:314] Batch 5657, accuracy1+2 = 1
I0418 09:44:06.849923  7952 caffe.cpp:314] Batch 5657, accuracy1+2+3 = 1
I0418 09:44:06.974923  6080 data_layer.cpp:128] Prefetch batch: 125 ms.
I0418 09:44:06.974923  6080 data_layer.cpp:129]      Read time: 93.751 ms.
I0418 09:44:06.974923  6080 data_layer.cpp:130] Transform time: 31.249 ms.
I0418 09:44:07.818712  7952 caffe.cpp:314] Batch 5658, accuracy1+2 = 1
I0418 09:44:07.818712  7952 caffe.cpp:314] Batch 5658, accuracy1+2+3 = 1
I0418 09:44:07.943717  6080 data_layer.cpp:128] Prefetch batch: 125 ms.
I0418 09:44:07.943717  6080 data_layer.cpp:129]      Read time: 93.748 ms.
I0418 09:44:07.943717  6080 data_layer.cpp:130] Transform time: 31.257 ms.
I0418 09:44:08.803128  7952 caffe.cpp:314] Batch 5659, accuracy1+2 = 1
I0418 09:44:08.803128  7952 caffe.cpp:314] Batch 5659, accuracy1+2+3 = 1
I0418 09:44:08.928124  6080 data_layer.cpp:128] Prefetch batch: 124 ms.
I0418 09:44:08.928124  6080 data_layer.cpp:129]      Read time: 78.122 ms.
I0418 09:44:08.928124  6080 data_layer.cpp:130] Transform time: 46.875 ms.
I0418 09:44:09.771911  7952 caffe.cpp:314] Batch 5660, accuracy1+2 = 1
I0418 09:44:09.771911  7952 caffe.cpp:314] Batch 5660, accuracy1+2+3 = 1
I0418 09:44:09.865666  6080 data_layer.cpp:128] Prefetch batch: 93 ms.
I0418 09:44:09.865666  6080 data_layer.cpp:129]      Read time: 0 ms.
I0418 09:44:09.865666  6080 data_layer.cpp:130] Transform time: 93.755 ms.
I0418 09:44:10.740697  7952 caffe.cpp:314] Batch 5661, accuracy1+2 = 1
I0418 09:44:10.740697  7952 caffe.cpp:314] Batch 5661, accuracy1+2+3 = 1
I0418 09:44:10.865707  6080 data_layer.cpp:128] Prefetch batch: 125 ms.
I0418 09:44:10.865707  6080 data_layer.cpp:129]      Read time: 93.757 ms.
I0418 09:44:10.865707  6080 data_layer.cpp:130] Transform time: 31.253 ms.
I0418 09:44:11.725116  7952 caffe.cpp:314] Batch 5662, accuracy1+2 = 1
I0418 09:44:11.725116  7952 caffe.cpp:314] Batch 5662, accuracy1+2+3 = 1
I0418 09:44:11.850119  6080 data_layer.cpp:128] Prefetch batch: 125 ms.
I0418 09:44:11.850119  6080 data_layer.cpp:129]      Read time: 78.127 ms.
I0418 09:44:11.850119  6080 data_layer.cpp:130] Transform time: 46.877 ms.
I0418 09:44:12.693899  7952 caffe.cpp:314] Batch 5663, accuracy1+2 = 0
I0418 09:44:12.693899  7952 caffe.cpp:314] Batch 5663, accuracy1+2+3 = 0
I0418 09:44:12.818909  6080 data_layer.cpp:128] Prefetch batch: 125 ms.
I0418 09:44:12.818909  6080 data_layer.cpp:129]      Read time: 93.76 ms.
I0418 09:44:12.818909  6080 data_layer.cpp:130] Transform time: 31.25 ms.
I0418 09:44:13.662689  7952 caffe.cpp:314] Batch 5664, accuracy1+2 = 1
I0418 09:44:13.662689  7952 caffe.cpp:314] Batch 5664, accuracy1+2+3 = 1
I0418 09:44:13.787698  6080 data_layer.cpp:128] Prefetch batch: 125 ms.
I0418 09:44:13.787698  6080 data_layer.cpp:129]      Read time: 93.753 ms.
I0418 09:44:13.787698  6080 data_layer.cpp:130] Transform time: 31.255 ms.
I0418 09:44:14.647104  7952 caffe.cpp:314] Batch 5665, accuracy1+2 = 1
I0418 09:44:14.647104  7952 caffe.cpp:314] Batch 5665, accuracy1+2+3 = 1
I0418 09:44:14.740854  6080 data_layer.cpp:128] Prefetch batch: 93 ms.
I0418 09:44:14.740854  6080 data_layer.cpp:129]      Read time: 0 ms.
I0418 09:44:14.740854  6080 data_layer.cpp:130] Transform time: 93.75 ms.
I0418 09:44:15.615892  7952 caffe.cpp:314] Batch 5666, accuracy1+2 = 1
I0418 09:44:15.615892  7952 caffe.cpp:314] Batch 5666, accuracy1+2+3 = 1
I0418 09:44:15.740895  6080 data_layer.cpp:128] Prefetch batch: 125 ms.
I0418 09:44:15.740895  6080 data_layer.cpp:129]      Read time: 93.75 ms.
I0418 09:44:15.740895  6080 data_layer.cpp:130] Transform time: 31.252 ms.
I0418 09:44:16.584678  7952 caffe.cpp:314] Batch 5667, accuracy1+2 = 1
I0418 09:44:16.584678  7952 caffe.cpp:314] Batch 5667, accuracy1+2+3 = 1
I0418 09:44:16.709683  6080 data_layer.cpp:128] Prefetch batch: 125 ms.
I0418 09:44:16.709683  6080 data_layer.cpp:129]      Read time: 93.753 ms.
I0418 09:44:16.709683  6080 data_layer.cpp:130] Transform time: 31.252 ms.
I0418 09:44:17.569093  7952 caffe.cpp:314] Batch 5668, accuracy1+2 = 1
I0418 09:44:17.569093  7952 caffe.cpp:314] Batch 5668, accuracy1+2+3 = 1
I0418 09:44:17.694092  6080 data_layer.cpp:128] Prefetch batch: 124 ms.
I0418 09:44:17.694092  6080 data_layer.cpp:129]      Read time: 78.127 ms.
I0418 09:44:17.694092  6080 data_layer.cpp:130] Transform time: 46.871 ms.
I0418 09:44:18.537879  7952 caffe.cpp:314] Batch 5669, accuracy1+2 = 1
I0418 09:44:18.537879  7952 caffe.cpp:314] Batch 5669, accuracy1+2+3 = 1
I0418 09:44:18.647263  6080 data_layer.cpp:128] Prefetch batch: 109 ms.
I0418 09:44:18.647263  6080 data_layer.cpp:129]      Read time: 0 ms.
I0418 09:44:18.647263  6080 data_layer.cpp:130] Transform time: 109.383 ms.
I0418 09:44:19.506675  7952 caffe.cpp:314] Batch 5670, accuracy1+2 = 1
I0418 09:44:19.506675  7952 caffe.cpp:314] Batch 5670, accuracy1+2+3 = 1
I0418 09:44:19.631669  6080 data_layer.cpp:128] Prefetch batch: 124 ms.
I0418 09:44:19.631669  6080 data_layer.cpp:129]      Read time: 93.741 ms.
I0418 09:44:19.631669  6080 data_layer.cpp:130] Transform time: 31.253 ms.
I0418 09:44:20.491081  7952 caffe.cpp:314] Batch 5671, accuracy1+2 = 1
I0418 09:44:20.491081  7952 caffe.cpp:314] Batch 5671, accuracy1+2+3 = 1
I0418 09:44:20.616087  6080 data_layer.cpp:128] Prefetch batch: 125 ms.
I0418 09:44:20.616087  6080 data_layer.cpp:129]      Read time: 93.753 ms.
I0418 09:44:20.616087  6080 data_layer.cpp:130] Transform time: 31.253 ms.
I0418 09:44:21.459878  7952 caffe.cpp:314] Batch 5672, accuracy1+2 = 1
I0418 09:44:21.459878  7952 caffe.cpp:314] Batch 5672, accuracy1+2+3 = 1
I0418 09:44:21.584869  6080 data_layer.cpp:128] Prefetch batch: 124 ms.
I0418 09:44:21.584869  6080 data_layer.cpp:129]      Read time: 93.759 ms.
I0418 09:44:21.584869  6080 data_layer.cpp:130] Transform time: 31.232 ms.
I0418 09:44:22.428654  7952 caffe.cpp:314] Batch 5673, accuracy1+2 = 0
I0418 09:44:22.428654  7952 caffe.cpp:314] Batch 5673, accuracy1+2+3 = 0
I0418 09:44:22.569289  6080 data_layer.cpp:128] Prefetch batch: 125 ms.
I0418 09:44:22.569289  6080 data_layer.cpp:129]      Read time: 93.757 ms.
I0418 09:44:22.569289  6080 data_layer.cpp:130] Transform time: 31.252 ms.
I0418 09:44:23.413069  7952 caffe.cpp:314] Batch 5674, accuracy1+2 = 0
I0418 09:44:23.413069  7952 caffe.cpp:314] Batch 5674, accuracy1+2+3 = 0
I0418 09:44:23.538076  6080 data_layer.cpp:128] Prefetch batch: 125 ms.
I0418 09:44:23.538076  6080 data_layer.cpp:129]      Read time: 93.754 ms.
I0418 09:44:23.538076  6080 data_layer.cpp:130] Transform time: 31.254 ms.
I0418 09:44:24.381861  7952 caffe.cpp:314] Batch 5675, accuracy1+2 = 0
I0418 09:44:24.381861  7952 caffe.cpp:314] Batch 5675, accuracy1+2+3 = 0
I0418 09:44:24.491242  6080 data_layer.cpp:128] Prefetch batch: 109 ms.
I0418 09:44:24.491242  6080 data_layer.cpp:129]      Read time: 0 ms.
I0418 09:44:24.491242  6080 data_layer.cpp:130] Transform time: 109.381 ms.
I0418 09:44:25.366267  7952 caffe.cpp:314] Batch 5676, accuracy1+2 = 1
I0418 09:44:25.366267  7952 caffe.cpp:314] Batch 5676, accuracy1+2+3 = 1
I0418 09:44:25.491278  6080 data_layer.cpp:128] Prefetch batch: 125 ms.
I0418 09:44:25.491278  6080 data_layer.cpp:129]      Read time: 78.137 ms.
I0418 09:44:25.491278  6080 data_layer.cpp:130] Transform time: 46.874 ms.
I0418 09:44:26.335064  7952 caffe.cpp:314] Batch 5677, accuracy1+2 = 1
I0418 09:44:26.335064  7952 caffe.cpp:314] Batch 5677, accuracy1+2+3 = 1
I0418 09:44:26.460070  6080 data_layer.cpp:128] Prefetch batch: 125 ms.
I0418 09:44:26.460070  6080 data_layer.cpp:129]      Read time: 93.75 ms.
I0418 09:44:26.460070  6080 data_layer.cpp:130] Transform time: 31.256 ms.
I0418 09:44:27.319474  7952 caffe.cpp:314] Batch 5678, accuracy1+2 = 1
I0418 09:44:27.319474  7952 caffe.cpp:314] Batch 5678, accuracy1+2+3 = 1
I0418 09:44:27.444485  6080 data_layer.cpp:128] Prefetch batch: 125 ms.
I0418 09:44:27.444485  6080 data_layer.cpp:129]      Read time: 78.133 ms.
I0418 09:44:27.444485  6080 data_layer.cpp:130] Transform time: 46.878 ms.
I0418 09:44:28.288261  7952 caffe.cpp:314] Batch 5679, accuracy1+2 = 0
I0418 09:44:28.288261  7952 caffe.cpp:314] Batch 5679, accuracy1+2+3 = 0
I0418 09:44:28.413264  6080 data_layer.cpp:128] Prefetch batch: 125 ms.
I0418 09:44:28.413264  6080 data_layer.cpp:129]      Read time: 93.756 ms.
I0418 09:44:28.413264  6080 data_layer.cpp:130] Transform time: 31.247 ms.
I0418 09:44:29.288298  7952 caffe.cpp:314] Batch 5680, accuracy1+2 = 1
I0418 09:44:29.288298  7952 caffe.cpp:314] Batch 5680, accuracy1+2+3 = 1
I0418 09:44:29.397670  6080 data_layer.cpp:128] Prefetch batch: 109 ms.
I0418 09:44:29.397670  6080 data_layer.cpp:129]      Read time: 0 ms.
I0418 09:44:29.397670  6080 data_layer.cpp:130] Transform time: 109.371 ms.
I0418 09:44:30.303964  7952 caffe.cpp:314] Batch 5681, accuracy1+2 = 1
I0418 09:44:30.303964  7952 caffe.cpp:314] Batch 5681, accuracy1+2+3 = 1
I0418 09:44:30.428969  6080 data_layer.cpp:128] Prefetch batch: 125 ms.
I0418 09:44:30.428969  6080 data_layer.cpp:129]      Read time: 78.131 ms.
I0418 09:44:30.428969  6080 data_layer.cpp:130] Transform time: 46.874 ms.
I0418 09:44:31.272752  7952 caffe.cpp:314] Batch 5682, accuracy1+2 = 1
I0418 09:44:31.272752  7952 caffe.cpp:314] Batch 5682, accuracy1+2+3 = 1
I0418 09:44:31.397761  6080 data_layer.cpp:128] Prefetch batch: 125 ms.
I0418 09:44:31.397761  6080 data_layer.cpp:129]      Read time: 93.753 ms.
I0418 09:44:31.397761  6080 data_layer.cpp:130] Transform time: 31.257 ms.
I0418 09:44:32.241542  7952 caffe.cpp:314] Batch 5683, accuracy1+2 = 1
I0418 09:44:32.241542  7952 caffe.cpp:314] Batch 5683, accuracy1+2+3 = 1
I0418 09:44:32.350919  6080 data_layer.cpp:128] Prefetch batch: 109 ms.
I0418 09:44:32.350919  6080 data_layer.cpp:129]      Read time: 0 ms.
I0418 09:44:32.350919  6080 data_layer.cpp:130] Transform time: 109.376 ms.
I0418 09:44:33.210331  7952 caffe.cpp:314] Batch 5684, accuracy1+2 = 1
I0418 09:44:33.210331  7952 caffe.cpp:314] Batch 5684, accuracy1+2+3 = 1
I0418 09:44:33.335337  6080 data_layer.cpp:128] Prefetch batch: 125 ms.
I0418 09:44:33.335337  6080 data_layer.cpp:129]      Read time: 93.753 ms.
I0418 09:44:33.335337  6080 data_layer.cpp:130] Transform time: 31.253 ms.
I0418 09:44:34.194746  7952 caffe.cpp:314] Batch 5685, accuracy1+2 = 0
I0418 09:44:34.194746  7952 caffe.cpp:314] Batch 5685, accuracy1+2+3 = 0
I0418 09:44:34.319748  6080 data_layer.cpp:128] Prefetch batch: 125 ms.
I0418 09:44:34.319748  6080 data_layer.cpp:129]      Read time: 78.128 ms.
I0418 09:44:34.319748  6080 data_layer.cpp:130] Transform time: 31.246 ms.
I0418 09:44:35.163537  7952 caffe.cpp:314] Batch 5686, accuracy1+2 = 1
I0418 09:44:35.163537  7952 caffe.cpp:314] Batch 5686, accuracy1+2+3 = 1
I0418 09:44:35.288535  6080 data_layer.cpp:128] Prefetch batch: 124 ms.
I0418 09:44:35.288535  6080 data_layer.cpp:129]      Read time: 93.749 ms.
I0418 09:44:35.288535  6080 data_layer.cpp:130] Transform time: 31.25 ms.
I0418 09:44:36.132320  7952 caffe.cpp:314] Batch 5687, accuracy1+2 = 0
I0418 09:44:36.132320  7952 caffe.cpp:314] Batch 5687, accuracy1+2+3 = 0
I0418 09:44:36.241703  6080 data_layer.cpp:128] Prefetch batch: 109 ms.
I0418 09:44:36.241703  6080 data_layer.cpp:129]      Read time: 0 ms.
I0418 09:44:36.241703  6080 data_layer.cpp:130] Transform time: 109.382 ms.
I0418 09:44:37.101109  7952 caffe.cpp:314] Batch 5688, accuracy1+2 = 1
I0418 09:44:37.101109  7952 caffe.cpp:314] Batch 5688, accuracy1+2+3 = 1
I0418 09:44:37.241740  6080 data_layer.cpp:128] Prefetch batch: 140 ms.
I0418 09:44:37.241740  6080 data_layer.cpp:129]      Read time: 93.748 ms.
I0418 09:44:37.241740  6080 data_layer.cpp:130] Transform time: 46.884 ms.
I0418 09:44:38.085520  7952 caffe.cpp:314] Batch 5689, accuracy1+2 = 1
I0418 09:44:38.085520  7952 caffe.cpp:314] Batch 5689, accuracy1+2+3 = 1
I0418 09:44:38.210527  6080 data_layer.cpp:128] Prefetch batch: 125 ms.
I0418 09:44:38.210527  6080 data_layer.cpp:129]      Read time: 93.758 ms.
I0418 09:44:38.210527  6080 data_layer.cpp:130] Transform time: 31.249 ms.
I0418 09:44:39.054308  7952 caffe.cpp:314] Batch 5690, accuracy1+2 = 1
I0418 09:44:39.054308  7952 caffe.cpp:314] Batch 5690, accuracy1+2+3 = 1
I0418 09:44:39.179313  6080 data_layer.cpp:128] Prefetch batch: 125 ms.
I0418 09:44:39.179313  6080 data_layer.cpp:129]      Read time: 93.754 ms.
I0418 09:44:39.179313  6080 data_layer.cpp:130] Transform time: 31.251 ms.
I0418 09:44:40.023097  7952 caffe.cpp:314] Batch 5691, accuracy1+2 = 1
I0418 09:44:40.023097  7952 caffe.cpp:314] Batch 5691, accuracy1+2+3 = 1
I0418 09:44:40.148102  6080 data_layer.cpp:128] Prefetch batch: 125 ms.
I0418 09:44:40.148102  6080 data_layer.cpp:129]      Read time: 93.757 ms.
I0418 09:44:40.148102  6080 data_layer.cpp:130] Transform time: 31.247 ms.
I0418 09:44:41.007514  7952 caffe.cpp:314] Batch 5692, accuracy1+2 = 1
I0418 09:44:41.007514  7952 caffe.cpp:314] Batch 5692, accuracy1+2+3 = 1
I0418 09:44:41.101266  6080 data_layer.cpp:128] Prefetch batch: 93 ms.
I0418 09:44:41.101266  6080 data_layer.cpp:129]      Read time: 0 ms.
I0418 09:44:41.101266  6080 data_layer.cpp:130] Transform time: 93.752 ms.
I0418 09:44:41.976296  7952 caffe.cpp:314] Batch 5693, accuracy1+2 = 1
I0418 09:44:41.976296  7952 caffe.cpp:314] Batch 5693, accuracy1+2+3 = 1
I0418 09:44:42.101305  6080 data_layer.cpp:128] Prefetch batch: 125 ms.
I0418 09:44:42.101305  6080 data_layer.cpp:129]      Read time: 93.753 ms.
I0418 09:44:42.101305  6080 data_layer.cpp:130] Transform time: 31.256 ms.
I0418 09:44:42.945083  7952 caffe.cpp:314] Batch 5694, accuracy1+2 = 0
I0418 09:44:42.945083  7952 caffe.cpp:314] Batch 5694, accuracy1+2+3 = 0
I0418 09:44:43.070087  6080 data_layer.cpp:128] Prefetch batch: 125 ms.
I0418 09:44:43.070087  6080 data_layer.cpp:129]      Read time: 93.756 ms.
I0418 09:44:43.070087  6080 data_layer.cpp:130] Transform time: 31.248 ms.
I0418 09:44:43.913872  7952 caffe.cpp:314] Batch 5695, accuracy1+2 = 1
I0418 09:44:43.913872  7952 caffe.cpp:314] Batch 5695, accuracy1+2+3 = 1
I0418 09:44:44.038880  6080 data_layer.cpp:128] Prefetch batch: 125 ms.
I0418 09:44:44.038880  6080 data_layer.cpp:129]      Read time: 93.759 ms.
I0418 09:44:44.038880  6080 data_layer.cpp:130] Transform time: 31.249 ms.
I0418 09:44:44.898284  7952 caffe.cpp:314] Batch 5696, accuracy1+2 = 1
I0418 09:44:44.898284  7952 caffe.cpp:314] Batch 5696, accuracy1+2+3 = 1
I0418 09:44:44.992046  6080 data_layer.cpp:128] Prefetch batch: 93 ms.
I0418 09:44:44.992046  6080 data_layer.cpp:129]      Read time: 0 ms.
I0418 09:44:44.992046  6080 data_layer.cpp:130] Transform time: 93.762 ms.
I0418 09:44:45.867079  7952 caffe.cpp:314] Batch 5697, accuracy1+2 = 0
I0418 09:44:45.867079  7952 caffe.cpp:314] Batch 5697, accuracy1+2+3 = 0
I0418 09:44:45.992079  6080 data_layer.cpp:128] Prefetch batch: 124 ms.
I0418 09:44:45.992079  6080 data_layer.cpp:129]      Read time: 93.751 ms.
I0418 09:44:45.992079  6080 data_layer.cpp:130] Transform time: 31.248 ms.
I0418 09:44:46.835867  7952 caffe.cpp:314] Batch 5698, accuracy1+2 = 1
I0418 09:44:46.835867  7952 caffe.cpp:314] Batch 5698, accuracy1+2+3 = 1
I0418 09:44:46.960868  6080 data_layer.cpp:128] Prefetch batch: 125 ms.
I0418 09:44:46.960868  6080 data_layer.cpp:129]      Read time: 93.754 ms.
I0418 09:44:46.960868  6080 data_layer.cpp:130] Transform time: 31.247 ms.
I0418 09:44:47.820279  7952 caffe.cpp:314] Batch 5699, accuracy1+2 = 1
I0418 09:44:47.820279  7952 caffe.cpp:314] Batch 5699, accuracy1+2+3 = 1
I0418 09:44:47.945286  6080 data_layer.cpp:128] Prefetch batch: 125 ms.
I0418 09:44:47.945286  6080 data_layer.cpp:129]      Read time: 93.756 ms.
I0418 09:44:47.945286  6080 data_layer.cpp:130] Transform time: 31.251 ms.
I0418 09:44:48.789057  7952 caffe.cpp:314] Batch 5700, accuracy1+2 = 1
I0418 09:44:48.789057  7952 caffe.cpp:314] Batch 5700, accuracy1+2+3 = 1
I0418 09:44:48.898445  6080 data_layer.cpp:128] Prefetch batch: 109 ms.
I0418 09:44:48.898445  6080 data_layer.cpp:129]      Read time: 0 ms.
I0418 09:44:48.898445  6080 data_layer.cpp:130] Transform time: 109.389 ms.
I0418 09:44:49.757851  7952 caffe.cpp:314] Batch 5701, accuracy1+2 = 1
I0418 09:44:49.757851  7952 caffe.cpp:314] Batch 5701, accuracy1+2+3 = 1
I0418 09:44:49.882863  6080 data_layer.cpp:128] Prefetch batch: 125 ms.
I0418 09:44:49.882863  6080 data_layer.cpp:129]      Read time: 93.759 ms.
I0418 09:44:49.882863  6080 data_layer.cpp:130] Transform time: 31.253 ms.
I0418 09:44:50.726649  7952 caffe.cpp:314] Batch 5702, accuracy1+2 = 1
I0418 09:44:50.726649  7952 caffe.cpp:314] Batch 5702, accuracy1+2+3 = 1
I0418 09:44:50.867277  6080 data_layer.cpp:128] Prefetch batch: 140 ms.
I0418 09:44:50.867277  6080 data_layer.cpp:129]      Read time: 93.747 ms.
I0418 09:44:50.867277  6080 data_layer.cpp:130] Transform time: 46.881 ms.
I0418 09:44:51.711050  7952 caffe.cpp:314] Batch 5703, accuracy1+2 = 1
I0418 09:44:51.711050  7952 caffe.cpp:314] Batch 5703, accuracy1+2+3 = 1
I0418 09:44:51.836060  6080 data_layer.cpp:128] Prefetch batch: 125 ms.
I0418 09:44:51.836060  6080 data_layer.cpp:129]      Read time: 93.764 ms.
I0418 09:44:51.836060  6080 data_layer.cpp:130] Transform time: 31.245 ms.
I0418 09:44:52.679843  7952 caffe.cpp:314] Batch 5704, accuracy1+2 = 0
I0418 09:44:52.679843  7952 caffe.cpp:314] Batch 5704, accuracy1+2+3 = 0
I0418 09:44:52.804853  6080 data_layer.cpp:128] Prefetch batch: 125 ms.
I0418 09:44:52.804853  6080 data_layer.cpp:129]      Read time: 93.749 ms.
I0418 09:44:52.804853  6080 data_layer.cpp:130] Transform time: 31.261 ms.
I0418 09:44:53.664258  7952 caffe.cpp:314] Batch 5705, accuracy1+2 = 1
I0418 09:44:53.664258  7952 caffe.cpp:314] Batch 5705, accuracy1+2+3 = 1
I0418 09:44:53.758008  6080 data_layer.cpp:128] Prefetch batch: 93 ms.
I0418 09:44:53.758008  6080 data_layer.cpp:129]      Read time: 0 ms.
I0418 09:44:53.758008  6080 data_layer.cpp:130] Transform time: 93.75 ms.
I0418 09:44:54.633044  7952 caffe.cpp:314] Batch 5706, accuracy1+2 = 1
I0418 09:44:54.633044  7952 caffe.cpp:314] Batch 5706, accuracy1+2+3 = 1
I0418 09:44:54.758050  6080 data_layer.cpp:128] Prefetch batch: 125 ms.
I0418 09:44:54.758050  6080 data_layer.cpp:129]      Read time: 93.752 ms.
I0418 09:44:54.758050  6080 data_layer.cpp:130] Transform time: 31.254 ms.
I0418 09:44:55.601833  7952 caffe.cpp:314] Batch 5707, accuracy1+2 = 1
I0418 09:44:55.601833  7952 caffe.cpp:314] Batch 5707, accuracy1+2+3 = 1
I0418 09:44:55.726835  6080 data_layer.cpp:128] Prefetch batch: 125 ms.
I0418 09:44:55.726835  6080 data_layer.cpp:129]      Read time: 93.757 ms.
I0418 09:44:55.726835  6080 data_layer.cpp:130] Transform time: 31.245 ms.
I0418 09:44:56.586244  7952 caffe.cpp:314] Batch 5708, accuracy1+2 = 1
I0418 09:44:56.586244  7952 caffe.cpp:314] Batch 5708, accuracy1+2+3 = 1
I0418 09:44:56.711252  6080 data_layer.cpp:128] Prefetch batch: 125 ms.
I0418 09:44:56.711252  6080 data_layer.cpp:129]      Read time: 78.132 ms.
I0418 09:44:56.711252  6080 data_layer.cpp:130] Transform time: 46.876 ms.
I0418 09:44:57.555038  7952 caffe.cpp:314] Batch 5709, accuracy1+2 = 1
I0418 09:44:57.555038  7952 caffe.cpp:314] Batch 5709, accuracy1+2+3 = 1
I0418 09:44:57.680043  6080 data_layer.cpp:128] Prefetch batch: 125 ms.
I0418 09:44:57.680043  6080 data_layer.cpp:129]      Read time: 93.75 ms.
I0418 09:44:57.680043  6080 data_layer.cpp:130] Transform time: 31.255 ms.
I0418 09:44:58.523831  7952 caffe.cpp:314] Batch 5710, accuracy1+2 = 1
I0418 09:44:58.523831  7952 caffe.cpp:314] Batch 5710, accuracy1+2+3 = 1
I0418 09:44:58.633204  6080 data_layer.cpp:128] Prefetch batch: 109 ms.
I0418 09:44:58.633204  6080 data_layer.cpp:129]      Read time: 0 ms.
I0418 09:44:58.633204  6080 data_layer.cpp:130] Transform time: 109.373 ms.
I0418 09:44:59.492614  7952 caffe.cpp:314] Batch 5711, accuracy1+2 = 1
I0418 09:44:59.492614  7952 caffe.cpp:314] Batch 5711, accuracy1+2+3 = 1
I0418 09:44:59.633241  6080 data_layer.cpp:128] Prefetch batch: 140 ms.
I0418 09:44:59.633241  6080 data_layer.cpp:129]      Read time: 93.754 ms.
I0418 09:44:59.633241  6080 data_layer.cpp:130] Transform time: 46.874 ms.
I0418 09:45:00.477025  7952 caffe.cpp:314] Batch 5712, accuracy1+2 = 1
I0418 09:45:00.477025  7952 caffe.cpp:314] Batch 5712, accuracy1+2+3 = 1
I0418 09:45:00.602033  6080 data_layer.cpp:128] Prefetch batch: 125 ms.
I0418 09:45:00.602033  6080 data_layer.cpp:129]      Read time: 93.754 ms.
I0418 09:45:00.602033  6080 data_layer.cpp:130] Transform time: 31.254 ms.
I0418 09:45:01.445811  7952 caffe.cpp:314] Batch 5713, accuracy1+2 = 1
I0418 09:45:01.445811  7952 caffe.cpp:314] Batch 5713, accuracy1+2+3 = 1
I0418 09:45:01.570818  6080 data_layer.cpp:128] Prefetch batch: 125 ms.
I0418 09:45:01.570818  6080 data_layer.cpp:129]      Read time: 93.759 ms.
I0418 09:45:01.570818  6080 data_layer.cpp:130] Transform time: 31.248 ms.
I0418 09:45:02.430243  7952 caffe.cpp:314] Batch 5714, accuracy1+2 = 1
I0418 09:45:02.430243  7952 caffe.cpp:314] Batch 5714, accuracy1+2+3 = 1
I0418 09:45:02.555233  6080 data_layer.cpp:128] Prefetch batch: 124 ms.
I0418 09:45:02.555233  6080 data_layer.cpp:129]      Read time: 78.112 ms.
I0418 09:45:02.555233  6080 data_layer.cpp:130] Transform time: 46.878 ms.
I0418 09:45:03.399016  7952 caffe.cpp:314] Batch 5715, accuracy1+2 = 1
I0418 09:45:03.399016  7952 caffe.cpp:314] Batch 5715, accuracy1+2+3 = 1
I0418 09:45:03.508399  6080 data_layer.cpp:128] Prefetch batch: 109 ms.
I0418 09:45:03.508399  6080 data_layer.cpp:129]      Read time: 0 ms.
I0418 09:45:03.508399  6080 data_layer.cpp:130] Transform time: 109.382 ms.
I0418 09:45:04.367804  7952 caffe.cpp:314] Batch 5716, accuracy1+2 = 0
I0418 09:45:04.367804  7952 caffe.cpp:314] Batch 5716, accuracy1+2+3 = 1
I0418 09:45:04.492811  6080 data_layer.cpp:128] Prefetch batch: 125 ms.
I0418 09:45:04.492811  6080 data_layer.cpp:129]      Read time: 93.752 ms.
I0418 09:45:04.492811  6080 data_layer.cpp:130] Transform time: 31.256 ms.
I0418 09:45:05.352219  7952 caffe.cpp:314] Batch 5717, accuracy1+2 = 1
I0418 09:45:05.352219  7952 caffe.cpp:314] Batch 5717, accuracy1+2+3 = 1
I0418 09:45:05.477221  6080 data_layer.cpp:128] Prefetch batch: 125 ms.
I0418 09:45:05.477221  6080 data_layer.cpp:129]      Read time: 78.127 ms.
I0418 09:45:05.477221  6080 data_layer.cpp:130] Transform time: 46.875 ms.
I0418 09:45:06.367877  7952 caffe.cpp:314] Batch 5718, accuracy1+2 = 1
I0418 09:45:06.367877  7952 caffe.cpp:314] Batch 5718, accuracy1+2+3 = 1
I0418 09:45:06.492877  6080 data_layer.cpp:128] Prefetch batch: 124 ms.
I0418 09:45:06.492877  6080 data_layer.cpp:129]      Read time: 78.122 ms.
I0418 09:45:06.492877  6080 data_layer.cpp:130] Transform time: 46.877 ms.
I0418 09:45:07.367923  7952 caffe.cpp:314] Batch 5719, accuracy1+2 = 1
I0418 09:45:07.367923  7952 caffe.cpp:314] Batch 5719, accuracy1+2+3 = 1
I0418 09:45:07.477298  6080 data_layer.cpp:128] Prefetch batch: 109 ms.
I0418 09:45:07.477298  6080 data_layer.cpp:129]      Read time: 0 ms.
I0418 09:45:07.477298  6080 data_layer.cpp:130] Transform time: 109.375 ms.
I0418 09:45:08.336710  7952 caffe.cpp:314] Batch 5720, accuracy1+2 = 0
I0418 09:45:08.336710  7952 caffe.cpp:314] Batch 5720, accuracy1+2+3 = 0
I0418 09:45:08.461711  6080 data_layer.cpp:128] Prefetch batch: 125 ms.
I0418 09:45:08.461711  6080 data_layer.cpp:129]      Read time: 93.752 ms.
I0418 09:45:08.461711  6080 data_layer.cpp:130] Transform time: 31.249 ms.
I0418 09:45:09.321121  7952 caffe.cpp:314] Batch 5721, accuracy1+2 = 1
I0418 09:45:09.321121  7952 caffe.cpp:314] Batch 5721, accuracy1+2+3 = 1
I0418 09:45:09.414880  6080 data_layer.cpp:128] Prefetch batch: 93 ms.
I0418 09:45:09.414880  6080 data_layer.cpp:129]      Read time: 0 ms.
I0418 09:45:09.414880  6080 data_layer.cpp:130] Transform time: 93.758 ms.
I0418 09:45:10.289909  7952 caffe.cpp:314] Batch 5722, accuracy1+2 = 1
I0418 09:45:10.289909  7952 caffe.cpp:314] Batch 5722, accuracy1+2+3 = 1
I0418 09:45:10.414917  6080 data_layer.cpp:128] Prefetch batch: 125 ms.
I0418 09:45:10.414917  6080 data_layer.cpp:129]      Read time: 93.758 ms.
I0418 09:45:10.414917  6080 data_layer.cpp:130] Transform time: 31.25 ms.
I0418 09:45:11.258702  7952 caffe.cpp:314] Batch 5723, accuracy1+2 = 1
I0418 09:45:11.258702  7952 caffe.cpp:314] Batch 5723, accuracy1+2+3 = 1
I0418 09:45:11.383705  6080 data_layer.cpp:128] Prefetch batch: 125 ms.
I0418 09:45:11.383705  6080 data_layer.cpp:129]      Read time: 93.758 ms.
I0418 09:45:11.383705  6080 data_layer.cpp:130] Transform time: 31.246 ms.
I0418 09:45:12.243109  7952 caffe.cpp:314] Batch 5724, accuracy1+2 = 1
I0418 09:45:12.243109  7952 caffe.cpp:314] Batch 5724, accuracy1+2+3 = 1
I0418 09:45:12.368115  6080 data_layer.cpp:128] Prefetch batch: 125 ms.
I0418 09:45:12.368115  6080 data_layer.cpp:129]      Read time: 78.133 ms.
I0418 09:45:12.368115  6080 data_layer.cpp:130] Transform time: 46.873 ms.
I0418 09:45:13.211889  7952 caffe.cpp:314] Batch 5725, accuracy1+2 = 0
I0418 09:45:13.211889  7952 caffe.cpp:314] Batch 5725, accuracy1+2+3 = 0
I0418 09:45:13.336908  6080 data_layer.cpp:128] Prefetch batch: 125 ms.
I0418 09:45:13.336908  6080 data_layer.cpp:129]      Read time: 93.761 ms.
I0418 09:45:13.336908  6080 data_layer.cpp:130] Transform time: 31.258 ms.
I0418 09:45:14.196313  7952 caffe.cpp:314] Batch 5726, accuracy1+2 = 1
I0418 09:45:14.196313  7952 caffe.cpp:314] Batch 5726, accuracy1+2+3 = 1
I0418 09:45:14.321312  6080 data_layer.cpp:128] Prefetch batch: 124 ms.
I0418 09:45:14.321312  6080 data_layer.cpp:129]      Read time: 78.128 ms.
I0418 09:45:14.321312  6080 data_layer.cpp:130] Transform time: 46.871 ms.
I0418 09:45:15.165102  7952 caffe.cpp:314] Batch 5727, accuracy1+2 = 0
I0418 09:45:15.165102  7952 caffe.cpp:314] Batch 5727, accuracy1+2+3 = 0
I0418 09:45:15.274483  6080 data_layer.cpp:128] Prefetch batch: 109 ms.
I0418 09:45:15.274483  6080 data_layer.cpp:129]      Read time: 0 ms.
I0418 09:45:15.274483  6080 data_layer.cpp:130] Transform time: 109.381 ms.
I0418 09:45:16.133891  7952 caffe.cpp:314] Batch 5728, accuracy1+2 = 0
I0418 09:45:16.133891  7952 caffe.cpp:314] Batch 5728, accuracy1+2+3 = 0
I0418 09:45:16.258893  6080 data_layer.cpp:128] Prefetch batch: 125 ms.
I0418 09:45:16.258893  6080 data_layer.cpp:129]      Read time: 93.752 ms.
I0418 09:45:16.258893  6080 data_layer.cpp:130] Transform time: 31.249 ms.
I0418 09:45:17.118307  7952 caffe.cpp:314] Batch 5729, accuracy1+2 = 1
I0418 09:45:17.118307  7952 caffe.cpp:314] Batch 5729, accuracy1+2+3 = 1
I0418 09:45:17.243310  6080 data_layer.cpp:128] Prefetch batch: 125 ms.
I0418 09:45:17.243310  6080 data_layer.cpp:129]      Read time: 78.126 ms.
I0418 09:45:17.243310  6080 data_layer.cpp:130] Transform time: 46.877 ms.
I0418 09:45:18.087087  7952 caffe.cpp:314] Batch 5730, accuracy1+2 = 0
I0418 09:45:18.087087  7952 caffe.cpp:314] Batch 5730, accuracy1+2+3 = 0
I0418 09:45:18.212100  6080 data_layer.cpp:128] Prefetch batch: 125 ms.
I0418 09:45:18.212100  6080 data_layer.cpp:129]      Read time: 93.759 ms.
I0418 09:45:18.212100  6080 data_layer.cpp:130] Transform time: 31.253 ms.
I0418 09:45:19.055876  7952 caffe.cpp:314] Batch 5731, accuracy1+2 = 1
I0418 09:45:19.055876  7952 caffe.cpp:314] Batch 5731, accuracy1+2+3 = 1
I0418 09:45:19.180886  6080 data_layer.cpp:128] Prefetch batch: 125 ms.
I0418 09:45:19.180886  6080 data_layer.cpp:129]      Read time: 93.761 ms.
I0418 09:45:19.180886  6080 data_layer.cpp:130] Transform time: 31.25 ms.
I0418 09:45:20.024665  7952 caffe.cpp:314] Batch 5732, accuracy1+2 = 1
I0418 09:45:20.024665  7952 caffe.cpp:314] Batch 5732, accuracy1+2+3 = 1
I0418 09:45:20.134048  6080 data_layer.cpp:128] Prefetch batch: 109 ms.
I0418 09:45:20.134048  6080 data_layer.cpp:129]      Read time: 0 ms.
I0418 09:45:20.134048  6080 data_layer.cpp:130] Transform time: 109.383 ms.
I0418 09:45:21.009078  7952 caffe.cpp:314] Batch 5733, accuracy1+2 = 1
I0418 09:45:21.009078  7952 caffe.cpp:314] Batch 5733, accuracy1+2+3 = 1
I0418 09:45:21.134086  6080 data_layer.cpp:128] Prefetch batch: 125 ms.
I0418 09:45:21.134086  6080 data_layer.cpp:129]      Read time: 78.125 ms.
I0418 09:45:21.134086  6080 data_layer.cpp:130] Transform time: 46.883 ms.
I0418 09:45:21.977870  7952 caffe.cpp:314] Batch 5734, accuracy1+2 = 1
I0418 09:45:21.977870  7952 caffe.cpp:314] Batch 5734, accuracy1+2+3 = 1
I0418 09:45:22.102874  6080 data_layer.cpp:128] Prefetch batch: 125 ms.
I0418 09:45:22.102874  6080 data_layer.cpp:129]      Read time: 93.749 ms.
I0418 09:45:22.102874  6080 data_layer.cpp:130] Transform time: 31.254 ms.
I0418 09:45:22.946653  7952 caffe.cpp:314] Batch 5735, accuracy1+2 = 1
I0418 09:45:22.946653  7952 caffe.cpp:314] Batch 5735, accuracy1+2+3 = 1
I0418 09:45:23.071661  6080 data_layer.cpp:128] Prefetch batch: 125 ms.
I0418 09:45:23.071661  6080 data_layer.cpp:129]      Read time: 93.759 ms.
I0418 09:45:23.071661  6080 data_layer.cpp:130] Transform time: 31.249 ms.
I0418 09:45:23.931071  7952 caffe.cpp:314] Batch 5736, accuracy1+2 = 0
I0418 09:45:23.931071  7952 caffe.cpp:314] Batch 5736, accuracy1+2+3 = 0
I0418 09:45:24.056079  6080 data_layer.cpp:128] Prefetch batch: 125 ms.
I0418 09:45:24.056079  6080 data_layer.cpp:129]      Read time: 93.75 ms.
I0418 09:45:24.056079  6080 data_layer.cpp:130] Transform time: 31.259 ms.
I0418 09:45:24.899857  7952 caffe.cpp:314] Batch 5737, accuracy1+2 = 1
I0418 09:45:24.899857  7952 caffe.cpp:314] Batch 5737, accuracy1+2+3 = 1
I0418 09:45:25.009237  6080 data_layer.cpp:128] Prefetch batch: 109 ms.
I0418 09:45:25.009237  6080 data_layer.cpp:129]      Read time: 0 ms.
I0418 09:45:25.009237  6080 data_layer.cpp:130] Transform time: 109.38 ms.
I0418 09:45:25.884272  7952 caffe.cpp:314] Batch 5738, accuracy1+2 = 1
I0418 09:45:25.884272  7952 caffe.cpp:314] Batch 5738, accuracy1+2+3 = 1
I0418 09:45:26.009275  6080 data_layer.cpp:128] Prefetch batch: 125 ms.
I0418 09:45:26.009275  6080 data_layer.cpp:129]      Read time: 78.128 ms.
I0418 09:45:26.009275  6080 data_layer.cpp:130] Transform time: 46.875 ms.
I0418 09:45:26.853058  7952 caffe.cpp:314] Batch 5739, accuracy1+2 = 1
I0418 09:45:26.853058  7952 caffe.cpp:314] Batch 5739, accuracy1+2+3 = 1
I0418 09:45:26.978065  6080 data_layer.cpp:128] Prefetch batch: 125 ms.
I0418 09:45:26.978065  6080 data_layer.cpp:129]      Read time: 93.758 ms.
I0418 09:45:26.978065  6080 data_layer.cpp:130] Transform time: 31.248 ms.
I0418 09:45:27.821846  7952 caffe.cpp:314] Batch 5740, accuracy1+2 = 0
I0418 09:45:27.821846  7952 caffe.cpp:314] Batch 5740, accuracy1+2+3 = 0
I0418 09:45:27.946851  6080 data_layer.cpp:128] Prefetch batch: 125 ms.
I0418 09:45:27.946851  6080 data_layer.cpp:129]      Read time: 93.755 ms.
I0418 09:45:27.946851  6080 data_layer.cpp:130] Transform time: 31.25 ms.
I0418 09:45:28.790639  7952 caffe.cpp:314] Batch 5741, accuracy1+2 = 1
I0418 09:45:28.790639  7952 caffe.cpp:314] Batch 5741, accuracy1+2+3 = 1
I0418 09:45:28.915637  6080 data_layer.cpp:128] Prefetch batch: 124 ms.
I0418 09:45:28.915637  6080 data_layer.cpp:129]      Read time: 93.745 ms.
I0418 09:45:28.915637  6080 data_layer.cpp:130] Transform time: 31.253 ms.
I0418 09:45:29.775053  7952 caffe.cpp:314] Batch 5742, accuracy1+2 = 1
I0418 09:45:29.775053  7952 caffe.cpp:314] Batch 5742, accuracy1+2+3 = 1
I0418 09:45:29.900051  6080 data_layer.cpp:128] Prefetch batch: 124 ms.
I0418 09:45:29.900051  6080 data_layer.cpp:129]      Read time: 78.122 ms.
I0418 09:45:29.900051  6080 data_layer.cpp:130] Transform time: 46.877 ms.
I0418 09:45:30.743840  7952 caffe.cpp:314] Batch 5743, accuracy1+2 = 0
I0418 09:45:30.743840  7952 caffe.cpp:314] Batch 5743, accuracy1+2+3 = 0
I0418 09:45:30.853219  6080 data_layer.cpp:128] Prefetch batch: 109 ms.
I0418 09:45:30.853219  6080 data_layer.cpp:129]      Read time: 0 ms.
I0418 09:45:30.853219  6080 data_layer.cpp:130] Transform time: 109.378 ms.
I0418 09:45:31.712625  7952 caffe.cpp:314] Batch 5744, accuracy1+2 = 1
I0418 09:45:31.712625  7952 caffe.cpp:314] Batch 5744, accuracy1+2+3 = 1
I0418 09:45:31.837627  6080 data_layer.cpp:128] Prefetch batch: 125 ms.
I0418 09:45:31.837627  6080 data_layer.cpp:129]      Read time: 93.753 ms.
I0418 09:45:31.837627  6080 data_layer.cpp:130] Transform time: 31.249 ms.
I0418 09:45:32.697041  7952 caffe.cpp:314] Batch 5745, accuracy1+2 = 1
I0418 09:45:32.697041  7952 caffe.cpp:314] Batch 5745, accuracy1+2+3 = 1
I0418 09:45:32.822043  6080 data_layer.cpp:128] Prefetch batch: 125 ms.
I0418 09:45:32.822043  6080 data_layer.cpp:129]      Read time: 78.123 ms.
I0418 09:45:32.822043  6080 data_layer.cpp:130] Transform time: 46.88 ms.
I0418 09:45:33.665824  7952 caffe.cpp:314] Batch 5746, accuracy1+2 = 1
I0418 09:45:33.665824  7952 caffe.cpp:314] Batch 5746, accuracy1+2+3 = 1
I0418 09:45:33.790829  6080 data_layer.cpp:128] Prefetch batch: 125 ms.
I0418 09:45:33.790829  6080 data_layer.cpp:129]      Read time: 93.758 ms.
I0418 09:45:33.790829  6080 data_layer.cpp:130] Transform time: 31.247 ms.
I0418 09:45:34.634611  7952 caffe.cpp:314] Batch 5747, accuracy1+2 = 1
I0418 09:45:34.634611  7952 caffe.cpp:314] Batch 5747, accuracy1+2+3 = 1
I0418 09:45:34.759624  6080 data_layer.cpp:128] Prefetch batch: 125 ms.
I0418 09:45:34.759624  6080 data_layer.cpp:129]      Read time: 93.757 ms.
I0418 09:45:34.759624  6080 data_layer.cpp:130] Transform time: 31.256 ms.
I0418 09:45:35.603406  7952 caffe.cpp:314] Batch 5748, accuracy1+2 = 1
I0418 09:45:35.603406  7952 caffe.cpp:314] Batch 5748, accuracy1+2+3 = 1
I0418 09:45:35.712783  6080 data_layer.cpp:128] Prefetch batch: 109 ms.
I0418 09:45:35.712783  6080 data_layer.cpp:129]      Read time: 0 ms.
I0418 09:45:35.712783  6080 data_layer.cpp:130] Transform time: 109.377 ms.
I0418 09:45:36.587824  7952 caffe.cpp:314] Batch 5749, accuracy1+2 = 0
I0418 09:45:36.587824  7952 caffe.cpp:314] Batch 5749, accuracy1+2+3 = 0
I0418 09:45:36.712823  6080 data_layer.cpp:128] Prefetch batch: 124 ms.
I0418 09:45:36.712823  6080 data_layer.cpp:129]      Read time: 78.119 ms.
I0418 09:45:36.712823  6080 data_layer.cpp:130] Transform time: 31.251 ms.
I0418 09:45:37.556607  7952 caffe.cpp:314] Batch 5750, accuracy1+2 = 0
I0418 09:45:37.556607  7952 caffe.cpp:314] Batch 5750, accuracy1+2+3 = 0
I0418 09:45:37.681607  6080 data_layer.cpp:128] Prefetch batch: 124 ms.
I0418 09:45:37.681607  6080 data_layer.cpp:129]      Read time: 93.754 ms.
I0418 09:45:37.681607  6080 data_layer.cpp:130] Transform time: 31.245 ms.
I0418 09:45:38.525396  7952 caffe.cpp:314] Batch 5751, accuracy1+2 = 1
I0418 09:45:38.525396  7952 caffe.cpp:314] Batch 5751, accuracy1+2+3 = 1
I0418 09:45:38.650398  6080 data_layer.cpp:128] Prefetch batch: 125 ms.
I0418 09:45:38.650398  6080 data_layer.cpp:129]      Read time: 93.753 ms.
I0418 09:45:38.650398  6080 data_layer.cpp:130] Transform time: 31.249 ms.
I0418 09:45:39.509804  7952 caffe.cpp:314] Batch 5752, accuracy1+2 = 1
I0418 09:45:39.509804  7952 caffe.cpp:314] Batch 5752, accuracy1+2+3 = 1
I0418 09:45:39.603555  6080 data_layer.cpp:128] Prefetch batch: 93 ms.
I0418 09:45:39.603555  6080 data_layer.cpp:129]      Read time: 0 ms.
I0418 09:45:39.603555  6080 data_layer.cpp:130] Transform time: 93.752 ms.
I0418 09:45:40.478592  7952 caffe.cpp:314] Batch 5753, accuracy1+2 = 1
I0418 09:45:40.478592  7952 caffe.cpp:314] Batch 5753, accuracy1+2+3 = 1
I0418 09:45:40.603597  6080 data_layer.cpp:128] Prefetch batch: 125 ms.
I0418 09:45:40.603597  6080 data_layer.cpp:129]      Read time: 93.757 ms.
I0418 09:45:40.603597  6080 data_layer.cpp:130] Transform time: 31.248 ms.
I0418 09:45:41.447381  7952 caffe.cpp:314] Batch 5754, accuracy1+2 = 1
I0418 09:45:41.447381  7952 caffe.cpp:314] Batch 5754, accuracy1+2+3 = 1
I0418 09:45:41.572391  6080 data_layer.cpp:128] Prefetch batch: 125 ms.
I0418 09:45:41.572391  6080 data_layer.cpp:129]      Read time: 93.752 ms.
I0418 09:45:41.572391  6080 data_layer.cpp:130] Transform time: 31.258 ms.
I0418 09:45:42.431785  7952 caffe.cpp:314] Batch 5755, accuracy1+2 = 1
I0418 09:45:42.431785  7952 caffe.cpp:314] Batch 5755, accuracy1+2+3 = 1
I0418 09:45:42.556790  6080 data_layer.cpp:128] Prefetch batch: 125 ms.
I0418 09:45:42.556790  6080 data_layer.cpp:129]      Read time: 78.133 ms.
I0418 09:45:42.556790  6080 data_layer.cpp:130] Transform time: 46.872 ms.
I0418 09:45:43.447455  7952 caffe.cpp:314] Batch 5756, accuracy1+2 = 1
I0418 09:45:43.447455  7952 caffe.cpp:314] Batch 5756, accuracy1+2+3 = 1
I0418 09:45:43.572470  6080 data_layer.cpp:128] Prefetch batch: 125 ms.
I0418 09:45:43.572470  6080 data_layer.cpp:129]      Read time: 78.128 ms.
I0418 09:45:43.572470  6080 data_layer.cpp:130] Transform time: 46.887 ms.
I0418 09:45:44.463124  7952 caffe.cpp:314] Batch 5757, accuracy1+2 = 1
I0418 09:45:44.463124  7952 caffe.cpp:314] Batch 5757, accuracy1+2+3 = 1
I0418 09:45:44.588127  6080 data_layer.cpp:128] Prefetch batch: 125 ms.
I0418 09:45:44.588127  6080 data_layer.cpp:129]      Read time: 78.12 ms.
I0418 09:45:44.588127  6080 data_layer.cpp:130] Transform time: 46.884 ms.
I0418 09:45:45.463161  7952 caffe.cpp:314] Batch 5758, accuracy1+2 = 1
I0418 09:45:45.463161  7952 caffe.cpp:314] Batch 5758, accuracy1+2+3 = 1
I0418 09:45:45.588174  6080 data_layer.cpp:128] Prefetch batch: 125 ms.
I0418 09:45:45.588174  6080 data_layer.cpp:129]      Read time: 78.129 ms.
I0418 09:45:45.588174  6080 data_layer.cpp:130] Transform time: 46.884 ms.
I0418 09:45:46.431949  7952 caffe.cpp:314] Batch 5759, accuracy1+2 = 1
I0418 09:45:46.431949  7952 caffe.cpp:314] Batch 5759, accuracy1+2+3 = 1
I0418 09:45:46.541333  6080 data_layer.cpp:128] Prefetch batch: 109 ms.
I0418 09:45:46.541333  6080 data_layer.cpp:129]      Read time: 0 ms.
I0418 09:45:46.541333  6080 data_layer.cpp:130] Transform time: 109.384 ms.
I0418 09:45:47.400738  7952 caffe.cpp:314] Batch 5760, accuracy1+2 = 1
I0418 09:45:47.400738  7952 caffe.cpp:314] Batch 5760, accuracy1+2+3 = 1
I0418 09:45:47.525744  6080 data_layer.cpp:128] Prefetch batch: 125 ms.
I0418 09:45:47.525744  6080 data_layer.cpp:129]      Read time: 93.753 ms.
I0418 09:45:47.525744  6080 data_layer.cpp:130] Transform time: 31.253 ms.
I0418 09:45:48.385151  7952 caffe.cpp:314] Batch 5761, accuracy1+2 = 0
I0418 09:45:48.385151  7952 caffe.cpp:314] Batch 5761, accuracy1+2+3 = 0
I0418 09:45:48.510159  6080 data_layer.cpp:128] Prefetch batch: 125 ms.
I0418 09:45:48.510159  6080 data_layer.cpp:129]      Read time: 78.13 ms.
I0418 09:45:48.510159  6080 data_layer.cpp:130] Transform time: 46.878 ms.
I0418 09:45:49.353946  7952 caffe.cpp:314] Batch 5762, accuracy1+2 = 1
I0418 09:45:49.353946  7952 caffe.cpp:314] Batch 5762, accuracy1+2+3 = 1
I0418 09:45:49.463325  6080 data_layer.cpp:128] Prefetch batch: 109 ms.
I0418 09:45:49.463325  6080 data_layer.cpp:129]      Read time: 0 ms.
I0418 09:45:49.463325  6080 data_layer.cpp:130] Transform time: 109.378 ms.
I0418 09:45:50.322734  7952 caffe.cpp:314] Batch 5763, accuracy1+2 = 1
I0418 09:45:50.322734  7952 caffe.cpp:314] Batch 5763, accuracy1+2+3 = 1
I0418 09:45:50.447734  6080 data_layer.cpp:128] Prefetch batch: 125 ms.
I0418 09:45:50.447734  6080 data_layer.cpp:129]      Read time: 93.75 ms.
I0418 09:45:50.447734  6080 data_layer.cpp:130] Transform time: 31.25 ms.
I0418 09:45:51.291515  7952 caffe.cpp:314] Batch 5764, accuracy1+2 = 1
I0418 09:45:51.291515  7952 caffe.cpp:314] Batch 5764, accuracy1+2+3 = 1
I0418 09:45:51.432148  6080 data_layer.cpp:128] Prefetch batch: 140 ms.
I0418 09:45:51.432148  6080 data_layer.cpp:129]      Read time: 93.756 ms.
I0418 09:45:51.432148  6080 data_layer.cpp:130] Transform time: 46.877 ms.
I0418 09:45:52.275928  7952 caffe.cpp:314] Batch 5765, accuracy1+2 = 1
I0418 09:45:52.275928  7952 caffe.cpp:314] Batch 5765, accuracy1+2+3 = 1
I0418 09:45:52.400938  6080 data_layer.cpp:128] Prefetch batch: 125 ms.
I0418 09:45:52.400938  6080 data_layer.cpp:129]      Read time: 78.135 ms.
I0418 09:45:52.400938  6080 data_layer.cpp:130] Transform time: 46.874 ms.
I0418 09:45:53.244716  7952 caffe.cpp:314] Batch 5766, accuracy1+2 = 1
I0418 09:45:53.244716  7952 caffe.cpp:314] Batch 5766, accuracy1+2+3 = 1
I0418 09:45:53.354099  6080 data_layer.cpp:128] Prefetch batch: 109 ms.
I0418 09:45:53.354099  6080 data_layer.cpp:129]      Read time: 0 ms.
I0418 09:45:53.354099  6080 data_layer.cpp:130] Transform time: 109.383 ms.
I0418 09:45:54.229131  7952 caffe.cpp:314] Batch 5767, accuracy1+2 = 1
I0418 09:45:54.229131  7952 caffe.cpp:314] Batch 5767, accuracy1+2+3 = 1
I0418 09:45:54.354133  6080 data_layer.cpp:128] Prefetch batch: 125 ms.
I0418 09:45:54.354133  6080 data_layer.cpp:129]      Read time: 93.753 ms.
I0418 09:45:54.354133  6080 data_layer.cpp:130] Transform time: 31.249 ms.
I0418 09:45:55.197917  7952 caffe.cpp:314] Batch 5768, accuracy1+2 = 1
I0418 09:45:55.197917  7952 caffe.cpp:314] Batch 5768, accuracy1+2+3 = 1
I0418 09:45:55.322927  6080 data_layer.cpp:128] Prefetch batch: 125 ms.
I0418 09:45:55.322927  6080 data_layer.cpp:129]      Read time: 93.761 ms.
I0418 09:45:55.322927  6080 data_layer.cpp:130] Transform time: 31.249 ms.
I0418 09:45:56.182333  7952 caffe.cpp:314] Batch 5769, accuracy1+2 = 1
I0418 09:45:56.182333  7952 caffe.cpp:314] Batch 5769, accuracy1+2+3 = 1
I0418 09:45:56.307344  6080 data_layer.cpp:128] Prefetch batch: 125 ms.
I0418 09:45:56.307344  6080 data_layer.cpp:129]      Read time: 78.135 ms.
I0418 09:45:56.307344  6080 data_layer.cpp:130] Transform time: 46.876 ms.
I0418 09:45:57.151121  7952 caffe.cpp:314] Batch 5770, accuracy1+2 = 1
I0418 09:45:57.151121  7952 caffe.cpp:314] Batch 5770, accuracy1+2+3 = 1
I0418 09:45:57.244875  6080 data_layer.cpp:128] Prefetch batch: 93 ms.
I0418 09:45:57.244875  6080 data_layer.cpp:129]      Read time: 0 ms.
I0418 09:45:57.244875  6080 data_layer.cpp:130] Transform time: 93.754 ms.
I0418 09:45:58.119910  7952 caffe.cpp:314] Batch 5771, accuracy1+2 = 1
I0418 09:45:58.119910  7952 caffe.cpp:314] Batch 5771, accuracy1+2+3 = 1
I0418 09:45:58.244913  6080 data_layer.cpp:128] Prefetch batch: 125 ms.
I0418 09:45:58.244913  6080 data_layer.cpp:129]      Read time: 93.752 ms.
I0418 09:45:58.244913  6080 data_layer.cpp:130] Transform time: 31.252 ms.
I0418 09:45:59.088698  7952 caffe.cpp:314] Batch 5772, accuracy1+2 = 1
I0418 09:45:59.104326  7952 caffe.cpp:314] Batch 5772, accuracy1+2+3 = 1
I0418 09:45:59.229326  6080 data_layer.cpp:128] Prefetch batch: 125 ms.
I0418 09:45:59.229326  6080 data_layer.cpp:129]      Read time: 78.13 ms.
I0418 09:45:59.229326  6080 data_layer.cpp:130] Transform time: 46.87 ms.
I0418 09:46:00.073113  7952 caffe.cpp:314] Batch 5773, accuracy1+2 = 1
I0418 09:46:00.073113  7952 caffe.cpp:314] Batch 5773, accuracy1+2+3 = 1
I0418 09:46:00.198117  6080 data_layer.cpp:128] Prefetch batch: 125 ms.
I0418 09:46:00.198117  6080 data_layer.cpp:129]      Read time: 78.127 ms.
I0418 09:46:00.198117  6080 data_layer.cpp:130] Transform time: 46.876 ms.
I0418 09:46:01.041903  7952 caffe.cpp:314] Batch 5774, accuracy1+2 = 1
I0418 09:46:01.041903  7952 caffe.cpp:314] Batch 5774, accuracy1+2+3 = 1
I0418 09:46:01.166906  6080 data_layer.cpp:128] Prefetch batch: 125 ms.
I0418 09:46:01.166906  6080 data_layer.cpp:129]      Read time: 93.75 ms.
I0418 09:46:01.166906  6080 data_layer.cpp:130] Transform time: 31.253 ms.
I0418 09:46:02.010692  7952 caffe.cpp:314] Batch 5775, accuracy1+2 = 1
I0418 09:46:02.010692  7952 caffe.cpp:314] Batch 5775, accuracy1+2+3 = 1
I0418 09:46:02.135695  6080 data_layer.cpp:128] Prefetch batch: 125 ms.
I0418 09:46:02.135695  6080 data_layer.cpp:129]      Read time: 93.753 ms.
I0418 09:46:02.135695  6080 data_layer.cpp:130] Transform time: 31.25 ms.
I0418 09:46:02.995106  7952 caffe.cpp:314] Batch 5776, accuracy1+2 = 1
I0418 09:46:02.995106  7952 caffe.cpp:314] Batch 5776, accuracy1+2+3 = 1
I0418 09:46:03.088857  6080 data_layer.cpp:128] Prefetch batch: 93 ms.
I0418 09:46:03.088857  6080 data_layer.cpp:129]      Read time: 0 ms.
I0418 09:46:03.088857  6080 data_layer.cpp:130] Transform time: 93.751 ms.
I0418 09:46:03.963887  7952 caffe.cpp:314] Batch 5777, accuracy1+2 = 1
I0418 09:46:03.963887  7952 caffe.cpp:314] Batch 5777, accuracy1+2+3 = 1
I0418 09:46:04.088897  6080 data_layer.cpp:128] Prefetch batch: 125 ms.
I0418 09:46:04.088897  6080 data_layer.cpp:129]      Read time: 93.758 ms.
I0418 09:46:04.088897  6080 data_layer.cpp:130] Transform time: 31.252 ms.
I0418 09:46:04.932674  7952 caffe.cpp:314] Batch 5778, accuracy1+2 = 1
I0418 09:46:04.932674  7952 caffe.cpp:314] Batch 5778, accuracy1+2+3 = 1
I0418 09:46:05.057696  6080 data_layer.cpp:128] Prefetch batch: 125 ms.
I0418 09:46:05.057696  6080 data_layer.cpp:129]      Read time: 93.757 ms.
I0418 09:46:05.057696  6080 data_layer.cpp:130] Transform time: 31.265 ms.
I0418 09:46:05.901468  7952 caffe.cpp:314] Batch 5779, accuracy1+2 = 1
I0418 09:46:05.901468  7952 caffe.cpp:314] Batch 5779, accuracy1+2+3 = 1
I0418 09:46:06.026469  6080 data_layer.cpp:128] Prefetch batch: 125 ms.
I0418 09:46:06.026469  6080 data_layer.cpp:129]      Read time: 93.748 ms.
I0418 09:46:06.042098  6080 data_layer.cpp:130] Transform time: 31.253 ms.
I0418 09:46:06.885881  7952 caffe.cpp:314] Batch 5780, accuracy1+2 = 0
I0418 09:46:06.885881  7952 caffe.cpp:314] Batch 5780, accuracy1+2+3 = 0
I0418 09:46:07.010884  6080 data_layer.cpp:128] Prefetch batch: 125 ms.
I0418 09:46:07.010884  6080 data_layer.cpp:129]      Read time: 78.127 ms.
I0418 09:46:07.010884  6080 data_layer.cpp:130] Transform time: 46.875 ms.
I0418 09:46:07.854665  7952 caffe.cpp:314] Batch 5781, accuracy1+2 = 1
I0418 09:46:07.854665  7952 caffe.cpp:314] Batch 5781, accuracy1+2+3 = 1
I0418 09:46:07.979671  6080 data_layer.cpp:128] Prefetch batch: 125 ms.
I0418 09:46:07.979671  6080 data_layer.cpp:129]      Read time: 93.759 ms.
I0418 09:46:07.979671  6080 data_layer.cpp:130] Transform time: 31.248 ms.
I0418 09:46:08.823451  7952 caffe.cpp:314] Batch 5782, accuracy1+2 = 1
I0418 09:46:08.823451  7952 caffe.cpp:314] Batch 5782, accuracy1+2+3 = 1
I0418 09:46:08.932832  6080 data_layer.cpp:128] Prefetch batch: 109 ms.
I0418 09:46:08.932832  6080 data_layer.cpp:129]      Read time: 0 ms.
I0418 09:46:08.932832  6080 data_layer.cpp:130] Transform time: 109.382 ms.
I0418 09:46:09.792248  7952 caffe.cpp:314] Batch 5783, accuracy1+2 = 1
I0418 09:46:09.792248  7952 caffe.cpp:314] Batch 5783, accuracy1+2+3 = 1
I0418 09:46:09.917249  6080 data_layer.cpp:128] Prefetch batch: 125 ms.
I0418 09:46:09.917249  6080 data_layer.cpp:129]      Read time: 93.748 ms.
I0418 09:46:09.917249  6080 data_layer.cpp:130] Transform time: 31.254 ms.
I0418 09:46:10.761029  7952 caffe.cpp:314] Batch 5784, accuracy1+2 = 1
I0418 09:46:10.761029  7952 caffe.cpp:314] Batch 5784, accuracy1+2+3 = 1
I0418 09:46:10.901660  6080 data_layer.cpp:128] Prefetch batch: 140 ms.
I0418 09:46:10.901660  6080 data_layer.cpp:129]      Read time: 93.759 ms.
I0418 09:46:10.901660  6080 data_layer.cpp:130] Transform time: 46.872 ms.
I0418 09:46:11.745441  7952 caffe.cpp:314] Batch 5785, accuracy1+2 = 1
I0418 09:46:11.745441  7952 caffe.cpp:314] Batch 5785, accuracy1+2+3 = 1
I0418 09:46:11.870450  6080 data_layer.cpp:128] Prefetch batch: 125 ms.
I0418 09:46:11.870450  6080 data_layer.cpp:129]      Read time: 93.761 ms.
I0418 09:46:11.870450  6080 data_layer.cpp:130] Transform time: 31.247 ms.
I0418 09:46:12.714228  7952 caffe.cpp:314] Batch 5786, accuracy1+2 = 1
I0418 09:46:12.714228  7952 caffe.cpp:314] Batch 5786, accuracy1+2+3 = 1
I0418 09:46:12.823614  6080 data_layer.cpp:128] Prefetch batch: 109 ms.
I0418 09:46:12.823614  6080 data_layer.cpp:129]      Read time: 0 ms.
I0418 09:46:12.823614  6080 data_layer.cpp:130] Transform time: 109.386 ms.
I0418 09:46:13.698648  7952 caffe.cpp:314] Batch 5787, accuracy1+2 = 1
I0418 09:46:13.698648  7952 caffe.cpp:314] Batch 5787, accuracy1+2+3 = 1
I0418 09:46:13.823652  6080 data_layer.cpp:128] Prefetch batch: 125 ms.
I0418 09:46:13.823652  6080 data_layer.cpp:129]      Read time: 78.128 ms.
I0418 09:46:13.823652  6080 data_layer.cpp:130] Transform time: 46.875 ms.
I0418 09:46:14.667438  7952 caffe.cpp:314] Batch 5788, accuracy1+2 = 1
I0418 09:46:14.667438  7952 caffe.cpp:314] Batch 5788, accuracy1+2+3 = 1
I0418 09:46:14.808065  6080 data_layer.cpp:128] Prefetch batch: 140 ms.
I0418 09:46:14.808065  6080 data_layer.cpp:129]      Read time: 109.376 ms.
I0418 09:46:14.808065  6080 data_layer.cpp:130] Transform time: 31.252 ms.
I0418 09:46:15.636227  7952 caffe.cpp:314] Batch 5789, accuracy1+2 = 1
I0418 09:46:15.636227  7952 caffe.cpp:314] Batch 5789, accuracy1+2+3 = 1
I0418 09:46:15.776851  6080 data_layer.cpp:73] Restarting data prefetching from start.
I0418 09:46:15.776851  6080 data_layer.cpp:128] Prefetch batch: 140 ms.
I0418 09:46:15.776851  6080 data_layer.cpp:129]      Read time: 78.122 ms.
I0418 09:46:15.776851  6080 data_layer.cpp:130] Transform time: 62.502 ms.
I0418 09:46:16.620638  7952 caffe.cpp:314] Batch 5790, accuracy1+2 = 1
I0418 09:46:16.620638  7952 caffe.cpp:314] Batch 5790, accuracy1+2+3 = 1
I0418 09:46:16.730020  6080 data_layer.cpp:128] Prefetch batch: 109 ms.
I0418 09:46:16.730020  6080 data_layer.cpp:129]      Read time: 0 ms.
I0418 09:46:16.730020  6080 data_layer.cpp:130] Transform time: 109.382 ms.
I0418 09:46:17.589426  7952 caffe.cpp:314] Batch 5791, accuracy1+2 = 1
I0418 09:46:17.589426  7952 caffe.cpp:314] Batch 5791, accuracy1+2+3 = 1
I0418 09:46:17.698803  6080 data_layer.cpp:128] Prefetch batch: 109 ms.
I0418 09:46:17.698803  6080 data_layer.cpp:129]      Read time: 0 ms.
I0418 09:46:17.698803  6080 data_layer.cpp:130] Transform time: 109.378 ms.
I0418 09:46:18.558212  7952 caffe.cpp:314] Batch 5792, accuracy1+2 = 1
I0418 09:46:18.558212  7952 caffe.cpp:314] Batch 5792, accuracy1+2+3 = 1
I0418 09:46:18.667598  6080 data_layer.cpp:128] Prefetch batch: 109 ms.
I0418 09:46:18.667598  6080 data_layer.cpp:129]      Read time: 0 ms.
I0418 09:46:18.667598  6080 data_layer.cpp:130] Transform time: 109.385 ms.
I0418 09:46:19.542631  7952 caffe.cpp:314] Batch 5793, accuracy1+2 = 1
I0418 09:46:19.542631  7952 caffe.cpp:314] Batch 5793, accuracy1+2+3 = 1
I0418 09:46:19.542631  7952 caffe.cpp:319] Loss: 0
I0418 09:46:19.542631  7952 caffe.cpp:331] accuracy1+2 = 0.85019
I0418 09:46:19.542631  7952 caffe.cpp:331] accuracy1+2+3 = 0.853124
